Input directory: ../../../../CESM-ICE-MODELS/4/log_normalized/
Output directory: ../../../../CESM-ICE-MODELS/4/log_normalized/SZ3_1e-9
Dimensions: 384x320
Error bound: 1e-9

Found 130 .dat file(s) to process

[1/130] Processing: aeroiceint001_1_384_320.dat
compression ratio = 59.74 
compression time = 0.011091
compressed data file = ../../../../CESM-ICE-MODELS/4/log_normalized/aeroiceint001_1_384_320.dat.sz.tmp
compression ratio = 59.737482
decompression time = 0.005670 seconds.
decompressed file = ../../../../CESM-ICE-MODELS/4/log_normalized/SZ3_1e-9/aeroiceint001_1_384_320.dat.SZ3.out
  ✓ Compression successful (ratio: 1.00x)

[2/130] Processing: aeroiceint002_1_384_320.dat
compression ratio = 59.74 
compression time = 0.012017
compressed data file = ../../../../CESM-ICE-MODELS/4/log_normalized/aeroiceint002_1_384_320.dat.sz.tmp
compression ratio = 59.737482
decompression time = 0.005972 seconds.
decompressed file = ../../../../CESM-ICE-MODELS/4/log_normalized/SZ3_1e-9/aeroiceint002_1_384_320.dat.SZ3.out
  ✓ Compression successful (ratio: 1.00x)

[3/130] Processing: aeroiceint003_1_384_320.dat
compression ratio = 59.74 
compression time = 0.011804
compressed data file = ../../../../CESM-ICE-MODELS/4/log_normalized/aeroiceint003_1_384_320.dat.sz.tmp
compression ratio = 59.737482
decompression time = 0.005974 seconds.
decompressed file = ../../../../CESM-ICE-MODELS/4/log_normalized/SZ3_1e-9/aeroiceint003_1_384_320.dat.SZ3.out
  ✓ Compression successful (ratio: 1.00x)

[4/130] Processing: aeroicessl001_1_384_320.dat
compression ratio = 59.74 
compression time = 0.012214
compressed data file = ../../../../CESM-ICE-MODELS/4/log_normalized/aeroicessl001_1_384_320.dat.sz.tmp
compression ratio = 59.737482
decompression time = 0.006263 seconds.
decompressed file = ../../../../CESM-ICE-MODELS/4/log_normalized/SZ3_1e-9/aeroicessl001_1_384_320.dat.SZ3.out
  ✓ Compression successful (ratio: 1.00x)

[5/130] Processing: aeroicessl002_1_384_320.dat
compression ratio = 59.74 
compression time = 0.011955
compressed data file = ../../../../CESM-ICE-MODELS/4/log_normalized/aeroicessl002_1_384_320.dat.sz.tmp
compression ratio = 59.737482
decompression time = 0.006356 seconds.
decompressed file = ../../../../CESM-ICE-MODELS/4/log_normalized/SZ3_1e-9/aeroicessl002_1_384_320.dat.SZ3.out
  ✓ Compression successful (ratio: 1.00x)

[6/130] Processing: aeroicessl003_1_384_320.dat
compression ratio = 59.74 
compression time = 0.011877
compressed data file = ../../../../CESM-ICE-MODELS/4/log_normalized/aeroicessl003_1_384_320.dat.sz.tmp
compression ratio = 59.737482
decompression time = 0.006226 seconds.
decompressed file = ../../../../CESM-ICE-MODELS/4/log_normalized/SZ3_1e-9/aeroicessl003_1_384_320.dat.SZ3.out
  ✓ Compression successful (ratio: 1.00x)

[7/130] Processing: aerosnoint001_1_384_320.dat
compression ratio = 59.74 
compression time = 0.011853
compressed data file = ../../../../CESM-ICE-MODELS/4/log_normalized/aerosnoint001_1_384_320.dat.sz.tmp
compression ratio = 59.737482
decompression time = 0.006268 seconds.
decompressed file = ../../../../CESM-ICE-MODELS/4/log_normalized/SZ3_1e-9/aerosnoint001_1_384_320.dat.SZ3.out
  ✓ Compression successful (ratio: 1.00x)

[8/130] Processing: aerosnoint002_1_384_320.dat
compression ratio = 59.74 
compression time = 0.011901
compressed data file = ../../../../CESM-ICE-MODELS/4/log_normalized/aerosnoint002_1_384_320.dat.sz.tmp
compression ratio = 59.737482
decompression time = 0.006425 seconds.
decompressed file = ../../../../CESM-ICE-MODELS/4/log_normalized/SZ3_1e-9/aerosnoint002_1_384_320.dat.SZ3.out
  ✓ Compression successful (ratio: 1.00x)

[9/130] Processing: aerosnoint003_1_384_320.dat
compression ratio = 49.06 
compression time = 0.012072
compressed data file = ../../../../CESM-ICE-MODELS/4/log_normalized/aerosnoint003_1_384_320.dat.sz.tmp
compression ratio = 49.063685
decompression time = 0.006409 seconds.
decompressed file = ../../../../CESM-ICE-MODELS/4/log_normalized/SZ3_1e-9/aerosnoint003_1_384_320.dat.SZ3.out
  ✓ Compression successful (ratio: 1.00x)

[10/130] Processing: aerosnossl001_1_384_320.dat
compression ratio = 59.74 
compression time = 0.012302
compressed data file = ../../../../CESM-ICE-MODELS/4/log_normalized/aerosnossl001_1_384_320.dat.sz.tmp
compression ratio = 59.737482
decompression time = 0.006182 seconds.
decompressed file = ../../../../CESM-ICE-MODELS/4/log_normalized/SZ3_1e-9/aerosnossl001_1_384_320.dat.SZ3.out
  ✓ Compression successful (ratio: 1.00x)

[11/130] Processing: aerosnossl002_1_384_320.dat
compression ratio = 59.74 
compression time = 0.011627
compressed data file = ../../../../CESM-ICE-MODELS/4/log_normalized/aerosnossl002_1_384_320.dat.sz.tmp
compression ratio = 59.737482
decompression time = 0.006233 seconds.
decompressed file = ../../../../CESM-ICE-MODELS/4/log_normalized/SZ3_1e-9/aerosnossl002_1_384_320.dat.SZ3.out
  ✓ Compression successful (ratio: 1.00x)

[12/130] Processing: aerosnossl003_1_384_320.dat
compression ratio = 45.22 
compression time = 0.012106
compressed data file = ../../../../CESM-ICE-MODELS/4/log_normalized/aerosnossl003_1_384_320.dat.sz.tmp
compression ratio = 45.218031
decompression time = 0.005759 seconds.
decompressed file = ../../../../CESM-ICE-MODELS/4/log_normalized/SZ3_1e-9/aerosnossl003_1_384_320.dat.SZ3.out
  ✓ Compression successful (ratio: 1.00x)

[13/130] Processing: aice_1_384_320.dat
compression ratio = 6.90 
compression time = 0.014436
compressed data file = ../../../../CESM-ICE-MODELS/4/log_normalized/aice_1_384_320.dat.sz.tmp
compression ratio = 6.897461
decompression time = 0.006487 seconds.
decompressed file = ../../../../CESM-ICE-MODELS/4/log_normalized/SZ3_1e-9/aice_1_384_320.dat.SZ3.out
  ✓ Compression successful (ratio: 1.00x)

[14/130] Processing: aicen001_1_384_320.dat
compression ratio = 5.57 
compression time = 0.011985
compressed data file = ../../../../CESM-ICE-MODELS/4/log_normalized/aicen001_1_384_320.dat.sz.tmp
compression ratio = 5.568054
decompression time = 0.002657 seconds.
decompressed file = ../../../../CESM-ICE-MODELS/4/log_normalized/SZ3_1e-9/aicen001_1_384_320.dat.SZ3.out
  ✓ Compression successful (ratio: 1.00x)

[15/130] Processing: aicen002_1_384_320.dat
compression ratio = 5.55 
compression time = 0.011937
compressed data file = ../../../../CESM-ICE-MODELS/4/log_normalized/aicen002_1_384_320.dat.sz.tmp
compression ratio = 5.548757
decompression time = 0.002721 seconds.
decompressed file = ../../../../CESM-ICE-MODELS/4/log_normalized/SZ3_1e-9/aicen002_1_384_320.dat.SZ3.out
  ✓ Compression successful (ratio: 1.00x)

[16/130] Processing: aicen003_1_384_320.dat
compression ratio = 5.48 
compression time = 0.011091
compressed data file = ../../../../CESM-ICE-MODELS/4/log_normalized/aicen003_1_384_320.dat.sz.tmp
compression ratio = 5.476851
decompression time = 0.002657 seconds.
decompressed file = ../../../../CESM-ICE-MODELS/4/log_normalized/SZ3_1e-9/aicen003_1_384_320.dat.SZ3.out
  ✓ Compression successful (ratio: 1.00x)

[17/130] Processing: aicen004_1_384_320.dat
compression ratio = 6.79 
compression time = 0.015168
compressed data file = ../../../../CESM-ICE-MODELS/4/log_normalized/aicen004_1_384_320.dat.sz.tmp
compression ratio = 6.790545
decompression time = 0.006351 seconds.
decompressed file = ../../../../CESM-ICE-MODELS/4/log_normalized/SZ3_1e-9/aicen004_1_384_320.dat.SZ3.out
  ✓ Compression successful (ratio: 1.00x)

[18/130] Processing: aicen005_1_384_320.dat
compression ratio = 6.70 
compression time = 0.015623
compressed data file = ../../../../CESM-ICE-MODELS/4/log_normalized/aicen005_1_384_320.dat.sz.tmp
compression ratio = 6.699378
decompression time = 0.006099 seconds.
decompressed file = ../../../../CESM-ICE-MODELS/4/log_normalized/SZ3_1e-9/aicen005_1_384_320.dat.SZ3.out
  ✓ Compression successful (ratio: 1.00x)

[19/130] Processing: aisnap_1_384_320.dat
compression ratio = 5.86 
compression time = 0.015760
compressed data file = ../../../../CESM-ICE-MODELS/4/log_normalized/aisnap_1_384_320.dat.sz.tmp
compression ratio = 5.861477
decompression time = 0.006640 seconds.
decompressed file = ../../../../CESM-ICE-MODELS/4/log_normalized/SZ3_1e-9/aisnap_1_384_320.dat.SZ3.out
  ✓ Compression successful (ratio: 1.00x)

[20/130] Processing: albice_1_384_320.dat
compression ratio = 12.15 
compression time = 0.014133
compressed data file = ../../../../CESM-ICE-MODELS/4/log_normalized/albice_1_384_320.dat.sz.tmp
compression ratio = 12.151899
decompression time = 0.007512 seconds.
decompressed file = ../../../../CESM-ICE-MODELS/4/log_normalized/SZ3_1e-9/albice_1_384_320.dat.SZ3.out
  ✓ Compression successful (ratio: 1.00x)

[21/130] Processing: albpnd_1_384_320.dat
compression ratio = 14.50 
compression time = 0.014107
compressed data file = ../../../../CESM-ICE-MODELS/4/log_normalized/albpnd_1_384_320.dat.sz.tmp
compression ratio = 14.501254
decompression time = 0.006537 seconds.
decompressed file = ../../../../CESM-ICE-MODELS/4/log_normalized/SZ3_1e-9/albpnd_1_384_320.dat.SZ3.out
  ✓ Compression successful (ratio: 1.00x)

[22/130] Processing: albsno_1_384_320.dat
compression ratio = 7.63 
compression time = 0.009985
compressed data file = ../../../../CESM-ICE-MODELS/4/log_normalized/albsno_1_384_320.dat.sz.tmp
compression ratio = 7.629100
decompression time = 0.003069 seconds.
decompressed file = ../../../../CESM-ICE-MODELS/4/log_normalized/SZ3_1e-9/albsno_1_384_320.dat.SZ3.out
  ✓ Compression successful (ratio: 1.00x)

[23/130] Processing: alidr_1_384_320.dat
compression ratio = 10.59 
compression time = 0.013975
compressed data file = ../../../../CESM-ICE-MODELS/4/log_normalized/alidr_1_384_320.dat.sz.tmp
compression ratio = 10.588539
decompression time = 0.006195 seconds.
decompressed file = ../../../../CESM-ICE-MODELS/4/log_normalized/SZ3_1e-9/alidr_1_384_320.dat.SZ3.out
  ✓ Compression successful (ratio: 1.00x)

[24/130] Processing: alvdr_1_384_320.dat
compression ratio = 9.96 
compression time = 0.013414
compressed data file = ../../../../CESM-ICE-MODELS/4/log_normalized/alvdr_1_384_320.dat.sz.tmp
compression ratio = 9.962301
decompression time = 0.006355 seconds.
decompressed file = ../../../../CESM-ICE-MODELS/4/log_normalized/SZ3_1e-9/alvdr_1_384_320.dat.SZ3.out
  ✓ Compression successful (ratio: 1.00x)

[25/130] Processing: ANGLE_384_320.dat
compression ratio = 4.77 
compression time = 0.011170
compressed data file = ../../../../CESM-ICE-MODELS/4/log_normalized/ANGLE_384_320.dat.sz.tmp
compression ratio = 4.774728
decompression time = 0.002646 seconds.
decompressed file = ../../../../CESM-ICE-MODELS/4/log_normalized/SZ3_1e-9/ANGLE_384_320.dat.SZ3.out
  ✓ Compression successful (ratio: 1.00x)

[26/130] Processing: ANGLET_384_320.dat
compression ratio = 4.82 
compression time = 0.013220
compressed data file = ../../../../CESM-ICE-MODELS/4/log_normalized/ANGLET_384_320.dat.sz.tmp
compression ratio = 4.824310
decompression time = 0.003240 seconds.
decompressed file = ../../../../CESM-ICE-MODELS/4/log_normalized/SZ3_1e-9/ANGLET_384_320.dat.SZ3.out
  ✓ Compression successful (ratio: 1.00x)

[27/130] Processing: apond001_1_384_320.dat
compression ratio = 9.38 
compression time = 0.015798
compressed data file = ../../../../CESM-ICE-MODELS/4/log_normalized/apond001_1_384_320.dat.sz.tmp
compression ratio = 9.377826
decompression time = 0.007452 seconds.
decompressed file = ../../../../CESM-ICE-MODELS/4/log_normalized/SZ3_1e-9/apond001_1_384_320.dat.SZ3.out
  ✓ Compression successful (ratio: 1.00x)

[28/130] Processing: apond002_1_384_320.dat
compression ratio = 6.60 
compression time = 0.010280
compressed data file = ../../../../CESM-ICE-MODELS/4/log_normalized/apond002_1_384_320.dat.sz.tmp
compression ratio = 6.598647
decompression time = 0.002398 seconds.
decompressed file = ../../../../CESM-ICE-MODELS/4/log_normalized/SZ3_1e-9/apond002_1_384_320.dat.SZ3.out
  ✓ Compression successful (ratio: 1.00x)

[29/130] Processing: apond003_1_384_320.dat
compression ratio = 7.99 
compression time = 0.009961
compressed data file = ../../../../CESM-ICE-MODELS/4/log_normalized/apond003_1_384_320.dat.sz.tmp
compression ratio = 7.994665
decompression time = 0.002358 seconds.
decompressed file = ../../../../CESM-ICE-MODELS/4/log_normalized/SZ3_1e-9/apond003_1_384_320.dat.SZ3.out
  ✓ Compression successful (ratio: 1.00x)

[30/130] Processing: apond004_1_384_320.dat
compression ratio = 9.08 
compression time = 0.009123
compressed data file = ../../../../CESM-ICE-MODELS/4/log_normalized/apond004_1_384_320.dat.sz.tmp
compression ratio = 9.083886
decompression time = 0.002586 seconds.
decompressed file = ../../../../CESM-ICE-MODELS/4/log_normalized/SZ3_1e-9/apond004_1_384_320.dat.SZ3.out
  ✓ Compression successful (ratio: 1.00x)

[31/130] Processing: apond005_1_384_320.dat
compression ratio = 10.32 
compression time = 0.009149
compressed data file = ../../../../CESM-ICE-MODELS/4/log_normalized/apond005_1_384_320.dat.sz.tmp
compression ratio = 10.318463
decompression time = 0.002194 seconds.
decompressed file = ../../../../CESM-ICE-MODELS/4/log_normalized/SZ3_1e-9/apond005_1_384_320.dat.SZ3.out
  ✓ Compression successful (ratio: 1.00x)

[32/130] Processing: congel_1_384_320.dat
compression ratio = 11.65 
compression time = 0.013055
compressed data file = ../../../../CESM-ICE-MODELS/4/log_normalized/congel_1_384_320.dat.sz.tmp
compression ratio = 11.651811
decompression time = 0.006111 seconds.
decompressed file = ../../../../CESM-ICE-MODELS/4/log_normalized/SZ3_1e-9/congel_1_384_320.dat.SZ3.out
  ✓ Compression successful (ratio: 1.00x)

[33/130] Processing: coszen_1_384_320.dat
compression ratio = 2.68 
compression time = 0.014563
compressed data file = ../../../../CESM-ICE-MODELS/4/log_normalized/coszen_1_384_320.dat.sz.tmp
compression ratio = 2.680336
decompression time = 0.003442 seconds.
decompressed file = ../../../../CESM-ICE-MODELS/4/log_normalized/SZ3_1e-9/coszen_1_384_320.dat.SZ3.out
  ✓ Compression successful (ratio: 1.00x)

[34/130] Processing: daidtd_1_384_320.dat
compression ratio = 5.18 
compression time = 0.009990
compressed data file = ../../../../CESM-ICE-MODELS/4/log_normalized/daidtd_1_384_320.dat.sz.tmp
compression ratio = 5.184154
decompression time = 0.002640 seconds.
decompressed file = ../../../../CESM-ICE-MODELS/4/log_normalized/SZ3_1e-9/daidtd_1_384_320.dat.SZ3.out
  ✓ Compression successful (ratio: 1.00x)

[35/130] Processing: daidtt_1_384_320.dat
compression ratio = 5.33 
compression time = 0.010988
compressed data file = ../../../../CESM-ICE-MODELS/4/log_normalized/daidtt_1_384_320.dat.sz.tmp
compression ratio = 5.332118
decompression time = 0.002688 seconds.
decompressed file = ../../../../CESM-ICE-MODELS/4/log_normalized/SZ3_1e-9/daidtt_1_384_320.dat.SZ3.out
  ✓ Compression successful (ratio: 1.00x)

[36/130] Processing: dardg1dt_1_384_320.dat
compression ratio = 5.60 
compression time = 0.015322
compressed data file = ../../../../CESM-ICE-MODELS/4/log_normalized/dardg1dt_1_384_320.dat.sz.tmp
compression ratio = 5.604817
decompression time = 0.007575 seconds.
decompressed file = ../../../../CESM-ICE-MODELS/4/log_normalized/SZ3_1e-9/dardg1dt_1_384_320.dat.SZ3.out
  ✓ Compression successful (ratio: 1.00x)

[37/130] Processing: dardg2dt_1_384_320.dat
compression ratio = 6.37 
compression time = 0.014989
compressed data file = ../../../../CESM-ICE-MODELS/4/log_normalized/dardg2dt_1_384_320.dat.sz.tmp
compression ratio = 6.374932
decompression time = 0.006669 seconds.
decompressed file = ../../../../CESM-ICE-MODELS/4/log_normalized/SZ3_1e-9/dardg2dt_1_384_320.dat.SZ3.out
  ✓ Compression successful (ratio: 1.00x)

[38/130] Processing: divu_1_384_320.dat
compression ratio = 6.24 
compression time = 0.015976
compressed data file = ../../../../CESM-ICE-MODELS/4/log_normalized/divu_1_384_320.dat.sz.tmp
compression ratio = 6.238989
decompression time = 0.006487 seconds.
decompressed file = ../../../../CESM-ICE-MODELS/4/log_normalized/SZ3_1e-9/divu_1_384_320.dat.SZ3.out
  ✓ Compression successful (ratio: 1.00x)

[39/130] Processing: dvidtd_1_384_320.dat
compression ratio = 5.18 
compression time = 0.011346
compressed data file = ../../../../CESM-ICE-MODELS/4/log_normalized/dvidtd_1_384_320.dat.sz.tmp
compression ratio = 5.179238
decompression time = 0.002857 seconds.
decompressed file = ../../../../CESM-ICE-MODELS/4/log_normalized/SZ3_1e-9/dvidtd_1_384_320.dat.SZ3.out
  ✓ Compression successful (ratio: 1.00x)

[40/130] Processing: dvidtt_1_384_320.dat
compression ratio = 5.18 
compression time = 0.013569
compressed data file = ../../../../CESM-ICE-MODELS/4/log_normalized/dvidtt_1_384_320.dat.sz.tmp
compression ratio = 5.181476
decompression time = 0.002666 seconds.
decompressed file = ../../../../CESM-ICE-MODELS/4/log_normalized/SZ3_1e-9/dvidtt_1_384_320.dat.SZ3.out
  ✓ Compression successful (ratio: 1.00x)

[41/130] Processing: dvirdgdt_1_384_320.dat
compression ratio = 5.26 
compression time = 0.016613
compressed data file = ../../../../CESM-ICE-MODELS/4/log_normalized/dvirdgdt_1_384_320.dat.sz.tmp
compression ratio = 5.261569
decompression time = 0.006953 seconds.
decompressed file = ../../../../CESM-ICE-MODELS/4/log_normalized/SZ3_1e-9/dvirdgdt_1_384_320.dat.SZ3.out
  ✓ Compression successful (ratio: 1.00x)

[42/130] Processing: dxt_384_320.dat
compression ratio = 4.52 
compression time = 0.010629
compressed data file = ../../../../CESM-ICE-MODELS/4/log_normalized/dxt_384_320.dat.sz.tmp
compression ratio = 4.524384
decompression time = 0.003107 seconds.
decompressed file = ../../../../CESM-ICE-MODELS/4/log_normalized/SZ3_1e-9/dxt_384_320.dat.SZ3.out
  ✓ Compression successful (ratio: 1.00x)

[43/130] Processing: dxu_384_320.dat
compression ratio = 4.75 
compression time = 0.011024
compressed data file = ../../../../CESM-ICE-MODELS/4/log_normalized/dxu_384_320.dat.sz.tmp
compression ratio = 4.753211
decompression time = 0.003148 seconds.
decompressed file = ../../../../CESM-ICE-MODELS/4/log_normalized/SZ3_1e-9/dxu_384_320.dat.SZ3.out
  ✓ Compression successful (ratio: 1.00x)

[44/130] Processing: dyt_384_320.dat
compression ratio = 4.67 
compression time = 0.010679
compressed data file = ../../../../CESM-ICE-MODELS/4/log_normalized/dyt_384_320.dat.sz.tmp
compression ratio = 4.667984
decompression time = 0.002633 seconds.
decompressed file = ../../../../CESM-ICE-MODELS/4/log_normalized/SZ3_1e-9/dyt_384_320.dat.SZ3.out
  ✓ Compression successful (ratio: 1.00x)

[45/130] Processing: dyu_384_320.dat
compression ratio = 5.02 
compression time = 0.010705
compressed data file = ../../../../CESM-ICE-MODELS/4/log_normalized/dyu_384_320.dat.sz.tmp
compression ratio = 5.017302
decompression time = 0.002579 seconds.
decompressed file = ../../../../CESM-ICE-MODELS/4/log_normalized/SZ3_1e-9/dyu_384_320.dat.SZ3.out
  ✓ Compression successful (ratio: 1.00x)

[46/130] Processing: evap_1_384_320.dat
compression ratio = 4.53 
compression time = 0.014283
compressed data file = ../../../../CESM-ICE-MODELS/4/log_normalized/evap_1_384_320.dat.sz.tmp
compression ratio = 4.532770
decompression time = 0.003112 seconds.
decompressed file = ../../../../CESM-ICE-MODELS/4/log_normalized/SZ3_1e-9/evap_1_384_320.dat.SZ3.out
  ✓ Compression successful (ratio: 1.00x)

[47/130] Processing: evap_ai_1_384_320.dat
compression ratio = 4.93 
compression time = 0.010082
compressed data file = ../../../../CESM-ICE-MODELS/4/log_normalized/evap_ai_1_384_320.dat.sz.tmp
compression ratio = 4.934940
decompression time = 0.002965 seconds.
decompressed file = ../../../../CESM-ICE-MODELS/4/log_normalized/SZ3_1e-9/evap_ai_1_384_320.dat.SZ3.out
  ✓ Compression successful (ratio: 1.00x)

[48/130] Processing: faero_atm001_1_384_320.dat
compression ratio = 59.74 
compression time = 0.011681
compressed data file = ../../../../CESM-ICE-MODELS/4/log_normalized/faero_atm001_1_384_320.dat.sz.tmp
compression ratio = 59.737482
decompression time = 0.006235 seconds.
decompressed file = ../../../../CESM-ICE-MODELS/4/log_normalized/SZ3_1e-9/faero_atm001_1_384_320.dat.SZ3.out
  ✓ Compression successful (ratio: 1.00x)

[49/130] Processing: faero_atm002_1_384_320.dat
compression ratio = 59.74 
compression time = 0.011804
compressed data file = ../../../../CESM-ICE-MODELS/4/log_normalized/faero_atm002_1_384_320.dat.sz.tmp
compression ratio = 59.737482
decompression time = 0.005960 seconds.
decompressed file = ../../../../CESM-ICE-MODELS/4/log_normalized/SZ3_1e-9/faero_atm002_1_384_320.dat.SZ3.out
  ✓ Compression successful (ratio: 1.00x)

[50/130] Processing: faero_atm003_1_384_320.dat
compression ratio = 59.74 
compression time = 0.011952
compressed data file = ../../../../CESM-ICE-MODELS/4/log_normalized/faero_atm003_1_384_320.dat.sz.tmp
compression ratio = 59.737482
decompression time = 0.006014 seconds.
decompressed file = ../../../../CESM-ICE-MODELS/4/log_normalized/SZ3_1e-9/faero_atm003_1_384_320.dat.SZ3.out
  ✓ Compression successful (ratio: 1.00x)

[51/130] Processing: faero_ocn001_1_384_320.dat
compression ratio = 59.74 
compression time = 0.011875
compressed data file = ../../../../CESM-ICE-MODELS/4/log_normalized/faero_ocn001_1_384_320.dat.sz.tmp
compression ratio = 59.737482
decompression time = 0.006195 seconds.
decompressed file = ../../../../CESM-ICE-MODELS/4/log_normalized/SZ3_1e-9/faero_ocn001_1_384_320.dat.SZ3.out
  ✓ Compression successful (ratio: 1.00x)

[52/130] Processing: faero_ocn002_1_384_320.dat
compression ratio = 59.74 
compression time = 0.011915
compressed data file = ../../../../CESM-ICE-MODELS/4/log_normalized/faero_ocn002_1_384_320.dat.sz.tmp
compression ratio = 59.737482
decompression time = 0.006115 seconds.
decompressed file = ../../../../CESM-ICE-MODELS/4/log_normalized/SZ3_1e-9/faero_ocn002_1_384_320.dat.SZ3.out
  ✓ Compression successful (ratio: 1.00x)

[53/130] Processing: faero_ocn003_1_384_320.dat
compression ratio = 59.74 
compression time = 0.012114
compressed data file = ../../../../CESM-ICE-MODELS/4/log_normalized/faero_ocn003_1_384_320.dat.sz.tmp
compression ratio = 59.737482
decompression time = 0.006299 seconds.
decompressed file = ../../../../CESM-ICE-MODELS/4/log_normalized/SZ3_1e-9/faero_ocn003_1_384_320.dat.SZ3.out
  ✓ Compression successful (ratio: 1.00x)

[54/130] Processing: fcondtop_ai_1_384_320.dat
compression ratio = 4.83 
compression time = 0.016105
compressed data file = ../../../../CESM-ICE-MODELS/4/log_normalized/fcondtop_ai_1_384_320.dat.sz.tmp
compression ratio = 4.833371
decompression time = 0.006860 seconds.
decompressed file = ../../../../CESM-ICE-MODELS/4/log_normalized/SZ3_1e-9/fcondtop_ai_1_384_320.dat.SZ3.out
  ✓ Compression successful (ratio: 1.00x)

[55/130] Processing: fhocn_1_384_320.dat
compression ratio = 5.88 
compression time = 0.011460
compressed data file = ../../../../CESM-ICE-MODELS/4/log_normalized/fhocn_1_384_320.dat.sz.tmp
compression ratio = 5.884564
decompression time = 0.002985 seconds.
decompressed file = ../../../../CESM-ICE-MODELS/4/log_normalized/SZ3_1e-9/fhocn_1_384_320.dat.SZ3.out
  ✓ Compression successful (ratio: 1.00x)

[56/130] Processing: fhocn_ai_1_384_320.dat
compression ratio = 5.65 
compression time = 0.011170
compressed data file = ../../../../CESM-ICE-MODELS/4/log_normalized/fhocn_ai_1_384_320.dat.sz.tmp
compression ratio = 5.649330
decompression time = 0.002947 seconds.
decompressed file = ../../../../CESM-ICE-MODELS/4/log_normalized/SZ3_1e-9/fhocn_ai_1_384_320.dat.SZ3.out
  ✓ Compression successful (ratio: 1.00x)

[57/130] Processing: flat_1_384_320.dat
compression ratio = 7.77 
compression time = 0.013373
compressed data file = ../../../../CESM-ICE-MODELS/4/log_normalized/flat_1_384_320.dat.sz.tmp
compression ratio = 7.767383
decompression time = 0.006343 seconds.
decompressed file = ../../../../CESM-ICE-MODELS/4/log_normalized/SZ3_1e-9/flat_1_384_320.dat.SZ3.out
  ✓ Compression successful (ratio: 1.00x)

[58/130] Processing: flat_ai_1_384_320.dat
compression ratio = 5.58 
compression time = 0.009472
compressed data file = ../../../../CESM-ICE-MODELS/4/log_normalized/flat_ai_1_384_320.dat.sz.tmp
compression ratio = 5.578038
decompression time = 0.002689 seconds.
decompressed file = ../../../../CESM-ICE-MODELS/4/log_normalized/SZ3_1e-9/flat_ai_1_384_320.dat.SZ3.out
  ✓ Compression successful (ratio: 1.00x)

[59/130] Processing: flwdn_1_384_320.dat
compression ratio = 1.37 
compression time = 0.020408
compressed data file = ../../../../CESM-ICE-MODELS/4/log_normalized/flwdn_1_384_320.dat.sz.tmp
compression ratio = 1.369938
decompression time = 0.004033 seconds.
decompressed file = ../../../../CESM-ICE-MODELS/4/log_normalized/SZ3_1e-9/flwdn_1_384_320.dat.SZ3.out
  ✓ Compression successful (ratio: 1.00x)

[60/130] Processing: flwup_1_384_320.dat
compression ratio = 7.47 
compression time = 0.013477
compressed data file = ../../../../CESM-ICE-MODELS/4/log_normalized/flwup_1_384_320.dat.sz.tmp
compression ratio = 7.471158
decompression time = 0.006358 seconds.
decompressed file = ../../../../CESM-ICE-MODELS/4/log_normalized/SZ3_1e-9/flwup_1_384_320.dat.SZ3.out
  ✓ Compression successful (ratio: 1.00x)

[61/130] Processing: flwup_ai_1_384_320.dat
compression ratio = 5.76 
compression time = 0.008753
compressed data file = ../../../../CESM-ICE-MODELS/4/log_normalized/flwup_ai_1_384_320.dat.sz.tmp
compression ratio = 5.764819
decompression time = 0.002485 seconds.
decompressed file = ../../../../CESM-ICE-MODELS/4/log_normalized/SZ3_1e-9/flwup_ai_1_384_320.dat.SZ3.out
  ✓ Compression successful (ratio: 1.00x)

[62/130] Processing: frazil_1_384_320.dat
compression ratio = 9.92 
compression time = 0.012843
compressed data file = ../../../../CESM-ICE-MODELS/4/log_normalized/frazil_1_384_320.dat.sz.tmp
compression ratio = 9.915475
decompression time = 0.006779 seconds.
decompressed file = ../../../../CESM-ICE-MODELS/4/log_normalized/SZ3_1e-9/frazil_1_384_320.dat.SZ3.out
  ✓ Compression successful (ratio: 1.00x)

[63/130] Processing: fresh_1_384_320.dat
compression ratio = 5.62 
compression time = 0.014532
compressed data file = ../../../../CESM-ICE-MODELS/4/log_normalized/fresh_1_384_320.dat.sz.tmp
compression ratio = 5.616537
decompression time = 0.007938 seconds.
decompressed file = ../../../../CESM-ICE-MODELS/4/log_normalized/SZ3_1e-9/fresh_1_384_320.dat.SZ3.out
  ✓ Compression successful (ratio: 1.00x)

[64/130] Processing: fresh_ai_1_384_320.dat
compression ratio = 5.06 
compression time = 0.012593
compressed data file = ../../../../CESM-ICE-MODELS/4/log_normalized/fresh_ai_1_384_320.dat.sz.tmp
compression ratio = 5.059341
decompression time = 0.003794 seconds.
decompressed file = ../../../../CESM-ICE-MODELS/4/log_normalized/SZ3_1e-9/fresh_ai_1_384_320.dat.SZ3.out
  ✓ Compression successful (ratio: 1.00x)

[65/130] Processing: fs_1_384_320.dat
compression ratio = 4.90 
compression time = 0.011776
compressed data file = ../../../../CESM-ICE-MODELS/4/log_normalized/fs_1_384_320.dat.sz.tmp
compression ratio = 4.899717
decompression time = 0.002858 seconds.
decompressed file = ../../../../CESM-ICE-MODELS/4/log_normalized/SZ3_1e-9/fs_1_384_320.dat.SZ3.out
  ✓ Compression successful (ratio: 1.00x)

[66/130] Processing: fsalt_1_384_320.dat
compression ratio = 5.44 
compression time = 0.015679
compressed data file = ../../../../CESM-ICE-MODELS/4/log_normalized/fsalt_1_384_320.dat.sz.tmp
compression ratio = 5.436807
decompression time = 0.006343 seconds.
decompressed file = ../../../../CESM-ICE-MODELS/4/log_normalized/SZ3_1e-9/fsalt_1_384_320.dat.SZ3.out
  ✓ Compression successful (ratio: 1.00x)

[67/130] Processing: fsalt_ai_1_384_320.dat
compression ratio = 4.89 
compression time = 0.012459
compressed data file = ../../../../CESM-ICE-MODELS/4/log_normalized/fsalt_ai_1_384_320.dat.sz.tmp
compression ratio = 4.892986
decompression time = 0.003138 seconds.
decompressed file = ../../../../CESM-ICE-MODELS/4/log_normalized/SZ3_1e-9/fsalt_ai_1_384_320.dat.SZ3.out
  ✓ Compression successful (ratio: 1.00x)

[68/130] Processing: fsens_1_384_320.dat
compression ratio = 5.52 
compression time = 0.010483
compressed data file = ../../../../CESM-ICE-MODELS/4/log_normalized/fsens_1_384_320.dat.sz.tmp
compression ratio = 5.516932
decompression time = 0.003209 seconds.
decompressed file = ../../../../CESM-ICE-MODELS/4/log_normalized/SZ3_1e-9/fsens_1_384_320.dat.SZ3.out
  ✓ Compression successful (ratio: 1.00x)

[69/130] Processing: fsens_ai_1_384_320.dat
compression ratio = 5.27 
compression time = 0.011342
compressed data file = ../../../../CESM-ICE-MODELS/4/log_normalized/fsens_ai_1_384_320.dat.sz.tmp
compression ratio = 5.267828
decompression time = 0.002872 seconds.
decompressed file = ../../../../CESM-ICE-MODELS/4/log_normalized/SZ3_1e-9/fsens_ai_1_384_320.dat.SZ3.out
  ✓ Compression successful (ratio: 1.00x)

[70/130] Processing: fsurf_ai_1_384_320.dat
compression ratio = 4.83 
compression time = 0.015880
compressed data file = ../../../../CESM-ICE-MODELS/4/log_normalized/fsurf_ai_1_384_320.dat.sz.tmp
compression ratio = 4.833941
decompression time = 0.007262 seconds.
decompressed file = ../../../../CESM-ICE-MODELS/4/log_normalized/SZ3_1e-9/fsurf_ai_1_384_320.dat.SZ3.out
  ✓ Compression successful (ratio: 1.00x)

[71/130] Processing: fswabs_1_384_320.dat
compression ratio = 12.06 
compression time = 0.012528
compressed data file = ../../../../CESM-ICE-MODELS/4/log_normalized/fswabs_1_384_320.dat.sz.tmp
compression ratio = 12.062433
decompression time = 0.006180 seconds.
decompressed file = ../../../../CESM-ICE-MODELS/4/log_normalized/SZ3_1e-9/fswabs_1_384_320.dat.SZ3.out
  ✓ Compression successful (ratio: 1.00x)

[72/130] Processing: fswabs_ai_1_384_320.dat
compression ratio = 8.32 
compression time = 0.010131
compressed data file = ../../../../CESM-ICE-MODELS/4/log_normalized/fswabs_ai_1_384_320.dat.sz.tmp
compression ratio = 8.323511
decompression time = 0.002329 seconds.
decompressed file = ../../../../CESM-ICE-MODELS/4/log_normalized/SZ3_1e-9/fswabs_ai_1_384_320.dat.SZ3.out
  ✓ Compression successful (ratio: 1.00x)

[73/130] Processing: fswdn_1_384_320.dat
compression ratio = 1.48 
compression time = 0.020236
compressed data file = ../../../../CESM-ICE-MODELS/4/log_normalized/fswdn_1_384_320.dat.sz.tmp
compression ratio = 1.484322
decompression time = 0.003836 seconds.
decompressed file = ../../../../CESM-ICE-MODELS/4/log_normalized/SZ3_1e-9/fswdn_1_384_320.dat.SZ3.out
  ✓ Compression successful (ratio: 1.00x)

[74/130] Processing: fswfac_1_384_320.dat
compression ratio = 8.27 
compression time = 0.015574
compressed data file = ../../../../CESM-ICE-MODELS/4/log_normalized/fswfac_1_384_320.dat.sz.tmp
compression ratio = 8.268901
decompression time = 0.006298 seconds.
decompressed file = ../../../../CESM-ICE-MODELS/4/log_normalized/SZ3_1e-9/fswfac_1_384_320.dat.SZ3.out
  ✓ Compression successful (ratio: 1.00x)

[75/130] Processing: fswthru_1_384_320.dat
compression ratio = 12.05 
compression time = 0.013063
compressed data file = ../../../../CESM-ICE-MODELS/4/log_normalized/fswthru_1_384_320.dat.sz.tmp
compression ratio = 12.052081
decompression time = 0.006196 seconds.
decompressed file = ../../../../CESM-ICE-MODELS/4/log_normalized/SZ3_1e-9/fswthru_1_384_320.dat.SZ3.out
  ✓ Compression successful (ratio: 1.00x)

[76/130] Processing: fswthru_ai_1_384_320.dat
compression ratio = 8.18 
compression time = 0.010495
compressed data file = ../../../../CESM-ICE-MODELS/4/log_normalized/fswthru_ai_1_384_320.dat.sz.tmp
compression ratio = 8.182454
decompression time = 0.002470 seconds.
decompressed file = ../../../../CESM-ICE-MODELS/4/log_normalized/SZ3_1e-9/fswthru_ai_1_384_320.dat.SZ3.out
  ✓ Compression successful (ratio: 1.00x)

[77/130] Processing: fswup_1_384_320.dat
compression ratio = 1.49 
compression time = 0.019130
compressed data file = ../../../../CESM-ICE-MODELS/4/log_normalized/fswup_1_384_320.dat.sz.tmp
compression ratio = 1.486482
decompression time = 0.004057 seconds.
decompressed file = ../../../../CESM-ICE-MODELS/4/log_normalized/SZ3_1e-9/fswup_1_384_320.dat.SZ3.out
  ✓ Compression successful (ratio: 1.00x)

[78/130] Processing: FYarea_1_384_320.dat
compression ratio = 6.32 
compression time = 0.013737
compressed data file = ../../../../CESM-ICE-MODELS/4/log_normalized/FYarea_1_384_320.dat.sz.tmp
compression ratio = 6.319606
decompression time = 0.006804 seconds.
decompressed file = ../../../../CESM-ICE-MODELS/4/log_normalized/SZ3_1e-9/FYarea_1_384_320.dat.SZ3.out
  ✓ Compression successful (ratio: 1.00x)

[79/130] Processing: hi_1_384_320.dat
compression ratio = 4.98 
compression time = 0.012987
compressed data file = ../../../../CESM-ICE-MODELS/4/log_normalized/hi_1_384_320.dat.sz.tmp
compression ratio = 4.979536
decompression time = 0.002916 seconds.
decompressed file = ../../../../CESM-ICE-MODELS/4/log_normalized/SZ3_1e-9/hi_1_384_320.dat.SZ3.out
  ✓ Compression successful (ratio: 1.00x)

[80/130] Processing: hisnap_1_384_320.dat
compression ratio = 6.48 
compression time = 0.014895
compressed data file = ../../../../CESM-ICE-MODELS/4/log_normalized/hisnap_1_384_320.dat.sz.tmp
compression ratio = 6.483748
decompression time = 0.006531 seconds.
decompressed file = ../../../../CESM-ICE-MODELS/4/log_normalized/SZ3_1e-9/hisnap_1_384_320.dat.SZ3.out
  ✓ Compression successful (ratio: 1.00x)

[81/130] Processing: hs_1_384_320.dat
compression ratio = 4.85 
compression time = 0.011729
compressed data file = ../../../../CESM-ICE-MODELS/4/log_normalized/hs_1_384_320.dat.sz.tmp
compression ratio = 4.854279
decompression time = 0.003080 seconds.
decompressed file = ../../../../CESM-ICE-MODELS/4/log_normalized/SZ3_1e-9/hs_1_384_320.dat.SZ3.out
  ✓ Compression successful (ratio: 1.00x)

[82/130] Processing: HTE_384_320.dat
compression ratio = 5.01 
compression time = 0.011198
compressed data file = ../../../../CESM-ICE-MODELS/4/log_normalized/HTE_384_320.dat.sz.tmp
compression ratio = 5.013924
decompression time = 0.002686 seconds.
decompressed file = ../../../../CESM-ICE-MODELS/4/log_normalized/SZ3_1e-9/HTE_384_320.dat.SZ3.out
  ✓ Compression successful (ratio: 1.00x)

[83/130] Processing: HTN_384_320.dat
compression ratio = 4.55 
compression time = 0.011214
compressed data file = ../../../../CESM-ICE-MODELS/4/log_normalized/HTN_384_320.dat.sz.tmp
compression ratio = 4.550311
decompression time = 0.003346 seconds.
decompressed file = ../../../../CESM-ICE-MODELS/4/log_normalized/SZ3_1e-9/HTN_384_320.dat.SZ3.out
  ✓ Compression successful (ratio: 1.00x)

[84/130] Processing: iage_1_384_320.dat
compression ratio = 6.29 
compression time = 0.014795
compressed data file = ../../../../CESM-ICE-MODELS/4/log_normalized/iage_1_384_320.dat.sz.tmp
compression ratio = 6.285181
decompression time = 0.006954 seconds.
decompressed file = ../../../../CESM-ICE-MODELS/4/log_normalized/SZ3_1e-9/iage_1_384_320.dat.SZ3.out
  ✓ Compression successful (ratio: 1.00x)

[85/130] Processing: ice_present_1_384_320.dat
compression ratio = 25.00 
compression time = 0.013874
compressed data file = ../../../../CESM-ICE-MODELS/4/log_normalized/ice_present_1_384_320.dat.sz.tmp
compression ratio = 25.001017
decompression time = 0.005725 seconds.
decompressed file = ../../../../CESM-ICE-MODELS/4/log_normalized/SZ3_1e-9/ice_present_1_384_320.dat.SZ3.out
  ✓ Compression successful (ratio: 1.00x)

[86/130] Processing: meltb_1_384_320.dat
compression ratio = 5.49 
compression time = 0.012570
compressed data file = ../../../../CESM-ICE-MODELS/4/log_normalized/meltb_1_384_320.dat.sz.tmp
compression ratio = 5.493501
decompression time = 0.002635 seconds.
decompressed file = ../../../../CESM-ICE-MODELS/4/log_normalized/SZ3_1e-9/meltb_1_384_320.dat.SZ3.out
  ✓ Compression successful (ratio: 1.00x)

[87/130] Processing: meltl_1_384_320.dat
compression ratio = 5.53 
compression time = 0.013303
compressed data file = ../../../../CESM-ICE-MODELS/4/log_normalized/meltl_1_384_320.dat.sz.tmp
compression ratio = 5.530029
decompression time = 0.003344 seconds.
decompressed file = ../../../../CESM-ICE-MODELS/4/log_normalized/SZ3_1e-9/meltl_1_384_320.dat.SZ3.out
  ✓ Compression successful (ratio: 1.00x)

[88/130] Processing: melts_1_384_320.dat
compression ratio = 6.96 
compression time = 0.010908
compressed data file = ../../../../CESM-ICE-MODELS/4/log_normalized/melts_1_384_320.dat.sz.tmp
compression ratio = 6.962730
decompression time = 0.003012 seconds.
decompressed file = ../../../../CESM-ICE-MODELS/4/log_normalized/SZ3_1e-9/melts_1_384_320.dat.SZ3.out
  ✓ Compression successful (ratio: 1.00x)

[89/130] Processing: meltt_1_384_320.dat
compression ratio = 19.78 
compression time = 0.013063
compressed data file = ../../../../CESM-ICE-MODELS/4/log_normalized/meltt_1_384_320.dat.sz.tmp
compression ratio = 19.784254
decompression time = 0.006599 seconds.
decompressed file = ../../../../CESM-ICE-MODELS/4/log_normalized/SZ3_1e-9/meltt_1_384_320.dat.SZ3.out
  ✓ Compression successful (ratio: 1.00x)

[90/130] Processing: opening_1_384_320.dat
compression ratio = 8.52 
compression time = 0.013109
compressed data file = ../../../../CESM-ICE-MODELS/4/log_normalized/opening_1_384_320.dat.sz.tmp
compression ratio = 8.516330
decompression time = 0.005944 seconds.
decompressed file = ../../../../CESM-ICE-MODELS/4/log_normalized/SZ3_1e-9/opening_1_384_320.dat.SZ3.out
  ✓ Compression successful (ratio: 1.00x)

[91/130] Processing: qi_1_384_320.dat
compression ratio = 11.34 
compression time = 0.012641
compressed data file = ../../../../CESM-ICE-MODELS/4/log_normalized/qi_1_384_320.dat.sz.tmp
compression ratio = 11.338670
decompression time = 0.006526 seconds.
decompressed file = ../../../../CESM-ICE-MODELS/4/log_normalized/SZ3_1e-9/qi_1_384_320.dat.SZ3.out
  ✓ Compression successful (ratio: 1.00x)

[92/130] Processing: Qref_1_384_320.dat
compression ratio = 1.19 
compression time = 0.024998
compressed data file = ../../../../CESM-ICE-MODELS/4/log_normalized/Qref_1_384_320.dat.sz.tmp
compression ratio = 1.194065
decompression time = 0.005030 seconds.
decompressed file = ../../../../CESM-ICE-MODELS/4/log_normalized/SZ3_1e-9/Qref_1_384_320.dat.SZ3.out
  ✓ Compression successful (ratio: 1.00x)

[93/130] Processing: qs_1_384_320.dat
compression ratio = 9.21 
compression time = 0.007682
compressed data file = ../../../../CESM-ICE-MODELS/4/log_normalized/qs_1_384_320.dat.sz.tmp
compression ratio = 9.211394
decompression time = 0.003003 seconds.
decompressed file = ../../../../CESM-ICE-MODELS/4/log_normalized/SZ3_1e-9/qs_1_384_320.dat.SZ3.out
  ✓ Compression successful (ratio: 1.00x)

[94/130] Processing: rain_1_384_320.dat
compression ratio = 1.18 
compression time = 0.024348
compressed data file = ../../../../CESM-ICE-MODELS/4/log_normalized/rain_1_384_320.dat.sz.tmp
compression ratio = 1.180001
decompression time = 0.004359 seconds.
decompressed file = ../../../../CESM-ICE-MODELS/4/log_normalized/SZ3_1e-9/rain_1_384_320.dat.SZ3.out
  ✓ Compression successful (ratio: 1.00x)

[95/130] Processing: rain_ai_1_384_320.dat
compression ratio = 4.88 
compression time = 0.010401
compressed data file = ../../../../CESM-ICE-MODELS/4/log_normalized/rain_ai_1_384_320.dat.sz.tmp
compression ratio = 4.877352
decompression time = 0.003527 seconds.
decompressed file = ../../../../CESM-ICE-MODELS/4/log_normalized/SZ3_1e-9/rain_ai_1_384_320.dat.SZ3.out
  ✓ Compression successful (ratio: 1.00x)

[96/130] Processing: shear_1_384_320.dat
compression ratio = 8.55 
compression time = 0.013345
compressed data file = ../../../../CESM-ICE-MODELS/4/log_normalized/shear_1_384_320.dat.sz.tmp
compression ratio = 8.548917
decompression time = 0.006046 seconds.
decompressed file = ../../../../CESM-ICE-MODELS/4/log_normalized/SZ3_1e-9/shear_1_384_320.dat.SZ3.out
  ✓ Compression successful (ratio: 1.00x)

[97/130] Processing: sig1_1_384_320.dat
compression ratio = 9.22 
compression time = 0.007223
compressed data file = ../../../../CESM-ICE-MODELS/4/log_normalized/sig1_1_384_320.dat.sz.tmp
compression ratio = 9.215021
decompression time = 0.001890 seconds.
decompressed file = ../../../../CESM-ICE-MODELS/4/log_normalized/SZ3_1e-9/sig1_1_384_320.dat.SZ3.out
  ✓ Compression successful (ratio: 1.00x)

[98/130] Processing: sig2_1_384_320.dat
compression ratio = 9.35 
compression time = 0.006535
compressed data file = ../../../../CESM-ICE-MODELS/4/log_normalized/sig2_1_384_320.dat.sz.tmp
compression ratio = 9.346441
decompression time = 0.001776 seconds.
decompressed file = ../../../../CESM-ICE-MODELS/4/log_normalized/SZ3_1e-9/sig2_1_384_320.dat.SZ3.out
  ✓ Compression successful (ratio: 1.00x)

[99/130] Processing: snoice_1_384_320.dat
compression ratio = 6.10 
compression time = 0.011091
compressed data file = ../../../../CESM-ICE-MODELS/4/log_normalized/snoice_1_384_320.dat.sz.tmp
compression ratio = 6.103109
decompression time = 0.003601 seconds.
decompressed file = ../../../../CESM-ICE-MODELS/4/log_normalized/SZ3_1e-9/snoice_1_384_320.dat.SZ3.out
  ✓ Compression successful (ratio: 1.00x)

[100/130] Processing: snow_1_384_320.dat
compression ratio = 2.98 
compression time = 0.015417
compressed data file = ../../../../CESM-ICE-MODELS/4/log_normalized/snow_1_384_320.dat.sz.tmp
compression ratio = 2.978169
decompression time = 0.004151 seconds.
decompressed file = ../../../../CESM-ICE-MODELS/4/log_normalized/SZ3_1e-9/snow_1_384_320.dat.SZ3.out
  ✓ Compression successful (ratio: 1.00x)

[101/130] Processing: snow_ai_1_384_320.dat
compression ratio = 5.46 
compression time = 0.015734
compressed data file = ../../../../CESM-ICE-MODELS/4/log_normalized/snow_ai_1_384_320.dat.sz.tmp
compression ratio = 5.459453
decompression time = 0.006722 seconds.
decompressed file = ../../../../CESM-ICE-MODELS/4/log_normalized/SZ3_1e-9/snow_ai_1_384_320.dat.SZ3.out
  ✓ Compression successful (ratio: 1.00x)

[102/130] Processing: strairx_1_384_320.dat
compression ratio = 5.12 
compression time = 0.011812
compressed data file = ../../../../CESM-ICE-MODELS/4/log_normalized/strairx_1_384_320.dat.sz.tmp
compression ratio = 5.116216
decompression time = 0.002882 seconds.
decompressed file = ../../../../CESM-ICE-MODELS/4/log_normalized/SZ3_1e-9/strairx_1_384_320.dat.SZ3.out
  ✓ Compression successful (ratio: 1.00x)

[103/130] Processing: strairy_1_384_320.dat
compression ratio = 5.14 
compression time = 0.010338
compressed data file = ../../../../CESM-ICE-MODELS/4/log_normalized/strairy_1_384_320.dat.sz.tmp
compression ratio = 5.136855
decompression time = 0.003160 seconds.
decompressed file = ../../../../CESM-ICE-MODELS/4/log_normalized/SZ3_1e-9/strairy_1_384_320.dat.SZ3.out
  ✓ Compression successful (ratio: 1.00x)

[104/130] Processing: strcorx_1_384_320.dat
compression ratio = 5.80 
compression time = 0.010144
compressed data file = ../../../../CESM-ICE-MODELS/4/log_normalized/strcorx_1_384_320.dat.sz.tmp
compression ratio = 5.804372
decompression time = 0.003169 seconds.
decompressed file = ../../../../CESM-ICE-MODELS/4/log_normalized/SZ3_1e-9/strcorx_1_384_320.dat.SZ3.out
  ✓ Compression successful (ratio: 1.00x)

[105/130] Processing: strcory_1_384_320.dat
compression ratio = 5.86 
compression time = 0.010010
compressed data file = ../../../../CESM-ICE-MODELS/4/log_normalized/strcory_1_384_320.dat.sz.tmp
compression ratio = 5.863295
decompression time = 0.002944 seconds.
decompressed file = ../../../../CESM-ICE-MODELS/4/log_normalized/SZ3_1e-9/strcory_1_384_320.dat.SZ3.out
  ✓ Compression successful (ratio: 1.00x)

[106/130] Processing: strength_1_384_320.dat
compression ratio = 7.01 
compression time = 0.014394
compressed data file = ../../../../CESM-ICE-MODELS/4/log_normalized/strength_1_384_320.dat.sz.tmp
compression ratio = 7.012598
decompression time = 0.006836 seconds.
decompressed file = ../../../../CESM-ICE-MODELS/4/log_normalized/SZ3_1e-9/strength_1_384_320.dat.SZ3.out
  ✓ Compression successful (ratio: 1.00x)

[107/130] Processing: strintx_1_384_320.dat
compression ratio = 5.99 
compression time = 0.015165
compressed data file = ../../../../CESM-ICE-MODELS/4/log_normalized/strintx_1_384_320.dat.sz.tmp
compression ratio = 5.992319
decompression time = 0.006723 seconds.
decompressed file = ../../../../CESM-ICE-MODELS/4/log_normalized/SZ3_1e-9/strintx_1_384_320.dat.SZ3.out
  ✓ Compression successful (ratio: 1.00x)

[108/130] Processing: strinty_1_384_320.dat
compression ratio = 5.51 
compression time = 0.017999
compressed data file = ../../../../CESM-ICE-MODELS/4/log_normalized/strinty_1_384_320.dat.sz.tmp
compression ratio = 5.514518
decompression time = 0.007257 seconds.
decompressed file = ../../../../CESM-ICE-MODELS/4/log_normalized/SZ3_1e-9/strinty_1_384_320.dat.SZ3.out
  ✓ Compression successful (ratio: 1.00x)

[109/130] Processing: strocnx_1_384_320.dat
compression ratio = 5.33 
compression time = 0.011035
compressed data file = ../../../../CESM-ICE-MODELS/4/log_normalized/strocnx_1_384_320.dat.sz.tmp
compression ratio = 5.334607
decompression time = 0.003392 seconds.
decompressed file = ../../../../CESM-ICE-MODELS/4/log_normalized/SZ3_1e-9/strocnx_1_384_320.dat.SZ3.out
  ✓ Compression successful (ratio: 1.00x)

[110/130] Processing: strocny_1_384_320.dat
compression ratio = 5.16 
compression time = 0.010154
compressed data file = ../../../../CESM-ICE-MODELS/4/log_normalized/strocny_1_384_320.dat.sz.tmp
compression ratio = 5.160857
decompression time = 0.002942 seconds.
decompressed file = ../../../../CESM-ICE-MODELS/4/log_normalized/SZ3_1e-9/strocny_1_384_320.dat.SZ3.out
  ✓ Compression successful (ratio: 1.00x)

[111/130] Processing: Tair_1_384_320.dat
compression ratio = 1.39 
compression time = 0.021843
compressed data file = ../../../../CESM-ICE-MODELS/4/log_normalized/Tair_1_384_320.dat.sz.tmp
compression ratio = 1.394003
decompression time = 0.004903 seconds.
decompressed file = ../../../../CESM-ICE-MODELS/4/log_normalized/SZ3_1e-9/Tair_1_384_320.dat.SZ3.out
  ✓ Compression successful (ratio: 1.00x)

[112/130] Processing: tarea_384_320.dat
compression ratio = 4.38 
compression time = 0.010802
compressed data file = ../../../../CESM-ICE-MODELS/4/log_normalized/tarea_384_320.dat.sz.tmp
compression ratio = 4.384969
decompression time = 0.003051 seconds.
decompressed file = ../../../../CESM-ICE-MODELS/4/log_normalized/SZ3_1e-9/tarea_384_320.dat.SZ3.out
  ✓ Compression successful (ratio: 1.00x)

[113/130] Processing: TLAT_384_320.dat
compression ratio = 4.47 
compression time = 0.010265
compressed data file = ../../../../CESM-ICE-MODELS/4/log_normalized/TLAT_384_320.dat.sz.tmp
compression ratio = 4.474384
decompression time = 0.002939 seconds.
decompressed file = ../../../../CESM-ICE-MODELS/4/log_normalized/SZ3_1e-9/TLAT_384_320.dat.SZ3.out
  ✓ Compression successful (ratio: 1.00x)

[114/130] Processing: TLON_384_320.dat
compression ratio = 4.19 
compression time = 0.011481
compressed data file = ../../../../CESM-ICE-MODELS/4/log_normalized/TLON_384_320.dat.sz.tmp
compression ratio = 4.186213
decompression time = 0.002976 seconds.
decompressed file = ../../../../CESM-ICE-MODELS/4/log_normalized/SZ3_1e-9/TLON_384_320.dat.SZ3.out
  ✓ Compression successful (ratio: 1.00x)

[115/130] Processing: tmask_384_320.dat
compression ratio = 59.79 
compression time = 0.012381
compressed data file = ../../../../CESM-ICE-MODELS/4/log_normalized/tmask_384_320.dat.sz.tmp
compression ratio = 59.788347
decompression time = 0.006177 seconds.
decompressed file = ../../../../CESM-ICE-MODELS/4/log_normalized/SZ3_1e-9/tmask_384_320.dat.SZ3.out
  ✓ Compression successful (ratio: 1.00x)

[116/130] Processing: transix_1_384_320.dat
compression ratio = 5.69 
compression time = 0.017343
compressed data file = ../../../../CESM-ICE-MODELS/4/log_normalized/transix_1_384_320.dat.sz.tmp
compression ratio = 5.686256
decompression time = 0.007217 seconds.
decompressed file = ../../../../CESM-ICE-MODELS/4/log_normalized/SZ3_1e-9/transix_1_384_320.dat.SZ3.out
  ✓ Compression successful (ratio: 1.00x)

[117/130] Processing: transiy_1_384_320.dat
compression ratio = 7.86 
compression time = 0.014145
compressed data file = ../../../../CESM-ICE-MODELS/4/log_normalized/transiy_1_384_320.dat.sz.tmp
compression ratio = 7.864949
decompression time = 0.006274 seconds.
decompressed file = ../../../../CESM-ICE-MODELS/4/log_normalized/SZ3_1e-9/transiy_1_384_320.dat.SZ3.out
  ✓ Compression successful (ratio: 1.00x)

[118/130] Processing: Tref_1_384_320.dat
compression ratio = 1.38 
compression time = 0.023002
compressed data file = ../../../../CESM-ICE-MODELS/4/log_normalized/Tref_1_384_320.dat.sz.tmp
compression ratio = 1.383340
decompression time = 0.005479 seconds.
decompressed file = ../../../../CESM-ICE-MODELS/4/log_normalized/SZ3_1e-9/Tref_1_384_320.dat.SZ3.out
  ✓ Compression successful (ratio: 1.00x)

[119/130] Processing: trsig_1_384_320.dat
compression ratio = 10.61 
compression time = 0.013529
compressed data file = ../../../../CESM-ICE-MODELS/4/log_normalized/trsig_1_384_320.dat.sz.tmp
compression ratio = 10.614378
decompression time = 0.006162 seconds.
decompressed file = ../../../../CESM-ICE-MODELS/4/log_normalized/SZ3_1e-9/trsig_1_384_320.dat.SZ3.out
  ✓ Compression successful (ratio: 1.00x)

[120/130] Processing: Tsfc_1_384_320.dat
compression ratio = 5.01 
compression time = 0.012491
compressed data file = ../../../../CESM-ICE-MODELS/4/log_normalized/Tsfc_1_384_320.dat.sz.tmp
compression ratio = 5.006825
decompression time = 0.002761 seconds.
decompressed file = ../../../../CESM-ICE-MODELS/4/log_normalized/SZ3_1e-9/Tsfc_1_384_320.dat.SZ3.out
  ✓ Compression successful (ratio: 1.00x)

[121/130] Processing: uarea_384_320.dat
compression ratio = 4.64 
compression time = 0.012330
compressed data file = ../../../../CESM-ICE-MODELS/4/log_normalized/uarea_384_320.dat.sz.tmp
compression ratio = 4.639958
decompression time = 0.003081 seconds.
decompressed file = ../../../../CESM-ICE-MODELS/4/log_normalized/SZ3_1e-9/uarea_384_320.dat.SZ3.out
  ✓ Compression successful (ratio: 1.00x)

[122/130] Processing: ULAT_384_320.dat
compression ratio = 4.75 
compression time = 0.011836
compressed data file = ../../../../CESM-ICE-MODELS/4/log_normalized/ULAT_384_320.dat.sz.tmp
compression ratio = 4.748573
decompression time = 0.003068 seconds.
decompressed file = ../../../../CESM-ICE-MODELS/4/log_normalized/SZ3_1e-9/ULAT_384_320.dat.SZ3.out
  ✓ Compression successful (ratio: 1.00x)

[123/130] Processing: ULON_384_320.dat
compression ratio = 4.17 
compression time = 0.011583
compressed data file = ../../../../CESM-ICE-MODELS/4/log_normalized/ULON_384_320.dat.sz.tmp
compression ratio = 4.167720
decompression time = 0.002899 seconds.
decompressed file = ../../../../CESM-ICE-MODELS/4/log_normalized/SZ3_1e-9/ULON_384_320.dat.SZ3.out
  ✓ Compression successful (ratio: 1.00x)

[124/130] Processing: uvel_1_384_320.dat
compression ratio = 7.03 
compression time = 0.015204
compressed data file = ../../../../CESM-ICE-MODELS/4/log_normalized/uvel_1_384_320.dat.sz.tmp
compression ratio = 7.028140
decompression time = 0.006313 seconds.
decompressed file = ../../../../CESM-ICE-MODELS/4/log_normalized/SZ3_1e-9/uvel_1_384_320.dat.SZ3.out
  ✓ Compression successful (ratio: 1.00x)

[125/130] Processing: vicen001_1_384_320.dat
compression ratio = 4.07 
compression time = 0.019404
compressed data file = ../../../../CESM-ICE-MODELS/4/log_normalized/vicen001_1_384_320.dat.sz.tmp
compression ratio = 4.070357
decompression time = 0.007728 seconds.
decompressed file = ../../../../CESM-ICE-MODELS/4/log_normalized/SZ3_1e-9/vicen001_1_384_320.dat.SZ3.out
  ✓ Compression successful (ratio: 1.00x)

[126/130] Processing: vicen002_1_384_320.dat
compression ratio = 5.02 
compression time = 0.009980
compressed data file = ../../../../CESM-ICE-MODELS/4/log_normalized/vicen002_1_384_320.dat.sz.tmp
compression ratio = 5.017661
decompression time = 0.002782 seconds.
decompressed file = ../../../../CESM-ICE-MODELS/4/log_normalized/SZ3_1e-9/vicen002_1_384_320.dat.SZ3.out
  ✓ Compression successful (ratio: 1.00x)

[127/130] Processing: vicen003_1_384_320.dat
compression ratio = 5.08 
compression time = 0.010650
compressed data file = ../../../../CESM-ICE-MODELS/4/log_normalized/vicen003_1_384_320.dat.sz.tmp
compression ratio = 5.077266
decompression time = 0.002735 seconds.
decompressed file = ../../../../CESM-ICE-MODELS/4/log_normalized/SZ3_1e-9/vicen003_1_384_320.dat.SZ3.out
  ✓ Compression successful (ratio: 1.00x)

[128/130] Processing: vicen004_1_384_320.dat
compression ratio = 5.06 
compression time = 0.012370
compressed data file = ../../../../CESM-ICE-MODELS/4/log_normalized/vicen004_1_384_320.dat.sz.tmp
compression ratio = 5.059497
decompression time = 0.003137 seconds.
decompressed file = ../../../../CESM-ICE-MODELS/4/log_normalized/SZ3_1e-9/vicen004_1_384_320.dat.SZ3.out
  ✓ Compression successful (ratio: 1.00x)

[129/130] Processing: vicen005_1_384_320.dat
compression ratio = 5.95 
compression time = 0.015543
compressed data file = ../../../../CESM-ICE-MODELS/4/log_normalized/vicen005_1_384_320.dat.sz.tmp
compression ratio = 5.948949
decompression time = 0.006355 seconds.
decompressed file = ../../../../CESM-ICE-MODELS/4/log_normalized/SZ3_1e-9/vicen005_1_384_320.dat.SZ3.out
  ✓ Compression successful (ratio: 1.00x)

[130/130] Processing: vvel_1_384_320.dat
compression ratio = 8.10 
compression time = 0.014780
compressed data file = ../../../../CESM-ICE-MODELS/4/log_normalized/vvel_1_384_320.dat.sz.tmp
compression ratio = 8.099797
decompression time = 0.006235 seconds.
decompressed file = ../../../../CESM-ICE-MODELS/4/log_normalized/SZ3_1e-9/vvel_1_384_320.dat.SZ3.out
  ✓ Compression successful (ratio: 1.00x)

=== Summary ===
Total files processed: 130
Total files skipped: 0
Total files failed: 0

