Input directory: ../../ERA5/
Output directory: ../../ERA5/topoSZp_2_thread/
Dimensions: 73728x256 (18874368 elements)
Error bound: 1E-3
Block size: 16

Found 30 .dat file(s) to process

[1/30] Processing: CIWP.f32
Error: No critical points found!
  ✗ Compression failed

[2/30] Processing: CLD.f32

compression time=0.114698, total fastmode1 topology
compression size = 17470468, CR = 4.321434
done
decompression time=0.289460
done
Min=0, Max=100, range=100
Max absolute error = 0.0010070801
Max relative error = 0.000010
Max pw relative error = 0.000020
PSNR = 100.772701, NRMSE= 9.1488168230517589124E-06
acEff=1.000000
compressionRatio = 4.321434
  ✓ Compression and decompression successful (ratio: 4.32x)

[3/30] Processing: CLWP.f32

compression time=0.353801, total fastmode1 topology
compression size = 23646852, CR = 3.192707
done
decompression time=0.541471
done
Min=0, Max=2.8853793144226074219, range=2.8853793144226074219
Max absolute error = 0.0024896860
Max relative error = 0.000863
Max pw relative error = 0.001980
PSNR = 75.219836, NRMSE= 0.00017338368140410150898
acEff=0.999997
compressionRatio = 3.192707
  ✓ Compression and decompression successful (ratio: 3.19x)

[4/30] Processing: LHF.f32

compression time=0.476947, total fastmode1 topology
compression size = 50540791, CR = 1.493793
done
decompression time=0.657116
done
Min=50.560329437255859375, Max=635.80322265625, range=585.242919921875
Max absolute error = 0.0016937256
Max relative error = 0.000003
Max pw relative error = 0.000022
PSNR = 120.166418, NRMSE= 9.8102275030350879504E-07
acEff=1.000000
compressionRatio = 1.493793
  ✓ Compression and decompression successful (ratio: 1.49x)

[5/30] Processing: LWNSC.f32

compression time=0.367232, total fastmode1 topology
compression size = 36776691, CR = 2.052862
done
decompression time=0.591900
done
Min=91.157257080078125, Max=110.026031494140625, range=18.8687744140625
Max absolute error = 0.0019683838
Max relative error = 0.000104
Max pw relative error = 0.000021
PSNR = 90.392994, NRMSE= 3.0223884866182793474E-05
acEff=1.000000
compressionRatio = 2.052862
  ✓ Compression and decompression successful (ratio: 2.05x)

[6/30] Processing: LWNS.f32

compression time=0.353279, total fastmode1 topology
compression size = 43174947, CR = 1.748641
done
decompression time=0.598367
done
Min=8.959529876708984375, Max=110.026031494140625, range=101.066497802734375
Max absolute error = 0.0018615723
Max relative error = 0.000018
Max pw relative error = 0.000100
PSNR = 104.887476, NRMSE= 5.6967371111286021189E-06
acEff=1.000000
compressionRatio = 1.748641
  ✓ Compression and decompression successful (ratio: 1.74x)

[7/30] Processing: LWNTC.f32

compression time=0.350242, total fastmode1 topology
compression size = 29907901, CR = 2.524332
done
decompression time=0.582405
done
Min=265.375640869140625, Max=274.5592041015625, range=9.183563232421875
Max absolute error = 0.0019836426
Max relative error = 0.000216
Max pw relative error = 0.000007
PSNR = 84.072028, NRMSE= 6.2574674617124208557E-05
acEff=1.000000
compressionRatio = 2.524332
  ✓ Compression and decompression successful (ratio: 2.52x)

[8/30] Processing: LWNT.f32

compression time=0.409914, total fastmode1 topology
compression size = 40042735, CR = 1.885422
done
decompression time=0.619283
done
Min=231.24786376953125, Max=274.55877685546875, range=43.3109130859375
Max absolute error = 0.0020141602
Max relative error = 0.000047
Max pw relative error = 0.000008
PSNR = 97.520556, NRMSE= 1.3303692049173841287E-05
acEff=1.000000
compressionRatio = 1.885422
  ✓ Compression and decompression successful (ratio: 1.88x)

[9/30] Processing: PIWP.f32
Error: No critical points found!
  ✗ Compression failed

[10/30] Processing: PLWP.f32

compression time=0.184857, total fastmode1 topology
compression size = 15006419, CR = 5.031012
done
decompression time=0.411754
done
Min=0, Max=4.8534579277038574219, range=4.8534579277038574219
Max absolute error = 0.0050964355
Max relative error = 0.001050
Max pw relative error = 0.002146
PSNR = 82.604534, NRMSE= 7.4092340146656549774E-05
acEff=0.999993
compressionRatio = 5.031012
  ✓ Compression and decompression successful (ratio: 5.03x)

[11/30] Processing: Prec.f32

compression time=0.151561, total fastmode1 topology
compression size = 16632480, CR = 4.539159
done
decompression time=0.377124
done
Min=0, Max=1435.127685546875, range=1435.127685546875
Max absolute error = 0.0292663574
Max relative error = 0.000020
Max pw relative error = 0.001774
PSNR = 131.010425, NRMSE= 2.8150021609638865898E-07
acEff=1.000000
compressionRatio = 4.539159
  ✓ Compression and decompression successful (ratio: 4.53x)

[12/30] Processing: PSFC.f32

compression time=0.414833, total fastmode1 topology
compression size = 24769344, CR = 3.048021
done
decompression time=0.722966
done
Min=1017.97113037109375, Max=1025.544921875, range=7.57379150390625
Max absolute error = 0.0019531250
Max relative error = 0.000258
Max pw relative error = 0.000002
PSNR = 82.385719, NRMSE= 7.5982584810675422881E-05
acEff=1.000000
compressionRatio = 3.048021
  ✓ Compression and decompression successful (ratio: 3.04x)

[13/30] Processing: PW.f32

compression time=0.332551, total fastmode1 topology
compression size = 31449889, CR = 2.400564
done
decompression time=0.562771
done
Min=10.495588302612304688, Max=16.374101638793945312, range=5.878513336181640625
Max absolute error = 0.0019521713
Max relative error = 0.000332
Max pw relative error = 0.000159
PSNR = 80.196746, NRMSE= 9.776033839092274449E-05
acEff=1.000000
compressionRatio = 2.400564
  ✓ Compression and decompression successful (ratio: 2.40x)

[14/30] Processing: SHF.f32

compression time=0.465747, total fastmode1 topology
compression size = 46296892, CR = 1.630724
done
decompression time=0.676805
done
Min=9.1072521209716796875, Max=264.23828125, range=255.1310272216796875
Max absolute error = 0.0018758774
Max relative error = 0.000007
Max pw relative error = 0.000156
PSNR = 112.951506, NRMSE= 2.2512550180585575418E-06
acEff=1.000000
compressionRatio = 1.630724
  ✓ Compression and decompression successful (ratio: 1.63x)

[15/30] Processing: SOLIN.f32

compression time=0.078171, total fastmode1 topology
compression size = 10616922, CR = 7.111051
done
decompression time=0.278101
done
Min=0, Max=1083.29541015625, range=1083.29541015625
Max absolute error = 0.0009765625
Max relative error = 0.000001
Max pw relative error = 0.000539
PSNR = 127.493942, NRMSE= 4.2199073035391845963E-07
acEff=1.000000
compressionRatio = 7.111051
  ✓ Compression and decompression successful (ratio: 7.11x)

[16/30] Processing: SWNSC.f32

compression time=0.278648, total fastmode1 topology
compression size = 22405229, CR = 3.369636
done
decompression time=0.475125
done
Min=0, Max=890.4625244140625, range=890.4625244140625
Max absolute error = 0.0019531250
Max relative error = 0.000002
Max pw relative error = 0.001008
PSNR = 126.013577, NRMSE= 5.0040443982883901343E-07
acEff=1.000000
compressionRatio = 3.369636
  ✓ Compression and decompression successful (ratio: 3.36x)

[17/30] Processing: SWNS.f32

compression time=0.308254, total fastmode1 topology
compression size = 31372635, CR = 2.406475
done
decompression time=0.510908
done
Min=0, Max=890.0162353515625, range=890.0162353515625
Max absolute error = 0.0017337799
Max relative error = 0.000002
Max pw relative error = 0.001730
PSNR = 125.421629, NRMSE= 5.3569615372815921234E-07
acEff=1.000000
compressionRatio = 2.406475
  ✓ Compression and decompression successful (ratio: 2.40x)

[18/30] Processing: SWNTC.f32

compression time=0.263563, total fastmode1 topology
compression size = 18316659, CR = 4.121792
done
decompression time=0.499034
done
Min=0, Max=1014.9635009765625, range=1014.9635009765625
Max absolute error = 0.0019531250
Max relative error = 0.000002
Max pw relative error = 0.000786
PSNR = 125.941269, NRMSE= 5.0458755225985716927E-07
acEff=1.000000
compressionRatio = 4.121793
  ✓ Compression and decompression successful (ratio: 4.12x)

[19/30] Processing: SWNT.f32

compression time=0.303107, total fastmode1 topology
compression size = 30665043, CR = 2.462004
done
decompression time=0.525131
done
Min=0, Max=1014.83648681640625, range=1014.83648681640625
Max absolute error = 0.0010986328
Max relative error = 0.000001
Max pw relative error = 0.001000
PSNR = 126.445649, NRMSE= 4.7612126045394117819E-07
acEff=1.000000
compressionRatio = 2.462004
  ✓ Compression and decompression successful (ratio: 2.46x)

[20/30] Processing: SWVP.f32

compression time=0.325889, total fastmode1 topology
compression size = 28385863, CR = 2.659686
done
decompression time=0.603308
done
Min=24.473577499389648438, Max=31.809076309204101562, range=7.335498809814453125
Max absolute error = 0.0019817352
Max relative error = 0.000270
Max pw relative error = 0.000077
PSNR = 82.155706, NRMSE= 7.8021569110778377716E-05
acEff=1.000000
compressionRatio = 2.659686
  ✓ Compression and decompression successful (ratio: 2.65x)

[21/30] Processing: TB.f32

compression time=0.666272, total fastmode1 topology
compression size = 39975044, CR = 1.888615
done
decompression time=0.867943
done
Min=264.443817138671875, Max=288.876007080078125, range=24.43218994140625
Max absolute error = 0.0019531250
Max relative error = 0.000080
Max pw relative error = 0.000007
PSNR = 91.736444, NRMSE= 2.5892727611050111075E-05
acEff=1.000000
compressionRatio = 1.888615
  ✓ Compression and decompression successful (ratio: 1.88x)

[22/30] Processing: time.f32
Error: Dimension mismatch!
  File contains: 288 elements
  Expected from dimensions (73728 x 256): 18874368 elements
  This will cause a segmentation fault. Please check your dimensions.
  ✗ Compression failed

[23/30] Processing: U850.f32

compression time=0.463173, total fastmode1 topology
compression size = 37845932, CR = 1.994864
done
decompression time=0.707280
done
Min=-0.089712001383304595947, Max=17.794498443603515625, range=17.884210586547851562
Max absolute error = 0.0019006729
Max relative error = 0.000106
Max pw relative error = 0.000988
PSNR = 89.932991, NRMSE= 3.1867680362008679932E-05
acEff=1.000000
compressionRatio = 1.994864
  ✓ Compression and decompression successful (ratio: 1.99x)

[24/30] Processing: USFC.f32

compression time=0.507559, total fastmode1 topology
compression size = 40849943, CR = 1.848166
done
decompression time=0.706074
done
Min=-3.1613340377807617188, Max=15.389082908630371094, range=18.550416946411132812
Max absolute error = 0.0019114017
Max relative error = 0.000103
Max pw relative error = 0.001729
PSNR = 90.223305, NRMSE= 3.0820150138795059309E-05
acEff=1.000000
compressionRatio = 1.848166
  ✓ Compression and decompression successful (ratio: 1.84x)

[25/30] Processing: V850.f32

compression time=0.510344, total fastmode1 topology
compression size = 38667974, CR = 1.952455
done
decompression time=0.738651
done
Min=-23.705722808837890625, Max=-6.174167633056640625, range=17.53155517578125
Max absolute error = 0.0019016266
Max relative error = 0.000108
Max pw relative error = 0.000000
PSNR = 89.654024, NRMSE= 3.2907795234090575476E-05
acEff=1.000000
compressionRatio = 1.952455
  ✓ Compression and decompression successful (ratio: 1.95x)

[26/30] Processing: VSFC.f32

compression time=0.527247, total fastmode1 topology
compression size = 41078681, CR = 1.837875
done
decompression time=0.707550
done
Min=-21.430400848388671875, Max=-2.6408491134643554688, range=18.78955078125
Max absolute error = 0.0019445419
Max relative error = 0.000103
Max pw relative error = 0.000000
PSNR = 90.256318, NRMSE= 3.0703232330175491229E-05
acEff=1.000000
compressionRatio = 1.837875
  ✓ Compression and decompression successful (ratio: 1.83x)

[27/30] Processing: x.f32
Error: Dimension mismatch!
  File contains: 256 elements
  Expected from dimensions (73728 x 256): 18874368 elements
  This will cause a segmentation fault. Please check your dimensions.
  ✗ Compression failed

[28/30] Processing: y.f32
Error: Dimension mismatch!
  File contains: 256 elements
  Expected from dimensions (73728 x 256): 18874368 elements
  This will cause a segmentation fault. Please check your dimensions.
  ✗ Compression failed

[29/30] Processing: ZC.f32

compression time=0.488211, total fastmode1 topology
compression size = 28097651, CR = 2.686967
done
decompression time=0.574093
done
Min=0, Max=2.9875001907348632812, range=2.9875001907348632812
Max absolute error = 0.0014803410
Max relative error = 0.000496
Max pw relative error = 0.000933
PSNR = 76.517828, NRMSE= 0.00014931678195734141229
acEff=1.000000
compressionRatio = 2.686967
  ✓ Compression and decompression successful (ratio: 2.68x)

[30/30] Processing: ZE.f32

compression time=0.204922, total fastmode1 topology
compression size = 22098481, CR = 3.416410
done
decompression time=0.456996
done
Min=0, Max=2.9375002384185791016, range=2.9375002384185791016
Max absolute error = 0.0014784336
Max relative error = 0.000503
Max pw relative error = 0.000834
PSNR = 79.788664, NRMSE= 0.00010246293831790854306
acEff=1.000000
compressionRatio = 3.416410
  ✓ Compression and decompression successful (ratio: 3.41x)

=== Summary ===
Total files processed: 25
Total files skipped: 0
Total files failed: 5

