Input directory: ../../ERA5_3d_converted_to_2D/
Output directory: ../../ERA5_3d_converted_to_2D/topoSZp_4_thread/
Dimensions: 24960x65536 (1635778560 elements)
Error bound: 1E-3
Block size: 16

Found 13 .dat file(s) to process

[1/13] Processing: PP.f32

compression time=10.624116, total fastmode1 topology
compression size = 2666952024, CR = 2.453405
done
decompression time=32.982108
done
Min=-66.26192474365234375, Max=40.1545257568359375, range=106.41645050048828125
Max absolute error = 0.9537067413
Max relative error = 0.008962
Max pw relative error = 0.043736
PSNR = 102.492659, NRMSE= 7.5052830333918379977E-06
acEff=1.000000
compressionRatio = 2.453405
  ✓ Compression and decompression successful (ratio: 2.45x)

[2/13] Processing: QCI.f32
Error: No critical points found!
  ✗ Compression failed

[3/13] Processing: QCL.f32

compression time=16.507547, total fastmode1 topology
compression size = 1077462931, CR = 6.072705
done
decompression time=26.156099
done
Min=0, Max=2.7764112949371337891, range=2.7764112949371337891
Max absolute error = 0.4356176853
Max relative error = 0.156900
Max pw relative error = 0.198856
PSNR = 70.598790, NRMSE= 0.0002951620224323977539
acEff=0.999933
compressionRatio = 6.072705
  ✓ Compression and decompression successful (ratio: 6.07x)

[4/13] Processing: QPI.f32
Error: No critical points found!
  ✗ Compression failed

[5/13] Processing: QPL.f32

compression time=11.204189, total fastmode1 topology
compression size = 1010342127, CR = 6.476137
done
decompression time=25.635523
done
Min=0, Max=2.4814052581787109375, range=2.4814052581787109375
Max absolute error = 0.1048930883
Max relative error = 0.042272
Max pw relative error = 0.069432
PSNR = 83.745995, NRMSE= 6.4968114866898076095E-05
acEff=0.999980
compressionRatio = 6.476137
  ✓ Compression and decompression successful (ratio: 6.47x)

[6/13] Processing: QRAD.f32

compression time=29.578143, total fastmode1 topology
compression size = 2529888203, CR = 2.586325
done
decompression time=45.660018
done
Min=-401.05810546875, Max=91.2327728271484375, range=492.2908935546875
Max absolute error = 0.0019998550
Max relative error = 0.000004
Max pw relative error = 0.002000
PSNR = 118.571410, NRMSE= 1.1787711982124694975E-06
acEff=1.000000
compressionRatio = 2.586325
  ✓ Compression and decompression successful (ratio: 2.58x)

[7/13] Processing: QV.f32

compression time=10.358126, total fastmode1 topology
compression size = 1805582336, CR = 3.623825
done
decompression time=34.400528
done
Min=0, Max=8.2970571517944335938, range=8.2970571517944335938
Max absolute error = 0.0222434998
Max relative error = 0.002681
Max pw relative error = 0.003320
PSNR = 83.235064, NRMSE= 6.8904375758995699101E-05
acEff=1.000000
compressionRatio = 3.623825
  ✓ Compression and decompression successful (ratio: 3.62x)

[8/13] Processing: REI.f32
Error: No critical points found!
  ✗ Compression failed

[9/13] Processing: REL.f32

compression time=20.937449, total fastmode1 topology
compression size = 2347913004, CR = 2.786779
done
decompression time=31.173559
done
Min=0, Max=1344.0875244140625, range=1344.0875244140625
Max absolute error = 0.0499267578
Max relative error = 0.000037
Max pw relative error = 0.000907
PSNR = 129.395078, NRMSE= 3.39036229756124689E-07
acEff=1.000000
compressionRatio = 2.786779
  ✓ Compression and decompression successful (ratio: 2.78x)

[10/13] Processing: TABS.f32

compression time=7.749887, total fastmode1 topology
compression size = 2012127405, CR = 3.251839
done
decompression time=31.159184
done
Min=235.3312530517578125, Max=287.489227294921875, range=52.1579742431640625
Max absolute error = 0.0019836426
Max relative error = 0.000038
Max pw relative error = 0.000007
PSNR = 99.123506, NRMSE= 1.1061772234513959673E-05
acEff=1.000000
compressionRatio = 3.251839
  ✓ Compression and decompression successful (ratio: 3.25x)

[11/13] Processing: U.f32

compression time=16.792356, total fastmode1 topology
compression size = 2473657116, CR = 2.645118
done
decompression time=40.038015
done
Min=-3.7389369010925292969, Max=42.305400848388671875, range=46.044338226318359375
Max absolute error = 0.0019989014
Max relative error = 0.000043
Max pw relative error = 0.001010
PSNR = 98.110930, NRMSE= 1.2429495124356342375E-05
acEff=1.000000
compressionRatio = 2.645118
  ✓ Compression and decompression successful (ratio: 2.64x)

[12/13] Processing: V.f32

compression time=18.647681, total fastmode1 topology
compression size = 2478409911, CR = 2.640045
done
decompression time=42.002104
done
Min=-46.772830963134765625, Max=-2.2331724166870117188, range=44.5396575927734375
Max absolute error = 0.0019969940
Max relative error = 0.000045
Max pw relative error = 0.000000
PSNR = 97.736198, NRMSE= 1.2977471678106411706E-05
acEff=1.000000
compressionRatio = 2.640045
  ✓ Compression and decompression successful (ratio: 2.64x)

[13/13] Processing: W.f32

compression time=20.094120, total fastmode1 topology
compression size = 2419565010, CR = 2.704252
done
decompression time=40.362098
done
Min=-7.5944828987121582031, Max=11.412766456604003906, range=19.007249832153320312
Max absolute error = 0.9835386276
Max relative error = 0.051745
Max pw relative error = 0.146637
PSNR = 83.107547, NRMSE= 6.9923416138569093763E-05
acEff=0.999993
compressionRatio = 2.704252
  ✓ Compression and decompression successful (ratio: 2.70x)

=== Summary ===
Total files processed: 10
Total files skipped: 0
Total files failed: 3

