Input directory: ../../CESM-LAND-MODELS/4/log_normalized
Output directory: ../../CESM-LAND-MODELS/4/log_normalized/tthresh_1E-4
Dimensions: 192x288
Error bound: 0.0001

Found 176 .dat file(s) to process

[1/176] Processing: ACTUAL_IMMOB_1_192_288.dat
oldbits = 1769472, newbits = 336336, compressionratio = 5.26102, bpv = 6.08247
Total compression time: 79.208ms
eps = 0.0317445, rmse = 0.0250093, psnr = 26.0174
Total decompression time: 12.362ms
Total time: 91.637ms
  ✓ Compression successful (ratio: 5.26x)

[2/176] Processing: AGNPP_1_192_288.dat
oldbits = 1769472, newbits = 336336, compressionratio = 5.26102, bpv = 6.08247
Total compression time: 78.518ms
eps = 0.0317445, rmse = 0.0250093, psnr = 26.0174
Total decompression time: 12.415ms
Total time: 90.986ms
  ✓ Compression successful (ratio: 5.26x)

[3/176] Processing: ANN_FAREA_BURNED_1_192_288.dat
oldbits = 1769472, newbits = 317456, compressionratio = 5.57391, bpv = 5.74103
Total compression time: 79.116ms
eps = 0.027723, rmse = 0.0238109, psnr = 26.4439
Total decompression time: 11.868ms
Total time: 91.021ms
  ✓ Compression successful (ratio: 5.57x)

[4/176] Processing: AR_1_192_288.dat
oldbits = 1769472, newbits = 336336, compressionratio = 5.26102, bpv = 6.08247
Total compression time: 78.437ms
eps = 0.031744, rmse = 0.0250089, psnr = 26.0175
Total decompression time: 12.649ms
Total time: 91.124ms
  ✓ Compression successful (ratio: 5.26x)

[5/176] Processing: area_192_288.dat
oldbits = 1769472, newbits = 320528, compressionratio = 5.52049, bpv = 5.79659
Total compression time: 81.979ms
eps = 0.0316913, rmse = 0.0250511, psnr = 26.0029
Total decompression time: 11.899ms
Total time: 93.916ms
  ✓ Compression successful (ratio: 5.52x)

[6/176] Processing: areaatm_192_288.dat
oldbits = 1769472, newbits = 484624, compressionratio = 3.65123, bpv = 8.76418
Total compression time: 85.95ms
eps = 0.0122709, rmse = 0.0068661, psnr = 37.2452
Total decompression time: 14.906ms
Total time: 100.905ms
  ✓ Compression successful (ratio: 3.65x)

[7/176] Processing: areaupsc_192_288.dat
oldbits = 1769472, newbits = 320528, compressionratio = 5.52049, bpv = 5.79659
Total compression time: 78.549ms
eps = 0.0316913, rmse = 0.0250511, psnr = 26.0029
Total decompression time: 11.914ms
Total time: 90.507ms
  ✓ Compression successful (ratio: 5.52x)

[8/176] Processing: BCDEP_1_192_288.dat
oldbits = 1769472, newbits = 336336, compressionratio = 5.26102, bpv = 6.08247
Total compression time: 78.137ms
eps = 0.0317445, rmse = 0.0250093, psnr = 26.0174
Total decompression time: 12.045ms
Total time: 90.216ms
  ✓ Compression successful (ratio: 5.26x)

[9/176] Processing: BGNPP_1_192_288.dat
oldbits = 1769472, newbits = 336336, compressionratio = 5.26102, bpv = 6.08247
Total compression time: 79.15ms
eps = 0.0317445, rmse = 0.0250093, psnr = 26.0174
Total decompression time: 12.71ms
Total time: 91.913ms
  ✓ Compression successful (ratio: 5.26x)

[10/176] Processing: BTRAN_1_192_288.dat
oldbits = 1769472, newbits = 392400, compressionratio = 4.50936, bpv = 7.09635
Total compression time: 79.791ms
eps = 0.018428, rmse = 0.0145182, psnr = 30.7411
Total decompression time: 13.528ms
Total time: 93.363ms
  ✓ Compression successful (ratio: 4.50x)

[11/176] Processing: BUILDHEAT_1_192_288.dat
oldbits = 1769472, newbits = 330512, compressionratio = 5.35373, bpv = 5.97714
Total compression time: 80.646ms
eps = 0.0316396, rmse = 0.0249395, psnr = 26.0417
Total decompression time: 12.693ms
Total time: 93.383ms
  ✓ Compression successful (ratio: 5.35x)

[12/176] Processing: COL_CTRUNC_1_192_288.dat
oldbits = 1769472, newbits = 336336, compressionratio = 5.26102, bpv = 6.08247
Total compression time: 82.026ms
eps = 0.0317474, rmse = 0.0250116, psnr = 26.0166
Total decompression time: 13.31ms
Total time: 95.375ms
  ✓ Compression successful (ratio: 5.26x)

[13/176] Processing: COL_FIRE_CLOSS_1_192_288.dat
oldbits = 1769472, newbits = 336336, compressionratio = 5.26102, bpv = 6.08247
Total compression time: 92.897ms
eps = 0.0317445, rmse = 0.0250093, psnr = 26.0174
Total decompression time: 14.137ms
Total time: 107.08ms
  ✓ Compression successful (ratio: 5.26x)

[14/176] Processing: COL_FIRE_NLOSS_1_192_288.dat
oldbits = 1769472, newbits = 336336, compressionratio = 5.26102, bpv = 6.08247
Total compression time: 80.569ms
eps = 0.0317445, rmse = 0.0250093, psnr = 26.0174
Total decompression time: 12.412ms
Total time: 93.027ms
  ✓ Compression successful (ratio: 5.26x)

[15/176] Processing: COL_NTRUNC_1_192_288.dat
oldbits = 1769472, newbits = 336336, compressionratio = 5.26102, bpv = 6.08247
Total compression time: 78.922ms
eps = 0.0317291, rmse = 0.0249972, psnr = 26.0216
Total decompression time: 12.417ms
Total time: 91.384ms
  ✓ Compression successful (ratio: 5.26x)

[16/176] Processing: CPOOL_1_192_288.dat
oldbits = 1769472, newbits = 336336, compressionratio = 5.26102, bpv = 6.08247
Total compression time: 77.629ms
eps = 0.0317445, rmse = 0.0250093, psnr = 26.0174
Total decompression time: 12.294ms
Total time: 89.967ms
  ✓ Compression successful (ratio: 5.26x)

[17/176] Processing: CWDC_1_192_288.dat
oldbits = 1769472, newbits = 330064, compressionratio = 5.361, bpv = 5.96904
Total compression time: 83.147ms
eps = 0.0316265, rmse = 0.0249342, psnr = 26.0435
Total decompression time: 13.422ms
Total time: 96.611ms
  ✓ Compression successful (ratio: 5.36x)

[18/176] Processing: CWDC_HR_1_192_288.dat
oldbits = 1769472, newbits = 336336, compressionratio = 5.26102, bpv = 6.08247
Total compression time: 90.816ms
eps = 0.0317445, rmse = 0.0250093, psnr = 26.0174
Total decompression time: 13.777ms
Total time: 104.64ms
  ✓ Compression successful (ratio: 5.26x)

[19/176] Processing: CWDC_LOSS_1_192_288.dat
oldbits = 1769472, newbits = 336336, compressionratio = 5.26102, bpv = 6.08247
Total compression time: 87.522ms
eps = 0.0317445, rmse = 0.0250093, psnr = 26.0174
Total decompression time: 13.603ms
Total time: 101.165ms
  ✓ Compression successful (ratio: 5.26x)

[20/176] Processing: CWDN_1_192_288.dat
oldbits = 1769472, newbits = 335504, compressionratio = 5.27407, bpv = 6.06742
Total compression time: 90.898ms
eps = 0.031643, rmse = 0.0249298, psnr = 26.045
Total decompression time: 13.672ms
Total time: 104.613ms
  ✓ Compression successful (ratio: 5.27x)

[21/176] Processing: DEADCROOTC_1_192_288.dat
oldbits = 1769472, newbits = 328848, compressionratio = 5.38082, bpv = 5.94705
Total compression time: 84.216ms
eps = 0.0316859, rmse = 0.0249832, psnr = 26.0264
Total decompression time: 12.637ms
Total time: 96.908ms
  ✓ Compression successful (ratio: 5.38x)

[22/176] Processing: DEADCROOTN_1_192_288.dat
oldbits = 1769472, newbits = 334736, compressionratio = 5.28617, bpv = 6.05353
Total compression time: 78.439ms
eps = 0.031587, rmse = 0.024886, psnr = 26.0603
Total decompression time: 12.139ms
Total time: 90.618ms
  ✓ Compression successful (ratio: 5.28x)

[23/176] Processing: DEADSTEMC_1_192_288.dat
oldbits = 1769472, newbits = 327504, compressionratio = 5.4029, bpv = 5.92274
Total compression time: 79.072ms
eps = 0.031513, rmse = 0.0248552, psnr = 26.0711
Total decompression time: 12.069ms
Total time: 91.209ms
  ✓ Compression successful (ratio: 5.40x)

[24/176] Processing: DEADSTEMN_1_192_288.dat
oldbits = 1769472, newbits = 333584, compressionratio = 5.30443, bpv = 6.0327
Total compression time: 78.2ms
eps = 0.031565, rmse = 0.0248699, psnr = 26.0659
Total decompression time: 12.048ms
Total time: 90.292ms
  ✓ Compression successful (ratio: 5.30x)

[25/176] Processing: DENIT_1_192_288.dat
oldbits = 1769472, newbits = 336336, compressionratio = 5.26102, bpv = 6.08247
Total compression time: 77.431ms
eps = 0.0317445, rmse = 0.0250093, psnr = 26.0174
Total decompression time: 12.609ms
Total time: 90.084ms
  ✓ Compression successful (ratio: 5.26x)

[26/176] Processing: DISPVEGC_1_192_288.dat
oldbits = 1769472, newbits = 326736, compressionratio = 5.4156, bpv = 5.90885
Total compression time: 77.237ms
eps = 0.0316071, rmse = 0.0249337, psnr = 26.0437
Total decompression time: 11.805ms
Total time: 89.08ms
  ✓ Compression successful (ratio: 5.41x)

[27/176] Processing: DISPVEGN_1_192_288.dat
oldbits = 1769472, newbits = 389712, compressionratio = 4.54046, bpv = 7.04774
Total compression time: 78.354ms
eps = 0.0184389, rmse = 0.0145291, psnr = 30.7346
Total decompression time: 14.44ms
Total time: 92.828ms
  ✓ Compression successful (ratio: 4.54x)

[28/176] Processing: DSTDEP_1_192_288.dat
oldbits = 1769472, newbits = 336336, compressionratio = 5.26102, bpv = 6.08247
Total compression time: 83.297ms
eps = 0.0317445, rmse = 0.0250093, psnr = 26.0174
Total decompression time: 13.535ms
Total time: 96.877ms
  ✓ Compression successful (ratio: 5.26x)

[29/176] Processing: DSTFLXT_1_192_288.dat
oldbits = 1769472, newbits = 336336, compressionratio = 5.26102, bpv = 6.08247
Total compression time: 92.118ms
eps = 0.0317445, rmse = 0.0250093, psnr = 26.0174
Total decompression time: 13.239ms
Total time: 105.4ms
  ✓ Compression successful (ratio: 5.26x)

[30/176] Processing: DWT_CLOSS_1_192_288.dat
oldbits = 1769472, newbits = 336336, compressionratio = 5.26102, bpv = 6.08247
Total compression time: 78.672ms
eps = 0.0317445, rmse = 0.0250093, psnr = 26.0174
Total decompression time: 12.962ms
Total time: 91.678ms
  ✓ Compression successful (ratio: 5.26x)

[31/176] Processing: DWT_CONV_CFLUX_1_192_288.dat
oldbits = 1769472, newbits = 336336, compressionratio = 5.26102, bpv = 6.08247
Total compression time: 80.013ms
eps = 0.0317445, rmse = 0.0250093, psnr = 26.0174
Total decompression time: 12.011ms
Total time: 92.062ms
  ✓ Compression successful (ratio: 5.26x)

[32/176] Processing: DWT_CONV_NFLUX_1_192_288.dat
oldbits = 1769472, newbits = 336336, compressionratio = 5.26102, bpv = 6.08247
Total compression time: 79.506ms
eps = 0.0317445, rmse = 0.0250093, psnr = 26.0174
Total decompression time: 12.407ms
Total time: 91.97ms
  ✓ Compression successful (ratio: 5.26x)

[33/176] Processing: DWT_NLOSS_1_192_288.dat
oldbits = 1769472, newbits = 336336, compressionratio = 5.26102, bpv = 6.08247
Total compression time: 78.605ms
eps = 0.0317445, rmse = 0.0250093, psnr = 26.0174
Total decompression time: 12.32ms
Total time: 90.966ms
  ✓ Compression successful (ratio: 5.26x)

[34/176] Processing: DWT_PROD100C_GAIN_1_192_288.dat
oldbits = 1769472, newbits = 336336, compressionratio = 5.26102, bpv = 6.08247
Total compression time: 77.718ms
eps = 0.0317445, rmse = 0.0250093, psnr = 26.0174
Total decompression time: 12.061ms
Total time: 89.817ms
  ✓ Compression successful (ratio: 5.26x)

[35/176] Processing: DWT_PROD100N_GAIN_1_192_288.dat
oldbits = 1769472, newbits = 336336, compressionratio = 5.26102, bpv = 6.08247
Total compression time: 81.179ms
eps = 0.0317445, rmse = 0.0250093, psnr = 26.0174
Total decompression time: 12.149ms
Total time: 93.371ms
  ✓ Compression successful (ratio: 5.26x)

[36/176] Processing: DWT_PROD10C_GAIN_1_192_288.dat
oldbits = 1769472, newbits = 336336, compressionratio = 5.26102, bpv = 6.08247
Total compression time: 83.495ms
eps = 0.0317445, rmse = 0.0250093, psnr = 26.0174
Total decompression time: 12.606ms
Total time: 96.165ms
  ✓ Compression successful (ratio: 5.26x)

[37/176] Processing: DWT_PROD10N_GAIN_1_192_288.dat
oldbits = 1769472, newbits = 336336, compressionratio = 5.26102, bpv = 6.08247
Total compression time: 82.028ms
eps = 0.0317445, rmse = 0.0250093, psnr = 26.0174
Total decompression time: 12.492ms
Total time: 94.563ms
  ✓ Compression successful (ratio: 5.26x)

[38/176] Processing: DWT_SEEDC_TO_DEADSTEM_1_192_288.dat
oldbits = 1769472, newbits = 336336, compressionratio = 5.26102, bpv = 6.08247
Total compression time: 77.8ms
eps = 0.0317445, rmse = 0.0250093, psnr = 26.0174
Total decompression time: 12.738ms
Total time: 90.576ms
  ✓ Compression successful (ratio: 5.26x)

[39/176] Processing: DWT_SEEDC_TO_LEAF_1_192_288.dat
oldbits = 1769472, newbits = 336336, compressionratio = 5.26102, bpv = 6.08247
Total compression time: 80.306ms
eps = 0.0317445, rmse = 0.0250093, psnr = 26.0174
Total decompression time: 12.666ms
Total time: 93.025ms
  ✓ Compression successful (ratio: 5.26x)

[40/176] Processing: DWT_SEEDN_TO_DEADSTEM_1_192_288.dat
oldbits = 1769472, newbits = 336336, compressionratio = 5.26102, bpv = 6.08247
Total compression time: 78.499ms
eps = 0.0317445, rmse = 0.0250093, psnr = 26.0174
Total decompression time: 12.518ms
Total time: 91.062ms
  ✓ Compression successful (ratio: 5.26x)

[41/176] Processing: DWT_SEEDN_TO_LEAF_1_192_288.dat
oldbits = 1769472, newbits = 336336, compressionratio = 5.26102, bpv = 6.08247
Total compression time: 79.026ms
eps = 0.0317445, rmse = 0.0250093, psnr = 26.0174
Total decompression time: 12.142ms
Total time: 91.207ms
  ✓ Compression successful (ratio: 5.26x)

[42/176] Processing: EFLX_DYNBAL_1_192_288.dat
oldbits = 1769472, newbits = 336336, compressionratio = 5.26102, bpv = 6.08247
Total compression time: 78.166ms
eps = 0.0317445, rmse = 0.0250093, psnr = 26.0174
Total decompression time: 12.564ms
Total time: 90.77ms
  ✓ Compression successful (ratio: 5.26x)

[43/176] Processing: EFLX_LH_TOT_R_1_192_288.dat
oldbits = 1769472, newbits = 361744, compressionratio = 4.8915, bpv = 6.54196
Total compression time: 78.883ms
eps = 0.0165518, rmse = 0.0142203, psnr = 30.9212
Total decompression time: 12.17ms
Total time: 91.1ms
  ✓ Compression successful (ratio: 4.89x)

[44/176] Processing: EFLX_LH_TOT_U_1_192_288.dat
oldbits = 1769472, newbits = 344848, compressionratio = 5.13117, bpv = 6.2364
Total compression time: 74.808ms
eps = 0.0144516, rmse = 0.0138604, psnr = 31.1439
Total decompression time: 12.438ms
Total time: 87.287ms
  ✓ Compression successful (ratio: 5.13x)

[45/176] Processing: ELAI_1_192_288.dat
oldbits = 1769472, newbits = 334800, compressionratio = 5.28516, bpv = 6.05469
Total compression time: 81.8ms
eps = 0.0313906, rmse = 0.0247315, psnr = 26.1144
Total decompression time: 12.424ms
Total time: 94.279ms
  ✓ Compression successful (ratio: 5.28x)

[46/176] Processing: ER_1_192_288.dat
oldbits = 1769472, newbits = 336336, compressionratio = 5.26102, bpv = 6.08247
Total compression time: 81.012ms
eps = 0.0317445, rmse = 0.0250093, psnr = 26.0174
Total decompression time: 12.155ms
Total time: 93.21ms
  ✓ Compression successful (ratio: 5.26x)

[47/176] Processing: ERRH2O_1_192_288.dat
oldbits = 1769472, newbits = 336336, compressionratio = 5.26102, bpv = 6.08247
Total compression time: 79.493ms
eps = 0.0317445, rmse = 0.0250093, psnr = 26.0174
Total decompression time: 12.302ms
Total time: 91.862ms
  ✓ Compression successful (ratio: 5.26x)

[48/176] Processing: ERRSEB_1_192_288.dat
oldbits = 1769472, newbits = 336336, compressionratio = 5.26102, bpv = 6.08247
Total compression time: 78.92ms
eps = 0.0317445, rmse = 0.0250093, psnr = 26.0174
Total decompression time: 12.635ms
Total time: 91.593ms
  ✓ Compression successful (ratio: 5.26x)

[49/176] Processing: ERRSOI_1_192_288.dat
oldbits = 1769472, newbits = 336336, compressionratio = 5.26102, bpv = 6.08247
Total compression time: 79.992ms
eps = 0.0317445, rmse = 0.0250093, psnr = 26.0174
Total decompression time: 11.999ms
Total time: 92.049ms
  ✓ Compression successful (ratio: 5.26x)

[50/176] Processing: ERRSOL_1_192_288.dat
oldbits = 1769472, newbits = 336336, compressionratio = 5.26102, bpv = 6.08247
Total compression time: 78.012ms
eps = 0.0317445, rmse = 0.0250093, psnr = 26.0174
Total decompression time: 12.254ms
Total time: 90.304ms
  ✓ Compression successful (ratio: 5.26x)

[51/176] Processing: ESAI_1_192_288.dat
oldbits = 1769472, newbits = 335376, compressionratio = 5.27608, bpv = 6.0651
Total compression time: 79.152ms
eps = 0.0316177, rmse = 0.0249096, psnr = 26.0521
Total decompression time: 12.326ms
Total time: 91.519ms
  ✓ Compression successful (ratio: 5.27x)

[52/176] Processing: FCEV_1_192_288.dat
oldbits = 1769472, newbits = 332112, compressionratio = 5.32794, bpv = 6.00608
Total compression time: 80.721ms
eps = 0.0315956, rmse = 0.0248969, psnr = 26.0565
Total decompression time: 12.536ms
Total time: 93.301ms
  ✓ Compression successful (ratio: 5.32x)

[53/176] Processing: FCOV_1_192_288.dat
oldbits = 1769472, newbits = 316688, compressionratio = 5.58743, bpv = 5.72714
Total compression time: 82.57ms
eps = 0.0277562, rmse = 0.0238394, psnr = 26.4335
Total decompression time: 11.557ms
Total time: 94.186ms
  ✓ Compression successful (ratio: 5.58x)

[54/176] Processing: FCTR_1_192_288.dat
oldbits = 1769472, newbits = 332432, compressionratio = 5.32281, bpv = 6.01186
Total compression time: 78.525ms
eps = 0.0315421, rmse = 0.0248531, psnr = 26.0718
Total decompression time: 12.445ms
Total time: 91.029ms
  ✓ Compression successful (ratio: 5.32x)

[55/176] Processing: FGEV_1_192_288.dat
oldbits = 1769472, newbits = 331408, compressionratio = 5.33926, bpv = 5.99334
Total compression time: 79.891ms
eps = 0.0317037, rmse = 0.0249857, psnr = 26.0256
Total decompression time: 12.454ms
Total time: 92.392ms
  ✓ Compression successful (ratio: 5.33x)

[56/176] Processing: FGR_1_192_288.dat
oldbits = 1769472, newbits = 329744, compressionratio = 5.3662, bpv = 5.96325
Total compression time: 79.857ms
eps = 0.031699, rmse = 0.0249912, psnr = 26.0237
Total decompression time: 12.08ms
Total time: 91.979ms
  ✓ Compression successful (ratio: 5.36x)

[57/176] Processing: FGR12_1_192_288.dat
oldbits = 1769472, newbits = 330000, compressionratio = 5.36204, bpv = 5.96788
Total compression time: 81.783ms
eps = 0.031745, rmse = 0.0250231, psnr = 26.0126
Total decompression time: 12.237ms
Total time: 94.061ms
  ✓ Compression successful (ratio: 5.36x)

[58/176] Processing: FGR_R_1_192_288.dat
oldbits = 1769472, newbits = 312016, compressionratio = 5.67109, bpv = 5.64265
Total compression time: 79.539ms
eps = 0.0276928, rmse = 0.0237918, psnr = 26.4509
Total decompression time: 14.227ms
Total time: 93.81ms
  ✓ Compression successful (ratio: 5.67x)

[59/176] Processing: FGR_U_1_192_288.dat
oldbits = 1769472, newbits = 342736, compressionratio = 5.16278, bpv = 6.19821
Total compression time: 97.496ms
eps = 0.0144252, rmse = 0.0138365, psnr = 31.1589
Total decompression time: 15.487ms
Total time: 113.029ms
  ✓ Compression successful (ratio: 5.16x)

[60/176] Processing: FIRA_1_192_288.dat
oldbits = 1769472, newbits = 387280, compressionratio = 4.56897, bpv = 7.00376
Total compression time: 158.047ms
eps = 0.0185199, rmse = 0.0146, psnr = 30.6923
Total decompression time: 14.086ms
Total time: 172.186ms
  ✓ Compression successful (ratio: 4.56x)

[61/176] Processing: FIRA_R_1_192_288.dat
oldbits = 1769472, newbits = 361488, compressionratio = 4.89497, bpv = 6.53733
Total compression time: 80.607ms
eps = 0.0164553, rmse = 0.0141384, psnr = 30.9714
Total decompression time: 12.384ms
Total time: 93.036ms
  ✓ Compression successful (ratio: 4.89x)

[62/176] Processing: FIRA_U_1_192_288.dat
oldbits = 1769472, newbits = 344592, compressionratio = 5.13498, bpv = 6.23177
Total compression time: 77.23ms
eps = 0.0144039, rmse = 0.0138149, psnr = 31.1725
Total decompression time: 12.62ms
Total time: 89.895ms
  ✓ Compression successful (ratio: 5.13x)

[63/176] Processing: FIRE_1_192_288.dat
oldbits = 1769472, newbits = 327568, compressionratio = 5.40185, bpv = 5.9239
Total compression time: 83.468ms
eps = 0.0316991, rmse = 0.0249988, psnr = 26.021
Total decompression time: 11.774ms
Total time: 95.28ms
  ✓ Compression successful (ratio: 5.40x)

[64/176] Processing: FIRESEASONL_1_192_288.dat
oldbits = 1769472, newbits = 364624, compressionratio = 4.85287, bpv = 6.59404
Total compression time: 80.427ms
eps = 0.0164984, rmse = 0.0141741, psnr = 30.9495
Total decompression time: 12.664ms
Total time: 93.137ms
  ✓ Compression successful (ratio: 4.85x)

[65/176] Processing: FLDS_1_192_288.dat
oldbits = 1769472, newbits = 327504, compressionratio = 5.4029, bpv = 5.92274
Total compression time: 79.064ms
eps = 0.0317132, rmse = 0.0250102, psnr = 26.017
Total decompression time: 11.923ms
Total time: 91.055ms
  ✓ Compression successful (ratio: 5.40x)

[66/176] Processing: FLUXFM2A_1_192_288.dat
oldbits = 1769472, newbits = 336336, compressionratio = 5.26102, bpv = 6.08247
Total compression time: 80.145ms
eps = 0.0317445, rmse = 0.0250093, psnr = 26.0174
Total decompression time: 13.243ms
Total time: 93.43ms
  ✓ Compression successful (ratio: 5.26x)

[67/176] Processing: FLUXFMLND_1_192_288.dat
oldbits = 1769472, newbits = 336336, compressionratio = 5.26102, bpv = 6.08247
Total compression time: 79.923ms
eps = 0.0317445, rmse = 0.0250093, psnr = 26.0174
Total decompression time: 12.091ms
Total time: 92.055ms
  ✓ Compression successful (ratio: 5.26x)

[68/176] Processing: FPG_1_192_288.dat
oldbits = 1769472, newbits = 367248, compressionratio = 4.81819, bpv = 6.64149
Total compression time: 78.856ms
eps = 0.0165135, rmse = 0.0141832, psnr = 30.9439
Total decompression time: 12.288ms
Total time: 91.182ms
  ✓ Compression successful (ratio: 4.81x)

[69/176] Processing: FPI_1_192_288.dat
oldbits = 1769472, newbits = 316432, compressionratio = 5.59195, bpv = 5.72251
Total compression time: 78.46ms
eps = 0.0276395, rmse = 0.0237394, psnr = 26.47
Total decompression time: 12.577ms
Total time: 91.085ms
  ✓ Compression successful (ratio: 5.59x)

[70/176] Processing: FPSN_1_192_288.dat
oldbits = 1769472, newbits = 333584, compressionratio = 5.30443, bpv = 6.0327
Total compression time: 79.543ms
eps = 0.0315118, rmse = 0.0248275, psnr = 26.0807
Total decompression time: 12.601ms
Total time: 92.186ms
  ✓ Compression successful (ratio: 5.30x)

[71/176] Processing: FROOTC_1_192_288.dat
oldbits = 1769472, newbits = 330192, compressionratio = 5.35892, bpv = 5.97135
Total compression time: 78.926ms
eps = 0.0315152, rmse = 0.0248418, psnr = 26.0757
Total decompression time: 11.952ms
Total time: 90.918ms
  ✓ Compression successful (ratio: 5.35x)

[72/176] Processing: FROOTC_ALLOC_1_192_288.dat
oldbits = 1769472, newbits = 336336, compressionratio = 5.26102, bpv = 6.08247
Total compression time: 80.157ms
eps = 0.0317445, rmse = 0.0250093, psnr = 26.0174
Total decompression time: 12.696ms
Total time: 92.896ms
  ✓ Compression successful (ratio: 5.26x)

[73/176] Processing: FROOTC_LOSS_1_192_288.dat
oldbits = 1769472, newbits = 336336, compressionratio = 5.26102, bpv = 6.08247
Total compression time: 79.763ms
eps = 0.0317445, rmse = 0.0250093, psnr = 26.0174
Total decompression time: 12.732ms
Total time: 92.542ms
  ✓ Compression successful (ratio: 5.26x)

[74/176] Processing: FROOTN_1_192_288.dat
oldbits = 1769472, newbits = 334160, compressionratio = 5.29528, bpv = 6.04311
Total compression time: 89.3ms
eps = 0.0315236, rmse = 0.0248367, psnr = 26.0775
Total decompression time: 13.952ms
Total time: 103.296ms
  ✓ Compression successful (ratio: 5.29x)

[75/176] Processing: FSA_1_192_288.dat
oldbits = 1769472, newbits = 329744, compressionratio = 5.3662, bpv = 5.96325
Total compression time: 82.149ms
eps = 0.0317255, rmse = 0.0250126, psnr = 26.0162
Total decompression time: 11.982ms
Total time: 94.171ms
  ✓ Compression successful (ratio: 5.36x)

[76/176] Processing: FSA_R_1_192_288.dat
oldbits = 1769472, newbits = 361744, compressionratio = 4.8915, bpv = 6.54196
Total compression time: 82.795ms
eps = 0.016581, rmse = 0.014247, psnr = 30.9049
Total decompression time: 13.823ms
Total time: 96.657ms
  ✓ Compression successful (ratio: 4.89x)

[77/176] Processing: FSAT_1_192_288.dat
oldbits = 1769472, newbits = 367568, compressionratio = 4.814, bpv = 6.64728
Total compression time: 79.626ms
eps = 0.016526, rmse = 0.014194, psnr = 30.9373
Total decompression time: 13.433ms
Total time: 93.1ms
  ✓ Compression successful (ratio: 4.81x)

[78/176] Processing: FSA_U_1_192_288.dat
oldbits = 1769472, newbits = 343696, compressionratio = 5.14836, bpv = 6.21557
Total compression time: 75.267ms
eps = 0.014529, rmse = 0.0139355, psnr = 31.097
Total decompression time: 12.395ms
Total time: 87.705ms
  ✓ Compression successful (ratio: 5.14x)

[79/176] Processing: FSDS_1_192_288.dat
oldbits = 1769472, newbits = 329424, compressionratio = 5.37141, bpv = 5.95747
Total compression time: 180.48ms
eps = 0.0317419, rmse = 0.0250322, psnr = 26.0094
Total decompression time: 13.305ms
Total time: 193.865ms
  ✓ Compression successful (ratio: 5.37x)

[80/176] Processing: FSDSND_1_192_288.dat
oldbits = 1769472, newbits = 330832, compressionratio = 5.34855, bpv = 5.98293
Total compression time: 80.902ms
eps = 0.0316836, rmse = 0.0249783, psnr = 26.0281
Total decompression time: 11.185ms
Total time: 92.126ms
  ✓ Compression successful (ratio: 5.34x)

[81/176] Processing: FSDSNDLN_1_192_288.dat
oldbits = 1769472, newbits = 385552, compressionratio = 4.58945, bpv = 6.97251
Total compression time: 81.209ms
eps = 0.0184889, rmse = 0.014581, psnr = 30.7037
Total decompression time: 12.873ms
Total time: 94.145ms
  ✓ Compression successful (ratio: 4.58x)

[82/176] Processing: FSDSNI_1_192_288.dat
oldbits = 1769472, newbits = 389392, compressionratio = 4.54419, bpv = 7.04196
Total compression time: 83.715ms
eps = 0.0185009, rmse = 0.0145799, psnr = 30.7043
Total decompression time: 13.463ms
Total time: 97.236ms
  ✓ Compression successful (ratio: 4.54x)

[83/176] Processing: FSDSVD_1_192_288.dat
oldbits = 1769472, newbits = 330512, compressionratio = 5.35373, bpv = 5.97714
Total compression time: 80.112ms
eps = 0.0317057, rmse = 0.0249945, psnr = 26.0225
Total decompression time: 12.471ms
Total time: 92.622ms
  ✓ Compression successful (ratio: 5.35x)

[84/176] Processing: FSDSVDLN_1_192_288.dat
oldbits = 1769472, newbits = 328656, compressionratio = 5.38396, bpv = 5.94358
Total compression time: 177.902ms
eps = 0.0317343, rmse = 0.0250253, psnr = 26.0118
Total decompression time: 12.777ms
Total time: 190.742ms
  ✓ Compression successful (ratio: 5.38x)

[85/176] Processing: FSDSVI_1_192_288.dat
oldbits = 1769472, newbits = 331408, compressionratio = 5.33926, bpv = 5.99334
Total compression time: 79.973ms
eps = 0.0317314, rmse = 0.0250102, psnr = 26.0171
Total decompression time: 12.514ms
Total time: 92.531ms
  ✓ Compression successful (ratio: 5.33x)

[86/176] Processing: FSH_1_192_288.dat
oldbits = 1769472, newbits = 328336, compressionratio = 5.38921, bpv = 5.93779
Total compression time: 81.317ms
eps = 0.0316763, rmse = 0.0249776, psnr = 26.0284
Total decompression time: 12.639ms
Total time: 94.032ms
  ✓ Compression successful (ratio: 5.38x)

[87/176] Processing: FSH_G_1_192_288.dat
oldbits = 1769472, newbits = 328144, compressionratio = 5.39236, bpv = 5.93432
Total compression time: 84.709ms
eps = 0.031699, rmse = 0.024995, psnr = 26.0223
Total decompression time: 11.938ms
Total time: 96.688ms
  ✓ Compression successful (ratio: 5.39x)

[88/176] Processing: FSH_NODYNLNDUSE_1_192_288.dat
oldbits = 1769472, newbits = 328336, compressionratio = 5.38921, bpv = 5.93779
Total compression time: 191.101ms
eps = 0.0316763, rmse = 0.0249776, psnr = 26.0284
Total decompression time: 12.495ms
Total time: 203.642ms
  ✓ Compression successful (ratio: 5.38x)

[89/176] Processing: FSH_R_1_192_288.dat
oldbits = 1769472, newbits = 360720, compressionratio = 4.90539, bpv = 6.52344
Total compression time: 82.502ms
eps = 0.0165469, rmse = 0.0142193, psnr = 30.9218
Total decompression time: 12.359ms
Total time: 94.902ms
  ✓ Compression successful (ratio: 4.90x)

[90/176] Processing: FSH_U_1_192_288.dat
oldbits = 1769472, newbits = 344016, compressionratio = 5.14357, bpv = 6.22135
Total compression time: 74.838ms
eps = 0.0144178, rmse = 0.0138289, psnr = 31.1637
Total decompression time: 12.262ms
Total time: 87.159ms
  ✓ Compression successful (ratio: 5.14x)

[91/176] Processing: FSH_V_1_192_288.dat
oldbits = 1769472, newbits = 328912, compressionratio = 5.37977, bpv = 5.94821
Total compression time: 81.087ms
eps = 0.0316602, rmse = 0.0249614, psnr = 26.034
Total decompression time: 12.498ms
Total time: 93.627ms
  ✓ Compression successful (ratio: 5.37x)

[92/176] Processing: FSM_1_192_288.dat
oldbits = 1769472, newbits = 335632, compressionratio = 5.27206, bpv = 6.06973
Total compression time: 217.093ms
eps = 0.0317511, rmse = 0.025015, psnr = 26.0154
Total decompression time: 13.175ms
Total time: 230.315ms
  ✓ Compression successful (ratio: 5.27x)

[93/176] Processing: FSM_R_1_192_288.dat
oldbits = 1769472, newbits = 367952, compressionratio = 4.80898, bpv = 6.65422
Total compression time: 83.181ms
eps = 0.0164969, rmse = 0.0141691, psnr = 30.9526
Total decompression time: 12.735ms
Total time: 95.959ms
  ✓ Compression successful (ratio: 4.80x)

[94/176] Processing: FSM_U_1_192_288.dat
oldbits = 1769472, newbits = 349584, compressionratio = 5.06165, bpv = 6.32205
Total compression time: 79.976ms
eps = 0.0145662, rmse = 0.0139693, psnr = 31.0759
Total decompression time: 13.364ms
Total time: 93.39ms
  ✓ Compression successful (ratio: 5.06x)

[95/176] Processing: FSNO_1_192_288.dat
oldbits = 1769472, newbits = 336272, compressionratio = 5.26203, bpv = 6.08131
Total compression time: 80.605ms
eps = 0.0316231, rmse = 0.0249139, psnr = 26.0506
Total decompression time: 13.466ms
Total time: 94.108ms
  ✓ Compression successful (ratio: 5.26x)

[96/176] Processing: FSR_1_192_288.dat
oldbits = 1769472, newbits = 332304, compressionratio = 5.32486, bpv = 6.00955
Total compression time: 82.559ms
eps = 0.0316421, rmse = 0.0249451, psnr = 26.0397
Total decompression time: 12.232ms
Total time: 94.851ms
  ✓ Compression successful (ratio: 5.32x)

[97/176] Processing: FSRND_1_192_288.dat
oldbits = 1769472, newbits = 332368, compressionratio = 5.32383, bpv = 6.01071
Total compression time: 80.458ms
eps = 0.0315873, rmse = 0.0248962, psnr = 26.0568
Total decompression time: 12.001ms
Total time: 92.506ms
  ✓ Compression successful (ratio: 5.32x)

[98/176] Processing: FSRNDLN_1_192_288.dat
oldbits = 1769472, newbits = 331472, compressionratio = 5.33822, bpv = 5.9945
Total compression time: 80.524ms
eps = 0.031614, rmse = 0.0249228, psnr = 26.0475
Total decompression time: 11.626ms
Total time: 92.198ms
  ✓ Compression successful (ratio: 5.33x)

[99/176] Processing: FSRNI_1_192_288.dat
oldbits = 1769472, newbits = 333648, compressionratio = 5.30341, bpv = 6.03385
Total compression time: 82.14ms
eps = 0.0316489, rmse = 0.0249385, psnr = 26.042
Total decompression time: 16.812ms
Total time: 99.027ms
  ✓ Compression successful (ratio: 5.30x)

[100/176] Processing: FSRVD_1_192_288.dat
oldbits = 1769472, newbits = 333584, compressionratio = 5.30443, bpv = 6.0327
Total compression time: 82.876ms
eps = 0.0316794, rmse = 0.0249673, psnr = 26.032
Total decompression time: 12.637ms
Total time: 95.558ms
  ✓ Compression successful (ratio: 5.30x)

[101/176] Processing: FSRVDLN_1_192_288.dat
oldbits = 1769472, newbits = 332304, compressionratio = 5.32486, bpv = 6.00955
Total compression time: 82.232ms
eps = 0.0315988, rmse = 0.0249083, psnr = 26.0525
Total decompression time: 12.112ms
Total time: 94.385ms
  ✓ Compression successful (ratio: 5.32x)

[102/176] Processing: FSRVI_1_192_288.dat
oldbits = 1769472, newbits = 334096, compressionratio = 5.2963, bpv = 6.04196
Total compression time: 194.766ms
eps = 0.0316348, rmse = 0.0249298, psnr = 26.045
Total decompression time: 13.825ms
Total time: 208.662ms
  ✓ Compression successful (ratio: 5.29x)

[103/176] Processing: GC_HEAT1_1_192_288.dat
oldbits = 1769472, newbits = 374992, compressionratio = 4.71869, bpv = 6.78154
Total compression time: 87.372ms
eps = 0.0185206, rmse = 0.0146522, psnr = 30.6614
Total decompression time: 13.536ms
Total time: 100.969ms
  ✓ Compression successful (ratio: 4.71x)

[104/176] Processing: GC_HEAT2_1_192_288.dat
oldbits = 1769472, newbits = 336336, compressionratio = 5.26102, bpv = 6.08247
Total compression time: 79.883ms
eps = 0.0317445, rmse = 0.0250093, psnr = 26.0174
Total decompression time: 12.377ms
Total time: 92.302ms
  ✓ Compression successful (ratio: 5.26x)

[105/176] Processing: GC_ICE1_1_192_288.dat
oldbits = 1769472, newbits = 332368, compressionratio = 5.32383, bpv = 6.01071
Total compression time: 85.395ms
eps = 0.0317981, rmse = 0.0250999, psnr = 25.9859
Total decompression time: 11.832ms
Total time: 97.269ms
  ✓ Compression successful (ratio: 5.32x)

[106/176] Processing: GC_ICE2_1_192_288.dat
oldbits = 1769472, newbits = 336336, compressionratio = 5.26102, bpv = 6.08247
Total compression time: 77.057ms
eps = 0.0317445, rmse = 0.0250093, psnr = 26.0174
Total decompression time: 11.814ms
Total time: 88.909ms
  ✓ Compression successful (ratio: 5.26x)

[107/176] Processing: GC_LIQ1_1_192_288.dat
oldbits = 1769472, newbits = 269776, compressionratio = 6.55904, bpv = 4.87876
Total compression time: 78.648ms
eps = 0.0375109, rmse = 0.0297937, psnr = 24.4969
Total decompression time: 10.885ms
Total time: 89.576ms
  ✓ Compression successful (ratio: 6.55x)

[108/176] Processing: GC_LIQ2_1_192_288.dat
oldbits = 1769472, newbits = 336336, compressionratio = 5.26102, bpv = 6.08247
Total compression time: 77.298ms
eps = 0.0317445, rmse = 0.0250093, psnr = 26.0174
Total decompression time: 11.926ms
Total time: 89.289ms
  ✓ Compression successful (ratio: 5.26x)

[109/176] Processing: GPP_1_192_288.dat
oldbits = 1769472, newbits = 336336, compressionratio = 5.26102, bpv = 6.08247
Total compression time: 79.671ms
eps = 0.0317445, rmse = 0.0250093, psnr = 26.0174
Total decompression time: 12.5ms
Total time: 92.232ms
  ✓ Compression successful (ratio: 5.26x)

[110/176] Processing: GR_1_192_288.dat
oldbits = 1769472, newbits = 336336, compressionratio = 5.26102, bpv = 6.08247
Total compression time: 82.082ms
eps = 0.0317445, rmse = 0.0250093, psnr = 26.0174
Total decompression time: 13.305ms
Total time: 95.429ms
  ✓ Compression successful (ratio: 5.26x)

[111/176] Processing: GROSS_NMIN_1_192_288.dat
oldbits = 1769472, newbits = 336336, compressionratio = 5.26102, bpv = 6.08247
Total compression time: 77.926ms
eps = 0.0317445, rmse = 0.0250093, psnr = 26.0174
Total decompression time: 12.28ms
Total time: 90.265ms
  ✓ Compression successful (ratio: 5.26x)

[112/176] Processing: H2OCAN_1_192_288.dat
oldbits = 1769472, newbits = 336464, compressionratio = 5.25902, bpv = 6.08478
Total compression time: 78.989ms
eps = 0.0316442, rmse = 0.0249303, psnr = 26.0449
Total decompression time: 11.429ms
Total time: 90.46ms
  ✓ Compression successful (ratio: 5.25x)

[113/176] Processing: H2OSNO_1_192_288.dat
oldbits = 1769472, newbits = 390352, compressionratio = 4.53302, bpv = 7.05932
Total compression time: 79.97ms
eps = 0.0184661, rmse = 0.01456, psnr = 30.7162
Total decompression time: 12.877ms
Total time: 92.884ms
  ✓ Compression successful (ratio: 4.53x)

[114/176] Processing: H2OSNO_TOP_1_192_288.dat
oldbits = 1769472, newbits = 335824, compressionratio = 5.26905, bpv = 6.07321
Total compression time: 80.617ms
eps = 0.0316775, rmse = 0.0249574, psnr = 26.0354
Total decompression time: 11.786ms
Total time: 92.44ms
  ✓ Compression successful (ratio: 5.26x)

[115/176] Processing: HC_1_192_288.dat
oldbits = 1769472, newbits = 321872, compressionratio = 5.49744, bpv = 5.82089
Total compression time: 82.016ms
eps = 0.0316361, rmse = 0.0249951, psnr = 26.0223
Total decompression time: 12.416ms
Total time: 94.488ms
  ✓ Compression successful (ratio: 5.49x)

[116/176] Processing: HCSOI_1_192_288.dat
oldbits = 1769472, newbits = 322256, compressionratio = 5.49089, bpv = 5.82784
Total compression time: 81.883ms
eps = 0.0316807, rmse = 0.0250295, psnr = 26.0103
Total decompression time: 11.865ms
Total time: 93.791ms
  ✓ Compression successful (ratio: 5.49x)

[117/176] Processing: HEAT_FROM_AC_1_192_288.dat
oldbits = 1769472, newbits = 336336, compressionratio = 5.26102, bpv = 6.08247
Total compression time: 77.435ms
eps = 0.0317742, rmse = 0.0250327, psnr = 26.0092
Total decompression time: 12.196ms
Total time: 89.688ms
  ✓ Compression successful (ratio: 5.26x)

[118/176] Processing: HR_1_192_288.dat
oldbits = 1769472, newbits = 336336, compressionratio = 5.26102, bpv = 6.08247
Total compression time: 80.082ms
eps = 0.0317445, rmse = 0.0250093, psnr = 26.0174
Total decompression time: 12.271ms
Total time: 92.418ms
  ✓ Compression successful (ratio: 5.26x)

[119/176] Processing: HTOP_1_192_288.dat
oldbits = 1769472, newbits = 333136, compressionratio = 5.31156, bpv = 6.02459
Total compression time: 78.731ms
eps = 0.0315308, rmse = 0.0248435, psnr = 26.0751
Total decompression time: 12.065ms
Total time: 90.852ms
  ✓ Compression successful (ratio: 5.31x)

[120/176] Processing: LAISHA_1_192_288.dat
oldbits = 1769472, newbits = 334736, compressionratio = 5.28617, bpv = 6.05353
Total compression time: 85.995ms
eps = 0.0314395, rmse = 0.02477, psnr = 26.1009
Total decompression time: 12.48ms
Total time: 98.541ms
  ✓ Compression successful (ratio: 5.28x)

[121/176] Processing: LAISUN_1_192_288.dat
oldbits = 1769472, newbits = 393104, compressionratio = 4.50128, bpv = 7.10909
Total compression time: 86.124ms
eps = 0.0184946, rmse = 0.0145706, psnr = 30.7098
Total decompression time: 13.273ms
Total time: 99.441ms
  ✓ Compression successful (ratio: 4.50x)

[122/176] Processing: landfrac_192_288.dat
oldbits = 1769472, newbits = 335632, compressionratio = 5.27206, bpv = 6.06973
Total compression time: 80.055ms
eps = 0.0317817, rmse = 0.0250391, psnr = 26.007
Total decompression time: 12.331ms
Total time: 92.427ms
  ✓ Compression successful (ratio: 5.27x)

[123/176] Processing: latixy_192_288.dat
oldbits = 1769472, newbits = 328272, compressionratio = 5.39026, bpv = 5.93663
Total compression time: 79.172ms
eps = 0.0316055, rmse = 0.0249195, psnr = 26.0486
Total decompression time: 12.405ms
Total time: 91.614ms
  ✓ Compression successful (ratio: 5.39x)

[124/176] Processing: latixyatm_192_288.dat
oldbits = 1769472, newbits = 103824, compressionratio = 17.043, bpv = 1.8776
Total compression time: 64.424ms
eps = 0.0119979, rmse = 0.0102281, psnr = 33.7835
Total decompression time: 8.009ms
Total time: 72.471ms
  ✓ Compression successful (ratio: 17.04x)

[125/176] Processing: LEAFC_1_192_288.dat
oldbits = 1769472, newbits = 330192, compressionratio = 5.35892, bpv = 5.97135
Total compression time: 84.623ms
eps = 0.0315573, rmse = 0.0248739, psnr = 26.0645
Total decompression time: 12.078ms
Total time: 96.745ms
  ✓ Compression successful (ratio: 5.35x)

[126/176] Processing: LEAFC_ALLOC_1_192_288.dat
oldbits = 1769472, newbits = 336336, compressionratio = 5.26102, bpv = 6.08247
Total compression time: 79.448ms
eps = 0.0317445, rmse = 0.0250093, psnr = 26.0174
Total decompression time: 12.268ms
Total time: 91.756ms
  ✓ Compression successful (ratio: 5.26x)

[127/176] Processing: LEAFC_LOSS_1_192_288.dat
oldbits = 1769472, newbits = 336336, compressionratio = 5.26102, bpv = 6.08247
Total compression time: 80.279ms
eps = 0.0317445, rmse = 0.0250093, psnr = 26.0174
Total decompression time: 12.356ms
Total time: 92.68ms
  ✓ Compression successful (ratio: 5.26x)

[128/176] Processing: LEAFN_1_192_288.dat
oldbits = 1769472, newbits = 333904, compressionratio = 5.29934, bpv = 6.03848
Total compression time: 78.505ms
eps = 0.031484, rmse = 0.0248057, psnr = 26.0884
Total decompression time: 12.386ms
Total time: 90.93ms
  ✓ Compression successful (ratio: 5.29x)

[129/176] Processing: LITFALL_1_192_288.dat
oldbits = 1769472, newbits = 336336, compressionratio = 5.26102, bpv = 6.08247
Total compression time: 78.861ms
eps = 0.0317445, rmse = 0.0250093, psnr = 26.0174
Total decompression time: 12.874ms
Total time: 91.779ms
  ✓ Compression successful (ratio: 5.26x)

[130/176] Processing: LITHR_1_192_288.dat
oldbits = 1769472, newbits = 336336, compressionratio = 5.26102, bpv = 6.08247
Total compression time: 78.946ms
eps = 0.0317445, rmse = 0.0250093, psnr = 26.0174
Total decompression time: 12.743ms
Total time: 91.732ms
  ✓ Compression successful (ratio: 5.26x)

[131/176] Processing: LITR1C_1_192_288.dat
oldbits = 1769472, newbits = 335120, compressionratio = 5.28011, bpv = 6.06047
Total compression time: 79.737ms
eps = 0.0317552, rmse = 0.0250187, psnr = 26.0141
Total decompression time: 12.639ms
Total time: 92.418ms
  ✓ Compression successful (ratio: 5.28x)

[132/176] Processing: LITR1C_TO_SOIL1C_1_192_288.dat
oldbits = 1769472, newbits = 336336, compressionratio = 5.26102, bpv = 6.08247
Total compression time: 86.958ms
eps = 0.0317445, rmse = 0.0250093, psnr = 26.0174
Total decompression time: 13.17ms
Total time: 100.172ms
  ✓ Compression successful (ratio: 5.26x)

[133/176] Processing: LITR1N_1_192_288.dat
oldbits = 1769472, newbits = 336144, compressionratio = 5.26403, bpv = 6.07899
Total compression time: 79.144ms
eps = 0.0317344, rmse = 0.0250014, psnr = 26.0201
Total decompression time: 12.177ms
Total time: 91.362ms
  ✓ Compression successful (ratio: 5.26x)

[134/176] Processing: LITR2C_1_192_288.dat
oldbits = 1769472, newbits = 332560, compressionratio = 5.32076, bpv = 6.01418
Total compression time: 79.851ms
eps = 0.0316599, rmse = 0.024949, psnr = 26.0384
Total decompression time: 11.702ms
Total time: 91.59ms
  ✓ Compression successful (ratio: 5.32x)

[135/176] Processing: LITR2C_TO_SOIL2C_1_192_288.dat
oldbits = 1769472, newbits = 336336, compressionratio = 5.26102, bpv = 6.08247
Total compression time: 77.378ms
eps = 0.0317445, rmse = 0.0250093, psnr = 26.0174
Total decompression time: 12.057ms
Total time: 89.473ms
  ✓ Compression successful (ratio: 5.26x)

[136/176] Processing: LITR2N_1_192_288.dat
oldbits = 1769472, newbits = 335760, compressionratio = 5.27005, bpv = 6.07205
Total compression time: 80.158ms
eps = 0.0315989, rmse = 0.0248948, psnr = 26.0572
Total decompression time: 11.757ms
Total time: 91.96ms
  ✓ Compression successful (ratio: 5.27x)

[137/176] Processing: LITR3C_1_192_288.dat
oldbits = 1769472, newbits = 331792, compressionratio = 5.33308, bpv = 6.00029
Total compression time: 79.383ms
eps = 0.0316887, rmse = 0.0249742, psnr = 26.0296
Total decompression time: 11.888ms
Total time: 91.326ms
  ✓ Compression successful (ratio: 5.33x)

[138/176] Processing: LITR3C_TO_SOIL3C_1_192_288.dat
oldbits = 1769472, newbits = 336336, compressionratio = 5.26102, bpv = 6.08247
Total compression time: 80.765ms
eps = 0.0317445, rmse = 0.0250093, psnr = 26.0174
Total decompression time: 12.515ms
Total time: 93.323ms
  ✓ Compression successful (ratio: 5.26x)

[139/176] Processing: LITR3N_1_192_288.dat
oldbits = 1769472, newbits = 335504, compressionratio = 5.27407, bpv = 6.06742
Total compression time: 80.109ms
eps = 0.0315728, rmse = 0.0248743, psnr = 26.0644
Total decompression time: 12.4ms
Total time: 92.552ms
  ✓ Compression successful (ratio: 5.27x)

[140/176] Processing: LITTERC_1_192_288.dat
oldbits = 1769472, newbits = 289040, compressionratio = 6.12189, bpv = 5.22714
Total compression time: 81.796ms
eps = 0.0378501, rmse = 0.0298327, psnr = 24.4856
Total decompression time: 11.057ms
Total time: 92.909ms
  ✓ Compression successful (ratio: 6.12x)

[141/176] Processing: LITTERC_HR_1_192_288.dat
oldbits = 1769472, newbits = 336336, compressionratio = 5.26102, bpv = 6.08247
Total compression time: 82.801ms
eps = 0.0317445, rmse = 0.0250093, psnr = 26.0174
Total decompression time: 13.141ms
Total time: 95.983ms
  ✓ Compression successful (ratio: 5.26x)

[142/176] Processing: LITTERC_LOSS_1_192_288.dat
oldbits = 1769472, newbits = 336336, compressionratio = 5.26102, bpv = 6.08247
Total compression time: 78.911ms
eps = 0.0317445, rmse = 0.0250093, psnr = 26.0174
Total decompression time: 12.094ms
Total time: 91.046ms
  ✓ Compression successful (ratio: 5.26x)

[143/176] Processing: LIVECROOTC_1_192_288.dat
oldbits = 1769472, newbits = 334032, compressionratio = 5.29731, bpv = 6.0408
Total compression time: 77.194ms
eps = 0.031489, rmse = 0.0248095, psnr = 26.0871
Total decompression time: 11.756ms
Total time: 88.99ms
  ✓ Compression successful (ratio: 5.29x)

[144/176] Processing: LIVECROOTN_1_192_288.dat
oldbits = 1769472, newbits = 393104, compressionratio = 4.50128, bpv = 7.10909
Total compression time: 83.768ms
eps = 0.018442, rmse = 0.0145292, psnr = 30.7346
Total decompression time: 14.431ms
Total time: 98.246ms
  ✓ Compression successful (ratio: 4.50x)

[145/176] Processing: LIVESTEMC_1_192_288.dat
oldbits = 1769472, newbits = 333008, compressionratio = 5.3136, bpv = 6.02228
Total compression time: 83.213ms
eps = 0.0316216, rmse = 0.0249158, psnr = 26.0499
Total decompression time: 13.313ms
Total time: 96.572ms
  ✓ Compression successful (ratio: 5.31x)

[146/176] Processing: LIVESTEMN_1_192_288.dat
oldbits = 1769472, newbits = 336016, compressionratio = 5.26603, bpv = 6.07668
Total compression time: 78.597ms
eps = 0.0317043, rmse = 0.0249777, psnr = 26.0284
Total decompression time: 13.141ms
Total time: 91.78ms
  ✓ Compression successful (ratio: 5.26x)

[147/176] Processing: longxy_192_288.dat
oldbits = 1769472, newbits = 327568, compressionratio = 5.40185, bpv = 5.9239
Total compression time: 91.986ms
eps = 0.0317067, rmse = 0.0250053, psnr = 26.0188
Total decompression time: 14.619ms
Total time: 106.653ms
  ✓ Compression successful (ratio: 5.40x)

[148/176] Processing: longxyatm_192_288.dat
oldbits = 1769472, newbits = 552784, compressionratio = 3.20102, bpv = 9.99682
Total compression time: 85.269ms
eps = 0.0108488, rmse = 0.00547237, psnr = 39.2159
Total decompression time: 15.709ms
Total time: 101.021ms
  ✓ Compression successful (ratio: 3.20x)

[149/176] Processing: MEAN_FIRE_PROB_1_192_288.dat
oldbits = 1769472, newbits = 317584, compressionratio = 5.57167, bpv = 5.74334
Total compression time: 83.709ms
eps = 0.0277314, rmse = 0.0238181, psnr = 26.4413
Total decompression time: 12.068ms
Total time: 95.821ms
  ✓ Compression successful (ratio: 5.57x)

[150/176] Processing: MR_1_192_288.dat
oldbits = 1769472, newbits = 336336, compressionratio = 5.26102, bpv = 6.08247
Total compression time: 79.253ms
eps = 0.031744, rmse = 0.0250089, psnr = 26.0175
Total decompression time: 12.153ms
Total time: 91.448ms
  ✓ Compression successful (ratio: 5.26x)

[151/176] Processing: NBP_1_192_288.dat
oldbits = 1769472, newbits = 336336, compressionratio = 5.26102, bpv = 6.08247
Total compression time: 80.505ms
eps = 0.0317445, rmse = 0.0250093, psnr = 26.0174
Total decompression time: 12.234ms
Total time: 92.791ms
  ✓ Compression successful (ratio: 5.26x)

[152/176] Processing: NDEPLOY_1_192_288.dat
oldbits = 1769472, newbits = 336336, compressionratio = 5.26102, bpv = 6.08247
Total compression time: 79.428ms
eps = 0.0317445, rmse = 0.0250093, psnr = 26.0174
Total decompression time: 12.778ms
Total time: 92.247ms
  ✓ Compression successful (ratio: 5.26x)

[153/176] Processing: NDEP_TO_SMINN_1_192_288.dat
oldbits = 1769472, newbits = 336336, compressionratio = 5.26102, bpv = 6.08247
Total compression time: 78.853ms
eps = 0.0317445, rmse = 0.0250093, psnr = 26.0174
Total decompression time: 12.193ms
Total time: 91.106ms
  ✓ Compression successful (ratio: 5.26x)

[154/176] Processing: NEE_1_192_288.dat
oldbits = 1769472, newbits = 336336, compressionratio = 5.26102, bpv = 6.08247
Total compression time: 84.049ms
eps = 0.0317445, rmse = 0.0250093, psnr = 26.0174
Total decompression time: 12.198ms
Total time: 96.29ms
  ✓ Compression successful (ratio: 5.26x)

[155/176] Processing: NEP_1_192_288.dat
oldbits = 1769472, newbits = 336336, compressionratio = 5.26102, bpv = 6.08247
Total compression time: 81.924ms
eps = 0.0317445, rmse = 0.0250093, psnr = 26.0174
Total decompression time: 12.285ms
Total time: 94.25ms
  ✓ Compression successful (ratio: 5.26x)

[156/176] Processing: NET_NMIN_1_192_288.dat
oldbits = 1769472, newbits = 336336, compressionratio = 5.26102, bpv = 6.08247
Total compression time: 79.54ms
eps = 0.0317445, rmse = 0.0250093, psnr = 26.0174
Total decompression time: 13.513ms
Total time: 93.112ms
  ✓ Compression successful (ratio: 5.26x)

[157/176] Processing: NFIX_TO_SMINN_1_192_288.dat
oldbits = 1769472, newbits = 336336, compressionratio = 5.26102, bpv = 6.08247
Total compression time: 85.375ms
eps = 0.0317445, rmse = 0.0250093, psnr = 26.0174
Total decompression time: 12.233ms
Total time: 97.648ms
  ✓ Compression successful (ratio: 5.26x)

[158/176] Processing: NPP_1_192_288.dat
oldbits = 1769472, newbits = 336336, compressionratio = 5.26102, bpv = 6.08247
Total compression time: 79.836ms
eps = 0.031744, rmse = 0.0250089, psnr = 26.0175
Total decompression time: 12.08ms
Total time: 91.975ms
  ✓ Compression successful (ratio: 5.26x)

[159/176] Processing: OCDEP_1_192_288.dat
oldbits = 1769472, newbits = 336336, compressionratio = 5.26102, bpv = 6.08247
Total compression time: 79.715ms
eps = 0.0317445, rmse = 0.0250093, psnr = 26.0174
Total decompression time: 12.32ms
Total time: 92.076ms
  ✓ Compression successful (ratio: 5.26x)

[160/176] Processing: PBOT_1_192_288.dat
oldbits = 1769472, newbits = 274896, compressionratio = 6.43688, bpv = 4.97135
Total compression time: 208.559ms
eps = 0.0375854, rmse = 0.0297536, psnr = 24.5086
Total decompression time: 12.27ms
Total time: 220.883ms
  ✓ Compression successful (ratio: 6.43x)

[161/176] Processing: PCO2_1_192_288.dat
oldbits = 1769472, newbits = 329232, compressionratio = 5.37454, bpv = 5.95399
Total compression time: 98.253ms
eps = 0.0316623, rmse = 0.0249603, psnr = 26.0344
Total decompression time: 11.767ms
Total time: 110.06ms
  ✓ Compression successful (ratio: 5.37x)

[162/176] Processing: PFT_CTRUNC_1_192_288.dat
oldbits = 1769472, newbits = 336336, compressionratio = 5.26102, bpv = 6.08247
Total compression time: 89.44ms
eps = 0.0317419, rmse = 0.0250072, psnr = 26.0181
Total decompression time: 12.206ms
Total time: 101.691ms
  ✓ Compression successful (ratio: 5.26x)

[163/176] Processing: PFT_FIRE_CLOSS_1_192_288.dat
oldbits = 1769472, newbits = 336336, compressionratio = 5.26102, bpv = 6.08247
Total compression time: 82.106ms
eps = 0.0317445, rmse = 0.0250093, psnr = 26.0174
Total decompression time: 33.598ms
Total time: 115.751ms
  ✓ Compression successful (ratio: 5.26x)

[164/176] Processing: PFT_FIRE_NLOSS_1_192_288.dat
oldbits = 1769472, newbits = 336336, compressionratio = 5.26102, bpv = 6.08247
Total compression time: 78.494ms
eps = 0.0317445, rmse = 0.0250093, psnr = 26.0174
Total decompression time: 12.026ms
Total time: 90.561ms
  ✓ Compression successful (ratio: 5.26x)

[165/176] Processing: PFT_NTRUNC_1_192_288.dat
oldbits = 1769472, newbits = 336336, compressionratio = 5.26102, bpv = 6.08247
Total compression time: 79.816ms
eps = 0.0317437, rmse = 0.0250087, psnr = 26.0176
Total decompression time: 12.444ms
Total time: 92.299ms
  ✓ Compression successful (ratio: 5.26x)

[166/176] Processing: PLANT_NDEMAND_1_192_288.dat
oldbits = 1769472, newbits = 336336, compressionratio = 5.26102, bpv = 6.08247
Total compression time: 79.283ms
eps = 0.0317445, rmse = 0.0250093, psnr = 26.0174
Total decompression time: 12.651ms
Total time: 91.994ms
  ✓ Compression successful (ratio: 5.26x)

[167/176] Processing: POTENTIAL_IMMOB_1_192_288.dat
oldbits = 1769472, newbits = 336336, compressionratio = 5.26102, bpv = 6.08247
Total compression time: 79.628ms
eps = 0.0317445, rmse = 0.0250093, psnr = 26.0174
Total decompression time: 12.417ms
Total time: 92.119ms
  ✓ Compression successful (ratio: 5.26x)

[168/176] Processing: PROD100C_1_192_288.dat
oldbits = 1769472, newbits = 336336, compressionratio = 5.26102, bpv = 6.08247
Total compression time: 78.408ms
eps = 0.0317445, rmse = 0.0250093, psnr = 26.0174
Total decompression time: 12.342ms
Total time: 90.789ms
  ✓ Compression successful (ratio: 5.26x)

[169/176] Processing: PROD100C_LOSS_1_192_288.dat
oldbits = 1769472, newbits = 336336, compressionratio = 5.26102, bpv = 6.08247
Total compression time: 81.853ms
eps = 0.0317445, rmse = 0.0250093, psnr = 26.0174
Total decompression time: 12.516ms
Total time: 94.412ms
  ✓ Compression successful (ratio: 5.26x)

[170/176] Processing: PROD100N_1_192_288.dat
oldbits = 1769472, newbits = 336336, compressionratio = 5.26102, bpv = 6.08247
Total compression time: 175.981ms
eps = 0.0317445, rmse = 0.0250093, psnr = 26.0174
Total decompression time: 12.718ms
Total time: 188.744ms
  ✓ Compression successful (ratio: 5.26x)

[171/176] Processing: PROD100N_LOSS_1_192_288.dat
oldbits = 1769472, newbits = 336336, compressionratio = 5.26102, bpv = 6.08247
Total compression time: 82.992ms
eps = 0.0317445, rmse = 0.0250093, psnr = 26.0174
Total decompression time: 12.582ms
Total time: 95.626ms
  ✓ Compression successful (ratio: 5.26x)

[172/176] Processing: PROD10C_1_192_288.dat
oldbits = 1769472, newbits = 336336, compressionratio = 5.26102, bpv = 6.08247
Total compression time: 80.629ms
eps = 0.0317445, rmse = 0.0250093, psnr = 26.0174
Total decompression time: 12.11ms
Total time: 92.784ms
  ✓ Compression successful (ratio: 5.26x)

[173/176] Processing: PROD10C_LOSS_1_192_288.dat
oldbits = 1769472, newbits = 336336, compressionratio = 5.26102, bpv = 6.08247
Total compression time: 77.969ms
eps = 0.0317445, rmse = 0.0250093, psnr = 26.0174
Total decompression time: 12.2ms
Total time: 90.208ms
  ✓ Compression successful (ratio: 5.26x)

[174/176] Processing: PROD10N_1_192_288.dat
oldbits = 1769472, newbits = 336336, compressionratio = 5.26102, bpv = 6.08247
Total compression time: 80.941ms
eps = 0.0317445, rmse = 0.0250093, psnr = 26.0174
Total decompression time: 12.677ms
Total time: 93.676ms
  ✓ Compression successful (ratio: 5.26x)

[175/176] Processing: topo_192_288.dat
oldbits = 1769472, newbits = 336336, compressionratio = 5.26102, bpv = 6.08247
Total compression time: 227.826ms
eps = 0.0317445, rmse = 0.0250093, psnr = 26.0174
Total decompression time: 13.989ms
Total time: 241.865ms
  ✓ Compression successful (ratio: 5.26x)

[176/176] Processing: topodnsc_192_288.dat
oldbits = 1769472, newbits = 336336, compressionratio = 5.26102, bpv = 6.08247
Total compression time: 83.142ms
eps = 0.0317445, rmse = 0.0250093, psnr = 26.0174
Total decompression time: 13.157ms
Total time: 96.344ms
  ✓ Compression successful (ratio: 5.26x)

=== Summary ===
Total files processed: 176
Total files skipped: 0
Total files failed: 0

