Auto-detected decompressed suffix: .tthresh.out

Found 176 .dat file(s) to process

[1/176] Processing: ACTUAL_IMMOB_1_192_288.dat
  False Negatives: 620
  False Positives: 22721
  False Types: 161
  Grand Total: 23502

[2/176] Processing: AGNPP_1_192_288.dat
  False Negatives: 1093
  False Positives: 22594
  False Types: 315
  Grand Total: 24002

[3/176] Processing: ANN_FAREA_BURNED_1_192_288.dat
  False Negatives: 1887
  False Positives: 24625
  False Types: 589
  Grand Total: 27101

[4/176] Processing: AR_1_192_288.dat
  False Negatives: 2003
  False Positives: 22405
  False Types: 601
  Grand Total: 25009

[5/176] Processing: area_192_288.dat
  False Negatives: 5
  False Positives: 23520
  False Types: 0
  Grand Total: 23525

[6/176] Processing: areaatm_192_288.dat
  False Negatives: 1
  False Positives: 21269
  False Types: 0
  Grand Total: 21270

[7/176] Processing: areaupsc_192_288.dat
  False Negatives: 5
  False Positives: 23520
  False Types: 0
  Grand Total: 23525

[8/176] Processing: BCDEP_1_192_288.dat
  False Negatives: 0
  False Positives: 22869
  False Types: 0
  Grand Total: 22869

[9/176] Processing: BGNPP_1_192_288.dat
  False Negatives: 1150
  False Positives: 22584
  False Types: 335
  Grand Total: 24069

[10/176] Processing: BTRAN_1_192_288.dat
  False Negatives: 1951
  False Positives: 23140
  False Types: 607
  Grand Total: 25698

[11/176] Processing: BUILDHEAT_1_192_288.dat
  False Negatives: 1187
  False Positives: 23587
  False Types: 330
  Grand Total: 25104

[12/176] Processing: COL_CTRUNC_1_192_288.dat
  False Negatives: 656
  False Positives: 22701
  False Types: 210
  Grand Total: 23567

[13/176] Processing: COL_FIRE_CLOSS_1_192_288.dat
  False Negatives: 377
  False Positives: 22786
  False Types: 125
  Grand Total: 23288

[14/176] Processing: COL_FIRE_NLOSS_1_192_288.dat
  False Negatives: 28
  False Positives: 22861
  False Types: 11
  Grand Total: 22900

[15/176] Processing: COL_NTRUNC_1_192_288.dat
  False Negatives: 318
  False Positives: 22798
  False Types: 105
  Grand Total: 23221

[16/176] Processing: CPOOL_1_192_288.dat
  False Negatives: 0
  False Positives: 22869
  False Types: 0
  Grand Total: 22869

[17/176] Processing: CWDC_1_192_288.dat
  False Negatives: 1920
  False Positives: 21935
  False Types: 510
  Grand Total: 24365

[18/176] Processing: CWDC_HR_1_192_288.dat
  False Negatives: 0
  False Positives: 22869
  False Types: 0
  Grand Total: 22869

[19/176] Processing: CWDC_LOSS_1_192_288.dat
  False Negatives: 1099
  False Positives: 22599
  False Types: 331
  Grand Total: 24029

[20/176] Processing: CWDN_1_192_288.dat
  False Negatives: 2056
  False Positives: 22501
  False Types: 584
  Grand Total: 25141

[21/176] Processing: DEADCROOTC_1_192_288.dat
  False Negatives: 1869
  False Positives: 22038
  False Types: 508
  Grand Total: 24415

[22/176] Processing: DEADCROOTN_1_192_288.dat
  False Negatives: 2067
  False Positives: 22361
  False Types: 600
  Grand Total: 25028

[23/176] Processing: DEADSTEMC_1_192_288.dat
  False Negatives: 1864
  False Positives: 21939
  False Types: 504
  Grand Total: 24307

[24/176] Processing: DEADSTEMN_1_192_288.dat
  False Negatives: 2025
  False Positives: 22489
  False Types: 601
  Grand Total: 25115

[25/176] Processing: DENIT_1_192_288.dat
  False Negatives: 146
  False Positives: 22840
  False Types: 47
  Grand Total: 23033

[26/176] Processing: DISPVEGC_1_192_288.dat
  False Negatives: 2073
  False Positives: 22014
  False Types: 552
  Grand Total: 24639

[27/176] Processing: DISPVEGN_1_192_288.dat
  False Negatives: 2158
  False Positives: 22863
  False Types: 572
  Grand Total: 25593

[28/176] Processing: DSTDEP_1_192_288.dat
  False Negatives: 0
  False Positives: 22869
  False Types: 0
  Grand Total: 22869

[29/176] Processing: DSTFLXT_1_192_288.dat
  False Negatives: 51
  False Positives: 22853
  False Types: 13
  Grand Total: 22917

[30/176] Processing: DWT_CLOSS_1_192_288.dat
  False Negatives: 0
  False Positives: 22869
  False Types: 0
  Grand Total: 22869

[31/176] Processing: DWT_CONV_CFLUX_1_192_288.dat
  False Negatives: 0
  False Positives: 22869
  False Types: 0
  Grand Total: 22869

[32/176] Processing: DWT_CONV_NFLUX_1_192_288.dat
  False Negatives: 0
  False Positives: 22869
  False Types: 0
  Grand Total: 22869

[33/176] Processing: DWT_NLOSS_1_192_288.dat
  False Negatives: 0
  False Positives: 22869
  False Types: 0
  Grand Total: 22869

[34/176] Processing: DWT_PROD100C_GAIN_1_192_288.dat
  False Negatives: 0
  False Positives: 22869
  False Types: 0
  Grand Total: 22869

[35/176] Processing: DWT_PROD100N_GAIN_1_192_288.dat
  False Negatives: 0
  False Positives: 22869
  False Types: 0
  Grand Total: 22869

[36/176] Processing: DWT_PROD10C_GAIN_1_192_288.dat
  False Negatives: 0
  False Positives: 22869
  False Types: 0
  Grand Total: 22869

[37/176] Processing: DWT_PROD10N_GAIN_1_192_288.dat
  False Negatives: 0
  False Positives: 22869
  False Types: 0
  Grand Total: 22869

[38/176] Processing: DWT_SEEDC_TO_DEADSTEM_1_192_288.dat
  False Negatives: 0
  False Positives: 22869
  False Types: 0
  Grand Total: 22869

[39/176] Processing: DWT_SEEDC_TO_LEAF_1_192_288.dat
  False Negatives: 0
  False Positives: 22869
  False Types: 0
  Grand Total: 22869

[40/176] Processing: DWT_SEEDN_TO_DEADSTEM_1_192_288.dat
  False Negatives: 0
  False Positives: 22869
  False Types: 0
  Grand Total: 22869

[41/176] Processing: DWT_SEEDN_TO_LEAF_1_192_288.dat
  False Negatives: 0
  False Positives: 22869
  False Types: 0
  Grand Total: 22869

[42/176] Processing: EFLX_DYNBAL_1_192_288.dat
  False Negatives: 0
  False Positives: 22869
  False Types: 0
  Grand Total: 22869

[43/176] Processing: EFLX_LH_TOT_R_1_192_288.dat
  False Negatives: 2112
  False Positives: 24856
  False Types: 638
  Grand Total: 27606

[44/176] Processing: EFLX_LH_TOT_U_1_192_288.dat
  False Negatives: 698
  False Positives: 26879
  False Types: 141
  Grand Total: 27718

[45/176] Processing: ELAI_1_192_288.dat
  False Negatives: 2373
  False Positives: 22313
  False Types: 718
  Grand Total: 25404

[46/176] Processing: ER_1_192_288.dat
  False Negatives: 2049
  False Positives: 22397
  False Types: 625
  Grand Total: 25071

[47/176] Processing: ERRH2O_1_192_288.dat
  False Negatives: 0
  False Positives: 22869
  False Types: 0
  Grand Total: 22869

[48/176] Processing: ERRSEB_1_192_288.dat
  False Negatives: 0
  False Positives: 22869
  False Types: 0
  Grand Total: 22869

[49/176] Processing: ERRSOI_1_192_288.dat
  False Negatives: 0
  False Positives: 22869
  False Types: 0
  Grand Total: 22869

[50/176] Processing: ERRSOL_1_192_288.dat
  False Negatives: 0
  False Positives: 22869
  False Types: 0
  Grand Total: 22869

[51/176] Processing: ESAI_1_192_288.dat
  False Negatives: 2491
  False Positives: 22211
  False Types: 719
  Grand Total: 25421

[52/176] Processing: FCEV_1_192_288.dat
  False Negatives: 2002
  False Positives: 23322
  False Types: 588
  Grand Total: 25912

[53/176] Processing: FCOV_1_192_288.dat
  False Negatives: 3217
  False Positives: 24720
  False Types: 931
  Grand Total: 28868

[54/176] Processing: FCTR_1_192_288.dat
  False Negatives: 1997
  False Positives: 22477
  False Types: 573
  Grand Total: 25047

[55/176] Processing: FGEV_1_192_288.dat
  False Negatives: 3388
  False Positives: 22958
  False Types: 900
  Grand Total: 27246

[56/176] Processing: FGR_1_192_288.dat
  False Negatives: 3677
  False Positives: 23084
  False Types: 1029
  Grand Total: 27790

[57/176] Processing: FGR12_1_192_288.dat
  False Negatives: 3536
  False Positives: 23036
  False Types: 996
  Grand Total: 27568

[58/176] Processing: FGR_R_1_192_288.dat
  False Negatives: 2210
  False Positives: 24906
  False Types: 643
  Grand Total: 27759

[59/176] Processing: FGR_U_1_192_288.dat
  False Negatives: 609
  False Positives: 26076
  False Types: 106
  Grand Total: 26791

[60/176] Processing: FIRA_1_192_288.dat
  False Negatives: 2729
  False Positives: 23847
  False Types: 787
  Grand Total: 27363

[61/176] Processing: FIRA_R_1_192_288.dat
  False Negatives: 1854
  False Positives: 25732
  False Types: 534
  Grand Total: 28120

[62/176] Processing: FIRA_U_1_192_288.dat
  False Negatives: 637
  False Positives: 26575
  False Types: 119
  Grand Total: 27331

[63/176] Processing: FIRE_1_192_288.dat
  False Negatives: 1544
  False Positives: 23299
  False Types: 427
  Grand Total: 25270

[64/176] Processing: FIRESEASONL_1_192_288.dat
  False Negatives: 1598
  False Positives: 24845
  False Types: 400
  Grand Total: 26843

[65/176] Processing: FLDS_1_192_288.dat
  False Negatives: 1579
  False Positives: 23323
  False Types: 421
  Grand Total: 25323

[66/176] Processing: FLUXFM2A_1_192_288.dat
  False Negatives: 0
  False Positives: 22869
  False Types: 0
  Grand Total: 22869

[67/176] Processing: FLUXFMLND_1_192_288.dat
  False Negatives: 0
  False Positives: 22869
  False Types: 0
  Grand Total: 22869

[68/176] Processing: FPG_1_192_288.dat
  False Negatives: 1588
  False Positives: 25454
  False Types: 458
  Grand Total: 27500

[69/176] Processing: FPI_1_192_288.dat
  False Negatives: 2268
  False Positives: 24709
  False Types: 652
  Grand Total: 27629

[70/176] Processing: FPSN_1_192_288.dat
  False Negatives: 1885
  False Positives: 22335
  False Types: 578
  Grand Total: 24798

[71/176] Processing: FROOTC_1_192_288.dat
  False Negatives: 2198
  False Positives: 21937
  False Types: 606
  Grand Total: 24741

[72/176] Processing: FROOTC_ALLOC_1_192_288.dat
  False Negatives: 1138
  False Positives: 22580
  False Types: 338
  Grand Total: 24056

[73/176] Processing: FROOTC_LOSS_1_192_288.dat
  False Negatives: 1638
  False Positives: 22473
  False Types: 517
  Grand Total: 24628

[74/176] Processing: FROOTN_1_192_288.dat
  False Negatives: 2308
  False Positives: 22327
  False Types: 695
  Grand Total: 25330

[75/176] Processing: FSA_1_192_288.dat
  False Negatives: 2654
  False Positives: 23188
  False Types: 707
  Grand Total: 26549

[76/176] Processing: FSA_R_1_192_288.dat
  False Negatives: 1183
  False Positives: 25817
  False Types: 367
  Grand Total: 27367

[77/176] Processing: FSAT_1_192_288.dat
  False Negatives: 3200
  False Positives: 25422
  False Types: 976
  Grand Total: 29598

[78/176] Processing: FSA_U_1_192_288.dat
  False Negatives: 548
  False Positives: 26411
  False Types: 107
  Grand Total: 27066

[79/176] Processing: FSDS_1_192_288.dat
  False Negatives: 1490
  False Positives: 23284
  False Types: 365
  Grand Total: 25139

[80/176] Processing: FSDSND_1_192_288.dat
  False Negatives: 1695
  False Positives: 23432
  False Types: 426
  Grand Total: 25553

[81/176] Processing: FSDSNDLN_1_192_288.dat
  False Negatives: 1956
  False Positives: 24188
  False Types: 542
  Grand Total: 26686

[82/176] Processing: FSDSNI_1_192_288.dat
  False Negatives: 2421
  False Positives: 24171
  False Types: 680
  Grand Total: 27272

[83/176] Processing: FSDSVD_1_192_288.dat
  False Negatives: 1646
  False Positives: 23207
  False Types: 387
  Grand Total: 25240

[84/176] Processing: FSDSVDLN_1_192_288.dat
  False Negatives: 1865
  False Positives: 23096
  False Types: 465
  Grand Total: 25426

[85/176] Processing: FSDSVI_1_192_288.dat
  False Negatives: 2243
  False Positives: 23378
  False Types: 624
  Grand Total: 26245

[86/176] Processing: FSH_1_192_288.dat
  False Negatives: 3463
  False Positives: 23065
  False Types: 919
  Grand Total: 27447

[87/176] Processing: FSH_G_1_192_288.dat
  False Negatives: 3928
  False Positives: 22952
  False Types: 1069
  Grand Total: 27949

[88/176] Processing: FSH_NODYNLNDUSE_1_192_288.dat
  False Negatives: 3463
  False Positives: 23065
  False Types: 919
  Grand Total: 27447

[89/176] Processing: FSH_R_1_192_288.dat
  False Negatives: 2168
  False Positives: 24881
  False Types: 670
  Grand Total: 27719

[90/176] Processing: FSH_U_1_192_288.dat
  False Negatives: 661
  False Positives: 26286
  False Types: 132
  Grand Total: 27079

[91/176] Processing: FSH_V_1_192_288.dat
  False Negatives: 2346
  False Positives: 23182
  False Types: 699
  Grand Total: 26227

[92/176] Processing: FSM_1_192_288.dat
  False Negatives: 2151
  False Positives: 22607
  False Types: 566
  Grand Total: 25324

[93/176] Processing: FSM_R_1_192_288.dat
  False Negatives: 1455
  False Positives: 25675
  False Types: 436
  Grand Total: 27566

[94/176] Processing: FSM_U_1_192_288.dat
  False Negatives: 488
  False Positives: 26221
  False Types: 88
  Grand Total: 26797

[95/176] Processing: FSNO_1_192_288.dat
  False Negatives: 901
  False Positives: 23623
  False Types: 249
  Grand Total: 24773

[96/176] Processing: FSR_1_192_288.dat
  False Negatives: 3318
  False Positives: 23202
  False Types: 888
  Grand Total: 27408

[97/176] Processing: FSRND_1_192_288.dat
  False Negatives: 3155
  False Positives: 22997
  False Types: 837
  Grand Total: 26989

[98/176] Processing: FSRNDLN_1_192_288.dat
  False Negatives: 3337
  False Positives: 23145
  False Types: 904
  Grand Total: 27386

[99/176] Processing: FSRNI_1_192_288.dat
  False Negatives: 3237
  False Positives: 22975
  False Types: 877
  Grand Total: 27089

[100/176] Processing: FSRVD_1_192_288.dat
  False Negatives: 2656
  False Positives: 23092
  False Types: 686
  Grand Total: 26434

[101/176] Processing: FSRVDLN_1_192_288.dat
  False Negatives: 2754
  False Positives: 23166
  False Types: 741
  Grand Total: 26661

[102/176] Processing: FSRVI_1_192_288.dat
  False Negatives: 3056
  False Positives: 23175
  False Types: 841
  Grand Total: 27072

[103/176] Processing: GC_HEAT1_1_192_288.dat
  False Negatives: 3800
  False Positives: 24563
  False Types: 1213
  Grand Total: 29576

[104/176] Processing: GC_HEAT2_1_192_288.dat
  False Negatives: 0
  False Positives: 22869
  False Types: 0
  Grand Total: 22869

[105/176] Processing: GC_ICE1_1_192_288.dat
  False Negatives: 1679
  False Positives: 24224
  False Types: 472
  Grand Total: 26375

[106/176] Processing: GC_ICE2_1_192_288.dat
  False Negatives: 0
  False Positives: 22869
  False Types: 0
  Grand Total: 22869

[107/176] Processing: GC_LIQ1_1_192_288.dat
  False Negatives: 3337
  False Positives: 23712
  False Types: 1041
  Grand Total: 28090

[108/176] Processing: GC_LIQ2_1_192_288.dat
  False Negatives: 0
  False Positives: 22869
  False Types: 0
  Grand Total: 22869

[109/176] Processing: GPP_1_192_288.dat
  False Negatives: 1614
  False Positives: 22459
  False Types: 480
  Grand Total: 24553

[110/176] Processing: GR_1_192_288.dat
  False Negatives: 1114
  False Positives: 22608
  False Types: 309
  Grand Total: 24031

[111/176] Processing: GROSS_NMIN_1_192_288.dat
  False Negatives: 603
  False Positives: 22737
  False Types: 161
  Grand Total: 23501

[112/176] Processing: H2OCAN_1_192_288.dat
  False Negatives: 2495
  False Positives: 22307
  False Types: 703
  Grand Total: 25505

[113/176] Processing: H2OSNO_1_192_288.dat
  False Negatives: 1658
  False Positives: 24561
  False Types: 462
  Grand Total: 26681

[114/176] Processing: H2OSNO_TOP_1_192_288.dat
  False Negatives: 2922
  False Positives: 23089
  False Types: 762
  Grand Total: 26773

[115/176] Processing: HC_1_192_288.dat
  False Negatives: 3658
  False Positives: 22938
  False Types: 1103
  Grand Total: 27699

[116/176] Processing: HCSOI_1_192_288.dat
  False Negatives: 3605
  False Positives: 23043
  False Types: 1100
  Grand Total: 27748

[117/176] Processing: HEAT_FROM_AC_1_192_288.dat
  False Negatives: 55
  False Positives: 22870
  False Types: 14
  Grand Total: 22939

[118/176] Processing: HR_1_192_288.dat
  False Negatives: 2042
  False Positives: 22407
  False Types: 599
  Grand Total: 25048

[119/176] Processing: HTOP_1_192_288.dat
  False Negatives: 2395
  False Positives: 22388
  False Types: 677
  Grand Total: 25460

[120/176] Processing: LAISHA_1_192_288.dat
  False Negatives: 2375
  False Positives: 22292
  False Types: 736
  Grand Total: 25403

[121/176] Processing: LAISUN_1_192_288.dat
  False Negatives: 2016
  False Positives: 23241
  False Types: 605
  Grand Total: 25862

[122/176] Processing: landfrac_192_288.dat
  False Negatives: 967
  False Positives: 23729
  False Types: 94
  Grand Total: 24790

[123/176] Processing: latixy_192_288.dat
  False Negatives: 4
  False Positives: 23544
  False Types: 0
  Grand Total: 23548

[124/176] Processing: latixyatm_192_288.dat
  False Negatives: 9
  False Positives: 17248
  False Types: 1
  Grand Total: 17258

[125/176] Processing: LEAFC_1_192_288.dat
  False Negatives: 2116
  False Positives: 22224
  False Types: 602
  Grand Total: 24942

[126/176] Processing: LEAFC_ALLOC_1_192_288.dat
  False Negatives: 1057
  False Positives: 22583
  False Types: 305
  Grand Total: 23945

[127/176] Processing: LEAFC_LOSS_1_192_288.dat
  False Negatives: 1522
  False Positives: 22466
  False Types: 467
  Grand Total: 24455

[128/176] Processing: LEAFN_1_192_288.dat
  False Negatives: 2293
  False Positives: 22204
  False Types: 647
  Grand Total: 25144

[129/176] Processing: LITFALL_1_192_288.dat
  False Negatives: 1962
  False Positives: 22377
  False Types: 601
  Grand Total: 24940

[130/176] Processing: LITHR_1_192_288.dat
  False Negatives: 1913
  False Positives: 22421
  False Types: 561
  Grand Total: 24895

[131/176] Processing: LITR1C_1_192_288.dat
  False Negatives: 2705
  False Positives: 22076
  False Types: 781
  Grand Total: 25562

[132/176] Processing: LITR1C_TO_SOIL1C_1_192_288.dat
  False Negatives: 1354
  False Positives: 22527
  False Types: 394
  Grand Total: 24275

[133/176] Processing: LITR1N_1_192_288.dat
  False Negatives: 2787
  False Positives: 22388
  False Types: 881
  Grand Total: 26056

[134/176] Processing: LITR2C_1_192_288.dat
  False Negatives: 2501
  False Positives: 22120
  False Types: 689
  Grand Total: 25310

[135/176] Processing: LITR2C_TO_SOIL2C_1_192_288.dat
  False Negatives: 1642
  False Positives: 22490
  False Types: 481
  Grand Total: 24613

[136/176] Processing: LITR2N_1_192_288.dat
  False Negatives: 2732
  False Positives: 22313
  False Types: 838
  Grand Total: 25883

[137/176] Processing: LITR3C_1_192_288.dat
  False Negatives: 2542
  False Positives: 22054
  False Types: 712
  Grand Total: 25308

[138/176] Processing: LITR3C_TO_SOIL3C_1_192_288.dat
  False Negatives: 1402
  False Positives: 22528
  False Types: 422
  Grand Total: 24352

[139/176] Processing: LITR3N_1_192_288.dat
  False Negatives: 2716
  False Positives: 22251
  False Types: 766
  Grand Total: 25733

[140/176] Processing: LITTERC_1_192_288.dat
  False Negatives: 2608
  False Positives: 22109
  False Types: 762
  Grand Total: 25479

[141/176] Processing: LITTERC_HR_1_192_288.dat
  False Negatives: 1913
  False Positives: 22421
  False Types: 561
  Grand Total: 24895

[142/176] Processing: LITTERC_LOSS_1_192_288.dat
  False Negatives: 2169
  False Positives: 22381
  False Types: 640
  Grand Total: 25190

[143/176] Processing: LIVECROOTC_1_192_288.dat
  False Negatives: 2050
  False Positives: 22393
  False Types: 590
  Grand Total: 25033

[144/176] Processing: LIVECROOTN_1_192_288.dat
  False Negatives: 2138
  False Positives: 23077
  False Types: 654
  Grand Total: 25869

[145/176] Processing: LIVESTEMC_1_192_288.dat
  False Negatives: 2095
  False Positives: 22356
  False Types: 608
  Grand Total: 25059

[146/176] Processing: LIVESTEMN_1_192_288.dat
  False Negatives: 2149
  False Positives: 22443
  False Types: 675
  Grand Total: 25267

[147/176] Processing: longxy_192_288.dat
  False Negatives: 12
  False Positives: 23923
  False Types: 0
  Grand Total: 23935

[148/176] Processing: longxyatm_192_288.dat
  False Negatives: 11
  False Positives: 22560
  False Types: 0
  Grand Total: 22571

[149/176] Processing: MEAN_FIRE_PROB_1_192_288.dat
  False Negatives: 1918
  False Positives: 24824
  False Types: 587
  Grand Total: 27329

[150/176] Processing: MR_1_192_288.dat
  False Negatives: 2017
  False Positives: 22413
  False Types: 613
  Grand Total: 25043

[151/176] Processing: NBP_1_192_288.dat
  False Negatives: 2300
  False Positives: 22318
  False Types: 689
  Grand Total: 25307

[152/176] Processing: NDEPLOY_1_192_288.dat
  False Negatives: 377
  False Positives: 22789
  False Types: 87
  Grand Total: 23253

[153/176] Processing: NDEP_TO_SMINN_1_192_288.dat
  False Negatives: 0
  False Positives: 22869
  False Types: 0
  Grand Total: 22869

[154/176] Processing: NEE_1_192_288.dat
  False Negatives: 2349
  False Positives: 22377
  False Types: 734
  Grand Total: 25460

[155/176] Processing: NEP_1_192_288.dat
  False Negatives: 2256
  False Positives: 22336
  False Types: 682
  Grand Total: 25274

[156/176] Processing: NET_NMIN_1_192_288.dat
  False Negatives: 433
  False Positives: 22751
  False Types: 120
  Grand Total: 23304

[157/176] Processing: NFIX_TO_SMINN_1_192_288.dat
  False Negatives: 0
  False Positives: 22869
  False Types: 0
  Grand Total: 22869

[158/176] Processing: NPP_1_192_288.dat
  False Negatives: 1925
  False Positives: 22428
  False Types: 528
  Grand Total: 24881

[159/176] Processing: OCDEP_1_192_288.dat
  False Negatives: 0
  False Positives: 22869
  False Types: 0
  Grand Total: 22869

[160/176] Processing: PBOT_1_192_288.dat
  False Negatives: 527
  False Positives: 23890
  False Types: 181
  Grand Total: 24598

[161/176] Processing: PCO2_1_192_288.dat
  False Negatives: 508
  False Positives: 23759
  False Types: 151
  Grand Total: 24418

[162/176] Processing: PFT_CTRUNC_1_192_288.dat
  False Negatives: 1948
  False Positives: 22467
  False Types: 616
  Grand Total: 25031

[163/176] Processing: PFT_FIRE_CLOSS_1_192_288.dat
  False Negatives: 355
  False Positives: 22783
  False Types: 112
  Grand Total: 23250

[164/176] Processing: PFT_FIRE_NLOSS_1_192_288.dat
  False Negatives: 22
  False Positives: 22863
  False Types: 8
  Grand Total: 22893

[165/176] Processing: PFT_NTRUNC_1_192_288.dat
  False Negatives: 1870
  False Positives: 22453
  False Types: 598
  Grand Total: 24921

[166/176] Processing: PLANT_NDEMAND_1_192_288.dat
  False Negatives: 648
  False Positives: 22703
  False Types: 190
  Grand Total: 23541

[167/176] Processing: POTENTIAL_IMMOB_1_192_288.dat
  False Negatives: 1045
  False Positives: 22642
  False Types: 281
  Grand Total: 23968

[168/176] Processing: PROD100C_1_192_288.dat
  False Negatives: 0
  False Positives: 22869
  False Types: 0
  Grand Total: 22869

[169/176] Processing: PROD100C_LOSS_1_192_288.dat
  False Negatives: 0
  False Positives: 22869
  False Types: 0
  Grand Total: 22869

[170/176] Processing: PROD100N_1_192_288.dat
  False Negatives: 0
  False Positives: 22869
  False Types: 0
  Grand Total: 22869

[171/176] Processing: PROD100N_LOSS_1_192_288.dat
  False Negatives: 0
  False Positives: 22869
  False Types: 0
  Grand Total: 22869

[172/176] Processing: PROD10C_1_192_288.dat
  False Negatives: 0
  False Positives: 22869
  False Types: 0
  Grand Total: 22869

[173/176] Processing: PROD10C_LOSS_1_192_288.dat
  False Negatives: 0
  False Positives: 22869
  False Types: 0
  Grand Total: 22869

[174/176] Processing: PROD10N_1_192_288.dat
  False Negatives: 0
  False Positives: 22869
  False Types: 0
  Grand Total: 22869

[175/176] Processing: topo_192_288.dat
  False Negatives: 0
  False Positives: 22869
  False Types: 0
  Grand Total: 22869

[176/176] Processing: topodnsc_192_288.dat
  False Negatives: 0
  False Positives: 22869
  False Types: 0
  Grand Total: 22869

=== Summary ===
Total files processed: 176
Total files failed: 0
Total false cases across all files: 4382048
Average false cases per file: 24898.00
