Found 60 .dat file(s) to process

[1/60] Processing: AEROD_v_1_1800_3600.dat
  False Negatives: 5074
  False Positives: 15730
  False Types: 327
  Grand Total: 21131

[2/60] Processing: CLDHGH_1_1800_3600.dat
  False Negatives: 5216
  False Positives: 14399
  False Types: 351
  Grand Total: 19966

[3/60] Processing: CLDLOW_1_1800_3600.dat
  False Negatives: 7154
  False Positives: 151696
  False Types: 532
  Grand Total: 159382

[4/60] Processing: CLDMED_1_1800_3600.dat
  False Negatives: 4572
  False Positives: 66122
  False Types: 277
  Grand Total: 70971

[5/60] Processing: CLDTOT_1_1800_3600.dat
  False Negatives: 12594
  False Positives: 27548
  False Types: 815
  Grand Total: 40957

[6/60] Processing: FLDS_1_1800_3600.dat
  False Negatives: 11648
  False Positives: 25832
  False Types: 783
  Grand Total: 38263

[7/60] Processing: FLDSC_1_1800_3600.dat
  False Negatives: 1225
  False Positives: 7520
  False Types: 97
  Grand Total: 8842

[8/60] Processing: FLNS_1_1800_3600.dat
  False Negatives: 14066
  False Positives: 32894
  False Types: 1082
  Grand Total: 48042

[9/60] Processing: FLNSC_1_1800_3600.dat
  False Negatives: 7559
  False Positives: 25076
  False Types: 787
  Grand Total: 33422

[10/60] Processing: FLNT_1_1800_3600.dat
  False Negatives: 15996
  False Positives: 37182
  False Types: 1135
  Grand Total: 54313

[11/60] Processing: FLNTC_1_1800_3600.dat
  False Negatives: 5767
  False Positives: 22895
  False Types: 573
  Grand Total: 29235

[12/60] Processing: FLUT_1_1800_3600.dat
  False Negatives: 16034
  False Positives: 37261
  False Types: 1158
  Grand Total: 54453

[13/60] Processing: FLUTC_1_1800_3600.dat
  False Negatives: 4126
  False Positives: 15708
  False Types: 414
  Grand Total: 20248

[14/60] Processing: FREQSH_1_1800_3600.dat
  False Negatives: 5434
  False Positives: 24401
  False Types: 422
  Grand Total: 30257

[15/60] Processing: FREQZM_1_1800_3600.dat
  False Negatives: 3471
  False Positives: 621023
  False Types: 223
  Grand Total: 624717

[16/60] Processing: FSDS_1_1800_3600.dat
  False Negatives: 7019
  False Positives: 12287
  False Types: 393
  Grand Total: 19699

[17/60] Processing: FSDSC_1_1800_3600.dat
  False Negatives: 316
  False Positives: 661
  False Types: 7
  Grand Total: 984

[18/60] Processing: FSDTOA_1_1800_3600.dat
  False Negatives: 6
  False Positives: 3790
  False Types: 0
  Grand Total: 3796

[19/60] Processing: FSNS_1_1800_3600.dat
  False Negatives: 10096
  False Positives: 21340
  False Types: 748
  Grand Total: 32184

[20/60] Processing: FSNSC_1_1800_3600.dat
  False Negatives: 6839
  False Positives: 36873
  False Types: 854
  Grand Total: 44566

[21/60] Processing: FSNT_1_1800_3600.dat
  False Negatives: 7566
  False Positives: 15473
  False Types: 503
  Grand Total: 23542

[22/60] Processing: FSNTC_1_1800_3600.dat
  False Negatives: 5604
  False Positives: 42376
  False Types: 663
  Grand Total: 48643

[23/60] Processing: FSNTOA_1_1800_3600.dat
  False Negatives: 7456
  False Positives: 15364
  False Types: 514
  Grand Total: 23334

[24/60] Processing: FSNTOAC_1_1800_3600.dat
  False Negatives: 5558
  False Positives: 42503
  False Types: 663
  Grand Total: 48724

[25/60] Processing: FSUTOA_1_1800_3600.dat
  False Negatives: 4075
  False Positives: 6402
  False Types: 186
  Grand Total: 10663

[26/60] Processing: ICEFRAC_1_1800_3600.dat
  False Negatives: 931
  False Positives: 627713
  False Types: 164
  Grand Total: 628808

[27/60] Processing: LANDFRAC_1_1800_3600.dat
  False Negatives: 87
  False Positives: 2459119
  False Types: 7
  Grand Total: 2459213

[28/60] Processing: LHFLX_1_1800_3600.dat
  False Negatives: 10487
  False Positives: 77138
  False Types: 1579
  Grand Total: 89204

[29/60] Processing: LWCF_1_1800_3600.dat
  False Negatives: 3185
  False Positives: 8615
  False Types: 206
  Grand Total: 12006

[30/60] Processing: OCNFRAC_1_1800_3600.dat
  False Negatives: 2384
  False Positives: 2227489
  False Types: 401
  Grand Total: 2230274

[31/60] Processing: ODV_bcar1_1_1800_3600.dat
  False Negatives: 490
  False Positives: 115558
  False Types: 68
  Grand Total: 116116

[32/60] Processing: ODV_bcar2_1_1800_3600.dat
  False Negatives: 145
  False Positives: 5373
  False Types: 22
  Grand Total: 5540

[33/60] Processing: ODV_dust1_1_1800_3600.dat
  False Negatives: 120
  False Positives: 5895
  False Types: 14
  Grand Total: 6029

[34/60] Processing: ODV_dust2_1_1800_3600.dat
  False Negatives: 88
  False Positives: 4861
  False Types: 6
  Grand Total: 4955

[35/60] Processing: ODV_dust3_1_1800_3600.dat
  False Negatives: 184
  False Positives: 5502
  False Types: 14
  Grand Total: 5700

[36/60] Processing: ODV_dust4_1_1800_3600.dat
  False Negatives: 249
  False Positives: 10242
  False Types: 35
  Grand Total: 10526

[37/60] Processing: ODV_ocar1_1_1800_3600.dat
  False Negatives: 662
  False Positives: 140072
  False Types: 93
  Grand Total: 140827

[38/60] Processing: ODV_ocar2_1_1800_3600.dat
  False Negatives: 15711
  False Positives: 81673
  False Types: 1464
  Grand Total: 98848

[39/60] Processing: ODV_SSLTA_1_1800_3600.dat
  False Negatives: 5005
  False Positives: 27856
  False Types: 443
  Grand Total: 33304

[40/60] Processing: ODV_SSLTC_1_1800_3600.dat
  False Negatives: 5714
  False Positives: 30101
  False Types: 503
  Grand Total: 36318

[41/60] Processing: ODV_sulf_1_1800_3600.dat
  False Negatives: 6174
  False Positives: 14605
  False Types: 342
  Grand Total: 21121

[42/60] Processing: QREFHT_1_1800_3600.dat
  False Negatives: 3346
  False Positives: 25055
  False Types: 319
  Grand Total: 28720

[43/60] Processing: RHREFHT_1_1800_3600.dat
  False Negatives: 8649
  False Positives: 28762
  False Types: 996
  Grand Total: 38407

[44/60] Processing: SHFLX_1_1800_3600.dat
  False Negatives: 3810
  False Positives: 12944
  False Types: 370
  Grand Total: 17124

[45/60] Processing: SNOWHICE_1_1800_3600.dat
  False Negatives: 928
  False Positives: 644275
  False Types: 105
  Grand Total: 645308

[46/60] Processing: SOLIN_1_1800_3600.dat
  False Negatives: 6
  False Positives: 3790
  False Types: 0
  Grand Total: 3796

[47/60] Processing: SRFRAD_1_1800_3600.dat
  False Negatives: 18541
  False Positives: 46106
  False Types: 1373
  Grand Total: 66020

[48/60] Processing: SWCF_1_1800_3600.dat
  False Negatives: 6613
  False Positives: 20354
  False Types: 549
  Grand Total: 27516

[49/60] Processing: TAUX_1_1800_3600.dat
  False Negatives: 1018
  False Positives: 2174
  False Types: 71
  Grand Total: 3263

[50/60] Processing: TAUY_1_1800_3600.dat
  False Negatives: 1175
  False Positives: 2613
  False Types: 100
  Grand Total: 3888

[51/60] Processing: TGCLDIWP_1_1800_3600.dat
  False Negatives: 4393
  False Positives: 10924
  False Types: 279
  Grand Total: 15596

[52/60] Processing: TGCLDLWP_1_1800_3600.dat
  False Negatives: 3610
  False Positives: 14348
  False Types: 290
  Grand Total: 18248

[53/60] Processing: TMQ_1_1800_3600.dat
  False Negatives: 726
  False Positives: 3386
  False Types: 66
  Grand Total: 4178

[54/60] Processing: TREFHT_1_1800_3600.dat
  False Negatives: 1149
  False Positives: 4928
  False Types: 99
  Grand Total: 6176

[55/60] Processing: TREFMNAV_1_1800_3600.dat
  False Negatives: 3186
  False Positives: 11558
  False Types: 312
  Grand Total: 15056

[56/60] Processing: TREFMXAV_1_1800_3600.dat
  False Negatives: 1440
  False Positives: 5079
  False Types: 119
  Grand Total: 6638

[57/60] Processing: TROP_T_1_1800_3600.dat
  False Negatives: 119
  False Positives: 144
  False Types: 1
  Grand Total: 264

[58/60] Processing: TS_1_1800_3600.dat
  False Negatives: 4722
  False Positives: 51557
  False Types: 512
  Grand Total: 56791

[59/60] Processing: TSMN_1_1800_3600.dat
  False Negatives: 12383
  False Positives: 211495
  False Types: 1249
  Grand Total: 225127

[60/60] Processing: TSMX_1_1800_3600.dat
  False Negatives: 7877
  False Positives: 97694
  False Types: 902
  Grand Total: 106473

=== Summary ===
Total files processed: 60
Total files failed: 0
Total false cases across all files: 8697712
Average false cases per file: 144961.86
