Auto-detected decompressed suffix: .tthresh.out

Found 60 .dat file(s) to process

[1/60] Processing: AEROD_v_1_1800_3600.dat
  ✗ Comparison failed (invalid output format)
  Error output: 62117 673264 11420 746801 682752

[2/60] Processing: CLDHGH_1_1800_3600.dat
  ✗ Comparison failed (invalid output format)
  Error output: 163911 745048 23945 932904 802610

[3/60] Processing: CLDLOW_1_1800_3600.dat
  ✗ Comparison failed (invalid output format)
  Error output: 96902 903731 17883 1018516 920657

[4/60] Processing: CLDMED_1_1800_3600.dat
  ✗ Comparison failed (invalid output format)
  Error output: 139771 709789 23325 872885 747251

[5/60] Processing: CLDTOT_1_1800_3600.dat
  ✗ Comparison failed (invalid output format)
  Error output: 156945 921461 25278 1103684 944524

[6/60] Processing: FLDS_1_1800_3600.dat
  ✗ Comparison failed (invalid output format)
  Error output: 66458 1457153 15170 1538781 1464894

[7/60] Processing: FLDSC_1_1800_3600.dat
  ✗ Comparison failed (invalid output format)
  Error output: 7994 1191763 1851 1201608 1192875

[8/60] Processing: FLNS_1_1800_3600.dat
  ✗ Comparison failed (invalid output format)
  Error output: 95629 1120417 17054 1233100 1132414

[9/60] Processing: FLNSC_1_1800_3600.dat
  ✗ Comparison failed (invalid output format)
  Error output: 42710 1324118 8038 1374866 1330980

[10/60] Processing: FLNT_1_1800_3600.dat
  ✗ Comparison failed (invalid output format)
  Error output: 78025 1373518 15798 1467341 1381502

[11/60] Processing: FLNTC_1_1800_3600.dat
  ✗ Comparison failed (invalid output format)
  Error output: 17141 1429400 3432 1449973 1431119

[12/60] Processing: FLUT_1_1800_3600.dat
  ✗ Comparison failed (invalid output format)
  Error output: 78054 1372378 15824 1466256 1380312

[13/60] Processing: FLUTC_1_1800_3600.dat
  ✗ Comparison failed (invalid output format)
  Error output: 17161 1416340 3350 1436851 1418061

[14/60] Processing: FREQSH_1_1800_3600.dat
  ✗ Comparison failed (invalid output format)
  Error output: 115775 847277 21210 984262 872214

[15/60] Processing: FREQZM_1_1800_3600.dat
  ✗ Comparison failed (invalid output format)
  Error output: 63609 769027 10192 842828 785441

[16/60] Processing: FSDS_1_1800_3600.dat
  ✗ Comparison failed (invalid output format)
  Error output: 75172 803010 14307 892489 815390

[17/60] Processing: FSDSC_1_1800_3600.dat
  ✗ Comparison failed (invalid output format)
  Error output: 7371 721268 781 729420 721656

[18/60] Processing: FSDTOA_1_1800_3600.dat
  ✗ Comparison failed (invalid output format)
  Error output: 554 0 0 554 0

[19/60] Processing: FSNS_1_1800_3600.dat
  ✗ Comparison failed (invalid output format)
  Error output: 84206 1084217 17476 1185899 1096759

[20/60] Processing: FSNSC_1_1800_3600.dat
  ✗ Comparison failed (invalid output format)
  Error output: 28079 1302771 5283 1336133 1306543

[21/60] Processing: FSNT_1_1800_3600.dat
  ✗ Comparison failed (invalid output format)
  Error output: 76969 880539 14921 972429 893494

[22/60] Processing: FSNTC_1_1800_3600.dat
  ✗ Comparison failed (invalid output format)
  Error output: 23514 1222487 4515 1250516 1225496

[23/60] Processing: FSNTOA_1_1800_3600.dat
  ✗ Comparison failed (invalid output format)
  Error output: 78020 1095224 16609 1189853 1106862

[24/60] Processing: FSNTOAC_1_1800_3600.dat
  ✗ Comparison failed (invalid output format)
  Error output: 23368 1221880 4352 1249600 1224874

[25/60] Processing: FSUTOA_1_1800_3600.dat
  ✗ Comparison failed (invalid output format)
  Error output: 87835 514215 12220 614270 528859

[26/60] Processing: ICEFRAC_1_1800_3600.dat
  ✗ Comparison failed (invalid output format)
  Error output: 5762 600090 1019 606871 601291

[27/60] Processing: LANDFRAC_1_1800_3600.dat
  ✗ Comparison failed (invalid output format)
  Error output: 2627 1443382 133 1446142 1444749

[28/60] Processing: LHFLX_1_1800_3600.dat
  ✗ Comparison failed (invalid output format)
  Error output: 42942 1139524 7693 1190159 1146354

[29/60] Processing: LWCF_1_1800_3600.dat
  ✗ Comparison failed (invalid output format)
  Error output: 103525 718497 17548 839570 739826

[30/60] Processing: OCNFRAC_1_1800_3600.dat
  ✗ Comparison failed (invalid output format)
  Error output: 7126 1694257 794 1702177 1695717

[31/60] Processing: ODV_bcar1_1_1800_3600.dat
  ✗ Comparison failed (invalid output format)
  Error output: 2473 978139 490 981102 978675

[32/60] Processing: ODV_bcar2_1_1800_3600.dat
  ✗ Comparison failed (invalid output format)
  Error output: 2427 435508 346 438281 436010

[33/60] Processing: ODV_dust1_1_1800_3600.dat
  ✗ Comparison failed (invalid output format)
  Error output: 2256 772014 359 774629 772457

[34/60] Processing: ODV_dust2_1_1800_3600.dat
  ✗ Comparison failed (invalid output format)
  Error output: 2229 789788 366 792383 790189

[35/60] Processing: ODV_dust3_1_1800_3600.dat
  ✗ Comparison failed (invalid output format)
  Error output: 2098 812489 315 814902 812918

[36/60] Processing: ODV_dust4_1_1800_3600.dat
  ✗ Comparison failed (invalid output format)
  Error output: 1719 831639 240 833598 831979

[37/60] Processing: ODV_ocar1_1_1800_3600.dat
  ✗ Comparison failed (invalid output format)
  Error output: 2846 931322 561 934729 931817

[38/60] Processing: ODV_ocar2_1_1800_3600.dat
  ✗ Comparison failed (invalid output format)
  Error output: 55701 960053 10341 1026095 965748

[39/60] Processing: ODV_SSLTA_1_1800_3600.dat
  ✗ Comparison failed (invalid output format)
  Error output: 53113 656173 9016 718302 665428

[40/60] Processing: ODV_SSLTC_1_1800_3600.dat
  ✗ Comparison failed (invalid output format)
  Error output: 58492 691924 9926 760342 702096

[41/60] Processing: ODV_sulf_1_1800_3600.dat
  ✗ Comparison failed (invalid output format)
  Error output: 70381 781772 13314 865467 793112

[42/60] Processing: QREFHT_1_1800_3600.dat
  ✗ Comparison failed (invalid output format)
  Error output: 11142 1040870 2214 1054226 1042463

[43/60] Processing: RHREFHT_1_1800_3600.dat
  ✗ Comparison failed (invalid output format)
  Error output: 36840 1526968 8046 1571854 1532232

[44/60] Processing: SHFLX_1_1800_3600.dat
  ✗ Comparison failed (invalid output format)
  Error output: 44927 1082029 7201 1134157 1097287

[45/60] Processing: SNOWHICE_1_1800_3600.dat
  ✗ Comparison failed (invalid output format)
  Error output: 9314 581307 1571 592192 583174

[46/60] Processing: SOLIN_1_1800_3600.dat
  ✗ Comparison failed (invalid output format)
  Error output: 554 0 0 554 0

[47/60] Processing: SRFRAD_1_1800_3600.dat
  ✗ Comparison failed (invalid output format)
  Error output: 80908 1306226 16282 1403416 1315856

[48/60] Processing: SWCF_1_1800_3600.dat
  ✗ Comparison failed (invalid output format)
  Error output: 77306 392024 10193 479523 420748

[49/60] Processing: TAUX_1_1800_3600.dat
  ✗ Comparison failed (invalid output format)
  Error output: 20037 789705 2830 812572 799516

[50/60] Processing: TAUY_1_1800_3600.dat
  ✗ Comparison failed (invalid output format)
  Error output: 21758 589923 2379 614060 598186

[51/60] Processing: TGCLDIWP_1_1800_3600.dat
  ✗ Comparison failed (invalid output format)
  Error output: 90560 605968 14795 711323 627040

[52/60] Processing: TGCLDLWP_1_1800_3600.dat
  ✗ Comparison failed (invalid output format)
  Error output: 64877 734687 11663 811227 749265

[53/60] Processing: TMQ_1_1800_3600.dat
  ✗ Comparison failed (invalid output format)
  Error output: 4328 807165 1092 812585 807865

[54/60] Processing: TREFHT_1_1800_3600.dat
  ✗ Comparison failed (invalid output format)
  Error output: 11023 785361 1445 797829 786012

[55/60] Processing: TREFMNAV_1_1800_3600.dat
  ✗ Comparison failed (invalid output format)
  Error output: 18603 987838 2824 1009265 989188

[56/60] Processing: TREFMXAV_1_1800_3600.dat
  ✗ Comparison failed (invalid output format)
  Error output: 13585 736223 1392 751200 736863

[57/60] Processing: TROP_T_1_1800_3600.dat
  ✗ Comparison failed (invalid output format)
  Error output: 13860 28517 63 42440 28539

[58/60] Processing: TS_1_1800_3600.dat
  ✗ Comparison failed (invalid output format)
  Error output: 16544 998893 2591 1018028 1000142

[59/60] Processing: TSMN_1_1800_3600.dat
  ✗ Comparison failed (invalid output format)
  Error output: 34071 1486033 6580 1526684 1489537

[60/60] Processing: TSMX_1_1800_3600.dat
  ✗ Comparison failed (invalid output format)
  Error output: 32843 1202995 5337 1241175 1205744

=== Summary ===
Total files processed: 0
Total files failed: 60
Total false cases across all files: 0

⚠️  Warning: No files were processed!
   The script was looking for decompressed files with suffix: .tthresh.out

   To fix this, either:
   1. Specify the correct suffix as the 5th argument:
      ./compare_all_critical_point_tthresh.sh /lcrc/project/ECP-EZ/tripti/SDRBENCH-CESM-ATM-cleared-1800x3600/tthresh_1E-5 1800 3600 1e-5 .zfp.out
      ./compare_all_critical_point_tthresh.sh /lcrc/project/ECP-EZ/tripti/SDRBENCH-CESM-ATM-cleared-1800x3600/tthresh_1E-5 1800 3600 1e-5 .tthresh.out
      ./compare_all_critical_point_tthresh.sh /lcrc/project/ECP-EZ/tripti/SDRBENCH-CESM-ATM-cleared-1800x3600/tthresh_1E-5 1800 3600 1e-5 .SZ3.out

   2. Or check what decompressed files exist in the directory:
      ls -1 "/lcrc/project/ECP-EZ/tripti/SDRBENCH-CESM-ATM-cleared-1800x3600/tthresh_1E-5"/*.out 2>/dev/null | head -5
