Found 90 .dat file(s) to process

[1/90] Processing: AEROD_v_1_768_1152.dat
  False Negatives: 18458
  False Positives: 22695
  False Types: 1526
  Grand Total: 42679
  Total Critical Points (Decompressed): 88123

[2/90] Processing: cb_ozone_c_1_768_1152.dat
  False Negatives: 625
  False Positives: 4881
  False Types: 41
  Grand Total: 5547
  Total Critical Points (Decompressed): 7740

[3/90] Processing: cb_sulf_c_1_768_1152.dat
  False Negatives: 0
  False Positives: 188022
  False Types: 0
  Grand Total: 188022
  Total Critical Points (Decompressed): 189320

[4/90] Processing: CLDHGH_1_768_1152.dat
  False Negatives: 2146
  False Positives: 2225
  False Types: 23
  Grand Total: 4394
  Total Critical Points (Decompressed): 181658

[5/90] Processing: CLDLOW_1_768_1152.dat
  False Negatives: 2362
  False Positives: 19467
  False Types: 41
  Grand Total: 21870
  Total Critical Points (Decompressed): 151578

[6/90] Processing: CLDMED_1_768_1152.dat
  False Negatives: 3998
  False Positives: 13944
  False Types: 195
  Grand Total: 18137
  Total Critical Points (Decompressed): 144422

[7/90] Processing: CLDTOT_1_768_1152.dat
  False Negatives: 2064
  False Positives: 1947
  False Types: 3
  Grand Total: 4014
  Total Critical Points (Decompressed): 169979

[8/90] Processing: FLDS_1_768_1152.dat
  False Negatives: 19915
  False Positives: 25192
  False Types: 1161
  Grand Total: 46268
  Total Critical Points (Decompressed): 99910

[9/90] Processing: FLDSC_1_768_1152.dat
  False Negatives: 8050
  False Positives: 24404
  False Types: 1041
  Grand Total: 33495
  Total Critical Points (Decompressed): 39121

[10/90] Processing: FLNS_1_768_1152.dat
  False Negatives: 6681
  False Positives: 6698
  False Types: 92
  Grand Total: 13471
  Total Critical Points (Decompressed): 137718

[11/90] Processing: FLNSC_1_768_1152.dat
  False Negatives: 10469
  False Positives: 12573
  False Types: 507
  Grand Total: 23549
  Total Critical Points (Decompressed): 103571

[12/90] Processing: FLNT_1_768_1152.dat
  False Negatives: 11761
  False Positives: 13687
  False Types: 522
  Grand Total: 25970
  Total Critical Points (Decompressed): 99321

[13/90] Processing: FLNTC_1_768_1152.dat
  False Negatives: 14255
  False Positives: 34366
  False Types: 1787
  Grand Total: 50408
  Total Critical Points (Decompressed): 58295

[14/90] Processing: FLUT_1_768_1152.dat
  False Negatives: 11974
  False Positives: 13714
  False Types: 498
  Grand Total: 26186
  Total Critical Points (Decompressed): 99019

[15/90] Processing: FLUTC_1_768_1152.dat
  False Negatives: 14164
  False Positives: 34400
  False Types: 1815
  Grand Total: 50379
  Total Critical Points (Decompressed): 58281

[16/90] Processing: FREQSH_1_768_1152.dat
  False Negatives: 0
  False Positives: 8987
  False Types: 0
  Grand Total: 8987
  Total Critical Points (Decompressed): 155794

[17/90] Processing: FREQZM_1_768_1152.dat
  False Negatives: 0
  False Positives: 52826
  False Types: 0
  Grand Total: 52826
  Total Critical Points (Decompressed): 130000

[18/90] Processing: FSDS_1_768_1152.dat
  False Negatives: 7145
  False Positives: 7441
  False Types: 136
  Grand Total: 14722
  Total Critical Points (Decompressed): 97567

[19/90] Processing: FSDSC_1_768_1152.dat
  False Negatives: 4087
  False Positives: 21591
  False Types: 590
  Grand Total: 26268
  Total Critical Points (Decompressed): 27009

[20/90] Processing: FSDTOA_1_768_1152.dat
  False Negatives: 46
  False Positives: 3773
  False Types: 13
  Grand Total: 3832
  Total Critical Points (Decompressed): 3778

[21/90] Processing: FSNS_1_768_1152.dat
  False Negatives: 6648
  False Positives: 6824
  False Types: 141
  Grand Total: 13613
  Total Critical Points (Decompressed): 107871

[22/90] Processing: FSNSC_1_768_1152.dat
  False Negatives: 5901
  False Positives: 24567
  False Types: 641
  Grand Total: 31109
  Total Critical Points (Decompressed): 59576

[23/90] Processing: FSNT_1_768_1152.dat
  False Negatives: 8559
  False Positives: 9637
  False Types: 291
  Grand Total: 18487
  Total Critical Points (Decompressed): 90536

[24/90] Processing: FSNTC_1_768_1152.dat
  False Negatives: 5677
  False Positives: 24472
  False Types: 503
  Grand Total: 30652
  Total Critical Points (Decompressed): 49647

[25/90] Processing: FSNTOA_1_768_1152.dat
  False Negatives: 8761
  False Positives: 9643
  False Types: 295
  Grand Total: 18699
  Total Critical Points (Decompressed): 89872

[26/90] Processing: FSNTOAC_1_768_1152.dat
  False Negatives: 5586
  False Positives: 24996
  False Types: 424
  Grand Total: 31006
  Total Critical Points (Decompressed): 50042

[27/90] Processing: FSUTOA_1_768_1152.dat
  False Negatives: 6088
  False Positives: 7470
  False Types: 423
  Grand Total: 13981
  Total Critical Points (Decompressed): 109067

[28/90] Processing: ICEFRAC_1_768_1152.dat
  False Negatives: 191
  False Positives: 33338
  False Types: 29
  Grand Total: 33558
  Total Critical Points (Decompressed): 33781

[29/90] Processing: LANDFRAC_1_768_1152.dat
  False Negatives: 0
  False Positives: 144166
  False Types: 0
  Grand Total: 144166
  Total Critical Points (Decompressed): 144201

[30/90] Processing: LHFLX_1_768_1152.dat
  False Negatives: 6059
  False Positives: 40976
  False Types: 512
  Grand Total: 47547
  Total Critical Points (Decompressed): 80733

[31/90] Processing: LWCF_1_768_1152.dat
  False Negatives: 3882
  False Positives: 3715
  False Types: 36
  Grand Total: 7633
  Total Critical Points (Decompressed): 121567

[32/90] Processing: MSKtem_1_768_1152.dat
  False Negatives: 1966
  False Positives: 134503
  False Types: 287
  Grand Total: 136756
  Total Critical Points (Decompressed): 140452

[33/90] Processing: OCNFRAC_1_768_1152.dat
  False Negatives: 146
  False Positives: 182579
  False Types: 20
  Grand Total: 182745
  Total Critical Points (Decompressed): 183094

[34/90] Processing: ODV_bcar1_1_768_1152.dat
  False Negatives: 1446
  False Positives: 79654
  False Types: 138
  Grand Total: 81238
  Total Critical Points (Decompressed): 84273

[35/90] Processing: ODV_bcar2_1_768_1152.dat
  False Negatives: 1039
  False Positives: 50631
  False Types: 117
  Grand Total: 51787
  Total Critical Points (Decompressed): 55332

[36/90] Processing: ODV_dust1_1_768_1152.dat
  False Negatives: 1566
  False Positives: 76023
  False Types: 209
  Grand Total: 77798
  Total Critical Points (Decompressed): 78293

[37/90] Processing: ODV_dust2_1_768_1152.dat
  False Negatives: 1509
  False Positives: 80994
  False Types: 184
  Grand Total: 82687
  Total Critical Points (Decompressed): 83265

[38/90] Processing: ODV_dust3_1_768_1152.dat
  False Negatives: 1375
  False Positives: 73912
  False Types: 138
  Grand Total: 75425
  Total Critical Points (Decompressed): 75796

[39/90] Processing: ODV_dust4_1_768_1152.dat
  False Negatives: 1109
  False Positives: 98462
  False Types: 152
  Grand Total: 99723
  Total Critical Points (Decompressed): 99912

[40/90] Processing: ODV_ocar1_1_768_1152.dat
  False Negatives: 2485
  False Positives: 84231
  False Types: 269
  Grand Total: 86985
  Total Critical Points (Decompressed): 87693

[41/90] Processing: ODV_ocar2_1_768_1152.dat
  False Negatives: 59956
  False Positives: 80414
  False Types: 5424
  Grand Total: 145794
  Total Critical Points (Decompressed): 104447

[42/90] Processing: ODV_SSLTA_1_768_1152.dat
  False Negatives: 8672
  False Positives: 13525
  False Types: 552
  Grand Total: 22749
  Total Critical Points (Decompressed): 80152

[43/90] Processing: ODV_SSLTC_1_768_1152.dat
  False Negatives: 8575
  False Positives: 14170
  False Types: 560
  Grand Total: 23305
  Total Critical Points (Decompressed): 86598

[44/90] Processing: ODV_sulf_1_768_1152.dat
  False Negatives: 28168
  False Positives: 38915
  False Types: 3180
  Grand Total: 70263
  Total Critical Points (Decompressed): 102685

[45/90] Processing: ODV_VOLC_MMR_1_768_1152.dat
  False Negatives: 3546
  False Positives: 21098
  False Types: 151
  Grand Total: 24795
  Total Critical Points (Decompressed): 39455

[46/90] Processing: PBLH_1_768_1152.dat
  False Negatives: 6586
  False Positives: 7585
  False Types: 243
  Grand Total: 14414
  Total Critical Points (Decompressed): 84208

[47/90] Processing: PCONVB_1_768_1152.dat
  False Negatives: 29392
  False Positives: 174887
  False Types: 6124
  Grand Total: 210403
  Total Critical Points (Decompressed): 189487

[48/90] Processing: PCONVT_1_768_1152.dat
  False Negatives: 21940
  False Positives: 94554
  False Types: 2859
  Grand Total: 119353
  Total Critical Points (Decompressed): 139575

[49/90] Processing: PHIS_1_768_1152.dat
  False Negatives: 1001
  False Positives: 121417
  False Types: 69
  Grand Total: 122487
  Total Critical Points (Decompressed): 129258

[50/90] Processing: PRECC_1_768_1152.dat
  False Negatives: 0
  False Positives: 31363
  False Types: 0
  Grand Total: 31363
  Total Critical Points (Decompressed): 31455

[51/90] Processing: PRECCDZM_1_768_1152.dat
  False Negatives: 0
  False Positives: 12455
  False Types: 0
  Grand Total: 12455
  Total Critical Points (Decompressed): 12542

[52/90] Processing: PRECL_1_768_1152.dat
  False Negatives: 0
  False Positives: 77747
  False Types: 0
  Grand Total: 77747
  Total Critical Points (Decompressed): 77993

[53/90] Processing: PRECSC_1_768_1152.dat
  False Negatives: 0
  False Positives: 0
  False Types: 0
  Grand Total: 0
  Total Critical Points (Decompressed): 0

[54/90] Processing: PRECSH_1_768_1152.dat
  False Negatives: 0
  False Positives: 39
  False Types: 0
  Grand Total: 39
  Total Critical Points (Decompressed): 39

[55/90] Processing: PRECSL_1_768_1152.dat
  False Negatives: 0
  False Positives: 734
  False Types: 0
  Grand Total: 734
  Total Critical Points (Decompressed): 746

[56/90] Processing: PRECT_1_768_1152.dat
  False Negatives: 0
  False Positives: 107683
  False Types: 0
  Grand Total: 107683
  Total Critical Points (Decompressed): 107961

[57/90] Processing: PS_1_768_1152.dat
  False Negatives: 4676
  False Positives: 181159
  False Types: 731
  Grand Total: 186566
  Total Critical Points (Decompressed): 187042

[58/90] Processing: PSL_1_768_1152.dat
  False Negatives: 6387
  False Positives: 43720
  False Types: 816
  Grand Total: 50923
  Total Critical Points (Decompressed): 55648

[59/90] Processing: QFLX_1_768_1152.dat
  False Negatives: 0
  False Positives: 89025
  False Types: 0
  Grand Total: 89025
  Total Critical Points (Decompressed): 112566

[60/90] Processing: QREFHT_1_768_1152.dat
  False Negatives: 2505
  False Positives: 41757
  False Types: 225
  Grand Total: 44487
  Total Critical Points (Decompressed): 58768

[61/90] Processing: RHREFHT_1_768_1152.dat
  False Negatives: 31101
  False Positives: 63991
  False Types: 2820
  Grand Total: 97912
  Total Critical Points (Decompressed): 112354

[62/90] Processing: SFCLDICE_1_768_1152.dat
  False Negatives: 0
  False Positives: 0
  False Types: 0
  Grand Total: 0
  Total Critical Points (Decompressed): 0

[63/90] Processing: SFCLDLIQ_1_768_1152.dat
  False Negatives: 0
  False Positives: 0
  False Types: 0
  Grand Total: 0
  Total Critical Points (Decompressed): 0

[64/90] Processing: SHFLX_1_768_1152.dat
  False Negatives: 4800
  False Positives: 55036
  False Types: 280
  Grand Total: 60116
  Total Critical Points (Decompressed): 97246

[65/90] Processing: SNOWHICE_1_768_1152.dat
  False Negatives: 168
  False Positives: 32608
  False Types: 14
  Grand Total: 32790
  Total Critical Points (Decompressed): 33084

[66/90] Processing: SNOWHLND_1_768_1152.dat
  False Negatives: 27657
  False Positives: 61952
  False Types: 1877
  Grand Total: 91486
  Total Critical Points (Decompressed): 67897

[67/90] Processing: SOLIN_1_768_1152.dat
  False Negatives: 46
  False Positives: 3773
  False Types: 13
  Grand Total: 3832
  Total Critical Points (Decompressed): 3778

[68/90] Processing: SRFRAD_1_768_1152.dat
  False Negatives: 14999
  False Positives: 17649
  False Types: 628
  Grand Total: 33276
  Total Critical Points (Decompressed): 96412

[69/90] Processing: SWCF_1_768_1152.dat
  False Negatives: 32574
  False Positives: 42208
  False Types: 3767
  Grand Total: 78549
  Total Critical Points (Decompressed): 134936

[70/90] Processing: TAUX_1_768_1152.dat
  False Negatives: 3986
  False Positives: 59647
  False Types: 306
  Grand Total: 63939
  Total Critical Points (Decompressed): 79875

[71/90] Processing: TAUY_1_768_1152.dat
  False Negatives: 3325
  False Positives: 57551
  False Types: 232
  Grand Total: 61108
  Total Critical Points (Decompressed): 78705

[72/90] Processing: TGCLDIWP_1_768_1152.dat
  False Negatives: 2554
  False Positives: 2519
  False Types: 28
  Grand Total: 5101
  Total Critical Points (Decompressed): 84443

[73/90] Processing: TGCLDLWP_1_768_1152.dat
  False Negatives: 3805
  False Positives: 4029
  False Types: 88
  Grand Total: 7922
  Total Critical Points (Decompressed): 81795

[74/90] Processing: TH2d_1_768_1152.dat
  False Negatives: 3
  False Positives: 970
  False Types: 0
  Grand Total: 973
  Total Critical Points (Decompressed): 995

[75/90] Processing: TMQ_1_768_1152.dat
  False Negatives: 2490
  False Positives: 5944
  False Types: 224
  Grand Total: 8658
  Total Critical Points (Decompressed): 17008

[76/90] Processing: TREFHT_1_768_1152.dat
  False Negatives: 4913
  False Positives: 74501
  False Types: 418
  Grand Total: 79832
  Total Critical Points (Decompressed): 90437

[77/90] Processing: TREFMNAV_1_768_1152.dat
  False Negatives: 14782
  False Positives: 75551
  False Types: 1651
  Grand Total: 91984
  Total Critical Points (Decompressed): 103850

[78/90] Processing: TREFMXAV_1_768_1152.dat
  False Negatives: 13653
  False Positives: 79364
  False Types: 1665
  Grand Total: 94682
  Total Critical Points (Decompressed): 102127

[79/90] Processing: TROP_P_1_768_1152.dat
  False Negatives: 9009
  False Positives: 28512
  False Types: 1124
  Grand Total: 38645
  Total Critical Points (Decompressed): 45383

[80/90] Processing: TROP_T_1_768_1152.dat
  False Negatives: 3022
  False Positives: 8160
  False Types: 263
  Grand Total: 11445
  Total Critical Points (Decompressed): 18698

[81/90] Processing: TROP_Z_1_768_1152.dat
  False Negatives: 10690
  False Positives: 63027
  False Types: 1973
  Grand Total: 75690
  Total Critical Points (Decompressed): 72872

[82/90] Processing: TS_1_768_1152.dat
  False Negatives: 4661
  False Positives: 79237
  False Types: 308
  Grand Total: 84206
  Total Critical Points (Decompressed): 99519

[83/90] Processing: TSMN_1_768_1152.dat
  False Negatives: 4542
  False Positives: 88091
  False Types: 294
  Grand Total: 92927
  Total Critical Points (Decompressed): 128918

[84/90] Processing: TSMX_1_768_1152.dat
  False Negatives: 4652
  False Positives: 86697
  False Types: 422
  Grand Total: 91771
  Total Critical Points (Decompressed): 126542

[85/90] Processing: U2d_1_768_1152.dat
  False Negatives: 50
  False Positives: 19627
  False Types: 10
  Grand Total: 19687
  Total Critical Points (Decompressed): 19691

[86/90] Processing: UV2d_1_768_1152.dat
  False Negatives: 269
  False Positives: 14211
  False Types: 33
  Grand Total: 14513
  Total Critical Points (Decompressed): 14335

[87/90] Processing: UW2d_1_768_1152.dat
  False Negatives: 1252
  False Positives: 14418
  False Types: 99
  Grand Total: 15769
  Total Critical Points (Decompressed): 14715

[88/90] Processing: V2d_1_768_1152.dat
  False Negatives: 510
  False Positives: 17760
  False Types: 111
  Grand Total: 18381
  Total Critical Points (Decompressed): 18123

[89/90] Processing: VTH2d_1_768_1152.dat
  False Negatives: 305
  False Positives: 12777
  False Types: 35
  Grand Total: 13117
  Total Critical Points (Decompressed): 12891

[90/90] Processing: W2d_1_768_1152.dat
  False Negatives: 1725
  False Positives: 2571
  False Types: 84
  Grand Total: 4380
  Total Critical Points (Decompressed): 2824

=== Summary ===
Total files processed: 90
Total files failed: 0
Total false cases across all files: 4573895
Average false cases per file: 50821.05
