Input directory: ../../CESM-OCEAN-MODELS/4/log_normalized/
Output directory: ../../CESM-OCEAN-MODELS/4/log_normalized/topoSZp_18_thread/
Dimensions: 384x320 (122880 elements)
Error bound: 1E-3
Block size: 16

Found 54 .dat file(s) to process

[1/54] Processing: ADVS_1_384_320.dat
  ✗ Compression failed (exit code: 1)

[2/54] Processing: ADVS_ISOP_1_384_320.dat
  ✗ Compression failed (exit code: 1)

[3/54] Processing: ADVS_SUBM_1_384_320.dat
  ✗ Compression failed (exit code: 1)

[4/54] Processing: ADVT_1_384_320.dat
  ✗ Compression failed (exit code: 1)

[5/54] Processing: ADVT_ISOP_1_384_320.dat
  ✗ Compression failed (exit code: 1)

[6/54] Processing: ADVT_SUBM_1_384_320.dat
  ✗ Compression failed (exit code: 1)

[7/54] Processing: BSF_1_384_320.dat

compression time=0.002330, total fastmode1 topology
compression size = 128382, CR = 3.828574
done
decompression time=0.004765
done
Min=0, Max=1, range=1
Max absolute error = 239.8489837646
Max relative error = 239.848984
Max pw relative error = 239.848984
PSNR = 2.866491, NRMSE= 0.71891149128627007681
acEff=0.506630
compressionRatio = 3.828574
  ✓ Compression and decompression successful (ratio: 3.82x)

[8/54] Processing: DIA_DEPTH_1_384_320.dat
  ✗ Compression failed (exit code: 1)

[9/54] Processing: dTEMP_NEG_2D_1_384_320.dat
  ✗ Compression failed (exit code: 1)

[10/54] Processing: dTEMP_POS_2D_1_384_320.dat
  ✗ Compression failed (exit code: 1)

[11/54] Processing: EVAP_F_1_384_320.dat
  ✗ Compression failed (exit code: 1)

[12/54] Processing: FW_1_384_320.dat
  ✗ Compression failed (exit code: 1)

[13/54] Processing: HBLT_1_384_320.dat
  ✗ Compression failed (exit code: 1)

[14/54] Processing: HDIFS_1_384_320.dat
  ✗ Compression failed (exit code: 1)

[15/54] Processing: HDIFT_1_384_320.dat
  ✗ Compression failed (exit code: 1)

[16/54] Processing: HLS_SUBM_1_384_320.dat
  ✗ Compression failed (exit code: 1)

[17/54] Processing: HMXL_1_384_320.dat
  ✗ Compression failed (exit code: 1)

[18/54] Processing: IFRAC_1_384_320.dat
  ✗ Compression failed (exit code: 1)

[19/54] Processing: INT_DEPTH_1_384_320.dat
  ✗ Compression failed (exit code: 1)

[20/54] Processing: IOFF_F_1_384_320.dat
  ✗ Compression failed (exit code: 1)

[21/54] Processing: LWDN_F_1_384_320.dat
  ✗ Compression failed (exit code: 1)

[22/54] Processing: LWUP_F_1_384_320.dat
  ✗ Compression failed (exit code: 1)

[23/54] Processing: MELT_F_1_384_320.dat
  ✗ Compression failed (exit code: 1)

[24/54] Processing: MELTH_F_1_384_320.dat
  ✗ Compression failed (exit code: 1)

[25/54] Processing: PREC_F_1_384_320.dat
  ✗ Compression failed (exit code: 1)

[26/54] Processing: QFLUX_1_384_320.dat
  ✗ Compression failed (exit code: 1)

[27/54] Processing: QSW_HBL_1_384_320.dat
  ✗ Compression failed (exit code: 1)

[28/54] Processing: QSW_HTP_1_384_320.dat
  ✗ Compression failed (exit code: 1)

[29/54] Processing: RESID_S_1_384_320.dat
  ✗ Compression failed (exit code: 1)

[30/54] Processing: RESID_T_1_384_320.dat
  ✗ Compression failed (exit code: 1)

[31/54] Processing: RHO_VINT_1_384_320.dat
  ✗ Compression failed (exit code: 1)

[32/54] Processing: ROFF_F_1_384_320.dat
  ✗ Compression failed (exit code: 1)

[33/54] Processing: SALT_F_1_384_320.dat
  ✗ Compression failed (exit code: 1)

[34/54] Processing: SENH_F_1_384_320.dat

compression time=0.006167, total fastmode1 topology
compression size = 124676, CR = 3.942379
done
decompression time=0.004753
done
Min=0, Max=1, range=1
Max absolute error = 0.0010047406
Max relative error = 0.001005
Max pw relative error = 0.001005
PSNR = 62.366816, NRMSE= 0.00076148119853850578138
acEff=1.000000
compressionRatio = 3.942379
  ✓ Compression and decompression successful (ratio: 3.94x)

[35/54] Processing: SFWF_1_384_320.dat
  ✗ Compression failed (exit code: 1)

[36/54] Processing: SFWF_WRST_1_384_320.dat
  ✗ Compression failed (exit code: 1)

[37/54] Processing: SHF_1_384_320.dat
  ✗ Compression failed (exit code: 1)

[38/54] Processing: SHF_QSW_1_384_320.dat
  ✗ Compression failed (exit code: 1)

[39/54] Processing: SNOW_F_1_384_320.dat
  ✗ Compression failed (exit code: 1)

[40/54] Processing: SSH_1_384_320.dat
  ✗ Compression failed (exit code: 1)

[41/54] Processing: SSH2_1_384_320.dat
  ✗ Compression failed (exit code: 1)

[42/54] Processing: SU_1_384_320.dat
  ✗ Compression failed (exit code: 1)

[43/54] Processing: SV_1_384_320.dat
  ✗ Compression failed (exit code: 1)

[44/54] Processing: TAUX_1_384_320.dat
  ✗ Compression failed (exit code: 1)

[45/54] Processing: TAUX2_1_384_320.dat

compression time=0.002446, total fastmode1 topology
compression size = 133284, CR = 3.687764
done
decompression time=0.005011
done
Min=0, Max=1, range=1
Max absolute error = 2.0135998726
Max relative error = 2.013600
Max pw relative error = 2.013600
PSNR = 40.045706, NRMSE= 0.0099475167167607115443
acEff=0.999748
compressionRatio = 3.687764
  ✓ Compression and decompression successful (ratio: 3.68x)

[46/54] Processing: TAUY_1_384_320.dat
  ✗ Compression failed (exit code: 1)

[47/54] Processing: TAUY2_1_384_320.dat
  ✗ Compression failed (exit code: 1)

[48/54] Processing: TBLT_1_384_320.dat
  ✗ Compression failed (exit code: 1)

[49/54] Processing: TFW_S_1_384_320.dat
  ✗ Compression failed (exit code: 1)

[50/54] Processing: TFW_T_1_384_320.dat
  ✗ Compression failed (exit code: 1)

[51/54] Processing: TLT_1_384_320.dat
  ✗ Compression failed (exit code: 1)

[52/54] Processing: TMXL_1_384_320.dat
  ✗ Compression failed (exit code: 1)

[53/54] Processing: XBLT_1_384_320.dat
  ✗ Compression failed (exit code: 1)

[54/54] Processing: XMXL_1_384_320.dat
  ✗ Compression failed (exit code: 1)

=== Summary ===
Total files processed: 3
Total files skipped: 0
Total files failed: 51

