Found 90 .dat file(s) to process

[1/90] Processing: AEROD_v_1_768_1152.dat
  False Negatives: 211
  False Positives: 230
  False Types: 0
  Grand Total: 441

[2/90] Processing: cb_ozone_c_1_768_1152.dat
  False Negatives: 0
  False Positives: 952
  False Types: 0
  Grand Total: 952

[3/90] Processing: cb_sulf_c_1_768_1152.dat
  False Negatives: 0
  False Positives: 129070
  False Types: 0
  Grand Total: 129070

[4/90] Processing: CLDHGH_1_768_1152.dat
  False Negatives: 23
  False Positives: 75
  False Types: 1
  Grand Total: 99

[5/90] Processing: CLDLOW_1_768_1152.dat
  False Negatives: 38
  False Positives: 16398
  False Types: 0
  Grand Total: 16436

[6/90] Processing: CLDMED_1_768_1152.dat
  False Negatives: 102
  False Positives: 8873
  False Types: 10
  Grand Total: 8985

[7/90] Processing: CLDTOT_1_768_1152.dat
  False Negatives: 21
  False Positives: 20
  False Types: 0
  Grand Total: 41

[8/90] Processing: FLDS_1_768_1152.dat
  False Negatives: 259
  False Positives: 224
  False Types: 0
  Grand Total: 483

[9/90] Processing: FLDSC_1_768_1152.dat
  False Negatives: 268
  False Positives: 286
  False Types: 16
  Grand Total: 570

[10/90] Processing: FLNS_1_768_1152.dat
  False Negatives: 74
  False Positives: 58
  False Types: 0
  Grand Total: 132

[11/90] Processing: FLNSC_1_768_1152.dat
  False Negatives: 135
  False Positives: 133
  False Types: 1
  Grand Total: 269

[12/90] Processing: FLNT_1_768_1152.dat
  False Negatives: 156
  False Positives: 125
  False Types: 0
  Grand Total: 281

[13/90] Processing: FLNTC_1_768_1152.dat
  False Negatives: 335
  False Positives: 430
  False Types: 11
  Grand Total: 776

[14/90] Processing: FLUT_1_768_1152.dat
  False Negatives: 136
  False Positives: 150
  False Types: 0
  Grand Total: 286

[15/90] Processing: FLUTC_1_768_1152.dat
  False Negatives: 368
  False Positives: 475
  False Types: 10
  Grand Total: 853

[16/90] Processing: FREQSH_1_768_1152.dat
  False Negatives: 0
  False Positives: 9066
  False Types: 0
  Grand Total: 9066

[17/90] Processing: FREQZM_1_768_1152.dat
  False Negatives: 0
  False Positives: 46485
  False Types: 0
  Grand Total: 46485

[18/90] Processing: FSDS_1_768_1152.dat
  False Negatives: 76
  False Positives: 67
  False Types: 0
  Grand Total: 143

[19/90] Processing: FSDSC_1_768_1152.dat
  False Negatives: 121
  False Positives: 122
  False Types: 2
  Grand Total: 245

[20/90] Processing: FSDTOA_1_768_1152.dat
  False Negatives: 7
  False Positives: 72
  False Types: 0
  Grand Total: 79

[21/90] Processing: FSNS_1_768_1152.dat
  False Negatives: 79
  False Positives: 61
  False Types: 0
  Grand Total: 140

[22/90] Processing: FSNSC_1_768_1152.dat
  False Negatives: 144
  False Positives: 163
  False Types: 3
  Grand Total: 310

[23/90] Processing: FSNT_1_768_1152.dat
  False Negatives: 107
  False Positives: 104
  False Types: 0
  Grand Total: 211

[24/90] Processing: FSNTC_1_768_1152.dat
  False Negatives: 115
  False Positives: 137
  False Types: 3
  Grand Total: 255

[25/90] Processing: FSNTOA_1_768_1152.dat
  False Negatives: 90
  False Positives: 94
  False Types: 0
  Grand Total: 184

[26/90] Processing: FSNTOAC_1_768_1152.dat
  False Negatives: 125
  False Positives: 126
  False Types: 1
  Grand Total: 252

[27/90] Processing: FSUTOA_1_768_1152.dat
  False Negatives: 97
  False Positives: 75
  False Types: 0
  Grand Total: 172

[28/90] Processing: ICEFRAC_1_768_1152.dat
  False Negatives: 21
  False Positives: 33618
  False Types: 2
  Grand Total: 33641

[29/90] Processing: LANDFRAC_1_768_1152.dat
  False Negatives: 0
  False Positives: 39380
  False Types: 0
  Grand Total: 39380

[30/90] Processing: LHFLX_1_768_1152.dat
  False Negatives: 408
  False Positives: 27143
  False Types: 5
  Grand Total: 27556

[31/90] Processing: LWCF_1_768_1152.dat
  False Negatives: 36
  False Positives: 25
  False Types: 0
  Grand Total: 61

[32/90] Processing: MSKtem_1_768_1152.dat
  False Negatives: 0
  False Positives: 94647
  False Types: 0
  Grand Total: 94647

[33/90] Processing: OCNFRAC_1_768_1152.dat
  False Negatives: 22
  False Positives: 61611
  False Types: 3
  Grand Total: 61636

[34/90] Processing: ODV_bcar1_1_768_1152.dat
  False Negatives: 0
  False Positives: 31207
  False Types: 0
  Grand Total: 31207

[35/90] Processing: ODV_bcar2_1_768_1152.dat
  False Negatives: 0
  False Positives: 5992
  False Types: 0
  Grand Total: 5992

[36/90] Processing: ODV_dust1_1_768_1152.dat
  False Negatives: 123
  False Positives: 4383
  False Types: 5
  Grand Total: 4511

[37/90] Processing: ODV_dust2_1_768_1152.dat
  False Negatives: 90
  False Positives: 4452
  False Types: 5
  Grand Total: 4547

[38/90] Processing: ODV_dust3_1_768_1152.dat
  False Negatives: 81
  False Positives: 4097
  False Types: 1
  Grand Total: 4179

[39/90] Processing: ODV_dust4_1_768_1152.dat
  False Negatives: 84
  False Positives: 8743
  False Types: 4
  Grand Total: 8831

[40/90] Processing: ODV_ocar1_1_768_1152.dat
  False Negatives: 21
  False Positives: 21289
  False Types: 1
  Grand Total: 21311

[41/90] Processing: ODV_ocar2_1_768_1152.dat
  False Negatives: 1791
  False Positives: 7732
  False Types: 46
  Grand Total: 9569

[42/90] Processing: ODV_SSLTA_1_768_1152.dat
  False Negatives: 15
  False Positives: 298
  False Types: 0
  Grand Total: 313

[43/90] Processing: ODV_SSLTC_1_768_1152.dat
  False Negatives: 0
  False Positives: 468
  False Types: 0
  Grand Total: 468

[44/90] Processing: ODV_sulf_1_768_1152.dat
  False Negatives: 290
  False Positives: 415
  False Types: 1
  Grand Total: 706

[45/90] Processing: ODV_VOLC_MMR_1_768_1152.dat
  False Negatives: 0
  False Positives: 11289
  False Types: 0
  Grand Total: 11289

[46/90] Processing: PBLH_1_768_1152.dat
  False Negatives: 71
  False Positives: 68
  False Types: 0
  Grand Total: 139

[47/90] Processing: PCONVB_1_768_1152.dat
  False Negatives: 1668
  False Positives: 1975
  False Types: 15
  Grand Total: 3658

[48/90] Processing: PCONVT_1_768_1152.dat
  False Negatives: 582
  False Positives: 796
  False Types: 14
  Grand Total: 1392

[49/90] Processing: PHIS_1_768_1152.dat
  False Negatives: 103
  False Positives: 108988
  False Types: 4
  Grand Total: 109095

[50/90] Processing: PRECC_1_768_1152.dat
  False Negatives: 0
  False Positives: 0
  False Types: 0
  Grand Total: 0

[51/90] Processing: PRECCDZM_1_768_1152.dat
  False Negatives: 0
  False Positives: 0
  False Types: 0
  Grand Total: 0

[52/90] Processing: PRECL_1_768_1152.dat
  False Negatives: 0
  False Positives: 41086
  False Types: 0
  Grand Total: 41086

[53/90] Processing: PRECSC_1_768_1152.dat
  False Negatives: 0
  False Positives: 0
  False Types: 0
  Grand Total: 0

[54/90] Processing: PRECSH_1_768_1152.dat
  False Negatives: 0
  False Positives: 0
  False Types: 0
  Grand Total: 0

[55/90] Processing: PRECSL_1_768_1152.dat
  False Negatives: 0
  False Positives: 0
  False Types: 0
  Grand Total: 0

[56/90] Processing: PRECT_1_768_1152.dat
  False Negatives: 0
  False Positives: 56731
  False Types: 0
  Grand Total: 56731

[57/90] Processing: PS_1_768_1152.dat
  False Negatives: 737
  False Positives: 2523
  False Types: 71
  Grand Total: 3331

[58/90] Processing: PSL_1_768_1152.dat
  False Negatives: 178
  False Positives: 244
  False Types: 1
  Grand Total: 423

[59/90] Processing: QFLX_1_768_1152.dat
  False Negatives: 0
  False Positives: 84117
  False Types: 0
  Grand Total: 84117

[60/90] Processing: QREFHT_1_768_1152.dat
  False Negatives: 0
  False Positives: 25844
  False Types: 0
  Grand Total: 25844

[61/90] Processing: RHREFHT_1_768_1152.dat
  False Negatives: 1601
  False Positives: 2633
  False Types: 54
  Grand Total: 4288

[62/90] Processing: SFCLDICE_1_768_1152.dat
  False Negatives: 0
  False Positives: 0
  False Types: 0
  Grand Total: 0

[63/90] Processing: SFCLDLIQ_1_768_1152.dat
  False Negatives: 0
  False Positives: 0
  False Types: 0
  Grand Total: 0

[64/90] Processing: SHFLX_1_768_1152.dat
  False Negatives: 585
  False Positives: 30309
  False Types: 1
  Grand Total: 30895

[65/90] Processing: SNOWHICE_1_768_1152.dat
  False Negatives: 7
  False Positives: 35843
  False Types: 0
  Grand Total: 35850

[66/90] Processing: SNOWHLND_1_768_1152.dat
  False Negatives: 7892
  False Positives: 52185
  False Types: 782
  Grand Total: 60859

[67/90] Processing: SOLIN_1_768_1152.dat
  False Negatives: 7
  False Positives: 72
  False Types: 0
  Grand Total: 79

[68/90] Processing: SRFRAD_1_768_1152.dat
  False Negatives: 171
  False Positives: 181
  False Types: 0
  Grand Total: 352

[69/90] Processing: SWCF_1_768_1152.dat
  False Negatives: 2178
  False Positives: 2303
  False Types: 70
  Grand Total: 4551

[70/90] Processing: TAUX_1_768_1152.dat
  False Negatives: 299
  False Positives: 24048
  False Types: 1
  Grand Total: 24348

[71/90] Processing: TAUY_1_768_1152.dat
  False Negatives: 278
  False Positives: 26431
  False Types: 3
  Grand Total: 26712

[72/90] Processing: TGCLDIWP_1_768_1152.dat
  False Negatives: 28
  False Positives: 100
  False Types: 0
  Grand Total: 128

[73/90] Processing: TGCLDLWP_1_768_1152.dat
  False Negatives: 39
  False Positives: 41
  False Types: 0
  Grand Total: 80

[74/90] Processing: TH2d_1_768_1152.dat
  False Negatives: 1
  False Positives: 17323
  False Types: 0
  Grand Total: 17324

[75/90] Processing: TMQ_1_768_1152.dat
  False Negatives: 83
  False Positives: 64
  False Types: 0
  Grand Total: 147

[76/90] Processing: TREFHT_1_768_1152.dat
  False Negatives: 396
  False Positives: 22309
  False Types: 4
  Grand Total: 22709

[77/90] Processing: TREFMNAV_1_768_1152.dat
  False Negatives: 1472
  False Positives: 33795
  False Types: 11
  Grand Total: 35278

[78/90] Processing: TREFMXAV_1_768_1152.dat
  False Negatives: 1423
  False Positives: 33336
  False Types: 6
  Grand Total: 34765

[79/90] Processing: TROP_P_1_768_1152.dat
  False Negatives: 212
  False Positives: 310
  False Types: 4
  Grand Total: 526

[80/90] Processing: TROP_T_1_768_1152.dat
  False Negatives: 44
  False Positives: 79
  False Types: 1
  Grand Total: 124

[81/90] Processing: TROP_Z_1_768_1152.dat
  False Negatives: 426
  False Positives: 533
  False Types: 6
  Grand Total: 965

[82/90] Processing: TS_1_768_1152.dat
  False Negatives: 178
  False Positives: 19630
  False Types: 2
  Grand Total: 19810

[83/90] Processing: TSMN_1_768_1152.dat
  False Negatives: 200
  False Positives: 22178
  False Types: 2
  Grand Total: 22380

[84/90] Processing: TSMX_1_768_1152.dat
  False Negatives: 327
  False Positives: 24373
  False Types: 8
  Grand Total: 24708

[85/90] Processing: U2d_1_768_1152.dat
  False Negatives: 6
  False Positives: 18063
  False Types: 1
  Grand Total: 18070

[86/90] Processing: UV2d_1_768_1152.dat
  False Negatives: 128
  False Positives: 18429
  False Types: 12
  Grand Total: 18569

[87/90] Processing: UW2d_1_768_1152.dat
  False Negatives: 352
  False Positives: 18253
  False Types: 46
  Grand Total: 18651

[88/90] Processing: V2d_1_768_1152.dat
  False Negatives: 98
  False Positives: 18220
  False Types: 8
  Grand Total: 18326

[89/90] Processing: VTH2d_1_768_1152.dat
  False Negatives: 170
  False Positives: 18187
  False Types: 39
  Grand Total: 18396

[90/90] Processing: W2d_1_768_1152.dat
  False Negatives: 1198
  False Positives: 12637
  False Types: 86
  Grand Total: 13921

=== Summary ===
Total files processed: 90
Total files failed: 0
Total false cases across all files: 1375687
Average false cases per file: 15285.41
