Found 90 .dat file(s) to process

[1/90] Processing: AEROD_v_1_768_1152.dat
  False Negatives: 2662
  False Positives: 2680
  False Types: 42
  Grand Total: 5384
  Total Critical Points (Decompressed): 83904

[2/90] Processing: cb_ozone_c_1_768_1152.dat
  False Negatives: 0
  False Positives: 910
  False Types: 0
  Grand Total: 910
  Total Critical Points (Decompressed): 4394

[3/90] Processing: cb_sulf_c_1_768_1152.dat
  False Negatives: 0
  False Positives: 183908
  False Types: 0
  Grand Total: 183908
  Total Critical Points (Decompressed): 185206

[4/90] Processing: CLDHGH_1_768_1152.dat
  False Negatives: 219
  False Positives: 278
  False Types: 1
  Grand Total: 498
  Total Critical Points (Decompressed): 181638

[5/90] Processing: CLDLOW_1_768_1152.dat
  False Negatives: 283
  False Positives: 16753
  False Types: 5
  Grand Total: 17041
  Total Critical Points (Decompressed): 150943

[6/90] Processing: CLDMED_1_768_1152.dat
  False Negatives: 612
  False Positives: 9413
  False Types: 30
  Grand Total: 10055
  Total Critical Points (Decompressed): 143277

[7/90] Processing: CLDTOT_1_768_1152.dat
  False Negatives: 217
  False Positives: 175
  False Types: 0
  Grand Total: 392
  Total Critical Points (Decompressed): 170054

[8/90] Processing: FLDS_1_768_1152.dat
  False Negatives: 2323
  False Positives: 2301
  False Types: 16
  Grand Total: 4640
  Total Critical Points (Decompressed): 94611

[9/90] Processing: FLDSC_1_768_1152.dat
  False Negatives: 1673
  False Positives: 3039
  False Types: 148
  Grand Total: 4860
  Total Critical Points (Decompressed): 24133

[10/90] Processing: FLNS_1_768_1152.dat
  False Negatives: 663
  False Positives: 581
  False Types: 0
  Grand Total: 1244
  Total Critical Points (Decompressed): 137619

[11/90] Processing: FLNSC_1_768_1152.dat
  False Negatives: 1181
  False Positives: 1299
  False Types: 23
  Grand Total: 2503
  Total Critical Points (Decompressed): 101585

[12/90] Processing: FLNT_1_768_1152.dat
  False Negatives: 1334
  False Positives: 1279
  False Types: 7
  Grand Total: 2620
  Total Critical Points (Decompressed): 97340

[13/90] Processing: FLNTC_1_768_1152.dat
  False Negatives: 2546
  False Positives: 4021
  False Types: 139
  Grand Total: 6706
  Total Critical Points (Decompressed): 39659

[14/90] Processing: FLUT_1_768_1152.dat
  False Negatives: 1282
  False Positives: 1357
  False Types: 8
  Grand Total: 2647
  Total Critical Points (Decompressed): 97354

[15/90] Processing: FLUTC_1_768_1152.dat
  False Negatives: 2543
  False Positives: 3977
  False Types: 146
  Grand Total: 6666
  Total Critical Points (Decompressed): 39479

[16/90] Processing: FREQSH_1_768_1152.dat
  False Negatives: 0
  False Positives: 8744
  False Types: 0
  Grand Total: 8744
  Total Critical Points (Decompressed): 155551

[17/90] Processing: FREQZM_1_768_1152.dat
  False Negatives: 0
  False Positives: 60261
  False Types: 0
  Grand Total: 60261
  Total Critical Points (Decompressed): 137435

[18/90] Processing: FSDS_1_768_1152.dat
  False Negatives: 669
  False Positives: 671
  False Types: 2
  Grand Total: 1342
  Total Critical Points (Decompressed): 97273

[19/90] Processing: FSDSC_1_768_1152.dat
  False Negatives: 925
  False Positives: 1395
  False Types: 73
  Grand Total: 2393
  Total Critical Points (Decompressed): 9975

[20/90] Processing: FSDTOA_1_768_1152.dat
  False Negatives: 36
  False Positives: 430
  False Types: 6
  Grand Total: 472
  Total Critical Points (Decompressed): 445

[21/90] Processing: FSNS_1_768_1152.dat
  False Negatives: 600
  False Positives: 665
  False Types: 2
  Grand Total: 1267
  Total Critical Points (Decompressed): 107760

[22/90] Processing: FSNSC_1_768_1152.dat
  False Negatives: 1190
  False Positives: 1595
  False Types: 51
  Grand Total: 2836
  Total Critical Points (Decompressed): 41315

[23/90] Processing: FSNT_1_768_1152.dat
  False Negatives: 898
  False Positives: 919
  False Types: 5
  Grand Total: 1822
  Total Critical Points (Decompressed): 89479

[24/90] Processing: FSNTC_1_768_1152.dat
  False Negatives: 897
  False Positives: 1396
  False Types: 36
  Grand Total: 2329
  Total Critical Points (Decompressed): 31351

[25/90] Processing: FSNTOA_1_768_1152.dat
  False Negatives: 995
  False Positives: 1021
  False Types: 12
  Grand Total: 2028
  Total Critical Points (Decompressed): 89016

[26/90] Processing: FSNTOAC_1_768_1152.dat
  False Negatives: 861
  False Positives: 1371
  False Types: 34
  Grand Total: 2266
  Total Critical Points (Decompressed): 31142

[27/90] Processing: FSUTOA_1_768_1152.dat
  False Negatives: 881
  False Positives: 1078
  False Types: 37
  Grand Total: 1996
  Total Critical Points (Decompressed): 107882

[28/90] Processing: ICEFRAC_1_768_1152.dat
  False Negatives: 73
  False Positives: 33393
  False Types: 4
  Grand Total: 33470
  Total Critical Points (Decompressed): 33954

[29/90] Processing: LANDFRAC_1_768_1152.dat
  False Negatives: 0
  False Positives: 161328
  False Types: 0
  Grand Total: 161328
  Total Critical Points (Decompressed): 161363

[30/90] Processing: LHFLX_1_768_1152.dat
  False Negatives: 1896
  False Positives: 31028
  False Types: 51
  Grand Total: 32975
  Total Critical Points (Decompressed): 74948

[31/90] Processing: LWCF_1_768_1152.dat
  False Negatives: 361
  False Positives: 295
  False Types: 0
  Grand Total: 656
  Total Critical Points (Decompressed): 121668

[32/90] Processing: MSKtem_1_768_1152.dat
  False Negatives: 9
  False Positives: 127739
  False Types: 2
  Grand Total: 127750
  Total Critical Points (Decompressed): 135645

[33/90] Processing: OCNFRAC_1_768_1152.dat
  False Negatives: 59
  False Positives: 180478
  False Types: 5
  Grand Total: 180542
  Total Critical Points (Decompressed): 181080

[34/90] Processing: ODV_bcar1_1_768_1152.dat
  False Negatives: 253
  False Positives: 38368
  False Types: 19
  Grand Total: 38640
  Total Critical Points (Decompressed): 44180

[35/90] Processing: ODV_bcar2_1_768_1152.dat
  False Negatives: 208
  False Positives: 13464
  False Types: 15
  Grand Total: 13687
  Total Critical Points (Decompressed): 18996

[36/90] Processing: ODV_dust1_1_768_1152.dat
  False Negatives: 570
  False Positives: 35071
  False Types: 73
  Grand Total: 35714
  Total Critical Points (Decompressed): 38337

[37/90] Processing: ODV_dust2_1_768_1152.dat
  False Negatives: 581
  False Positives: 35989
  False Types: 78
  Grand Total: 36648
  Total Critical Points (Decompressed): 39188

[38/90] Processing: ODV_dust3_1_768_1152.dat
  False Negatives: 558
  False Positives: 43910
  False Types: 73
  Grand Total: 44541
  Total Critical Points (Decompressed): 46611

[39/90] Processing: ODV_dust4_1_768_1152.dat
  False Negatives: 540
  False Positives: 64250
  False Types: 67
  Grand Total: 64857
  Total Critical Points (Decompressed): 66269

[40/90] Processing: ODV_ocar1_1_768_1152.dat
  False Negatives: 646
  False Positives: 63097
  False Types: 49
  Grand Total: 63792
  Total Critical Points (Decompressed): 68398

[41/90] Processing: ODV_ocar2_1_768_1152.dat
  False Negatives: 24761
  False Positives: 38607
  False Types: 2951
  Grand Total: 66319
  Total Critical Points (Decompressed): 97835

[42/90] Processing: ODV_SSLTA_1_768_1152.dat
  False Negatives: 1005
  False Positives: 1335
  False Types: 13
  Grand Total: 2353
  Total Critical Points (Decompressed): 75629

[43/90] Processing: ODV_SSLTC_1_768_1152.dat
  False Negatives: 955
  False Positives: 1496
  False Types: 10
  Grand Total: 2461
  Total Critical Points (Decompressed): 81544

[44/90] Processing: ODV_sulf_1_768_1152.dat
  False Negatives: 4187
  False Positives: 4261
  False Types: 56
  Grand Total: 8504
  Total Critical Points (Decompressed): 92012

[45/90] Processing: ODV_VOLC_MMR_1_768_1152.dat
  False Negatives: 0
  False Positives: 14568
  False Types: 0
  Grand Total: 14568
  Total Critical Points (Decompressed): 36471

[46/90] Processing: PBLH_1_768_1152.dat
  False Negatives: 672
  False Positives: 698
  False Types: 2
  Grand Total: 1372
  Total Critical Points (Decompressed): 83235

[47/90] Processing: PCONVB_1_768_1152.dat
  False Negatives: 10996
  False Positives: 29532
  False Types: 992
  Grand Total: 41520
  Total Critical Points (Decompressed): 62528

[48/90] Processing: PCONVT_1_768_1152.dat
  False Negatives: 4171
  False Positives: 16508
  False Types: 193
  Grand Total: 20872
  Total Critical Points (Decompressed): 79298

[49/90] Processing: PHIS_1_768_1152.dat
  False Negatives: 287
  False Positives: 136535
  False Types: 28
  Grand Total: 136850
  Total Critical Points (Decompressed): 145090

[50/90] Processing: PRECC_1_768_1152.dat
  False Negatives: 0
  False Positives: 28238
  False Types: 0
  Grand Total: 28238
  Total Critical Points (Decompressed): 28330

[51/90] Processing: PRECCDZM_1_768_1152.dat
  False Negatives: 0
  False Positives: 4752
  False Types: 0
  Grand Total: 4752
  Total Critical Points (Decompressed): 4839

[52/90] Processing: PRECL_1_768_1152.dat
  False Negatives: 0
  False Positives: 73411
  False Types: 0
  Grand Total: 73411
  Total Critical Points (Decompressed): 73657

[53/90] Processing: PRECSC_1_768_1152.dat
  False Negatives: 0
  False Positives: 0
  False Types: 0
  Grand Total: 0
  Total Critical Points (Decompressed): 0

[54/90] Processing: PRECSH_1_768_1152.dat
  False Negatives: 0
  False Positives: 8
  False Types: 0
  Grand Total: 8
  Total Critical Points (Decompressed): 8

[55/90] Processing: PRECSL_1_768_1152.dat
  False Negatives: 0
  False Positives: 112
  False Types: 0
  Grand Total: 112
  Total Critical Points (Decompressed): 124

[56/90] Processing: PRECT_1_768_1152.dat
  False Negatives: 0
  False Positives: 109013
  False Types: 0
  Grand Total: 109013
  Total Critical Points (Decompressed): 109291

[57/90] Processing: PS_1_768_1152.dat
  False Negatives: 1991
  False Positives: 48638
  False Types: 373
  Grand Total: 51002
  Total Critical Points (Decompressed): 57206

[58/90] Processing: PSL_1_768_1152.dat
  False Negatives: 1412
  False Positives: 2568
  False Types: 80
  Grand Total: 4060
  Total Critical Points (Decompressed): 19471

[59/90] Processing: QFLX_1_768_1152.dat
  False Negatives: 0
  False Positives: 89161
  False Types: 0
  Grand Total: 89161
  Total Critical Points (Decompressed): 112702

[60/90] Processing: QREFHT_1_768_1152.dat
  False Negatives: 681
  False Positives: 26853
  False Types: 42
  Grand Total: 27576
  Total Critical Points (Decompressed): 45688

[61/90] Processing: RHREFHT_1_768_1152.dat
  False Negatives: 11346
  False Positives: 23931
  False Types: 419
  Grand Total: 35696
  Total Critical Points (Decompressed): 92049

[62/90] Processing: SFCLDICE_1_768_1152.dat
  False Negatives: 0
  False Positives: 0
  False Types: 0
  Grand Total: 0
  Total Critical Points (Decompressed): 0

[63/90] Processing: SFCLDLIQ_1_768_1152.dat
  False Negatives: 0
  False Positives: 0
  False Types: 0
  Grand Total: 0
  Total Critical Points (Decompressed): 0

[64/90] Processing: SHFLX_1_768_1152.dat
  False Negatives: 1297
  False Positives: 35878
  False Types: 33
  Grand Total: 37208
  Total Critical Points (Decompressed): 81591

[65/90] Processing: SNOWHICE_1_768_1152.dat
  False Negatives: 52
  False Positives: 35648
  False Types: 2
  Grand Total: 35702
  Total Critical Points (Decompressed): 36240

[66/90] Processing: SNOWHLND_1_768_1152.dat
  False Negatives: 21808
  False Positives: 67108
  False Types: 2038
  Grand Total: 90954
  Total Critical Points (Decompressed): 78902

[67/90] Processing: SOLIN_1_768_1152.dat
  False Negatives: 36
  False Positives: 430
  False Types: 6
  Grand Total: 472
  Total Critical Points (Decompressed): 445

[68/90] Processing: SRFRAD_1_768_1152.dat
  False Negatives: 1588
  False Positives: 1668
  False Types: 12
  Grand Total: 3268
  Total Critical Points (Decompressed): 93842

[69/90] Processing: SWCF_1_768_1152.dat
  False Negatives: 12991
  False Positives: 13170
  False Types: 1140
  Grand Total: 27301
  Total Critical Points (Decompressed): 125481

[70/90] Processing: TAUX_1_768_1152.dat
  False Negatives: 934
  False Positives: 30518
  False Types: 40
  Grand Total: 31492
  Total Critical Points (Decompressed): 53798

[71/90] Processing: TAUY_1_768_1152.dat
  False Negatives: 834
  False Positives: 32252
  False Types: 55
  Grand Total: 33141
  Total Critical Points (Decompressed): 55897

[72/90] Processing: TGCLDIWP_1_768_1152.dat
  False Negatives: 282
  False Positives: 319
  False Types: 0
  Grand Total: 601
  Total Critical Points (Decompressed): 84515

[73/90] Processing: TGCLDLWP_1_768_1152.dat
  False Negatives: 422
  False Positives: 393
  False Types: 6
  Grand Total: 821
  Total Critical Points (Decompressed): 81542

[74/90] Processing: TH2d_1_768_1152.dat
  False Negatives: 0
  False Positives: 15235
  False Types: 0
  Grand Total: 15235
  Total Critical Points (Decompressed): 15263

[75/90] Processing: TMQ_1_768_1152.dat
  False Negatives: 450
  False Positives: 808
  False Types: 28
  Grand Total: 1286
  Total Critical Points (Decompressed): 13912

[76/90] Processing: TREFHT_1_768_1152.dat
  False Negatives: 1064
  False Positives: 29041
  False Types: 32
  Grand Total: 30137
  Total Critical Points (Decompressed): 48826

[77/90] Processing: TREFMNAV_1_768_1152.dat
  False Negatives: 4576
  False Positives: 42001
  False Types: 139
  Grand Total: 46716
  Total Critical Points (Decompressed): 80506

[78/90] Processing: TREFMXAV_1_768_1152.dat
  False Negatives: 4404
  False Positives: 41772
  False Types: 153
  Grand Total: 46329
  Total Critical Points (Decompressed): 73784

[79/90] Processing: TROP_P_1_768_1152.dat
  False Negatives: 1797
  False Positives: 3042
  False Types: 92
  Grand Total: 4931
  Total Critical Points (Decompressed): 27125

[80/90] Processing: TROP_T_1_768_1152.dat
  False Negatives: 479
  False Positives: 835
  False Types: 15
  Grand Total: 1329
  Total Critical Points (Decompressed): 13916

[81/90] Processing: TROP_Z_1_768_1152.dat
  False Negatives: 2987
  False Positives: 5510
  False Types: 198
  Grand Total: 8695
  Total Critical Points (Decompressed): 23058

[82/90] Processing: TS_1_768_1152.dat
  False Negatives: 713
  False Positives: 28154
  False Types: 25
  Grand Total: 28892
  Total Critical Points (Decompressed): 52384

[83/90] Processing: TSMN_1_768_1152.dat
  False Negatives: 779
  False Positives: 31693
  False Types: 25
  Grand Total: 32497
  Total Critical Points (Decompressed): 76283

[84/90] Processing: TSMX_1_768_1152.dat
  False Negatives: 1063
  False Positives: 33978
  False Types: 90
  Grand Total: 35131
  Total Critical Points (Decompressed): 77412

[85/90] Processing: U2d_1_768_1152.dat
  False Negatives: 13
  False Positives: 27940
  False Types: 2
  Grand Total: 27955
  Total Critical Points (Decompressed): 28041

[86/90] Processing: UV2d_1_768_1152.dat
  False Negatives: 188
  False Positives: 15758
  False Types: 61
  Grand Total: 16007
  Total Critical Points (Decompressed): 15963

[87/90] Processing: UW2d_1_768_1152.dat
  False Negatives: 783
  False Positives: 25539
  False Types: 114
  Grand Total: 26436
  Total Critical Points (Decompressed): 26305

[88/90] Processing: V2d_1_768_1152.dat
  False Negatives: 288
  False Positives: 24107
  False Types: 91
  Grand Total: 24486
  Total Critical Points (Decompressed): 24692

[89/90] Processing: VTH2d_1_768_1152.dat
  False Negatives: 211
  False Positives: 19166
  False Types: 71
  Grand Total: 19448
  Total Critical Points (Decompressed): 19374

[90/90] Processing: W2d_1_768_1152.dat
  False Negatives: 1578
  False Positives: 15048
  False Types: 91
  Grand Total: 16717
  Total Critical Points (Decompressed): 15448

=== Summary ===
Total files processed: 90
Total files failed: 0
Total false cases across all files: 2533465
Average false cases per file: 28149.61
