Input directory: ../../CESM-ICE-MODELS/4/log_normalized
Output directory: ../../CESM-ICE-MODELS/4/log_normalized/topoSZp_1E-3
Dimensions: 384x320 (122880 elements)
Error bound: 1E-3
Block size: 16

Found 130 .dat file(s) to process

[1/130] Processing: aeroiceint001_1_384_320.dat

compression time=0.003904, total fastmode1 topology
compression size = 115383, CR = 4.259900
done
decompression time=0.006330
done
Min=0, Max=1, range=1
Max absolute error = 0.0009999275
Max relative error = 0.001000
Max pw relative error = 0.001000
PSNR = 65.252569, NRMSE= 0.00054622494739052604874
acEff=1.000000
compressionRatio = 4.259900
  ✓ Compression and decompression successful (ratio: 4.25x)

[2/130] Processing: aeroiceint002_1_384_320.dat

compression time=0.002676, total fastmode1 topology
compression size = 115383, CR = 4.259900
done
decompression time=0.005795
done
Min=0, Max=1, range=1
Max absolute error = 0.0009999275
Max relative error = 0.001000
Max pw relative error = 0.001000
PSNR = 65.252569, NRMSE= 0.00054622494739052604874
acEff=1.000000
compressionRatio = 4.259900
  ✓ Compression and decompression successful (ratio: 4.25x)

[3/130] Processing: aeroiceint003_1_384_320.dat

compression time=0.002416, total fastmode1 topology
compression size = 115383, CR = 4.259900
done
decompression time=0.005413
done
Min=0, Max=1, range=1
Max absolute error = 0.0009999275
Max relative error = 0.001000
Max pw relative error = 0.001000
PSNR = 65.252569, NRMSE= 0.00054622494739052604874
acEff=1.000000
compressionRatio = 4.259900
  ✓ Compression and decompression successful (ratio: 4.25x)

[4/130] Processing: aeroicessl001_1_384_320.dat

compression time=0.002750, total fastmode1 topology
compression size = 115383, CR = 4.259900
done
decompression time=0.005421
done
Min=0, Max=1, range=1
Max absolute error = 0.0009999275
Max relative error = 0.001000
Max pw relative error = 0.001000
PSNR = 65.252569, NRMSE= 0.00054622494739052604874
acEff=1.000000
compressionRatio = 4.259900
  ✓ Compression and decompression successful (ratio: 4.25x)

[5/130] Processing: aeroicessl002_1_384_320.dat

compression time=0.002481, total fastmode1 topology
compression size = 115383, CR = 4.259900
done
decompression time=0.005429
done
Min=0, Max=1, range=1
Max absolute error = 0.0009999275
Max relative error = 0.001000
Max pw relative error = 0.001000
PSNR = 65.252569, NRMSE= 0.00054622494739052604874
acEff=1.000000
compressionRatio = 4.259900
  ✓ Compression and decompression successful (ratio: 4.25x)

[6/130] Processing: aeroicessl003_1_384_320.dat

compression time=0.002890, total fastmode1 topology
compression size = 115383, CR = 4.259900
done
decompression time=0.005579
done
Min=0, Max=1, range=1
Max absolute error = 0.0009999275
Max relative error = 0.001000
Max pw relative error = 0.001000
PSNR = 65.252569, NRMSE= 0.00054622494739052604874
acEff=1.000000
compressionRatio = 4.259900
  ✓ Compression and decompression successful (ratio: 4.25x)

[7/130] Processing: aerosnoint001_1_384_320.dat

compression time=0.002730, total fastmode1 topology
compression size = 115383, CR = 4.259900
done
decompression time=0.005542
done
Min=0, Max=1, range=1
Max absolute error = 0.0009999275
Max relative error = 0.001000
Max pw relative error = 0.001000
PSNR = 65.252569, NRMSE= 0.00054622494739052604874
acEff=1.000000
compressionRatio = 4.259900
  ✓ Compression and decompression successful (ratio: 4.25x)

[8/130] Processing: aerosnoint002_1_384_320.dat

compression time=0.005180, total fastmode1 topology
compression size = 115383, CR = 4.259900
done
decompression time=0.005810
done
Min=0, Max=1, range=1
Max absolute error = 0.0009999275
Max relative error = 0.001000
Max pw relative error = 0.001000
PSNR = 65.252569, NRMSE= 0.00054622494739052604874
acEff=1.000000
compressionRatio = 4.259900
  ✓ Compression and decompression successful (ratio: 4.25x)

[9/130] Processing: aerosnoint003_1_384_320.dat

compression time=0.002834, total fastmode1 topology
compression size = 115542, CR = 4.254037
done
decompression time=0.006497
done
Min=0, Max=1, range=1
Max absolute error = 0.0009999275
Max relative error = 0.001000
Max pw relative error = 0.001000
PSNR = 65.252570, NRMSE= 0.00054622488954122300989
acEff=1.000000
compressionRatio = 4.254037
  ✓ Compression and decompression successful (ratio: 4.25x)

[10/130] Processing: aerosnossl001_1_384_320.dat

compression time=0.002575, total fastmode1 topology
compression size = 115383, CR = 4.259900
done
decompression time=0.005598
done
Min=0, Max=1, range=1
Max absolute error = 0.0009999275
Max relative error = 0.001000
Max pw relative error = 0.001000
PSNR = 65.252569, NRMSE= 0.00054622494739052604874
acEff=1.000000
compressionRatio = 4.259900
  ✓ Compression and decompression successful (ratio: 4.25x)

[11/130] Processing: aerosnossl002_1_384_320.dat

compression time=0.002875, total fastmode1 topology
compression size = 115383, CR = 4.259900
done
decompression time=0.005313
done
Min=0, Max=1, range=1
Max absolute error = 0.0009999275
Max relative error = 0.001000
Max pw relative error = 0.001000
PSNR = 65.252569, NRMSE= 0.00054622494739052604874
acEff=1.000000
compressionRatio = 4.259900
  ✓ Compression and decompression successful (ratio: 4.25x)

[12/130] Processing: aerosnossl003_1_384_320.dat

compression time=0.002916, total fastmode1 topology
compression size = 115590, CR = 4.252271
done
decompression time=0.006337
done
Min=0, Max=1, range=1
Max absolute error = 0.0009999275
Max relative error = 0.001000
Max pw relative error = 0.001000
PSNR = 65.252571, NRMSE= 0.00054622487245704041698
acEff=1.000000
compressionRatio = 4.252271
  ✓ Compression and decompression successful (ratio: 4.25x)

[13/130] Processing: aice_1_384_320.dat

compression time=0.002482, total fastmode1 topology
compression size = 119152, CR = 4.125151
done
decompression time=0.006428
done
Min=0, Max=1, range=1
Max absolute error = 0.0009999387
Max relative error = 0.001000
Max pw relative error = 0.001000
PSNR = 64.854978, NRMSE= 0.0005718091281587669647
acEff=1.000000
compressionRatio = 4.125151
  ✓ Compression and decompression successful (ratio: 4.12x)

[14/130] Processing: aicen001_1_384_320.dat

compression time=0.002965, total fastmode1 topology
compression size = 119354, CR = 4.118169
done
decompression time=0.006500
done
Min=0, Max=1, range=1
Max absolute error = 0.0017039217
Max relative error = 0.001704
Max pw relative error = 0.001704
PSNR = 64.829139, NRMSE= 0.00057351269187425502494
acEff=1.000000
compressionRatio = 4.118169
  ✓ Compression and decompression successful (ratio: 4.11x)

[15/130] Processing: aicen002_1_384_320.dat

compression time=0.002938, total fastmode1 topology
compression size = 118852, CR = 4.135563
done
decompression time=0.006270
done
Min=0, Max=1, range=1
Max absolute error = 0.0012026690
Max relative error = 0.001203
Max pw relative error = 0.001203
PSNR = 64.872178, NRMSE= 0.00057067793504733406017
acEff=1.000000
compressionRatio = 4.135564
  ✓ Compression and decompression successful (ratio: 4.13x)

[16/130] Processing: aicen003_1_384_320.dat

compression time=0.003263, total fastmode1 topology
compression size = 118532, CR = 4.146729
done
decompression time=0.006273
done
Min=0, Max=1, range=1
Max absolute error = 0.0015152413
Max relative error = 0.001515
Max pw relative error = 0.001515
PSNR = 64.879098, NRMSE= 0.00057022347418253884789
acEff=1.000000
compressionRatio = 4.146728
  ✓ Compression and decompression successful (ratio: 4.14x)

[17/130] Processing: aicen004_1_384_320.dat

compression time=0.002705, total fastmode1 topology
compression size = 118369, CR = 4.152439
done
decompression time=0.006532
done
Min=0, Max=1, range=1
Max absolute error = 0.0015191156
Max relative error = 0.001519
Max pw relative error = 0.001519
PSNR = 64.883373, NRMSE= 0.00056994288193937649514
acEff=1.000000
compressionRatio = 4.152439
  ✓ Compression and decompression successful (ratio: 4.15x)

[18/130] Processing: aicen005_1_384_320.dat

compression time=0.002791, total fastmode1 topology
compression size = 118225, CR = 4.157496
done
decompression time=0.006691
done
Min=0, Max=1, range=1
Max absolute error = 0.0011459999
Max relative error = 0.001146
Max pw relative error = 0.001146
PSNR = 64.908033, NRMSE= 0.00056832706792766748711
acEff=1.000000
compressionRatio = 4.157496
  ✓ Compression and decompression successful (ratio: 4.15x)

[19/130] Processing: aisnap_1_384_320.dat

compression time=0.003191, total fastmode1 topology
compression size = 117881, CR = 4.169629
done
decompression time=0.006500
done
Min=0, Max=1, range=1
Max absolute error = 0.0009999275
Max relative error = 0.001000
Max pw relative error = 0.001000
PSNR = 64.889143, NRMSE= 0.00056956440676044525588
acEff=1.000000
compressionRatio = 4.169629
  ✓ Compression and decompression successful (ratio: 4.16x)

[20/130] Processing: albice_1_384_320.dat

compression time=0.002867, total fastmode1 topology
compression size = 116373, CR = 4.223660
done
decompression time=0.006467
done
Min=0, Max=1, range=1
Max absolute error = 0.0013142424
Max relative error = 0.001314
Max pw relative error = 0.001314
PSNR = 65.194091, NRMSE= 0.00054991483319426182844
acEff=1.000000
compressionRatio = 4.223660
  ✓ Compression and decompression successful (ratio: 4.22x)

[21/130] Processing: albpnd_1_384_320.dat

compression time=0.002772, total fastmode1 topology
compression size = 116051, CR = 4.235379
done
decompression time=0.006409
done
Min=0, Max=1, range=1
Max absolute error = 0.0009999275
Max relative error = 0.001000
Max pw relative error = 0.001000
PSNR = 65.212283, NRMSE= 0.00054876430810732608999
acEff=1.000000
compressionRatio = 4.235379
  ✓ Compression and decompression successful (ratio: 4.23x)

[22/130] Processing: albsno_1_384_320.dat

compression time=0.002645, total fastmode1 topology
compression size = 117192, CR = 4.194143
done
decompression time=0.006686
done
Min=0, Max=1, range=1
Max absolute error = 0.0009999722
Max relative error = 0.001000
Max pw relative error = 0.001000
PSNR = 65.030180, NRMSE= 0.00056039078362059074542
acEff=1.000000
compressionRatio = 4.194143
  ✓ Compression and decompression successful (ratio: 4.19x)

[23/130] Processing: alidr_1_384_320.dat

compression time=0.002748, total fastmode1 topology
compression size = 117755, CR = 4.174090
done
decompression time=0.006664
done
Min=0, Max=1, range=1
Max absolute error = 0.0009999275
Max relative error = 0.001000
Max pw relative error = 0.001000
PSNR = 64.963005, NRMSE= 0.00056474155818471872149
acEff=1.000000
compressionRatio = 4.174090
  ✓ Compression and decompression successful (ratio: 4.17x)

[24/130] Processing: alvdr_1_384_320.dat

compression time=0.004220, total fastmode1 topology
compression size = 117784, CR = 4.173062
done
decompression time=0.006608
done
Min=0, Max=1, range=1
Max absolute error = 0.0009999275
Max relative error = 0.001000
Max pw relative error = 0.001000
PSNR = 65.011300, NRMSE= 0.00056161023696882209945
acEff=1.000000
compressionRatio = 4.173063
  ✓ Compression and decompression successful (ratio: 4.17x)

[25/130] Processing: ANGLE_384_320.dat

compression time=0.004891, total fastmode1 topology
compression size = 80849, CR = 6.079482
done
decompression time=0.007181
done
Min=0, Max=1, range=1
Max absolute error = 0.0019998550
Max relative error = 0.002000
Max pw relative error = 0.002000
PSNR = 65.108158, NRMSE= 0.00055538236741904363838
acEff=0.999993
compressionRatio = 6.079482
  ✓ Compression and decompression successful (ratio: 6.07x)

[26/130] Processing: ANGLET_384_320.dat
Error: No critical points found!
  ✗ Compression failed

[27/130] Processing: apond001_1_384_320.dat

compression time=0.005826, total fastmode1 topology
compression size = 118682, CR = 4.141487
done
decompression time=0.006824
done
Min=0, Max=1, range=1
Max absolute error = 0.0014789701
Max relative error = 0.001479
Max pw relative error = 0.001479
PSNR = 65.059676, NRMSE= 0.00055849100561282166624
acEff=1.000000
compressionRatio = 4.141487
  ✓ Compression and decompression successful (ratio: 4.14x)

[28/130] Processing: apond002_1_384_320.dat

compression time=0.003119, total fastmode1 topology
compression size = 125447, CR = 3.918149
done
decompression time=0.006974
done
Min=0, Max=1, range=1
Max absolute error = 0.0019339211
Max relative error = 0.001934
Max pw relative error = 0.001934
PSNR = 64.848289, NRMSE= 0.00057224969393130536467
acEff=1.000000
compressionRatio = 3.918149
  ✓ Compression and decompression successful (ratio: 3.91x)

[29/130] Processing: apond003_1_384_320.dat

compression time=0.002943, total fastmode1 topology
compression size = 124236, CR = 3.956341
done
decompression time=0.007111
done
Min=0, Max=1, range=1
Max absolute error = 0.0019840635
Max relative error = 0.001984
Max pw relative error = 0.001984
PSNR = 64.944044, NRMSE= 0.00056597574453625396681
acEff=1.000000
compressionRatio = 3.956341
  ✓ Compression and decompression successful (ratio: 3.95x)

[30/130] Processing: apond004_1_384_320.dat

compression time=0.002650, total fastmode1 topology
compression size = 121599, CR = 4.042139
done
decompression time=0.006524
done
Min=0, Max=1, range=1
Max absolute error = 0.0016271845
Max relative error = 0.001627
Max pw relative error = 0.001627
PSNR = 65.008631, NRMSE= 0.00056178284080646539566
acEff=1.000000
compressionRatio = 4.042139
  ✓ Compression and decompression successful (ratio: 4.04x)

[31/130] Processing: apond005_1_384_320.dat

compression time=0.002660, total fastmode1 topology
compression size = 120059, CR = 4.093987
done
decompression time=0.006694
done
Min=0, Max=1, range=1
Max absolute error = 0.0019328184
Max relative error = 0.001933
Max pw relative error = 0.001933
PSNR = 65.049247, NRMSE= 0.00055916202160000171885
acEff=1.000000
compressionRatio = 4.093987
  ✓ Compression and decompression successful (ratio: 4.09x)

[32/130] Processing: congel_1_384_320.dat

compression time=0.002710, total fastmode1 topology
compression size = 116482, CR = 4.219708
done
decompression time=0.007064
done
Min=0, Max=1, range=1
Max absolute error = 0.0009999275
Max relative error = 0.001000
Max pw relative error = 0.001000
PSNR = 65.079259, NRMSE= 0.00055723327352186896849
acEff=1.000000
compressionRatio = 4.219708
  ✓ Compression and decompression successful (ratio: 4.21x)

[33/130] Processing: coszen_1_384_320.dat

compression time=0.002903, total fastmode1 topology
compression size = 115920, CR = 4.240166
done
decompression time=0.005698
done
Min=0, Max=1, range=1
Max absolute error = 0.0010004179
Max relative error = 0.001000
Max pw relative error = 0.001000
PSNR = 62.824863, NRMSE= 0.00072236522323847955455
acEff=1.000000
compressionRatio = 4.240166
  ✓ Compression and decompression successful (ratio: 4.24x)

[34/130] Processing: daidtd_1_384_320.dat

compression time=0.002864, total fastmode1 topology
compression size = 118202, CR = 4.158305
done
decompression time=0.006594
done
Min=0, Max=1, range=1
Max absolute error = 0.0009999275
Max relative error = 0.001000
Max pw relative error = 0.001000
PSNR = 62.107993, NRMSE= 0.00078451340297353206778
acEff=1.000000
compressionRatio = 4.158305
  ✓ Compression and decompression successful (ratio: 4.15x)

[35/130] Processing: daidtt_1_384_320.dat

compression time=0.002656, total fastmode1 topology
compression size = 118584, CR = 4.144910
done
decompression time=0.006597
done
Min=0, Max=1, range=1
Max absolute error = 0.0015081875
Max relative error = 0.001508
Max pw relative error = 0.001508
PSNR = 63.245211, NRMSE= 0.00068823928625715111596
acEff=1.000000
compressionRatio = 4.144910
  ✓ Compression and decompression successful (ratio: 4.14x)

[36/130] Processing: dardg1dt_1_384_320.dat

compression time=0.002951, total fastmode1 topology
compression size = 117655, CR = 4.177638
done
decompression time=0.006620
done
Min=0, Max=1, range=1
Max absolute error = 0.0009999599
Max relative error = 0.001000
Max pw relative error = 0.001000
PSNR = 65.040943, NRMSE= 0.00055969680643431260047
acEff=1.000000
compressionRatio = 4.177638
  ✓ Compression and decompression successful (ratio: 4.17x)

[37/130] Processing: dardg2dt_1_384_320.dat

compression time=0.002763, total fastmode1 topology
compression size = 116818, CR = 4.207571
done
decompression time=0.006510
done
Min=0, Max=1, range=1
Max absolute error = 0.0009999275
Max relative error = 0.001000
Max pw relative error = 0.001000
PSNR = 65.157463, NRMSE= 0.00055223869865818049716
acEff=1.000000
compressionRatio = 4.207571
  ✓ Compression and decompression successful (ratio: 4.20x)

[38/130] Processing: divu_1_384_320.dat

compression time=0.003554, total fastmode1 topology
compression size = 119782, CR = 4.103455
done
decompression time=0.006688
done
Min=0, Max=1, range=1
Max absolute error = 0.0010028519
Max relative error = 0.001003
Max pw relative error = 0.001003
PSNR = 64.851227, NRMSE= 0.000572056110681287526
acEff=1.000000
compressionRatio = 4.103455
  ✓ Compression and decompression successful (ratio: 4.10x)

[39/130] Processing: dvidtd_1_384_320.dat

compression time=0.003005, total fastmode1 topology
compression size = 118634, CR = 4.143163
done
decompression time=0.006575
done
Min=0, Max=1, range=1
Max absolute error = 0.0012038089
Max relative error = 0.001204
Max pw relative error = 0.001204
PSNR = 60.388199, NRMSE= 0.00095629101187803681235
acEff=1.000000
compressionRatio = 4.143163
  ✓ Compression and decompression successful (ratio: 4.14x)

[40/130] Processing: dvidtt_1_384_320.dat

compression time=0.002736, total fastmode1 topology
compression size = 117895, CR = 4.169134
done
decompression time=0.007103
done
Min=0, Max=1, range=1
Max absolute error = 0.0009999704
Max relative error = 0.001000
Max pw relative error = 0.001000
PSNR = 62.259078, NRMSE= 0.00077098528008620300159
acEff=1.000000
compressionRatio = 4.169134
  ✓ Compression and decompression successful (ratio: 4.16x)

[41/130] Processing: dvirdgdt_1_384_320.dat

compression time=0.003165, total fastmode1 topology
compression size = 117163, CR = 4.195181
done
decompression time=0.006292
done
Min=0, Max=1, range=1
Max absolute error = 0.0009999275
Max relative error = 0.001000
Max pw relative error = 0.001000
PSNR = 65.076580, NRMSE= 0.00055740520335331071936
acEff=1.000000
compressionRatio = 4.195181
  ✓ Compression and decompression successful (ratio: 4.19x)

[42/130] Processing: dxt_384_320.dat
Error: No critical points found!
  ✗ Compression failed

[43/130] Processing: dxu_384_320.dat
Error: No critical points found!
  ✗ Compression failed

[44/130] Processing: dyt_384_320.dat
Error: No critical points found!
  ✗ Compression failed

[45/130] Processing: dyu_384_320.dat

compression time=0.002544, total fastmode1 topology
compression size = 86487, CR = 5.683166
done
decompression time=0.005631
done
Min=0, Max=1, range=1
Max absolute error = 0.0009999871
Max relative error = 0.001000
Max pw relative error = 0.001000
PSNR = 65.256021, NRMSE= 0.00054600791520362538731
acEff=0.999998
compressionRatio = 5.683166
  ✓ Compression and decompression successful (ratio: 5.68x)

[46/130] Processing: evap_1_384_320.dat

compression time=0.002824, total fastmode1 topology
compression size = 117462, CR = 4.184502
done
decompression time=0.006775
done
Min=0, Max=1, range=1
Max absolute error = 0.0010079747
Max relative error = 0.001008
Max pw relative error = 0.001008
PSNR = 60.557334, NRMSE= 0.00093784981281438560725
acEff=1.000000
compressionRatio = 4.184502
  ✓ Compression and decompression successful (ratio: 4.18x)

[47/130] Processing: evap_ai_1_384_320.dat

compression time=0.002845, total fastmode1 topology
compression size = 116578, CR = 4.216233
done
decompression time=0.006562
done
Min=0, Max=1, range=1
Max absolute error = 0.0009999275
Max relative error = 0.001000
Max pw relative error = 0.001000
PSNR = 62.531311, NRMSE= 0.00074719582471069283507
acEff=1.000000
compressionRatio = 4.216233
  ✓ Compression and decompression successful (ratio: 4.21x)

[48/130] Processing: faero_atm001_1_384_320.dat

compression time=0.002930, total fastmode1 topology
compression size = 115383, CR = 4.259900
done
decompression time=0.005494
done
Min=0, Max=1, range=1
Max absolute error = 0.0009999275
Max relative error = 0.001000
Max pw relative error = 0.001000
PSNR = 65.252569, NRMSE= 0.00054622494739052604874
acEff=1.000000
compressionRatio = 4.259900
  ✓ Compression and decompression successful (ratio: 4.25x)

[49/130] Processing: faero_atm002_1_384_320.dat

compression time=0.003194, total fastmode1 topology
compression size = 115383, CR = 4.259900
done
decompression time=0.005324
done
Min=0, Max=1, range=1
Max absolute error = 0.0009999275
Max relative error = 0.001000
Max pw relative error = 0.001000
PSNR = 65.252569, NRMSE= 0.00054622494739052604874
acEff=1.000000
compressionRatio = 4.259900
  ✓ Compression and decompression successful (ratio: 4.25x)

[50/130] Processing: faero_atm003_1_384_320.dat

compression time=0.004689, total fastmode1 topology
compression size = 115383, CR = 4.259900
done
decompression time=0.005763
done
Min=0, Max=1, range=1
Max absolute error = 0.0009999275
Max relative error = 0.001000
Max pw relative error = 0.001000
PSNR = 65.252569, NRMSE= 0.00054622494739052604874
acEff=1.000000
compressionRatio = 4.259900
  ✓ Compression and decompression successful (ratio: 4.25x)

[51/130] Processing: faero_ocn001_1_384_320.dat

compression time=0.002880, total fastmode1 topology
compression size = 115383, CR = 4.259900
done
decompression time=0.005274
done
Min=0, Max=1, range=1
Max absolute error = 0.0009999275
Max relative error = 0.001000
Max pw relative error = 0.001000
PSNR = 65.252569, NRMSE= 0.00054622494739052604874
acEff=1.000000
compressionRatio = 4.259900
  ✓ Compression and decompression successful (ratio: 4.25x)

[52/130] Processing: faero_ocn002_1_384_320.dat

compression time=0.002941, total fastmode1 topology
compression size = 115383, CR = 4.259900
done
decompression time=0.005554
done
Min=0, Max=1, range=1
Max absolute error = 0.0009999275
Max relative error = 0.001000
Max pw relative error = 0.001000
PSNR = 65.252569, NRMSE= 0.00054622494739052604874
acEff=1.000000
compressionRatio = 4.259900
  ✓ Compression and decompression successful (ratio: 4.25x)

[53/130] Processing: faero_ocn003_1_384_320.dat

compression time=0.002909, total fastmode1 topology
compression size = 115383, CR = 4.259900
done
decompression time=0.005769
done
Min=0, Max=1, range=1
Max absolute error = 0.0009999275
Max relative error = 0.001000
Max pw relative error = 0.001000
PSNR = 65.252569, NRMSE= 0.00054622494739052604874
acEff=1.000000
compressionRatio = 4.259900
  ✓ Compression and decompression successful (ratio: 4.25x)

[54/130] Processing: fcondtop_ai_1_384_320.dat

compression time=0.002837, total fastmode1 topology
compression size = 117303, CR = 4.190174
done
decompression time=0.006730
done
Min=0, Max=1, range=1
Max absolute error = 0.0009999275
Max relative error = 0.001000
Max pw relative error = 0.001000
PSNR = 64.196082, NRMSE= 0.00061687320855317287396
acEff=1.000000
compressionRatio = 4.190174
  ✓ Compression and decompression successful (ratio: 4.19x)

[55/130] Processing: fhocn_1_384_320.dat

compression time=0.003022, total fastmode1 topology
compression size = 118279, CR = 4.155598
done
decompression time=0.006586
done
Min=0, Max=1, range=1
Max absolute error = 0.0010000020
Max relative error = 0.001000
Max pw relative error = 0.001000
PSNR = 64.462383, NRMSE= 0.00059824742875466999873
acEff=1.000000
compressionRatio = 4.155598
  ✓ Compression and decompression successful (ratio: 4.15x)

[56/130] Processing: fhocn_ai_1_384_320.dat

compression time=0.002655, total fastmode1 topology
compression size = 117997, CR = 4.165530
done
decompression time=0.006281
done
Min=0, Max=1, range=1
Max absolute error = 0.0009999275
Max relative error = 0.001000
Max pw relative error = 0.001000
PSNR = 62.074735, NRMSE= 0.00078752305125818458827
acEff=1.000000
compressionRatio = 4.165530
  ✓ Compression and decompression successful (ratio: 4.16x)

[57/130] Processing: flat_1_384_320.dat

compression time=0.002492, total fastmode1 topology
compression size = 119271, CR = 4.121035
done
decompression time=0.006730
done
Min=0, Max=1, range=1
Max absolute error = 0.0013413802
Max relative error = 0.001341
Max pw relative error = 0.001341
PSNR = 63.228281, NRMSE= 0.00068958203378326470446
acEff=1.000000
compressionRatio = 4.121035
  ✓ Compression and decompression successful (ratio: 4.12x)

[58/130] Processing: flat_ai_1_384_320.dat

compression time=0.003984, total fastmode1 topology
compression size = 118373, CR = 4.152298
done
decompression time=0.006802
done
Min=0, Max=1, range=1
Max absolute error = 0.0009999499
Max relative error = 0.001000
Max pw relative error = 0.001000
PSNR = 62.474081, NRMSE= 0.00075213525298284704054
acEff=1.000000
compressionRatio = 4.152298
  ✓ Compression and decompression successful (ratio: 4.15x)

[59/130] Processing: flwdn_1_384_320.dat

compression time=0.003105, total fastmode1 topology
compression size = 131909, CR = 3.726205
done
decompression time=0.007640
done
Min=0, Max=1, range=1
Max absolute error = 0.0011446774
Max relative error = 0.001145
Max pw relative error = 0.001145
PSNR = 62.781136, NRMSE= 0.00072601098251726277604
acEff=1.000000
compressionRatio = 3.726205
  ✓ Compression and decompression successful (ratio: 3.72x)

[60/130] Processing: flwup_1_384_320.dat

compression time=0.003248, total fastmode1 topology
compression size = 118776, CR = 4.138210
done
decompression time=0.006799
done
Min=0, Max=1, range=1
Max absolute error = 0.0009999275
Max relative error = 0.001000
Max pw relative error = 0.001000
PSNR = 64.667242, NRMSE= 0.00058430273820913171227
acEff=1.000000
compressionRatio = 4.138210
  ✓ Compression and decompression successful (ratio: 4.13x)

[61/130] Processing: flwup_ai_1_384_320.dat

compression time=0.002896, total fastmode1 topology
compression size = 118479, CR = 4.148583
done
decompression time=0.006661
done
Min=0, Max=1, range=1
Max absolute error = 0.0009999536
Max relative error = 0.001000
Max pw relative error = 0.001000
PSNR = 61.387141, NRMSE= 0.00085239908034251638067
acEff=1.000000
compressionRatio = 4.148583
  ✓ Compression and decompression successful (ratio: 4.14x)

[62/130] Processing: frazil_1_384_320.dat

compression time=0.003181, total fastmode1 topology
compression size = 116424, CR = 4.221810
done
decompression time=0.006541
done
Min=0, Max=1, range=1
Max absolute error = 0.0009999275
Max relative error = 0.001000
Max pw relative error = 0.001000
PSNR = 65.089608, NRMSE= 0.00055656972559026400994
acEff=1.000000
compressionRatio = 4.221810
  ✓ Compression and decompression successful (ratio: 4.22x)

[63/130] Processing: fresh_1_384_320.dat

compression time=0.002755, total fastmode1 topology
compression size = 119545, CR = 4.111590
done
decompression time=0.006545
done
Min=0, Max=1, range=1
Max absolute error = 0.0012184121
Max relative error = 0.001218
Max pw relative error = 0.001218
PSNR = 63.800613, NRMSE= 0.00064560865519239099899
acEff=1.000000
compressionRatio = 4.111590
  ✓ Compression and decompression successful (ratio: 4.11x)

[64/130] Processing: fresh_ai_1_384_320.dat

compression time=0.002799, total fastmode1 topology
compression size = 118200, CR = 4.158376
done
decompression time=0.006642
done
Min=0, Max=1, range=1
Max absolute error = 0.0012005381
Max relative error = 0.001201
Max pw relative error = 0.001201
PSNR = 62.320380, NRMSE= 0.00076556312376736628499
acEff=1.000000
compressionRatio = 4.158376
  ✓ Compression and decompression successful (ratio: 4.15x)

[65/130] Processing: fs_1_384_320.dat

compression time=0.003263, total fastmode1 topology
compression size = 117573, CR = 4.180552
done
decompression time=0.006577
done
Min=0, Max=1, range=1
Max absolute error = 0.0009999722
Max relative error = 0.001000
Max pw relative error = 0.001000
PSNR = 64.857239, NRMSE= 0.0005716603320921689619
acEff=1.000000
compressionRatio = 4.180552
  ✓ Compression and decompression successful (ratio: 4.18x)

[66/130] Processing: fsalt_1_384_320.dat

compression time=0.002825, total fastmode1 topology
compression size = 118272, CR = 4.155844
done
decompression time=0.006596
done
Min=0, Max=1, range=1
Max absolute error = 0.0010924796
Max relative error = 0.001092
Max pw relative error = 0.001092
PSNR = 63.613076, NRMSE= 0.00065969954503256348841
acEff=1.000000
compressionRatio = 4.155844
  ✓ Compression and decompression successful (ratio: 4.15x)

[67/130] Processing: fsalt_ai_1_384_320.dat

compression time=0.002957, total fastmode1 topology
compression size = 116761, CR = 4.209625
done
decompression time=0.006384
done
Min=0, Max=1, range=1
Max absolute error = 0.0010059321
Max relative error = 0.001006
Max pw relative error = 0.001006
PSNR = 60.354167, NRMSE= 0.00096004511885713949074
acEff=1.000000
compressionRatio = 4.209625
  ✓ Compression and decompression successful (ratio: 4.20x)

[68/130] Processing: fsens_1_384_320.dat

compression time=0.002713, total fastmode1 topology
compression size = 119492, CR = 4.113413
done
decompression time=0.006938
done
Min=0, Max=1, range=1
Max absolute error = 0.0016929395
Max relative error = 0.001693
Max pw relative error = 0.001693
PSNR = 62.370172, NRMSE= 0.00076118705859337578573
acEff=1.000000
compressionRatio = 4.113413
  ✓ Compression and decompression successful (ratio: 4.11x)

[69/130] Processing: fsens_ai_1_384_320.dat

compression time=0.003356, total fastmode1 topology
compression size = 118202, CR = 4.158305
done
decompression time=0.006411
done
Min=0, Max=1, range=1
Max absolute error = 0.0010012947
Max relative error = 0.001001
Max pw relative error = 0.001001
PSNR = 64.187496, NRMSE= 0.00061748330859036771982
acEff=1.000000
compressionRatio = 4.158305
  ✓ Compression and decompression successful (ratio: 4.15x)

[70/130] Processing: fsurf_ai_1_384_320.dat

compression time=0.003204, total fastmode1 topology
compression size = 117640, CR = 4.178171
done
decompression time=0.006739
done
Min=0, Max=1, range=1
Max absolute error = 0.0009999275
Max relative error = 0.001000
Max pw relative error = 0.001000
PSNR = 64.201619, NRMSE= 0.00061648010069107102033
acEff=1.000000
compressionRatio = 4.178171
  ✓ Compression and decompression successful (ratio: 4.17x)

[71/130] Processing: fswabs_1_384_320.dat

compression time=0.002695, total fastmode1 topology
compression size = 118503, CR = 4.147743
done
decompression time=0.006859
done
Min=0, Max=1, range=1
Max absolute error = 0.0017466173
Max relative error = 0.001747
Max pw relative error = 0.001747
PSNR = 64.966137, NRMSE= 0.00056453799035371672425
acEff=1.000000
compressionRatio = 4.147743
  ✓ Compression and decompression successful (ratio: 4.14x)

[72/130] Processing: fswabs_ai_1_384_320.dat

compression time=0.002833, total fastmode1 topology
compression size = 117738, CR = 4.174693
done
decompression time=0.006842
done
Min=0, Max=1, range=1
Max absolute error = 0.0009999275
Max relative error = 0.001000
Max pw relative error = 0.001000
PSNR = 65.006419, NRMSE= 0.0005619259231741376235
acEff=1.000000
compressionRatio = 4.174693
  ✓ Compression and decompression successful (ratio: 4.17x)

[73/130] Processing: fswdn_1_384_320.dat

compression time=0.003256, total fastmode1 topology
compression size = 133412, CR = 3.684226
done
decompression time=0.008294
done
Min=0, Max=1, range=1
Max absolute error = 0.0010239407
Max relative error = 0.001024
Max pw relative error = 0.001024
PSNR = 62.911745, NRMSE= 0.00071517566717859163902
acEff=1.000000
compressionRatio = 3.684226
  ✓ Compression and decompression successful (ratio: 3.68x)

[74/130] Processing: fswfac_1_384_320.dat

compression time=0.003100, total fastmode1 topology
compression size = 120956, CR = 4.063626
done
decompression time=0.006674
done
Min=0, Max=1, range=1
Max absolute error = 0.0017415080
Max relative error = 0.001742
Max pw relative error = 0.001742
PSNR = 64.031950, NRMSE= 0.00062864068080587898277
acEff=1.000000
compressionRatio = 4.063626
  ✓ Compression and decompression successful (ratio: 4.06x)

[75/130] Processing: fswthru_1_384_320.dat

compression time=0.002999, total fastmode1 topology
compression size = 118975, CR = 4.131288
done
decompression time=0.006876
done
Min=0, Max=1, range=1
Max absolute error = 0.0017630868
Max relative error = 0.001763
Max pw relative error = 0.001763
PSNR = 64.979404, NRMSE= 0.00056367633446623534917
acEff=1.000000
compressionRatio = 4.131288
  ✓ Compression and decompression successful (ratio: 4.13x)

[76/130] Processing: fswthru_ai_1_384_320.dat

compression time=0.002593, total fastmode1 topology
compression size = 117604, CR = 4.179450
done
decompression time=0.006421
done
Min=0, Max=1, range=1
Max absolute error = 0.0015817564
Max relative error = 0.001582
Max pw relative error = 0.001582
PSNR = 65.032317, NRMSE= 0.00056025293620538265619
acEff=1.000000
compressionRatio = 4.179450
  ✓ Compression and decompression successful (ratio: 4.17x)

[77/130] Processing: fswup_1_384_320.dat

compression time=0.004287, total fastmode1 topology
compression size = 133657, CR = 3.677473
done
decompression time=0.007677
done
Min=0, Max=1, range=1
Max absolute error = 0.0010239445
Max relative error = 0.001024
Max pw relative error = 0.001024
PSNR = 62.911763, NRMSE= 0.00071517421276280840944
acEff=1.000000
compressionRatio = 3.677473
  ✓ Compression and decompression successful (ratio: 3.67x)

[78/130] Processing: FYarea_1_384_320.dat

compression time=0.002853, total fastmode1 topology
compression size = 117920, CR = 4.168250
done
decompression time=0.006431
done
Min=0, Max=1, range=1
Max absolute error = 0.0009999741
Max relative error = 0.001000
Max pw relative error = 0.001000
PSNR = 64.859271, NRMSE= 0.00057152663418399832825
acEff=1.000000
compressionRatio = 4.168250
  ✓ Compression and decompression successful (ratio: 4.16x)

[79/130] Processing: hi_1_384_320.dat

compression time=0.002964, total fastmode1 topology
compression size = 117742, CR = 4.174551
done
decompression time=0.006496
done
Min=0, Max=1, range=1
Max absolute error = 0.0009999322
Max relative error = 0.001000
Max pw relative error = 0.001000
PSNR = 64.893269, NRMSE= 0.000569293920034206276
acEff=1.000000
compressionRatio = 4.174551
  ✓ Compression and decompression successful (ratio: 4.17x)

[80/130] Processing: hisnap_1_384_320.dat

compression time=0.003241, total fastmode1 topology
compression size = 117801, CR = 4.172461
done
decompression time=0.006545
done
Min=0, Max=1, range=1
Max absolute error = 0.0011873692
Max relative error = 0.001187
Max pw relative error = 0.001187
PSNR = 64.892288, NRMSE= 0.00056935825069856418196
acEff=1.000000
compressionRatio = 4.172460
  ✓ Compression and decompression successful (ratio: 4.17x)

[81/130] Processing: hs_1_384_320.dat

compression time=0.002693, total fastmode1 topology
compression size = 116989, CR = 4.201421
done
decompression time=0.006690
done
Min=0, Max=1, range=1
Max absolute error = 0.0009999479
Max relative error = 0.001000
Max pw relative error = 0.001000
PSNR = 64.957645, NRMSE= 0.00056509017423153921553
acEff=1.000000
compressionRatio = 4.201421
  ✓ Compression and decompression successful (ratio: 4.20x)

[82/130] Processing: HTE_384_320.dat

compression time=0.002766, total fastmode1 topology
compression size = 86367, CR = 5.691062
done
decompression time=0.005594
done
Min=0, Max=1, range=1
Max absolute error = 0.0009999871
Max relative error = 0.001000
Max pw relative error = 0.001000
PSNR = 65.017388, NRMSE= 0.00056121674974861542051
acEff=0.999998
compressionRatio = 5.691063
  ✓ Compression and decompression successful (ratio: 5.69x)

[83/130] Processing: HTN_384_320.dat
Error: No critical points found!
  ✗ Compression failed

[84/130] Processing: iage_1_384_320.dat

compression time=0.002846, total fastmode1 topology
compression size = 118421, CR = 4.150615
done
decompression time=0.007124
done
Min=0, Max=1, range=1
Max absolute error = 0.0016180594
Max relative error = 0.001618
Max pw relative error = 0.001618
PSNR = 64.822115, NRMSE= 0.00057397665534796840549
acEff=1.000000
compressionRatio = 4.150615
  ✓ Compression and decompression successful (ratio: 4.15x)

[85/130] Processing: ice_present_1_384_320.dat

compression time=0.003447, total fastmode1 topology
compression size = 116727, CR = 4.210851
done
decompression time=0.005537
done
Min=0, Max=1, range=1
Max absolute error = 0.0009999275
Max relative error = 0.001000
Max pw relative error = 0.001000
PSNR = 65.181639, NRMSE= 0.0005507037502687000749
acEff=1.000000
compressionRatio = 4.210851
  ✓ Compression and decompression successful (ratio: 4.21x)

[86/130] Processing: meltb_1_384_320.dat

compression time=0.003226, total fastmode1 topology
compression size = 118045, CR = 4.163836
done
decompression time=0.006508
done
Min=0, Max=1, range=1
Max absolute error = 0.0017512455
Max relative error = 0.001751
Max pw relative error = 0.001751
PSNR = 65.001926, NRMSE= 0.00056221662155226379866
acEff=1.000000
compressionRatio = 4.163836
  ✓ Compression and decompression successful (ratio: 4.16x)

[87/130] Processing: meltl_1_384_320.dat

compression time=0.002808, total fastmode1 topology
compression size = 116346, CR = 4.224640
done
decompression time=0.006582
done
Min=0, Max=1, range=1
Max absolute error = 0.0009999297
Max relative error = 0.001000
Max pw relative error = 0.001000
PSNR = 65.121252, NRMSE= 0.00055454574305645050036
acEff=1.000000
compressionRatio = 4.224640
  ✓ Compression and decompression successful (ratio: 4.22x)

[88/130] Processing: melts_1_384_320.dat

compression time=0.002694, total fastmode1 topology
compression size = 117060, CR = 4.198873
done
decompression time=0.006518
done
Min=0, Max=1, range=1
Max absolute error = 0.0009999275
Max relative error = 0.001000
Max pw relative error = 0.001000
PSNR = 65.041015, NRMSE= 0.00055969219035327392228
acEff=1.000000
compressionRatio = 4.198872
  ✓ Compression and decompression successful (ratio: 4.19x)

[89/130] Processing: meltt_1_384_320.dat

compression time=0.003534, total fastmode1 topology
compression size = 115655, CR = 4.249881
done
decompression time=0.006409
done
Min=0, Max=1, range=1
Max absolute error = 0.0009999275
Max relative error = 0.001000
Max pw relative error = 0.001000
PSNR = 65.245866, NRMSE= 0.00054664664229939739521
acEff=1.000000
compressionRatio = 4.249881
  ✓ Compression and decompression successful (ratio: 4.24x)

[90/130] Processing: opening_1_384_320.dat

compression time=0.003176, total fastmode1 topology
compression size = 121836, CR = 4.034276
done
decompression time=0.006750
done
Min=0, Max=1, range=1
Max absolute error = 0.0017261449
Max relative error = 0.001726
Max pw relative error = 0.001726
PSNR = 64.817264, NRMSE= 0.00057429733158712481696
acEff=1.000000
compressionRatio = 4.034276
  ✓ Compression and decompression successful (ratio: 4.03x)

[91/130] Processing: qi_1_384_320.dat

compression time=0.002591, total fastmode1 topology
compression size = 112036, CR = 4.387161
done
decompression time=0.006536
done
Min=0, Max=1, range=1
Max absolute error = 0.0010014176
Max relative error = 0.001001
Max pw relative error = 0.001001
PSNR = 63.754873, NRMSE= 0.0006490173879386495169
acEff=1.000000
compressionRatio = 4.387161
  ✓ Compression and decompression successful (ratio: 4.38x)

[92/130] Processing: Qref_1_384_320.dat

compression time=0.005613, total fastmode1 topology
compression size = 129977, CR = 3.781592
done
decompression time=0.006983
done
Min=0, Max=1, range=1
Max absolute error = 0.0010020137
Max relative error = 0.001002
Max pw relative error = 0.001002
PSNR = 62.733225, NRMSE= 0.0007300267483469610524
acEff=1.000000
compressionRatio = 3.781592
  ✓ Compression and decompression successful (ratio: 3.78x)

[93/130] Processing: qs_1_384_320.dat

compression time=0.002676, total fastmode1 topology
compression size = 111852, CR = 4.394378
done
decompression time=0.006742
done
Min=0, Max=1, range=1
Max absolute error = 0.0009999275
Max relative error = 0.001000
Max pw relative error = 0.001000
PSNR = 63.560224, NRMSE= 0.00066372597006232603167
acEff=1.000000
compressionRatio = 4.394378
  ✓ Compression and decompression successful (ratio: 4.39x)

[94/130] Processing: rain_1_384_320.dat

compression time=0.003526, total fastmode1 topology
compression size = 133237, CR = 3.689065
done
decompression time=0.007578
done
Min=0, Max=1, range=1
Max absolute error = 0.0013737623
Max relative error = 0.001374
Max pw relative error = 0.001374
PSNR = 63.070359, NRMSE= 0.00070223434371522548345
acEff=1.000000
compressionRatio = 3.689065
  ✓ Compression and decompression successful (ratio: 3.68x)

[95/130] Processing: rain_ai_1_384_320.dat

compression time=0.003030, total fastmode1 topology
compression size = 116408, CR = 4.222390
done
decompression time=0.006469
done
Min=0, Max=1, range=1
Max absolute error = 0.0009999275
Max relative error = 0.001000
Max pw relative error = 0.001000
PSNR = 65.159280, NRMSE= 0.00055212320990837991577
acEff=1.000000
compressionRatio = 4.222390
  ✓ Compression and decompression successful (ratio: 4.22x)

[96/130] Processing: shear_1_384_320.dat

compression time=0.003430, total fastmode1 topology
compression size = 122109, CR = 4.025256
done
decompression time=0.006863
done
Min=0, Max=1, range=1
Max absolute error = 0.0019265357
Max relative error = 0.001927
Max pw relative error = 0.001927
PSNR = 64.805592, NRMSE= 0.00057506959752272410885
acEff=1.000000
compressionRatio = 4.025256
  ✓ Compression and decompression successful (ratio: 4.02x)

[97/130] Processing: sig1_1_384_320.dat

compression time=0.002938, total fastmode1 topology
compression size = 84088, CR = 5.845305
done
decompression time=0.006692
done
Min=0, Max=1, range=1
Max absolute error = 0.0015628655
Max relative error = 0.001563
Max pw relative error = 0.001563
PSNR = 60.289738, NRMSE= 0.00096719295018218897145
acEff=1.000000
compressionRatio = 5.845305
  ✓ Compression and decompression successful (ratio: 5.84x)

[98/130] Processing: sig2_1_384_320.dat

compression time=0.003013, total fastmode1 topology
compression size = 84211, CR = 5.836767
done
decompression time=0.006533
done
Min=0, Max=1, range=1
Max absolute error = 0.0019051731
Max relative error = 0.001905
Max pw relative error = 0.001905
PSNR = 60.267892, NRMSE= 0.00096962859325193980885
acEff=1.000000
compressionRatio = 5.836767
  ✓ Compression and decompression successful (ratio: 5.83x)

[99/130] Processing: snoice_1_384_320.dat

compression time=0.002747, total fastmode1 topology
compression size = 116379, CR = 4.223443
done
decompression time=0.006464
done
Min=0, Max=1, range=1
Max absolute error = 0.0009999275
Max relative error = 0.001000
Max pw relative error = 0.001000
PSNR = 65.144569, NRMSE= 0.00055305913947426769799
acEff=1.000000
compressionRatio = 4.223442
  ✓ Compression and decompression successful (ratio: 4.22x)

[100/130] Processing: snow_1_384_320.dat

compression time=0.003028, total fastmode1 topology
compression size = 118466, CR = 4.149038
done
decompression time=0.006760
done
Min=0, Max=1, range=1
Max absolute error = 0.0009999751
Max relative error = 0.001000
Max pw relative error = 0.001000
PSNR = 64.703202, NRMSE= 0.00058188868420375444018
acEff=1.000000
compressionRatio = 4.149039
  ✓ Compression and decompression successful (ratio: 4.14x)

[101/130] Processing: snow_ai_1_384_320.dat

compression time=0.003357, total fastmode1 topology
compression size = 116667, CR = 4.213017
done
decompression time=0.006521
done
Min=0, Max=1, range=1
Max absolute error = 0.0009999275
Max relative error = 0.001000
Max pw relative error = 0.001000
PSNR = 64.929897, NRMSE= 0.00056689826614289497327
acEff=1.000000
compressionRatio = 4.213017
  ✓ Compression and decompression successful (ratio: 4.21x)

[102/130] Processing: strairx_1_384_320.dat

compression time=0.002722, total fastmode1 topology
compression size = 116302, CR = 4.226239
done
decompression time=0.007048
done
Min=0, Max=1, range=1
Max absolute error = 0.0010034381
Max relative error = 0.001003
Max pw relative error = 0.001003
PSNR = 64.532940, NRMSE= 0.00059340745056603164728
acEff=1.000000
compressionRatio = 4.226239
  ✓ Compression and decompression successful (ratio: 4.22x)

[103/130] Processing: strairy_1_384_320.dat

compression time=0.002865, total fastmode1 topology
compression size = 116468, CR = 4.220215
done
decompression time=0.006633
done
Min=0, Max=1, range=1
Max absolute error = 0.0010050122
Max relative error = 0.001005
Max pw relative error = 0.001005
PSNR = 64.762462, NRMSE= 0.00057793224200036090801
acEff=1.000000
compressionRatio = 4.220215
  ✓ Compression and decompression successful (ratio: 4.22x)

[104/130] Processing: strcorx_1_384_320.dat

compression time=0.004244, total fastmode1 topology
compression size = 116100, CR = 4.233592
done
decompression time=0.006672
done
Min=0, Max=1, range=1
Max absolute error = 0.0009999275
Max relative error = 0.001000
Max pw relative error = 0.001000
PSNR = 63.203998, NRMSE= 0.00069151260579878356255
acEff=1.000000
compressionRatio = 4.233592
  ✓ Compression and decompression successful (ratio: 4.23x)

[105/130] Processing: strcory_1_384_320.dat

compression time=0.002858, total fastmode1 topology
compression size = 115911, CR = 4.240495
done
decompression time=0.006424
done
Min=0, Max=1, range=1
Max absolute error = 0.0009999275
Max relative error = 0.001000
Max pw relative error = 0.001000
PSNR = 63.204863, NRMSE= 0.00069144373672093461039
acEff=1.000000
compressionRatio = 4.240495
  ✓ Compression and decompression successful (ratio: 4.24x)

[106/130] Processing: strength_1_384_320.dat

compression time=0.003255, total fastmode1 topology
compression size = 119862, CR = 4.100716
done
decompression time=0.006451
done
Min=0, Max=1, range=1
Max absolute error = 0.0013351627
Max relative error = 0.001335
Max pw relative error = 0.001335
PSNR = 64.924404, NRMSE= 0.00056725691708444650127
acEff=1.000000
compressionRatio = 4.100716
  ✓ Compression and decompression successful (ratio: 4.10x)

[107/130] Processing: strintx_1_384_320.dat

compression time=0.003052, total fastmode1 topology
compression size = 116730, CR = 4.210743
done
decompression time=0.006570
done
Min=0, Max=1, range=1
Max absolute error = 0.0009999275
Max relative error = 0.001000
Max pw relative error = 0.001000
PSNR = 61.937001, NRMSE= 0.00080011043338030856352
acEff=1.000000
compressionRatio = 4.210743
  ✓ Compression and decompression successful (ratio: 4.21x)

[108/130] Processing: strinty_1_384_320.dat

compression time=0.002804, total fastmode1 topology
compression size = 116980, CR = 4.201744
done
decompression time=0.006516
done
Min=0, Max=1, range=1
Max absolute error = 0.0010077911
Max relative error = 0.001008
Max pw relative error = 0.001008
PSNR = 65.058658, NRMSE= 0.00055855647490633982249
acEff=1.000000
compressionRatio = 4.201744
  ✓ Compression and decompression successful (ratio: 4.20x)

[109/130] Processing: strocnx_1_384_320.dat

compression time=0.002938, total fastmode1 topology
compression size = 116578, CR = 4.216233
done
decompression time=0.006681
done
Min=0, Max=1, range=1
Max absolute error = 0.0010024310
Max relative error = 0.001002
Max pw relative error = 0.001002
PSNR = 64.916568, NRMSE= 0.00056776888647672130953
acEff=1.000000
compressionRatio = 4.216233
  ✓ Compression and decompression successful (ratio: 4.21x)

[110/130] Processing: strocny_1_384_320.dat

compression time=0.002737, total fastmode1 topology
compression size = 116623, CR = 4.214606
done
decompression time=0.006493
done
Min=0, Max=1, range=1
Max absolute error = 0.0009999285
Max relative error = 0.001000
Max pw relative error = 0.001000
PSNR = 61.232907, NRMSE= 0.00086767015098039243243
acEff=1.000000
compressionRatio = 4.214606
  ✓ Compression and decompression successful (ratio: 4.21x)

[111/130] Processing: Tair_1_384_320.dat

compression time=0.002835, total fastmode1 topology
compression size = 124448, CR = 3.949601
done
decompression time=0.006625
done
Min=0, Max=1, range=1
Max absolute error = 0.0009999909
Max relative error = 0.001000
Max pw relative error = 0.001000
PSNR = 62.737403, NRMSE= 0.00072967561305897505469
acEff=1.000000
compressionRatio = 3.949601
  ✓ Compression and decompression successful (ratio: 3.94x)

[112/130] Processing: tarea_384_320.dat
Error: No critical points found!
  ✗ Compression failed

[113/130] Processing: TLAT_384_320.dat

compression time=0.003895, total fastmode1 topology
compression size = 78541, CR = 6.258132
done
decompression time=0.006017
done
Min=0, Max=1, range=1
Max absolute error = 0.0009999871
Max relative error = 0.001000
Max pw relative error = 0.001000
PSNR = 64.760778, NRMSE= 0.00057804425989330034553
acEff=0.999998
compressionRatio = 6.258133
  ✓ Compression and decompression successful (ratio: 6.25x)

[114/130] Processing: TLON_384_320.dat

compression time=0.002755, total fastmode1 topology
compression size = 117046, CR = 4.199375
done
decompression time=0.005478
done
Min=0, Max=1, range=1
Max absolute error = 0.0009999871
Max relative error = 0.001000
Max pw relative error = 0.001000
PSNR = 64.509854, NRMSE= 0.00059498676019842356398
acEff=0.999998
compressionRatio = 4.199375
  ✓ Compression and decompression successful (ratio: 4.19x)

[115/130] Processing: tmask_384_320.dat

compression time=0.002980, total fastmode1 topology
compression size = 115383, CR = 4.259900
done
decompression time=0.005379
done
Min=0, Max=1, range=1
Max absolute error = 0.0009999275
Max relative error = 0.001000
Max pw relative error = 0.001000
PSNR = 61.539764, NRMSE= 0.00083755200053809472204
acEff=1.000000
compressionRatio = 4.259900
  ✓ Compression and decompression successful (ratio: 4.25x)

[116/130] Processing: transix_1_384_320.dat

compression time=0.002527, total fastmode1 topology
compression size = 117573, CR = 4.180552
done
decompression time=0.006452
done
Min=0, Max=1, range=1
Max absolute error = 0.0009999275
Max relative error = 0.001000
Max pw relative error = 0.001000
PSNR = 62.220589, NRMSE= 0.00077440929546233330198
acEff=1.000000
compressionRatio = 4.180552
  ✓ Compression and decompression successful (ratio: 4.18x)

[117/130] Processing: transiy_1_384_320.dat

compression time=0.002825, total fastmode1 topology
compression size = 117500, CR = 4.183149
done
decompression time=0.006636
done
Min=0, Max=1, range=1
Max absolute error = 0.0009999275
Max relative error = 0.001000
Max pw relative error = 0.001000
PSNR = 64.114862, NRMSE= 0.00062266851967550547724
acEff=1.000000
compressionRatio = 4.183149
  ✓ Compression and decompression successful (ratio: 4.18x)

[118/130] Processing: Tref_1_384_320.dat

compression time=0.002885, total fastmode1 topology
compression size = 125342, CR = 3.921431
done
decompression time=0.008072
done
Min=0, Max=1, range=1
Max absolute error = 0.0014443211
Max relative error = 0.001444
Max pw relative error = 0.001444
PSNR = 62.815501, NRMSE= 0.00072314428853686291403
acEff=1.000000
compressionRatio = 3.921431
  ✓ Compression and decompression successful (ratio: 3.92x)

[119/130] Processing: trsig_1_384_320.dat

compression time=0.002772, total fastmode1 topology
compression size = 116947, CR = 4.202929
done
decompression time=0.006629
done
Min=0, Max=1, range=1
Max absolute error = 0.0009999275
Max relative error = 0.001000
Max pw relative error = 0.001000
PSNR = 62.266015, NRMSE= 0.00077036976244618281858
acEff=1.000000
compressionRatio = 4.202930
  ✓ Compression and decompression successful (ratio: 4.20x)

[120/130] Processing: Tsfc_1_384_320.dat

compression time=0.002919, total fastmode1 topology
compression size = 118038, CR = 4.164083
done
decompression time=0.006597
done
Min=0, Max=1, range=1
Max absolute error = 0.0009999275
Max relative error = 0.001000
Max pw relative error = 0.001000
PSNR = 63.653785, NRMSE= 0.00065661491008130060208
acEff=1.000000
compressionRatio = 4.164083
  ✓ Compression and decompression successful (ratio: 4.16x)

[121/130] Processing: uarea_384_320.dat

compression time=0.002511, total fastmode1 topology
compression size = 79558, CR = 6.178134
done
decompression time=0.005761
done
Min=0, Max=1, range=1
Max absolute error = 0.0009999871
Max relative error = 0.001000
Max pw relative error = 0.001000
PSNR = 64.957587, NRMSE= 0.00056509394774340157216
acEff=0.999937
compressionRatio = 6.178134
  ✓ Compression and decompression successful (ratio: 6.17x)

[122/130] Processing: ULAT_384_320.dat

compression time=0.003123, total fastmode1 topology
compression size = 78549, CR = 6.257495
done
decompression time=0.005378
done
Min=0, Max=1, range=1
Max absolute error = 0.0009999871
Max relative error = 0.001000
Max pw relative error = 0.001000
PSNR = 64.978019, NRMSE= 0.00056376621106452810134
acEff=0.999999
compressionRatio = 6.257495
  ✓ Compression and decompression successful (ratio: 6.25x)

[123/130] Processing: ULON_384_320.dat

compression time=0.002937, total fastmode1 topology
compression size = 116967, CR = 4.202211
done
decompression time=0.006817
done
Min=0, Max=1, range=1
Max absolute error = 0.0009999871
Max relative error = 0.001000
Max pw relative error = 0.001000
PSNR = 64.897389, NRMSE= 0.0005690239304155122026
acEff=0.999998
compressionRatio = 4.202211
  ✓ Compression and decompression successful (ratio: 4.20x)

[124/130] Processing: uvel_1_384_320.dat

compression time=0.002682, total fastmode1 topology
compression size = 117966, CR = 4.166624
done
decompression time=0.006927
done
Min=0, Max=1, range=1
Max absolute error = 0.0009999312
Max relative error = 0.001000
Max pw relative error = 0.001000
PSNR = 63.272551, NRMSE= 0.00068607632078952979562
acEff=1.000000
compressionRatio = 4.166624
  ✓ Compression and decompression successful (ratio: 4.16x)

[125/130] Processing: vicen001_1_384_320.dat

compression time=0.004722, total fastmode1 topology
compression size = 117092, CR = 4.197725
done
decompression time=0.006640
done
Min=0, Max=1, range=1
Max absolute error = 0.0010045965
Max relative error = 0.001005
Max pw relative error = 0.001005
PSNR = 64.944831, NRMSE= 0.00056592445815171902104
acEff=1.000000
compressionRatio = 4.197725
  ✓ Compression and decompression successful (ratio: 4.19x)

[126/130] Processing: vicen002_1_384_320.dat

compression time=0.002855, total fastmode1 topology
compression size = 117120, CR = 4.196721
done
decompression time=0.006586
done
Min=0, Max=1, range=1
Max absolute error = 0.0009999312
Max relative error = 0.001000
Max pw relative error = 0.001000
PSNR = 64.961042, NRMSE= 0.00056486922449600345409
acEff=1.000000
compressionRatio = 4.196721
  ✓ Compression and decompression successful (ratio: 4.19x)

[127/130] Processing: vicen003_1_384_320.dat

compression time=0.002527, total fastmode1 topology
compression size = 116777, CR = 4.209048
done
decompression time=0.006648
done
Min=0, Max=1, range=1
Max absolute error = 0.0009999275
Max relative error = 0.001000
Max pw relative error = 0.001000
PSNR = 65.028437, NRMSE= 0.00056050328223601663183
acEff=1.000000
compressionRatio = 4.209048
  ✓ Compression and decompression successful (ratio: 4.20x)

[128/130] Processing: vicen004_1_384_320.dat

compression time=0.002668, total fastmode1 topology
compression size = 116874, CR = 4.205554
done
decompression time=0.006361
done
Min=0, Max=1, range=1
Max absolute error = 0.0009999275
Max relative error = 0.001000
Max pw relative error = 0.001000
PSNR = 65.009027, NRMSE= 0.0005617572130439953907
acEff=1.000000
compressionRatio = 4.205555
  ✓ Compression and decompression successful (ratio: 4.20x)

[129/130] Processing: vicen005_1_384_320.dat

compression time=0.002699, total fastmode1 topology
compression size = 117142, CR = 4.195933
done
decompression time=0.006601
done
Min=0, Max=1, range=1
Max absolute error = 0.0009999792
Max relative error = 0.001000
Max pw relative error = 0.001000
PSNR = 64.985311, NRMSE= 0.00056329315496145759487
acEff=1.000000
compressionRatio = 4.195933
  ✓ Compression and decompression successful (ratio: 4.19x)

[130/130] Processing: vvel_1_384_320.dat

compression time=0.002868, total fastmode1 topology
compression size = 118544, CR = 4.146308
done
decompression time=0.006601
done
Min=0, Max=1, range=1
Max absolute error = 0.0010713041
Max relative error = 0.001071
Max pw relative error = 0.001071
PSNR = 62.059717, NRMSE= 0.00078888579326231078517
acEff=1.000000
compressionRatio = 4.146309
  ✓ Compression and decompression successful (ratio: 4.14x)

=== Summary ===
Total files processed: 124
Total files skipped: 0
Total files failed: 6

