Original directory: ../../CESM-ICE-MODELS/4/log_normalized/
Decompressed directory: ../../CESM-ICE-MODELS/4/log_normalized/topoSZp_1E-3
Dimensions: 384x320
Error bound: 1E-3

Found 130 .dat file(s) to process

[1/130] Processing: aeroiceint001_1_384_320.dat
  False Negatives: 0
  False Positives: 0
  False Types: 0
  Grand Total: 0
  Total Critical Points (Decompressed): 23

[2/130] Processing: aeroiceint002_1_384_320.dat
  False Negatives: 0
  False Positives: 0
  False Types: 0
  Grand Total: 0
  Total Critical Points (Decompressed): 23

[3/130] Processing: aeroiceint003_1_384_320.dat
  False Negatives: 0
  False Positives: 0
  False Types: 0
  Grand Total: 0
  Total Critical Points (Decompressed): 23

[4/130] Processing: aeroicessl001_1_384_320.dat
  False Negatives: 0
  False Positives: 0
  False Types: 0
  Grand Total: 0
  Total Critical Points (Decompressed): 23

[5/130] Processing: aeroicessl002_1_384_320.dat
  False Negatives: 0
  False Positives: 0
  False Types: 0
  Grand Total: 0
  Total Critical Points (Decompressed): 23

[6/130] Processing: aeroicessl003_1_384_320.dat
  False Negatives: 0
  False Positives: 0
  False Types: 0
  Grand Total: 0
  Total Critical Points (Decompressed): 23

[7/130] Processing: aerosnoint001_1_384_320.dat
  False Negatives: 0
  False Positives: 0
  False Types: 0
  Grand Total: 0
  Total Critical Points (Decompressed): 23

[8/130] Processing: aerosnoint002_1_384_320.dat
  False Negatives: 0
  False Positives: 0
  False Types: 0
  Grand Total: 0
  Total Critical Points (Decompressed): 23

[9/130] Processing: aerosnoint003_1_384_320.dat
  False Negatives: 1
  False Positives: 0
  False Types: 0
  Grand Total: 1
  Total Critical Points (Decompressed): 55

[10/130] Processing: aerosnossl001_1_384_320.dat
  False Negatives: 0
  False Positives: 0
  False Types: 0
  Grand Total: 0
  Total Critical Points (Decompressed): 23

[11/130] Processing: aerosnossl002_1_384_320.dat
  False Negatives: 0
  False Positives: 0
  False Types: 0
  Grand Total: 0
  Total Critical Points (Decompressed): 23

[12/130] Processing: aerosnossl003_1_384_320.dat
  False Negatives: 7
  False Positives: 0
  False Types: 0
  Grand Total: 7
  Total Critical Points (Decompressed): 106

[13/130] Processing: aice_1_384_320.dat
  False Negatives: 125
  False Positives: 0
  False Types: 0
  Grand Total: 125
  Total Critical Points (Decompressed): 500

[14/130] Processing: aicen001_1_384_320.dat
  False Negatives: 57
  False Positives: 0
  False Types: 0
  Grand Total: 57
  Total Critical Points (Decompressed): 539

[15/130] Processing: aicen002_1_384_320.dat
  False Negatives: 30
  False Positives: 0
  False Types: 0
  Grand Total: 30
  Total Critical Points (Decompressed): 424

[16/130] Processing: aicen003_1_384_320.dat
  False Negatives: 31
  False Positives: 0
  False Types: 0
  Grand Total: 31
  Total Critical Points (Decompressed): 348

[17/130] Processing: aicen004_1_384_320.dat
  False Negatives: 19
  False Positives: 0
  False Types: 0
  Grand Total: 19
  Total Critical Points (Decompressed): 342

[18/130] Processing: aicen005_1_384_320.dat
  False Negatives: 25
  False Positives: 0
  False Types: 0
  Grand Total: 25
  Total Critical Points (Decompressed): 332

[19/130] Processing: aisnap_1_384_320.dat
  False Negatives: 161
  False Positives: 0
  False Types: 0
  Grand Total: 161
  Total Critical Points (Decompressed): 624

[20/130] Processing: albice_1_384_320.dat
  False Negatives: 66
  False Positives: 0
  False Types: 0
  Grand Total: 66
  Total Critical Points (Decompressed): 313

[21/130] Processing: albpnd_1_384_320.dat
  False Negatives: 44
  False Positives: 0
  False Types: 0
  Grand Total: 44
  Total Critical Points (Decompressed): 251

[22/130] Processing: albsno_1_384_320.dat
  False Negatives: 27
  False Positives: 0
  False Types: 0
  Grand Total: 27
  Total Critical Points (Decompressed): 192

[23/130] Processing: alidr_1_384_320.dat
  False Negatives: 57
  False Positives: 0
  False Types: 0
  Grand Total: 57
  Total Critical Points (Decompressed): 276

[24/130] Processing: alvdr_1_384_320.dat
  False Negatives: 44
  False Positives: 0
  False Types: 0
  Grand Total: 44
  Total Critical Points (Decompressed): 339

[25/130] Processing: ANGLE_384_320.dat
  False Negatives: 0
  False Positives: 0
  False Types: 0
  Grand Total: 0
  Total Critical Points (Decompressed): 2

[26/130] Skipping: ANGLET_384_320.dat (decompressed file not found: ../../CESM-ICE-MODELS/4/log_normalized/topoSZp_1E-3/ANGLET_384_320.dat.SZp.out)
[27/130] Processing: apond001_1_384_320.dat
  False Negatives: 54
  False Positives: 0
  False Types: 0
  Grand Total: 54
  Total Critical Points (Decompressed): 524

[28/130] Processing: apond002_1_384_320.dat
  False Negatives: 127
  False Positives: 0
  False Types: 0
  Grand Total: 127
  Total Critical Points (Decompressed): 1741

[29/130] Processing: apond003_1_384_320.dat
  False Negatives: 78
  False Positives: 0
  False Types: 0
  Grand Total: 78
  Total Critical Points (Decompressed): 1339

[30/130] Processing: apond004_1_384_320.dat
  False Negatives: 79
  False Positives: 0
  False Types: 0
  Grand Total: 79
  Total Critical Points (Decompressed): 964

[31/130] Processing: apond005_1_384_320.dat
  False Negatives: 53
  False Positives: 0
  False Types: 0
  Grand Total: 53
  Total Critical Points (Decompressed): 778

[32/130] Processing: congel_1_384_320.dat
  False Negatives: 46
  False Positives: 0
  False Types: 0
  Grand Total: 46
  Total Critical Points (Decompressed): 240

[33/130] Processing: coszen_1_384_320.dat
  False Negatives: 0
  False Positives: 0
  False Types: 0
  Grand Total: 0
  Total Critical Points (Decompressed): 350

[34/130] Processing: daidtd_1_384_320.dat
  False Negatives: 188
  False Positives: 0
  False Types: 0
  Grand Total: 188
  Total Critical Points (Decompressed): 1047

[35/130] Processing: daidtt_1_384_320.dat
  False Negatives: 111
  False Positives: 0
  False Types: 0
  Grand Total: 111
  Total Critical Points (Decompressed): 787

[36/130] Processing: dardg1dt_1_384_320.dat
  False Negatives: 94
  False Positives: 0
  False Types: 0
  Grand Total: 94
  Total Critical Points (Decompressed): 683

[37/130] Processing: dardg2dt_1_384_320.dat
  False Negatives: 127
  False Positives: 0
  False Types: 0
  Grand Total: 127
  Total Critical Points (Decompressed): 640

[38/130] Processing: divu_1_384_320.dat
  False Negatives: 340
  False Positives: 0
  False Types: 0
  Grand Total: 340
  Total Critical Points (Decompressed): 1715

[39/130] Processing: dvidtd_1_384_320.dat
  False Negatives: 139
  False Positives: 0
  False Types: 0
  Grand Total: 139
  Total Critical Points (Decompressed): 865

[40/130] Processing: dvidtt_1_384_320.dat
  False Negatives: 81
  False Positives: 0
  False Types: 0
  Grand Total: 81
  Total Critical Points (Decompressed): 448

[41/130] Processing: dvirdgdt_1_384_320.dat
  False Negatives: 115
  False Positives: 0
  False Types: 0
  Grand Total: 115
  Total Critical Points (Decompressed): 615

[42/130] Skipping: dxt_384_320.dat (decompressed file not found: ../../CESM-ICE-MODELS/4/log_normalized/topoSZp_1E-3/dxt_384_320.dat.SZp.out)
[43/130] Skipping: dxu_384_320.dat (decompressed file not found: ../../CESM-ICE-MODELS/4/log_normalized/topoSZp_1E-3/dxu_384_320.dat.SZp.out)
[44/130] Skipping: dyt_384_320.dat (decompressed file not found: ../../CESM-ICE-MODELS/4/log_normalized/topoSZp_1E-3/dyt_384_320.dat.SZp.out)
[45/130] Processing: dyu_384_320.dat
  False Negatives: 0
  False Positives: 0
  False Types: 0
  Grand Total: 0
  Total Critical Points (Decompressed): 1

[46/130] Processing: evap_1_384_320.dat
  False Negatives: 290
  False Positives: 0
  False Types: 0
  Grand Total: 290
  Total Critical Points (Decompressed): 1004

[47/130] Processing: evap_ai_1_384_320.dat
  False Negatives: 222
  False Positives: 0
  False Types: 0
  Grand Total: 222
  Total Critical Points (Decompressed): 758

[48/130] Processing: faero_atm001_1_384_320.dat
  False Negatives: 0
  False Positives: 0
  False Types: 0
  Grand Total: 0
  Total Critical Points (Decompressed): 23

[49/130] Processing: faero_atm002_1_384_320.dat
  False Negatives: 0
  False Positives: 0
  False Types: 0
  Grand Total: 0
  Total Critical Points (Decompressed): 23

[50/130] Processing: faero_atm003_1_384_320.dat
  False Negatives: 0
  False Positives: 0
  False Types: 0
  Grand Total: 0
  Total Critical Points (Decompressed): 23

[51/130] Processing: faero_ocn001_1_384_320.dat
  False Negatives: 0
  False Positives: 0
  False Types: 0
  Grand Total: 0
  Total Critical Points (Decompressed): 23

[52/130] Processing: faero_ocn002_1_384_320.dat
  False Negatives: 0
  False Positives: 0
  False Types: 0
  Grand Total: 0
  Total Critical Points (Decompressed): 23

[53/130] Processing: faero_ocn003_1_384_320.dat
  False Negatives: 0
  False Positives: 0
  False Types: 0
  Grand Total: 0
  Total Critical Points (Decompressed): 23

[54/130] Processing: fcondtop_ai_1_384_320.dat
  False Negatives: 98
  False Positives: 0
  False Types: 0
  Grand Total: 98
  Total Critical Points (Decompressed): 536

[55/130] Processing: fhocn_1_384_320.dat
  False Negatives: 152
  False Positives: 0
  False Types: 0
  Grand Total: 152
  Total Critical Points (Decompressed): 612

[56/130] Processing: fhocn_ai_1_384_320.dat
  False Negatives: 143
  False Positives: 0
  False Types: 0
  Grand Total: 143
  Total Critical Points (Decompressed): 618

[57/130] Processing: flat_1_384_320.dat
  False Negatives: 202
  False Positives: 0
  False Types: 0
  Grand Total: 202
  Total Critical Points (Decompressed): 1095

[58/130] Processing: flat_ai_1_384_320.dat
  False Negatives: 165
  False Positives: 0
  False Types: 0
  Grand Total: 165
  Total Critical Points (Decompressed): 837

[59/130] Processing: flwdn_1_384_320.dat
  False Negatives: 794
  False Positives: 0
  False Types: 0
  Grand Total: 794
  Total Critical Points (Decompressed): 3114

[60/130] Processing: flwup_1_384_320.dat
  False Negatives: 75
  False Positives: 0
  False Types: 0
  Grand Total: 75
  Total Critical Points (Decompressed): 441

[61/130] Processing: flwup_ai_1_384_320.dat
  False Negatives: 76
  False Positives: 0
  False Types: 0
  Grand Total: 76
  Total Critical Points (Decompressed): 510

[62/130] Processing: frazil_1_384_320.dat
  False Negatives: 66
  False Positives: 0
  False Types: 0
  Grand Total: 66
  Total Critical Points (Decompressed): 307

[63/130] Processing: fresh_1_384_320.dat
  False Negatives: 93
  False Positives: 0
  False Types: 0
  Grand Total: 93
  Total Critical Points (Decompressed): 636

[64/130] Processing: fresh_ai_1_384_320.dat
  False Negatives: 99
  False Positives: 0
  False Types: 0
  Grand Total: 99
  Total Critical Points (Decompressed): 596

[65/130] Processing: fs_1_384_320.dat
  False Negatives: 117
  False Positives: 0
  False Types: 0
  Grand Total: 117
  Total Critical Points (Decompressed): 481

[66/130] Processing: fsalt_1_384_320.dat
  False Negatives: 125
  False Positives: 0
  False Types: 0
  Grand Total: 125
  Total Critical Points (Decompressed): 616

[67/130] Processing: fsalt_ai_1_384_320.dat
  False Negatives: 127
  False Positives: 0
  False Types: 0
  Grand Total: 127
  Total Critical Points (Decompressed): 564

[68/130] Processing: fsens_1_384_320.dat
  False Negatives: 170
  False Positives: 0
  False Types: 0
  Grand Total: 170
  Total Critical Points (Decompressed): 979

[69/130] Processing: fsens_ai_1_384_320.dat
  False Negatives: 211
  False Positives: 0
  False Types: 0
  Grand Total: 211
  Total Critical Points (Decompressed): 904

[70/130] Processing: fsurf_ai_1_384_320.dat
  False Negatives: 112
  False Positives: 0
  False Types: 0
  Grand Total: 112
  Total Critical Points (Decompressed): 578

[71/130] Processing: fswabs_1_384_320.dat
  False Negatives: 100
  False Positives: 0
  False Types: 0
  Grand Total: 100
  Total Critical Points (Decompressed): 565

[72/130] Processing: fswabs_ai_1_384_320.dat
  False Negatives: 37
  False Positives: 0
  False Types: 0
  Grand Total: 37
  Total Critical Points (Decompressed): 250

[73/130] Processing: fswdn_1_384_320.dat
  False Negatives: 766
  False Positives: 0
  False Types: 0
  Grand Total: 766
  Total Critical Points (Decompressed): 2584

[74/130] Processing: fswfac_1_384_320.dat
  False Negatives: 48
  False Positives: 0
  False Types: 0
  Grand Total: 48
  Total Critical Points (Decompressed): 1150

[75/130] Processing: fswthru_1_384_320.dat
  False Negatives: 27
  False Positives: 0
  False Types: 0
  Grand Total: 27
  Total Critical Points (Decompressed): 565

[76/130] Processing: fswthru_ai_1_384_320.dat
  False Negatives: 29
  False Positives: 0
  False Types: 0
  Grand Total: 29
  Total Critical Points (Decompressed): 335

[77/130] Processing: fswup_1_384_320.dat
  False Negatives: 846
  False Positives: 0
  False Types: 0
  Grand Total: 846
  Total Critical Points (Decompressed): 2767

[78/130] Processing: FYarea_1_384_320.dat
  False Negatives: 49
  False Positives: 0
  False Types: 0
  Grand Total: 49
  Total Critical Points (Decompressed): 329

[79/130] Processing: hi_1_384_320.dat
  False Negatives: 51
  False Positives: 0
  False Types: 0
  Grand Total: 51
  Total Critical Points (Decompressed): 292

[80/130] Processing: hisnap_1_384_320.dat
  False Negatives: 59
  False Positives: 0
  False Types: 0
  Grand Total: 59
  Total Critical Points (Decompressed): 361

[81/130] Processing: hs_1_384_320.dat
  False Negatives: 55
  False Positives: 0
  False Types: 0
  Grand Total: 55
  Total Critical Points (Decompressed): 299

[82/130] Processing: HTE_384_320.dat
  False Negatives: 0
  False Positives: 0
  False Types: 0
  Grand Total: 0
  Total Critical Points (Decompressed): 1

[83/130] Skipping: HTN_384_320.dat (decompressed file not found: ../../CESM-ICE-MODELS/4/log_normalized/topoSZp_1E-3/HTN_384_320.dat.SZp.out)
[84/130] Processing: iage_1_384_320.dat
  False Negatives: 73
  False Positives: 0
  False Types: 0
  Grand Total: 73
  Total Critical Points (Decompressed): 503

[85/130] Processing: ice_present_1_384_320.dat
  False Negatives: 0
  False Positives: 0
  False Types: 0
  Grand Total: 0
  Total Critical Points (Decompressed): 32

[86/130] Processing: meltb_1_384_320.dat
  False Negatives: 141
  False Positives: 0
  False Types: 0
  Grand Total: 141
  Total Critical Points (Decompressed): 621

[87/130] Processing: meltl_1_384_320.dat
  False Negatives: 115
  False Positives: 0
  False Types: 0
  Grand Total: 115
  Total Critical Points (Decompressed): 486

[88/130] Processing: melts_1_384_320.dat
  False Negatives: 64
  False Positives: 0
  False Types: 0
  Grand Total: 64
  Total Critical Points (Decompressed): 335

[89/130] Processing: meltt_1_384_320.dat
  False Negatives: 22
  False Positives: 0
  False Types: 0
  Grand Total: 22
  Total Critical Points (Decompressed): 132

[90/130] Processing: opening_1_384_320.dat
  False Negatives: 165
  False Positives: 0
  False Types: 0
  Grand Total: 165
  Total Critical Points (Decompressed): 1729

[91/130] Processing: qi_1_384_320.dat
  False Negatives: 71
  False Positives: 0
  False Types: 0
  Grand Total: 71
  Total Critical Points (Decompressed): 348

[92/130] Processing: Qref_1_384_320.dat
  False Negatives: 268
  False Positives: 0
  False Types: 0
  Grand Total: 268
  Total Critical Points (Decompressed): 1786

[93/130] Processing: qs_1_384_320.dat
  False Negatives: 71
  False Positives: 0
  False Types: 0
  Grand Total: 71
  Total Critical Points (Decompressed): 334

[94/130] Processing: rain_1_384_320.dat
  False Negatives: 804
  False Positives: 0
  False Types: 0
  Grand Total: 804
  Total Critical Points (Decompressed): 2978

[95/130] Processing: rain_ai_1_384_320.dat
  False Negatives: 188
  False Positives: 0
  False Types: 0
  Grand Total: 188
  Total Critical Points (Decompressed): 571

[96/130] Processing: shear_1_384_320.dat
  False Negatives: 144
  False Positives: 0
  False Types: 0
  Grand Total: 144
  Total Critical Points (Decompressed): 1662

[97/130] Processing: sig1_1_384_320.dat
  False Negatives: 202
  False Positives: 0
  False Types: 0
  Grand Total: 202
  Total Critical Points (Decompressed): 1966

[98/130] Processing: sig2_1_384_320.dat
  False Negatives: 153
  False Positives: 0
  False Types: 0
  Grand Total: 153
  Total Critical Points (Decompressed): 1973

[99/130] Processing: snoice_1_384_320.dat
  False Negatives: 134
  False Positives: 0
  False Types: 0
  Grand Total: 134
  Total Critical Points (Decompressed): 483

[100/130] Processing: snow_1_384_320.dat
  False Negatives: 231
  False Positives: 0
  False Types: 0
  Grand Total: 231
  Total Critical Points (Decompressed): 1289

[101/130] Processing: snow_ai_1_384_320.dat
  False Negatives: 119
  False Positives: 0
  False Types: 0
  Grand Total: 119
  Total Critical Points (Decompressed): 448

[102/130] Processing: strairx_1_384_320.dat
  False Negatives: 76
  False Positives: 0
  False Types: 0
  Grand Total: 76
  Total Critical Points (Decompressed): 326

[103/130] Processing: strairy_1_384_320.dat
  False Negatives: 78
  False Positives: 0
  False Types: 0
  Grand Total: 78
  Total Critical Points (Decompressed): 386

[104/130] Processing: strcorx_1_384_320.dat
  False Negatives: 114
  False Positives: 0
  False Types: 0
  Grand Total: 114
  Total Critical Points (Decompressed): 485

[105/130] Processing: strcory_1_384_320.dat
  False Negatives: 77
  False Positives: 0
  False Types: 0
  Grand Total: 77
  Total Critical Points (Decompressed): 332

[106/130] Processing: strength_1_384_320.dat
  False Negatives: 40
  False Positives: 0
  False Types: 0
  Grand Total: 40
  Total Critical Points (Decompressed): 569

[107/130] Processing: strintx_1_384_320.dat
  False Negatives: 180
  False Positives: 0
  False Types: 0
  Grand Total: 180
  Total Critical Points (Decompressed): 712

[108/130] Processing: strinty_1_384_320.dat
  False Negatives: 155
  False Positives: 0
  False Types: 0
  Grand Total: 155
  Total Critical Points (Decompressed): 693

[109/130] Processing: strocnx_1_384_320.dat
  False Negatives: 96
  False Positives: 0
  False Types: 0
  Grand Total: 96
  Total Critical Points (Decompressed): 486

[110/130] Processing: strocny_1_384_320.dat
  False Negatives: 91
  False Positives: 0
  False Types: 0
  Grand Total: 91
  Total Critical Points (Decompressed): 534

[111/130] Processing: Tair_1_384_320.dat
  False Negatives: 254
  False Positives: 0
  False Types: 0
  Grand Total: 254
  Total Critical Points (Decompressed): 1551

[112/130] Skipping: tarea_384_320.dat (decompressed file not found: ../../CESM-ICE-MODELS/4/log_normalized/topoSZp_1E-3/tarea_384_320.dat.SZp.out)
[113/130] Processing: TLAT_384_320.dat
  False Negatives: 0
  False Positives: 0
  False Types: 0
  Grand Total: 0
  Total Critical Points (Decompressed): 1

[114/130] Processing: TLON_384_320.dat
  False Negatives: 0
  False Positives: 0
  False Types: 0
  Grand Total: 0
  Total Critical Points (Decompressed): 69

[115/130] Processing: tmask_384_320.dat
  False Negatives: 0
  False Positives: 0
  False Types: 0
  Grand Total: 0
  Total Critical Points (Decompressed): 23

[116/130] Processing: transix_1_384_320.dat
  False Negatives: 60
  False Positives: 0
  False Types: 0
  Grand Total: 60
  Total Critical Points (Decompressed): 419

[117/130] Processing: transiy_1_384_320.dat
  False Negatives: 81
  False Positives: 0
  False Types: 0
  Grand Total: 81
  Total Critical Points (Decompressed): 442

[118/130] Processing: Tref_1_384_320.dat
  False Negatives: 313
  False Positives: 0
  False Types: 0
  Grand Total: 313
  Total Critical Points (Decompressed): 1949

[119/130] Processing: trsig_1_384_320.dat
  False Negatives: 110
  False Positives: 0
  False Types: 0
  Grand Total: 110
  Total Critical Points (Decompressed): 614

[120/130] Processing: Tsfc_1_384_320.dat
  False Negatives: 117
  False Positives: 0
  False Types: 0
  Grand Total: 117
  Total Critical Points (Decompressed): 614

[121/130] Processing: uarea_384_320.dat
  False Negatives: 0
  False Positives: 0
  False Types: 0
  Grand Total: 0
  Total Critical Points (Decompressed): 1

[122/130] Processing: ULAT_384_320.dat
  False Negatives: 0
  False Positives: 0
  False Types: 0
  Grand Total: 0
  Total Critical Points (Decompressed): 1

[123/130] Processing: ULON_384_320.dat
  False Negatives: 0
  False Positives: 0
  False Types: 0
  Grand Total: 0
  Total Critical Points (Decompressed): 68

[124/130] Processing: uvel_1_384_320.dat
  False Negatives: 67
  False Positives: 0
  False Types: 0
  Grand Total: 67
  Total Critical Points (Decompressed): 493

[125/130] Processing: vicen001_1_384_320.dat
  False Negatives: 105
  False Positives: 0
  False Types: 0
  Grand Total: 105
  Total Critical Points (Decompressed): 491

[126/130] Processing: vicen002_1_384_320.dat
  False Negatives: 69
  False Positives: 0
  False Types: 0
  Grand Total: 69
  Total Critical Points (Decompressed): 373

[127/130] Processing: vicen003_1_384_320.dat
  False Negatives: 59
  False Positives: 0
  False Types: 0
  Grand Total: 59
  Total Critical Points (Decompressed): 314

[128/130] Processing: vicen004_1_384_320.dat
  False Negatives: 52
  False Positives: 0
  False Types: 0
  Grand Total: 52
  Total Critical Points (Decompressed): 311

[129/130] Processing: vicen005_1_384_320.dat
  False Negatives: 50
  False Positives: 0
  False Types: 0
  Grand Total: 50
  Total Critical Points (Decompressed): 296

[130/130] Processing: vvel_1_384_320.dat
  False Negatives: 109
  False Positives: 0
  False Types: 0
  Grand Total: 109
  Total Critical Points (Decompressed): 617

=== Summary ===
Total files processed: 124
Total files skipped: 6
Total files failed: 0
Total false cases across all files: 13048
Average false cases per file: 105.22
Results saved to: ../../CESM-ICE-MODELS/4/log_normalized/topoSZp_1E-3/critical_points.csv

