Input directory: ../../CESM-LAND-MODELS/4/log_normalized
Output directory: ../../CESM-LAND-MODELS/4/log_normalized/tthresh_1E-8
Dimensions: 192x288
Error bound: 0.00000001

Found 176 .dat file(s) to process

[1/176] Processing: ACTUAL_IMMOB_1_192_288.dat
oldbits = 1769472, newbits = 1804112, compressionratio = 0.980799, bpv = 32.6264
Total compression time: 179.805ms
eps = 4.41441e-07, rmse = 3.47781e-07, psnr = 123.153
Total decompression time: 20.529ms
Total time: 200.401ms
  ✓ Compression successful (ratio: .98x)

[2/176] Processing: AGNPP_1_192_288.dat
oldbits = 1769472, newbits = 1711952, compressionratio = 1.0336, bpv = 30.9598
Total compression time: 175.194ms
eps = 8.79783e-07, rmse = 6.9312e-07, psnr = 117.163
Total decompression time: 20.304ms
Total time: 195.536ms
  ✓ Compression successful (ratio: 1.03x)

[3/176] Processing: ANN_FAREA_BURNED_1_192_288.dat
oldbits = 1769472, newbits = 1537104, compressionratio = 1.15117, bpv = 27.7977
Total compression time: 164.502ms
eps = 2.81331e-06, rmse = 2.41631e-06, psnr = 106.316
Total decompression time: 19.522ms
Total time: 184.059ms
  ✓ Compression successful (ratio: 1.15x)

[4/176] Processing: AR_1_192_288.dat
oldbits = 1769472, newbits = 1712016, compressionratio = 1.03356, bpv = 30.9609
Total compression time: 178.888ms
eps = 8.87799e-07, rmse = 6.99435e-07, psnr = 117.084
Total decompression time: 19.683ms
Total time: 198.606ms
  ✓ Compression successful (ratio: 1.03x)

[5/176] Processing: area_192_288.dat
oldbits = 1769472, newbits = 1700688, compressionratio = 1.04044, bpv = 30.7561
Total compression time: 179.233ms
eps = 8.97059e-07, rmse = 7.09102e-07, psnr = 116.965
Total decompression time: 20.159ms
Total time: 199.429ms
  ✓ Compression successful (ratio: 1.04x)

[6/176] Processing: areaatm_192_288.dat
oldbits = 1769472, newbits = 1701648, compressionratio = 1.03986, bpv = 30.7734
Total compression time: 172.262ms
eps = 1.23318e-06, rmse = 6.90021e-07, psnr = 117.202
Total decompression time: 21.646ms
Total time: 193.944ms
  ✓ Compression successful (ratio: 1.03x)

[7/176] Processing: areaupsc_192_288.dat
oldbits = 1769472, newbits = 1700688, compressionratio = 1.04044, bpv = 30.7561
Total compression time: 180.571ms
eps = 8.97059e-07, rmse = 7.09102e-07, psnr = 116.965
Total decompression time: 19.531ms
Total time: 200.137ms
  ✓ Compression successful (ratio: 1.04x)

[8/176] Processing: BCDEP_1_192_288.dat
oldbits = 1769472, newbits = 1804112, compressionratio = 0.980799, bpv = 32.6264
Total compression time: 181.073ms
eps = 4.41784e-07, rmse = 3.48051e-07, psnr = 123.147
Total decompression time: 20.836ms
Total time: 201.943ms
  ✓ Compression successful (ratio: .98x)

[9/176] Processing: BGNPP_1_192_288.dat
oldbits = 1769472, newbits = 1748816, compressionratio = 1.01181, bpv = 31.6264
Total compression time: 177.269ms
eps = 7.32568e-07, rmse = 5.7714e-07, psnr = 118.754
Total decompression time: 19.969ms
Total time: 197.271ms
  ✓ Compression successful (ratio: 1.01x)

[10/176] Processing: BTRAN_1_192_288.dat
oldbits = 1769472, newbits = 1902288, compressionratio = 0.930181, bpv = 34.4019
Total compression time: 183.653ms
eps = 2.23333e-07, rmse = 1.7595e-07, psnr = 129.072
Total decompression time: 21.127ms
Total time: 204.822ms
  ✓ Compression successful (ratio: .93x)

[11/176] Processing: BUILDHEAT_1_192_288.dat
oldbits = 1769472, newbits = 1568016, compressionratio = 1.12848, bpv = 28.3568
Total compression time: 179.947ms
eps = 3.03891e-06, rmse = 2.39538e-06, psnr = 106.392
Total decompression time: 20.579ms
Total time: 200.566ms
  ✓ Compression successful (ratio: 1.12x)

[12/176] Processing: COL_CTRUNC_1_192_288.dat
oldbits = 1769472, newbits = 1720656, compressionratio = 1.02837, bpv = 31.1172
Total compression time: 174.955ms
eps = 8.79222e-07, rmse = 6.92678e-07, psnr = 117.169
Total decompression time: 20.602ms
Total time: 195.593ms
  ✓ Compression successful (ratio: 1.02x)

[13/176] Processing: COL_FIRE_CLOSS_1_192_288.dat
oldbits = 1769472, newbits = 1711952, compressionratio = 1.0336, bpv = 30.9598
Total compression time: 178.941ms
eps = 8.82689e-07, rmse = 6.9541e-07, psnr = 117.135
Total decompression time: 19.865ms
Total time: 198.845ms
  ✓ Compression successful (ratio: 1.03x)

[14/176] Processing: COL_FIRE_NLOSS_1_192_288.dat
oldbits = 1769472, newbits = 1804112, compressionratio = 0.980799, bpv = 32.6264
Total compression time: 178.105ms
eps = 4.41744e-07, rmse = 3.4802e-07, psnr = 123.147
Total decompression time: 20.372ms
Total time: 198.522ms
  ✓ Compression successful (ratio: .98x)

[15/176] Processing: COL_NTRUNC_1_192_288.dat
oldbits = 1769472, newbits = 1809872, compressionratio = 0.977678, bpv = 32.7306
Total compression time: 177.842ms
eps = 4.40196e-07, rmse = 3.468e-07, psnr = 123.178
Total decompression time: 19.92ms
Total time: 197.799ms
  ✓ Compression successful (ratio: .97x)

[16/176] Processing: CPOOL_1_192_288.dat
oldbits = 1769472, newbits = 1804112, compressionratio = 0.980799, bpv = 32.6264
Total compression time: 176.864ms
eps = 4.41784e-07, rmse = 3.48051e-07, psnr = 123.147
Total decompression time: 20.444ms
Total time: 197.352ms
  ✓ Compression successful (ratio: .98x)

[17/176] Processing: CWDC_1_192_288.dat
oldbits = 1769472, newbits = 1749712, compressionratio = 1.01129, bpv = 31.6427
Total compression time: 179.335ms
eps = 7.34188e-07, rmse = 5.78831e-07, psnr = 118.728
Total decompression time: 20ms
Total time: 199.398ms
  ✓ Compression successful (ratio: 1.01x)

[18/176] Processing: CWDC_HR_1_192_288.dat
oldbits = 1769472, newbits = 1804112, compressionratio = 0.980799, bpv = 32.6264
Total compression time: 180.448ms
eps = 4.41784e-07, rmse = 3.48051e-07, psnr = 123.147
Total decompression time: 20.84ms
Total time: 201.357ms
  ✓ Compression successful (ratio: .98x)

[19/176] Processing: CWDC_LOSS_1_192_288.dat
oldbits = 1769472, newbits = 1712016, compressionratio = 1.03356, bpv = 30.9609
Total compression time: 177.339ms
eps = 8.8313e-07, rmse = 6.95757e-07, psnr = 117.13
Total decompression time: 20.055ms
Total time: 197.452ms
  ✓ Compression successful (ratio: 1.03x)

[20/176] Processing: CWDN_1_192_288.dat
oldbits = 1769472, newbits = 1716560, compressionratio = 1.03082, bpv = 31.0431
Total compression time: 175.064ms
eps = 8.85886e-07, rmse = 6.97941e-07, psnr = 117.103
Total decompression time: 20.024ms
Total time: 195.129ms
  ✓ Compression successful (ratio: 1.03x)

[21/176] Processing: DEADCROOTC_1_192_288.dat
oldbits = 1769472, newbits = 1749136, compressionratio = 1.01163, bpv = 31.6322
Total compression time: 181.19ms
eps = 7.29397e-07, rmse = 5.75104e-07, psnr = 118.784
Total decompression time: 21.037ms
Total time: 202.283ms
  ✓ Compression successful (ratio: 1.01x)

[22/176] Processing: DEADCROOTN_1_192_288.dat
oldbits = 1769472, newbits = 1753616, compressionratio = 1.00904, bpv = 31.7133
Total compression time: 176.382ms
eps = 7.31788e-07, rmse = 5.76544e-07, psnr = 118.763
Total decompression time: 20.969ms
Total time: 197.39ms
  ✓ Compression successful (ratio: 1.00x)

[23/176] Processing: DEADSTEMC_1_192_288.dat
oldbits = 1769472, newbits = 1560848, compressionratio = 1.13366, bpv = 28.2271
Total compression time: 170.363ms
eps = 2.88432e-06, rmse = 2.27494e-06, psnr = 106.84
Total decompression time: 19.154ms
Total time: 189.576ms
  ✓ Compression successful (ratio: 1.13x)

[24/176] Processing: DEADSTEMN_1_192_288.dat
oldbits = 1769472, newbits = 1566480, compressionratio = 1.12958, bpv = 28.329
Total compression time: 169.646ms
eps = 2.92685e-06, rmse = 2.30605e-06, psnr = 106.722
Total decompression time: 19.815ms
Total time: 189.505ms
  ✓ Compression successful (ratio: 1.12x)

[25/176] Processing: DENIT_1_192_288.dat
oldbits = 1769472, newbits = 1803344, compressionratio = 0.981217, bpv = 32.6126
Total compression time: 175.191ms
eps = 4.41837e-07, rmse = 3.48093e-07, psnr = 123.146
Total decompression time: 20.488ms
Total time: 195.723ms
  ✓ Compression successful (ratio: .98x)

[26/176] Processing: DISPVEGC_1_192_288.dat
oldbits = 1769472, newbits = 1800080, compressionratio = 0.982996, bpv = 32.5535
Total compression time: 177.35ms
eps = 4.43211e-07, rmse = 3.49633e-07, psnr = 123.107
Total decompression time: 20.42ms
Total time: 197.809ms
  ✓ Compression successful (ratio: .98x)

[27/176] Processing: DISPVEGN_1_192_288.dat
oldbits = 1769472, newbits = 1752912, compressionratio = 1.00945, bpv = 31.7005
Total compression time: 174.318ms
eps = 7.28733e-07, rmse = 5.74214e-07, psnr = 118.798
Total decompression time: 20.17ms
Total time: 194.53ms
  ✓ Compression successful (ratio: 1.00x)

[28/176] Processing: DSTDEP_1_192_288.dat
oldbits = 1769472, newbits = 1804112, compressionratio = 0.980799, bpv = 32.6264
Total compression time: 182.251ms
eps = 4.41784e-07, rmse = 3.48051e-07, psnr = 123.147
Total decompression time: 20.802ms
Total time: 203.097ms
  ✓ Compression successful (ratio: .98x)

[29/176] Processing: DSTFLXT_1_192_288.dat
oldbits = 1769472, newbits = 1804112, compressionratio = 0.980799, bpv = 32.6264
Total compression time: 186.419ms
eps = 4.41816e-07, rmse = 3.48076e-07, psnr = 123.146
Total decompression time: 20.464ms
Total time: 206.958ms
  ✓ Compression successful (ratio: .98x)

[30/176] Processing: DWT_CLOSS_1_192_288.dat
oldbits = 1769472, newbits = 1804112, compressionratio = 0.980799, bpv = 32.6264
Total compression time: 179.079ms
eps = 4.41784e-07, rmse = 3.48051e-07, psnr = 123.147
Total decompression time: 20.625ms
Total time: 199.746ms
  ✓ Compression successful (ratio: .98x)

[31/176] Processing: DWT_CONV_CFLUX_1_192_288.dat
oldbits = 1769472, newbits = 1804112, compressionratio = 0.980799, bpv = 32.6264
Total compression time: 176.892ms
eps = 4.41784e-07, rmse = 3.48051e-07, psnr = 123.147
Total decompression time: 21.044ms
Total time: 197.979ms
  ✓ Compression successful (ratio: .98x)

[32/176] Processing: DWT_CONV_NFLUX_1_192_288.dat
oldbits = 1769472, newbits = 1804112, compressionratio = 0.980799, bpv = 32.6264
Total compression time: 179.512ms
eps = 4.41784e-07, rmse = 3.48051e-07, psnr = 123.147
Total decompression time: 20.076ms
Total time: 199.627ms
  ✓ Compression successful (ratio: .98x)

[33/176] Processing: DWT_NLOSS_1_192_288.dat
oldbits = 1769472, newbits = 1804112, compressionratio = 0.980799, bpv = 32.6264
Total compression time: 180.106ms
eps = 4.41784e-07, rmse = 3.48051e-07, psnr = 123.147
Total decompression time: 20.441ms
Total time: 200.59ms
  ✓ Compression successful (ratio: .98x)

[34/176] Processing: DWT_PROD100C_GAIN_1_192_288.dat
oldbits = 1769472, newbits = 1804112, compressionratio = 0.980799, bpv = 32.6264
Total compression time: 175.763ms
eps = 4.41784e-07, rmse = 3.48051e-07, psnr = 123.147
Total decompression time: 20.777ms
Total time: 196.581ms
  ✓ Compression successful (ratio: .98x)

[35/176] Processing: DWT_PROD100N_GAIN_1_192_288.dat
oldbits = 1769472, newbits = 1804112, compressionratio = 0.980799, bpv = 32.6264
Total compression time: 178.595ms
eps = 4.41784e-07, rmse = 3.48051e-07, psnr = 123.147
Total decompression time: 20.693ms
Total time: 199.332ms
  ✓ Compression successful (ratio: .98x)

[36/176] Processing: DWT_PROD10C_GAIN_1_192_288.dat
oldbits = 1769472, newbits = 1804112, compressionratio = 0.980799, bpv = 32.6264
Total compression time: 225.367ms
eps = 4.41784e-07, rmse = 3.48051e-07, psnr = 123.147
Total decompression time: 20.892ms
Total time: 246.305ms
  ✓ Compression successful (ratio: .98x)

[37/176] Processing: DWT_PROD10N_GAIN_1_192_288.dat
oldbits = 1769472, newbits = 1804112, compressionratio = 0.980799, bpv = 32.6264
Total compression time: 178.037ms
eps = 4.41784e-07, rmse = 3.48051e-07, psnr = 123.147
Total decompression time: 20.171ms
Total time: 198.248ms
  ✓ Compression successful (ratio: .98x)

[38/176] Processing: DWT_SEEDC_TO_DEADSTEM_1_192_288.dat
oldbits = 1769472, newbits = 1804112, compressionratio = 0.980799, bpv = 32.6264
Total compression time: 178.281ms
eps = 4.41784e-07, rmse = 3.48051e-07, psnr = 123.147
Total decompression time: 21.1ms
Total time: 199.437ms
  ✓ Compression successful (ratio: .98x)

[39/176] Processing: DWT_SEEDC_TO_LEAF_1_192_288.dat
oldbits = 1769472, newbits = 1804112, compressionratio = 0.980799, bpv = 32.6264
Total compression time: 191.086ms
eps = 4.41784e-07, rmse = 3.48051e-07, psnr = 123.147
Total decompression time: 20.403ms
Total time: 211.533ms
  ✓ Compression successful (ratio: .98x)

[40/176] Processing: DWT_SEEDN_TO_DEADSTEM_1_192_288.dat
oldbits = 1769472, newbits = 1804112, compressionratio = 0.980799, bpv = 32.6264
Total compression time: 175.49ms
eps = 4.41784e-07, rmse = 3.48051e-07, psnr = 123.147
Total decompression time: 20.516ms
Total time: 196.049ms
  ✓ Compression successful (ratio: .98x)

[41/176] Processing: DWT_SEEDN_TO_LEAF_1_192_288.dat
oldbits = 1769472, newbits = 1804112, compressionratio = 0.980799, bpv = 32.6264
Total compression time: 179.954ms
eps = 4.41784e-07, rmse = 3.48051e-07, psnr = 123.147
Total decompression time: 20.274ms
Total time: 200.274ms
  ✓ Compression successful (ratio: .98x)

[42/176] Processing: EFLX_DYNBAL_1_192_288.dat
oldbits = 1769472, newbits = 1804112, compressionratio = 0.980799, bpv = 32.6264
Total compression time: 177.183ms
eps = 4.41784e-07, rmse = 3.48051e-07, psnr = 123.147
Total decompression time: 56.002ms
Total time: 233.231ms
  ✓ Compression successful (ratio: .98x)

[43/176] Processing: EFLX_LH_TOT_R_1_192_288.dat
oldbits = 1769472, newbits = 1531216, compressionratio = 1.1556, bpv = 27.6913
Total compression time: 168.063ms
eps = 2.78389e-06, rmse = 2.39176e-06, psnr = 106.405
Total decompression time: 19.597ms
Total time: 187.697ms
  ✓ Compression successful (ratio: 1.15x)

[44/176] Processing: EFLX_LH_TOT_U_1_192_288.dat
oldbits = 1769472, newbits = 1464400, compressionratio = 1.20833, bpv = 26.4829
Total compression time: 150.036ms
eps = 2.43401e-06, rmse = 2.33443e-06, psnr = 106.616
Total decompression time: 19.319ms
Total time: 169.397ms
  ✓ Compression successful (ratio: 1.20x)

[45/176] Processing: ELAI_1_192_288.dat
oldbits = 1769472, newbits = 1715856, compressionratio = 1.03125, bpv = 31.0304
Total compression time: 180.039ms
eps = 8.89606e-07, rmse = 7.00889e-07, psnr = 117.066
Total decompression time: 20.123ms
Total time: 200.208ms
  ✓ Compression successful (ratio: 1.03x)

[46/176] Processing: ER_1_192_288.dat
oldbits = 1769472, newbits = 1711952, compressionratio = 1.0336, bpv = 30.9598
Total compression time: 174.526ms
eps = 8.84024e-07, rmse = 6.96462e-07, psnr = 117.121
Total decompression time: 20.158ms
Total time: 194.726ms
  ✓ Compression successful (ratio: 1.03x)

[47/176] Processing: ERRH2O_1_192_288.dat
oldbits = 1769472, newbits = 1804112, compressionratio = 0.980799, bpv = 32.6264
Total compression time: 179.653ms
eps = 4.41784e-07, rmse = 3.48051e-07, psnr = 123.147
Total decompression time: 19.842ms
Total time: 199.545ms
  ✓ Compression successful (ratio: .98x)

[48/176] Processing: ERRSEB_1_192_288.dat
oldbits = 1769472, newbits = 1804112, compressionratio = 0.980799, bpv = 32.6264
Total compression time: 174.417ms
eps = 4.41784e-07, rmse = 3.48051e-07, psnr = 123.147
Total decompression time: 19.771ms
Total time: 194.229ms
  ✓ Compression successful (ratio: .98x)

[49/176] Processing: ERRSOI_1_192_288.dat
oldbits = 1769472, newbits = 1804112, compressionratio = 0.980799, bpv = 32.6264
Total compression time: 175.544ms
eps = 4.41784e-07, rmse = 3.48051e-07, psnr = 123.147
Total decompression time: 20.05ms
Total time: 195.637ms
  ✓ Compression successful (ratio: .98x)

[50/176] Processing: ERRSOL_1_192_288.dat
oldbits = 1769472, newbits = 1804112, compressionratio = 0.980799, bpv = 32.6264
Total compression time: 179.668ms
eps = 4.41784e-07, rmse = 3.48051e-07, psnr = 123.147
Total decompression time: 20.662ms
Total time: 200.382ms
  ✓ Compression successful (ratio: .98x)

[51/176] Processing: ESAI_1_192_288.dat
oldbits = 1769472, newbits = 1809488, compressionratio = 0.977885, bpv = 32.7237
Total compression time: 179.115ms
eps = 4.44475e-07, rmse = 3.50174e-07, psnr = 123.094
Total decompression time: 20.098ms
Total time: 199.286ms
  ✓ Compression successful (ratio: .97x)

[52/176] Processing: FCEV_1_192_288.dat
oldbits = 1769472, newbits = 1810960, compressionratio = 0.977091, bpv = 32.7503
Total compression time: 178.521ms
eps = 4.52958e-07, rmse = 3.56925e-07, psnr = 122.928
Total decompression time: 46.614ms
Total time: 225.2ms
  ✓ Compression successful (ratio: .97x)

[53/176] Processing: FCOV_1_192_288.dat
oldbits = 1769472, newbits = 1536016, compressionratio = 1.15199, bpv = 27.7781
Total compression time: 175.455ms
eps = 2.80024e-06, rmse = 2.40509e-06, psnr = 106.357
Total decompression time: 20.12ms
Total time: 195.616ms
  ✓ Compression successful (ratio: 1.15x)

[54/176] Processing: FCTR_1_192_288.dat
oldbits = 1769472, newbits = 1714256, compressionratio = 1.03221, bpv = 31.0014
Total compression time: 175.041ms
eps = 8.84648e-07, rmse = 6.97045e-07, psnr = 117.114
Total decompression time: 19.722ms
Total time: 194.807ms
  ✓ Compression successful (ratio: 1.03x)

[55/176] Processing: FGEV_1_192_288.dat
oldbits = 1769472, newbits = 1568720, compressionratio = 1.12797, bpv = 28.3695
Total compression time: 172.76ms
eps = 3.03338e-06, rmse = 2.39061e-06, psnr = 106.409
Total decompression time: 19.289ms
Total time: 192.088ms
  ✓ Compression successful (ratio: 1.12x)

[56/176] Processing: FGR_1_192_288.dat
oldbits = 1769472, newbits = 1567760, compressionratio = 1.12866, bpv = 28.3521
Total compression time: 169.379ms
eps = 3.01358e-06, rmse = 2.37588e-06, psnr = 106.463
Total decompression time: 19.719ms
Total time: 189.137ms
  ✓ Compression successful (ratio: 1.12x)

[57/176] Processing: FGR12_1_192_288.dat
oldbits = 1769472, newbits = 1568208, compressionratio = 1.12834, bpv = 28.3602
Total compression time: 168.392ms
eps = 3.01826e-06, rmse = 2.37915e-06, psnr = 106.451
Total decompression time: 19.424ms
Total time: 187.875ms
  ✓ Compression successful (ratio: 1.12x)

[58/176] Processing: FGR_R_1_192_288.dat
oldbits = 1769472, newbits = 1532624, compressionratio = 1.15454, bpv = 27.7167
Total compression time: 168.056ms
eps = 2.76806e-06, rmse = 2.37813e-06, psnr = 106.455
Total decompression time: 19.719ms
Total time: 187.814ms
  ✓ Compression successful (ratio: 1.15x)

[59/176] Processing: FGR_U_1_192_288.dat
oldbits = 1769472, newbits = 1462224, compressionratio = 1.21012, bpv = 26.4436
Total compression time: 153.983ms
eps = 2.47662e-06, rmse = 2.37554e-06, psnr = 106.464
Total decompression time: 19.182ms
Total time: 173.216ms
  ✓ Compression successful (ratio: 1.21x)

[60/176] Processing: FIRA_1_192_288.dat
oldbits = 1769472, newbits = 1808976, compressionratio = 0.978162, bpv = 32.7144
Total compression time: 178.097ms
eps = 4.5201e-07, rmse = 3.56338e-07, psnr = 122.942
Total decompression time: 20.344ms
Total time: 198.479ms
  ✓ Compression successful (ratio: .97x)

[61/176] Processing: FIRA_R_1_192_288.dat
oldbits = 1769472, newbits = 1531088, compressionratio = 1.1557, bpv = 27.6889
Total compression time: 161.708ms
eps = 2.78239e-06, rmse = 2.39062e-06, psnr = 106.409
Total decompression time: 20.411ms
Total time: 182.173ms
  ✓ Compression successful (ratio: 1.15x)

[62/176] Processing: FIRA_U_1_192_288.dat
oldbits = 1769472, newbits = 1464400, compressionratio = 1.20833, bpv = 26.4829
Total compression time: 155.965ms
eps = 2.4409e-06, rmse = 2.34109e-06, psnr = 106.591
Total decompression time: 19.362ms
Total time: 175.371ms
  ✓ Compression successful (ratio: 1.20x)

[63/176] Processing: FIRE_1_192_288.dat
oldbits = 1769472, newbits = 1714000, compressionratio = 1.03236, bpv = 30.9968
Total compression time: 179.821ms
eps = 8.99505e-07, rmse = 7.09373e-07, psnr = 116.962
Total decompression time: 19.841ms
Total time: 199.714ms
  ✓ Compression successful (ratio: 1.03x)

[64/176] Processing: FIRESEASONL_1_192_288.dat
oldbits = 1769472, newbits = 1533264, compressionratio = 1.15406, bpv = 27.7283
Total compression time: 166.161ms
eps = 2.81098e-06, rmse = 2.41497e-06, psnr = 106.321
Total decompression time: 19.944ms
Total time: 186.165ms
  ✓ Compression successful (ratio: 1.15x)

[65/176] Processing: FLDS_1_192_288.dat
oldbits = 1769472, newbits = 1713936, compressionratio = 1.0324, bpv = 30.9957
Total compression time: 179.51ms
eps = 9.03848e-07, rmse = 7.12809e-07, psnr = 116.92
Total decompression time: 20.544ms
Total time: 200.096ms
  ✓ Compression successful (ratio: 1.03x)

[66/176] Processing: FLUXFM2A_1_192_288.dat
oldbits = 1769472, newbits = 1804112, compressionratio = 0.980799, bpv = 32.6264
Total compression time: 233.654ms
eps = 4.41784e-07, rmse = 3.48051e-07, psnr = 123.147
Total decompression time: 20.638ms
Total time: 254.336ms
  ✓ Compression successful (ratio: .98x)

[67/176] Processing: FLUXFMLND_1_192_288.dat
oldbits = 1769472, newbits = 1804112, compressionratio = 0.980799, bpv = 32.6264
Total compression time: 177.246ms
eps = 4.41784e-07, rmse = 3.48051e-07, psnr = 123.147
Total decompression time: 20.513ms
Total time: 197.828ms
  ✓ Compression successful (ratio: .98x)

[68/176] Processing: FPG_1_192_288.dat
oldbits = 1769472, newbits = 1536336, compressionratio = 1.15175, bpv = 27.7839
Total compression time: 164.671ms
eps = 2.76586e-06, rmse = 2.37557e-06, psnr = 106.464
Total decompression time: 19.982ms
Total time: 184.695ms
  ✓ Compression successful (ratio: 1.15x)

[69/176] Processing: FPI_1_192_288.dat
oldbits = 1769472, newbits = 1535888, compressionratio = 1.15208, bpv = 27.7758
Total compression time: 168.034ms
eps = 2.77903e-06, rmse = 2.38689e-06, psnr = 106.423
Total decompression time: 19.537ms
Total time: 187.61ms
  ✓ Compression successful (ratio: 1.15x)

[70/176] Processing: FPSN_1_192_288.dat
oldbits = 1769472, newbits = 1566416, compressionratio = 1.12963, bpv = 28.3278
Total compression time: 170.382ms
eps = 2.93326e-06, rmse = 2.31106e-06, psnr = 106.703
Total decompression time: 20.076ms
Total time: 190.543ms
  ✓ Compression successful (ratio: 1.12x)

[71/176] Processing: FROOTC_1_192_288.dat
oldbits = 1769472, newbits = 1712272, compressionratio = 1.03341, bpv = 30.9656
Total compression time: 193.316ms
eps = 8.84336e-07, rmse = 6.97077e-07, psnr = 117.114
Total decompression time: 20.733ms
Total time: 214.091ms
  ✓ Compression successful (ratio: 1.03x)

[72/176] Processing: FROOTC_ALLOC_1_192_288.dat
oldbits = 1769472, newbits = 1563024, compressionratio = 1.13208, bpv = 28.2665
Total compression time: 165.099ms
eps = 2.9263e-06, rmse = 2.30543e-06, psnr = 106.724
Total decompression time: 19.478ms
Total time: 184.623ms
  ✓ Compression successful (ratio: 1.13x)

[73/176] Processing: FROOTC_LOSS_1_192_288.dat
oldbits = 1769472, newbits = 1710928, compressionratio = 1.03422, bpv = 30.9413
Total compression time: 177.28ms
eps = 8.83525e-07, rmse = 6.96068e-07, psnr = 117.126
Total decompression time: 19.899ms
Total time: 197.218ms
  ✓ Compression successful (ratio: 1.03x)

[74/176] Processing: FROOTN_1_192_288.dat
oldbits = 1769472, newbits = 1752720, compressionratio = 1.00956, bpv = 31.697
Total compression time: 179.19ms
eps = 7.30719e-07, rmse = 5.75718e-07, psnr = 118.775
Total decompression time: 20.921ms
Total time: 200.153ms
  ✓ Compression successful (ratio: 1.00x)

[75/176] Processing: FSA_1_192_288.dat
oldbits = 1769472, newbits = 1809488, compressionratio = 0.977885, bpv = 32.7237
Total compression time: 185.801ms
eps = 4.4928e-07, rmse = 3.54215e-07, psnr = 122.994
Total decompression time: 20.153ms
Total time: 205.995ms
  ✓ Compression successful (ratio: .97x)

[76/176] Processing: FSA_R_1_192_288.dat
oldbits = 1769472, newbits = 1531344, compressionratio = 1.1555, bpv = 27.6936
Total compression time: 166.724ms
eps = 2.78157e-06, rmse = 2.39002e-06, psnr = 106.411
Total decompression time: 19.572ms
Total time: 186.333ms
  ✓ Compression successful (ratio: 1.15x)

[77/176] Processing: FSAT_1_192_288.dat
oldbits = 1769472, newbits = 1536848, compressionratio = 1.15136, bpv = 27.7931
Total compression time: 166.859ms
eps = 2.77625e-06, rmse = 2.38448e-06, psnr = 106.432
Total decompression time: 19.128ms
Total time: 186.033ms
  ✓ Compression successful (ratio: 1.15x)

[78/176] Processing: FSA_U_1_192_288.dat
oldbits = 1769472, newbits = 1463120, compressionratio = 1.20938, bpv = 26.4598
Total compression time: 153.975ms
eps = 2.4511e-06, rmse = 2.35097e-06, psnr = 106.554
Total decompression time: 19.055ms
Total time: 173.071ms
  ✓ Compression successful (ratio: 1.20x)

[79/176] Processing: FSDS_1_192_288.dat
oldbits = 1769472, newbits = 1715152, compressionratio = 1.03167, bpv = 31.0177
Total compression time: 177.517ms
eps = 9.00707e-07, rmse = 7.10312e-07, psnr = 116.95
Total decompression time: 20.521ms
Total time: 198.076ms
  ✓ Compression successful (ratio: 1.03x)

[80/176] Processing: FSDSND_1_192_288.dat
oldbits = 1769472, newbits = 1754064, compressionratio = 1.00878, bpv = 31.7214
Total compression time: 181.853ms
eps = 7.51679e-07, rmse = 5.926e-07, psnr = 118.524
Total decompression time: 20.359ms
Total time: 202.256ms
  ✓ Compression successful (ratio: 1.00x)

[81/176] Processing: FSDSNDLN_1_192_288.dat
oldbits = 1769472, newbits = 1715984, compressionratio = 1.03117, bpv = 31.0327
Total compression time: 178.335ms
eps = 8.99075e-07, rmse = 7.09041e-07, psnr = 116.966
Total decompression time: 20.265ms
Total time: 198.655ms
  ✓ Compression successful (ratio: 1.03x)

[82/176] Processing: FSDSNI_1_192_288.dat
oldbits = 1769472, newbits = 1719504, compressionratio = 1.02906, bpv = 31.0964
Total compression time: 181.418ms
eps = 9.03582e-07, rmse = 7.12084e-07, psnr = 116.929
Total decompression time: 19.907ms
Total time: 201.362ms
  ✓ Compression successful (ratio: 1.02x)

[83/176] Processing: FSDSVD_1_192_288.dat
oldbits = 1769472, newbits = 1567952, compressionratio = 1.12852, bpv = 28.3556
Total compression time: 168.609ms
eps = 3.02589e-06, rmse = 2.3854e-06, psnr = 106.428
Total decompression time: 19.425ms
Total time: 188.07ms
  ✓ Compression successful (ratio: 1.12x)

[84/176] Processing: FSDSVDLN_1_192_288.dat
oldbits = 1769472, newbits = 1845648, compressionratio = 0.958727, bpv = 33.3776
Total compression time: 183.809ms
eps = 3.7553e-07, rmse = 2.96139e-07, psnr = 124.549
Total decompression time: 20.316ms
Total time: 204.179ms
  ✓ Compression successful (ratio: .95x)

[85/176] Processing: FSDSVI_1_192_288.dat
oldbits = 1769472, newbits = 1718288, compressionratio = 1.02979, bpv = 31.0744
Total compression time: 183.182ms
eps = 9.04966e-07, rmse = 7.1328e-07, psnr = 116.914
Total decompression time: 20.017ms
Total time: 203.248ms
  ✓ Compression successful (ratio: 1.02x)

[86/176] Processing: FSH_1_192_288.dat
oldbits = 1769472, newbits = 1807760, compressionratio = 0.97882, bpv = 32.6924
Total compression time: 177.655ms
eps = 4.51179e-07, rmse = 3.55767e-07, psnr = 122.956
Total decompression time: 20.195ms
Total time: 197.889ms
  ✓ Compression successful (ratio: .97x)

[87/176] Processing: FSH_G_1_192_288.dat
oldbits = 1769472, newbits = 1566032, compressionratio = 1.12991, bpv = 28.3209
Total compression time: 168.522ms
eps = 3.00311e-06, rmse = 2.36798e-06, psnr = 106.492
Total decompression time: 19.551ms
Total time: 188.125ms
  ✓ Compression successful (ratio: 1.12x)

[88/176] Processing: FSH_NODYNLNDUSE_1_192_288.dat
oldbits = 1769472, newbits = 1807760, compressionratio = 0.97882, bpv = 32.6924
Total compression time: 177.891ms
eps = 4.51179e-07, rmse = 3.55767e-07, psnr = 122.956
Total decompression time: 20.516ms
Total time: 198.454ms
  ✓ Compression successful (ratio: .97x)

[89/176] Processing: FSH_R_1_192_288.dat
oldbits = 1769472, newbits = 1491856, compressionratio = 1.18609, bpv = 26.9795
Total compression time: 161.487ms
eps = 3.32662e-06, rmse = 2.85868e-06, psnr = 104.856
Total decompression time: 19.484ms
Total time: 181.009ms
  ✓ Compression successful (ratio: 1.18x)

[90/176] Processing: FSH_U_1_192_288.dat
oldbits = 1769472, newbits = 1462672, compressionratio = 1.20975, bpv = 26.4517
Total compression time: 150.777ms
eps = 2.4251e-06, rmse = 2.32604e-06, psnr = 106.647
Total decompression time: 19.6ms
Total time: 170.415ms
  ✓ Compression successful (ratio: 1.20x)

[91/176] Processing: FSH_V_1_192_288.dat
oldbits = 1769472, newbits = 1715536, compressionratio = 1.03144, bpv = 31.0246
Total compression time: 182.972ms
eps = 9.03271e-07, rmse = 7.12152e-07, psnr = 116.928
Total decompression time: 19.838ms
Total time: 202.854ms
  ✓ Compression successful (ratio: 1.03x)

[92/176] Processing: FSM_1_192_288.dat
oldbits = 1769472, newbits = 1816144, compressionratio = 0.974302, bpv = 32.844
Total compression time: 184.312ms
eps = 4.50356e-07, rmse = 3.54812e-07, psnr = 122.979
Total decompression time: 19.942ms
Total time: 204.294ms
  ✓ Compression successful (ratio: .97x)

[93/176] Processing: FSM_R_1_192_288.dat
oldbits = 1769472, newbits = 1536464, compressionratio = 1.15165, bpv = 27.7862
Total compression time: 162.801ms
eps = 2.79118e-06, rmse = 2.39732e-06, psnr = 106.385
Total decompression time: 19.501ms
Total time: 182.343ms
  ✓ Compression successful (ratio: 1.15x)

[94/176] Processing: FSM_U_1_192_288.dat
oldbits = 1769472, newbits = 1469008, compressionratio = 1.20454, bpv = 26.5663
Total compression time: 158.283ms
eps = 2.43508e-06, rmse = 2.3353e-06, psnr = 106.613
Total decompression time: 19.559ms
Total time: 177.898ms
  ✓ Compression successful (ratio: 1.20x)

[95/176] Processing: FSNO_1_192_288.dat
oldbits = 1769472, newbits = 1814160, compressionratio = 0.975367, bpv = 32.8082
Total compression time: 178.512ms
eps = 4.535e-07, rmse = 3.57285e-07, psnr = 122.919
Total decompression time: 20.491ms
Total time: 199.047ms
  ✓ Compression successful (ratio: .97x)

[96/176] Processing: FSR_1_192_288.dat
oldbits = 1769472, newbits = 1569040, compressionratio = 1.12774, bpv = 28.3753
Total compression time: 173.923ms
eps = 3.00568e-06, rmse = 2.36954e-06, psnr = 106.486
Total decompression time: 19.275ms
Total time: 193.244ms
  ✓ Compression successful (ratio: 1.12x)

[97/176] Processing: FSRND_1_192_288.dat
oldbits = 1769472, newbits = 1848784, compressionratio = 0.9571, bpv = 33.4343
Total compression time: 179.583ms
eps = 3.79071e-07, rmse = 2.98773e-07, psnr = 124.473
Total decompression time: 20.465ms
Total time: 200.094ms
  ✓ Compression successful (ratio: .95x)

[98/176] Processing: FSRNDLN_1_192_288.dat
oldbits = 1769472, newbits = 1717520, compressionratio = 1.03025, bpv = 31.0605
Total compression time: 185.503ms
eps = 9.04238e-07, rmse = 7.12853e-07, psnr = 116.919
Total decompression time: 20.056ms
Total time: 205.615ms
  ✓ Compression successful (ratio: 1.03x)

[99/176] Processing: FSRNI_1_192_288.dat
oldbits = 1769472, newbits = 1813328, compressionratio = 0.975815, bpv = 32.7931
Total compression time: 184.478ms
eps = 4.51082e-07, rmse = 3.55441e-07, psnr = 122.964
Total decompression time: 20.479ms
Total time: 204.998ms
  ✓ Compression successful (ratio: .97x)

[100/176] Processing: FSRVD_1_192_288.dat
oldbits = 1769472, newbits = 1812240, compressionratio = 0.9764, bpv = 32.7734
Total compression time: 182.968ms
eps = 4.52142e-07, rmse = 3.56344e-07, psnr = 122.942
Total decompression time: 20.11ms
Total time: 203.115ms
  ✓ Compression successful (ratio: .97x)

[101/176] Processing: FSRVDLN_1_192_288.dat
oldbits = 1769472, newbits = 1718416, compressionratio = 1.02971, bpv = 31.0767
Total compression time: 176.985ms
eps = 9.04724e-07, rmse = 7.13164e-07, psnr = 116.916
Total decompression time: 19.785ms
Total time: 196.809ms
  ✓ Compression successful (ratio: 1.02x)

[102/176] Processing: FSRVI_1_192_288.dat
oldbits = 1769472, newbits = 1720336, compressionratio = 1.02856, bpv = 31.1114
Total compression time: 192.126ms
eps = 9.06452e-07, rmse = 7.1433e-07, psnr = 116.901
Total decompression time: 20.898ms
Total time: 213.068ms
  ✓ Compression successful (ratio: 1.02x)

[103/176] Processing: GC_HEAT1_1_192_288.dat
oldbits = 1769472, newbits = 1796816, compressionratio = 0.984782, bpv = 32.4945
Total compression time: 187.059ms
eps = 4.52229e-07, rmse = 3.57771e-07, psnr = 122.907
Total decompression time: 20.598ms
Total time: 207.71ms
  ✓ Compression successful (ratio: .98x)

[104/176] Processing: GC_HEAT2_1_192_288.dat
oldbits = 1769472, newbits = 1804112, compressionratio = 0.980799, bpv = 32.6264
Total compression time: 328.534ms
eps = 4.41784e-07, rmse = 3.48051e-07, psnr = 123.147
Total decompression time: 21.538ms
Total time: 350.122ms
  ✓ Compression successful (ratio: .98x)

[105/176] Processing: GC_ICE1_1_192_288.dat
oldbits = 1769472, newbits = 1569936, compressionratio = 1.1271, bpv = 28.3915
Total compression time: 171.511ms
eps = 3.01233e-06, rmse = 2.37779e-06, psnr = 106.456
Total decompression time: 19.732ms
Total time: 191.288ms
  ✓ Compression successful (ratio: 1.12x)

[106/176] Processing: GC_ICE2_1_192_288.dat
oldbits = 1769472, newbits = 1804112, compressionratio = 0.980799, bpv = 32.6264
Total compression time: 177.555ms
eps = 4.41784e-07, rmse = 3.48051e-07, psnr = 123.147
Total decompression time: 19.985ms
Total time: 197.579ms
  ✓ Compression successful (ratio: .98x)

[107/176] Processing: GC_LIQ1_1_192_288.dat
oldbits = 1769472, newbits = 1789776, compressionratio = 0.988656, bpv = 32.3672
Total compression time: 179.807ms
eps = 4.49488e-07, rmse = 3.57014e-07, psnr = 122.926
Total decompression time: 20.777ms
Total time: 200.625ms
  ✓ Compression successful (ratio: .98x)

[108/176] Processing: GC_LIQ2_1_192_288.dat
oldbits = 1769472, newbits = 1804112, compressionratio = 0.980799, bpv = 32.6264
Total compression time: 315.524ms
eps = 4.41784e-07, rmse = 3.48051e-07, psnr = 123.147
Total decompression time: 20.498ms
Total time: 336.083ms
  ✓ Compression successful (ratio: .98x)

[109/176] Processing: GPP_1_192_288.dat
oldbits = 1769472, newbits = 1748112, compressionratio = 1.01222, bpv = 31.6137
Total compression time: 177.701ms
eps = 7.34469e-07, rmse = 5.78638e-07, psnr = 118.731
Total decompression time: 19.919ms
Total time: 197.658ms
  ✓ Compression successful (ratio: 1.01x)

[110/176] Processing: GR_1_192_288.dat
oldbits = 1769472, newbits = 1748816, compressionratio = 1.01181, bpv = 31.6264
Total compression time: 178.862ms
eps = 7.32501e-07, rmse = 5.77087e-07, psnr = 118.755
Total decompression time: 20.029ms
Total time: 198.951ms
  ✓ Compression successful (ratio: 1.01x)

[111/176] Processing: GROSS_NMIN_1_192_288.dat
oldbits = 1769472, newbits = 1803344, compressionratio = 0.981217, bpv = 32.6126
Total compression time: 385.595ms
eps = 4.41114e-07, rmse = 3.47523e-07, psnr = 123.16
Total decompression time: 47.667ms
Total time: 433.342ms
  ✓ Compression successful (ratio: .98x)

[112/176] Processing: H2OCAN_1_192_288.dat
oldbits = 1769472, newbits = 1717200, compressionratio = 1.03044, bpv = 31.0547
Total compression time: 176.665ms
eps = 8.79655e-07, rmse = 6.9302e-07, psnr = 117.164
Total decompression time: 19.837ms
Total time: 196.544ms
  ✓ Compression successful (ratio: 1.03x)

[113/176] Processing: H2OSNO_1_192_288.dat
oldbits = 1769472, newbits = 1721680, compressionratio = 1.02776, bpv = 31.1357
Total compression time: 181.971ms
eps = 9.06667e-07, rmse = 7.14884e-07, psnr = 116.895
Total decompression time: 19.844ms
Total time: 201.853ms
  ✓ Compression successful (ratio: 1.02x)

[114/176] Processing: H2OSNO_TOP_1_192_288.dat
oldbits = 1769472, newbits = 1721360, compressionratio = 1.02795, bpv = 31.1299
Total compression time: 183.647ms
eps = 9.06559e-07, rmse = 7.14241e-07, psnr = 116.903
Total decompression time: 21.044ms
Total time: 204.748ms
  ✓ Compression successful (ratio: 1.02x)

[115/176] Processing: HC_1_192_288.dat
oldbits = 1769472, newbits = 1707856, compressionratio = 1.03608, bpv = 30.8857
Total compression time: 270.931ms
eps = 8.96683e-07, rmse = 7.08452e-07, psnr = 116.973
Total decompression time: 58.568ms
Total time: 329.556ms
  ✓ Compression successful (ratio: 1.03x)

[116/176] Processing: HCSOI_1_192_288.dat
oldbits = 1769472, newbits = 1895248, compressionratio = 0.933636, bpv = 34.2746
Total compression time: 184.613ms
eps = 2.26637e-07, rmse = 1.79056e-07, psnr = 128.92
Total decompression time: 20.918ms
Total time: 205.586ms
  ✓ Compression successful (ratio: .93x)

[117/176] Processing: HEAT_FROM_AC_1_192_288.dat
oldbits = 1769472, newbits = 1896080, compressionratio = 0.933226, bpv = 34.2896
Total compression time: 179.681ms
eps = 2.21597e-07, rmse = 1.74581e-07, psnr = 129.139
Total decompression time: 20.396ms
Total time: 200.116ms
  ✓ Compression successful (ratio: .93x)

[118/176] Processing: HR_1_192_288.dat
oldbits = 1769472, newbits = 1748112, compressionratio = 1.01222, bpv = 31.6137
Total compression time: 173.428ms
eps = 7.36565e-07, rmse = 5.80289e-07, psnr = 118.707
Total decompression time: 20.126ms
Total time: 193.593ms
  ✓ Compression successful (ratio: 1.01x)

[119/176] Processing: HTOP_1_192_288.dat
oldbits = 1769472, newbits = 1714960, compressionratio = 1.03179, bpv = 31.0142
Total compression time: 172.993ms
eps = 8.81531e-07, rmse = 6.94569e-07, psnr = 117.145
Total decompression time: 20.035ms
Total time: 193.065ms
  ✓ Compression successful (ratio: 1.03x)

[120/176] Processing: LAISHA_1_192_288.dat
oldbits = 1769472, newbits = 1846544, compressionratio = 0.958261, bpv = 33.3938
Total compression time: 181.439ms
eps = 3.66805e-07, rmse = 2.88992e-07, psnr = 124.762
Total decompression time: 20.191ms
Total time: 201.675ms
  ✓ Compression successful (ratio: .95x)

[121/176] Processing: LAISUN_1_192_288.dat
oldbits = 1769472, newbits = 1809808, compressionratio = 0.977713, bpv = 32.7295
Total compression time: 179.041ms
eps = 4.40182e-07, rmse = 3.46789e-07, psnr = 123.178
Total decompression time: 20.141ms
Total time: 199.225ms
  ✓ Compression successful (ratio: .97x)

[122/176] Processing: landfrac_192_288.dat
oldbits = 1769472, newbits = 1813776, compressionratio = 0.975574, bpv = 32.8012
Total compression time: 183.199ms
eps = 4.50891e-07, rmse = 3.55233e-07, psnr = 122.969
Total decompression time: 20.394ms
Total time: 203.633ms
  ✓ Compression successful (ratio: .97x)

[123/176] Processing: latixy_192_288.dat
oldbits = 1769472, newbits = 1560464, compressionratio = 1.13394, bpv = 28.2202
Total compression time: 172.748ms
eps = 3.02184e-06, rmse = 2.38259e-06, psnr = 106.438
Total decompression time: 19.572ms
Total time: 192.365ms
  ✓ Compression successful (ratio: 1.13x)

[124/176] Processing: latixyatm_192_288.dat
oldbits = 1769472, newbits = 1216912, compressionratio = 1.45407, bpv = 22.0072
Total compression time: 141.35ms
eps = 2.79564e-06, rmse = 2.38325e-06, psnr = 106.436
Total decompression time: 19.334ms
Total time: 160.726ms
  ✓ Compression successful (ratio: 1.45x)

[125/176] Processing: LEAFC_1_192_288.dat
oldbits = 1769472, newbits = 1842576, compressionratio = 0.960325, bpv = 33.322
Total compression time: 175.502ms
eps = 3.67235e-07, rmse = 2.8946e-07, psnr = 124.748
Total decompression time: 20.418ms
Total time: 195.962ms
  ✓ Compression successful (ratio: .96x)

[126/176] Processing: LEAFC_ALLOC_1_192_288.dat
oldbits = 1769472, newbits = 1563024, compressionratio = 1.13208, bpv = 28.2665
Total compression time: 170.809ms
eps = 2.92213e-06, rmse = 2.30215e-06, psnr = 106.737
Total decompression time: 19.725ms
Total time: 190.579ms
  ✓ Compression successful (ratio: 1.13x)

[127/176] Processing: LEAFC_LOSS_1_192_288.dat
oldbits = 1769472, newbits = 1711952, compressionratio = 1.0336, bpv = 30.9598
Total compression time: 177.173ms
eps = 8.81988e-07, rmse = 6.94857e-07, psnr = 117.141
Total decompression time: 20.049ms
Total time: 197.262ms
  ✓ Compression successful (ratio: 1.03x)

[128/176] Processing: LEAFN_1_192_288.dat
oldbits = 1769472, newbits = 1715280, compressionratio = 1.03159, bpv = 31.02
Total compression time: 176.784ms
eps = 8.87474e-07, rmse = 6.99225e-07, psnr = 117.087
Total decompression time: 19.981ms
Total time: 196.823ms
  ✓ Compression successful (ratio: 1.03x)

[129/176] Processing: LITFALL_1_192_288.dat
oldbits = 1769472, newbits = 1711952, compressionratio = 1.0336, bpv = 30.9598
Total compression time: 179.181ms
eps = 8.82634e-07, rmse = 6.95367e-07, psnr = 117.135
Total decompression time: 20.108ms
Total time: 199.331ms
  ✓ Compression successful (ratio: 1.03x)

[130/176] Processing: LITHR_1_192_288.dat
oldbits = 1769472, newbits = 1712016, compressionratio = 1.03356, bpv = 30.9609
Total compression time: 176.413ms
eps = 8.85536e-07, rmse = 6.97653e-07, psnr = 117.107
Total decompression time: 19.819ms
Total time: 196.275ms
  ✓ Compression successful (ratio: 1.03x)

[131/176] Processing: LITR1C_1_192_288.dat
oldbits = 1769472, newbits = 1810064, compressionratio = 0.977574, bpv = 32.7341
Total compression time: 181.782ms
eps = 4.43471e-07, rmse = 3.49393e-07, psnr = 123.113
Total decompression time: 49.492ms
Total time: 231.351ms
  ✓ Compression successful (ratio: .97x)

[132/176] Processing: LITR1C_TO_SOIL1C_1_192_288.dat
oldbits = 1769472, newbits = 1804112, compressionratio = 0.980799, bpv = 32.6264
Total compression time: 177.227ms
eps = 4.41378e-07, rmse = 3.47731e-07, psnr = 123.155
Total decompression time: 21.198ms
Total time: 198.483ms
  ✓ Compression successful (ratio: .98x)

[133/176] Processing: LITR1N_1_192_288.dat
oldbits = 1769472, newbits = 1717520, compressionratio = 1.03025, bpv = 31.0605
Total compression time: 174.701ms
eps = 8.82104e-07, rmse = 6.94949e-07, psnr = 117.14
Total decompression time: 20.033ms
Total time: 194.775ms
  ✓ Compression successful (ratio: 1.03x)

[134/176] Processing: LITR2C_1_192_288.dat
oldbits = 1769472, newbits = 1715024, compressionratio = 1.03175, bpv = 31.0153
Total compression time: 180.081ms
eps = 8.8585e-07, rmse = 6.98076e-07, psnr = 117.101
Total decompression time: 19.923ms
Total time: 200.05ms
  ✓ Compression successful (ratio: 1.03x)

[135/176] Processing: LITR2C_TO_SOIL2C_1_192_288.dat
oldbits = 1769472, newbits = 1563984, compressionratio = 1.13139, bpv = 28.2839
Total compression time: 164.423ms
eps = 2.91749e-06, rmse = 2.29849e-06, psnr = 106.751
Total decompression time: 19.585ms
Total time: 184.068ms
  ✓ Compression successful (ratio: 1.13x)

[136/176] Processing: LITR2N_1_192_288.dat
oldbits = 1769472, newbits = 1754192, compressionratio = 1.00871, bpv = 31.7237
Total compression time: 189.3ms
eps = 7.2662e-07, rmse = 5.72458e-07, psnr = 118.825
Total decompression time: 20.344ms
Total time: 209.688ms
  ✓ Compression successful (ratio: 1.00x)

[137/176] Processing: LITR3C_1_192_288.dat
oldbits = 1769472, newbits = 1806992, compressionratio = 0.979236, bpv = 32.6785
Total compression time: 174.761ms
eps = 4.39977e-07, rmse = 3.46751e-07, psnr = 123.179
Total decompression time: 20.38ms
Total time: 195.18ms
  ✓ Compression successful (ratio: .97x)

[138/176] Processing: LITR3C_TO_SOIL3C_1_192_288.dat
oldbits = 1769472, newbits = 1711952, compressionratio = 1.0336, bpv = 30.9598
Total compression time: 177.544ms
eps = 8.83271e-07, rmse = 6.95868e-07, psnr = 117.129
Total decompression time: 19.557ms
Total time: 197.157ms
  ✓ Compression successful (ratio: 1.03x)

[139/176] Processing: LITR3N_1_192_288.dat
oldbits = 1769472, newbits = 1716688, compressionratio = 1.03075, bpv = 31.0454
Total compression time: 176.687ms
eps = 8.8315e-07, rmse = 6.95781e-07, psnr = 117.13
Total decompression time: 19.916ms
Total time: 196.648ms
  ✓ Compression successful (ratio: 1.03x)

[140/176] Processing: LITTERC_1_192_288.dat
oldbits = 1769472, newbits = 1713360, compressionratio = 1.03275, bpv = 30.9852
Total compression time: 184.49ms
eps = 8.80251e-07, rmse = 6.93796e-07, psnr = 117.155
Total decompression time: 20.209ms
Total time: 204.741ms
  ✓ Compression successful (ratio: 1.03x)

[141/176] Processing: LITTERC_HR_1_192_288.dat
oldbits = 1769472, newbits = 1712016, compressionratio = 1.03356, bpv = 30.9609
Total compression time: 176.485ms
eps = 8.85536e-07, rmse = 6.97653e-07, psnr = 117.107
Total decompression time: 19.851ms
Total time: 196.384ms
  ✓ Compression successful (ratio: 1.03x)

[142/176] Processing: LITTERC_LOSS_1_192_288.dat
oldbits = 1769472, newbits = 1711952, compressionratio = 1.0336, bpv = 30.9598
Total compression time: 176.368ms
eps = 8.8733e-07, rmse = 6.99066e-07, psnr = 117.089
Total decompression time: 20.37ms
Total time: 196.779ms
  ✓ Compression successful (ratio: 1.03x)

[143/176] Processing: LIVECROOTC_1_192_288.dat
oldbits = 1769472, newbits = 1752848, compressionratio = 1.00948, bpv = 31.6994
Total compression time: 178.32ms
eps = 7.32727e-07, rmse = 5.773e-07, psnr = 118.751
Total decompression time: 20.462ms
Total time: 198.818ms
  ✓ Compression successful (ratio: 1.00x)

[144/176] Processing: LIVECROOTN_1_192_288.dat
oldbits = 1769472, newbits = 1810640, compressionratio = 0.977263, bpv = 32.7445
Total compression time: 181.381ms
eps = 4.40898e-07, rmse = 3.47353e-07, psnr = 123.164
Total decompression time: 20.197ms
Total time: 201.621ms
  ✓ Compression successful (ratio: .97x)

[145/176] Processing: LIVESTEMC_1_192_288.dat
oldbits = 1769472, newbits = 1714640, compressionratio = 1.03198, bpv = 31.0084
Total compression time: 174.547ms
eps = 8.85494e-07, rmse = 6.97714e-07, psnr = 117.106
Total decompression time: 19.743ms
Total time: 194.332ms
  ✓ Compression successful (ratio: 1.03x)

[146/176] Processing: LIVESTEMN_1_192_288.dat
oldbits = 1769472, newbits = 1754512, compressionratio = 1.00853, bpv = 31.7295
Total compression time: 175.224ms
eps = 7.31715e-07, rmse = 5.7647e-07, psnr = 118.764
Total decompression time: 20.726ms
Total time: 195.995ms
  ✓ Compression successful (ratio: 1.00x)

[147/176] Processing: longxy_192_288.dat
oldbits = 1769472, newbits = 1715792, compressionratio = 1.03129, bpv = 31.0292
Total compression time: 333.612ms
eps = 8.9946e-07, rmse = 7.09355e-07, psnr = 116.962
Total decompression time: 40.449ms
Total time: 374.134ms
  ✓ Compression successful (ratio: 1.03x)

[148/176] Processing: longxyatm_192_288.dat
oldbits = 1769472, newbits = 1772304, compressionratio = 0.998402, bpv = 32.0512
Total compression time: 176.671ms
eps = 1.06416e-06, rmse = 5.36785e-07, psnr = 119.383
Total decompression time: 21.959ms
Total time: 198.67ms
  ✓ Compression successful (ratio: .99x)

[149/176] Processing: MEAN_FIRE_PROB_1_192_288.dat
oldbits = 1769472, newbits = 1536848, compressionratio = 1.15136, bpv = 27.7931
Total compression time: 166.337ms
eps = 2.75706e-06, rmse = 2.368e-06, psnr = 106.492
Total decompression time: 19.277ms
Total time: 185.655ms
  ✓ Compression successful (ratio: 1.15x)

[150/176] Processing: MR_1_192_288.dat
oldbits = 1769472, newbits = 1712016, compressionratio = 1.03356, bpv = 30.9609
Total compression time: 173.034ms
eps = 8.85292e-07, rmse = 6.97461e-07, psnr = 117.109
Total decompression time: 20.047ms
Total time: 193.124ms
  ✓ Compression successful (ratio: 1.03x)

[151/176] Processing: NBP_1_192_288.dat
oldbits = 1769472, newbits = 1711952, compressionratio = 1.0336, bpv = 30.9598
Total compression time: 182.71ms
eps = 8.82953e-07, rmse = 6.95618e-07, psnr = 117.132
Total decompression time: 20.359ms
Total time: 203.114ms
  ✓ Compression successful (ratio: 1.03x)

[152/176] Processing: NDEPLOY_1_192_288.dat
oldbits = 1769472, newbits = 1748816, compressionratio = 1.01181, bpv = 31.6264
Total compression time: 182.371ms
eps = 7.32016e-07, rmse = 5.76705e-07, psnr = 118.76
Total decompression time: 20.739ms
Total time: 203.153ms
  ✓ Compression successful (ratio: 1.01x)

[153/176] Processing: NDEP_TO_SMINN_1_192_288.dat
oldbits = 1769472, newbits = 1804112, compressionratio = 0.980799, bpv = 32.6264
Total compression time: 177.746ms
eps = 4.41784e-07, rmse = 3.48051e-07, psnr = 123.147
Total decompression time: 20.382ms
Total time: 198.167ms
  ✓ Compression successful (ratio: .98x)

[154/176] Processing: NEE_1_192_288.dat
oldbits = 1769472, newbits = 1748880, compressionratio = 1.01177, bpv = 31.6276
Total compression time: 186.774ms
eps = 7.37534e-07, rmse = 5.81052e-07, psnr = 118.695
Total decompression time: 20.951ms
Total time: 207.77ms
  ✓ Compression successful (ratio: 1.01x)

[155/176] Processing: NEP_1_192_288.dat
oldbits = 1769472, newbits = 1711952, compressionratio = 1.0336, bpv = 30.9598
Total compression time: 179.855ms
eps = 8.80988e-07, rmse = 6.94069e-07, psnr = 117.151
Total decompression time: 20.1ms
Total time: 199.995ms
  ✓ Compression successful (ratio: 1.03x)

[156/176] Processing: NET_NMIN_1_192_288.dat
oldbits = 1769472, newbits = 1748816, compressionratio = 1.01181, bpv = 31.6264
Total compression time: 172.954ms
eps = 7.31562e-07, rmse = 5.76348e-07, psnr = 118.766
Total decompression time: 19.883ms
Total time: 192.875ms
  ✓ Compression successful (ratio: 1.01x)

[157/176] Processing: NFIX_TO_SMINN_1_192_288.dat
oldbits = 1769472, newbits = 1804112, compressionratio = 0.980799, bpv = 32.6264
Total compression time: 176.948ms
eps = 4.41784e-07, rmse = 3.48051e-07, psnr = 123.147
Total decompression time: 20.434ms
Total time: 197.425ms
  ✓ Compression successful (ratio: .98x)

[158/176] Processing: NPP_1_192_288.dat
oldbits = 1769472, newbits = 1711952, compressionratio = 1.0336, bpv = 30.9598
Total compression time: 180.054ms
eps = 8.85089e-07, rmse = 6.97301e-07, psnr = 117.111
Total decompression time: 20.279ms
Total time: 200.375ms
  ✓ Compression successful (ratio: 1.03x)

[159/176] Processing: OCDEP_1_192_288.dat
oldbits = 1769472, newbits = 1804112, compressionratio = 0.980799, bpv = 32.6264
Total compression time: 177.771ms
eps = 4.41784e-07, rmse = 3.48051e-07, psnr = 123.147
Total decompression time: 20.122ms
Total time: 197.942ms
  ✓ Compression successful (ratio: .98x)

[160/176] Processing: PBOT_1_192_288.dat
oldbits = 1769472, newbits = 1796368, compressionratio = 0.985028, bpv = 32.4864
Total compression time: 194.903ms
eps = 4.51293e-07, rmse = 3.57256e-07, psnr = 122.92
Total decompression time: 20.738ms
Total time: 215.682ms
  ✓ Compression successful (ratio: .98x)

[161/176] Processing: PCO2_1_192_288.dat
oldbits = 1769472, newbits = 1715600, compressionratio = 1.0314, bpv = 31.0258
Total compression time: 183.126ms
eps = 9.02559e-07, rmse = 7.11514e-07, psnr = 116.936
Total decompression time: 20.136ms
Total time: 203.302ms
  ✓ Compression successful (ratio: 1.03x)

[162/176] Processing: PFT_CTRUNC_1_192_288.dat
oldbits = 1769472, newbits = 1711952, compressionratio = 1.0336, bpv = 30.9598
Total compression time: 174.12ms
eps = 8.76539e-07, rmse = 6.90565e-07, psnr = 117.195
Total decompression time: 19.994ms
Total time: 194.156ms
  ✓ Compression successful (ratio: 1.03x)

[163/176] Processing: PFT_FIRE_CLOSS_1_192_288.dat
oldbits = 1769472, newbits = 1711952, compressionratio = 1.0336, bpv = 30.9598
Total compression time: 180.386ms
eps = 8.82912e-07, rmse = 6.95586e-07, psnr = 117.132
Total decompression time: 20.482ms
Total time: 200.912ms
  ✓ Compression successful (ratio: 1.03x)

[164/176] Processing: PFT_FIRE_NLOSS_1_192_288.dat
oldbits = 1769472, newbits = 1804112, compressionratio = 0.980799, bpv = 32.6264
Total compression time: 174.586ms
eps = 4.41853e-07, rmse = 3.48106e-07, psnr = 123.145
Total decompression time: 20.669ms
Total time: 195.296ms
  ✓ Compression successful (ratio: .98x)

[165/176] Processing: PFT_NTRUNC_1_192_288.dat
oldbits = 1769472, newbits = 1712016, compressionratio = 1.03356, bpv = 30.9609
Total compression time: 177.086ms
eps = 8.80325e-07, rmse = 6.93548e-07, psnr = 117.158
Total decompression time: 19.805ms
Total time: 196.93ms
  ✓ Compression successful (ratio: 1.03x)

[166/176] Processing: PLANT_NDEMAND_1_192_288.dat
oldbits = 1769472, newbits = 1563024, compressionratio = 1.13208, bpv = 28.2665
Total compression time: 169.343ms
eps = 2.91626e-06, rmse = 2.29752e-06, psnr = 106.754
Total decompression time: 19.591ms
Total time: 188.976ms
  ✓ Compression successful (ratio: 1.13x)

[167/176] Processing: POTENTIAL_IMMOB_1_192_288.dat
oldbits = 1769472, newbits = 1563024, compressionratio = 1.13208, bpv = 28.2665
Total compression time: 169.666ms
eps = 2.91656e-06, rmse = 2.29776e-06, psnr = 106.753
Total decompression time: 19.693ms
Total time: 189.403ms
  ✓ Compression successful (ratio: 1.13x)

[168/176] Processing: PROD100C_1_192_288.dat
oldbits = 1769472, newbits = 1804112, compressionratio = 0.980799, bpv = 32.6264
Total compression time: 177.116ms
eps = 4.41784e-07, rmse = 3.48051e-07, psnr = 123.147
Total decompression time: 19.959ms
Total time: 197.114ms
  ✓ Compression successful (ratio: .98x)

[169/176] Processing: PROD100C_LOSS_1_192_288.dat
oldbits = 1769472, newbits = 1804112, compressionratio = 0.980799, bpv = 32.6264
Total compression time: 173.817ms
eps = 4.41784e-07, rmse = 3.48051e-07, psnr = 123.147
Total decompression time: 20.212ms
Total time: 194.067ms
  ✓ Compression successful (ratio: .98x)

[170/176] Processing: PROD100N_1_192_288.dat
oldbits = 1769472, newbits = 1804112, compressionratio = 0.980799, bpv = 32.6264
Total compression time: 180.044ms
eps = 4.41784e-07, rmse = 3.48051e-07, psnr = 123.147
Total decompression time: 20.442ms
Total time: 200.529ms
  ✓ Compression successful (ratio: .98x)

[171/176] Processing: PROD100N_LOSS_1_192_288.dat
oldbits = 1769472, newbits = 1804112, compressionratio = 0.980799, bpv = 32.6264
Total compression time: 177.089ms
eps = 4.41784e-07, rmse = 3.48051e-07, psnr = 123.147
Total decompression time: 20.501ms
Total time: 197.631ms
  ✓ Compression successful (ratio: .98x)

[172/176] Processing: PROD10C_1_192_288.dat
oldbits = 1769472, newbits = 1804112, compressionratio = 0.980799, bpv = 32.6264
Total compression time: 347.678ms
eps = 4.41784e-07, rmse = 3.48051e-07, psnr = 123.147
Total decompression time: 21.566ms
Total time: 369.31ms
  ✓ Compression successful (ratio: .98x)

[173/176] Processing: PROD10C_LOSS_1_192_288.dat
oldbits = 1769472, newbits = 1804112, compressionratio = 0.980799, bpv = 32.6264
Total compression time: 209.145ms
eps = 4.41784e-07, rmse = 3.48051e-07, psnr = 123.147
Total decompression time: 25.009ms
Total time: 234.2ms
  ✓ Compression successful (ratio: .98x)

[174/176] Processing: PROD10N_1_192_288.dat
oldbits = 1769472, newbits = 1804112, compressionratio = 0.980799, bpv = 32.6264
Total compression time: 178.292ms
eps = 4.41784e-07, rmse = 3.48051e-07, psnr = 123.147
Total decompression time: 20.136ms
Total time: 198.467ms
  ✓ Compression successful (ratio: .98x)

[175/176] Processing: topo_192_288.dat
oldbits = 1769472, newbits = 1804112, compressionratio = 0.980799, bpv = 32.6264
Total compression time: 174.427ms
eps = 4.41784e-07, rmse = 3.48051e-07, psnr = 123.147
Total decompression time: 20.518ms
Total time: 194.987ms
  ✓ Compression successful (ratio: .98x)

[176/176] Processing: topodnsc_192_288.dat
oldbits = 1769472, newbits = 1804112, compressionratio = 0.980799, bpv = 32.6264
Total compression time: 182.662ms
eps = 4.41784e-07, rmse = 3.48051e-07, psnr = 123.147
Total decompression time: 20.86ms
Total time: 203.566ms
  ✓ Compression successful (ratio: .98x)

=== Summary ===
Total files processed: 176
Total files skipped: 0
Total files failed: 0

