Input directory: ../../CESM-OCEAN-MODELS/4/log_normalized
Output directory: ../../CESM-OCEAN-MODELS/4/log_normalized/tthresh_1E-7
Dimensions: 384x320
Error bound: 0.0000001

Found 54 .dat file(s) to process

[1/54] Processing: ADVS_1_384_320.dat
oldbits = 3932160, newbits = 3027472, compressionratio = 1.29883, bpv = 24.6376
Total compression time: 361.559ms
eps = 3.46397e-05, rmse = 1.89224e-05, psnr = 88.4399
Total decompression time: 41.34ms
Total time: 402.937ms
  ✓ Compression successful (ratio: 1.29x)

[2/54] Processing: ADVS_ISOP_1_384_320.dat
oldbits = 3932160, newbits = 3462480, compressionratio = 1.13565, bpv = 28.1777
Total compression time: 378.191ms
eps = 8.65278e-06, rmse = 4.7267e-06, psnr = 100.488
Total decompression time: 45.256ms
Total time: 423.48ms
  ✓ Compression successful (ratio: 1.13x)

[3/54] Processing: ADVS_SUBM_1_384_320.dat
oldbits = 3932160, newbits = 3561296, compressionratio = 1.10414, bpv = 28.9819
Total compression time: 380.101ms
eps = 8.10918e-06, rmse = 4.42976e-06, psnr = 101.052
Total decompression time: 41.803ms
Total time: 421.934ms
  ✓ Compression successful (ratio: 1.10x)

[4/54] Processing: ADVT_1_384_320.dat
oldbits = 3932160, newbits = 3085968, compressionratio = 1.27421, bpv = 25.1137
Total compression time: 365.48ms
eps = 3.51206e-05, rmse = 1.91852e-05, psnr = 88.3201
Total decompression time: 42.732ms
Total time: 408.25ms
  ✓ Compression successful (ratio: 1.27x)

[5/54] Processing: ADVT_ISOP_1_384_320.dat
oldbits = 3932160, newbits = 3416080, compressionratio = 1.15107, bpv = 27.8001
Total compression time: 403.731ms
eps = 1.64342e-05, rmse = 8.97745e-06, psnr = 94.9163
Total decompression time: 44.819ms
Total time: 448.584ms
  ✓ Compression successful (ratio: 1.15x)

[6/54] Processing: ADVT_SUBM_1_384_320.dat
oldbits = 3932160, newbits = 3383248, compressionratio = 1.16224, bpv = 27.5329
Total compression time: 386.509ms
eps = 1.63085e-05, rmse = 8.90876e-06, psnr = 94.9831
Total decompression time: 41.849ms
Total time: 428.389ms
  ✓ Compression successful (ratio: 1.16x)

[7/54] Processing: BSF_1_384_320.dat
oldbits = 3932160, newbits = 3371088, compressionratio = 1.16644, bpv = 27.434
Total compression time: 397.526ms
eps = 1.75381e-05, rmse = 9.20714e-06, psnr = 94.6969
Total decompression time: 45.313ms
Total time: 442.894ms
  ✓ Compression successful (ratio: 1.16x)

[8/54] Processing: DIA_DEPTH_1_384_320.dat
oldbits = 3932160, newbits = 3190096, compressionratio = 1.23261, bpv = 25.9611
Total compression time: 358.659ms
eps = 2.16027e-05, rmse = 1.19291e-05, psnr = 92.4472
Total decompression time: 43.186ms
Total time: 401.88ms
  ✓ Compression successful (ratio: 1.23x)

[9/54] Processing: dTEMP_NEG_2D_1_384_320.dat
oldbits = 3932160, newbits = 3414160, compressionratio = 1.15172, bpv = 27.7845
Total compression time: 392.664ms
eps = 1.69578e-05, rmse = 9.2649e-06, psnr = 94.6426
Total decompression time: 44.95ms
Total time: 437.65ms
  ✓ Compression successful (ratio: 1.15x)

[10/54] Processing: dTEMP_POS_2D_1_384_320.dat
oldbits = 3932160, newbits = 3646992, compressionratio = 1.07819, bpv = 29.6793
Total compression time: 395.129ms
eps = 8.36873e-06, rmse = 4.57155e-06, psnr = 100.778
Total decompression time: 46.898ms
Total time: 442.068ms
  ✓ Compression successful (ratio: 1.07x)

[11/54] Processing: EVAP_F_1_384_320.dat
oldbits = 3932160, newbits = 3462480, compressionratio = 1.13565, bpv = 28.1777
Total compression time: 381.076ms
eps = 8.67304e-06, rmse = 4.73777e-06, psnr = 100.468
Total decompression time: 41.537ms
Total time: 422.654ms
  ✓ Compression successful (ratio: 1.13x)

[12/54] Processing: FW_1_384_320.dat
oldbits = 3932160, newbits = 3027472, compressionratio = 1.29883, bpv = 24.6376
Total compression time: 364.129ms
eps = 3.46372e-05, rmse = 1.89211e-05, psnr = 88.4405
Total decompression time: 41.594ms
Total time: 405.765ms
  ✓ Compression successful (ratio: 1.29x)

[13/54] Processing: HBLT_1_384_320.dat
oldbits = 3932160, newbits = 3868816, compressionratio = 1.01637, bpv = 31.4845
Total compression time: 394.132ms
eps = 2.72297e-06, rmse = 1.50201e-06, psnr = 110.446
Total decompression time: 43.714ms
Total time: 437.888ms
  ✓ Compression successful (ratio: 1.01x)

[14/54] Processing: HDIFS_1_384_320.dat
oldbits = 3932160, newbits = 3027536, compressionratio = 1.2988, bpv = 24.6382
Total compression time: 360.526ms
eps = 3.46403e-05, rmse = 1.89227e-05, psnr = 88.4397
Total decompression time: 40.807ms
Total time: 401.375ms
  ✓ Compression successful (ratio: 1.29x)

[15/54] Processing: HDIFT_1_384_320.dat
oldbits = 3932160, newbits = 3540432, compressionratio = 1.11064, bpv = 28.8121
Total compression time: 396.764ms
eps = 8.92963e-06, rmse = 4.87795e-06, psnr = 100.215
Total decompression time: 44.464ms
Total time: 441.264ms
  ✓ Compression successful (ratio: 1.11x)

[16/54] Processing: HLS_SUBM_1_384_320.dat
oldbits = 3932160, newbits = 3267664, compressionratio = 1.20336, bpv = 26.5923
Total compression time: 375.525ms
eps = 1.62251e-05, rmse = 8.9489e-06, psnr = 94.944
Total decompression time: 45.281ms
Total time: 420.86ms
  ✓ Compression successful (ratio: 1.20x)

[17/54] Processing: HMXL_1_384_320.dat
oldbits = 3932160, newbits = 3871184, compressionratio = 1.01575, bpv = 31.5038
Total compression time: 387.217ms
eps = 2.73277e-06, rmse = 1.50901e-06, psnr = 110.406
Total decompression time: 44.078ms
Total time: 431.332ms
  ✓ Compression successful (ratio: 1.01x)

[18/54] Processing: IFRAC_1_384_320.dat
oldbits = 3932160, newbits = 3405584, compressionratio = 1.15462, bpv = 27.7147
Total compression time: 393.391ms
eps = 1.6568e-05, rmse = 9.05054e-06, psnr = 94.8459
Total decompression time: 41.822ms
Total time: 435.253ms
  ✓ Compression successful (ratio: 1.15x)

[19/54] Processing: INT_DEPTH_1_384_320.dat
oldbits = 3932160, newbits = 3745488, compressionratio = 1.04984, bpv = 30.4809
Total compression time: 386.862ms
eps = 4.40447e-06, rmse = 2.43245e-06, psnr = 106.259
Total decompression time: 46.573ms
Total time: 433.475ms
  ✓ Compression successful (ratio: 1.04x)

[20/54] Processing: IOFF_F_1_384_320.dat
oldbits = 3932160, newbits = 3027536, compressionratio = 1.2988, bpv = 24.6382
Total compression time: 386.345ms
eps = 3.46493e-05, rmse = 1.89277e-05, psnr = 88.4375
Total decompression time: 44.143ms
Total time: 430.535ms
  ✓ Compression successful (ratio: 1.29x)

[21/54] Processing: LWDN_F_1_384_320.dat
oldbits = 3932160, newbits = 3997584, compressionratio = 0.983634, bpv = 32.5324
Total compression time: 432.416ms
eps = 2.07971e-06, rmse = 1.14215e-06, psnr = 112.825
Total decompression time: 49.991ms
Total time: 482.484ms
  ✓ Compression successful (ratio: .98x)

[22/54] Processing: LWUP_F_1_384_320.dat
oldbits = 3932160, newbits = 4126480, compressionratio = 0.952909, bpv = 33.5814
Total compression time: 394.943ms
eps = 1.88885e-06, rmse = 1.03491e-06, psnr = 113.681
Total decompression time: 46.217ms
Total time: 441.208ms
  ✓ Compression successful (ratio: .95x)

[23/54] Processing: MELT_F_1_384_320.dat
oldbits = 3932160, newbits = 3561360, compressionratio = 1.10412, bpv = 28.9824
Total compression time: 383.935ms
eps = 8.10137e-06, rmse = 4.42549e-06, psnr = 101.06
Total decompression time: 45.148ms
Total time: 429.124ms
  ✓ Compression successful (ratio: 1.10x)

[24/54] Processing: MELTH_F_1_384_320.dat
oldbits = 3932160, newbits = 3993872, compressionratio = 0.984548, bpv = 32.5022
Total compression time: 399.146ms
eps = 2.10508e-06, rmse = 1.15382e-06, psnr = 112.737
Total decompression time: 47.287ms
Total time: 446.475ms
  ✓ Compression successful (ratio: .98x)

[25/54] Processing: PREC_F_1_384_320.dat
oldbits = 3932160, newbits = 3027472, compressionratio = 1.29883, bpv = 24.6376
Total compression time: 372.498ms
eps = 3.46525e-05, rmse = 1.89294e-05, psnr = 88.4367
Total decompression time: 42.293ms
Total time: 414.846ms
  ✓ Compression successful (ratio: 1.29x)

[26/54] Processing: QFLUX_1_384_320.dat
oldbits = 3932160, newbits = 3678992, compressionratio = 1.06881, bpv = 29.9397
Total compression time: 390.449ms
eps = 4.31753e-06, rmse = 2.35857e-06, psnr = 106.526
Total decompression time: 42.457ms
Total time: 432.948ms
  ✓ Compression successful (ratio: 1.06x)

[27/54] Processing: QSW_HBL_1_384_320.dat
oldbits = 3932160, newbits = 3447120, compressionratio = 1.14071, bpv = 28.0527
Total compression time: 373.701ms
eps = 1.4994e-05, rmse = 8.22052e-06, psnr = 95.6814
Total decompression time: 46.911ms
Total time: 420.651ms
  ✓ Compression successful (ratio: 1.14x)

[28/54] Processing: QSW_HTP_1_384_320.dat
oldbits = 3932160, newbits = 3900304, compressionratio = 1.00817, bpv = 31.7408
Total compression time: 385.778ms
eps = 3.78062e-06, rmse = 2.07234e-06, psnr = 107.65
Total decompression time: 45.973ms
Total time: 431.794ms
  ✓ Compression successful (ratio: 1.00x)

[29/54] Processing: RESID_S_1_384_320.dat
oldbits = 3932160, newbits = 3027472, compressionratio = 1.29883, bpv = 24.6376
Total compression time: 380.372ms
eps = 3.46372e-05, rmse = 1.89211e-05, psnr = 88.4405
Total decompression time: 51.253ms
Total time: 431.662ms
  ✓ Compression successful (ratio: 1.29x)

[30/54] Processing: RESID_T_1_384_320.dat
oldbits = 3932160, newbits = 3027472, compressionratio = 1.29883, bpv = 24.6376
Total compression time: 365.777ms
eps = 3.46372e-05, rmse = 1.89211e-05, psnr = 88.4405
Total decompression time: 40.538ms
Total time: 406.357ms
  ✓ Compression successful (ratio: 1.29x)

[31/54] Processing: RHO_VINT_1_384_320.dat
oldbits = 3932160, newbits = 3650512, compressionratio = 1.07715, bpv = 29.7079
Total compression time: 397.663ms
eps = 5.43581e-06, rmse = 3.00706e-06, psnr = 104.417
Total decompression time: 43.51ms
Total time: 441.215ms
  ✓ Compression successful (ratio: 1.07x)

[32/54] Processing: ROFF_F_1_384_320.dat
oldbits = 3932160, newbits = 3027536, compressionratio = 1.2988, bpv = 24.6382
Total compression time: 360.69ms
eps = 3.4597e-05, rmse = 1.88991e-05, psnr = 88.4506
Total decompression time: 41.061ms
Total time: 401.788ms
  ✓ Compression successful (ratio: 1.29x)

[33/54] Processing: SALT_F_1_384_320.dat
oldbits = 3932160, newbits = 3027472, compressionratio = 1.29883, bpv = 24.6376
Total compression time: 367.898ms
eps = 3.46365e-05, rmse = 1.89207e-05, psnr = 88.4407
Total decompression time: 41.304ms
Total time: 409.271ms
  ✓ Compression successful (ratio: 1.29x)

[34/54] Processing: SENH_F_1_384_320.dat
oldbits = 3932160, newbits = 3769936, compressionratio = 1.04303, bpv = 30.6798
Total compression time: 383.466ms
eps = 4.12228e-06, rmse = 2.26351e-06, psnr = 106.884
Total decompression time: 46.097ms
Total time: 429.605ms
  ✓ Compression successful (ratio: 1.04x)

[35/54] Processing: SFWF_1_384_320.dat
oldbits = 3932160, newbits = 3462480, compressionratio = 1.13565, bpv = 28.1777
Total compression time: 395.883ms
eps = 8.68894e-06, rmse = 4.74646e-06, psnr = 100.452
Total decompression time: 41.975ms
Total time: 437.897ms
  ✓ Compression successful (ratio: 1.13x)

[36/54] Processing: SFWF_WRST_1_384_320.dat
oldbits = 3932160, newbits = 3027472, compressionratio = 1.29883, bpv = 24.6376
Total compression time: 362.445ms
eps = 3.46372e-05, rmse = 1.89211e-05, psnr = 88.4405
Total decompression time: 40.304ms
Total time: 402.786ms
  ✓ Compression successful (ratio: 1.29x)

[37/54] Processing: SHF_1_384_320.dat
oldbits = 3932160, newbits = 3868944, compressionratio = 1.01634, bpv = 31.4855
Total compression time: 394.748ms
eps = 2.69356e-06, rmse = 1.48235e-06, psnr = 110.56
Total decompression time: 44.383ms
Total time: 439.175ms
  ✓ Compression successful (ratio: 1.01x)

[38/54] Processing: SHF_QSW_1_384_320.dat
oldbits = 3932160, newbits = 4228560, compressionratio = 0.929905, bpv = 34.4121
Total compression time: 393.401ms
eps = 1.04977e-06, rmse = 5.75682e-07, psnr = 118.776
Total decompression time: 82.797ms
Total time: 476.243ms
  ✓ Compression successful (ratio: .92x)

[39/54] Processing: SNOW_F_1_384_320.dat
oldbits = 3932160, newbits = 3027536, compressionratio = 1.2988, bpv = 24.6382
Total compression time: 386.473ms
eps = 3.4643e-05, rmse = 1.89242e-05, psnr = 88.439
Total decompression time: 40.102ms
Total time: 426.615ms
  ✓ Compression successful (ratio: 1.29x)

[40/54] Processing: SSH_1_384_320.dat
oldbits = 3932160, newbits = 3774864, compressionratio = 1.04167, bpv = 30.7199
Total compression time: 395.014ms
eps = 4.25062e-06, rmse = 2.3325e-06, psnr = 106.623
Total decompression time: 45.552ms
Total time: 440.607ms
  ✓ Compression successful (ratio: 1.04x)

[41/54] Processing: SSH2_1_384_320.dat
oldbits = 3932160, newbits = 3645008, compressionratio = 1.07878, bpv = 29.6632
Total compression time: 490.363ms
eps = 5.43584e-06, rmse = 2.9984e-06, psnr = 104.442
Total decompression time: 43.71ms
Total time: 534.117ms
  ✓ Compression successful (ratio: 1.07x)

[42/54] Processing: SU_1_384_320.dat
oldbits = 3932160, newbits = 3454352, compressionratio = 1.13832, bpv = 28.1116
Total compression time: 393.271ms
eps = 8.90216e-06, rmse = 4.85728e-06, psnr = 100.252
Total decompression time: 43.975ms
Total time: 437.291ms
  ✓ Compression successful (ratio: 1.13x)

[43/54] Processing: SV_1_384_320.dat
oldbits = 3932160, newbits = 3000976, compressionratio = 1.31029, bpv = 24.422
Total compression time: 378.623ms
eps = 3.58089e-05, rmse = 1.95718e-05, psnr = 88.1468
Total decompression time: 42.932ms
Total time: 421.598ms
  ✓ Compression successful (ratio: 1.31x)

[44/54] Processing: TAUX_1_384_320.dat
oldbits = 3932160, newbits = 3376208, compressionratio = 1.16467, bpv = 27.4757
Total compression time: 371.194ms
eps = 1.7698e-05, rmse = 9.26282e-06, psnr = 94.6445
Total decompression time: 42.937ms
Total time: 414.181ms
  ✓ Compression successful (ratio: 1.16x)

[45/54] Processing: TAUX2_1_384_320.dat
oldbits = 3932160, newbits = 3386896, compressionratio = 1.16099, bpv = 27.5626
Total compression time: 363.09ms
eps = 1.74318e-05, rmse = 9.11824e-06, psnr = 94.7812
Total decompression time: 44.091ms
Total time: 407.221ms
  ✓ Compression successful (ratio: 1.16x)

[46/54] Processing: TAUY_1_384_320.dat
oldbits = 3932160, newbits = 3377616, compressionratio = 1.16418, bpv = 27.4871
Total compression time: 366.654ms
eps = 1.76525e-05, rmse = 9.23687e-06, psnr = 94.6689
Total decompression time: 42.546ms
Total time: 409.243ms
  ✓ Compression successful (ratio: 1.16x)

[47/54] Processing: TAUY2_1_384_320.dat
oldbits = 3932160, newbits = 3511184, compressionratio = 1.1199, bpv = 28.5741
Total compression time: 378.332ms
eps = 9.3329e-06, rmse = 4.88152e-06, psnr = 100.208
Total decompression time: 42.445ms
Total time: 420.82ms
  ✓ Compression successful (ratio: 1.11x)

[48/54] Processing: TBLT_1_384_320.dat
oldbits = 3932160, newbits = 3779728, compressionratio = 1.04033, bpv = 30.7595
Total compression time: 388.478ms
eps = 4.20862e-06, rmse = 2.31082e-06, psnr = 106.704
Total decompression time: 45.222ms
Total time: 433.737ms
  ✓ Compression successful (ratio: 1.04x)

[49/54] Processing: TFW_S_1_384_320.dat
oldbits = 3932160, newbits = 3027472, compressionratio = 1.29883, bpv = 24.6376
Total compression time: 382.082ms
eps = 3.46372e-05, rmse = 1.89211e-05, psnr = 88.4405
Total decompression time: 43.541ms
Total time: 425.677ms
  ✓ Compression successful (ratio: 1.29x)

[50/54] Processing: TFW_T_1_384_320.dat
oldbits = 3932160, newbits = 3027472, compressionratio = 1.29883, bpv = 24.6376
Total compression time: 373.6ms
eps = 3.46372e-05, rmse = 1.89211e-05, psnr = 88.4405
Total decompression time: 41.298ms
Total time: 414.94ms
  ✓ Compression successful (ratio: 1.29x)

[51/54] Processing: TLT_1_384_320.dat
oldbits = 3932160, newbits = 3876944, compressionratio = 1.01424, bpv = 31.5507
Total compression time: 399.451ms
eps = 2.72477e-06, rmse = 1.496e-06, psnr = 110.481
Total decompression time: 46.85ms
Total time: 446.339ms
  ✓ Compression successful (ratio: 1.01x)

[52/54] Processing: TMXL_1_384_320.dat
oldbits = 3932160, newbits = 3222480, compressionratio = 1.22023, bpv = 26.2246
Total compression time: 371.797ms
eps = 2.16761e-05, rmse = 1.1945e-05, psnr = 92.4357
Total decompression time: 42.449ms
Total time: 414.285ms
  ✓ Compression successful (ratio: 1.22x)

[53/54] Processing: XBLT_1_384_320.dat
oldbits = 3932160, newbits = 3516880, compressionratio = 1.11808, bpv = 28.6204
Total compression time: 399.431ms
eps = 8.80277e-06, rmse = 4.86378e-06, psnr = 100.24
Total decompression time: 43.472ms
Total time: 442.946ms
  ✓ Compression successful (ratio: 1.11x)

[54/54] Processing: XMXL_1_384_320.dat
oldbits = 3932160, newbits = 3643280, compressionratio = 1.07929, bpv = 29.6491
Total compression time: 402.392ms
eps = 5.44738e-06, rmse = 3.01047e-06, psnr = 104.407
Total decompression time: 46.972ms
Total time: 449.402ms
  ✓ Compression successful (ratio: 1.07x)

=== Summary ===
Total files processed: 54
Total files skipped: 0
Total files failed: 0

