Auto-detected decompressed suffix: .tthresh.out

Found 130 .dat file(s) to process

[1/130] Processing: aeroiceint001_1_384_320.dat
  False Negatives: 0
  False Positives: 53370
  False Types: 0
  Grand Total: 53370

[2/130] Processing: aeroiceint002_1_384_320.dat
  False Negatives: 0
  False Positives: 53370
  False Types: 0
  Grand Total: 53370

[3/130] Processing: aeroiceint003_1_384_320.dat
  False Negatives: 0
  False Positives: 53370
  False Types: 0
  Grand Total: 53370

[4/130] Processing: aeroicessl001_1_384_320.dat
  False Negatives: 0
  False Positives: 53370
  False Types: 0
  Grand Total: 53370

[5/130] Processing: aeroicessl002_1_384_320.dat
  False Negatives: 0
  False Positives: 53370
  False Types: 0
  Grand Total: 53370

[6/130] Processing: aeroicessl003_1_384_320.dat
  False Negatives: 0
  False Positives: 53370
  False Types: 0
  Grand Total: 53370

[7/130] Processing: aerosnoint001_1_384_320.dat
  False Negatives: 0
  False Positives: 53370
  False Types: 0
  Grand Total: 53370

[8/130] Processing: aerosnoint002_1_384_320.dat
  False Negatives: 0
  False Positives: 53370
  False Types: 0
  Grand Total: 53370

[9/130] Processing: aerosnoint003_1_384_320.dat
  False Negatives: 23
  False Positives: 53360
  False Types: 7
  Grand Total: 53390

[10/130] Processing: aerosnossl001_1_384_320.dat
  False Negatives: 0
  False Positives: 53370
  False Types: 0
  Grand Total: 53370

[11/130] Processing: aerosnossl002_1_384_320.dat
  False Negatives: 0
  False Positives: 53370
  False Types: 0
  Grand Total: 53370

[12/130] Processing: aerosnossl003_1_384_320.dat
  False Negatives: 66
  False Positives: 53346
  False Types: 15
  Grand Total: 53427

[13/130] Processing: aice_1_384_320.dat
  False Negatives: 403
  False Positives: 52534
  False Types: 113
  Grand Total: 53050

[14/130] Processing: aicen001_1_384_320.dat
  False Negatives: 294
  False Positives: 52205
  False Types: 72
  Grand Total: 52571

[15/130] Processing: aicen002_1_384_320.dat
  False Negatives: 206
  False Positives: 52243
  False Types: 49
  Grand Total: 52498

[16/130] Processing: aicen003_1_384_320.dat
  False Negatives: 151
  False Positives: 52180
  False Types: 28
  Grand Total: 52359

[17/130] Processing: aicen004_1_384_320.dat
  False Negatives: 142
  False Positives: 52573
  False Types: 23
  Grand Total: 52738

[18/130] Processing: aicen005_1_384_320.dat
  False Negatives: 160
  False Positives: 52372
  False Types: 39
  Grand Total: 52571

[19/130] Processing: aisnap_1_384_320.dat
  False Negatives: 569
  False Positives: 53096
  False Types: 146
  Grand Total: 53811

[20/130] Processing: albice_1_384_320.dat
  False Negatives: 293
  False Positives: 53259
  False Types: 46
  Grand Total: 53598

[21/130] Processing: albpnd_1_384_320.dat
  False Negatives: 213
  False Positives: 53051
  False Types: 24
  Grand Total: 53288

[22/130] Processing: albsno_1_384_320.dat
  False Negatives: 116
  False Positives: 53292
  False Types: 35
  Grand Total: 53443

[23/130] Processing: alidr_1_384_320.dat
  False Negatives: 243
  False Positives: 54732
  False Types: 88
  Grand Total: 55063

[24/130] Processing: alvdr_1_384_320.dat
  False Negatives: 264
  False Positives: 54886
  False Types: 79
  Grand Total: 55229

[25/130] Processing: ANGLE_384_320.dat
  False Negatives: 2
  False Positives: 42358
  False Types: 1
  Grand Total: 42361

[26/130] Processing: ANGLET_384_320.dat
  False Negatives: 0
  False Positives: 39255
  False Types: 0
  Grand Total: 39255

[27/130] Processing: apond001_1_384_320.dat
  False Negatives: 361
  False Positives: 54461
  False Types: 79
  Grand Total: 54901

[28/130] Processing: apond002_1_384_320.dat
  False Negatives: 958
  False Positives: 53035
  False Types: 180
  Grand Total: 54173

[29/130] Processing: apond003_1_384_320.dat
  False Negatives: 637
  False Positives: 53450
  False Types: 108
  Grand Total: 54195

[30/130] Processing: apond004_1_384_320.dat
  False Negatives: 493
  False Positives: 53788
  False Types: 78
  Grand Total: 54359

[31/130] Processing: apond005_1_384_320.dat
  False Negatives: 390
  False Positives: 53819
  False Types: 79
  Grand Total: 54288

[32/130] Processing: congel_1_384_320.dat
  False Negatives: 193
  False Positives: 52786
  False Types: 51
  Grand Total: 53030

[33/130] Processing: coszen_1_384_320.dat
  False Negatives: 229
  False Positives: 54308
  False Types: 0
  Grand Total: 54537

[34/130] Processing: daidtd_1_384_320.dat
  False Negatives: 816
  False Positives: 53161
  False Types: 205
  Grand Total: 54182

[35/130] Processing: daidtt_1_384_320.dat
  False Negatives: 614
  False Positives: 53807
  False Types: 153
  Grand Total: 54574

[36/130] Processing: dardg1dt_1_384_320.dat
  False Negatives: 473
  False Positives: 52517
  False Types: 117
  Grand Total: 53107

[37/130] Processing: dardg2dt_1_384_320.dat
  False Negatives: 557
  False Positives: 52746
  False Types: 163
  Grand Total: 53466

[38/130] Processing: divu_1_384_320.dat
  False Negatives: 1446
  False Positives: 53219
  False Types: 385
  Grand Total: 55050

[39/130] Processing: dvidtd_1_384_320.dat
  False Negatives: 629
  False Positives: 52724
  False Types: 163
  Grand Total: 53516

[40/130] Processing: dvidtt_1_384_320.dat
  False Negatives: 372
  False Positives: 54109
  False Types: 89
  Grand Total: 54570

[41/130] Processing: dvirdgdt_1_384_320.dat
  False Negatives: 488
  False Positives: 52584
  False Types: 137
  Grand Total: 53209

[42/130] Processing: dxt_384_320.dat
  False Negatives: 0
  False Positives: 3750
  False Types: 0
  Grand Total: 3750

[43/130] Processing: dxu_384_320.dat
  False Negatives: 0
  False Positives: 3984
  False Types: 0
  Grand Total: 3984

[44/130] Processing: dyt_384_320.dat
  False Negatives: 0
  False Positives: 11308
  False Types: 0
  Grand Total: 11308

[45/130] Processing: dyu_384_320.dat
  False Negatives: 1
  False Positives: 6601
  False Types: 0
  Grand Total: 6602

[46/130] Processing: evap_1_384_320.dat
  False Negatives: 1041
  False Positives: 54039
  False Types: 329
  Grand Total: 55409

[47/130] Processing: evap_ai_1_384_320.dat
  False Negatives: 784
  False Positives: 53771
  False Types: 216
  Grand Total: 54771

[48/130] Processing: faero_atm001_1_384_320.dat
  False Negatives: 0
  False Positives: 53370
  False Types: 0
  Grand Total: 53370

[49/130] Processing: faero_atm002_1_384_320.dat
  False Negatives: 0
  False Positives: 53370
  False Types: 0
  Grand Total: 53370

[50/130] Processing: faero_atm003_1_384_320.dat
  False Negatives: 0
  False Positives: 53370
  False Types: 0
  Grand Total: 53370

[51/130] Processing: faero_ocn001_1_384_320.dat
  False Negatives: 0
  False Positives: 53370
  False Types: 0
  Grand Total: 53370

[52/130] Processing: faero_ocn002_1_384_320.dat
  False Negatives: 0
  False Positives: 53370
  False Types: 0
  Grand Total: 53370

[53/130] Processing: faero_ocn003_1_384_320.dat
  False Negatives: 0
  False Positives: 53370
  False Types: 0
  Grand Total: 53370

[54/130] Processing: fcondtop_ai_1_384_320.dat
  False Negatives: 372
  False Positives: 52848
  False Types: 97
  Grand Total: 53317

[55/130] Processing: fhocn_1_384_320.dat
  False Negatives: 589
  False Positives: 53666
  False Types: 169
  Grand Total: 54424

[56/130] Processing: fhocn_ai_1_384_320.dat
  False Negatives: 510
  False Positives: 52982
  False Types: 148
  Grand Total: 53640

[57/130] Processing: flat_1_384_320.dat
  False Negatives: 853
  False Positives: 52335
  False Types: 205
  Grand Total: 53393

[58/130] Processing: flat_ai_1_384_320.dat
  False Negatives: 630
  False Positives: 52074
  False Types: 162
  Grand Total: 52866

[59/130] Processing: flwdn_1_384_320.dat
  False Negatives: 2579
  False Positives: 49930
  False Types: 721
  Grand Total: 53230

[60/130] Processing: flwup_1_384_320.dat
  False Negatives: 302
  False Positives: 51467
  False Types: 82
  Grand Total: 51851

[61/130] Processing: flwup_ai_1_384_320.dat
  False Negatives: 316
  False Positives: 52093
  False Types: 77
  Grand Total: 52486

[62/130] Processing: frazil_1_384_320.dat
  False Negatives: 269
  False Positives: 52907
  False Types: 77
  Grand Total: 53253

[63/130] Processing: fresh_1_384_320.dat
  False Negatives: 426
  False Positives: 53447
  False Types: 107
  Grand Total: 53980

[64/130] Processing: fresh_ai_1_384_320.dat
  False Negatives: 469
  False Positives: 54131
  False Types: 111
  Grand Total: 54711

[65/130] Processing: fs_1_384_320.dat
  False Negatives: 399
  False Positives: 52876
  False Types: 104
  Grand Total: 53379

[66/130] Processing: fsalt_1_384_320.dat
  False Negatives: 573
  False Positives: 54260
  False Types: 122
  Grand Total: 54955

[67/130] Processing: fsalt_ai_1_384_320.dat
  False Negatives: 522
  False Positives: 54051
  False Types: 131
  Grand Total: 54704

[68/130] Processing: fsens_1_384_320.dat
  False Negatives: 726
  False Positives: 52117
  False Types: 183
  Grand Total: 53026

[69/130] Processing: fsens_ai_1_384_320.dat
  False Negatives: 747
  False Positives: 53085
  False Types: 205
  Grand Total: 54037

[70/130] Processing: fsurf_ai_1_384_320.dat
  False Negatives: 434
  False Positives: 53216
  False Types: 124
  Grand Total: 53774

[71/130] Processing: fswabs_1_384_320.dat
  False Negatives: 456
  False Positives: 54699
  False Types: 121
  Grand Total: 55276

[72/130] Processing: fswabs_ai_1_384_320.dat
  False Negatives: 143
  False Positives: 53215
  False Types: 34
  Grand Total: 53392

[73/130] Processing: fswdn_1_384_320.dat
  False Negatives: 2421
  False Positives: 48412
  False Types: 684
  Grand Total: 51517

[74/130] Processing: fswfac_1_384_320.dat
  False Negatives: 406
  False Positives: 54255
  False Types: 50
  Grand Total: 54711

[75/130] Processing: fswthru_1_384_320.dat
  False Negatives: 320
  False Positives: 53793
  False Types: 69
  Grand Total: 54182

[76/130] Processing: fswthru_ai_1_384_320.dat
  False Negatives: 185
  False Positives: 52882
  False Types: 42
  Grand Total: 53109

[77/130] Processing: fswup_1_384_320.dat
  False Negatives: 2657
  False Positives: 48213
  False Types: 746
  Grand Total: 51616

[78/130] Processing: FYarea_1_384_320.dat
  False Negatives: 258
  False Positives: 54391
  False Types: 84
  Grand Total: 54733

[79/130] Processing: hi_1_384_320.dat
  False Negatives: 191
  False Positives: 52666
  False Types: 41
  Grand Total: 52898

[80/130] Processing: hisnap_1_384_320.dat
  False Negatives: 236
  False Positives: 53020
  False Types: 57
  Grand Total: 53313

[81/130] Processing: hs_1_384_320.dat
  False Negatives: 226
  False Positives: 53385
  False Types: 47
  Grand Total: 53658

[82/130] Processing: HTE_384_320.dat
  False Negatives: 0
  False Positives: 3000
  False Types: 0
  Grand Total: 3000

[83/130] Processing: HTN_384_320.dat
  False Negatives: 0
  False Positives: 3427
  False Types: 0
  Grand Total: 3427

[84/130] Processing: iage_1_384_320.dat
  False Negatives: 412
  False Positives: 54268
  False Types: 91
  Grand Total: 54771

[85/130] Processing: ice_present_1_384_320.dat
  False Negatives: 5
  False Positives: 54392
  False Types: 0
  Grand Total: 54397

[86/130] Processing: meltb_1_384_320.dat
  False Negatives: 521
  False Positives: 53257
  False Types: 151
  Grand Total: 53929

[87/130] Processing: meltl_1_384_320.dat
  False Negatives: 465
  False Positives: 53790
  False Types: 124
  Grand Total: 54379

[88/130] Processing: melts_1_384_320.dat
  False Negatives: 267
  False Positives: 53573
  False Types: 76
  Grand Total: 53916

[89/130] Processing: meltt_1_384_320.dat
  False Negatives: 121
  False Positives: 53207
  False Types: 8
  Grand Total: 53336

[90/130] Processing: opening_1_384_320.dat
  False Negatives: 1048
  False Positives: 52815
  False Types: 236
  Grand Total: 54099

[91/130] Processing: qi_1_384_320.dat
  False Negatives: 298
  False Positives: 55080
  False Types: 62
  Grand Total: 55440

[92/130] Processing: Qref_1_384_320.dat
  False Negatives: 1230
  False Positives: 48798
  False Types: 262
  Grand Total: 50290

[93/130] Processing: qs_1_384_320.dat
  False Negatives: 292
  False Positives: 55096
  False Types: 79
  Grand Total: 55467

[94/130] Processing: rain_1_384_320.dat
  False Negatives: 3053
  False Positives: 51460
  False Types: 847
  Grand Total: 55360

[95/130] Processing: rain_ai_1_384_320.dat
  False Negatives: 589
  False Positives: 53249
  False Types: 152
  Grand Total: 53990

[96/130] Processing: shear_1_384_320.dat
  False Negatives: 931
  False Positives: 52860
  False Types: 259
  Grand Total: 54050

[97/130] Processing: sig1_1_384_320.dat
  False Negatives: 1419
  False Positives: 50713
  False Types: 359
  Grand Total: 52491

[98/130] Processing: sig2_1_384_320.dat
  False Negatives: 1406
  False Positives: 48835
  False Types: 327
  Grand Total: 50568

[99/130] Processing: snoice_1_384_320.dat
  False Negatives: 481
  False Positives: 53218
  False Types: 129
  Grand Total: 53828

[100/130] Processing: snow_1_384_320.dat
  False Negatives: 1220
  False Positives: 53489
  False Types: 344
  Grand Total: 55053

[101/130] Processing: snow_ai_1_384_320.dat
  False Negatives: 433
  False Positives: 53446
  False Types: 115
  Grand Total: 53994

[102/130] Processing: strairx_1_384_320.dat
  False Negatives: 311
  False Positives: 54406
  False Types: 86
  Grand Total: 54803

[103/130] Processing: strairy_1_384_320.dat
  False Negatives: 356
  False Positives: 53902
  False Types: 89
  Grand Total: 54347

[104/130] Processing: strcorx_1_384_320.dat
  False Negatives: 469
  False Positives: 53797
  False Types: 112
  Grand Total: 54378

[105/130] Processing: strcory_1_384_320.dat
  False Negatives: 308
  False Positives: 53770
  False Types: 94
  Grand Total: 54172

[106/130] Processing: strength_1_384_320.dat
  False Negatives: 282
  False Positives: 51234
  False Types: 55
  Grand Total: 51571

[107/130] Processing: strintx_1_384_320.dat
  False Negatives: 714
  False Positives: 53739
  False Types: 243
  Grand Total: 54696

[108/130] Processing: strinty_1_384_320.dat
  False Negatives: 664
  False Positives: 53722
  False Types: 203
  Grand Total: 54589

[109/130] Processing: strocnx_1_384_320.dat
  False Negatives: 446
  False Positives: 53758
  False Types: 97
  Grand Total: 54301

[110/130] Processing: strocny_1_384_320.dat
  False Negatives: 488
  False Positives: 53758
  False Types: 147
  Grand Total: 54393

[111/130] Processing: Tair_1_384_320.dat
  False Negatives: 1075
  False Positives: 51405
  False Types: 240
  Grand Total: 52720

[112/130] Processing: tarea_384_320.dat
  False Negatives: 0
  False Positives: 2562
  False Types: 0
  Grand Total: 2562

[113/130] Processing: TLAT_384_320.dat
  False Negatives: 1
  False Positives: 285
  False Types: 0
  Grand Total: 286

[114/130] Processing: TLON_384_320.dat
  False Negatives: 20
  False Positives: 6224
  False Types: 0
  Grand Total: 6244

[115/130] Processing: tmask_384_320.dat
  False Negatives: 0
  False Positives: 55195
  False Types: 0
  Grand Total: 55195

[116/130] Processing: transix_1_384_320.dat
  False Negatives: 323
  False Positives: 54604
  False Types: 79
  Grand Total: 55006

[117/130] Processing: transiy_1_384_320.dat
  False Negatives: 348
  False Positives: 54804
  False Types: 120
  Grand Total: 55272

[118/130] Processing: Tref_1_384_320.dat
  False Negatives: 1373
  False Positives: 51099
  False Types: 304
  Grand Total: 52776

[119/130] Processing: trsig_1_384_320.dat
  False Negatives: 523
  False Positives: 55279
  False Types: 159
  Grand Total: 55961

[120/130] Processing: Tsfc_1_384_320.dat
  False Negatives: 424
  False Positives: 52366
  False Types: 99
  Grand Total: 52889

[121/130] Processing: uarea_384_320.dat
  False Negatives: 1
  False Positives: 4978
  False Types: 0
  Grand Total: 4979

[122/130] Processing: ULAT_384_320.dat
  False Negatives: 1
  False Positives: 299
  False Types: 0
  Grand Total: 300

[123/130] Processing: ULON_384_320.dat
  False Negatives: 15
  False Positives: 7004
  False Types: 0
  Grand Total: 7019

[124/130] Processing: uvel_1_384_320.dat
  False Negatives: 354
  False Positives: 52676
  False Types: 75
  Grand Total: 53105

[125/130] Processing: vicen001_1_384_320.dat
  False Negatives: 425
  False Positives: 53226
  False Types: 101
  Grand Total: 53752

[126/130] Processing: vicen002_1_384_320.dat
  False Negatives: 305
  False Positives: 53169
  False Types: 75
  Grand Total: 53549

[127/130] Processing: vicen003_1_384_320.dat
  False Negatives: 235
  False Positives: 53341
  False Types: 53
  Grand Total: 53629

[128/130] Processing: vicen004_1_384_320.dat
  False Negatives: 235
  False Positives: 53579
  False Types: 45
  Grand Total: 53859

[129/130] Processing: vicen005_1_384_320.dat
  False Negatives: 213
  False Positives: 53555
  False Types: 41
  Grand Total: 53809

[130/130] Processing: vvel_1_384_320.dat
  False Negatives: 485
  False Positives: 52970
  False Types: 122
  Grand Total: 53577

=== Summary ===
Total files processed: 130
Total files failed: 0
Total false cases across all files: 6368508
Average false cases per file: 48988.52
