Input directory: ../../CESM-CLIMATE-65G/4/log_normalized/
Output directory: ../../CESM-CLIMATE-65G/4/log_normalized/topoSZp_1_thread/
Dimensions: 768x1152 (884736 elements)
Error bound: 1E-3
Block size: 16

Found 90 .dat file(s) to process

[1/90] Processing: AEROD_v_1_768_1152.dat

compression time=0.033799, total fastmode1 topology
compression size = 947877, CR = 3.733548
done
decompression time=0.041286
done
Min=0, Max=1, range=1
Max absolute error = 0.0019684210
Max relative error = 0.001968
Max pw relative error = 0.001968
PSNR = 64.760620, NRMSE= 0.00057805480852215573948
acEff=0.999995
compressionRatio = 3.733548
  ✓ Compression and decompression successful (ratio: 3.73x)

[2/90] Processing: cb_ozone_c_1_768_1152.dat

compression time=0.015045, total fastmode1 topology
compression size = 737858, CR = 4.796240
done
decompression time=0.025417
done
Min=0, Max=1, range=1
Max absolute error = 0.0016687810
Max relative error = 0.001669
Max pw relative error = 0.001669
PSNR = 64.775020, NRMSE= 0.00057709724618981760383
acEff=0.999999
compressionRatio = 4.796240
  ✓ Compression and decompression successful (ratio: 4.79x)

[3/90] Processing: cb_sulf_c_1_768_1152.dat

compression time=0.013992, total fastmode1 topology
compression size = 778139, CR = 4.547959
done
decompression time=0.020942
done
Min=0, Max=1, range=1
Max absolute error = 0.0009999275
Max relative error = 0.001000
Max pw relative error = 0.001000
PSNR = 65.147445, NRMSE= 0.0005528760023092901257
acEff=0.999998
compressionRatio = 4.547959
  ✓ Compression and decompression successful (ratio: 4.54x)

[4/90] Processing: CLDHGH_1_768_1152.dat

compression time=0.047499, total fastmode1 topology
compression size = 1388019, CR = 2.549637
done
decompression time=0.049269
done
Min=0, Max=1, range=1
Max absolute error = 0.0019908100
Max relative error = 0.001991
Max pw relative error = 0.001991
PSNR = 64.758466, NRMSE= 0.00057819813215756997189
acEff=0.999998
compressionRatio = 2.549637
  ✓ Compression and decompression successful (ratio: 2.54x)

[5/90] Processing: CLDLOW_1_768_1152.dat

compression time=0.039997, total fastmode1 topology
compression size = 1277729, CR = 2.769714
done
decompression time=0.044377
done
Min=0, Max=1, range=1
Max absolute error = 0.0019956827
Max relative error = 0.001996
Max pw relative error = 0.001996
PSNR = 64.995876, NRMSE= 0.00056260835223171908395
acEff=0.999999
compressionRatio = 2.769714
  ✓ Compression and decompression successful (ratio: 2.76x)

[6/90] Processing: CLDMED_1_768_1152.dat

compression time=0.040413, total fastmode1 topology
compression size = 1239529, CR = 2.855072
done
decompression time=0.044593
done
Min=0, Max=1, range=1
Max absolute error = 0.0019536614
Max relative error = 0.001954
Max pw relative error = 0.001954
PSNR = 64.891466, NRMSE= 0.00056941210630465587637
acEff=0.999998
compressionRatio = 2.855072
  ✓ Compression and decompression successful (ratio: 2.85x)

[7/90] Processing: CLDTOT_1_768_1152.dat

compression time=0.047483, total fastmode1 topology
compression size = 1372332, CR = 2.578781
done
decompression time=0.048592
done
Min=0, Max=1, range=1
Max absolute error = 0.0019716620
Max relative error = 0.001972
Max pw relative error = 0.001972
PSNR = 64.765039, NRMSE= 0.00057776077404561349167
acEff=0.999998
compressionRatio = 2.578781
  ✓ Compression and decompression successful (ratio: 2.57x)

[8/90] Processing: FLDS_1_768_1152.dat

compression time=0.035199, total fastmode1 topology
compression size = 911080, CR = 3.884340
done
decompression time=0.041949
done
Min=0, Max=1, range=1
Max absolute error = 0.0018861890
Max relative error = 0.001886
Max pw relative error = 0.001886
PSNR = 64.788897, NRMSE= 0.00057617598588685680402
acEff=0.999996
compressionRatio = 3.884339
  ✓ Compression and decompression successful (ratio: 3.88x)

[9/90] Processing: FLDSC_1_768_1152.dat

compression time=0.019831, total fastmode1 topology
compression size = 786670, CR = 4.498639
done
decompression time=0.030360
done
Min=0, Max=1, range=1
Max absolute error = 0.0018874407
Max relative error = 0.001887
Max pw relative error = 0.001887
PSNR = 64.771795, NRMSE= 0.00057731153018606134325
acEff=0.999997
compressionRatio = 4.498639
  ✓ Compression and decompression successful (ratio: 4.49x)

[10/90] Processing: FLNS_1_768_1152.dat

compression time=0.041755, total fastmode1 topology
compression size = 1142166, CR = 3.098450
done
decompression time=0.047777
done
Min=0, Max=1, range=1
Max absolute error = 0.0019701123
Max relative error = 0.001970
Max pw relative error = 0.001970
PSNR = 64.748170, NRMSE= 0.0005788839253153970927
acEff=0.999994
compressionRatio = 3.098450
  ✓ Compression and decompression successful (ratio: 3.09x)

[11/90] Processing: FLNSC_1_768_1152.dat

compression time=0.034872, total fastmode1 topology
compression size = 1039325, CR = 3.405041
done
decompression time=0.043801
done
Min=0, Max=1, range=1
Max absolute error = 0.0019949675
Max relative error = 0.001995
Max pw relative error = 0.001995
PSNR = 64.717287, NRMSE= 0.00058094585471580499712
acEff=0.999996
compressionRatio = 3.405041
  ✓ Compression and decompression successful (ratio: 3.40x)

[12/90] Processing: FLNT_1_768_1152.dat

compression time=0.035860, total fastmode1 topology
compression size = 971893, CR = 3.641290
done
decompression time=0.044755
done
Min=0, Max=1, range=1
Max absolute error = 0.0019338727
Max relative error = 0.001934
Max pw relative error = 0.001934
PSNR = 64.784617, NRMSE= 0.00057645993811619613938
acEff=0.999996
compressionRatio = 3.641290
  ✓ Compression and decompression successful (ratio: 3.64x)

[13/90] Processing: FLNTC_1_768_1152.dat

compression time=0.022232, total fastmode1 topology
compression size = 789110, CR = 4.484728
done
decompression time=0.032510
done
Min=0, Max=1, range=1
Max absolute error = 0.0019633770
Max relative error = 0.001963
Max pw relative error = 0.001963
PSNR = 64.777471, NRMSE= 0.00057693442799889931797
acEff=0.999996
compressionRatio = 4.484728
  ✓ Compression and decompression successful (ratio: 4.48x)

[14/90] Processing: FLUT_1_768_1152.dat

compression time=0.036390, total fastmode1 topology
compression size = 971285, CR = 3.643569
done
decompression time=0.043876
done
Min=0, Max=1, range=1
Max absolute error = 0.0019639134
Max relative error = 0.001964
Max pw relative error = 0.001964
PSNR = 64.786608, NRMSE= 0.00057632785124649881306
acEff=0.999996
compressionRatio = 3.643569
  ✓ Compression and decompression successful (ratio: 3.64x)

[15/90] Processing: FLUTC_1_768_1152.dat

compression time=0.022280, total fastmode1 topology
compression size = 788809, CR = 4.486440
done
decompression time=0.032980
done
Min=0, Max=1, range=1
Max absolute error = 0.0019873381
Max relative error = 0.001987
Max pw relative error = 0.001987
PSNR = 64.780283, NRMSE= 0.00057674770335428872381
acEff=0.999996
compressionRatio = 4.486440
  ✓ Compression and decompression successful (ratio: 4.48x)

[16/90] Processing: FREQSH_1_768_1152.dat

compression time=0.044461, total fastmode1 topology
compression size = 1267199, CR = 2.792729
done
decompression time=0.045168
done
Min=0, Max=1, range=1
Max absolute error = 0.0017428398
Max relative error = 0.001743
Max pw relative error = 0.001743
PSNR = 64.731788, NRMSE= 0.00057997676025336422807
acEff=0.999999
compressionRatio = 2.792729
  ✓ Compression and decompression successful (ratio: 2.79x)

[17/90] Processing: FREQZM_1_768_1152.dat

compression time=0.030451, total fastmode1 topology
compression size = 1025761, CR = 3.450067
done
decompression time=0.035287
done
Min=0, Max=1, range=1
Max absolute error = 0.0016619563
Max relative error = 0.001662
Max pw relative error = 0.001662
PSNR = 66.347842, NRMSE= 0.00048151289418296646131
acEff=0.999999
compressionRatio = 3.450067
  ✓ Compression and decompression successful (ratio: 3.45x)

[18/90] Processing: FSDS_1_768_1152.dat

compression time=0.036012, total fastmode1 topology
compression size = 1026130, CR = 3.448826
done
decompression time=0.044734
done
Min=0, Max=1, range=1
Max absolute error = 0.0019516349
Max relative error = 0.001952
Max pw relative error = 0.001952
PSNR = 64.770001, NRMSE= 0.00057743080086766524102
acEff=0.999998
compressionRatio = 3.448826
  ✓ Compression and decompression successful (ratio: 3.44x)

[19/90] Processing: FSDSC_1_768_1152.dat

compression time=0.014646, total fastmode1 topology
compression size = 679590, CR = 5.207469
done
decompression time=0.025472
done
Min=0, Max=1, range=1
Max absolute error = 0.0016098022
Max relative error = 0.001610
Max pw relative error = 0.001610
PSNR = 64.768336, NRMSE= 0.0005775415242048950867
acEff=0.999998
compressionRatio = 5.207469
  ✓ Compression and decompression successful (ratio: 5.20x)

[20/90] Processing: FSDTOA_1_768_1152.dat

compression time=0.008611, total fastmode1 topology
compression size = 558977, CR = 6.331109
done
decompression time=0.019973
done
Min=0, Max=1, range=1
Max absolute error = 0.0009999871
Max relative error = 0.001000
Max pw relative error = 0.001000
PSNR = 64.711047, NRMSE= 0.00058136337171228638209
acEff=0.999998
compressionRatio = 6.331108
  ✓ Compression and decompression successful (ratio: 6.33x)

[21/90] Processing: FSNS_1_768_1152.dat

compression time=0.038297, total fastmode1 topology
compression size = 1087772, CR = 3.253388
done
decompression time=0.046348
done
Min=0, Max=1, range=1
Max absolute error = 0.0019788146
Max relative error = 0.001979
Max pw relative error = 0.001979
PSNR = 64.761962, NRMSE= 0.00057796549509372626991
acEff=0.999999
compressionRatio = 3.253388
  ✓ Compression and decompression successful (ratio: 3.25x)

[22/90] Processing: FSNSC_1_768_1152.dat

compression time=0.022151, total fastmode1 topology
compression size = 839175, CR = 4.217170
done
decompression time=0.032429
done
Min=0, Max=1, range=1
Max absolute error = 0.0019823015
Max relative error = 0.001982
Max pw relative error = 0.001982
PSNR = 64.754194, NRMSE= 0.00057848261726779499209
acEff=0.999999
compressionRatio = 4.217170
  ✓ Compression and decompression successful (ratio: 4.21x)

[23/90] Processing: FSNT_1_768_1152.dat

compression time=0.034827, total fastmode1 topology
compression size = 990624, CR = 3.572439
done
decompression time=0.043316
done
Min=0, Max=1, range=1
Max absolute error = 0.0019847155
Max relative error = 0.001985
Max pw relative error = 0.001985
PSNR = 64.775772, NRMSE= 0.00057704728457650430844
acEff=0.999999
compressionRatio = 3.572439
  ✓ Compression and decompression successful (ratio: 3.57x)

[24/90] Processing: FSNTC_1_768_1152.dat

compression time=0.019025, total fastmode1 topology
compression size = 761313, CR = 4.648474
done
decompression time=0.029843
done
Min=0, Max=1, range=1
Max absolute error = 0.0019792914
Max relative error = 0.001979
Max pw relative error = 0.001979
PSNR = 64.741193, NRMSE= 0.00057934910892057291804
acEff=0.999999
compressionRatio = 4.648474
  ✓ Compression and decompression successful (ratio: 4.64x)

[25/90] Processing: FSNTOA_1_768_1152.dat

compression time=0.034791, total fastmode1 topology
compression size = 987595, CR = 3.583396
done
decompression time=0.043022
done
Min=0, Max=1, range=1
Max absolute error = 0.0019481778
Max relative error = 0.001948
Max pw relative error = 0.001948
PSNR = 64.780117, NRMSE= 0.00057675869613154219073
acEff=0.999999
compressionRatio = 3.583396
  ✓ Compression and decompression successful (ratio: 3.58x)

[26/90] Processing: FSNTOAC_1_768_1152.dat

compression time=0.018912, total fastmode1 topology
compression size = 760069, CR = 4.656083
done
decompression time=0.029869
done
Min=0, Max=1, range=1
Max absolute error = 0.0019685626
Max relative error = 0.001969
Max pw relative error = 0.001969
PSNR = 64.799896, NRMSE= 0.00057544682133404652987
acEff=0.999999
compressionRatio = 4.656083
  ✓ Compression and decompression successful (ratio: 4.65x)

[27/90] Processing: FSUTOA_1_768_1152.dat

compression time=0.037648, total fastmode1 topology
compression size = 1109802, CR = 3.188807
done
decompression time=0.042931
done
Min=0, Max=1, range=1
Max absolute error = 0.0019937754
Max relative error = 0.001994
Max pw relative error = 0.001994
PSNR = 64.757391, NRMSE= 0.00057826973681805162938
acEff=0.999997
compressionRatio = 3.188807
  ✓ Compression and decompression successful (ratio: 3.18x)

[28/90] Processing: ICEFRAC_1_768_1152.dat

compression time=0.009069, total fastmode1 topology
compression size = 573801, CR = 6.167546
done
decompression time=0.020234
done
Min=0, Max=1, range=1
Max absolute error = 0.0017518648
Max relative error = 0.001752
Max pw relative error = 0.001752
PSNR = 73.181727, NRMSE= 0.00021923689154895663572
acEff=1.000000
compressionRatio = 6.167546
  ✓ Compression and decompression successful (ratio: 6.16x)

[29/90] Processing: LANDFRAC_1_768_1152.dat

compression time=0.008250, total fastmode1 topology
compression size = 622291, CR = 5.686960
done
decompression time=0.019397
done
Min=0, Max=1, range=1
Max absolute error = 0.0015032887
Max relative error = 0.001503
Max pw relative error = 0.001503
PSNR = 64.678811, NRMSE= 0.00058352496170926135884
acEff=1.000000
compressionRatio = 5.686960
  ✓ Compression and decompression successful (ratio: 5.68x)

[30/90] Processing: LHFLX_1_768_1152.dat

compression time=0.025534, total fastmode1 topology
compression size = 1074225, CR = 3.294416
done
decompression time=0.033793
done
Min=0, Max=1, range=1
Max absolute error = 0.0019676685
Max relative error = 0.001968
Max pw relative error = 0.001968
PSNR = 64.753912, NRMSE= 0.00057850135112363844803
acEff=0.999999
compressionRatio = 3.294416
  ✓ Compression and decompression successful (ratio: 3.29x)

[31/90] Processing: LWCF_1_768_1152.dat

compression time=0.038816, total fastmode1 topology
compression size = 1182552, CR = 2.992633
done
decompression time=0.044605
done
Min=0, Max=1, range=1
Max absolute error = 0.0019686520
Max relative error = 0.001969
Max pw relative error = 0.001969
PSNR = 64.746807, NRMSE= 0.00057897480162956687505
acEff=0.999997
compressionRatio = 2.992633
  ✓ Compression and decompression successful (ratio: 2.99x)

[32/90] Processing: MSKtem_1_768_1152.dat

compression time=0.015579, total fastmode1 topology
compression size = 794341, CR = 4.455195
done
decompression time=0.025348
done
Min=0, Max=1, range=1
Max absolute error = 0.0019696951
Max relative error = 0.001970
Max pw relative error = 0.001970
PSNR = 62.435525, NRMSE= 0.00075548132297885775555
acEff=0.999998
compressionRatio = 4.455195
  ✓ Compression and decompression successful (ratio: 4.45x)

[33/90] Processing: OCNFRAC_1_768_1152.dat

compression time=0.009841, total fastmode1 topology
compression size = 686988, CR = 5.151392
done
decompression time=0.020454
done
Min=0, Max=1, range=1
Max absolute error = 0.0015106313
Max relative error = 0.001511
Max pw relative error = 0.001511
PSNR = 62.495284, NRMSE= 0.00075030151607432052363
acEff=1.000000
compressionRatio = 5.151391
  ✓ Compression and decompression successful (ratio: 5.15x)

[34/90] Processing: ODV_bcar1_1_768_1152.dat

compression time=0.013392, total fastmode1 topology
compression size = 644980, CR = 5.486905
done
decompression time=0.023516
done
Min=0, Max=1, range=1
Max absolute error = 0.0019117966
Max relative error = 0.001912
Max pw relative error = 0.001912
PSNR = 65.987799, NRMSE= 0.00050189176491865204223
acEff=0.999971
compressionRatio = 5.486905
  ✓ Compression and decompression successful (ratio: 5.48x)

[35/90] Processing: ODV_bcar2_1_768_1152.dat

compression time=0.013523, total fastmode1 topology
compression size = 695325, CR = 5.089626
done
decompression time=0.024530
done
Min=0, Max=1, range=1
Max absolute error = 0.0019707084
Max relative error = 0.001971
Max pw relative error = 0.001971
PSNR = 65.062025, NRMSE= 0.00055833999197225881936
acEff=0.999993
compressionRatio = 5.089626
  ✓ Compression and decompression successful (ratio: 5.08x)

[36/90] Processing: ODV_dust1_1_768_1152.dat

compression time=0.011574, total fastmode1 topology
compression size = 618537, CR = 5.721475
done
decompression time=0.022754
done
Min=0, Max=1, range=1
Max absolute error = 0.0016282797
Max relative error = 0.001628
Max pw relative error = 0.001628
PSNR = 65.535016, NRMSE= 0.00052874859259078893937
acEff=0.999990
compressionRatio = 5.721475
  ✓ Compression and decompression successful (ratio: 5.72x)

[37/90] Processing: ODV_dust2_1_768_1152.dat

compression time=0.011536, total fastmode1 topology
compression size = 617111, CR = 5.734696
done
decompression time=0.022651
done
Min=0, Max=1, range=1
Max absolute error = 0.0016783569
Max relative error = 0.001678
Max pw relative error = 0.001678
PSNR = 65.526204, NRMSE= 0.00052928525033182200182
acEff=0.999989
compressionRatio = 5.734696
  ✓ Compression and decompression successful (ratio: 5.73x)

[38/90] Processing: ODV_dust3_1_768_1152.dat

compression time=0.011159, total fastmode1 topology
compression size = 601696, CR = 5.881615
done
decompression time=0.022273
done
Min=0, Max=1, range=1
Max absolute error = 0.0017021373
Max relative error = 0.001702
Max pw relative error = 0.001702
PSNR = 65.630209, NRMSE= 0.00052298536396912849878
acEff=0.999986
compressionRatio = 5.881615
  ✓ Compression and decompression successful (ratio: 5.88x)

[39/90] Processing: ODV_dust4_1_768_1152.dat

compression time=0.011180, total fastmode1 topology
compression size = 583458, CR = 6.065465
done
decompression time=0.021336
done
Min=0, Max=1, range=1
Max absolute error = 0.0019228607
Max relative error = 0.001923
Max pw relative error = 0.001923
PSNR = 66.128258, NRMSE= 0.00049384093304807505625
acEff=0.999980
compressionRatio = 6.065465
  ✓ Compression and decompression successful (ratio: 6.06x)

[40/90] Processing: ODV_ocar1_1_768_1152.dat

compression time=0.012404, total fastmode1 topology
compression size = 597612, CR = 5.921809
done
decompression time=0.022421
done
Min=0, Max=1, range=1
Max absolute error = 0.0018184409
Max relative error = 0.001818
Max pw relative error = 0.001818
PSNR = 66.909614, NRMSE= 0.00045135610599515620794
acEff=0.999924
compressionRatio = 5.921809
  ✓ Compression and decompression successful (ratio: 5.92x)

[41/90] Processing: ODV_ocar2_1_768_1152.dat

compression time=0.031436, total fastmode1 topology
compression size = 765724, CR = 4.621696
done
decompression time=0.034348
done
Min=0, Max=1, range=1
Max absolute error = 0.0016147494
Max relative error = 0.001615
Max pw relative error = 0.001615
PSNR = 65.184590, NRMSE= 0.00055051669584425713243
acEff=0.999980
compressionRatio = 4.621697
  ✓ Compression and decompression successful (ratio: 4.62x)

[42/90] Processing: ODV_SSLTA_1_768_1152.dat

compression time=0.031021, total fastmode1 topology
compression size = 1025295, CR = 3.451635
done
decompression time=0.040193
done
Min=0, Max=1, range=1
Max absolute error = 0.0019803345
Max relative error = 0.001980
Max pw relative error = 0.001980
PSNR = 64.771565, NRMSE= 0.00057732687405151938888
acEff=0.999999
compressionRatio = 3.451635
  ✓ Compression and decompression successful (ratio: 3.45x)

[43/90] Processing: ODV_SSLTC_1_768_1152.dat

compression time=0.032425, total fastmode1 topology
compression size = 1035108, CR = 3.418913
done
decompression time=0.040384
done
Min=0, Max=1, range=1
Max absolute error = 0.0019809827
Max relative error = 0.001981
Max pw relative error = 0.001981
PSNR = 64.753677, NRMSE= 0.00057851706166881292342
acEff=0.999999
compressionRatio = 3.418913
  ✓ Compression and decompression successful (ratio: 3.41x)

[44/90] Processing: ODV_sulf_1_768_1152.dat

compression time=0.034716, total fastmode1 topology
compression size = 954844, CR = 3.706306
done
decompression time=0.040667
done
Min=0, Max=1, range=1
Max absolute error = 0.0019306242
Max relative error = 0.001931
Max pw relative error = 0.001931
PSNR = 64.791669, NRMSE= 0.00057599210264424574764
acEff=0.999996
compressionRatio = 3.706306
  ✓ Compression and decompression successful (ratio: 3.70x)

[45/90] Processing: ODV_VOLC_MMR_1_768_1152.dat

compression time=0.016646, total fastmode1 topology
compression size = 620045, CR = 5.707560
done
decompression time=0.025050
done
Min=0, Max=1, range=1
Max absolute error = 0.0017669797
Max relative error = 0.001767
Max pw relative error = 0.001767
PSNR = 67.444263, NRMSE= 0.00042441120871939352031
acEff=1.000000
compressionRatio = 5.707560
  ✓ Compression and decompression successful (ratio: 5.70x)

[46/90] Processing: PBLH_1_768_1152.dat

compression time=0.032921, total fastmode1 topology
compression size = 1057919, CR = 3.345194
done
decompression time=0.042129
done
Min=0, Max=1, range=1
Max absolute error = 0.0019939542
Max relative error = 0.001994
Max pw relative error = 0.001994
PSNR = 64.753363, NRMSE= 0.00057853796253936056078
acEff=0.999997
compressionRatio = 3.345194
  ✓ Compression and decompression successful (ratio: 3.34x)

[47/90] Processing: PCONVB_1_768_1152.dat

compression time=0.021878, total fastmode1 topology
compression size = 720459, CR = 4.912068
done
decompression time=0.029273
done
Min=0, Max=1, range=1
Max absolute error = 0.0017439723
Max relative error = 0.001744
Max pw relative error = 0.001744
PSNR = 64.839261, NRMSE= 0.00057284473854812324473
acEff=0.999959
compressionRatio = 4.912069
  ✓ Compression and decompression successful (ratio: 4.91x)

[48/90] Processing: PCONVT_1_768_1152.dat

compression time=0.029072, total fastmode1 topology
compression size = 848145, CR = 4.172570
done
decompression time=0.036339
done
Min=0, Max=1, range=1
Max absolute error = 0.0019115210
Max relative error = 0.001912
Max pw relative error = 0.001912
PSNR = 64.789519, NRMSE= 0.00057613473661347958717
acEff=0.999942
compressionRatio = 4.172570
  ✓ Compression and decompression successful (ratio: 4.17x)

[49/90] Processing: PHIS_1_768_1152.dat

compression time=0.013626, total fastmode1 topology
compression size = 750610, CR = 4.714757
done
decompression time=0.024361
done
Min=0, Max=1, range=1
Max absolute error = 0.0019480586
Max relative error = 0.001948
Max pw relative error = 0.001948
PSNR = 63.227924, NRMSE= 0.00068961040372512245802
acEff=0.999999
compressionRatio = 4.714757
  ✓ Compression and decompression successful (ratio: 4.71x)

[50/90] Processing: PRECC_1_768_1152.dat

compression time=0.008060, total fastmode1 topology
compression size = 542023, CR = 6.529140
done
decompression time=0.016188
done
Min=0, Max=1, range=1
Max absolute error = 0.0009999275
Max relative error = 0.001000
Max pw relative error = 0.001000
PSNR = 105.666640, NRMSE= 5.207964587050809608E-06
acEff=1.000000
compressionRatio = 6.529140
  ✓ Compression and decompression successful (ratio: 6.52x)

[51/90] Processing: PRECCDZM_1_768_1152.dat

compression time=0.007700, total fastmode1 topology
compression size = 537424, CR = 6.585013
done
decompression time=0.016238
done
Min=0, Max=1, range=1
Max absolute error = 0.0009999275
Max relative error = 0.001000
Max pw relative error = 0.001000
PSNR = 77.154071, NRMSE= 0.00013877028083112067486
acEff=1.000000
compressionRatio = 6.585013
  ✓ Compression and decompression successful (ratio: 6.58x)

[52/90] Processing: PRECL_1_768_1152.dat

compression time=0.008707, total fastmode1 topology
compression size = 586404, CR = 6.034993
done
decompression time=0.016828
done
Min=0, Max=1, range=1
Max absolute error = 0.0009999275
Max relative error = 0.001000
Max pw relative error = 0.001000
PSNR = 75.495956, NRMSE= 0.00016795858014167998253
acEff=0.999999
compressionRatio = 6.034993
  ✓ Compression and decompression successful (ratio: 6.03x)

[53/90] Processing: PRECSC_1_768_1152.dat
Error: No critical points found!
  ✗ Compression failed

[54/90] Processing: PRECSH_1_768_1152.dat
Error: No critical points found!
  ✗ Compression failed

[55/90] Processing: PRECSL_1_768_1152.dat

compression time=0.007317, total fastmode1 topology
compression size = 500113, CR = 7.076289
done
decompression time=0.016085
done
Min=0, Max=1, range=1
Max absolute error = 0.0009999275
Max relative error = 0.001000
Max pw relative error = 0.001000
PSNR = 107.164277, NRMSE= 4.3831481323318371388E-06
acEff=1.000000
compressionRatio = 7.076289
  ✓ Compression and decompression successful (ratio: 7.07x)

[56/90] Processing: PRECT_1_768_1152.dat

compression time=0.008675, total fastmode1 topology
compression size = 622989, CR = 5.680588
done
decompression time=0.017094
done
Min=0, Max=1, range=1
Max absolute error = 0.0009999275
Max relative error = 0.001000
Max pw relative error = 0.001000
PSNR = 87.916470, NRMSE= 4.0195415460304346903E-05
acEff=1.000000
compressionRatio = 5.680588
  ✓ Compression and decompression successful (ratio: 5.68x)

[57/90] Processing: PS_1_768_1152.dat

compression time=0.014658, total fastmode1 topology
compression size = 657684, CR = 5.380919
done
decompression time=0.024872
done
Min=0, Max=1, range=1
Max absolute error = 0.0017410517
Max relative error = 0.001741
Max pw relative error = 0.001741
PSNR = 64.857133, NRMSE= 0.00057166729122809002445
acEff=0.999958
compressionRatio = 5.380918
  ✓ Compression and decompression successful (ratio: 5.38x)

[58/90] Processing: PSL_1_768_1152.dat

compression time=0.017802, total fastmode1 topology
compression size = 729184, CR = 4.853293
done
decompression time=0.027590
done
Min=0, Max=1, range=1
Max absolute error = 0.0018942356
Max relative error = 0.001894
Max pw relative error = 0.001894
PSNR = 64.777078, NRMSE= 0.00057696051226071936278
acEff=0.999988
compressionRatio = 4.853294
  ✓ Compression and decompression successful (ratio: 4.85x)

[59/90] Processing: QFLX_1_768_1152.dat

compression time=0.022564, total fastmode1 topology
compression size = 992332, CR = 3.566290
done
decompression time=0.030174
done
Min=0, Max=1, range=1
Max absolute error = 0.0013076365
Max relative error = 0.001308
Max pw relative error = 0.001308
PSNR = 64.999467, NRMSE= 0.00056237584275114799615
acEff=0.999997
compressionRatio = 3.566290
  ✓ Compression and decompression successful (ratio: 3.56x)

[60/90] Processing: QREFHT_1_768_1152.dat

compression time=0.019858, total fastmode1 topology
compression size = 907674, CR = 3.898915
done
decompression time=0.029511
done
Min=0, Max=1, range=1
Max absolute error = 0.0019856095
Max relative error = 0.001986
Max pw relative error = 0.001986
PSNR = 64.760620, NRMSE= 0.00057805477492152434766
acEff=0.999999
compressionRatio = 3.898915
  ✓ Compression and decompression successful (ratio: 3.89x)

[61/90] Processing: RHREFHT_1_768_1152.dat

compression time=0.029670, total fastmode1 topology
compression size = 934580, CR = 3.786668
done
decompression time=0.040336
done
Min=0, Max=1, range=1
Max absolute error = 0.0019306540
Max relative error = 0.001931
Max pw relative error = 0.001931
PSNR = 64.778391, NRMSE= 0.00057687329848594536951
acEff=0.999987
compressionRatio = 3.786668
  ✓ Compression and decompression successful (ratio: 3.78x)

[62/90] Processing: SFCLDICE_1_768_1152.dat
Error: No critical points found!
  ✗ Compression failed

[63/90] Processing: SFCLDLIQ_1_768_1152.dat
Error: No critical points found!
  ✗ Compression failed

[64/90] Processing: SHFLX_1_768_1152.dat

compression time=0.026028, total fastmode1 topology
compression size = 943503, CR = 3.750856
done
decompression time=0.034939
done
Min=0, Max=1, range=1
Max absolute error = 0.0019595623
Max relative error = 0.001960
Max pw relative error = 0.001960
PSNR = 64.766742, NRMSE= 0.00057764748678452591726
acEff=0.999979
compressionRatio = 3.750856
  ✓ Compression and decompression successful (ratio: 3.75x)

[65/90] Processing: SNOWHICE_1_768_1152.dat

compression time=0.008591, total fastmode1 topology
compression size = 558050, CR = 6.341625
done
decompression time=0.019701
done
Min=0, Max=1, range=1
Max absolute error = 0.0017438978
Max relative error = 0.001744
Max pw relative error = 0.001744
PSNR = 74.278347, NRMSE= 0.00019323360151978307797
acEff=1.000000
compressionRatio = 6.341625
  ✓ Compression and decompression successful (ratio: 6.34x)

[66/90] Processing: SNOWHLND_1_768_1152.dat

compression time=0.020236, total fastmode1 topology
compression size = 579246, CR = 6.109570
done
decompression time=0.023407
done
Min=0, Max=1, range=1
Max absolute error = 0.0018136241
Max relative error = 0.001814
Max pw relative error = 0.001814
PSNR = 74.746194, NRMSE= 0.00018310081952147111667
acEff=1.000000
compressionRatio = 6.109570
  ✓ Compression and decompression successful (ratio: 6.10x)

[67/90] Processing: SOLIN_1_768_1152.dat

compression time=0.008517, total fastmode1 topology
compression size = 558977, CR = 6.331109
done
decompression time=0.019884
done
Min=0, Max=1, range=1
Max absolute error = 0.0009999871
Max relative error = 0.001000
Max pw relative error = 0.001000
PSNR = 64.711047, NRMSE= 0.00058136337171228638209
acEff=0.999998
compressionRatio = 6.331108
  ✓ Compression and decompression successful (ratio: 6.33x)

[68/90] Processing: SRFRAD_1_768_1152.dat

compression time=0.035433, total fastmode1 topology
compression size = 929548, CR = 3.807167
done
decompression time=0.043363
done
Min=0, Max=1, range=1
Max absolute error = 0.0019572973
Max relative error = 0.001957
Max pw relative error = 0.001957
PSNR = 64.791792, NRMSE= 0.00057598399216363723591
acEff=0.999997
compressionRatio = 3.807166
  ✓ Compression and decompression successful (ratio: 3.80x)

[69/90] Processing: SWCF_1_768_1152.dat

compression time=0.040865, total fastmode1 topology
compression size = 1012778, CR = 3.494294
done
decompression time=0.046635
done
Min=0, Max=1, range=1
Max absolute error = 0.0019481778
Max relative error = 0.001948
Max pw relative error = 0.001948
PSNR = 64.675897, NRMSE= 0.00058372079843963626741
acEff=0.999961
compressionRatio = 3.494294
  ✓ Compression and decompression successful (ratio: 3.49x)

[70/90] Processing: TAUX_1_768_1152.dat

compression time=0.020784, total fastmode1 topology
compression size = 819017, CR = 4.320965
done
decompression time=0.030347
done
Min=0, Max=1, range=1
Max absolute error = 0.0019357204
Max relative error = 0.001936
Max pw relative error = 0.001936
PSNR = 64.775595, NRMSE= 0.00057705902883979111589
acEff=0.999930
compressionRatio = 4.320965
  ✓ Compression and decompression successful (ratio: 4.32x)

[71/90] Processing: TAUY_1_768_1152.dat

compression time=0.021369, total fastmode1 topology
compression size = 868452, CR = 4.075002
done
decompression time=0.030917
done
Min=0, Max=1, range=1
Max absolute error = 0.0019591451
Max relative error = 0.001959
Max pw relative error = 0.001959
PSNR = 64.760226, NRMSE= 0.00057808101954358011645
acEff=0.999942
compressionRatio = 4.075002
  ✓ Compression and decompression successful (ratio: 4.07x)

[72/90] Processing: TGCLDIWP_1_768_1152.dat

compression time=0.032386, total fastmode1 topology
compression size = 1164273, CR = 3.039617
done
decompression time=0.039134
done
Min=0, Max=1, range=1
Max absolute error = 0.0019736290
Max relative error = 0.001974
Max pw relative error = 0.001974
PSNR = 64.744552, NRMSE= 0.00057912508620919689491
acEff=0.999999
compressionRatio = 3.039617
  ✓ Compression and decompression successful (ratio: 3.03x)

[73/90] Processing: TGCLDLWP_1_768_1152.dat

compression time=0.032648, total fastmode1 topology
compression size = 1138793, CR = 3.107627
done
decompression time=0.039539
done
Min=0, Max=1, range=1
Max absolute error = 0.0019998550
Max relative error = 0.002000
Max pw relative error = 0.002000
PSNR = 64.760183, NRMSE= 0.00057808388262342656327
acEff=0.999998
compressionRatio = 3.107627
  ✓ Compression and decompression successful (ratio: 3.10x)

[74/90] Processing: TH2d_1_768_1152.dat

compression time=0.007675, total fastmode1 topology
compression size = 516100, CR = 6.857090
done
decompression time=0.019062
done
Min=0, Max=1, range=1
Max absolute error = 0.0019333959
Max relative error = 0.001933
Max pw relative error = 0.001933
PSNR = 80.600460, NRMSE= 9.3320484210690268822E-05
acEff=0.999996
compressionRatio = 6.857090
  ✓ Compression and decompression successful (ratio: 6.85x)

[75/90] Processing: TMQ_1_768_1152.dat

compression time=0.019499, total fastmode1 topology
compression size = 850636, CR = 4.160351
done
decompression time=0.030008
done
Min=0, Max=1, range=1
Max absolute error = 0.0019780993
Max relative error = 0.001978
Max pw relative error = 0.001978
PSNR = 64.760612, NRMSE= 0.00057805531099740822647
acEff=0.999999
compressionRatio = 4.160351
  ✓ Compression and decompression successful (ratio: 4.16x)

[76/90] Processing: TREFHT_1_768_1152.dat

compression time=0.019178, total fastmode1 topology
compression size = 761348, CR = 4.648261
done
decompression time=0.028930
done
Min=0, Max=1, range=1
Max absolute error = 0.0019390583
Max relative error = 0.001939
Max pw relative error = 0.001939
PSNR = 64.784997, NRMSE= 0.00057643472240363584358
acEff=0.999996
compressionRatio = 4.648261
  ✓ Compression and decompression successful (ratio: 4.64x)

[77/90] Processing: TREFMNAV_1_768_1152.dat

compression time=0.023224, total fastmode1 topology
compression size = 805859, CR = 4.391518
done
decompression time=0.033031
done
Min=0, Max=1, range=1
Max absolute error = 0.0019720793
Max relative error = 0.001972
Max pw relative error = 0.001972
PSNR = 64.776068, NRMSE= 0.00057702761767732305663
acEff=0.999996
compressionRatio = 4.391518
  ✓ Compression and decompression successful (ratio: 4.39x)

[78/90] Processing: TREFMXAV_1_768_1152.dat

compression time=0.021789, total fastmode1 topology
compression size = 788838, CR = 4.486275
done
decompression time=0.031766
done
Min=0, Max=1, range=1
Max absolute error = 0.0019683838
Max relative error = 0.001968
Max pw relative error = 0.001968
PSNR = 64.773130, NRMSE= 0.00057722280767437861466
acEff=0.999996
compressionRatio = 4.486275
  ✓ Compression and decompression successful (ratio: 4.48x)

[79/90] Processing: TROP_P_1_768_1152.dat

compression time=0.019788, total fastmode1 topology
compression size = 774245, CR = 4.570832
done
decompression time=0.030773
done
Min=0, Max=1, range=1
Max absolute error = 0.0016848445
Max relative error = 0.001685
Max pw relative error = 0.001685
PSNR = 64.792758, NRMSE= 0.00057591990991279901069
acEff=0.999998
compressionRatio = 4.570832
  ✓ Compression and decompression successful (ratio: 4.57x)

[80/90] Processing: TROP_T_1_768_1152.dat

compression time=0.018591, total fastmode1 topology
compression size = 789759, CR = 4.481043
done
decompression time=0.028622
done
Min=0, Max=1, range=1
Max absolute error = 0.0019723922
Max relative error = 0.001972
Max pw relative error = 0.001972
PSNR = 64.759126, NRMSE= 0.00057815422384997370783
acEff=0.999999
compressionRatio = 4.481043
  ✓ Compression and decompression successful (ratio: 4.48x)

[81/90] Processing: TROP_Z_1_768_1152.dat

compression time=0.018800, total fastmode1 topology
compression size = 742033, CR = 4.769254
done
decompression time=0.028713
done
Min=0, Max=1, range=1
Max absolute error = 0.0017414689
Max relative error = 0.001741
Max pw relative error = 0.001741
PSNR = 64.747018, NRMSE= 0.00057896070954140772466
acEff=0.999990
compressionRatio = 4.769254
  ✓ Compression and decompression successful (ratio: 4.76x)

[82/90] Processing: TS_1_768_1152.dat

compression time=0.019850, total fastmode1 topology
compression size = 780747, CR = 4.532767
done
decompression time=0.030487
done
Min=0, Max=1, range=1
Max absolute error = 0.0019676089
Max relative error = 0.001968
Max pw relative error = 0.001968
PSNR = 64.781116, NRMSE= 0.0005766923700830069513
acEff=0.999996
compressionRatio = 4.532767
  ✓ Compression and decompression successful (ratio: 4.53x)

[83/90] Processing: TSMN_1_768_1152.dat

compression time=0.023789, total fastmode1 topology
compression size = 860582, CR = 4.112268
done
decompression time=0.032883
done
Min=0, Max=1, range=1
Max absolute error = 0.0019685626
Max relative error = 0.001969
Max pw relative error = 0.001969
PSNR = 64.739061, NRMSE= 0.00057949135766958450016
acEff=0.999997
compressionRatio = 4.112268
  ✓ Compression and decompression successful (ratio: 4.11x)

[84/90] Processing: TSMX_1_768_1152.dat

compression time=0.023580, total fastmode1 topology
compression size = 846472, CR = 4.180816
done
decompression time=0.032723
done
Min=0, Max=1, range=1
Max absolute error = 0.0019732714
Max relative error = 0.001973
Max pw relative error = 0.001973
PSNR = 64.797610, NRMSE= 0.00057559831079053542461
acEff=0.999995
compressionRatio = 4.180816
  ✓ Compression and decompression successful (ratio: 4.18x)

[85/90] Processing: U2d_1_768_1152.dat

compression time=0.008055, total fastmode1 topology
compression size = 510805, CR = 6.928170
done
decompression time=0.018961
done
Min=0, Max=1, range=1
Max absolute error = 0.0019333959
Max relative error = 0.001933
Max pw relative error = 0.001933
PSNR = 61.005529, NRMSE= 0.00089068377108864212575
acEff=0.999996
compressionRatio = 6.928170
  ✓ Compression and decompression successful (ratio: 6.92x)

[86/90] Processing: UV2d_1_768_1152.dat

compression time=0.008107, total fastmode1 topology
compression size = 508421, CR = 6.960657
done
decompression time=0.019416
done
Min=0, Max=1, range=1
Max absolute error = 0.0019333959
Max relative error = 0.001933
Max pw relative error = 0.001933
PSNR = 66.657420, NRMSE= 0.00046465326434830484057
acEff=0.999999
compressionRatio = 6.960657
  ✓ Compression and decompression successful (ratio: 6.96x)

[87/90] Processing: UW2d_1_768_1152.dat

compression time=0.008442, total fastmode1 topology
compression size = 506915, CR = 6.981336
done
decompression time=0.019373
done
Min=0, Max=1, range=1
Max absolute error = 0.0019333959
Max relative error = 0.001933
Max pw relative error = 0.001933
PSNR = 67.708838, NRMSE= 0.00041167841857572736721
acEff=0.999999
compressionRatio = 6.981336
  ✓ Compression and decompression successful (ratio: 6.98x)

[88/90] Processing: V2d_1_768_1152.dat

compression time=0.008288, total fastmode1 topology
compression size = 511180, CR = 6.923088
done
decompression time=0.019815
done
Min=0, Max=1, range=1
Max absolute error = 0.0019333959
Max relative error = 0.001933
Max pw relative error = 0.001933
PSNR = 68.176499, NRMSE= 0.00039009920658503069143
acEff=0.999999
compressionRatio = 6.923088
  ✓ Compression and decompression successful (ratio: 6.92x)

[89/90] Processing: VTH2d_1_768_1152.dat

compression time=0.008007, total fastmode1 topology
compression size = 507460, CR = 6.973838
done
decompression time=0.019121
done
Min=0, Max=1, range=1
Max absolute error = 0.0019333959
Max relative error = 0.001933
Max pw relative error = 0.001933
PSNR = 76.360853, NRMSE= 0.00015203981613647456293
acEff=0.999998
compressionRatio = 6.973838
  ✓ Compression and decompression successful (ratio: 6.97x)

[90/90] Processing: W2d_1_768_1152.dat

compression time=0.008405, total fastmode1 topology
compression size = 505820, CR = 6.996449
done
decompression time=0.019555
done
Min=0, Max=1, range=1
Max absolute error = 0.0019333959
Max relative error = 0.001933
Max pw relative error = 0.001933
PSNR = 73.196788, NRMSE= 0.00021885708112260888331
acEff=1.000000
compressionRatio = 6.996449
  ✓ Compression and decompression successful (ratio: 6.99x)

=== Summary ===
Total files processed: 86
Total files skipped: 0
Total files failed: 4

