Input directory: ../../../../CESM-OCEAN-MODELS/4/log_normalized
Output directory: ../../../../CESM-OCEAN-MODELS/4/log_normalized/SZ3_1e-7
Dimensions: 384x320
Error bound: 1e-7

Found 54 .dat file(s) to process

[1/54] Processing: ADVS_1_384_320.dat
compression ratio = 31.36 
compression time = 0.014800
compressed data file = ../../../../CESM-OCEAN-MODELS/4/log_normalized/ADVS_1_384_320.dat.sz.tmp
compression ratio = 31.364942
decompression time = 0.006358 seconds.
decompressed file = ../../../../CESM-OCEAN-MODELS/4/log_normalized/SZ3_1e-7/ADVS_1_384_320.dat.SZ3.out
  ✓ Compression successful (ratio: 1.00x)

[2/54] Processing: ADVS_ISOP_1_384_320.dat
compression ratio = 30.15 
compression time = 0.012628
compressed data file = ../../../../CESM-OCEAN-MODELS/4/log_normalized/ADVS_ISOP_1_384_320.dat.sz.tmp
compression ratio = 30.149052
decompression time = 0.006248 seconds.
decompressed file = ../../../../CESM-OCEAN-MODELS/4/log_normalized/SZ3_1e-7/ADVS_ISOP_1_384_320.dat.SZ3.out
  ✓ Compression successful (ratio: 1.00x)

[3/54] Processing: ADVS_SUBM_1_384_320.dat
compression ratio = 37.45 
compression time = 0.012446
compressed data file = ../../../../CESM-OCEAN-MODELS/4/log_normalized/ADVS_SUBM_1_384_320.dat.sz.tmp
compression ratio = 37.454850
decompression time = 0.006468 seconds.
decompressed file = ../../../../CESM-OCEAN-MODELS/4/log_normalized/SZ3_1e-7/ADVS_SUBM_1_384_320.dat.SZ3.out
  ✓ Compression successful (ratio: 1.00x)

[4/54] Processing: ADVT_1_384_320.dat
compression ratio = 2.70 
compression time = 0.012665
compressed data file = ../../../../CESM-OCEAN-MODELS/4/log_normalized/ADVT_1_384_320.dat.sz.tmp
compression ratio = 2.698658
decompression time = 0.004580 seconds.
decompressed file = ../../../../CESM-OCEAN-MODELS/4/log_normalized/SZ3_1e-7/ADVT_1_384_320.dat.SZ3.out
  ✓ Compression successful (ratio: 1.00x)

[5/54] Processing: ADVT_ISOP_1_384_320.dat
compression ratio = 3.13 
compression time = 0.011379
compressed data file = ../../../../CESM-OCEAN-MODELS/4/log_normalized/ADVT_ISOP_1_384_320.dat.sz.tmp
compression ratio = 3.130362
decompression time = 0.004210 seconds.
decompressed file = ../../../../CESM-OCEAN-MODELS/4/log_normalized/SZ3_1e-7/ADVT_ISOP_1_384_320.dat.SZ3.out
  ✓ Compression successful (ratio: 1.00x)

[6/54] Processing: ADVT_SUBM_1_384_320.dat
compression ratio = 7.68 
compression time = 0.013381
compressed data file = ../../../../CESM-OCEAN-MODELS/4/log_normalized/ADVT_SUBM_1_384_320.dat.sz.tmp
compression ratio = 7.684563
decompression time = 0.007784 seconds.
decompressed file = ../../../../CESM-OCEAN-MODELS/4/log_normalized/SZ3_1e-7/ADVT_SUBM_1_384_320.dat.SZ3.out
  ✓ Compression successful (ratio: 1.00x)

[7/54] Processing: BSF_1_384_320.dat
compression ratio = 1.64 
compression time = 0.027875
compressed data file = ../../../../CESM-OCEAN-MODELS/4/log_normalized/BSF_1_384_320.dat.sz.tmp
compression ratio = 1.638324
decompression time = 0.006346 seconds.
decompressed file = ../../../../CESM-OCEAN-MODELS/4/log_normalized/SZ3_1e-7/BSF_1_384_320.dat.SZ3.out
  ✓ Compression successful (ratio: 1.00x)

[8/54] Processing: DIA_DEPTH_1_384_320.dat
compression ratio = 1.48 
compression time = 0.025445
compressed data file = ../../../../CESM-OCEAN-MODELS/4/log_normalized/DIA_DEPTH_1_384_320.dat.sz.tmp
compression ratio = 1.477816
decompression time = 0.006569 seconds.
decompressed file = ../../../../CESM-OCEAN-MODELS/4/log_normalized/SZ3_1e-7/DIA_DEPTH_1_384_320.dat.SZ3.out
  ✓ Compression successful (ratio: 1.00x)

[9/54] Processing: dTEMP_NEG_2D_1_384_320.dat
compression ratio = 2.05 
compression time = 0.015523
compressed data file = ../../../../CESM-OCEAN-MODELS/4/log_normalized/dTEMP_NEG_2D_1_384_320.dat.sz.tmp
compression ratio = 2.052507
decompression time = 0.005665 seconds.
decompressed file = ../../../../CESM-OCEAN-MODELS/4/log_normalized/SZ3_1e-7/dTEMP_NEG_2D_1_384_320.dat.SZ3.out
  ✓ Compression successful (ratio: 1.00x)

[10/54] Processing: dTEMP_POS_2D_1_384_320.dat
compression ratio = 1.59 
compression time = 0.020427
compressed data file = ../../../../CESM-OCEAN-MODELS/4/log_normalized/dTEMP_POS_2D_1_384_320.dat.sz.tmp
compression ratio = 1.592850
decompression time = 0.006461 seconds.
decompressed file = ../../../../CESM-OCEAN-MODELS/4/log_normalized/SZ3_1e-7/dTEMP_POS_2D_1_384_320.dat.SZ3.out
  ✓ Compression successful (ratio: 1.00x)

[11/54] Processing: EVAP_F_1_384_320.dat
compression ratio = 14.90 
compression time = 0.013383
compressed data file = ../../../../CESM-OCEAN-MODELS/4/log_normalized/EVAP_F_1_384_320.dat.sz.tmp
compression ratio = 14.904030
decompression time = 0.006858 seconds.
decompressed file = ../../../../CESM-OCEAN-MODELS/4/log_normalized/SZ3_1e-7/EVAP_F_1_384_320.dat.SZ3.out
  ✓ Compression successful (ratio: 1.00x)

[12/54] Processing: FW_1_384_320.dat
compression ratio = 59.71 
compression time = 0.011975
compressed data file = ../../../../CESM-OCEAN-MODELS/4/log_normalized/FW_1_384_320.dat.sz.tmp
compression ratio = 59.708455
decompression time = 0.006379 seconds.
decompressed file = ../../../../CESM-OCEAN-MODELS/4/log_normalized/SZ3_1e-7/FW_1_384_320.dat.SZ3.out
  ✓ Compression successful (ratio: 1.00x)

[13/54] Processing: HBLT_1_384_320.dat
compression ratio = 1.45 
compression time = 0.026224
compressed data file = ../../../../CESM-OCEAN-MODELS/4/log_normalized/HBLT_1_384_320.dat.sz.tmp
compression ratio = 1.450827
decompression time = 0.006579 seconds.
decompressed file = ../../../../CESM-OCEAN-MODELS/4/log_normalized/SZ3_1e-7/HBLT_1_384_320.dat.SZ3.out
  ✓ Compression successful (ratio: 1.00x)

[14/54] Processing: HDIFS_1_384_320.dat
compression ratio = 27.06 
compression time = 0.012275
compressed data file = ../../../../CESM-OCEAN-MODELS/4/log_normalized/HDIFS_1_384_320.dat.sz.tmp
compression ratio = 27.055650
decompression time = 0.006609 seconds.
decompressed file = ../../../../CESM-OCEAN-MODELS/4/log_normalized/SZ3_1e-7/HDIFS_1_384_320.dat.SZ3.out
  ✓ Compression successful (ratio: 1.00x)

[15/54] Processing: HDIFT_1_384_320.dat
compression ratio = 3.03 
compression time = 0.011602
compressed data file = ../../../../CESM-OCEAN-MODELS/4/log_normalized/HDIFT_1_384_320.dat.sz.tmp
compression ratio = 3.027962
decompression time = 0.004189 seconds.
decompressed file = ../../../../CESM-OCEAN-MODELS/4/log_normalized/SZ3_1e-7/HDIFT_1_384_320.dat.SZ3.out
  ✓ Compression successful (ratio: 1.00x)

[16/54] Processing: HLS_SUBM_1_384_320.dat
compression ratio = 1.72 
compression time = 0.025578
compressed data file = ../../../../CESM-OCEAN-MODELS/4/log_normalized/HLS_SUBM_1_384_320.dat.sz.tmp
compression ratio = 1.717040
decompression time = 0.010162 seconds.
decompressed file = ../../../../CESM-OCEAN-MODELS/4/log_normalized/SZ3_1e-7/HLS_SUBM_1_384_320.dat.SZ3.out
  ✓ Compression successful (ratio: 1.00x)

[17/54] Processing: HMXL_1_384_320.dat
compression ratio = 1.43 
compression time = 0.026013
compressed data file = ../../../../CESM-OCEAN-MODELS/4/log_normalized/HMXL_1_384_320.dat.sz.tmp
compression ratio = 1.430563
decompression time = 0.006306 seconds.
decompressed file = ../../../../CESM-OCEAN-MODELS/4/log_normalized/SZ3_1e-7/HMXL_1_384_320.dat.SZ3.out
  ✓ Compression successful (ratio: 1.00x)

[18/54] Processing: IFRAC_1_384_320.dat
compression ratio = 6.07 
compression time = 0.015761
compressed data file = ../../../../CESM-OCEAN-MODELS/4/log_normalized/IFRAC_1_384_320.dat.sz.tmp
compression ratio = 6.066201
decompression time = 0.007506 seconds.
decompressed file = ../../../../CESM-OCEAN-MODELS/4/log_normalized/SZ3_1e-7/IFRAC_1_384_320.dat.SZ3.out
  ✓ Compression successful (ratio: 1.00x)

[19/54] Processing: INT_DEPTH_1_384_320.dat
compression ratio = 1.45 
compression time = 0.025557
compressed data file = ../../../../CESM-OCEAN-MODELS/4/log_normalized/INT_DEPTH_1_384_320.dat.sz.tmp
compression ratio = 1.454115
decompression time = 0.006843 seconds.
decompressed file = ../../../../CESM-OCEAN-MODELS/4/log_normalized/SZ3_1e-7/INT_DEPTH_1_384_320.dat.SZ3.out
  ✓ Compression successful (ratio: 1.00x)

[20/54] Processing: IOFF_F_1_384_320.dat
compression ratio = 44.69 
compression time = 0.012020
compressed data file = ../../../../CESM-OCEAN-MODELS/4/log_normalized/IOFF_F_1_384_320.dat.sz.tmp
compression ratio = 44.687699
decompression time = 0.006647 seconds.
decompressed file = ../../../../CESM-OCEAN-MODELS/4/log_normalized/SZ3_1e-7/IOFF_F_1_384_320.dat.SZ3.out
  ✓ Compression successful (ratio: 1.00x)

[21/54] Processing: LWDN_F_1_384_320.dat
compression ratio = 1.92 
compression time = 0.017506
compressed data file = ../../../../CESM-OCEAN-MODELS/4/log_normalized/LWDN_F_1_384_320.dat.sz.tmp
compression ratio = 1.919760
decompression time = 0.005220 seconds.
decompressed file = ../../../../CESM-OCEAN-MODELS/4/log_normalized/SZ3_1e-7/LWDN_F_1_384_320.dat.SZ3.out
  ✓ Compression successful (ratio: 1.00x)

[22/54] Processing: LWUP_F_1_384_320.dat
compression ratio = 1.57 
compression time = 0.022736
compressed data file = ../../../../CESM-OCEAN-MODELS/4/log_normalized/LWUP_F_1_384_320.dat.sz.tmp
compression ratio = 1.567452
decompression time = 0.006770 seconds.
decompressed file = ../../../../CESM-OCEAN-MODELS/4/log_normalized/SZ3_1e-7/LWUP_F_1_384_320.dat.SZ3.out
  ✓ Compression successful (ratio: 1.00x)

[23/54] Processing: MELT_F_1_384_320.dat
compression ratio = 26.71 
compression time = 0.011422
compressed data file = ../../../../CESM-OCEAN-MODELS/4/log_normalized/MELT_F_1_384_320.dat.sz.tmp
compression ratio = 26.707238
decompression time = 0.006500 seconds.
decompressed file = ../../../../CESM-OCEAN-MODELS/4/log_normalized/SZ3_1e-7/MELT_F_1_384_320.dat.SZ3.out
  ✓ Compression successful (ratio: 1.00x)

[24/54] Processing: MELTH_F_1_384_320.dat
compression ratio = 6.29 
compression time = 0.008944
compressed data file = ../../../../CESM-OCEAN-MODELS/4/log_normalized/MELTH_F_1_384_320.dat.sz.tmp
compression ratio = 6.293309
decompression time = 0.002740 seconds.
decompressed file = ../../../../CESM-OCEAN-MODELS/4/log_normalized/SZ3_1e-7/MELTH_F_1_384_320.dat.SZ3.out
  ✓ Compression successful (ratio: 1.00x)

[25/54] Processing: PREC_F_1_384_320.dat
compression ratio = 12.43 
compression time = 0.012378
compressed data file = ../../../../CESM-OCEAN-MODELS/4/log_normalized/PREC_F_1_384_320.dat.sz.tmp
compression ratio = 12.432214
decompression time = 0.007196 seconds.
decompressed file = ../../../../CESM-OCEAN-MODELS/4/log_normalized/SZ3_1e-7/PREC_F_1_384_320.dat.SZ3.out
  ✓ Compression successful (ratio: 1.00x)

[26/54] Processing: QFLUX_1_384_320.dat
compression ratio = 8.39 
compression time = 0.014385
compressed data file = ../../../../CESM-OCEAN-MODELS/4/log_normalized/QFLUX_1_384_320.dat.sz.tmp
compression ratio = 8.386282
decompression time = 0.006301 seconds.
decompressed file = ../../../../CESM-OCEAN-MODELS/4/log_normalized/SZ3_1e-7/QFLUX_1_384_320.dat.SZ3.out
  ✓ Compression successful (ratio: 1.00x)

[27/54] Processing: QSW_HBL_1_384_320.dat
compression ratio = 1.60 
compression time = 0.024147
compressed data file = ../../../../CESM-OCEAN-MODELS/4/log_normalized/QSW_HBL_1_384_320.dat.sz.tmp
compression ratio = 1.601595
decompression time = 0.006447 seconds.
decompressed file = ../../../../CESM-OCEAN-MODELS/4/log_normalized/SZ3_1e-7/QSW_HBL_1_384_320.dat.SZ3.out
  ✓ Compression successful (ratio: 1.00x)

[28/54] Processing: QSW_HTP_1_384_320.dat
compression ratio = 1.58 
compression time = 0.023469
compressed data file = ../../../../CESM-OCEAN-MODELS/4/log_normalized/QSW_HTP_1_384_320.dat.sz.tmp
compression ratio = 1.578385
decompression time = 0.006643 seconds.
decompressed file = ../../../../CESM-OCEAN-MODELS/4/log_normalized/SZ3_1e-7/QSW_HTP_1_384_320.dat.SZ3.out
  ✓ Compression successful (ratio: 1.00x)

[29/54] Processing: RESID_S_1_384_320.dat
compression ratio = 59.71 
compression time = 0.011981
compressed data file = ../../../../CESM-OCEAN-MODELS/4/log_normalized/RESID_S_1_384_320.dat.sz.tmp
compression ratio = 59.708455
decompression time = 0.006187 seconds.
decompressed file = ../../../../CESM-OCEAN-MODELS/4/log_normalized/SZ3_1e-7/RESID_S_1_384_320.dat.SZ3.out
  ✓ Compression successful (ratio: 1.00x)

[30/54] Processing: RESID_T_1_384_320.dat
compression ratio = 59.71 
compression time = 0.011630
compressed data file = ../../../../CESM-OCEAN-MODELS/4/log_normalized/RESID_T_1_384_320.dat.sz.tmp
compression ratio = 59.708455
decompression time = 0.006228 seconds.
decompressed file = ../../../../CESM-OCEAN-MODELS/4/log_normalized/SZ3_1e-7/RESID_T_1_384_320.dat.SZ3.out
  ✓ Compression successful (ratio: 1.00x)

[31/54] Processing: RHO_VINT_1_384_320.dat
compression ratio = 1.34 
compression time = 0.027682
compressed data file = ../../../../CESM-OCEAN-MODELS/4/log_normalized/RHO_VINT_1_384_320.dat.sz.tmp
compression ratio = 1.335983
decompression time = 0.007716 seconds.
decompressed file = ../../../../CESM-OCEAN-MODELS/4/log_normalized/SZ3_1e-7/RHO_VINT_1_384_320.dat.SZ3.out
  ✓ Compression successful (ratio: 1.00x)

[32/54] Processing: ROFF_F_1_384_320.dat
compression ratio = 19.00 
compression time = 0.012981
compressed data file = ../../../../CESM-OCEAN-MODELS/4/log_normalized/ROFF_F_1_384_320.dat.sz.tmp
compression ratio = 19.004021
decompression time = 0.006722 seconds.
decompressed file = ../../../../CESM-OCEAN-MODELS/4/log_normalized/SZ3_1e-7/ROFF_F_1_384_320.dat.SZ3.out
  ✓ Compression successful (ratio: 1.00x)

[33/54] Processing: SALT_F_1_384_320.dat
compression ratio = 50.29 
compression time = 0.011593
compressed data file = ../../../../CESM-OCEAN-MODELS/4/log_normalized/SALT_F_1_384_320.dat.sz.tmp
compression ratio = 50.288521
decompression time = 0.006243 seconds.
decompressed file = ../../../../CESM-OCEAN-MODELS/4/log_normalized/SZ3_1e-7/SALT_F_1_384_320.dat.SZ3.out
  ✓ Compression successful (ratio: 1.00x)

[34/54] Processing: SENH_F_1_384_320.dat
compression ratio = 2.22 
compression time = 0.014920
compressed data file = ../../../../CESM-OCEAN-MODELS/4/log_normalized/SENH_F_1_384_320.dat.sz.tmp
compression ratio = 2.221017
decompression time = 0.004645 seconds.
decompressed file = ../../../../CESM-OCEAN-MODELS/4/log_normalized/SZ3_1e-7/SENH_F_1_384_320.dat.SZ3.out
  ✓ Compression successful (ratio: 1.00x)

[35/54] Processing: SFWF_1_384_320.dat
compression ratio = 10.64 
compression time = 0.012528
compressed data file = ../../../../CESM-OCEAN-MODELS/4/log_normalized/SFWF_1_384_320.dat.sz.tmp
compression ratio = 10.635738
decompression time = 0.007313 seconds.
decompressed file = ../../../../CESM-OCEAN-MODELS/4/log_normalized/SZ3_1e-7/SFWF_1_384_320.dat.SZ3.out
  ✓ Compression successful (ratio: 1.00x)

[36/54] Processing: SFWF_WRST_1_384_320.dat
compression ratio = 59.71 
compression time = 0.011653
compressed data file = ../../../../CESM-OCEAN-MODELS/4/log_normalized/SFWF_WRST_1_384_320.dat.sz.tmp
compression ratio = 59.708455
decompression time = 0.006190 seconds.
decompressed file = ../../../../CESM-OCEAN-MODELS/4/log_normalized/SZ3_1e-7/SFWF_WRST_1_384_320.dat.SZ3.out
  ✓ Compression successful (ratio: 1.00x)

[37/54] Processing: SHF_1_384_320.dat
compression ratio = 1.95 
compression time = 0.020827
compressed data file = ../../../../CESM-OCEAN-MODELS/4/log_normalized/SHF_1_384_320.dat.sz.tmp
compression ratio = 1.952700
decompression time = 0.006159 seconds.
decompressed file = ../../../../CESM-OCEAN-MODELS/4/log_normalized/SZ3_1e-7/SHF_1_384_320.dat.SZ3.out
  ✓ Compression successful (ratio: 1.00x)

[38/54] Processing: SHF_QSW_1_384_320.dat
compression ratio = 1.65 
compression time = 0.023772
compressed data file = ../../../../CESM-OCEAN-MODELS/4/log_normalized/SHF_QSW_1_384_320.dat.sz.tmp
compression ratio = 1.653686
decompression time = 0.006269 seconds.
decompressed file = ../../../../CESM-OCEAN-MODELS/4/log_normalized/SZ3_1e-7/SHF_QSW_1_384_320.dat.SZ3.out
  ✓ Compression successful (ratio: 1.00x)

[39/54] Processing: SNOW_F_1_384_320.dat
compression ratio = 36.22 
compression time = 0.011947
compressed data file = ../../../../CESM-OCEAN-MODELS/4/log_normalized/SNOW_F_1_384_320.dat.sz.tmp
compression ratio = 36.218407
decompression time = 0.006406 seconds.
decompressed file = ../../../../CESM-OCEAN-MODELS/4/log_normalized/SZ3_1e-7/SNOW_F_1_384_320.dat.SZ3.out
  ✓ Compression successful (ratio: 1.00x)

[40/54] Processing: SSH_1_384_320.dat
compression ratio = 1.65 
compression time = 0.022924
compressed data file = ../../../../CESM-OCEAN-MODELS/4/log_normalized/SSH_1_384_320.dat.sz.tmp
compression ratio = 1.649313
decompression time = 0.005627 seconds.
decompressed file = ../../../../CESM-OCEAN-MODELS/4/log_normalized/SZ3_1e-7/SSH_1_384_320.dat.SZ3.out
  ✓ Compression successful (ratio: 1.00x)

[41/54] Processing: SSH2_1_384_320.dat
compression ratio = 1.25 
compression time = 0.025609
compressed data file = ../../../../CESM-OCEAN-MODELS/4/log_normalized/SSH2_1_384_320.dat.sz.tmp
compression ratio = 1.247396
decompression time = 0.005923 seconds.
decompressed file = ../../../../CESM-OCEAN-MODELS/4/log_normalized/SZ3_1e-7/SSH2_1_384_320.dat.SZ3.out
  ✓ Compression successful (ratio: 1.00x)

[42/54] Processing: SU_1_384_320.dat
compression ratio = 1.66 
compression time = 0.024303
compressed data file = ../../../../CESM-OCEAN-MODELS/4/log_normalized/SU_1_384_320.dat.sz.tmp
compression ratio = 1.660529
decompression time = 0.006514 seconds.
decompressed file = ../../../../CESM-OCEAN-MODELS/4/log_normalized/SZ3_1e-7/SU_1_384_320.dat.SZ3.out
  ✓ Compression successful (ratio: 1.00x)

[43/54] Processing: SV_1_384_320.dat
compression ratio = 1.63 
compression time = 0.021970
compressed data file = ../../../../CESM-OCEAN-MODELS/4/log_normalized/SV_1_384_320.dat.sz.tmp
compression ratio = 1.626107
decompression time = 0.006078 seconds.
decompressed file = ../../../../CESM-OCEAN-MODELS/4/log_normalized/SZ3_1e-7/SV_1_384_320.dat.SZ3.out
  ✓ Compression successful (ratio: 1.00x)

[44/54] Processing: TAUX_1_384_320.dat
compression ratio = 1.94 
compression time = 0.017939
compressed data file = ../../../../CESM-OCEAN-MODELS/4/log_normalized/TAUX_1_384_320.dat.sz.tmp
compression ratio = 1.939593
decompression time = 0.005215 seconds.
decompressed file = ../../../../CESM-OCEAN-MODELS/4/log_normalized/SZ3_1e-7/TAUX_1_384_320.dat.SZ3.out
  ✓ Compression successful (ratio: 1.00x)

[45/54] Processing: TAUX2_1_384_320.dat
compression ratio = 1.48 
compression time = 0.024595
compressed data file = ../../../../CESM-OCEAN-MODELS/4/log_normalized/TAUX2_1_384_320.dat.sz.tmp
compression ratio = 1.479992
decompression time = 0.005816 seconds.
decompressed file = ../../../../CESM-OCEAN-MODELS/4/log_normalized/SZ3_1e-7/TAUX2_1_384_320.dat.SZ3.out
  ✓ Compression successful (ratio: 1.00x)

[46/54] Processing: TAUY_1_384_320.dat
compression ratio = 1.92 
compression time = 0.018659
compressed data file = ../../../../CESM-OCEAN-MODELS/4/log_normalized/TAUY_1_384_320.dat.sz.tmp
compression ratio = 1.917857
decompression time = 0.005376 seconds.
decompressed file = ../../../../CESM-OCEAN-MODELS/4/log_normalized/SZ3_1e-7/TAUY_1_384_320.dat.SZ3.out
  ✓ Compression successful (ratio: 1.00x)

[47/54] Processing: TAUY2_1_384_320.dat
compression ratio = 1.48 
compression time = 0.025397
compressed data file = ../../../../CESM-OCEAN-MODELS/4/log_normalized/TAUY2_1_384_320.dat.sz.tmp
compression ratio = 1.482406
decompression time = 0.006170 seconds.
decompressed file = ../../../../CESM-OCEAN-MODELS/4/log_normalized/SZ3_1e-7/TAUY2_1_384_320.dat.SZ3.out
  ✓ Compression successful (ratio: 1.00x)

[48/54] Processing: TBLT_1_384_320.dat
compression ratio = 1.08 
compression time = 0.029998
compressed data file = ../../../../CESM-OCEAN-MODELS/4/log_normalized/TBLT_1_384_320.dat.sz.tmp
compression ratio = 1.080561
decompression time = 0.006837 seconds.
decompressed file = ../../../../CESM-OCEAN-MODELS/4/log_normalized/SZ3_1e-7/TBLT_1_384_320.dat.SZ3.out
  ✓ Compression successful (ratio: 1.00x)

[49/54] Processing: TFW_S_1_384_320.dat
compression ratio = 59.71 
compression time = 0.011844
compressed data file = ../../../../CESM-OCEAN-MODELS/4/log_normalized/TFW_S_1_384_320.dat.sz.tmp
compression ratio = 59.708455
decompression time = 0.006188 seconds.
decompressed file = ../../../../CESM-OCEAN-MODELS/4/log_normalized/SZ3_1e-7/TFW_S_1_384_320.dat.SZ3.out
  ✓ Compression successful (ratio: 1.00x)

[50/54] Processing: TFW_T_1_384_320.dat
compression ratio = 59.71 
compression time = 0.011891
compressed data file = ../../../../CESM-OCEAN-MODELS/4/log_normalized/TFW_T_1_384_320.dat.sz.tmp
compression ratio = 59.708455
decompression time = 0.006144 seconds.
decompressed file = ../../../../CESM-OCEAN-MODELS/4/log_normalized/SZ3_1e-7/TFW_T_1_384_320.dat.SZ3.out
  ✓ Compression successful (ratio: 1.00x)

[51/54] Processing: TLT_1_384_320.dat
compression ratio = 1.06 
compression time = 0.033003
compressed data file = ../../../../CESM-OCEAN-MODELS/4/log_normalized/TLT_1_384_320.dat.sz.tmp
compression ratio = 1.059274
decompression time = 0.007981 seconds.
decompressed file = ../../../../CESM-OCEAN-MODELS/4/log_normalized/SZ3_1e-7/TLT_1_384_320.dat.SZ3.out
  ✓ Compression successful (ratio: 1.00x)

[52/54] Processing: TMXL_1_384_320.dat
compression ratio = 1.31 
compression time = 0.028837
compressed data file = ../../../../CESM-OCEAN-MODELS/4/log_normalized/TMXL_1_384_320.dat.sz.tmp
compression ratio = 1.311857
decompression time = 0.005624 seconds.
decompressed file = ../../../../CESM-OCEAN-MODELS/4/log_normalized/SZ3_1e-7/TMXL_1_384_320.dat.SZ3.out
  ✓ Compression successful (ratio: 1.00x)

[53/54] Processing: XBLT_1_384_320.dat
compression ratio = 1.43 
compression time = 0.024656
compressed data file = ../../../../CESM-OCEAN-MODELS/4/log_normalized/XBLT_1_384_320.dat.sz.tmp
compression ratio = 1.431242
decompression time = 0.006529 seconds.
decompressed file = ../../../../CESM-OCEAN-MODELS/4/log_normalized/SZ3_1e-7/XBLT_1_384_320.dat.SZ3.out
  ✓ Compression successful (ratio: 1.00x)

[54/54] Processing: XMXL_1_384_320.dat
compression ratio = 1.40 
compression time = 0.024827
compressed data file = ../../../../CESM-OCEAN-MODELS/4/log_normalized/XMXL_1_384_320.dat.sz.tmp
compression ratio = 1.404608
decompression time = 0.006448 seconds.
decompressed file = ../../../../CESM-OCEAN-MODELS/4/log_normalized/SZ3_1e-7/XMXL_1_384_320.dat.SZ3.out
  ✓ Compression successful (ratio: 1.00x)

=== Summary ===
Total files processed: 54
Total files skipped: 0
Total files failed: 0

