Original directory: ../../CESM-LAND-MODELS/4/log_normalized/
Decompressed directory: ../../CESM-LAND-MODELS/4/log_normalized/topoSZp_1E-3
Dimensions: 192x288
Error bound: 1E-3

Found 176 .dat file(s) to process

[1/176] Processing: ACTUAL_IMMOB_1_192_288.dat
  False Negatives: 49
  False Positives: 0
  False Types: 0
  Grand Total: 49
  Total Critical Points (Decompressed): 734

[2/176] Processing: AGNPP_1_192_288.dat
  False Negatives: 200
  False Positives: 0
  False Types: 0
  Grand Total: 200
  Total Critical Points (Decompressed): 1183

[3/176] Processing: ANN_FAREA_BURNED_1_192_288.dat
  False Negatives: 391
  False Positives: 0
  False Types: 0
  Grand Total: 391
  Total Critical Points (Decompressed): 1990

[4/176] Processing: AR_1_192_288.dat
  False Negatives: 375
  False Positives: 0
  False Types: 0
  Grand Total: 375
  Total Critical Points (Decompressed): 2103

[5/176] Processing: area_192_288.dat
  False Negatives: 0
  False Positives: 0
  False Types: 0
  Grand Total: 0
  Total Critical Points (Decompressed): 22

[6/176] Processing: areaatm_192_288.dat
  False Negatives: 0
  False Positives: 0
  False Types: 0
  Grand Total: 0
  Total Critical Points (Decompressed): 20

[7/176] Processing: areaupsc_192_288.dat
  False Negatives: 0
  False Positives: 0
  False Types: 0
  Grand Total: 0
  Total Critical Points (Decompressed): 22

[8/176] Processing: BCDEP_1_192_288.dat
  False Negatives: 0
  False Positives: 0
  False Types: 0
  Grand Total: 0
  Total Critical Points (Decompressed): 15

[9/176] Processing: BGNPP_1_192_288.dat
  False Negatives: 223
  False Positives: 0
  False Types: 0
  Grand Total: 223
  Total Critical Points (Decompressed): 1227

[10/176] Processing: BTRAN_1_192_288.dat
  False Negatives: 291
  False Positives: 0
  False Types: 0
  Grand Total: 291
  Total Critical Points (Decompressed): 2177

[11/176] Processing: BUILDHEAT_1_192_288.dat
  False Negatives: 192
  False Positives: 0
  False Types: 0
  Grand Total: 192
  Total Critical Points (Decompressed): 1298

[12/176] Processing: COL_CTRUNC_1_192_288.dat
  False Negatives: 162
  False Positives: 0
  False Types: 0
  Grand Total: 162
  Total Critical Points (Decompressed): 665

[13/176] Processing: COL_FIRE_CLOSS_1_192_288.dat
  False Negatives: 47
  False Positives: 0
  False Types: 0
  Grand Total: 47
  Total Critical Points (Decompressed): 428

[14/176] Processing: COL_FIRE_NLOSS_1_192_288.dat
  False Negatives: 0
  False Positives: 0
  False Types: 0
  Grand Total: 0
  Total Critical Points (Decompressed): 51

[15/176] Processing: COL_NTRUNC_1_192_288.dat
  False Negatives: 81
  False Positives: 0
  False Types: 0
  Grand Total: 81
  Total Critical Points (Decompressed): 346

[16/176] Processing: CPOOL_1_192_288.dat
  False Negatives: 0
  False Positives: 0
  False Types: 0
  Grand Total: 0
  Total Critical Points (Decompressed): 15

[17/176] Processing: CWDC_1_192_288.dat
  False Negatives: 72
  False Positives: 0
  False Types: 0
  Grand Total: 72
  Total Critical Points (Decompressed): 2565

[18/176] Processing: CWDC_HR_1_192_288.dat
  False Negatives: 0
  False Positives: 0
  False Types: 0
  Grand Total: 0
  Total Critical Points (Decompressed): 15

[19/176] Processing: CWDC_LOSS_1_192_288.dat
  False Negatives: 188
  False Positives: 0
  False Types: 0
  Grand Total: 188
  Total Critical Points (Decompressed): 1196

[20/176] Processing: CWDN_1_192_288.dat
  False Negatives: 210
  False Positives: 0
  False Types: 0
  Grand Total: 210
  Total Critical Points (Decompressed): 2417

[21/176] Processing: DEADCROOTC_1_192_288.dat
  False Negatives: 61
  False Positives: 0
  False Types: 0
  Grand Total: 61
  Total Critical Points (Decompressed): 2534

[22/176] Processing: DEADCROOTN_1_192_288.dat
  False Negatives: 184
  False Positives: 0
  False Types: 0
  Grand Total: 184
  Total Critical Points (Decompressed): 2407

[23/176] Processing: DEADSTEMC_1_192_288.dat
  False Negatives: 45
  False Positives: 0
  False Types: 0
  Grand Total: 45
  Total Critical Points (Decompressed): 2550

[24/176] Processing: DEADSTEMN_1_192_288.dat
  False Negatives: 116
  False Positives: 0
  False Types: 0
  Grand Total: 116
  Total Critical Points (Decompressed): 2476

[25/176] Processing: DENIT_1_192_288.dat
  False Negatives: 1
  False Positives: 0
  False Types: 0
  Grand Total: 1
  Total Critical Points (Decompressed): 189

[26/176] Processing: DISPVEGC_1_192_288.dat
  False Negatives: 66
  False Positives: 0
  False Types: 0
  Grand Total: 66
  Total Critical Points (Decompressed): 2785

[27/176] Processing: DISPVEGN_1_192_288.dat
  False Negatives: 128
  False Positives: 0
  False Types: 0
  Grand Total: 128
  Total Critical Points (Decompressed): 2766

[28/176] Processing: DSTDEP_1_192_288.dat
  False Negatives: 0
  False Positives: 0
  False Types: 0
  Grand Total: 0
  Total Critical Points (Decompressed): 15

[29/176] Processing: DSTFLXT_1_192_288.dat
  False Negatives: 0
  False Positives: 0
  False Types: 0
  Grand Total: 0
  Total Critical Points (Decompressed): 82

[30/176] Processing: DWT_CLOSS_1_192_288.dat
  False Negatives: 0
  False Positives: 0
  False Types: 0
  Grand Total: 0
  Total Critical Points (Decompressed): 15

[31/176] Processing: DWT_CONV_CFLUX_1_192_288.dat
  False Negatives: 0
  False Positives: 0
  False Types: 0
  Grand Total: 0
  Total Critical Points (Decompressed): 15

[32/176] Processing: DWT_CONV_NFLUX_1_192_288.dat
  False Negatives: 0
  False Positives: 0
  False Types: 0
  Grand Total: 0
  Total Critical Points (Decompressed): 15

[33/176] Processing: DWT_NLOSS_1_192_288.dat
  False Negatives: 0
  False Positives: 0
  False Types: 0
  Grand Total: 0
  Total Critical Points (Decompressed): 15

[34/176] Processing: DWT_PROD100C_GAIN_1_192_288.dat
  False Negatives: 0
  False Positives: 0
  False Types: 0
  Grand Total: 0
  Total Critical Points (Decompressed): 15

[35/176] Processing: DWT_PROD100N_GAIN_1_192_288.dat
  False Negatives: 0
  False Positives: 0
  False Types: 0
  Grand Total: 0
  Total Critical Points (Decompressed): 15

[36/176] Processing: DWT_PROD10C_GAIN_1_192_288.dat
  False Negatives: 0
  False Positives: 0
  False Types: 0
  Grand Total: 0
  Total Critical Points (Decompressed): 15

[37/176] Processing: DWT_PROD10N_GAIN_1_192_288.dat
  False Negatives: 0
  False Positives: 0
  False Types: 0
  Grand Total: 0
  Total Critical Points (Decompressed): 15

[38/176] Processing: DWT_SEEDC_TO_DEADSTEM_1_192_288.dat
  False Negatives: 0
  False Positives: 0
  False Types: 0
  Grand Total: 0
  Total Critical Points (Decompressed): 15

[39/176] Processing: DWT_SEEDC_TO_LEAF_1_192_288.dat
  False Negatives: 0
  False Positives: 0
  False Types: 0
  Grand Total: 0
  Total Critical Points (Decompressed): 15

[40/176] Processing: DWT_SEEDN_TO_DEADSTEM_1_192_288.dat
  False Negatives: 0
  False Positives: 0
  False Types: 0
  Grand Total: 0
  Total Critical Points (Decompressed): 15

[41/176] Processing: DWT_SEEDN_TO_LEAF_1_192_288.dat
  False Negatives: 0
  False Positives: 0
  False Types: 0
  Grand Total: 0
  Total Critical Points (Decompressed): 15

[42/176] Processing: EFLX_DYNBAL_1_192_288.dat
  False Negatives: 0
  False Positives: 0
  False Types: 0
  Grand Total: 0
  Total Critical Points (Decompressed): 15

[43/176] Processing: EFLX_LH_TOT_R_1_192_288.dat
  False Negatives: 222
  False Positives: 0
  False Types: 0
  Grand Total: 222
  Total Critical Points (Decompressed): 2473

[44/176] Processing: EFLX_LH_TOT_U_1_192_288.dat
  False Negatives: 47
  False Positives: 0
  False Types: 0
  Grand Total: 47
  Total Critical Points (Decompressed): 1182

[45/176] Processing: ELAI_1_192_288.dat
  False Negatives: 154
  False Positives: 0
  False Types: 0
  Grand Total: 154
  Total Critical Points (Decompressed): 2850

[46/176] Processing: ER_1_192_288.dat
  False Negatives: 391
  False Positives: 0
  False Types: 0
  Grand Total: 391
  Total Critical Points (Decompressed): 2138

[47/176] Processing: ERRH2O_1_192_288.dat
  False Negatives: 0
  False Positives: 0
  False Types: 0
  Grand Total: 0
  Total Critical Points (Decompressed): 15

[48/176] Processing: ERRSEB_1_192_288.dat
  False Negatives: 0
  False Positives: 0
  False Types: 0
  Grand Total: 0
  Total Critical Points (Decompressed): 15

[49/176] Processing: ERRSOI_1_192_288.dat
  False Negatives: 0
  False Positives: 0
  False Types: 0
  Grand Total: 0
  Total Critical Points (Decompressed): 15

[50/176] Processing: ERRSOL_1_192_288.dat
  False Negatives: 0
  False Positives: 0
  False Types: 0
  Grand Total: 0
  Total Critical Points (Decompressed): 15

[51/176] Processing: ESAI_1_192_288.dat
  False Negatives: 257
  False Positives: 0
  False Types: 0
  Grand Total: 257
  Total Critical Points (Decompressed): 2846

[52/176] Processing: FCEV_1_192_288.dat
  False Negatives: 189
  False Positives: 0
  False Types: 0
  Grand Total: 189
  Total Critical Points (Decompressed): 2346

[53/176] Processing: FCOV_1_192_288.dat
  False Negatives: 508
  False Positives: 0
  False Types: 0
  Grand Total: 508
  Total Critical Points (Decompressed): 3461

[54/176] Processing: FCTR_1_192_288.dat
  False Negatives: 197
  False Positives: 0
  False Types: 0
  Grand Total: 197
  Total Critical Points (Decompressed): 2316

[55/176] Processing: FGEV_1_192_288.dat
  False Negatives: 372
  False Positives: 0
  False Types: 0
  Grand Total: 372
  Total Critical Points (Decompressed): 3771

[56/176] Processing: FGR_1_192_288.dat
  False Negatives: 643
  False Positives: 0
  False Types: 0
  Grand Total: 643
  Total Critical Points (Decompressed): 3749

[57/176] Processing: FGR12_1_192_288.dat
  False Negatives: 566
  False Positives: 0
  False Types: 0
  Grand Total: 566
  Total Critical Points (Decompressed): 3681

[58/176] Processing: FGR_R_1_192_288.dat
  False Negatives: 359
  False Positives: 0
  False Types: 0
  Grand Total: 359
  Total Critical Points (Decompressed): 2355

[59/176] Processing: FGR_U_1_192_288.dat
  False Negatives: 90
  False Positives: 0
  False Types: 0
  Grand Total: 90
  Total Critical Points (Decompressed): 1031

[60/176] Processing: FIRA_1_192_288.dat
  False Negatives: 353
  False Positives: 0
  False Types: 0
  Grand Total: 353
  Total Critical Points (Decompressed): 3014

[61/176] Processing: FIRA_R_1_192_288.dat
  False Negatives: 224
  False Positives: 0
  False Types: 0
  Grand Total: 224
  Total Critical Points (Decompressed): 2143

[62/176] Processing: FIRA_U_1_192_288.dat
  False Negatives: 53
  False Positives: 0
  False Types: 0
  Grand Total: 53
  Total Critical Points (Decompressed): 1111

[63/176] Processing: FIRE_1_192_288.dat
  False Negatives: 246
  False Positives: 0
  False Types: 0
  Grand Total: 246
  Total Critical Points (Decompressed): 1570

[64/176] Processing: FIRESEASONL_1_192_288.dat
  False Negatives: 51
  False Positives: 0
  False Types: 0
  Grand Total: 51
  Total Critical Points (Decompressed): 2361

[65/176] Processing: FLDS_1_192_288.dat
  False Negatives: 271
  False Positives: 0
  False Types: 0
  Grand Total: 271
  Total Critical Points (Decompressed): 1621

[66/176] Processing: FLUXFM2A_1_192_288.dat
  False Negatives: 0
  False Positives: 0
  False Types: 0
  Grand Total: 0
  Total Critical Points (Decompressed): 15

[67/176] Processing: FLUXFMLND_1_192_288.dat
  False Negatives: 0
  False Positives: 0
  False Types: 0
  Grand Total: 0
  Total Critical Points (Decompressed): 15

[68/176] Processing: FPG_1_192_288.dat
  False Negatives: 241
  False Positives: 0
  False Types: 0
  Grand Total: 241
  Total Critical Points (Decompressed): 1779

[69/176] Processing: FPI_1_192_288.dat
  False Negatives: 261
  False Positives: 0
  False Types: 0
  Grand Total: 261
  Total Critical Points (Decompressed): 2550

[70/176] Processing: FPSN_1_192_288.dat
  False Negatives: 169
  False Positives: 0
  False Types: 0
  Grand Total: 169
  Total Critical Points (Decompressed): 2183

[71/176] Processing: FROOTC_1_192_288.dat
  False Negatives: 98
  False Positives: 0
  False Types: 0
  Grand Total: 98
  Total Critical Points (Decompressed): 2815

[72/176] Processing: FROOTC_ALLOC_1_192_288.dat
  False Negatives: 217
  False Positives: 0
  False Types: 0
  Grand Total: 217
  Total Critical Points (Decompressed): 1225

[73/176] Processing: FROOTC_LOSS_1_192_288.dat
  False Negatives: 276
  False Positives: 0
  False Types: 0
  Grand Total: 276
  Total Critical Points (Decompressed): 1773

[74/176] Processing: FROOTN_1_192_288.dat
  False Negatives: 145
  False Positives: 0
  False Types: 0
  Grand Total: 145
  Total Critical Points (Decompressed): 2767

[75/176] Processing: FSA_1_192_288.dat
  False Negatives: 317
  False Positives: 0
  False Types: 0
  Grand Total: 317
  Total Critical Points (Decompressed): 2853

[76/176] Processing: FSA_R_1_192_288.dat
  False Negatives: 132
  False Positives: 0
  False Types: 0
  Grand Total: 132
  Total Critical Points (Decompressed): 1400

[77/176] Processing: FSAT_1_192_288.dat
  False Negatives: 607
  False Positives: 0
  False Types: 0
  Grand Total: 607
  Total Critical Points (Decompressed): 3379

[78/176] Processing: FSA_U_1_192_288.dat
  False Negatives: 52
  False Positives: 0
  False Types: 0
  Grand Total: 52
  Total Critical Points (Decompressed): 952

[79/176] Processing: FSDS_1_192_288.dat
  False Negatives: 301
  False Positives: 0
  False Types: 0
  Grand Total: 301
  Total Critical Points (Decompressed): 1515

[80/176] Processing: FSDSND_1_192_288.dat
  False Negatives: 275
  False Positives: 0
  False Types: 0
  Grand Total: 275
  Total Critical Points (Decompressed): 1773

[81/176] Processing: FSDSNDLN_1_192_288.dat
  False Negatives: 270
  False Positives: 0
  False Types: 0
  Grand Total: 270
  Total Critical Points (Decompressed): 2168

[82/176] Processing: FSDSNI_1_192_288.dat
  False Negatives: 301
  False Positives: 0
  False Types: 0
  Grand Total: 301
  Total Critical Points (Decompressed): 2697

[83/176] Processing: FSDSVD_1_192_288.dat
  False Negatives: 269
  False Positives: 0
  False Types: 0
  Grand Total: 269
  Total Critical Points (Decompressed): 1717

[84/176] Processing: FSDSVDLN_1_192_288.dat
  False Negatives: 277
  False Positives: 0
  False Types: 0
  Grand Total: 277
  Total Critical Points (Decompressed): 2028

[85/176] Processing: FSDSVI_1_192_288.dat
  False Negatives: 354
  False Positives: 0
  False Types: 0
  Grand Total: 354
  Total Critical Points (Decompressed): 2329

[86/176] Processing: FSH_1_192_288.dat
  False Negatives: 508
  False Positives: 0
  False Types: 0
  Grand Total: 508
  Total Critical Points (Decompressed): 3712

[87/176] Processing: FSH_G_1_192_288.dat
  False Negatives: 590
  False Positives: 0
  False Types: 0
  Grand Total: 590
  Total Critical Points (Decompressed): 4168

[88/176] Processing: FSH_NODYNLNDUSE_1_192_288.dat
  False Negatives: 508
  False Positives: 0
  False Types: 0
  Grand Total: 508
  Total Critical Points (Decompressed): 3712

[89/176] Processing: FSH_R_1_192_288.dat
  False Negatives: 311
  False Positives: 0
  False Types: 0
  Grand Total: 311
  Total Critical Points (Decompressed): 2474

[90/176] Processing: FSH_U_1_192_288.dat
  False Negatives: 57
  False Positives: 0
  False Types: 0
  Grand Total: 57
  Total Critical Points (Decompressed): 1138

[91/176] Processing: FSH_V_1_192_288.dat
  False Negatives: 302
  False Positives: 0
  False Types: 0
  Grand Total: 302
  Total Critical Points (Decompressed): 2621

[92/176] Processing: FSM_1_192_288.dat
  False Negatives: 195
  False Positives: 0
  False Types: 0
  Grand Total: 195
  Total Critical Points (Decompressed): 2434

[93/176] Processing: FSM_R_1_192_288.dat
  False Negatives: 178
  False Positives: 0
  False Types: 0
  Grand Total: 178
  Total Critical Points (Decompressed): 1738

[94/176] Processing: FSM_U_1_192_288.dat
  False Negatives: 56
  False Positives: 0
  False Types: 0
  Grand Total: 56
  Total Critical Points (Decompressed): 858

[95/176] Processing: FSNO_1_192_288.dat
  False Negatives: 156
  False Positives: 0
  False Types: 0
  Grand Total: 156
  Total Critical Points (Decompressed): 978

[96/176] Processing: FSR_1_192_288.dat
  False Negatives: 390
  False Positives: 0
  False Types: 0
  Grand Total: 390
  Total Critical Points (Decompressed): 3594

[97/176] Processing: FSRND_1_192_288.dat
  False Negatives: 325
  False Positives: 0
  False Types: 0
  Grand Total: 325
  Total Critical Points (Decompressed): 3451

[98/176] Processing: FSRNDLN_1_192_288.dat
  False Negatives: 316
  False Positives: 0
  False Types: 0
  Grand Total: 316
  Total Critical Points (Decompressed): 3722

[99/176] Processing: FSRNI_1_192_288.dat
  False Negatives: 345
  False Positives: 0
  False Types: 0
  Grand Total: 345
  Total Critical Points (Decompressed): 3575

[100/176] Processing: FSRVD_1_192_288.dat
  False Negatives: 298
  False Positives: 0
  False Types: 0
  Grand Total: 298
  Total Critical Points (Decompressed): 3023

[101/176] Processing: FSRVDLN_1_192_288.dat
  False Negatives: 248
  False Positives: 0
  False Types: 0
  Grand Total: 248
  Total Critical Points (Decompressed): 3154

[102/176] Processing: FSRVI_1_192_288.dat
  False Negatives: 366
  False Positives: 0
  False Types: 0
  Grand Total: 366
  Total Critical Points (Decompressed): 3432

[103/176] Processing: GC_HEAT1_1_192_288.dat
  False Negatives: 730
  False Positives: 0
  False Types: 0
  Grand Total: 730
  Total Critical Points (Decompressed): 3955

[104/176] Processing: GC_HEAT2_1_192_288.dat
  False Negatives: 0
  False Positives: 0
  False Types: 0
  Grand Total: 0
  Total Critical Points (Decompressed): 15

[105/176] Processing: GC_ICE1_1_192_288.dat
  False Negatives: 172
  False Positives: 0
  False Types: 0
  Grand Total: 172
  Total Critical Points (Decompressed): 2024

[106/176] Processing: GC_ICE2_1_192_288.dat
  False Negatives: 0
  False Positives: 0
  False Types: 0
  Grand Total: 0
  Total Critical Points (Decompressed): 15

[107/176] Processing: GC_LIQ1_1_192_288.dat
  False Negatives: 688
  False Positives: 0
  False Types: 0
  Grand Total: 688
  Total Critical Points (Decompressed): 3395

[108/176] Processing: GC_LIQ2_1_192_288.dat
  False Negatives: 0
  False Positives: 0
  False Types: 0
  Grand Total: 0
  Total Critical Points (Decompressed): 15

[109/176] Processing: GPP_1_192_288.dat
  False Negatives: 313
  False Positives: 0
  False Types: 0
  Grand Total: 313
  Total Critical Points (Decompressed): 1719

[110/176] Processing: GR_1_192_288.dat
  False Negatives: 210
  False Positives: 0
  False Types: 0
  Grand Total: 210
  Total Critical Points (Decompressed): 1180

[111/176] Processing: GROSS_NMIN_1_192_288.dat
  False Negatives: 54
  False Positives: 0
  False Types: 0
  Grand Total: 54
  Total Critical Points (Decompressed): 696

[112/176] Processing: H2OCAN_1_192_288.dat
  False Negatives: 410
  False Positives: 0
  False Types: 0
  Grand Total: 410
  Total Critical Points (Decompressed): 2706

[113/176] Processing: H2OSNO_1_192_288.dat
  False Negatives: 235
  False Positives: 0
  False Types: 0
  Grand Total: 235
  Total Critical Points (Decompressed): 1915

[114/176] Processing: H2OSNO_TOP_1_192_288.dat
  False Negatives: 303
  False Positives: 0
  False Types: 0
  Grand Total: 303
  Total Critical Points (Decompressed): 3164

[115/176] Processing: HC_1_192_288.dat
  False Negatives: 369
  False Positives: 0
  False Types: 0
  Grand Total: 369
  Total Critical Points (Decompressed): 4270

[116/176] Processing: HCSOI_1_192_288.dat
  False Negatives: 379
  False Positives: 0
  False Types: 0
  Grand Total: 379
  Total Critical Points (Decompressed): 4125

[117/176] Processing: HEAT_FROM_AC_1_192_288.dat
  False Negatives: 5
  False Positives: 0
  False Types: 0
  Grand Total: 5
  Total Critical Points (Decompressed): 77

[118/176] Processing: HR_1_192_288.dat
  False Negatives: 406
  False Positives: 0
  False Types: 0
  Grand Total: 406
  Total Critical Points (Decompressed): 2113

[119/176] Processing: HTOP_1_192_288.dat
  False Negatives: 211
  False Positives: 0
  False Types: 0
  Grand Total: 211
  Total Critical Points (Decompressed): 2821

[120/176] Processing: LAISHA_1_192_288.dat
  False Negatives: 164
  False Positives: 0
  False Types: 0
  Grand Total: 164
  Total Critical Points (Decompressed): 2869

[121/176] Processing: LAISUN_1_192_288.dat
  False Negatives: 389
  False Positives: 0
  False Types: 0
  Grand Total: 389
  Total Critical Points (Decompressed): 2119

[122/176] Processing: landfrac_192_288.dat
  False Negatives: 7
  False Positives: 0
  False Types: 0
  Grand Total: 7
  Total Critical Points (Decompressed): 1249

[123/176] Processing: latixy_192_288.dat
  False Negatives: 0
  False Positives: 0
  False Types: 0
  Grand Total: 0
  Total Critical Points (Decompressed): 20

[124/176] Processing: latixyatm_192_288.dat
  False Negatives: 0
  False Positives: 0
  False Types: 0
  Grand Total: 0
  Total Critical Points (Decompressed): 22

[125/176] Processing: LEAFC_1_192_288.dat
  False Negatives: 77
  False Positives: 0
  False Types: 0
  Grand Total: 77
  Total Critical Points (Decompressed): 2689

[126/176] Processing: LEAFC_ALLOC_1_192_288.dat
  False Negatives: 188
  False Positives: 0
  False Types: 0
  Grand Total: 188
  Total Critical Points (Decompressed): 1170

[127/176] Processing: LEAFC_LOSS_1_192_288.dat
  False Negatives: 249
  False Positives: 0
  False Types: 0
  Grand Total: 249
  Total Critical Points (Decompressed): 1691

[128/176] Processing: LEAFN_1_192_288.dat
  False Negatives: 138
  False Positives: 0
  False Types: 0
  Grand Total: 138
  Total Critical Points (Decompressed): 2731

[129/176] Processing: LITFALL_1_192_288.dat
  False Negatives: 362
  False Positives: 0
  False Types: 0
  Grand Total: 362
  Total Critical Points (Decompressed): 2107

[130/176] Processing: LITHR_1_192_288.dat
  False Negatives: 360
  False Positives: 0
  False Types: 0
  Grand Total: 360
  Total Critical Points (Decompressed): 2016

[131/176] Processing: LITR1C_1_192_288.dat
  False Negatives: 247
  False Positives: 0
  False Types: 0
  Grand Total: 247
  Total Critical Points (Decompressed): 3218

[132/176] Processing: LITR1C_TO_SOIL1C_1_192_288.dat
  False Negatives: 188
  False Positives: 0
  False Types: 0
  Grand Total: 188
  Total Critical Points (Decompressed): 1523

[133/176] Processing: LITR1N_1_192_288.dat
  False Negatives: 559
  False Positives: 0
  False Types: 0
  Grand Total: 559
  Total Critical Points (Decompressed): 2889

[134/176] Processing: LITR2C_1_192_288.dat
  False Negatives: 93
  False Positives: 0
  False Types: 0
  Grand Total: 93
  Total Critical Points (Decompressed): 3258

[135/176] Processing: LITR2C_TO_SOIL2C_1_192_288.dat
  False Negatives: 285
  False Positives: 0
  False Types: 0
  Grand Total: 285
  Total Critical Points (Decompressed): 1751

[136/176] Processing: LITR2N_1_192_288.dat
  False Negatives: 254
  False Positives: 0
  False Types: 0
  Grand Total: 254
  Total Critical Points (Decompressed): 3168

[137/176] Processing: LITR3C_1_192_288.dat
  False Negatives: 106
  False Positives: 0
  False Types: 0
  Grand Total: 106
  Total Critical Points (Decompressed): 3214

[138/176] Processing: LITR3C_TO_SOIL3C_1_192_288.dat
  False Negatives: 200
  False Positives: 0
  False Types: 0
  Grand Total: 200
  Total Critical Points (Decompressed): 1558

[139/176] Processing: LITR3N_1_192_288.dat
  False Negatives: 219
  False Positives: 0
  False Types: 0
  Grand Total: 219
  Total Critical Points (Decompressed): 3168

[140/176] Processing: LITTERC_1_192_288.dat
  False Negatives: 86
  False Positives: 0
  False Types: 0
  Grand Total: 86
  Total Critical Points (Decompressed): 3278

[141/176] Processing: LITTERC_HR_1_192_288.dat
  False Negatives: 360
  False Positives: 0
  False Types: 0
  Grand Total: 360
  Total Critical Points (Decompressed): 2016

[142/176] Processing: LITTERC_LOSS_1_192_288.dat
  False Negatives: 429
  False Positives: 0
  False Types: 0
  Grand Total: 429
  Total Critical Points (Decompressed): 2243

[143/176] Processing: LIVECROOTC_1_192_288.dat
  False Negatives: 143
  False Positives: 0
  False Types: 0
  Grand Total: 143
  Total Critical Points (Decompressed): 2517

[144/176] Processing: LIVECROOTN_1_192_288.dat
  False Negatives: 402
  False Positives: 0
  False Types: 0
  Grand Total: 402
  Total Critical Points (Decompressed): 2258

[145/176] Processing: LIVESTEMC_1_192_288.dat
  False Negatives: 100
  False Positives: 0
  False Types: 0
  Grand Total: 100
  Total Critical Points (Decompressed): 2560

[146/176] Processing: LIVESTEMN_1_192_288.dat
  False Negatives: 328
  False Positives: 0
  False Types: 0
  Grand Total: 328
  Total Critical Points (Decompressed): 2332

[147/176] Processing: longxy_192_288.dat
  False Negatives: 0
  False Positives: 0
  False Types: 0
  Grand Total: 0
  Total Critical Points (Decompressed): 39

[148/176] Processing: longxyatm_192_288.dat
  False Negatives: 0
  False Positives: 0
  False Types: 0
  Grand Total: 0
  Total Critical Points (Decompressed): 36

[149/176] Processing: MEAN_FIRE_PROB_1_192_288.dat
  False Negatives: 262
  False Positives: 0
  False Types: 0
  Grand Total: 262
  Total Critical Points (Decompressed): 2134

[150/176] Processing: MR_1_192_288.dat
  False Negatives: 364
  False Positives: 0
  False Types: 0
  Grand Total: 364
  Total Critical Points (Decompressed): 2120

[151/176] Processing: NBP_1_192_288.dat
  False Negatives: 443
  False Positives: 0
  False Types: 0
  Grand Total: 443
  Total Critical Points (Decompressed): 2423

[152/176] Processing: NDEPLOY_1_192_288.dat
  False Negatives: 26
  False Positives: 0
  False Types: 0
  Grand Total: 26
  Total Critical Points (Decompressed): 446

[153/176] Processing: NDEP_TO_SMINN_1_192_288.dat
  False Negatives: 0
  False Positives: 0
  False Types: 0
  Grand Total: 0
  Total Critical Points (Decompressed): 15

[154/176] Processing: NEE_1_192_288.dat
  False Negatives: 446
  False Positives: 0
  False Types: 0
  Grand Total: 446
  Total Critical Points (Decompressed): 2410

[155/176] Processing: NEP_1_192_288.dat
  False Negatives: 425
  False Positives: 0
  False Types: 0
  Grand Total: 425
  Total Critical Points (Decompressed): 2379

[156/176] Processing: NET_NMIN_1_192_288.dat
  False Negatives: 20
  False Positives: 0
  False Types: 0
  Grand Total: 20
  Total Critical Points (Decompressed): 546

[157/176] Processing: NFIX_TO_SMINN_1_192_288.dat
  False Negatives: 0
  False Positives: 0
  False Types: 0
  Grand Total: 0
  Total Critical Points (Decompressed): 15

[158/176] Processing: NPP_1_192_288.dat
  False Negatives: 354
  False Positives: 0
  False Types: 0
  Grand Total: 354
  Total Critical Points (Decompressed): 2023

[159/176] Processing: OCDEP_1_192_288.dat
  False Negatives: 0
  False Positives: 0
  False Types: 0
  Grand Total: 0
  Total Critical Points (Decompressed): 15

[160/176] Processing: PBOT_1_192_288.dat
  False Negatives: 115
  False Positives: 0
  False Types: 0
  Grand Total: 115
  Total Critical Points (Decompressed): 540

[161/176] Processing: PCO2_1_192_288.dat
  False Negatives: 123
  False Positives: 0
  False Types: 0
  Grand Total: 123
  Total Critical Points (Decompressed): 532

[162/176] Processing: PFT_CTRUNC_1_192_288.dat
  False Negatives: 507
  False Positives: 0
  False Types: 0
  Grand Total: 507
  Total Critical Points (Decompressed): 1864

[163/176] Processing: PFT_FIRE_CLOSS_1_192_288.dat
  False Negatives: 45
  False Positives: 0
  False Types: 0
  Grand Total: 45
  Total Critical Points (Decompressed): 411

[164/176] Processing: PFT_FIRE_NLOSS_1_192_288.dat
  False Negatives: 0
  False Positives: 0
  False Types: 0
  Grand Total: 0
  Total Critical Points (Decompressed): 43

[165/176] Processing: PFT_NTRUNC_1_192_288.dat
  False Negatives: 439
  False Positives: 0
  False Types: 0
  Grand Total: 439
  Total Critical Points (Decompressed): 1855

[166/176] Processing: PLANT_NDEMAND_1_192_288.dat
  False Negatives: 97
  False Positives: 0
  False Types: 0
  Grand Total: 97
  Total Critical Points (Decompressed): 732

[167/176] Processing: POTENTIAL_IMMOB_1_192_288.dat
  False Negatives: 126
  False Positives: 0
  False Types: 0
  Grand Total: 126
  Total Critical Points (Decompressed): 1161

[168/176] Processing: PROD100C_1_192_288.dat
  False Negatives: 0
  False Positives: 0
  False Types: 0
  Grand Total: 0
  Total Critical Points (Decompressed): 15

[169/176] Processing: PROD100C_LOSS_1_192_288.dat
  False Negatives: 0
  False Positives: 0
  False Types: 0
  Grand Total: 0
  Total Critical Points (Decompressed): 15

[170/176] Processing: PROD100N_1_192_288.dat
  False Negatives: 0
  False Positives: 0
  False Types: 0
  Grand Total: 0
  Total Critical Points (Decompressed): 15

[171/176] Processing: PROD100N_LOSS_1_192_288.dat
  False Negatives: 0
  False Positives: 0
  False Types: 0
  Grand Total: 0
  Total Critical Points (Decompressed): 15

[172/176] Processing: PROD10C_1_192_288.dat
  False Negatives: 0
  False Positives: 0
  False Types: 0
  Grand Total: 0
  Total Critical Points (Decompressed): 15

[173/176] Processing: PROD10C_LOSS_1_192_288.dat
  False Negatives: 0
  False Positives: 0
  False Types: 0
  Grand Total: 0
  Total Critical Points (Decompressed): 15

[174/176] Processing: PROD10N_1_192_288.dat
  False Negatives: 0
  False Positives: 0
  False Types: 0
  Grand Total: 0
  Total Critical Points (Decompressed): 15

[175/176] Processing: topo_192_288.dat
  False Negatives: 0
  False Positives: 0
  False Types: 0
  Grand Total: 0
  Total Critical Points (Decompressed): 15

[176/176] Processing: topodnsc_192_288.dat
  False Negatives: 0
  False Positives: 0
  False Types: 0
  Grand Total: 0
  Total Critical Points (Decompressed): 15

=== Summary ===
Total files processed: 176
Total files skipped: 0
Total files failed: 0
Total false cases across all files: 32196
Average false cases per file: 182.93
Results saved to: ../../CESM-LAND-MODELS/4/log_normalized/topoSZp_1E-3/critical_points.csv

