Input directory: ../../CESM-LAND-MODELS/4/log_normalized/
Output directory: ../../CESM-LAND-MODELS/4/log_normalized/topoSZp_8_thread/
Dimensions: 192x288 (55296 elements)
Error bound: 1E-3
Block size: 16

Found 176 .dat file(s) to process

[1/176] Processing: ACTUAL_IMMOB_1_192_288.dat

compression time=0.001193, total fastmode1 topology
compression size = 52859, CR = 4.184415
done
decompression time=0.001908
done
Min=0, Max=1, range=1
Max absolute error = 0.0009999275
Max relative error = 0.001000
Max pw relative error = 0.001000
PSNR = 62.071959, NRMSE= 0.00078777476011429679176
acEff=1.000000
compressionRatio = 4.184415
  ✓ Compression and decompression successful (ratio: 4.18x)

[2/176] Processing: AGNPP_1_192_288.dat

compression time=0.000893, total fastmode1 topology
compression size = 53809, CR = 4.110539
done
decompression time=0.002026
done
Min=0, Max=1, range=1
Max absolute error = 0.0009999275
Max relative error = 0.001000
Max pw relative error = 0.001000
PSNR = 62.071982, NRMSE= 0.000787772622824953455
acEff=1.000000
compressionRatio = 4.110539
  ✓ Compression and decompression successful (ratio: 4.11x)

[3/176] Processing: ANN_FAREA_BURNED_1_192_288.dat

compression time=0.001329, total fastmode1 topology
compression size = 54683, CR = 4.044840
done
decompression time=0.002200
done
Min=0, Max=1, range=1
Max absolute error = 0.0015493974
Max relative error = 0.001549
Max pw relative error = 0.001549
PSNR = 61.279321, NRMSE= 0.00086304597212042745164
acEff=1.000000
compressionRatio = 4.044840
  ✓ Compression and decompression successful (ratio: 4.04x)

[4/176] Processing: AR_1_192_288.dat

compression time=0.001325, total fastmode1 topology
compression size = 55234, CR = 4.004490
done
decompression time=0.002133
done
Min=0, Max=1, range=1
Max absolute error = 0.0009999275
Max relative error = 0.001000
Max pw relative error = 0.001000
PSNR = 62.071861, NRMSE= 0.00078778366702052541812
acEff=1.000000
compressionRatio = 4.004490
  ✓ Compression and decompression successful (ratio: 4.00x)

[5/176] Processing: area_192_288.dat

compression time=0.000683, total fastmode1 topology
compression size = 52205, CR = 4.236835
done
decompression time=0.001527
done
Min=0, Max=1, range=1
Max absolute error = 0.0009999275
Max relative error = 0.001000
Max pw relative error = 0.001000
PSNR = 61.236845, NRMSE= 0.00086727687525883757035
acEff=1.000000
compressionRatio = 4.236836
  ✓ Compression and decompression successful (ratio: 4.23x)

[6/176] Processing: areaatm_192_288.dat

compression time=0.000922, total fastmode1 topology
compression size = 52203, CR = 4.236998
done
decompression time=0.001458
done
Min=0, Max=1, range=1
Max absolute error = 0.0009999275
Max relative error = 0.001000
Max pw relative error = 0.001000
PSNR = 69.412901, NRMSE= 0.00033834124005249793148
acEff=1.000000
compressionRatio = 4.236998
  ✓ Compression and decompression successful (ratio: 4.23x)

[7/176] Processing: areaupsc_192_288.dat

compression time=0.000946, total fastmode1 topology
compression size = 52207, CR = 4.236673
done
decompression time=0.001578
done
Min=0, Max=1, range=1
Max absolute error = 0.0009999275
Max relative error = 0.001000
Max pw relative error = 0.001000
PSNR = 61.236845, NRMSE= 0.00086727687774441398517
acEff=1.000000
compressionRatio = 4.236673
  ✓ Compression and decompression successful (ratio: 4.23x)

[8/176] Processing: BCDEP_1_192_288.dat

compression time=0.000675, total fastmode1 topology
compression size = 52198, CR = 4.237404
done
decompression time=0.001460
done
Min=0, Max=1, range=1
Max absolute error = 0.0009999275
Max relative error = 0.001000
Max pw relative error = 0.001000
PSNR = 62.071967, NRMSE= 0.00078777397612012631852
acEff=1.000000
compressionRatio = 4.237404
  ✓ Compression and decompression successful (ratio: 4.23x)

[9/176] Processing: BGNPP_1_192_288.dat

compression time=0.000890, total fastmode1 topology
compression size = 53860, CR = 4.106647
done
decompression time=0.002019
done
Min=0, Max=1, range=1
Max absolute error = 0.0009999275
Max relative error = 0.001000
Max pw relative error = 0.001000
PSNR = 62.071967, NRMSE= 0.00078777403405318169836
acEff=1.000000
compressionRatio = 4.106647
  ✓ Compression and decompression successful (ratio: 4.10x)

[10/176] Processing: BTRAN_1_192_288.dat

compression time=0.001260, total fastmode1 topology
compression size = 57567, CR = 3.842201
done
decompression time=0.002230
done
Min=0, Max=1, range=1
Max absolute error = 0.0014253405
Max relative error = 0.001425
Max pw relative error = 0.001425
PSNR = 61.687086, NRMSE= 0.00082346603591227219947
acEff=1.000000
compressionRatio = 3.842201
  ✓ Compression and decompression successful (ratio: 3.84x)

[11/176] Processing: BUILDHEAT_1_192_288.dat

compression time=0.000919, total fastmode1 topology
compression size = 54463, CR = 4.061179
done
decompression time=0.002112
done
Min=0, Max=1, range=1
Max absolute error = 0.0010040253
Max relative error = 0.001004
Max pw relative error = 0.001004
PSNR = 62.002055, NRMSE= 0.00079414037172178143092
acEff=1.000000
compressionRatio = 4.061179
  ✓ Compression and decompression successful (ratio: 4.06x)

[12/176] Processing: COL_CTRUNC_1_192_288.dat

compression time=0.000843, total fastmode1 topology
compression size = 53176, CR = 4.159471
done
decompression time=0.001919
done
Min=0, Max=1, range=1
Max absolute error = 0.0009999987
Max relative error = 0.001000
Max pw relative error = 0.001000
PSNR = 62.071845, NRMSE= 0.00078778511604746183535
acEff=1.000000
compressionRatio = 4.159470
  ✓ Compression and decompression successful (ratio: 4.15x)

[13/176] Processing: COL_FIRE_CLOSS_1_192_288.dat

compression time=0.044216, total fastmode1 topology
compression size = 52684, CR = 4.198315
done
decompression time=0.033903
done
Min=0, Max=1, range=1
Max absolute error = 0.0009999871
Max relative error = 0.001000
Max pw relative error = 0.001000
PSNR = 62.071839, NRMSE= 0.00078778561352067788537
acEff=1.000000
compressionRatio = 4.198314
  ✓ Compression and decompression successful (ratio: 4.19x)

[14/176] Processing: COL_FIRE_NLOSS_1_192_288.dat

compression time=0.000813, total fastmode1 topology
compression size = 52227, CR = 4.235051
done
decompression time=0.001502
done
Min=0, Max=1, range=1
Max absolute error = 0.0009999275
Max relative error = 0.001000
Max pw relative error = 0.001000
PSNR = 62.071967, NRMSE= 0.00078777399280304026639
acEff=1.000000
compressionRatio = 4.235051
  ✓ Compression and decompression successful (ratio: 4.23x)

[15/176] Processing: COL_NTRUNC_1_192_288.dat

compression time=0.001164, total fastmode1 topology
compression size = 52793, CR = 4.189646
done
decompression time=0.002108
done
Min=0, Max=1, range=1
Max absolute error = 0.0013290693
Max relative error = 0.001329
Max pw relative error = 0.001329
PSNR = 62.062383, NRMSE= 0.00078864376220204865982
acEff=1.000000
compressionRatio = 4.189646
  ✓ Compression and decompression successful (ratio: 4.18x)

[16/176] Processing: CPOOL_1_192_288.dat

compression time=0.000663, total fastmode1 topology
compression size = 52198, CR = 4.237404
done
decompression time=0.001568
done
Min=0, Max=1, range=1
Max absolute error = 0.0009999275
Max relative error = 0.001000
Max pw relative error = 0.001000
PSNR = 62.071967, NRMSE= 0.00078777397612012631852
acEff=1.000000
compressionRatio = 4.237404
  ✓ Compression and decompression successful (ratio: 4.23x)

[17/176] Processing: CWDC_1_192_288.dat

compression time=0.001226, total fastmode1 topology
compression size = 59934, CR = 3.690459
done
decompression time=0.002231
done
Min=0, Max=1, range=1
Max absolute error = 0.0019370429
Max relative error = 0.001937
Max pw relative error = 0.001937
PSNR = 61.631422, NRMSE= 0.00082876025944992465222
acEff=1.000000
compressionRatio = 3.690460
  ✓ Compression and decompression successful (ratio: 3.69x)

[18/176] Processing: CWDC_HR_1_192_288.dat

compression time=0.000720, total fastmode1 topology
compression size = 52198, CR = 4.237404
done
decompression time=0.001520
done
Min=0, Max=1, range=1
Max absolute error = 0.0009999275
Max relative error = 0.001000
Max pw relative error = 0.001000
PSNR = 62.071967, NRMSE= 0.00078777397612012631852
acEff=1.000000
compressionRatio = 4.237404
  ✓ Compression and decompression successful (ratio: 4.23x)

[19/176] Processing: CWDC_LOSS_1_192_288.dat

compression time=0.000945, total fastmode1 topology
compression size = 53669, CR = 4.121262
done
decompression time=0.002014
done
Min=0, Max=1, range=1
Max absolute error = 0.0009999770
Max relative error = 0.001000
Max pw relative error = 0.001000
PSNR = 62.071845, NRMSE= 0.00078778507059508613968
acEff=1.000000
compressionRatio = 4.121262
  ✓ Compression and decompression successful (ratio: 4.12x)

[20/176] Processing: CWDN_1_192_288.dat

compression time=0.001068, total fastmode1 topology
compression size = 58314, CR = 3.792983
done
decompression time=0.002332
done
Min=0, Max=1, range=1
Max absolute error = 0.0016611414
Max relative error = 0.001661
Max pw relative error = 0.001661
PSNR = 61.677180, NRMSE= 0.00082440575154926819083
acEff=1.000000
compressionRatio = 3.792983
  ✓ Compression and decompression successful (ratio: 3.79x)

[21/176] Processing: DEADCROOTC_1_192_288.dat

compression time=0.001306, total fastmode1 topology
compression size = 60002, CR = 3.686277
done
decompression time=0.002259
done
Min=0, Max=1, range=1
Max absolute error = 0.0018982366
Max relative error = 0.001898
Max pw relative error = 0.001898
PSNR = 61.626776, NRMSE= 0.00082920366000014181489
acEff=1.000000
compressionRatio = 3.686277
  ✓ Compression and decompression successful (ratio: 3.68x)

[22/176] Processing: DEADCROOTN_1_192_288.dat

compression time=0.001385, total fastmode1 topology
compression size = 58472, CR = 3.782734
done
decompression time=0.002245
done
Min=0, Max=1, range=1
Max absolute error = 0.0016184282
Max relative error = 0.001618
Max pw relative error = 0.001618
PSNR = 61.668980, NRMSE= 0.00082518436216205909642
acEff=1.000000
compressionRatio = 3.782734
  ✓ Compression and decompression successful (ratio: 3.78x)

[23/176] Processing: DEADSTEMC_1_192_288.dat

compression time=0.001099, total fastmode1 topology
compression size = 60155, CR = 3.676901
done
decompression time=0.002285
done
Min=0, Max=1, range=1
Max absolute error = 0.0018786788
Max relative error = 0.001879
Max pw relative error = 0.001879
PSNR = 61.628549, NRMSE= 0.00082903442399883710279
acEff=1.000000
compressionRatio = 3.676901
  ✓ Compression and decompression successful (ratio: 3.67x)

[24/176] Processing: DEADSTEMN_1_192_288.dat
  ✗ Compression failed (exit code: 1)

[25/176] Processing: DENIT_1_192_288.dat

compression time=0.000715, total fastmode1 topology
compression size = 52311, CR = 4.228251
done
decompression time=0.001923
done
Min=0, Max=1, range=1
Max absolute error = 0.0009999275
Max relative error = 0.001000
Max pw relative error = 0.001000
PSNR = 62.071966, NRMSE= 0.00078777414842623016532
acEff=1.000000
compressionRatio = 4.228250
  ✓ Compression and decompression successful (ratio: 4.22x)

[26/176] Processing: DISPVEGC_1_192_288.dat

compression time=0.001119, total fastmode1 topology
compression size = 60476, CR = 3.657385
done
decompression time=0.002270
done
Min=0, Max=1, range=1
Max absolute error = 0.0017272756
Max relative error = 0.001727
Max pw relative error = 0.001727
PSNR = 61.590068, NRMSE= 0.00083271545233047747532
acEff=1.000000
compressionRatio = 3.657385
  ✓ Compression and decompression successful (ratio: 3.65x)

[27/176] Processing: DISPVEGN_1_192_288.dat

compression time=0.000903, total fastmode1 topology
compression size = 59389, CR = 3.724326
done
decompression time=0.002314
done
Min=0, Max=1, range=1
Max absolute error = 0.0016675610
Max relative error = 0.001668
Max pw relative error = 0.001668
PSNR = 61.599533, NRMSE= 0.00083180848348772757142
acEff=1.000000
compressionRatio = 3.724326
  ✓ Compression and decompression successful (ratio: 3.72x)

[28/176] Processing: DSTDEP_1_192_288.dat

compression time=0.000880, total fastmode1 topology
compression size = 52198, CR = 4.237404
done
decompression time=0.001553
done
Min=0, Max=1, range=1
Max absolute error = 0.0009999275
Max relative error = 0.001000
Max pw relative error = 0.001000
PSNR = 62.071967, NRMSE= 0.00078777397612012631852
acEff=1.000000
compressionRatio = 4.237404
  ✓ Compression and decompression successful (ratio: 4.23x)

[29/176] Processing: DSTFLXT_1_192_288.dat

compression time=0.000962, total fastmode1 topology
compression size = 52263, CR = 4.232134
done
decompression time=0.001542
done
Min=0, Max=1, range=1
Max absolute error = 0.0009999275
Max relative error = 0.001000
Max pw relative error = 0.001000
PSNR = 62.071967, NRMSE= 0.00078777399005281367912
acEff=1.000000
compressionRatio = 4.232134
  ✓ Compression and decompression successful (ratio: 4.23x)

[30/176] Processing: DWT_CLOSS_1_192_288.dat

compression time=0.000912, total fastmode1 topology
compression size = 52198, CR = 4.237404
done
decompression time=0.001481
done
Min=0, Max=1, range=1
Max absolute error = 0.0009999275
Max relative error = 0.001000
Max pw relative error = 0.001000
PSNR = 62.071967, NRMSE= 0.00078777397612012631852
acEff=1.000000
compressionRatio = 4.237404
  ✓ Compression and decompression successful (ratio: 4.23x)

[31/176] Processing: DWT_CONV_CFLUX_1_192_288.dat

compression time=0.001020, total fastmode1 topology
compression size = 52198, CR = 4.237404
done
decompression time=0.001540
done
Min=0, Max=1, range=1
Max absolute error = 0.0009999275
Max relative error = 0.001000
Max pw relative error = 0.001000
PSNR = 62.071967, NRMSE= 0.00078777397612012631852
acEff=1.000000
compressionRatio = 4.237404
  ✓ Compression and decompression successful (ratio: 4.23x)

[32/176] Processing: DWT_CONV_NFLUX_1_192_288.dat

compression time=0.000986, total fastmode1 topology
compression size = 52198, CR = 4.237404
done
decompression time=0.001526
done
Min=0, Max=1, range=1
Max absolute error = 0.0009999275
Max relative error = 0.001000
Max pw relative error = 0.001000
PSNR = 62.071967, NRMSE= 0.00078777397612012631852
acEff=1.000000
compressionRatio = 4.237404
  ✓ Compression and decompression successful (ratio: 4.23x)

[33/176] Processing: DWT_NLOSS_1_192_288.dat

compression time=0.000792, total fastmode1 topology
compression size = 52198, CR = 4.237404
done
decompression time=0.001515
done
Min=0, Max=1, range=1
Max absolute error = 0.0009999275
Max relative error = 0.001000
Max pw relative error = 0.001000
PSNR = 62.071967, NRMSE= 0.00078777397612012631852
acEff=1.000000
compressionRatio = 4.237404
  ✓ Compression and decompression successful (ratio: 4.23x)

[34/176] Processing: DWT_PROD100C_GAIN_1_192_288.dat

compression time=0.001070, total fastmode1 topology
compression size = 52198, CR = 4.237404
done
decompression time=0.001466
done
Min=0, Max=1, range=1
Max absolute error = 0.0009999275
Max relative error = 0.001000
Max pw relative error = 0.001000
PSNR = 62.071967, NRMSE= 0.00078777397612012631852
acEff=1.000000
compressionRatio = 4.237404
  ✓ Compression and decompression successful (ratio: 4.23x)

[35/176] Processing: DWT_PROD100N_GAIN_1_192_288.dat
  ✗ Compression failed (exit code: 1)

[36/176] Processing: DWT_PROD10C_GAIN_1_192_288.dat

compression time=0.000681, total fastmode1 topology
compression size = 52198, CR = 4.237404
done
decompression time=0.001487
done
Min=0, Max=1, range=1
Max absolute error = 0.0009999275
Max relative error = 0.001000
Max pw relative error = 0.001000
PSNR = 62.071967, NRMSE= 0.00078777397612012631852
acEff=1.000000
compressionRatio = 4.237404
  ✓ Compression and decompression successful (ratio: 4.23x)

[37/176] Processing: DWT_PROD10N_GAIN_1_192_288.dat

compression time=0.001033, total fastmode1 topology
compression size = 52198, CR = 4.237404
done
decompression time=0.001498
done
Min=0, Max=1, range=1
Max absolute error = 0.0009999275
Max relative error = 0.001000
Max pw relative error = 0.001000
PSNR = 62.071967, NRMSE= 0.00078777397612012631852
acEff=1.000000
compressionRatio = 4.237404
  ✓ Compression and decompression successful (ratio: 4.23x)

[38/176] Processing: DWT_SEEDC_TO_DEADSTEM_1_192_288.dat

compression time=0.000633, total fastmode1 topology
compression size = 52198, CR = 4.237404
done
decompression time=0.001523
done
Min=0, Max=1, range=1
Max absolute error = 0.0009999275
Max relative error = 0.001000
Max pw relative error = 0.001000
PSNR = 62.071967, NRMSE= 0.00078777397612012631852
acEff=1.000000
compressionRatio = 4.237404
  ✓ Compression and decompression successful (ratio: 4.23x)

[39/176] Processing: DWT_SEEDC_TO_LEAF_1_192_288.dat

compression time=0.000859, total fastmode1 topology
compression size = 52198, CR = 4.237404
done
decompression time=0.001523
done
Min=0, Max=1, range=1
Max absolute error = 0.0009999275
Max relative error = 0.001000
Max pw relative error = 0.001000
PSNR = 62.071967, NRMSE= 0.00078777397612012631852
acEff=1.000000
compressionRatio = 4.237404
  ✓ Compression and decompression successful (ratio: 4.23x)

[40/176] Processing: DWT_SEEDN_TO_DEADSTEM_1_192_288.dat

compression time=0.000789, total fastmode1 topology
compression size = 52198, CR = 4.237404
done
decompression time=0.001507
done
Min=0, Max=1, range=1
Max absolute error = 0.0009999275
Max relative error = 0.001000
Max pw relative error = 0.001000
PSNR = 62.071967, NRMSE= 0.00078777397612012631852
acEff=1.000000
compressionRatio = 4.237404
  ✓ Compression and decompression successful (ratio: 4.23x)

[41/176] Processing: DWT_SEEDN_TO_LEAF_1_192_288.dat

compression time=0.000987, total fastmode1 topology
compression size = 52198, CR = 4.237404
done
decompression time=0.003943
done
Min=0, Max=1, range=1
Max absolute error = 0.0009999275
Max relative error = 0.001000
Max pw relative error = 0.001000
PSNR = 62.071967, NRMSE= 0.00078777397612012631852
acEff=1.000000
compressionRatio = 4.237404
  ✓ Compression and decompression successful (ratio: 4.23x)

[42/176] Processing: EFLX_DYNBAL_1_192_288.dat

compression time=0.000728, total fastmode1 topology
compression size = 52198, CR = 4.237404
done
decompression time=0.001506
done
Min=0, Max=1, range=1
Max absolute error = 0.0009999275
Max relative error = 0.001000
Max pw relative error = 0.001000
PSNR = 62.071967, NRMSE= 0.00078777397612012631852
acEff=1.000000
compressionRatio = 4.237404
  ✓ Compression and decompression successful (ratio: 4.23x)

[43/176] Processing: EFLX_LH_TOT_R_1_192_288.dat
  ✗ Compression failed (exit code: 1)

[44/176] Processing: EFLX_LH_TOT_U_1_192_288.dat

compression time=0.000843, total fastmode1 topology
compression size = 50923, CR = 4.343499
done
decompression time=0.002167
done
Min=0, Max=1, range=1
Max absolute error = 0.0012835730
Max relative error = 0.001284
Max pw relative error = 0.001284
PSNR = 60.241105, NRMSE= 0.00097262346530694828751
acEff=1.000000
compressionRatio = 4.343499
  ✓ Compression and decompression successful (ratio: 4.34x)

[45/176] Processing: ELAI_1_192_288.dat

compression time=0.001038, total fastmode1 topology
compression size = 58809, CR = 3.761057
done
decompression time=0.002380
done
Min=0, Max=1, range=1
Max absolute error = 0.0016564410
Max relative error = 0.001656
Max pw relative error = 0.001656
PSNR = 61.638280, NRMSE= 0.00082810612513810116439
acEff=1.000000
compressionRatio = 3.761057
  ✓ Compression and decompression successful (ratio: 3.76x)

[46/176] Processing: ER_1_192_288.dat

compression time=0.001413, total fastmode1 topology
compression size = 55368, CR = 3.994798
done
decompression time=0.002186
done
Min=0, Max=1, range=1
Max absolute error = 0.0009999275
Max relative error = 0.001000
Max pw relative error = 0.001000
PSNR = 62.072001, NRMSE= 0.00078777095116337974949
acEff=1.000000
compressionRatio = 3.994798
  ✓ Compression and decompression successful (ratio: 3.99x)

[47/176] Processing: ERRH2O_1_192_288.dat

compression time=0.001006, total fastmode1 topology
compression size = 52198, CR = 4.237404
done
decompression time=0.001496
done
Min=0, Max=1, range=1
Max absolute error = 0.0009999275
Max relative error = 0.001000
Max pw relative error = 0.001000
PSNR = 62.071967, NRMSE= 0.00078777397612012631852
acEff=1.000000
compressionRatio = 4.237404
  ✓ Compression and decompression successful (ratio: 4.23x)

[48/176] Processing: ERRSEB_1_192_288.dat

compression time=0.001058, total fastmode1 topology
compression size = 52198, CR = 4.237404
done
decompression time=0.001471
done
Min=0, Max=1, range=1
Max absolute error = 0.0009999275
Max relative error = 0.001000
Max pw relative error = 0.001000
PSNR = 62.071967, NRMSE= 0.00078777397612012631852
acEff=1.000000
compressionRatio = 4.237404
  ✓ Compression and decompression successful (ratio: 4.23x)

[49/176] Processing: ERRSOI_1_192_288.dat

compression time=0.001038, total fastmode1 topology
compression size = 52198, CR = 4.237404
done
decompression time=0.001493
done
Min=0, Max=1, range=1
Max absolute error = 0.0009999275
Max relative error = 0.001000
Max pw relative error = 0.001000
PSNR = 62.071967, NRMSE= 0.00078777397612012631852
acEff=1.000000
compressionRatio = 4.237404
  ✓ Compression and decompression successful (ratio: 4.23x)

[50/176] Processing: ERRSOL_1_192_288.dat

compression time=0.000821, total fastmode1 topology
compression size = 52198, CR = 4.237404
done
decompression time=0.001496
done
Min=0, Max=1, range=1
Max absolute error = 0.0009999275
Max relative error = 0.001000
Max pw relative error = 0.001000
PSNR = 62.071967, NRMSE= 0.00078777397612012631852
acEff=1.000000
compressionRatio = 4.237404
  ✓ Compression and decompression successful (ratio: 4.23x)

[51/176] Processing: ESAI_1_192_288.dat

compression time=0.001344, total fastmode1 topology
compression size = 59225, CR = 3.734639
done
decompression time=0.002416
done
Min=0, Max=1, range=1
Max absolute error = 0.0015745545
Max relative error = 0.001575
Max pw relative error = 0.001575
PSNR = 61.568242, NRMSE= 0.00083481050942696823167
acEff=1.000000
compressionRatio = 3.734639
  ✓ Compression and decompression successful (ratio: 3.73x)

[52/176] Processing: FCEV_1_192_288.dat

compression time=0.001112, total fastmode1 topology
compression size = 58012, CR = 3.812728
done
decompression time=0.002599
done
Min=0, Max=1, range=1
Max absolute error = 0.0015309565
Max relative error = 0.001531
Max pw relative error = 0.001531
PSNR = 61.341447, NRMSE= 0.0008568951117860630325
acEff=1.000000
compressionRatio = 3.812728
  ✓ Compression and decompression successful (ratio: 3.81x)

[53/176] Processing: FCOV_1_192_288.dat

compression time=0.001385, total fastmode1 topology
compression size = 58435, CR = 3.785129
done
decompression time=0.002491
done
Min=0, Max=1, range=1
Max absolute error = 0.0015401798
Max relative error = 0.001540
Max pw relative error = 0.001540
PSNR = 60.908086, NRMSE= 0.00090073217765779332433
acEff=1.000000
compressionRatio = 3.785129
  ✓ Compression and decompression successful (ratio: 3.78x)

[54/176] Processing: FCTR_1_192_288.dat

compression time=0.001053, total fastmode1 topology
compression size = 57656, CR = 3.836270
done
decompression time=0.002205
done
Min=0, Max=1, range=1
Max absolute error = 0.0017816611
Max relative error = 0.001782
Max pw relative error = 0.001782
PSNR = 61.723069, NRMSE= 0.00082006176304477045643
acEff=1.000000
compressionRatio = 3.836270
  ✓ Compression and decompression successful (ratio: 3.83x)

[55/176] Processing: FGEV_1_192_288.dat

compression time=0.001691, total fastmode1 topology
compression size = 61956, CR = 3.570017
done
decompression time=0.002582
done
Min=0, Max=1, range=1
Max absolute error = 0.0016059764
Max relative error = 0.001606
Max pw relative error = 0.001606
PSNR = 61.255976, NRMSE= 0.00086536870935881315698
acEff=1.000000
compressionRatio = 3.570017
  ✓ Compression and decompression successful (ratio: 3.57x)

[56/176] Processing: FGR_1_192_288.dat

compression time=0.001696, total fastmode1 topology
compression size = 60696, CR = 3.644128
done
decompression time=0.002454
done
Min=0, Max=1, range=1
Max absolute error = 0.0014040023
Max relative error = 0.001404
Max pw relative error = 0.001404
PSNR = 61.230223, NRMSE= 0.00086793828060971012044
acEff=1.000000
compressionRatio = 3.644128
  ✓ Compression and decompression successful (ratio: 3.64x)

[57/176] Processing: FGR12_1_192_288.dat

compression time=0.001213, total fastmode1 topology
compression size = 60847, CR = 3.635085
done
decompression time=0.002480
done
Min=0, Max=1, range=1
Max absolute error = 0.0016045235
Max relative error = 0.001605
Max pw relative error = 0.001605
PSNR = 61.249580, NRMSE= 0.0008660061964949835895
acEff=1.000000
compressionRatio = 3.635085
  ✓ Compression and decompression successful (ratio: 3.63x)

[58/176] Processing: FGR_R_1_192_288.dat

compression time=0.001050, total fastmode1 topology
compression size = 56606, CR = 3.907430
done
decompression time=0.002294
done
Min=0, Max=1, range=1
Max absolute error = 0.0011734813
Max relative error = 0.001173
Max pw relative error = 0.001173
PSNR = 60.826118, NRMSE= 0.00090927254708427569969
acEff=1.000000
compressionRatio = 3.907430
  ✓ Compression and decompression successful (ratio: 3.90x)

[59/176] Processing: FGR_U_1_192_288.dat

compression time=0.000914, total fastmode1 topology
compression size = 51009, CR = 4.336176
done
decompression time=0.002007
done
Min=0, Max=1, range=1
Max absolute error = 0.0010039955
Max relative error = 0.001004
Max pw relative error = 0.001004
PSNR = 60.219160, NRMSE= 0.00097508394734250204011
acEff=1.000000
compressionRatio = 4.336176
  ✓ Compression and decompression successful (ratio: 4.33x)

[60/176] Processing: FIRA_1_192_288.dat

compression time=0.001016, total fastmode1 topology
compression size = 60039, CR = 3.684005
done
decompression time=0.002416
done
Min=0, Max=1, range=1
Max absolute error = 0.0014234111
Max relative error = 0.001423
Max pw relative error = 0.001423
PSNR = 61.289120, NRMSE= 0.00086207295902685746221
acEff=1.000000
compressionRatio = 3.684005
  ✓ Compression and decompression successful (ratio: 3.68x)

[61/176] Processing: FIRA_R_1_192_288.dat

compression time=0.000934, total fastmode1 topology
compression size = 56341, CR = 3.925809
done
decompression time=0.002338
done
Min=0, Max=1, range=1
Max absolute error = 0.0012866966
Max relative error = 0.001287
Max pw relative error = 0.001287
PSNR = 60.843239, NRMSE= 0.00090748201146410715275
acEff=1.000000
compressionRatio = 3.925809
  ✓ Compression and decompression successful (ratio: 3.92x)

[62/176] Processing: FIRA_U_1_192_288.dat
  ✗ Compression failed (exit code: 1)

[63/176] Processing: FIRE_1_192_288.dat

compression time=0.001015, total fastmode1 topology
compression size = 57770, CR = 3.828700
done
decompression time=0.002244
done
Min=0, Max=1, range=1
Max absolute error = 0.0014962628
Max relative error = 0.001496
Max pw relative error = 0.001496
PSNR = 61.263597, NRMSE= 0.00086460974501166955927
acEff=1.000000
compressionRatio = 3.828700
  ✓ Compression and decompression successful (ratio: 3.82x)

[64/176] Processing: FIRESEASONL_1_192_288.dat

compression time=0.001264, total fastmode1 topology
compression size = 58440, CR = 3.784805
done
decompression time=0.002157
done
Min=0, Max=1, range=1
Max absolute error = 0.0018511489
Max relative error = 0.001851
Max pw relative error = 0.001851
PSNR = 60.993502, NRMSE= 0.00089191792336485050102
acEff=1.000000
compressionRatio = 3.784805
  ✓ Compression and decompression successful (ratio: 3.78x)

[65/176] Processing: FLDS_1_192_288.dat

compression time=0.001500, total fastmode1 topology
compression size = 57782, CR = 3.827905
done
decompression time=0.002193
done
Min=0, Max=1, range=1
Max absolute error = 0.0011940412
Max relative error = 0.001194
Max pw relative error = 0.001194
PSNR = 61.254508, NRMSE= 0.00086551495760527562794
acEff=1.000000
compressionRatio = 3.827905
  ✓ Compression and decompression successful (ratio: 3.82x)

[66/176] Processing: FLUXFM2A_1_192_288.dat

compression time=0.000919, total fastmode1 topology
compression size = 52198, CR = 4.237404
done
decompression time=0.001506
done
Min=0, Max=1, range=1
Max absolute error = 0.0009999275
Max relative error = 0.001000
Max pw relative error = 0.001000
PSNR = 62.071967, NRMSE= 0.00078777397612012631852
acEff=1.000000
compressionRatio = 4.237404
  ✓ Compression and decompression successful (ratio: 4.23x)

[67/176] Processing: FLUXFMLND_1_192_288.dat

compression time=0.000976, total fastmode1 topology
compression size = 52198, CR = 4.237404
done
decompression time=0.001494
done
Min=0, Max=1, range=1
Max absolute error = 0.0009999275
Max relative error = 0.001000
Max pw relative error = 0.001000
PSNR = 62.071967, NRMSE= 0.00078777397612012631852
acEff=1.000000
compressionRatio = 4.237404
  ✓ Compression and decompression successful (ratio: 4.23x)

[68/176] Processing: FPG_1_192_288.dat

compression time=0.001287, total fastmode1 topology
compression size = 54399, CR = 4.065957
done
decompression time=0.002152
done
Min=0, Max=1, range=1
Max absolute error = 0.0009999711
Max relative error = 0.001000
Max pw relative error = 0.001000
PSNR = 60.849706, NRMSE= 0.0009068066163016062298
acEff=1.000000
compressionRatio = 4.065957
  ✓ Compression and decompression successful (ratio: 4.06x)

[69/176] Processing: FPI_1_192_288.dat

compression time=0.001015, total fastmode1 topology
compression size = 57235, CR = 3.864489
done
decompression time=0.003564
done
Min=0, Max=1, range=1
Max absolute error = 0.0012885728
Max relative error = 0.001289
Max pw relative error = 0.001289
PSNR = 61.016223, NRMSE= 0.00088958790635709306203
acEff=1.000000
compressionRatio = 3.864489
  ✓ Compression and decompression successful (ratio: 3.86x)

[70/176] Processing: FPSN_1_192_288.dat

compression time=0.000944, total fastmode1 topology
compression size = 57157, CR = 3.869762
done
decompression time=0.002319
done
Min=0, Max=1, range=1
Max absolute error = 0.0018265098
Max relative error = 0.001827
Max pw relative error = 0.001827
PSNR = 61.695414, NRMSE= 0.0008226768637743134098
acEff=1.000000
compressionRatio = 3.869762
  ✓ Compression and decompression successful (ratio: 3.86x)

[71/176] Processing: FROOTC_1_192_288.dat

compression time=0.001291, total fastmode1 topology
compression size = 59933, CR = 3.690521
done
decompression time=0.002268
done
Min=0, Max=1, range=1
Max absolute error = 0.0019731969
Max relative error = 0.001973
Max pw relative error = 0.001973
PSNR = 61.622326, NRMSE= 0.00082962858160991127983
acEff=1.000000
compressionRatio = 3.690521
  ✓ Compression and decompression successful (ratio: 3.69x)

[72/176] Processing: FROOTC_ALLOC_1_192_288.dat

compression time=0.000976, total fastmode1 topology
compression size = 53825, CR = 4.109317
done
decompression time=0.001968
done
Min=0, Max=1, range=1
Max absolute error = 0.0009999275
Max relative error = 0.001000
Max pw relative error = 0.001000
PSNR = 62.071968, NRMSE= 0.00078777395692164746584
acEff=1.000000
compressionRatio = 4.109317
  ✓ Compression and decompression successful (ratio: 4.10x)

[73/176] Processing: FROOTC_LOSS_1_192_288.dat

compression time=0.001308, total fastmode1 topology
compression size = 54576, CR = 4.052771
done
decompression time=0.002101
done
Min=0, Max=1, range=1
Max absolute error = 0.0009999275
Max relative error = 0.001000
Max pw relative error = 0.001000
PSNR = 62.071963, NRMSE= 0.00078777434801987288558
acEff=1.000000
compressionRatio = 4.052770
  ✓ Compression and decompression successful (ratio: 4.05x)

[74/176] Processing: FROOTN_1_192_288.dat

compression time=0.000986, total fastmode1 topology
compression size = 58914, CR = 3.754354
done
decompression time=0.002342
done
Min=0, Max=1, range=1
Max absolute error = 0.0016909055
Max relative error = 0.001691
Max pw relative error = 0.001691
PSNR = 61.638882, NRMSE= 0.00082804876723635296564
acEff=1.000000
compressionRatio = 3.754354
  ✓ Compression and decompression successful (ratio: 3.75x)

[75/176] Processing: FSA_1_192_288.dat

compression time=0.001438, total fastmode1 topology
compression size = 59613, CR = 3.710332
done
decompression time=0.002392
done
Min=0, Max=1, range=1
Max absolute error = 0.0014230125
Max relative error = 0.001423
Max pw relative error = 0.001423
PSNR = 61.360517, NRMSE= 0.00085501584553891621203
acEff=1.000000
compressionRatio = 3.710332
  ✓ Compression and decompression successful (ratio: 3.71x)

[76/176] Processing: FSA_R_1_192_288.dat

compression time=0.000880, total fastmode1 topology
compression size = 55002, CR = 4.021381
done
decompression time=0.002208
done
Min=0, Max=1, range=1
Max absolute error = 0.0014230125
Max relative error = 0.001423
Max pw relative error = 0.001423
PSNR = 60.895097, NRMSE= 0.00090208015417500336721
acEff=1.000000
compressionRatio = 4.021381
  ✓ Compression and decompression successful (ratio: 4.02x)

[77/176] Processing: FSAT_1_192_288.dat

compression time=0.001205, total fastmode1 topology
compression size = 58009, CR = 3.812926
done
decompression time=0.002356
done
Min=0, Max=1, range=1
Max absolute error = 0.0010014921
Max relative error = 0.001001
Max pw relative error = 0.001001
PSNR = 60.881211, NRMSE= 0.00090352344601429346663
acEff=1.000000
compressionRatio = 3.812926
  ✓ Compression and decompression successful (ratio: 3.81x)

[78/176] Processing: FSA_U_1_192_288.dat

compression time=0.000794, total fastmode1 topology
compression size = 50659, CR = 4.366134
done
decompression time=0.001981
done
Min=0, Max=1, range=1
Max absolute error = 0.0009999275
Max relative error = 0.001000
Max pw relative error = 0.001000
PSNR = 60.240987, NRMSE= 0.00097263673483250173528
acEff=1.000000
compressionRatio = 4.366134
  ✓ Compression and decompression successful (ratio: 4.36x)

[79/176] Processing: FSDS_1_192_288.dat

compression time=0.001425, total fastmode1 topology
compression size = 56497, CR = 3.914969
done
decompression time=0.002268
done
Min=0, Max=1, range=1
Max absolute error = 0.0012363791
Max relative error = 0.001236
Max pw relative error = 0.001236
PSNR = 61.345545, NRMSE= 0.0008564908667012129757
acEff=1.000000
compressionRatio = 3.914969
  ✓ Compression and decompression successful (ratio: 3.91x)

[80/176] Processing: FSDSND_1_192_288.dat

compression time=0.001169, total fastmode1 topology
compression size = 57490, CR = 3.847347
done
decompression time=0.002253
done
Min=0, Max=1, range=1
Max absolute error = 0.0011715107
Max relative error = 0.001172
Max pw relative error = 0.001172
PSNR = 61.354107, NRMSE= 0.00085564705941367359514
acEff=1.000000
compressionRatio = 3.847347
  ✓ Compression and decompression successful (ratio: 3.84x)

[81/176] Processing: FSDSNDLN_1_192_288.dat

compression time=0.001324, total fastmode1 topology
compression size = 58308, CR = 3.793373
done
decompression time=0.002299
done
Min=0, Max=1, range=1
Max absolute error = 0.0013469346
Max relative error = 0.001347
Max pw relative error = 0.001347
PSNR = 61.347599, NRMSE= 0.00085628835181017926709
acEff=1.000000
compressionRatio = 3.793373
  ✓ Compression and decompression successful (ratio: 3.79x)

[82/176] Processing: FSDSNI_1_192_288.dat

compression time=0.001499, total fastmode1 topology
compression size = 59129, CR = 3.740703
done
decompression time=0.002364
done
Min=0, Max=1, range=1
Max absolute error = 0.0016739070
Max relative error = 0.001674
Max pw relative error = 0.001674
PSNR = 61.335066, NRMSE= 0.00085752481210226621025
acEff=1.000000
compressionRatio = 3.740703
  ✓ Compression and decompression successful (ratio: 3.74x)

[83/176] Processing: FSDSVD_1_192_288.dat

compression time=0.001230, total fastmode1 topology
compression size = 57326, CR = 3.858354
done
decompression time=0.002235
done
Min=0, Max=1, range=1
Max absolute error = 0.0011562072
Max relative error = 0.001156
Max pw relative error = 0.001156
PSNR = 61.374146, NRMSE= 0.00085367530497328070714
acEff=1.000000
compressionRatio = 3.858354
  ✓ Compression and decompression successful (ratio: 3.85x)

[84/176] Processing: FSDSVDLN_1_192_288.dat

compression time=0.001078, total fastmode1 topology
compression size = 58018, CR = 3.812334
done
decompression time=0.002254
done
Min=0, Max=1, range=1
Max absolute error = 0.0011641365
Max relative error = 0.001164
Max pw relative error = 0.001164
PSNR = 61.371217, NRMSE= 0.00085396318037134807521
acEff=1.000000
compressionRatio = 3.812334
  ✓ Compression and decompression successful (ratio: 3.81x)

[85/176] Processing: FSDSVI_1_192_288.dat

compression time=0.001200, total fastmode1 topology
compression size = 58226, CR = 3.798715
done
decompression time=0.002311
done
Min=0, Max=1, range=1
Max absolute error = 0.0015119053
Max relative error = 0.001512
Max pw relative error = 0.001512
PSNR = 61.356319, NRMSE= 0.00085542920652925235735
acEff=1.000000
compressionRatio = 3.798715
  ✓ Compression and decompression successful (ratio: 3.79x)

[86/176] Processing: FSH_1_192_288.dat

compression time=0.001534, total fastmode1 topology
compression size = 60972, CR = 3.627632
done
decompression time=0.002581
done
Min=0, Max=1, range=1
Max absolute error = 0.0010882802
Max relative error = 0.001088
Max pw relative error = 0.001088
PSNR = 61.285962, NRMSE= 0.00086238642113621751233
acEff=1.000000
compressionRatio = 3.627632
  ✓ Compression and decompression successful (ratio: 3.62x)

[87/176] Processing: FSH_G_1_192_288.dat

compression time=0.001210, total fastmode1 topology
compression size = 62200, CR = 3.556013
done
decompression time=0.002604
done
Min=0, Max=1, range=1
Max absolute error = 0.0013391674
Max relative error = 0.001339
Max pw relative error = 0.001339
PSNR = 61.227428, NRMSE= 0.00086821767342482047709
acEff=1.000000
compressionRatio = 3.556013
  ✓ Compression and decompression successful (ratio: 3.55x)

[88/176] Processing: FSH_NODYNLNDUSE_1_192_288.dat

compression time=0.001438, total fastmode1 topology
compression size = 60957, CR = 3.628525
done
decompression time=0.002529
done
Min=0, Max=1, range=1
Max absolute error = 0.0010882802
Max relative error = 0.001088
Max pw relative error = 0.001088
PSNR = 61.285983, NRMSE= 0.00086238434270046262792
acEff=1.000000
compressionRatio = 3.628525
  ✓ Compression and decompression successful (ratio: 3.62x)

[89/176] Processing: FSH_R_1_192_288.dat

compression time=0.001205, total fastmode1 topology
compression size = 56584, CR = 3.908950
done
decompression time=0.002345
done
Min=0, Max=1, range=1
Max absolute error = 0.0010764189
Max relative error = 0.001076
Max pw relative error = 0.001076
PSNR = 60.843847, NRMSE= 0.00090741850221558975793
acEff=1.000000
compressionRatio = 3.908950
  ✓ Compression and decompression successful (ratio: 3.90x)

[90/176] Processing: FSH_U_1_192_288.dat

compression time=0.000896, total fastmode1 topology
compression size = 51060, CR = 4.331845
done
decompression time=0.002040
done
Min=0, Max=1, range=1
Max absolute error = 0.0010040328
Max relative error = 0.001004
Max pw relative error = 0.001004
PSNR = 60.238920, NRMSE= 0.00097286813229777375275
acEff=1.000000
compressionRatio = 4.331845
  ✓ Compression and decompression successful (ratio: 4.33x)

[91/176] Processing: FSH_V_1_192_288.dat

compression time=0.001021, total fastmode1 topology
compression size = 57967, CR = 3.815688
done
decompression time=0.002346
done
Min=0, Max=1, range=1
Max absolute error = 0.0014131702
Max relative error = 0.001413
Max pw relative error = 0.001413
PSNR = 61.511674, NRMSE= 0.0008402650866972386683
acEff=1.000000
compressionRatio = 3.815688
  ✓ Compression and decompression successful (ratio: 3.81x)

[92/176] Processing: FSM_1_192_288.dat

compression time=0.001503, total fastmode1 topology
compression size = 59299, CR = 3.729979
done
decompression time=0.002261
done
Min=0, Max=1, range=1
Max absolute error = 0.0017386107
Max relative error = 0.001739
Max pw relative error = 0.001739
PSNR = 61.795991, NRMSE= 0.00081320581400403106793
acEff=1.000000
compressionRatio = 3.729979
  ✓ Compression and decompression successful (ratio: 3.72x)

[93/176] Processing: FSM_R_1_192_288.dat

compression time=0.001424, total fastmode1 topology
compression size = 55533, CR = 3.982929
done
decompression time=0.002121
done
Min=0, Max=1, range=1
Max absolute error = 0.0014816709
Max relative error = 0.001482
Max pw relative error = 0.001482
PSNR = 61.167092, NRMSE= 0.00087426967067351184486
acEff=1.000000
compressionRatio = 3.982929
  ✓ Compression and decompression successful (ratio: 3.98x)

[94/176] Processing: FSM_U_1_192_288.dat

compression time=0.000819, total fastmode1 topology
compression size = 50829, CR = 4.351532
done
decompression time=0.001967
done
Min=0, Max=1, range=1
Max absolute error = 0.0009999641
Max relative error = 0.001000
Max pw relative error = 0.001000
PSNR = 60.331994, NRMSE= 0.00096249899801887283876
acEff=1.000000
compressionRatio = 4.351532
  ✓ Compression and decompression successful (ratio: 4.35x)

[95/176] Processing: FSNO_1_192_288.dat

compression time=0.001151, total fastmode1 topology
compression size = 54842, CR = 4.033113
done
decompression time=0.002056
done
Min=0, Max=1, range=1
Max absolute error = 0.0013746596
Max relative error = 0.001375
Max pw relative error = 0.001375
PSNR = 61.790918, NRMSE= 0.00081368088187630863411
acEff=1.000000
compressionRatio = 4.033113
  ✓ Compression and decompression successful (ratio: 4.03x)

[96/176] Processing: FSR_1_192_288.dat

compression time=0.001378, total fastmode1 topology
compression size = 60483, CR = 3.656961
done
decompression time=0.002546
done
Min=0, Max=1, range=1
Max absolute error = 0.0016473122
Max relative error = 0.001647
Max pw relative error = 0.001647
PSNR = 61.370681, NRMSE= 0.00085401585708038622435
acEff=1.000000
compressionRatio = 3.656961
  ✓ Compression and decompression successful (ratio: 3.65x)

[97/176] Processing: FSRND_1_192_288.dat

compression time=0.001258, total fastmode1 topology
compression size = 60278, CR = 3.669399
done
decompression time=0.002558
done
Min=0, Max=1, range=1
Max absolute error = 0.0014392920
Max relative error = 0.001439
Max pw relative error = 0.001439
PSNR = 61.348776, NRMSE= 0.00085617238472730902623
acEff=1.000000
compressionRatio = 3.669398
  ✓ Compression and decompression successful (ratio: 3.66x)

[98/176] Processing: FSRNDLN_1_192_288.dat

compression time=0.001624, total fastmode1 topology
compression size = 61091, CR = 3.620566
done
decompression time=0.002522
done
Min=0, Max=1, range=1
Max absolute error = 0.0019427389
Max relative error = 0.001943
Max pw relative error = 0.001943
PSNR = 61.351089, NRMSE= 0.00085594434783807602646
acEff=1.000000
compressionRatio = 3.620566
  ✓ Compression and decompression successful (ratio: 3.62x)

[99/176] Processing: FSRNI_1_192_288.dat

compression time=0.001256, total fastmode1 topology
compression size = 60801, CR = 3.637835
done
decompression time=0.002584
done
Min=0, Max=1, range=1
Max absolute error = 0.0015351344
Max relative error = 0.001535
Max pw relative error = 0.001535
PSNR = 61.355616, NRMSE= 0.00085549841636283548586
acEff=1.000000
compressionRatio = 3.637835
  ✓ Compression and decompression successful (ratio: 3.63x)

[100/176] Processing: FSRVD_1_192_288.dat

compression time=0.001274, total fastmode1 topology
compression size = 59711, CR = 3.704242
done
decompression time=0.002408
done
Min=0, Max=1, range=1
Max absolute error = 0.0013147537
Max relative error = 0.001315
Max pw relative error = 0.001315
PSNR = 61.358346, NRMSE= 0.0008552295430071789285
acEff=1.000000
compressionRatio = 3.704242
  ✓ Compression and decompression successful (ratio: 3.70x)

[101/176] Processing: FSRVDLN_1_192_288.dat

compression time=0.001503, total fastmode1 topology
compression size = 60181, CR = 3.675313
done
decompression time=0.002451
done
Min=0, Max=1, range=1
Max absolute error = 0.0015411377
Max relative error = 0.001541
Max pw relative error = 0.001541
PSNR = 61.345557, NRMSE= 0.00085648974783409195267
acEff=1.000000
compressionRatio = 3.675313
  ✓ Compression and decompression successful (ratio: 3.67x)

[102/176] Processing: FSRVI_1_192_288.dat

compression time=0.001193, total fastmode1 topology
compression size = 60595, CR = 3.650202
done
decompression time=0.002520
done
Min=0, Max=1, range=1
Max absolute error = 0.0015832186
Max relative error = 0.001583
Max pw relative error = 0.001583
PSNR = 61.332659, NRMSE= 0.00085776250863913805576
acEff=1.000000
compressionRatio = 3.650202
  ✓ Compression and decompression successful (ratio: 3.65x)

[103/176] Processing: GC_HEAT1_1_192_288.dat

compression time=0.001740, total fastmode1 topology
compression size = 61268, CR = 3.610106
done
decompression time=0.002533
done
Min=0, Max=1, range=1
Max absolute error = 0.0010045096
Max relative error = 0.001005
Max pw relative error = 0.001005
PSNR = 61.202035, NRMSE= 0.00087075951422204149639
acEff=1.000000
compressionRatio = 3.610106
  ✓ Compression and decompression successful (ratio: 3.61x)

[104/176] Processing: GC_HEAT2_1_192_288.dat

compression time=0.000656, total fastmode1 topology
compression size = 52198, CR = 4.237404
done
decompression time=0.001481
done
Min=0, Max=1, range=1
Max absolute error = 0.0009999275
Max relative error = 0.001000
Max pw relative error = 0.001000
PSNR = 62.071967, NRMSE= 0.00078777397612012631852
acEff=1.000000
compressionRatio = 4.237404
  ✓ Compression and decompression successful (ratio: 4.23x)

[105/176] Processing: GC_ICE1_1_192_288.dat

compression time=0.001455, total fastmode1 topology
compression size = 57823, CR = 3.825191
done
decompression time=0.002155
done
Min=0, Max=1, range=1
Max absolute error = 0.0014749244
Max relative error = 0.001475
Max pw relative error = 0.001475
PSNR = 61.416611, NRMSE= 0.00084951184065011012964
acEff=1.000000
compressionRatio = 3.825191
  ✓ Compression and decompression successful (ratio: 3.82x)

[106/176] Processing: GC_ICE2_1_192_288.dat

compression time=0.000889, total fastmode1 topology
compression size = 52198, CR = 4.237404
done
decompression time=0.001529
done
Min=0, Max=1, range=1
Max absolute error = 0.0009999275
Max relative error = 0.001000
Max pw relative error = 0.001000
PSNR = 62.071967, NRMSE= 0.00078777397612012631852
acEff=1.000000
compressionRatio = 4.237404
  ✓ Compression and decompression successful (ratio: 4.23x)

[107/176] Processing: GC_LIQ1_1_192_288.dat

compression time=0.001305, total fastmode1 topology
compression size = 58207, CR = 3.799955
done
decompression time=0.002391
done
Min=0, Max=1, range=1
Max absolute error = 0.0013030618
Max relative error = 0.001303
Max pw relative error = 0.001303
PSNR = 60.265991, NRMSE= 0.00096984079747570810758
acEff=1.000000
compressionRatio = 3.799955
  ✓ Compression and decompression successful (ratio: 3.79x)

[108/176] Processing: GC_LIQ2_1_192_288.dat

compression time=0.001067, total fastmode1 topology
compression size = 52198, CR = 4.237404
done
decompression time=0.001482
done
Min=0, Max=1, range=1
Max absolute error = 0.0009999275
Max relative error = 0.001000
Max pw relative error = 0.001000
PSNR = 62.071967, NRMSE= 0.00078777397612012631852
acEff=1.000000
compressionRatio = 4.237404
  ✓ Compression and decompression successful (ratio: 4.23x)

[109/176] Processing: GPP_1_192_288.dat

compression time=0.001280, total fastmode1 topology
compression size = 54684, CR = 4.044766
done
decompression time=0.002106
done
Min=0, Max=1, range=1
Max absolute error = 0.0009999275
Max relative error = 0.001000
Max pw relative error = 0.001000
PSNR = 62.071962, NRMSE= 0.00078777445785718411535
acEff=1.000000
compressionRatio = 4.044766
  ✓ Compression and decompression successful (ratio: 4.04x)

[110/176] Processing: GR_1_192_288.dat

compression time=0.001367, total fastmode1 topology
compression size = 53664, CR = 4.121646
done
decompression time=0.001992
done
Min=0, Max=1, range=1
Max absolute error = 0.0009999275
Max relative error = 0.001000
Max pw relative error = 0.001000
PSNR = 62.071855, NRMSE= 0.00078778419696023634696
acEff=1.000000
compressionRatio = 4.121646
  ✓ Compression and decompression successful (ratio: 4.12x)

[111/176] Processing: GROSS_NMIN_1_192_288.dat

compression time=0.000781, total fastmode1 topology
compression size = 52848, CR = 4.185286
done
decompression time=0.001905
done
Min=0, Max=1, range=1
Max absolute error = 0.0009999275
Max relative error = 0.001000
Max pw relative error = 0.001000
PSNR = 62.071960, NRMSE= 0.00078777461036815606566
acEff=1.000000
compressionRatio = 4.185286
  ✓ Compression and decompression successful (ratio: 4.18x)

[112/176] Processing: H2OCAN_1_192_288.dat

compression time=0.001518, total fastmode1 topology
compression size = 57841, CR = 3.824000
done
decompression time=0.002254
done
Min=0, Max=1, range=1
Max absolute error = 0.0011158320
Max relative error = 0.001116
Max pw relative error = 0.001116
PSNR = 61.777361, NRMSE= 0.00081495181192227155939
acEff=1.000000
compressionRatio = 3.824000
  ✓ Compression and decompression successful (ratio: 3.82x)

[113/176] Processing: H2OSNO_1_192_288.dat

compression time=0.001647, total fastmode1 topology
compression size = 58136, CR = 3.804596
done
decompression time=0.002190
done
Min=0, Max=1, range=1
Max absolute error = 0.0017662123
Max relative error = 0.001766
Max pw relative error = 0.001766
PSNR = 61.704467, NRMSE= 0.0008218199181314590979
acEff=1.000000
compressionRatio = 3.804596
  ✓ Compression and decompression successful (ratio: 3.80x)

[114/176] Processing: H2OSNO_TOP_1_192_288.dat

compression time=0.003476, total fastmode1 topology
compression size = 60711, CR = 3.643228
done
decompression time=0.002450
done
Min=0, Max=1, range=1
Max absolute error = 0.0017018151
Max relative error = 0.001702
Max pw relative error = 0.001702
PSNR = 61.543477, NRMSE= 0.00083719408979325332567
acEff=1.000000
compressionRatio = 3.643228
  ✓ Compression and decompression successful (ratio: 3.64x)

[115/176] Processing: HC_1_192_288.dat

compression time=0.001329, total fastmode1 topology
compression size = 62985, CR = 3.511693
done
decompression time=0.002673
done
Min=0, Max=1, range=1
Max absolute error = 0.0018570572
Max relative error = 0.001857
Max pw relative error = 0.001857
PSNR = 61.256864, NRMSE= 0.00086528030665628354653
acEff=1.000000
compressionRatio = 3.511693
  ✓ Compression and decompression successful (ratio: 3.51x)

[116/176] Processing: HCSOI_1_192_288.dat

compression time=0.001419, total fastmode1 topology
compression size = 62367, CR = 3.546491
done
decompression time=0.002580
done
Min=0, Max=1, range=1
Max absolute error = 0.0018270910
Max relative error = 0.001827
Max pw relative error = 0.001827
PSNR = 61.246917, NRMSE= 0.00086627176795466540905
acEff=1.000000
compressionRatio = 3.546491
  ✓ Compression and decompression successful (ratio: 3.54x)

[117/176] Processing: HEAT_FROM_AC_1_192_288.dat

compression time=0.000646, total fastmode1 topology
compression size = 52285, CR = 4.230353
done
decompression time=0.001830
done
Min=0, Max=1, range=1
Max absolute error = 0.0009999275
Max relative error = 0.001000
Max pw relative error = 0.001000
PSNR = 62.071226, NRMSE= 0.00078784120349854696013
acEff=1.000000
compressionRatio = 4.230353
  ✓ Compression and decompression successful (ratio: 4.23x)

[118/176] Processing: HR_1_192_288.dat

compression time=0.001132, total fastmode1 topology
compression size = 55078, CR = 4.015832
done
decompression time=0.002167
done
Min=0, Max=1, range=1
Max absolute error = 0.0009999275
Max relative error = 0.001000
Max pw relative error = 0.001000
PSNR = 62.071976, NRMSE= 0.00078777322716784483215
acEff=1.000000
compressionRatio = 4.015832
  ✓ Compression and decompression successful (ratio: 4.01x)

[119/176] Processing: HTOP_1_192_288.dat

compression time=0.001229, total fastmode1 topology
compression size = 59780, CR = 3.699966
done
decompression time=0.002382
done
Min=0, Max=1, range=1
Max absolute error = 0.0018004477
Max relative error = 0.001800
Max pw relative error = 0.001800
PSNR = 61.578170, NRMSE= 0.00083385682113806802989
acEff=1.000000
compressionRatio = 3.699967
  ✓ Compression and decompression successful (ratio: 3.69x)

[120/176] Processing: LAISHA_1_192_288.dat

compression time=0.001454, total fastmode1 topology
compression size = 58841, CR = 3.759012
done
decompression time=0.002520
done
Min=0, Max=1, range=1
Max absolute error = 0.0018024817
Max relative error = 0.001802
Max pw relative error = 0.001802
PSNR = 61.643024, NRMSE= 0.00082765396165286847334
acEff=1.000000
compressionRatio = 3.759012
  ✓ Compression and decompression successful (ratio: 3.75x)

[121/176] Processing: LAISUN_1_192_288.dat

compression time=0.001137, total fastmode1 topology
compression size = 56470, CR = 3.916841
done
decompression time=0.002257
done
Min=0, Max=1, range=1
Max absolute error = 0.0009999275
Max relative error = 0.001000
Max pw relative error = 0.001000
PSNR = 61.725399, NRMSE= 0.00081984174431285025859
acEff=1.000000
compressionRatio = 3.916841
  ✓ Compression and decompression successful (ratio: 3.91x)

[122/176] Processing: landfrac_192_288.dat

compression time=0.001730, total fastmode1 topology
compression size = 54700, CR = 4.043583
done
decompression time=0.001980
done
Min=0, Max=1, range=1
Max absolute error = 0.0009999275
Max relative error = 0.001000
Max pw relative error = 0.001000
PSNR = 61.675902, NRMSE= 0.00082452701525094636813
acEff=1.000000
compressionRatio = 4.043583
  ✓ Compression and decompression successful (ratio: 4.04x)

[123/176] Processing: latixy_192_288.dat

compression time=0.000625, total fastmode1 topology
compression size = 52203, CR = 4.236998
done
decompression time=0.001495
done
Min=0, Max=1, range=1
Max absolute error = 0.0009999275
Max relative error = 0.001000
Max pw relative error = 0.001000
PSNR = 61.324153, NRMSE= 0.00085860286527941558597
acEff=1.000000
compressionRatio = 4.236998
  ✓ Compression and decompression successful (ratio: 4.23x)

[124/176] Processing: latixyatm_192_288.dat

compression time=0.000702, total fastmode1 topology
compression size = 45784, CR = 4.831033
done
decompression time=0.001475
done
Min=0, Max=1, range=1
Max absolute error = 0.0009999275
Max relative error = 0.001000
Max pw relative error = 0.001000
PSNR = 68.831119, NRMSE= 0.00036177959599825319824
acEff=0.999998
compressionRatio = 4.831033
  ✓ Compression and decompression successful (ratio: 4.83x)

[125/176] Processing: LEAFC_1_192_288.dat

compression time=0.001034, total fastmode1 topology
compression size = 59699, CR = 3.704987
done
decompression time=0.002311
done
Min=0, Max=1, range=1
Max absolute error = 0.0017263889
Max relative error = 0.001726
Max pw relative error = 0.001726
PSNR = 61.616916, NRMSE= 0.0008301454626967101711
acEff=1.000000
compressionRatio = 3.704987
  ✓ Compression and decompression successful (ratio: 3.70x)

[126/176] Processing: LEAFC_ALLOC_1_192_288.dat

compression time=0.000970, total fastmode1 topology
compression size = 53707, CR = 4.118346
done
decompression time=0.002121
done
Min=0, Max=1, range=1
Max absolute error = 0.0009999275
Max relative error = 0.001000
Max pw relative error = 0.001000
PSNR = 62.071961, NRMSE= 0.00078777455484268935418
acEff=1.000000
compressionRatio = 4.118346
  ✓ Compression and decompression successful (ratio: 4.11x)

[127/176] Processing: LEAFC_LOSS_1_192_288.dat

compression time=0.001120, total fastmode1 topology
compression size = 54430, CR = 4.063642
done
decompression time=0.002091
done
Min=0, Max=1, range=1
Max absolute error = 0.0009999275
Max relative error = 0.001000
Max pw relative error = 0.001000
PSNR = 62.071830, NRMSE= 0.00078778646195318702966
acEff=1.000000
compressionRatio = 4.063641
  ✓ Compression and decompression successful (ratio: 4.06x)

[128/176] Processing: LEAFN_1_192_288.dat

compression time=0.000975, total fastmode1 topology
compression size = 58858, CR = 3.757926
done
decompression time=0.002363
done
Min=0, Max=1, range=1
Max absolute error = 0.0015638582
Max relative error = 0.001564
Max pw relative error = 0.001564
PSNR = 61.633848, NRMSE= 0.00082852877111708851058
acEff=1.000000
compressionRatio = 3.757926
  ✓ Compression and decompression successful (ratio: 3.75x)

[129/176] Processing: LITFALL_1_192_288.dat

compression time=0.001116, total fastmode1 topology
compression size = 55226, CR = 4.005070
done
decompression time=0.002161
done
Min=0, Max=1, range=1
Max absolute error = 0.0009999275
Max relative error = 0.001000
Max pw relative error = 0.001000
PSNR = 62.071988, NRMSE= 0.00078777208994683216043
acEff=1.000000
compressionRatio = 4.005070
  ✓ Compression and decompression successful (ratio: 4.00x)

[130/176] Processing: LITHR_1_192_288.dat
  ✗ Compression failed (exit code: 1)

[131/176] Processing: LITR1C_1_192_288.dat

compression time=0.001233, total fastmode1 topology
compression size = 60999, CR = 3.626027
done
decompression time=0.002379
done
Min=0, Max=1, range=1
Max absolute error = 0.0016877297
Max relative error = 0.001688
Max pw relative error = 0.001688
PSNR = 61.622436, NRMSE= 0.00082961806328393403968
acEff=1.000000
compressionRatio = 3.626027
  ✓ Compression and decompression successful (ratio: 3.62x)

[132/176] Processing: LITR1C_TO_SOIL1C_1_192_288.dat

compression time=0.001012, total fastmode1 topology
compression size = 53963, CR = 4.098808
done
decompression time=0.002079
done
Min=0, Max=1, range=1
Max absolute error = 0.0009999785
Max relative error = 0.001000
Max pw relative error = 0.001000
PSNR = 62.071573, NRMSE= 0.00078780977548840677195
acEff=1.000000
compressionRatio = 4.098808
  ✓ Compression and decompression successful (ratio: 4.09x)

[133/176] Processing: LITR1N_1_192_288.dat

compression time=0.001667, total fastmode1 topology
compression size = 58806, CR = 3.761249
done
decompression time=0.002315
done
Min=0, Max=1, range=1
Max absolute error = 0.0012024287
Max relative error = 0.001202
Max pw relative error = 0.001202
PSNR = 61.940523, NRMSE= 0.00079978614016002229012
acEff=1.000000
compressionRatio = 3.761249
  ✓ Compression and decompression successful (ratio: 3.76x)

[134/176] Processing: LITR2C_1_192_288.dat

compression time=0.000960, total fastmode1 topology
compression size = 60822, CR = 3.636579
done
decompression time=0.002303
done
Min=0, Max=1, range=1
Max absolute error = 0.0019523725
Max relative error = 0.001952
Max pw relative error = 0.001952
PSNR = 61.588473, NRMSE= 0.00083286833852821171107
acEff=1.000000
compressionRatio = 3.636579
  ✓ Compression and decompression successful (ratio: 3.63x)

[135/176] Processing: LITR2C_TO_SOIL2C_1_192_288.dat

compression time=0.001242, total fastmode1 topology
compression size = 54380, CR = 4.067378
done
decompression time=0.002154
done
Min=0, Max=1, range=1
Max absolute error = 0.0009999310
Max relative error = 0.001000
Max pw relative error = 0.001000
PSNR = 62.071823, NRMSE= 0.00078778711326506288114
acEff=1.000000
compressionRatio = 4.067378
  ✓ Compression and decompression successful (ratio: 4.06x)

[136/176] Processing: LITR2N_1_192_288.dat

compression time=0.001540, total fastmode1 topology
compression size = 60054, CR = 3.683085
done
decompression time=0.002400
done
Min=0, Max=1, range=1
Max absolute error = 0.0016215718
Max relative error = 0.001622
Max pw relative error = 0.001622
PSNR = 61.639599, NRMSE= 0.00082798034076425250632
acEff=1.000000
compressionRatio = 3.683085
  ✓ Compression and decompression successful (ratio: 3.68x)

[137/176] Processing: LITR3C_1_192_288.dat

compression time=0.001329, total fastmode1 topology
compression size = 60604, CR = 3.649660
done
decompression time=0.002309
done
Min=0, Max=1, range=1
Max absolute error = 0.0018474236
Max relative error = 0.001847
Max pw relative error = 0.001847
PSNR = 61.583759, NRMSE= 0.00083332042849654588707
acEff=1.000000
compressionRatio = 3.649660
  ✓ Compression and decompression successful (ratio: 3.64x)

[138/176] Processing: LITR3C_TO_SOIL3C_1_192_288.dat

compression time=0.001090, total fastmode1 topology
compression size = 54005, CR = 4.095621
done
decompression time=0.002059
done
Min=0, Max=1, range=1
Max absolute error = 0.0009999275
Max relative error = 0.001000
Max pw relative error = 0.001000
PSNR = 62.071956, NRMSE= 0.00078777497667325820183
acEff=1.000000
compressionRatio = 4.095621
  ✓ Compression and decompression successful (ratio: 4.09x)

[139/176] Processing: LITR3N_1_192_288.dat

compression time=0.001088, total fastmode1 topology
compression size = 59517, CR = 3.716316
done
decompression time=0.002395
done
Min=0, Max=1, range=1
Max absolute error = 0.0016963617
Max relative error = 0.001696
Max pw relative error = 0.001696
PSNR = 61.609195, NRMSE= 0.00083088367676421544857
acEff=1.000000
compressionRatio = 3.716316
  ✓ Compression and decompression successful (ratio: 3.71x)

[140/176] Processing: LITTERC_1_192_288.dat

compression time=0.001039, total fastmode1 topology
compression size = 60776, CR = 3.639331
done
decompression time=0.002349
done
Min=0, Max=1, range=1
Max absolute error = 0.0017743595
Max relative error = 0.001774
Max pw relative error = 0.001774
PSNR = 61.586649, NRMSE= 0.0008330432464843764203
acEff=1.000000
compressionRatio = 3.639331
  ✓ Compression and decompression successful (ratio: 3.63x)

[141/176] Processing: LITTERC_HR_1_192_288.dat

compression time=0.001136, total fastmode1 topology
compression size = 54793, CR = 4.036720
done
decompression time=0.002177
done
Min=0, Max=1, range=1
Max absolute error = 0.0009999275
Max relative error = 0.001000
Max pw relative error = 0.001000
PSNR = 62.071956, NRMSE= 0.0007877749863935180636
acEff=1.000000
compressionRatio = 4.036720
  ✓ Compression and decompression successful (ratio: 4.03x)

[142/176] Processing: LITTERC_LOSS_1_192_288.dat

compression time=0.001177, total fastmode1 topology
compression size = 55314, CR = 3.998698
done
decompression time=0.002718
done
Min=0, Max=1, range=1
Max absolute error = 0.0009999275
Max relative error = 0.001000
Max pw relative error = 0.001000
PSNR = 62.071992, NRMSE= 0.0007877717830955633738
acEff=1.000000
compressionRatio = 3.998698
  ✓ Compression and decompression successful (ratio: 3.99x)

[143/176] Processing: LIVECROOTC_1_192_288.dat

compression time=0.000996, total fastmode1 topology
compression size = 58794, CR = 3.762017
done
decompression time=0.002329
done
Min=0, Max=1, range=1
Max absolute error = 0.0018334519
Max relative error = 0.001833
Max pw relative error = 0.001833
PSNR = 61.661855, NRMSE= 0.0008258615385390678321
acEff=1.000000
compressionRatio = 3.762017
  ✓ Compression and decompression successful (ratio: 3.76x)

[144/176] Processing: LIVECROOTN_1_192_288.dat

compression time=0.001082, total fastmode1 topology
compression size = 56865, CR = 3.889633
done
decompression time=0.002206
done
Min=0, Max=1, range=1
Max absolute error = 0.0013890835
Max relative error = 0.001389
Max pw relative error = 0.001389
PSNR = 61.823709, NRMSE= 0.00081061484972202134391
acEff=1.000000
compressionRatio = 3.889633
  ✓ Compression and decompression successful (ratio: 3.88x)

[145/176] Processing: LIVESTEMC_1_192_288.dat

compression time=0.001347, total fastmode1 topology
compression size = 59206, CR = 3.735838
done
decompression time=0.002293
done
Min=0, Max=1, range=1
Max absolute error = 0.0018394999
Max relative error = 0.001839
Max pw relative error = 0.001839
PSNR = 61.643178, NRMSE= 0.00082763925114175455021
acEff=1.000000
compressionRatio = 3.735838
  ✓ Compression and decompression successful (ratio: 3.73x)

[146/176] Processing: LIVESTEMN_1_192_288.dat

compression time=0.001101, total fastmode1 topology
compression size = 57565, CR = 3.842335
done
decompression time=0.002245
done
Min=0, Max=1, range=1
Max absolute error = 0.0016058963
Max relative error = 0.001606
Max pw relative error = 0.001606
PSNR = 61.747287, NRMSE= 0.00081777842240684237626
acEff=1.000000
compressionRatio = 3.842335
  ✓ Compression and decompression successful (ratio: 3.84x)

[147/176] Processing: longxy_192_288.dat

compression time=0.000680, total fastmode1 topology
compression size = 55628, CR = 3.976127
done
decompression time=0.001463
done
Min=0, Max=1, range=1
Max absolute error = 0.0009999275
Max relative error = 0.001000
Max pw relative error = 0.001000
PSNR = 61.256411, NRMSE= 0.00086532541419723511735
acEff=1.000000
compressionRatio = 3.976127
  ✓ Compression and decompression successful (ratio: 3.97x)

[148/176] Processing: longxyatm_192_288.dat

compression time=0.000723, total fastmode1 topology
compression size = 57828, CR = 3.824860
done
decompression time=0.001489
done
Min=0, Max=1, range=1
Max absolute error = 0.0009999275
Max relative error = 0.001000
Max pw relative error = 0.001000
PSNR = 69.151006, NRMSE= 0.00034869819955605650848
acEff=1.000000
compressionRatio = 3.824860
  ✓ Compression and decompression successful (ratio: 3.82x)

[149/176] Processing: MEAN_FIRE_PROB_1_192_288.dat

compression time=0.001442, total fastmode1 topology
compression size = 56213, CR = 3.934748
done
decompression time=0.002260
done
Min=0, Max=1, range=1
Max absolute error = 0.0014073064
Max relative error = 0.001407
Max pw relative error = 0.001407
PSNR = 61.040014, NRMSE= 0.00088715456055276557899
acEff=1.000000
compressionRatio = 3.934748
  ✓ Compression and decompression successful (ratio: 3.93x)

[150/176] Processing: MR_1_192_288.dat

compression time=0.001489, total fastmode1 topology
compression size = 55242, CR = 4.003910
done
decompression time=0.002150
done
Min=0, Max=1, range=1
Max absolute error = 0.0009999275
Max relative error = 0.001000
Max pw relative error = 0.001000
PSNR = 62.071869, NRMSE= 0.00078778289273160207601
acEff=1.000000
compressionRatio = 4.003910
  ✓ Compression and decompression successful (ratio: 4.00x)

[151/176] Processing: NBP_1_192_288.dat

compression time=0.001157, total fastmode1 topology
compression size = 55587, CR = 3.979060
done
decompression time=0.002237
done
Min=0, Max=1, range=1
Max absolute error = 0.0009999275
Max relative error = 0.001000
Max pw relative error = 0.001000
PSNR = 62.071692, NRMSE= 0.00078779890955737541611
acEff=1.000000
compressionRatio = 3.979060
  ✓ Compression and decompression successful (ratio: 3.97x)

[152/176] Processing: NDEPLOY_1_192_288.dat

compression time=0.000985, total fastmode1 topology
compression size = 52564, CR = 4.207899
done
decompression time=0.001814
done
Min=0, Max=1, range=1
Max absolute error = 0.0009999275
Max relative error = 0.001000
Max pw relative error = 0.001000
PSNR = 62.071964, NRMSE= 0.00078777430928602808647
acEff=1.000000
compressionRatio = 4.207899
  ✓ Compression and decompression successful (ratio: 4.20x)

[153/176] Processing: NDEP_TO_SMINN_1_192_288.dat

compression time=0.000931, total fastmode1 topology
compression size = 52198, CR = 4.237404
done
decompression time=0.001554
done
Min=0, Max=1, range=1
Max absolute error = 0.0009999275
Max relative error = 0.001000
Max pw relative error = 0.001000
PSNR = 62.071967, NRMSE= 0.00078777397612012631852
acEff=1.000000
compressionRatio = 4.237404
  ✓ Compression and decompression successful (ratio: 4.23x)

[154/176] Processing: NEE_1_192_288.dat

compression time=0.001239, total fastmode1 topology
compression size = 55567, CR = 3.980492
done
decompression time=0.002221
done
Min=0, Max=1, range=1
Max absolute error = 0.0009999275
Max relative error = 0.001000
Max pw relative error = 0.001000
PSNR = 62.071801, NRMSE= 0.0007877891047845270861
acEff=1.000000
compressionRatio = 3.980492
  ✓ Compression and decompression successful (ratio: 3.98x)

[155/176] Processing: NEP_1_192_288.dat

compression time=0.001279, total fastmode1 topology
compression size = 55533, CR = 3.982929
done
decompression time=0.002216
done
Min=0, Max=1, range=1
Max absolute error = 0.0009999275
Max relative error = 0.001000
Max pw relative error = 0.001000
PSNR = 62.071682, NRMSE= 0.00078779982032097341845
acEff=1.000000
compressionRatio = 3.982929
  ✓ Compression and decompression successful (ratio: 3.98x)

[156/176] Processing: NET_NMIN_1_192_288.dat

compression time=0.001150, total fastmode1 topology
compression size = 52626, CR = 4.202941
done
decompression time=0.001894
done
Min=0, Max=1, range=1
Max absolute error = 0.0009999275
Max relative error = 0.001000
Max pw relative error = 0.001000
PSNR = 62.071962, NRMSE= 0.00078777449250021095231
acEff=1.000000
compressionRatio = 4.202942
  ✓ Compression and decompression successful (ratio: 4.20x)

[157/176] Processing: NFIX_TO_SMINN_1_192_288.dat

compression time=0.000662, total fastmode1 topology
compression size = 52198, CR = 4.237404
done
decompression time=0.001482
done
Min=0, Max=1, range=1
Max absolute error = 0.0009999275
Max relative error = 0.001000
Max pw relative error = 0.001000
PSNR = 62.071967, NRMSE= 0.00078777397612012631852
acEff=1.000000
compressionRatio = 4.237404
  ✓ Compression and decompression successful (ratio: 4.23x)

[158/176] Processing: NPP_1_192_288.dat

compression time=0.001123, total fastmode1 topology
compression size = 54994, CR = 4.021966
done
decompression time=0.002151
done
Min=0, Max=1, range=1
Max absolute error = 0.0009999275
Max relative error = 0.001000
Max pw relative error = 0.001000
PSNR = 62.071775, NRMSE= 0.00078779138582075059882
acEff=1.000000
compressionRatio = 4.021966
  ✓ Compression and decompression successful (ratio: 4.02x)

[159/176] Processing: OCDEP_1_192_288.dat

compression time=0.000804, total fastmode1 topology
compression size = 52198, CR = 4.237404
done
decompression time=0.001530
done
Min=0, Max=1, range=1
Max absolute error = 0.0009999275
Max relative error = 0.001000
Max pw relative error = 0.001000
PSNR = 62.071967, NRMSE= 0.00078777397612012631852
acEff=1.000000
compressionRatio = 4.237404
  ✓ Compression and decompression successful (ratio: 4.23x)

[160/176] Processing: PBOT_1_192_288.dat

compression time=0.000867, total fastmode1 topology
compression size = 56327, CR = 3.926785
done
decompression time=0.001973
done
Min=0, Max=1, range=1
Max absolute error = 0.0010007918
Max relative error = 0.001001
Max pw relative error = 0.001001
PSNR = 61.225811, NRMSE= 0.00086837928228380881039
acEff=1.000000
compressionRatio = 3.926785
  ✓ Compression and decompression successful (ratio: 3.92x)

[161/176] Processing: PCO2_1_192_288.dat

compression time=0.000791, total fastmode1 topology
compression size = 56299, CR = 3.928738
done
decompression time=0.002010
done
Min=0, Max=1, range=1
Max absolute error = 0.0010074154
Max relative error = 0.001007
Max pw relative error = 0.001007
PSNR = 61.307775, NRMSE= 0.00086022344402468412048
acEff=1.000000
compressionRatio = 3.928738
  ✓ Compression and decompression successful (ratio: 3.92x)

[162/176] Processing: PFT_CTRUNC_1_192_288.dat

compression time=0.001207, total fastmode1 topology
compression size = 54933, CR = 4.026432
done
decompression time=0.002185
done
Min=0, Max=1, range=1
Max absolute error = 0.0009999971
Max relative error = 0.001000
Max pw relative error = 0.001000
PSNR = 62.071597, NRMSE= 0.00078780758939960037531
acEff=1.000000
compressionRatio = 4.026432
  ✓ Compression and decompression successful (ratio: 4.02x)

[163/176] Processing: PFT_FIRE_CLOSS_1_192_288.dat
  ✗ Compression failed (exit code: 1)

[164/176] Processing: PFT_FIRE_NLOSS_1_192_288.dat

compression time=0.001302, total fastmode1 topology
compression size = 52216, CR = 4.235943
done
decompression time=0.001538
done
Min=0, Max=1, range=1
Max absolute error = 0.0009999275
Max relative error = 0.001000
Max pw relative error = 0.001000
PSNR = 62.071967, NRMSE= 0.00078777400551415552137
acEff=1.000000
compressionRatio = 4.235943
  ✓ Compression and decompression successful (ratio: 4.23x)

[165/176] Processing: PFT_NTRUNC_1_192_288.dat

compression time=0.001512, total fastmode1 topology
compression size = 54927, CR = 4.026872
done
decompression time=0.002145
done
Min=0, Max=1, range=1
Max absolute error = 0.0009999971
Max relative error = 0.001000
Max pw relative error = 0.001000
PSNR = 62.071486, NRMSE= 0.00078781759437820085556
acEff=1.000000
compressionRatio = 4.026872
  ✓ Compression and decompression successful (ratio: 4.02x)

[166/176] Processing: PLANT_NDEMAND_1_192_288.dat

compression time=0.000848, total fastmode1 topology
compression size = 52943, CR = 4.177776
done
decompression time=0.001911
done
Min=0, Max=1, range=1
Max absolute error = 0.0009999785
Max relative error = 0.001000
Max pw relative error = 0.001000
PSNR = 62.071833, NRMSE= 0.00078778620384922077007
acEff=1.000000
compressionRatio = 4.177776
  ✓ Compression and decompression successful (ratio: 4.17x)

[167/176] Processing: POTENTIAL_IMMOB_1_192_288.dat

compression time=0.000914, total fastmode1 topology
compression size = 53466, CR = 4.136909
done
decompression time=0.001963
done
Min=0, Max=1, range=1
Max absolute error = 0.0009999987
Max relative error = 0.001000
Max pw relative error = 0.001000
PSNR = 62.071449, NRMSE= 0.00078782098503018985029
acEff=1.000000
compressionRatio = 4.136909
  ✓ Compression and decompression successful (ratio: 4.13x)

[168/176] Processing: PROD100C_1_192_288.dat

compression time=0.000861, total fastmode1 topology
compression size = 52198, CR = 4.237404
done
decompression time=0.001482
done
Min=0, Max=1, range=1
Max absolute error = 0.0009999275
Max relative error = 0.001000
Max pw relative error = 0.001000
PSNR = 62.071967, NRMSE= 0.00078777397612012631852
acEff=1.000000
compressionRatio = 4.237404
  ✓ Compression and decompression successful (ratio: 4.23x)

[169/176] Processing: PROD100C_LOSS_1_192_288.dat

compression time=0.000852, total fastmode1 topology
compression size = 52198, CR = 4.237404
done
decompression time=0.001555
done
Min=0, Max=1, range=1
Max absolute error = 0.0009999275
Max relative error = 0.001000
Max pw relative error = 0.001000
PSNR = 62.071967, NRMSE= 0.00078777397612012631852
acEff=1.000000
compressionRatio = 4.237404
  ✓ Compression and decompression successful (ratio: 4.23x)

[170/176] Processing: PROD100N_1_192_288.dat

compression time=0.000823, total fastmode1 topology
compression size = 52198, CR = 4.237404
done
decompression time=0.001491
done
Min=0, Max=1, range=1
Max absolute error = 0.0009999275
Max relative error = 0.001000
Max pw relative error = 0.001000
PSNR = 62.071967, NRMSE= 0.00078777397612012631852
acEff=1.000000
compressionRatio = 4.237404
  ✓ Compression and decompression successful (ratio: 4.23x)

[171/176] Processing: PROD100N_LOSS_1_192_288.dat

compression time=0.000657, total fastmode1 topology
compression size = 52198, CR = 4.237404
done
decompression time=0.001461
done
Min=0, Max=1, range=1
Max absolute error = 0.0009999275
Max relative error = 0.001000
Max pw relative error = 0.001000
PSNR = 62.071967, NRMSE= 0.00078777397612012631852
acEff=1.000000
compressionRatio = 4.237404
  ✓ Compression and decompression successful (ratio: 4.23x)

[172/176] Processing: PROD10C_1_192_288.dat

compression time=0.000810, total fastmode1 topology
compression size = 52198, CR = 4.237404
done
decompression time=0.001491
done
Min=0, Max=1, range=1
Max absolute error = 0.0009999275
Max relative error = 0.001000
Max pw relative error = 0.001000
PSNR = 62.071967, NRMSE= 0.00078777397612012631852
acEff=1.000000
compressionRatio = 4.237404
  ✓ Compression and decompression successful (ratio: 4.23x)

[173/176] Processing: PROD10C_LOSS_1_192_288.dat

compression time=0.000649, total fastmode1 topology
compression size = 52198, CR = 4.237404
done
decompression time=0.001525
done
Min=0, Max=1, range=1
Max absolute error = 0.0009999275
Max relative error = 0.001000
Max pw relative error = 0.001000
PSNR = 62.071967, NRMSE= 0.00078777397612012631852
acEff=1.000000
compressionRatio = 4.237404
  ✓ Compression and decompression successful (ratio: 4.23x)

[174/176] Processing: PROD10N_1_192_288.dat

compression time=0.000902, total fastmode1 topology
compression size = 52198, CR = 4.237404
done
decompression time=0.001475
done
Min=0, Max=1, range=1
Max absolute error = 0.0009999275
Max relative error = 0.001000
Max pw relative error = 0.001000
PSNR = 62.071967, NRMSE= 0.00078777397612012631852
acEff=1.000000
compressionRatio = 4.237404
  ✓ Compression and decompression successful (ratio: 4.23x)

[175/176] Processing: topo_192_288.dat

compression time=0.000785, total fastmode1 topology
compression size = 52198, CR = 4.237404
done
decompression time=0.001531
done
Min=0, Max=1, range=1
Max absolute error = 0.0009999275
Max relative error = 0.001000
Max pw relative error = 0.001000
PSNR = 62.071967, NRMSE= 0.00078777397612012631852
acEff=1.000000
compressionRatio = 4.237404
  ✓ Compression and decompression successful (ratio: 4.23x)

[176/176] Processing: topodnsc_192_288.dat

compression time=0.000710, total fastmode1 topology
compression size = 52198, CR = 4.237404
done
decompression time=0.001547
done
Min=0, Max=1, range=1
Max absolute error = 0.0009999275
Max relative error = 0.001000
Max pw relative error = 0.001000
PSNR = 62.071967, NRMSE= 0.00078777397612012631852
acEff=1.000000
compressionRatio = 4.237404
  ✓ Compression and decompression successful (ratio: 4.23x)

=== Summary ===
Total files processed: 170
Total files skipped: 0
Total files failed: 6

