Input directory: ../../CESM-CLIMATE-65G/4/log_normalized
Output directory: ../../CESM-CLIMATE-65G/4/log_normalized/tthresh_1E-7
Dimensions: 768x1152
Error bound: 0.0000001

Found 90 .dat file(s) to process

[1/90] Processing: AEROD_v_1_768_1152.dat
oldbits = 28311552, newbits = 12278032, compressionratio = 2.30587, bpv = 13.8776
Total compression time: 2942.8ms
eps = 6.52411e-05, rmse = 8.89666e-06, psnr = 94.9949
Total decompression time: 243.651ms
Total time: 3186.51ms
  ✓ Compression successful (ratio: 2.30x)

[2/90] Processing: cb_ozone_c_1_768_1152.dat
oldbits = 28311552, newbits = 4466704, compressionratio = 6.33835, bpv = 5.04863
Total compression time: 2411.55ms
eps = 0.000121268, rmse = 5.06531e-05, psnr = 79.8873
Total decompression time: 160.68ms
Total time: 2572.26ms
  ✓ Compression successful (ratio: 6.33x)

[3/90] Processing: cb_sulf_c_1_768_1152.dat
oldbits = 28311552, newbits = 9565200, compressionratio = 2.95985, bpv = 10.8114
Total compression time: 2712.53ms
eps = 0.00015145, rmse = 2.60031e-05, psnr = 85.6789
Total decompression time: 223.044ms
Total time: 2935.61ms
  ✓ Compression successful (ratio: 2.95x)

[4/90] Processing: CLDHGH_1_768_1152.dat
oldbits = 28311552, newbits = 16220240, compressionratio = 1.74545, bpv = 18.3334
Total compression time: 3299.24ms
eps = 4.73498e-05, rmse = 1.51925e-05, psnr = 90.3468
Total decompression time: 246.026ms
Total time: 3545.3ms
  ✓ Compression successful (ratio: 1.74x)

[5/90] Processing: CLDLOW_1_768_1152.dat
oldbits = 28311552, newbits = 13519760, compressionratio = 2.09409, bpv = 15.2811
Total compression time: 3066.01ms
eps = 0.000106229, rmse = 4.63583e-05, psnr = 80.6569
Total decompression time: 240.071ms
Total time: 3306.12ms
  ✓ Compression successful (ratio: 2.09x)

[6/90] Processing: CLDMED_1_768_1152.dat
oldbits = 28311552, newbits = 14195408, compressionratio = 1.99442, bpv = 16.0448
Total compression time: 3027.18ms
eps = 0.000114144, rmse = 3.08954e-05, psnr = 84.1815
Total decompression time: 237.179ms
Total time: 3264.4ms
  ✓ Compression successful (ratio: 1.99x)

[7/90] Processing: CLDTOT_1_768_1152.dat
oldbits = 28311552, newbits = 12580816, compressionratio = 2.25037, bpv = 14.2199
Total compression time: 3143.09ms
eps = 0.000123713, rmse = 6.981e-05, psnr = 77.101
Total decompression time: 238.169ms
Total time: 3381.29ms
  ✓ Compression successful (ratio: 2.25x)

[8/90] Processing: FLDS_1_768_1152.dat
oldbits = 28311552, newbits = 4730384, compressionratio = 5.98504, bpv = 5.34666
Total compression time: 2591.15ms
eps = 0.000219231, rmse = 0.000198562, psnr = 68.0215
Total decompression time: 166.502ms
Total time: 2757.68ms
  ✓ Compression successful (ratio: 5.98x)

[9/90] Processing: FLDSC_1_768_1152.dat
oldbits = 28311552, newbits = 4934224, compressionratio = 5.73779, bpv = 5.57706
Total compression time: 2592.91ms
eps = 0.00012278, rmse = 0.000108949, psnr = 73.2349
Total decompression time: 160.547ms
Total time: 2753.49ms
  ✓ Compression successful (ratio: 5.73x)

[10/90] Processing: FLNS_1_768_1152.dat
oldbits = 28311552, newbits = 8495184, compressionratio = 3.33266, bpv = 9.60194
Total compression time: 2970.42ms
eps = 0.000239393, rmse = 0.000185541, psnr = 68.6106
Total decompression time: 213.109ms
Total time: 3183.57ms
  ✓ Compression successful (ratio: 3.33x)

[11/90] Processing: FLNSC_1_768_1152.dat
oldbits = 28311552, newbits = 7898448, compressionratio = 3.58444, bpv = 8.92746
Total compression time: 2794.93ms
eps = 0.000252499, rmse = 0.000191477, psnr = 68.3371
Total decompression time: 203.651ms
Total time: 2998.62ms
  ✓ Compression successful (ratio: 3.58x)

[12/90] Processing: FLNT_1_768_1152.dat
oldbits = 28311552, newbits = 5485968, compressionratio = 5.16072, bpv = 6.20068
Total compression time: 2662.62ms
eps = 0.000232864, rmse = 0.000204643, psnr = 67.7594
Total decompression time: 172.324ms
Total time: 2834.99ms
  ✓ Compression successful (ratio: 5.16x)

[13/90] Processing: FLNTC_1_768_1152.dat
oldbits = 28311552, newbits = 4452496, compressionratio = 6.35858, bpv = 5.03257
Total compression time: 2524.52ms
eps = 0.000123951, rmse = 0.000112971, psnr = 72.9201
Total decompression time: 151.96ms
Total time: 2676.52ms
  ✓ Compression successful (ratio: 6.35x)

[14/90] Processing: FLUT_1_768_1152.dat
oldbits = 28311552, newbits = 5477328, compressionratio = 5.16886, bpv = 6.19092
Total compression time: 2682.57ms
eps = 0.000232906, rmse = 0.000204715, psnr = 67.7564
Total decompression time: 172.954ms
Total time: 2855.57ms
  ✓ Compression successful (ratio: 5.16x)

[15/90] Processing: FLUTC_1_768_1152.dat
oldbits = 28311552, newbits = 4446480, compressionratio = 6.36718, bpv = 5.02577
Total compression time: 2551.94ms
eps = 0.000124008, rmse = 0.000113028, psnr = 72.9156
Total decompression time: 156.057ms
Total time: 2708.04ms
  ✓ Compression successful (ratio: 6.36x)

[16/90] Processing: FREQSH_1_768_1152.dat
oldbits = 28311552, newbits = 12159376, compressionratio = 2.32837, bpv = 13.7435
Total compression time: 3067.8ms
eps = 0.0001457, rmse = 9.49333e-05, psnr = 74.431
Total decompression time: 236.035ms
Total time: 3303.88ms
  ✓ Compression successful (ratio: 2.32x)

[17/90] Processing: FREQZM_1_768_1152.dat
oldbits = 28311552, newbits = 13688912, compressionratio = 2.06821, bpv = 15.4723
Total compression time: 2865.72ms
eps = 5.85304e-05, rmse = 1.69863e-05, psnr = 89.3774
Total decompression time: 244.68ms
Total time: 3110.44ms
  ✓ Compression successful (ratio: 2.06x)

[18/90] Processing: FSDS_1_768_1152.dat
oldbits = 28311552, newbits = 6953872, compressionratio = 4.07134, bpv = 7.85983
Total compression time: 2833.35ms
eps = 0.000240255, rmse = 0.000199295, psnr = 67.9895
Total decompression time: 193.259ms
Total time: 3026.66ms
  ✓ Compression successful (ratio: 4.07x)

[19/90] Processing: FSDSC_1_768_1152.dat
oldbits = 28311552, newbits = 2814416, compressionratio = 10.0595, bpv = 3.18108
Total compression time: 2430.05ms
eps = 0.000109104, rmse = 9.53525e-05, psnr = 74.3928
Total decompression time: 127.22ms
Total time: 2557.32ms
  ✓ Compression successful (ratio: 10.05x)

[20/90] Processing: FSDTOA_1_768_1152.dat
oldbits = 28311552, newbits = 512080, compressionratio = 55.2874, bpv = 0.578794
Total compression time: 2120.21ms
eps = 2.95787e-06, rmse = 2.65308e-06, psnr = 105.504
Total decompression time: 77.672ms
Total time: 2197.93ms
  ✓ Compression successful (ratio: 55.28x)

[21/90] Processing: FSNS_1_768_1152.dat
oldbits = 28311552, newbits = 8077776, compressionratio = 3.50487, bpv = 9.13015
Total compression time: 2757.24ms
eps = 0.00023685, rmse = 0.000189143, psnr = 68.4436
Total decompression time: 208.651ms
Total time: 2965.94ms
  ✓ Compression successful (ratio: 3.50x)

[22/90] Processing: FSNSC_1_768_1152.dat
oldbits = 28311552, newbits = 6609104, compressionratio = 4.28372, bpv = 7.47014
Total compression time: 2711.08ms
eps = 0.00023267, rmse = 0.000195401, psnr = 68.1609
Total decompression time: 188.737ms
Total time: 2899.87ms
  ✓ Compression successful (ratio: 4.28x)

[23/90] Processing: FSNT_1_768_1152.dat
oldbits = 28311552, newbits = 6574800, compressionratio = 4.30607, bpv = 7.43137
Total compression time: 2785.99ms
eps = 0.000239601, rmse = 0.00020064, psnr = 67.9311
Total decompression time: 189.007ms
Total time: 2975.05ms
  ✓ Compression successful (ratio: 4.30x)

[24/90] Processing: FSNTC_1_768_1152.dat
oldbits = 28311552, newbits = 5379984, compressionratio = 5.26239, bpv = 6.08089
Total compression time: 2604.97ms
eps = 0.000227462, rmse = 0.000196195, psnr = 68.1256
Total decompression time: 169.851ms
Total time: 2774.86ms
  ✓ Compression successful (ratio: 5.26x)

[25/90] Processing: FSNTOA_1_768_1152.dat
oldbits = 28311552, newbits = 6523920, compressionratio = 4.33965, bpv = 7.37386
Total compression time: 2714.32ms
eps = 0.000239457, rmse = 0.000200857, psnr = 67.9217
Total decompression time: 186.805ms
Total time: 2901.17ms
  ✓ Compression successful (ratio: 4.33x)

[26/90] Processing: FSNTOAC_1_768_1152.dat
oldbits = 28311552, newbits = 5337808, compressionratio = 5.30397, bpv = 6.03322
Total compression time: 2678.11ms
eps = 0.000227104, rmse = 0.000196108, psnr = 68.1295
Total decompression time: 174.43ms
Total time: 2852.59ms
  ✓ Compression successful (ratio: 5.30x)

[27/90] Processing: FSUTOA_1_768_1152.dat
oldbits = 28311552, newbits = 8017040, compressionratio = 3.53142, bpv = 9.06151
Total compression time: 2852.9ms
eps = 0.000249693, rmse = 0.00019082, psnr = 68.3669
Total decompression time: 207.343ms
Total time: 3060.28ms
  ✓ Compression successful (ratio: 3.53x)

[28/90] Processing: ICEFRAC_1_768_1152.dat
oldbits = 28311552, newbits = 3094800, compressionratio = 9.1481, bpv = 3.49799
Total compression time: 1682.25ms
eps = 6.24503e-05, rmse = 2.01655e-05, psnr = 87.8872
Total decompression time: 99.403ms
Total time: 1781.69ms
  ✓ Compression successful (ratio: 9.14x)

[29/90] Processing: LANDFRAC_1_768_1152.dat
oldbits = 28311552, newbits = 13993552, compressionratio = 2.02319, bpv = 15.8166
Total compression time: 2985.79ms
eps = 7.8213e-05, rmse = 4.57016e-05, psnr = 80.7808
Total decompression time: 240.55ms
Total time: 3226.38ms
  ✓ Compression successful (ratio: 2.02x)

[30/90] Processing: LHFLX_1_768_1152.dat
oldbits = 28311552, newbits = 9508240, compressionratio = 2.97758, bpv = 10.747
Total compression time: 2977.78ms
eps = 0.0002766, rmse = 0.000178682, psnr = 68.9378
Total decompression time: 223.615ms
Total time: 3201.44ms
  ✓ Compression successful (ratio: 2.97x)

[31/90] Processing: LWCF_1_768_1152.dat
oldbits = 28311552, newbits = 8420688, compressionratio = 3.36214, bpv = 9.51774
Total compression time: 3009.63ms
eps = 0.000272731, rmse = 0.000185114, psnr = 68.6306
Total decompression time: 212.629ms
Total time: 3222.3ms
  ✓ Compression successful (ratio: 3.36x)

[32/90] Processing: MSKtem_1_768_1152.dat
oldbits = 28311552, newbits = 9289744, compressionratio = 3.04761, bpv = 10.5
Total compression time: 2997.64ms
eps = 0.000196403, rmse = 0.000180887, psnr = 68.8312
Total decompression time: 220.047ms
Total time: 3217.75ms
  ✓ Compression successful (ratio: 3.04x)

[33/90] Processing: OCNFRAC_1_768_1152.dat
oldbits = 28311552, newbits = 12492688, compressionratio = 2.26625, bpv = 14.1202
Total compression time: 2958.38ms
eps = 0.000129721, rmse = 9.49532e-05, psnr = 74.4292
Total decompression time: 241.418ms
Total time: 3199.84ms
  ✓ Compression successful (ratio: 2.26x)

[34/90] Processing: ODV_bcar1_1_768_1152.dat
oldbits = 28311552, newbits = 10943696, compressionratio = 2.58702, bpv = 12.3694
Total compression time: 2632.3ms
eps = 5.50377e-05, rmse = 2.3533e-06, psnr = 106.546
Total decompression time: 223.689ms
Total time: 2856.04ms
  ✓ Compression successful (ratio: 2.58x)

[35/90] Processing: ODV_bcar2_1_768_1152.dat
oldbits = 28311552, newbits = 8082128, compressionratio = 3.50298, bpv = 9.13507
Total compression time: 2661.47ms
eps = 9.88163e-05, rmse = 9.08263e-06, psnr = 94.8152
Total decompression time: 198.982ms
Total time: 2860.5ms
  ✓ Compression successful (ratio: 3.50x)

[36/90] Processing: ODV_dust1_1_768_1152.dat
oldbits = 28311552, newbits = 6037904, compressionratio = 4.68897, bpv = 6.82453
Total compression time: 2405.72ms
eps = 7.95931e-05, rmse = 5.63069e-06, psnr = 98.9682
Total decompression time: 166.546ms
Total time: 2572.31ms
  ✓ Compression successful (ratio: 4.68x)

[37/90] Processing: ODV_dust2_1_768_1152.dat
oldbits = 28311552, newbits = 5982800, compressionratio = 4.73216, bpv = 6.76224
Total compression time: 2403.45ms
eps = 8.11451e-05, rmse = 5.6051e-06, psnr = 99.0077
Total decompression time: 166.368ms
Total time: 2569.86ms
  ✓ Compression successful (ratio: 4.73x)

[38/90] Processing: ODV_dust3_1_768_1152.dat
oldbits = 28311552, newbits = 5963728, compressionratio = 4.74729, bpv = 6.74069
Total compression time: 2426.14ms
eps = 7.4718e-05, rmse = 4.4661e-06, psnr = 100.981
Total decompression time: 166.324ms
Total time: 2592.53ms
  ✓ Compression successful (ratio: 4.74x)

[39/90] Processing: ODV_dust4_1_768_1152.dat
oldbits = 28311552, newbits = 5462800, compressionratio = 5.18261, bpv = 6.1745
Total compression time: 2200.31ms
eps = 8.54876e-05, rmse = 4.28489e-06, psnr = 101.341
Total decompression time: 158.253ms
Total time: 2358.6ms
  ✓ Compression successful (ratio: 5.18x)

[40/90] Processing: ODV_ocar1_1_768_1152.dat
oldbits = 28311552, newbits = 7825552, compressionratio = 3.61783, bpv = 8.84507
Total compression time: 2420.87ms
eps = 0.000121442, rmse = 2.94446e-06, psnr = 104.599
Total decompression time: 190.418ms
Total time: 2611.34ms
  ✓ Compression successful (ratio: 3.61x)

[41/90] Processing: ODV_ocar2_1_768_1152.dat
oldbits = 28311552, newbits = 10293648, compressionratio = 2.75039, bpv = 11.6347
Total compression time: 2642.39ms
eps = 6.60619e-05, rmse = 3.29798e-06, psnr = 103.614
Total decompression time: 231.803ms
Total time: 2874.25ms
  ✓ Compression successful (ratio: 2.75x)

[42/90] Processing: ODV_SSLTA_1_768_1152.dat
oldbits = 28311552, newbits = 11038224, compressionratio = 2.56486, bpv = 12.4763
Total compression time: 3011.92ms
eps = 0.000124569, rmse = 3.64022e-05, psnr = 82.7569
Total decompression time: 233.161ms
Total time: 3245.12ms
  ✓ Compression successful (ratio: 2.56x)

[43/90] Processing: ODV_SSLTC_1_768_1152.dat
oldbits = 28311552, newbits = 11782672, compressionratio = 2.40281, bpv = 13.3177
Total compression time: 2909.27ms
eps = 8.50708e-05, rmse = 2.38746e-05, psnr = 86.4207
Total decompression time: 241.737ms
Total time: 3151.07ms
  ✓ Compression successful (ratio: 2.40x)

[44/90] Processing: ODV_sulf_1_768_1152.dat
oldbits = 28311552, newbits = 10416016, compressionratio = 2.71808, bpv = 11.773
Total compression time: 2869.6ms
eps = 0.000160988, rmse = 2.21069e-05, psnr = 87.0889
Total decompression time: 226.642ms
Total time: 3096.28ms
  ✓ Compression successful (ratio: 2.71x)

[45/90] Processing: ODV_VOLC_MMR_1_768_1152.dat
oldbits = 28311552, newbits = 2384336, compressionratio = 11.874, bpv = 2.69497
Total compression time: 1806.73ms
eps = 7.29928e-05, rmse = 4.15144e-05, psnr = 81.6154
Total decompression time: 121.561ms
Total time: 1928.34ms
  ✓ Compression successful (ratio: 11.87x)

[46/90] Processing: PBLH_1_768_1152.dat
oldbits = 28311552, newbits = 8331920, compressionratio = 3.39796, bpv = 9.41741
Total compression time: 2762.26ms
eps = 0.000234828, rmse = 0.000189099, psnr = 68.4456
Total decompression time: 210.418ms
Total time: 2972.72ms
  ✓ Compression successful (ratio: 3.39x)

[47/90] Processing: PCONVB_1_768_1152.dat
oldbits = 28311552, newbits = 4452880, compressionratio = 6.35803, bpv = 5.033
Total compression time: 2411.57ms
eps = 0.000101409, rmse = 9.98433e-05, psnr = 73.993
Total decompression time: 151.281ms
Total time: 2562.89ms
  ✓ Compression successful (ratio: 6.35x)

[48/90] Processing: PCONVT_1_768_1152.dat
oldbits = 28311552, newbits = 5349840, compressionratio = 5.29204, bpv = 6.04682
Total compression time: 2505.98ms
eps = 0.000110032, rmse = 0.000107598, psnr = 73.3433
Total decompression time: 167.357ms
Total time: 2673.38ms
  ✓ Compression successful (ratio: 5.29x)

[49/90] Processing: PHIS_1_768_1152.dat
oldbits = 28311552, newbits = 7627984, compressionratio = 3.71154, bpv = 8.62176
Total compression time: 2817.51ms
eps = 0.000273593, rmse = 0.000184623, psnr = 68.6537
Total decompression time: 197.237ms
Total time: 3014.79ms
  ✓ Compression successful (ratio: 3.71x)

[50/90] Processing: PRECC_1_768_1152.dat
oldbits = 28311552, newbits = 4802768, compressionratio = 5.89484, bpv = 5.42848
Total compression time: 1422.16ms
eps = 1.61514e-05, rmse = 1.29617e-06, psnr = 111.726
Total decompression time: 103.137ms
Total time: 1525.34ms
  ✓ Compression successful (ratio: 5.89x)

[51/90] Processing: PRECCDZM_1_768_1152.dat
oldbits = 28311552, newbits = 4670928, compressionratio = 6.06123, bpv = 5.27946
Total compression time: 1287.85ms
eps = 8.95513e-06, rmse = 1.2428e-06, psnr = 112.091
Total decompression time: 95.143ms
Total time: 1383.03ms
  ✓ Compression successful (ratio: 6.06x)

[52/90] Processing: PRECL_1_768_1152.dat
oldbits = 28311552, newbits = 17701840, compressionratio = 1.59936, bpv = 20.008
Total compression time: 2910.22ms
eps = 3.03333e-05, rmse = 9.31814e-07, psnr = 114.593
Total decompression time: 269.746ms
Total time: 3180.01ms
  ✓ Compression successful (ratio: 1.59x)

[53/90] Processing: PRECSC_1_768_1152.dat
  ✗ Compression failed (exit code: 139)

[54/90] Processing: PRECSH_1_768_1152.dat
oldbits = 28311552, newbits = 24592, compressionratio = 1151.25, bpv = 0.0277959
Total compression time: 607.188ms
eps = 3.86793e-07, rmse = 1.23365e-09, psnr = 172.156
Total decompression time: 34.349ms
Total time: 641.572ms
  ✓ Compression successful (ratio: 1151.25x)

[55/90] Processing: PRECSL_1_768_1152.dat
oldbits = 28311552, newbits = 98064, compressionratio = 288.705, bpv = 0.11084
Total compression time: 788.063ms
eps = 3.14519e-07, rmse = 3.39358e-09, psnr = 163.366
Total decompression time: 43.89ms
Total time: 832.005ms
  ✓ Compression successful (ratio: 288.70x)

[56/90] Processing: PRECT_1_768_1152.dat
oldbits = 28311552, newbits = 16266384, compressionratio = 1.74049, bpv = 18.3856
Total compression time: 2933.81ms
eps = 5.16841e-05, rmse = 2.0767e-06, psnr = 107.632
Total decompression time: 255.101ms
Total time: 3188.95ms
  ✓ Compression successful (ratio: 1.74x)

[57/90] Processing: PS_1_768_1152.dat
oldbits = 28311552, newbits = 4436048, compressionratio = 6.38216, bpv = 5.01398
Total compression time: 2520.75ms
eps = 0.000100923, rmse = 9.93905e-05, psnr = 74.0325
Total decompression time: 151.511ms
Total time: 2672.31ms
  ✓ Compression successful (ratio: 6.38x)

[58/90] Processing: PSL_1_768_1152.dat
oldbits = 28311552, newbits = 3223760, compressionratio = 8.78215, bpv = 3.64375
Total compression time: 2383.95ms
eps = 0.000107008, rmse = 0.000101009, psnr = 73.8922
Total decompression time: 133.707ms
Total time: 2517.7ms
  ✓ Compression successful (ratio: 8.78x)

[59/90] Processing: QFLX_1_768_1152.dat
oldbits = 28311552, newbits = 12470992, compressionratio = 2.27019, bpv = 14.0957
Total compression time: 2997.85ms
eps = 0.000121448, rmse = 2.40856e-05, psnr = 86.3442
Total decompression time: 238.726ms
Total time: 3236.62ms
  ✓ Compression successful (ratio: 2.27x)

[60/90] Processing: QREFHT_1_768_1152.dat
oldbits = 28311552, newbits = 8578128, compressionratio = 3.30043, bpv = 9.69569
Total compression time: 2740.2ms
eps = 0.000207311, rmse = 9.10466e-05, psnr = 74.7941
Total decompression time: 209.577ms
Total time: 2949.82ms
  ✓ Compression successful (ratio: 3.30x)

[61/90] Processing: RHREFHT_1_768_1152.dat
oldbits = 28311552, newbits = 7164304, compressionratio = 3.95175, bpv = 8.09767
Total compression time: 2734.76ms
eps = 0.000210662, rmse = 0.000188973, psnr = 68.4514
Total decompression time: 193.476ms
Total time: 2928.28ms
  ✓ Compression successful (ratio: 3.95x)

[62/90] Processing: SFCLDICE_1_768_1152.dat
  ✗ Compression failed (exit code: 139)

[63/90] Processing: SFCLDLIQ_1_768_1152.dat
  ✗ Compression failed (exit code: 139)

[64/90] Processing: SHFLX_1_768_1152.dat
oldbits = 28311552, newbits = 7663440, compressionratio = 3.69437, bpv = 8.66184
Total compression time: 2822.47ms
eps = 0.000229569, rmse = 0.000191913, psnr = 68.3173
Total decompression time: 201.413ms
Total time: 3023.92ms
  ✓ Compression successful (ratio: 3.69x)

[65/90] Processing: SNOWHICE_1_768_1152.dat
oldbits = 28311552, newbits = 3792272, compressionratio = 7.46559, bpv = 4.28633
Total compression time: 1627.62ms
eps = 2.34177e-05, rmse = 4.78958e-06, psnr = 100.373
Total decompression time: 100.41ms
Total time: 1728.07ms
  ✓ Compression successful (ratio: 7.46x)

[66/90] Processing: SNOWHLND_1_768_1152.dat
oldbits = 28311552, newbits = 4216592, compressionratio = 6.71432, bpv = 4.76593
Total compression time: 2005.03ms
eps = 9.97414e-05, rmse = 3.31157e-05, psnr = 83.5787
Total decompression time: 139.627ms
Total time: 2144.7ms
  ✓ Compression successful (ratio: 6.71x)

[67/90] Processing: SOLIN_1_768_1152.dat
oldbits = 28311552, newbits = 512080, compressionratio = 55.2874, bpv = 0.578794
Total compression time: 2244.53ms
eps = 2.95787e-06, rmse = 2.65308e-06, psnr = 105.504
Total decompression time: 78.688ms
Total time: 2323.27ms
  ✓ Compression successful (ratio: 55.28x)

[68/90] Processing: SRFRAD_1_768_1152.dat
oldbits = 28311552, newbits = 5250448, compressionratio = 5.39222, bpv = 5.93448
Total compression time: 2730.72ms
eps = 0.000227604, rmse = 0.000203649, psnr = 67.8017
Total decompression time: 168.215ms
Total time: 2898.98ms
  ✓ Compression successful (ratio: 5.39x)

[69/90] Processing: SWCF_1_768_1152.dat
oldbits = 28311552, newbits = 5418768, compressionratio = 5.22472, bpv = 6.12473
Total compression time: 2770.79ms
eps = 0.000232925, rmse = 0.000224436, psnr = 66.9575
Total decompression time: 185.206ms
Total time: 2956.05ms
  ✓ Compression successful (ratio: 5.22x)

[70/90] Processing: TAUX_1_768_1152.dat
oldbits = 28311552, newbits = 5832336, compressionratio = 4.85424, bpv = 6.59218
Total compression time: 2862ms
eps = 0.000227956, rmse = 0.000191593, psnr = 68.3318
Total decompression time: 179.03ms
Total time: 3041.07ms
  ✓ Compression successful (ratio: 4.85x)

[71/90] Processing: TAUY_1_768_1152.dat
oldbits = 28311552, newbits = 6534608, compressionratio = 4.33256, bpv = 7.38594
Total compression time: 2743.43ms
eps = 0.000264345, rmse = 0.000194622, psnr = 68.1956
Total decompression time: 184.542ms
Total time: 2928.01ms
  ✓ Compression successful (ratio: 4.33x)

[72/90] Processing: TGCLDIWP_1_768_1152.dat
oldbits = 28311552, newbits = 11570448, compressionratio = 2.44688, bpv = 13.0779
Total compression time: 3014.65ms
eps = 7.61157e-05, rmse = 4.81577e-05, psnr = 80.3261
Total decompression time: 243.634ms
Total time: 3258.32ms
  ✓ Compression successful (ratio: 2.44x)

[73/90] Processing: TGCLDLWP_1_768_1152.dat
oldbits = 28311552, newbits = 10912464, compressionratio = 2.59442, bpv = 12.3341
Total compression time: 3001.23ms
eps = 0.000139012, rmse = 8.45847e-05, psnr = 75.4336
Total decompression time: 236.444ms
Total time: 3237.72ms
  ✓ Compression successful (ratio: 2.59x)

[74/90] Processing: TH2d_1_768_1152.dat
oldbits = 28311552, newbits = 175440, compressionratio = 161.375, bpv = 0.198296
Total compression time: 1530.57ms
eps = 6.39509e-06, rmse = 1.84705e-07, psnr = 128.65
Total decompression time: 42.443ms
Total time: 1573.07ms
  ✓ Compression successful (ratio: 161.37x)

[75/90] Processing: TMQ_1_768_1152.dat
oldbits = 28311552, newbits = 6586768, compressionratio = 4.29825, bpv = 7.4449
Total compression time: 2652.95ms
eps = 0.000155426, rmse = 0.000106646, psnr = 73.4205
Total decompression time: 181.059ms
Total time: 2834.06ms
  ✓ Compression successful (ratio: 4.29x)

[76/90] Processing: TREFHT_1_768_1152.dat
oldbits = 28311552, newbits = 4750096, compressionratio = 5.96021, bpv = 5.36894
Total compression time: 2570.62ms
eps = 0.000123598, rmse = 0.000112741, psnr = 72.9378
Total decompression time: 157.445ms
Total time: 2728.11ms
  ✓ Compression successful (ratio: 5.96x)

[77/90] Processing: TREFMNAV_1_768_1152.dat
oldbits = 28311552, newbits = 5309520, compressionratio = 5.33222, bpv = 6.00125
Total compression time: 2559.43ms
eps = 0.000126503, rmse = 0.000116027, psnr = 72.6882
Total decompression time: 168.149ms
Total time: 2727.63ms
  ✓ Compression successful (ratio: 5.33x)

[78/90] Processing: TREFMXAV_1_768_1152.dat
oldbits = 28311552, newbits = 5023504, compressionratio = 5.63582, bpv = 5.67797
Total compression time: 2542.3ms
eps = 0.000125802, rmse = 0.000113781, psnr = 72.858
Total decompression time: 163.644ms
Total time: 2705.99ms
  ✓ Compression successful (ratio: 5.63x)

[79/90] Processing: TROP_P_1_768_1152.dat
oldbits = 28311552, newbits = 3937040, compressionratio = 7.19108, bpv = 4.44996
Total compression time: 2533.02ms
eps = 0.00011816, rmse = 0.000102984, psnr = 73.724
Total decompression time: 145.443ms
Total time: 2678.51ms
  ✓ Compression successful (ratio: 7.19x)

[80/90] Processing: TROP_T_1_768_1152.dat
oldbits = 28311552, newbits = 4385040, compressionratio = 6.4564, bpv = 4.95633
Total compression time: 2476.92ms
eps = 0.000145753, rmse = 0.000110425, psnr = 73.1181
Total decompression time: 151.134ms
Total time: 2628.1ms
  ✓ Compression successful (ratio: 6.45x)

[81/90] Processing: TROP_Z_1_768_1152.dat
oldbits = 28311552, newbits = 3945808, compressionratio = 7.1751, bpv = 4.45987
Total compression time: 2586.78ms
eps = 0.000108125, rmse = 0.000100581, psnr = 73.9291
Total decompression time: 142.162ms
Total time: 2728.99ms
  ✓ Compression successful (ratio: 7.17x)

[82/90] Processing: TS_1_768_1152.dat
oldbits = 28311552, newbits = 4342864, compressionratio = 6.5191, bpv = 4.90866
Total compression time: 2541.75ms
eps = 0.00020827, rmse = 0.000190317, psnr = 68.3899
Total decompression time: 151.834ms
Total time: 2693.63ms
  ✓ Compression successful (ratio: 6.51x)

[83/90] Processing: TSMN_1_768_1152.dat
oldbits = 28311552, newbits = 6291408, compressionratio = 4.50003, bpv = 7.11106
Total compression time: 2669.68ms
eps = 0.000216066, rmse = 0.000198147, psnr = 68.0396
Total decompression time: 183.35ms
Total time: 2853.09ms
  ✓ Compression successful (ratio: 4.50x)

[84/90] Processing: TSMX_1_768_1152.dat
oldbits = 28311552, newbits = 6105872, compressionratio = 4.63677, bpv = 6.90135
Total compression time: 2698.88ms
eps = 0.00022521, rmse = 0.000197291, psnr = 68.0773
Total decompression time: 180.939ms
Total time: 2879.86ms
  ✓ Compression successful (ratio: 4.63x)

[85/90] Processing: U2d_1_768_1152.dat
oldbits = 28311552, newbits = 473296, compressionratio = 59.8179, bpv = 0.534957
Total compression time: 2032.44ms
eps = 2.5281e-05, rmse = 1.23416e-06, psnr = 112.152
Total decompression time: 43.574ms
Total time: 2076.06ms
  ✓ Compression successful (ratio: 59.81x)

[86/90] Processing: UV2d_1_768_1152.dat
oldbits = 28311552, newbits = 490384, compressionratio = 57.7334, bpv = 0.554272
Total compression time: 2002.59ms
eps = 8.64851e-06, rmse = 6.42991e-07, psnr = 117.815
Total decompression time: 47.011ms
Total time: 2049.68ms
  ✓ Compression successful (ratio: 57.73x)

[87/90] Processing: UW2d_1_768_1152.dat
oldbits = 28311552, newbits = 406544, compressionratio = 69.6396, bpv = 0.459509
Total compression time: 1935.64ms
eps = 2.26771e-05, rmse = 6.03935e-07, psnr = 118.36
Total decompression time: 45.522ms
Total time: 1981.2ms
  ✓ Compression successful (ratio: 69.63x)

[88/90] Processing: V2d_1_768_1152.dat
oldbits = 28311552, newbits = 632848, compressionratio = 44.7367, bpv = 0.715296
Total compression time: 2021.6ms
eps = 1.16061e-05, rmse = 3.62498e-07, psnr = 122.793
Total decompression time: 48.974ms
Total time: 2070.61ms
  ✓ Compression successful (ratio: 44.73x)

[89/90] Processing: VTH2d_1_768_1152.dat
oldbits = 28311552, newbits = 481104, compressionratio = 58.8471, bpv = 0.543783
Total compression time: 2005.9ms
eps = 9.16019e-06, rmse = 6.86759e-07, psnr = 117.243
Total decompression time: 46.881ms
Total time: 2052.82ms
  ✓ Compression successful (ratio: 58.84x)

[90/90] Processing: W2d_1_768_1152.dat
oldbits = 28311552, newbits = 258576, compressionratio = 109.49, bpv = 0.292263
Total compression time: 1889.37ms
eps = 9.46856e-06, rmse = 2.5182e-07, psnr = 125.958
Total decompression time: 40.938ms
Total time: 1930.34ms
  ✓ Compression successful (ratio: 109.49x)

=== Summary ===
Total files processed: 87
Total files skipped: 0
Total files failed: 3

