Input directory: ../../../../CESM-CLIMATE-65G/4/log_normalized
Output directory: ../../../../CESM-CLIMATE-65G/4/log_normalized/SZ3_1e-9
Dimensions: 768x1152
Error bound: 1e-9

Found 90 .dat file(s) to process

[1/90] Processing: AEROD_v_1_768_1152.dat
compression ratio = 1.08 
compression time = 0.059616
compressed data file = ../../../../CESM-CLIMATE-65G/4/log_normalized/AEROD_v_1_768_1152.dat.sz.tmp
compression ratio = 1.076858
decompression time = 0.018642 seconds.
decompressed file = ../../../../CESM-CLIMATE-65G/4/log_normalized/SZ3_1e-9/AEROD_v_1_768_1152.dat.SZ3.out
  ✓ Compression successful (ratio: 1.00x)

[2/90] Processing: cb_ozone_c_1_768_1152.dat
compression ratio = 2.38 
compression time = 0.061108
compressed data file = ../../../../CESM-CLIMATE-65G/4/log_normalized/cb_ozone_c_1_768_1152.dat.sz.tmp
compression ratio = 2.375035
decompression time = 0.019498 seconds.
decompressed file = ../../../../CESM-CLIMATE-65G/4/log_normalized/SZ3_1e-9/cb_ozone_c_1_768_1152.dat.SZ3.out
  ✓ Compression successful (ratio: 1.00x)

[3/90] Processing: cb_sulf_c_1_768_1152.dat
compression ratio = 7.43 
compression time = 0.076620
compressed data file = ../../../../CESM-CLIMATE-65G/4/log_normalized/cb_sulf_c_1_768_1152.dat.sz.tmp
compression ratio = 7.430417
decompression time = 0.045885 seconds.
decompressed file = ../../../../CESM-CLIMATE-65G/4/log_normalized/SZ3_1e-9/cb_sulf_c_1_768_1152.dat.SZ3.out
  ✓ Compression successful (ratio: 1.00x)

[4/90] Processing: CLDHGH_1_768_1152.dat
compression ratio = 1.14 
compression time = 0.075519
compressed data file = ../../../../CESM-CLIMATE-65G/4/log_normalized/CLDHGH_1_768_1152.dat.sz.tmp
compression ratio = 1.138804
decompression time = 0.043229 seconds.
decompressed file = ../../../../CESM-CLIMATE-65G/4/log_normalized/SZ3_1e-9/CLDHGH_1_768_1152.dat.SZ3.out
  ✓ Compression successful (ratio: 1.00x)

[5/90] Processing: CLDLOW_1_768_1152.dat
compression ratio = 1.19 
compression time = 0.083951
compressed data file = ../../../../CESM-CLIMATE-65G/4/log_normalized/CLDLOW_1_768_1152.dat.sz.tmp
compression ratio = 1.185969
decompression time = 0.044615 seconds.
decompressed file = ../../../../CESM-CLIMATE-65G/4/log_normalized/SZ3_1e-9/CLDLOW_1_768_1152.dat.SZ3.out
  ✓ Compression successful (ratio: 1.00x)

[6/90] Processing: CLDMED_1_768_1152.dat
compression ratio = 1.14 
compression time = 0.084277
compressed data file = ../../../../CESM-CLIMATE-65G/4/log_normalized/CLDMED_1_768_1152.dat.sz.tmp
compression ratio = 1.143661
decompression time = 0.044055 seconds.
decompressed file = ../../../../CESM-CLIMATE-65G/4/log_normalized/SZ3_1e-9/CLDMED_1_768_1152.dat.SZ3.out
  ✓ Compression successful (ratio: 1.00x)

[7/90] Processing: CLDTOT_1_768_1152.dat
compression ratio = 1.15 
compression time = 0.084625
compressed data file = ../../../../CESM-CLIMATE-65G/4/log_normalized/CLDTOT_1_768_1152.dat.sz.tmp
compression ratio = 1.149055
decompression time = 0.043876 seconds.
decompressed file = ../../../../CESM-CLIMATE-65G/4/log_normalized/SZ3_1e-9/CLDTOT_1_768_1152.dat.SZ3.out
  ✓ Compression successful (ratio: 1.00x)

[8/90] Processing: FLDS_1_768_1152.dat
compression ratio = 1.27 
compression time = 0.042854
compressed data file = ../../../../CESM-CLIMATE-65G/4/log_normalized/FLDS_1_768_1152.dat.sz.tmp
compression ratio = 1.271054
decompression time = 0.013854 seconds.
decompressed file = ../../../../CESM-CLIMATE-65G/4/log_normalized/SZ3_1e-9/FLDS_1_768_1152.dat.SZ3.out
  ✓ Compression successful (ratio: 1.00x)

[9/90] Processing: FLDSC_1_768_1152.dat
compression ratio = 1.45 
compression time = 0.057850
compressed data file = ../../../../CESM-CLIMATE-65G/4/log_normalized/FLDSC_1_768_1152.dat.sz.tmp
compression ratio = 1.451517
decompression time = 0.022472 seconds.
decompressed file = ../../../../CESM-CLIMATE-65G/4/log_normalized/SZ3_1e-9/FLDSC_1_768_1152.dat.SZ3.out
  ✓ Compression successful (ratio: 1.00x)

[10/90] Processing: FLNS_1_768_1152.dat
compression ratio = 1.22 
compression time = 0.077395
compressed data file = ../../../../CESM-CLIMATE-65G/4/log_normalized/FLNS_1_768_1152.dat.sz.tmp
compression ratio = 1.215022
decompression time = 0.044883 seconds.
decompressed file = ../../../../CESM-CLIMATE-65G/4/log_normalized/SZ3_1e-9/FLNS_1_768_1152.dat.SZ3.out
  ✓ Compression successful (ratio: 1.00x)

[11/90] Processing: FLNSC_1_768_1152.dat
compression ratio = 1.22 
compression time = 0.080536
compressed data file = ../../../../CESM-CLIMATE-65G/4/log_normalized/FLNSC_1_768_1152.dat.sz.tmp
compression ratio = 1.219748
decompression time = 0.046329 seconds.
decompressed file = ../../../../CESM-CLIMATE-65G/4/log_normalized/SZ3_1e-9/FLNSC_1_768_1152.dat.SZ3.out
  ✓ Compression successful (ratio: 1.00x)

[12/90] Processing: FLNT_1_768_1152.dat
compression ratio = 1.25 
compression time = 0.107260
compressed data file = ../../../../CESM-CLIMATE-65G/4/log_normalized/FLNT_1_768_1152.dat.sz.tmp
compression ratio = 1.249194
decompression time = 0.045716 seconds.
decompressed file = ../../../../CESM-CLIMATE-65G/4/log_normalized/SZ3_1e-9/FLNT_1_768_1152.dat.SZ3.out
  ✓ Compression successful (ratio: 1.00x)

[13/90] Processing: FLNTC_1_768_1152.dat
compression ratio = 1.45 
compression time = 0.059506
compressed data file = ../../../../CESM-CLIMATE-65G/4/log_normalized/FLNTC_1_768_1152.dat.sz.tmp
compression ratio = 1.445522
decompression time = 0.021200 seconds.
decompressed file = ../../../../CESM-CLIMATE-65G/4/log_normalized/SZ3_1e-9/FLNTC_1_768_1152.dat.SZ3.out
  ✓ Compression successful (ratio: 1.00x)

[14/90] Processing: FLUT_1_768_1152.dat
compression ratio = 1.24 
compression time = 0.036806
compressed data file = ../../../../CESM-CLIMATE-65G/4/log_normalized/FLUT_1_768_1152.dat.sz.tmp
compression ratio = 1.240767
decompression time = 0.013729 seconds.
decompressed file = ../../../../CESM-CLIMATE-65G/4/log_normalized/SZ3_1e-9/FLUT_1_768_1152.dat.SZ3.out
  ✓ Compression successful (ratio: 1.00x)

[15/90] Processing: FLUTC_1_768_1152.dat
compression ratio = 1.45 
compression time = 0.061483
compressed data file = ../../../../CESM-CLIMATE-65G/4/log_normalized/FLUTC_1_768_1152.dat.sz.tmp
compression ratio = 1.445900
decompression time = 0.021468 seconds.
decompressed file = ../../../../CESM-CLIMATE-65G/4/log_normalized/SZ3_1e-9/FLUTC_1_768_1152.dat.SZ3.out
  ✓ Compression successful (ratio: 1.00x)

[16/90] Processing: FREQSH_1_768_1152.dat
compression ratio = 1.67 
compression time = 0.114509
compressed data file = ../../../../CESM-CLIMATE-65G/4/log_normalized/FREQSH_1_768_1152.dat.sz.tmp
compression ratio = 1.665241
decompression time = 0.044756 seconds.
decompressed file = ../../../../CESM-CLIMATE-65G/4/log_normalized/SZ3_1e-9/FREQSH_1_768_1152.dat.SZ3.out
  ✓ Compression successful (ratio: 1.00x)

[17/90] Processing: FREQZM_1_768_1152.dat
compression ratio = 2.43 
compression time = 0.096267
compressed data file = ../../../../CESM-CLIMATE-65G/4/log_normalized/FREQZM_1_768_1152.dat.sz.tmp
compression ratio = 2.428715
decompression time = 0.043506 seconds.
decompressed file = ../../../../CESM-CLIMATE-65G/4/log_normalized/SZ3_1e-9/FREQZM_1_768_1152.dat.SZ3.out
  ✓ Compression successful (ratio: 1.00x)

[18/90] Processing: FSDS_1_768_1152.dat
compression ratio = 1.21 
compression time = 0.038130
compressed data file = ../../../../CESM-CLIMATE-65G/4/log_normalized/FSDS_1_768_1152.dat.sz.tmp
compression ratio = 1.212620
decompression time = 0.016393 seconds.
decompressed file = ../../../../CESM-CLIMATE-65G/4/log_normalized/SZ3_1e-9/FSDS_1_768_1152.dat.SZ3.out
  ✓ Compression successful (ratio: 1.00x)

[19/90] Processing: FSDSC_1_768_1152.dat
compression ratio = 1.61 
compression time = 0.060597
compressed data file = ../../../../CESM-CLIMATE-65G/4/log_normalized/FSDSC_1_768_1152.dat.sz.tmp
compression ratio = 1.609194
decompression time = 0.029330 seconds.
decompressed file = ../../../../CESM-CLIMATE-65G/4/log_normalized/SZ3_1e-9/FSDSC_1_768_1152.dat.SZ3.out
  ✓ Compression successful (ratio: 1.00x)

[20/90] Processing: FSDTOA_1_768_1152.dat
compression ratio = 3.80 
compression time = 0.092026
compressed data file = ../../../../CESM-CLIMATE-65G/4/log_normalized/FSDTOA_1_768_1152.dat.sz.tmp
compression ratio = 3.799735
decompression time = 0.066016 seconds.
decompressed file = ../../../../CESM-CLIMATE-65G/4/log_normalized/SZ3_1e-9/FSDTOA_1_768_1152.dat.SZ3.out
  ✓ Compression successful (ratio: 1.00x)

[21/90] Processing: FSNS_1_768_1152.dat
compression ratio = 1.19 
compression time = 0.037952
compressed data file = ../../../../CESM-CLIMATE-65G/4/log_normalized/FSNS_1_768_1152.dat.sz.tmp
compression ratio = 1.189272
decompression time = 0.013828 seconds.
decompressed file = ../../../../CESM-CLIMATE-65G/4/log_normalized/SZ3_1e-9/FSNS_1_768_1152.dat.SZ3.out
  ✓ Compression successful (ratio: 1.00x)

[22/90] Processing: FSNSC_1_768_1152.dat
compression ratio = 1.42 
compression time = 0.055201
compressed data file = ../../../../CESM-CLIMATE-65G/4/log_normalized/FSNSC_1_768_1152.dat.sz.tmp
compression ratio = 1.421448
decompression time = 0.024608 seconds.
decompressed file = ../../../../CESM-CLIMATE-65G/4/log_normalized/SZ3_1e-9/FSNSC_1_768_1152.dat.SZ3.out
  ✓ Compression successful (ratio: 1.00x)

[23/90] Processing: FSNT_1_768_1152.dat
compression ratio = 1.22 
compression time = 0.038885
compressed data file = ../../../../CESM-CLIMATE-65G/4/log_normalized/FSNT_1_768_1152.dat.sz.tmp
compression ratio = 1.220400
decompression time = 0.015637 seconds.
decompressed file = ../../../../CESM-CLIMATE-65G/4/log_normalized/SZ3_1e-9/FSNT_1_768_1152.dat.SZ3.out
  ✓ Compression successful (ratio: 1.00x)

[24/90] Processing: FSNTC_1_768_1152.dat
compression ratio = 1.50 
compression time = 0.051508
compressed data file = ../../../../CESM-CLIMATE-65G/4/log_normalized/FSNTC_1_768_1152.dat.sz.tmp
compression ratio = 1.502768
decompression time = 0.024300 seconds.
decompressed file = ../../../../CESM-CLIMATE-65G/4/log_normalized/SZ3_1e-9/FSNTC_1_768_1152.dat.SZ3.out
  ✓ Compression successful (ratio: 1.00x)

[25/90] Processing: FSNTOA_1_768_1152.dat
compression ratio = 1.24 
compression time = 0.085473
compressed data file = ../../../../CESM-CLIMATE-65G/4/log_normalized/FSNTOA_1_768_1152.dat.sz.tmp
compression ratio = 1.237079
decompression time = 0.044984 seconds.
decompressed file = ../../../../CESM-CLIMATE-65G/4/log_normalized/SZ3_1e-9/FSNTOA_1_768_1152.dat.SZ3.out
  ✓ Compression successful (ratio: 1.00x)

[26/90] Processing: FSNTOAC_1_768_1152.dat
compression ratio = 1.50 
compression time = 0.052826
compressed data file = ../../../../CESM-CLIMATE-65G/4/log_normalized/FSNTOAC_1_768_1152.dat.sz.tmp
compression ratio = 1.504202
decompression time = 0.024365 seconds.
decompressed file = ../../../../CESM-CLIMATE-65G/4/log_normalized/SZ3_1e-9/FSNTOAC_1_768_1152.dat.SZ3.out
  ✓ Compression successful (ratio: 1.00x)

[27/90] Processing: FSUTOA_1_768_1152.dat
compression ratio = 1.22 
compression time = 0.044342
compressed data file = ../../../../CESM-CLIMATE-65G/4/log_normalized/FSUTOA_1_768_1152.dat.sz.tmp
compression ratio = 1.217930
decompression time = 0.013586 seconds.
decompressed file = ../../../../CESM-CLIMATE-65G/4/log_normalized/SZ3_1e-9/FSUTOA_1_768_1152.dat.SZ3.out
  ✓ Compression successful (ratio: 1.00x)

[28/90] Processing: ICEFRAC_1_768_1152.dat
compression ratio = 9.68 
compression time = 0.036161
compressed data file = ../../../../CESM-CLIMATE-65G/4/log_normalized/ICEFRAC_1_768_1152.dat.sz.tmp
compression ratio = 9.679719
decompression time = 0.008432 seconds.
decompressed file = ../../../../CESM-CLIMATE-65G/4/log_normalized/SZ3_1e-9/ICEFRAC_1_768_1152.dat.SZ3.out
  ✓ Compression successful (ratio: 1.00x)

[29/90] Processing: LANDFRAC_1_768_1152.dat
compression ratio = 39.06 
compression time = 0.067336
compressed data file = ../../../../CESM-CLIMATE-65G/4/log_normalized/LANDFRAC_1_768_1152.dat.sz.tmp
compression ratio = 39.059468
decompression time = 0.039627 seconds.
decompressed file = ../../../../CESM-CLIMATE-65G/4/log_normalized/SZ3_1e-9/LANDFRAC_1_768_1152.dat.SZ3.out
  ✓ Compression successful (ratio: 1.00x)

[30/90] Processing: LHFLX_1_768_1152.dat
compression ratio = 1.36 
compression time = 0.070680
compressed data file = ../../../../CESM-CLIMATE-65G/4/log_normalized/LHFLX_1_768_1152.dat.sz.tmp
compression ratio = 1.363795
decompression time = 0.014905 seconds.
decompressed file = ../../../../CESM-CLIMATE-65G/4/log_normalized/SZ3_1e-9/LHFLX_1_768_1152.dat.SZ3.out
  ✓ Compression successful (ratio: 1.00x)

[31/90] Processing: LWCF_1_768_1152.dat
compression ratio = 1.18 
compression time = 0.076568
compressed data file = ../../../../CESM-CLIMATE-65G/4/log_normalized/LWCF_1_768_1152.dat.sz.tmp
compression ratio = 1.184582
decompression time = 0.044522 seconds.
decompressed file = ../../../../CESM-CLIMATE-65G/4/log_normalized/SZ3_1e-9/LWCF_1_768_1152.dat.SZ3.out
  ✓ Compression successful (ratio: 1.00x)

[32/90] Processing: MSKtem_1_768_1152.dat
compression ratio = 2.76 
compression time = 0.064681
compressed data file = ../../../../CESM-CLIMATE-65G/4/log_normalized/MSKtem_1_768_1152.dat.sz.tmp
compression ratio = 2.758679
decompression time = 0.018518 seconds.
decompressed file = ../../../../CESM-CLIMATE-65G/4/log_normalized/SZ3_1e-9/MSKtem_1_768_1152.dat.SZ3.out
  ✓ Compression successful (ratio: 1.00x)

[33/90] Processing: OCNFRAC_1_768_1152.dat
compression ratio = 6.94 
compression time = 0.037496
compressed data file = ../../../../CESM-CLIMATE-65G/4/log_normalized/OCNFRAC_1_768_1152.dat.sz.tmp
compression ratio = 6.944553
decompression time = 0.011022 seconds.
decompressed file = ../../../../CESM-CLIMATE-65G/4/log_normalized/SZ3_1e-9/OCNFRAC_1_768_1152.dat.SZ3.out
  ✓ Compression successful (ratio: 1.00x)

[34/90] Processing: ODV_bcar1_1_768_1152.dat
compression ratio = 2.45 
compression time = 0.063953
compressed data file = ../../../../CESM-CLIMATE-65G/4/log_normalized/ODV_bcar1_1_768_1152.dat.sz.tmp
compression ratio = 2.447987
decompression time = 0.020887 seconds.
decompressed file = ../../../../CESM-CLIMATE-65G/4/log_normalized/SZ3_1e-9/ODV_bcar1_1_768_1152.dat.SZ3.out
  ✓ Compression successful (ratio: 1.00x)

[35/90] Processing: ODV_bcar2_1_768_1152.dat
compression ratio = 1.98 
compression time = 0.064831
compressed data file = ../../../../CESM-CLIMATE-65G/4/log_normalized/ODV_bcar2_1_768_1152.dat.sz.tmp
compression ratio = 1.983823
decompression time = 0.024339 seconds.
decompressed file = ../../../../CESM-CLIMATE-65G/4/log_normalized/SZ3_1e-9/ODV_bcar2_1_768_1152.dat.SZ3.out
  ✓ Compression successful (ratio: 1.00x)

[36/90] Processing: ODV_dust1_1_768_1152.dat
compression ratio = 1.75 
compression time = 0.085398
compressed data file = ../../../../CESM-CLIMATE-65G/4/log_normalized/ODV_dust1_1_768_1152.dat.sz.tmp
compression ratio = 1.747369
decompression time = 0.034816 seconds.
decompressed file = ../../../../CESM-CLIMATE-65G/4/log_normalized/SZ3_1e-9/ODV_dust1_1_768_1152.dat.SZ3.out
  ✓ Compression successful (ratio: 1.00x)

[37/90] Processing: ODV_dust2_1_768_1152.dat
compression ratio = 1.78 
compression time = 0.082335
compressed data file = ../../../../CESM-CLIMATE-65G/4/log_normalized/ODV_dust2_1_768_1152.dat.sz.tmp
compression ratio = 1.778492
decompression time = 0.033901 seconds.
decompressed file = ../../../../CESM-CLIMATE-65G/4/log_normalized/SZ3_1e-9/ODV_dust2_1_768_1152.dat.SZ3.out
  ✓ Compression successful (ratio: 1.00x)

[38/90] Processing: ODV_dust3_1_768_1152.dat
compression ratio = 2.06 
compression time = 0.079927
compressed data file = ../../../../CESM-CLIMATE-65G/4/log_normalized/ODV_dust3_1_768_1152.dat.sz.tmp
compression ratio = 2.064289
decompression time = 0.028696 seconds.
decompressed file = ../../../../CESM-CLIMATE-65G/4/log_normalized/SZ3_1e-9/ODV_dust3_1_768_1152.dat.SZ3.out
  ✓ Compression successful (ratio: 1.00x)

[39/90] Processing: ODV_dust4_1_768_1152.dat
compression ratio = 2.28 
compression time = 0.075269
compressed data file = ../../../../CESM-CLIMATE-65G/4/log_normalized/ODV_dust4_1_768_1152.dat.sz.tmp
compression ratio = 2.279218
decompression time = 0.025306 seconds.
decompressed file = ../../../../CESM-CLIMATE-65G/4/log_normalized/SZ3_1e-9/ODV_dust4_1_768_1152.dat.SZ3.out
  ✓ Compression successful (ratio: 1.00x)

[40/90] Processing: ODV_ocar1_1_768_1152.dat
compression ratio = 2.62 
compression time = 0.061193
compressed data file = ../../../../CESM-CLIMATE-65G/4/log_normalized/ODV_ocar1_1_768_1152.dat.sz.tmp
compression ratio = 2.620976
decompression time = 0.021094 seconds.
decompressed file = ../../../../CESM-CLIMATE-65G/4/log_normalized/SZ3_1e-9/ODV_ocar1_1_768_1152.dat.SZ3.out
  ✓ Compression successful (ratio: 1.00x)

[41/90] Processing: ODV_ocar2_1_768_1152.dat
compression ratio = 1.37 
compression time = 0.131112
compressed data file = ../../../../CESM-CLIMATE-65G/4/log_normalized/ODV_ocar2_1_768_1152.dat.sz.tmp
compression ratio = 1.372495
decompression time = 0.065292 seconds.
decompressed file = ../../../../CESM-CLIMATE-65G/4/log_normalized/SZ3_1e-9/ODV_ocar2_1_768_1152.dat.SZ3.out
  ✓ Compression successful (ratio: 1.00x)

[42/90] Processing: ODV_SSLTA_1_768_1152.dat
compression ratio = 1.12 
compression time = 0.068183
compressed data file = ../../../../CESM-CLIMATE-65G/4/log_normalized/ODV_SSLTA_1_768_1152.dat.sz.tmp
compression ratio = 1.117408
decompression time = 0.015737 seconds.
decompressed file = ../../../../CESM-CLIMATE-65G/4/log_normalized/SZ3_1e-9/ODV_SSLTA_1_768_1152.dat.SZ3.out
  ✓ Compression successful (ratio: 1.00x)

[43/90] Processing: ODV_SSLTC_1_768_1152.dat
compression ratio = 1.15 
compression time = 0.123706
compressed data file = ../../../../CESM-CLIMATE-65G/4/log_normalized/ODV_SSLTC_1_768_1152.dat.sz.tmp
compression ratio = 1.148741
decompression time = 0.047296 seconds.
decompressed file = ../../../../CESM-CLIMATE-65G/4/log_normalized/SZ3_1e-9/ODV_SSLTC_1_768_1152.dat.SZ3.out
  ✓ Compression successful (ratio: 1.00x)

[44/90] Processing: ODV_sulf_1_768_1152.dat
compression ratio = 1.06 
compression time = 0.084124
compressed data file = ../../../../CESM-CLIMATE-65G/4/log_normalized/ODV_sulf_1_768_1152.dat.sz.tmp
compression ratio = 1.060636
decompression time = 0.020075 seconds.
decompressed file = ../../../../CESM-CLIMATE-65G/4/log_normalized/SZ3_1e-9/ODV_sulf_1_768_1152.dat.SZ3.out
  ✓ Compression successful (ratio: 1.00x)

[45/90] Processing: ODV_VOLC_MMR_1_768_1152.dat
compression ratio = 5.02 
compression time = 0.082925
compressed data file = ../../../../CESM-CLIMATE-65G/4/log_normalized/ODV_VOLC_MMR_1_768_1152.dat.sz.tmp
compression ratio = 5.015105
decompression time = 0.044069 seconds.
decompressed file = ../../../../CESM-CLIMATE-65G/4/log_normalized/SZ3_1e-9/ODV_VOLC_MMR_1_768_1152.dat.SZ3.out
  ✓ Compression successful (ratio: 1.00x)

[46/90] Processing: PBLH_1_768_1152.dat
compression ratio = 1.21 
compression time = 0.033807
compressed data file = ../../../../CESM-CLIMATE-65G/4/log_normalized/PBLH_1_768_1152.dat.sz.tmp
compression ratio = 1.208066
decompression time = 0.011413 seconds.
decompressed file = ../../../../CESM-CLIMATE-65G/4/log_normalized/SZ3_1e-9/PBLH_1_768_1152.dat.SZ3.out
  ✓ Compression successful (ratio: 1.00x)

[47/90] Processing: PCONVB_1_768_1152.dat
compression ratio = 1.86 
compression time = 0.067438
compressed data file = ../../../../CESM-CLIMATE-65G/4/log_normalized/PCONVB_1_768_1152.dat.sz.tmp
compression ratio = 1.856825
decompression time = 0.027490 seconds.
decompressed file = ../../../../CESM-CLIMATE-65G/4/log_normalized/SZ3_1e-9/PCONVB_1_768_1152.dat.SZ3.out
  ✓ Compression successful (ratio: 1.00x)

[48/90] Processing: PCONVT_1_768_1152.dat
compression ratio = 1.54 
compression time = 0.063680
compressed data file = ../../../../CESM-CLIMATE-65G/4/log_normalized/PCONVT_1_768_1152.dat.sz.tmp
compression ratio = 1.544549
decompression time = 0.020881 seconds.
decompressed file = ../../../../CESM-CLIMATE-65G/4/log_normalized/SZ3_1e-9/PCONVT_1_768_1152.dat.SZ3.out
  ✓ Compression successful (ratio: 1.00x)

[49/90] Processing: PHIS_1_768_1152.dat
compression ratio = 2.79 
compression time = 0.050078
compressed data file = ../../../../CESM-CLIMATE-65G/4/log_normalized/PHIS_1_768_1152.dat.sz.tmp
compression ratio = 2.793197
decompression time = 0.013788 seconds.
decompressed file = ../../../../CESM-CLIMATE-65G/4/log_normalized/SZ3_1e-9/PHIS_1_768_1152.dat.SZ3.out
  ✓ Compression successful (ratio: 1.00x)

[50/90] Processing: PRECC_1_768_1152.dat
compression ratio = 178.39 
compression time = 0.023577
compressed data file = ../../../../CESM-CLIMATE-65G/4/log_normalized/PRECC_1_768_1152.dat.sz.tmp
compression ratio = 178.392177
decompression time = 0.006697 seconds.
decompressed file = ../../../../CESM-CLIMATE-65G/4/log_normalized/SZ3_1e-9/PRECC_1_768_1152.dat.SZ3.out
  ✓ Compression successful (ratio: 1.00x)

[51/90] Processing: PRECCDZM_1_768_1152.dat
compression ratio = 234.24 
compression time = 0.020761
compressed data file = ../../../../CESM-CLIMATE-65G/4/log_normalized/PRECCDZM_1_768_1152.dat.sz.tmp
compression ratio = 234.243050
decompression time = 0.007135 seconds.
decompressed file = ../../../../CESM-CLIMATE-65G/4/log_normalized/SZ3_1e-9/PRECCDZM_1_768_1152.dat.SZ3.out
  ✓ Compression successful (ratio: 1.00x)

[52/90] Processing: PRECL_1_768_1152.dat
compression ratio = 144.80 
compression time = 0.062470
compressed data file = ../../../../CESM-CLIMATE-65G/4/log_normalized/PRECL_1_768_1152.dat.sz.tmp
compression ratio = 144.801309
decompression time = 0.038217 seconds.
decompressed file = ../../../../CESM-CLIMATE-65G/4/log_normalized/SZ3_1e-9/PRECL_1_768_1152.dat.SZ3.out
  ✓ Compression successful (ratio: 1.00x)

[53/90] Processing: PRECSC_1_768_1152.dat
compression ratio = 25831.71 
compression time = 0.020009
compressed data file = ../../../../CESM-CLIMATE-65G/4/log_normalized/PRECSC_1_768_1152.dat.sz.tmp
compression ratio = 25831.708029
decompression time = 0.004471 seconds.
decompressed file = ../../../../CESM-CLIMATE-65G/4/log_normalized/SZ3_1e-9/PRECSC_1_768_1152.dat.SZ3.out
  ✓ Compression successful (ratio: 1.00x)

[54/90] Processing: PRECSH_1_768_1152.dat
compression ratio = 17263.14 
compression time = 0.021606
compressed data file = ../../../../CESM-CLIMATE-65G/4/log_normalized/PRECSH_1_768_1152.dat.sz.tmp
compression ratio = 17263.141463
decompression time = 0.007073 seconds.
decompressed file = ../../../../CESM-CLIMATE-65G/4/log_normalized/SZ3_1e-9/PRECSH_1_768_1152.dat.SZ3.out
  ✓ Compression successful (ratio: 1.00x)

[55/90] Processing: PRECSL_1_768_1152.dat
compression ratio = 2187.23 
compression time = 0.021455
compressed data file = ../../../../CESM-CLIMATE-65G/4/log_normalized/PRECSL_1_768_1152.dat.sz.tmp
compression ratio = 2187.233622
decompression time = 0.006951 seconds.
decompressed file = ../../../../CESM-CLIMATE-65G/4/log_normalized/SZ3_1e-9/PRECSL_1_768_1152.dat.SZ3.out
  ✓ Compression successful (ratio: 1.00x)

[56/90] Processing: PRECT_1_768_1152.dat
compression ratio = 98.75 
compression time = 0.063532
compressed data file = ../../../../CESM-CLIMATE-65G/4/log_normalized/PRECT_1_768_1152.dat.sz.tmp
compression ratio = 98.748368
decompression time = 0.038999 seconds.
decompressed file = ../../../../CESM-CLIMATE-65G/4/log_normalized/SZ3_1e-9/PRECT_1_768_1152.dat.SZ3.out
  ✓ Compression successful (ratio: 1.00x)

[57/90] Processing: PS_1_768_1152.dat
compression ratio = 2.07 
compression time = 0.062747
compressed data file = ../../../../CESM-CLIMATE-65G/4/log_normalized/PS_1_768_1152.dat.sz.tmp
compression ratio = 2.068126
decompression time = 0.024066 seconds.
decompressed file = ../../../../CESM-CLIMATE-65G/4/log_normalized/SZ3_1e-9/PS_1_768_1152.dat.SZ3.out
  ✓ Compression successful (ratio: 1.00x)

[58/90] Processing: PSL_1_768_1152.dat
compression ratio = 1.81 
compression time = 0.062859
compressed data file = ../../../../CESM-CLIMATE-65G/4/log_normalized/PSL_1_768_1152.dat.sz.tmp
compression ratio = 1.808967
decompression time = 0.026769 seconds.
decompressed file = ../../../../CESM-CLIMATE-65G/4/log_normalized/SZ3_1e-9/PSL_1_768_1152.dat.SZ3.out
  ✓ Compression successful (ratio: 1.00x)

[59/90] Processing: QFLX_1_768_1152.dat
compression ratio = 3.10 
compression time = 0.095616
compressed data file = ../../../../CESM-CLIMATE-65G/4/log_normalized/QFLX_1_768_1152.dat.sz.tmp
compression ratio = 3.095163
decompression time = 0.047631 seconds.
decompressed file = ../../../../CESM-CLIMATE-65G/4/log_normalized/SZ3_1e-9/QFLX_1_768_1152.dat.SZ3.out
  ✓ Compression successful (ratio: 1.00x)

[60/90] Processing: QREFHT_1_768_1152.dat
compression ratio = 1.53 
compression time = 0.115021
compressed data file = ../../../../CESM-CLIMATE-65G/4/log_normalized/QREFHT_1_768_1152.dat.sz.tmp
compression ratio = 1.530972
decompression time = 0.051756 seconds.
decompressed file = ../../../../CESM-CLIMATE-65G/4/log_normalized/SZ3_1e-9/QREFHT_1_768_1152.dat.SZ3.out
  ✓ Compression successful (ratio: 1.00x)

[61/90] Processing: RHREFHT_1_768_1152.dat
compression ratio = 1.35 
compression time = 0.057474
compressed data file = ../../../../CESM-CLIMATE-65G/4/log_normalized/RHREFHT_1_768_1152.dat.sz.tmp
compression ratio = 1.352375
decompression time = 0.018265 seconds.
decompressed file = ../../../../CESM-CLIMATE-65G/4/log_normalized/SZ3_1e-9/RHREFHT_1_768_1152.dat.SZ3.out
  ✓ Compression successful (ratio: 1.00x)

[62/90] Processing: SFCLDICE_1_768_1152.dat
compression ratio = 25831.71 
compression time = 0.021283
compressed data file = ../../../../CESM-CLIMATE-65G/4/log_normalized/SFCLDICE_1_768_1152.dat.sz.tmp
compression ratio = 25831.708029
decompression time = 0.004719 seconds.
decompressed file = ../../../../CESM-CLIMATE-65G/4/log_normalized/SZ3_1e-9/SFCLDICE_1_768_1152.dat.SZ3.out
  ✓ Compression successful (ratio: 1.00x)

[63/90] Processing: SFCLDLIQ_1_768_1152.dat
compression ratio = 25831.71 
compression time = 0.019534
compressed data file = ../../../../CESM-CLIMATE-65G/4/log_normalized/SFCLDLIQ_1_768_1152.dat.sz.tmp
compression ratio = 25831.708029
decompression time = 0.005045 seconds.
decompressed file = ../../../../CESM-CLIMATE-65G/4/log_normalized/SZ3_1e-9/SFCLDLIQ_1_768_1152.dat.SZ3.out
  ✓ Compression successful (ratio: 1.00x)

[64/90] Processing: SHFLX_1_768_1152.dat
compression ratio = 1.45 
compression time = 0.067996
compressed data file = ../../../../CESM-CLIMATE-65G/4/log_normalized/SHFLX_1_768_1152.dat.sz.tmp
compression ratio = 1.454623
decompression time = 0.015431 seconds.
decompressed file = ../../../../CESM-CLIMATE-65G/4/log_normalized/SZ3_1e-9/SHFLX_1_768_1152.dat.SZ3.out
  ✓ Compression successful (ratio: 1.00x)

[65/90] Processing: SNOWHICE_1_768_1152.dat
compression ratio = 10.04 
compression time = 0.035038
compressed data file = ../../../../CESM-CLIMATE-65G/4/log_normalized/SNOWHICE_1_768_1152.dat.sz.tmp
compression ratio = 10.038219
decompression time = 0.009773 seconds.
decompressed file = ../../../../CESM-CLIMATE-65G/4/log_normalized/SZ3_1e-9/SNOWHICE_1_768_1152.dat.SZ3.out
  ✓ Compression successful (ratio: 1.00x)

[66/90] Processing: SNOWHLND_1_768_1152.dat
compression ratio = 6.25 
compression time = 0.042290
compressed data file = ../../../../CESM-CLIMATE-65G/4/log_normalized/SNOWHLND_1_768_1152.dat.sz.tmp
compression ratio = 6.250232
decompression time = 0.015078 seconds.
decompressed file = ../../../../CESM-CLIMATE-65G/4/log_normalized/SZ3_1e-9/SNOWHLND_1_768_1152.dat.SZ3.out
  ✓ Compression successful (ratio: 1.00x)

[67/90] Processing: SOLIN_1_768_1152.dat
compression ratio = 3.80 
compression time = 0.091194
compressed data file = ../../../../CESM-CLIMATE-65G/4/log_normalized/SOLIN_1_768_1152.dat.sz.tmp
compression ratio = 3.799735
decompression time = 0.065928 seconds.
decompressed file = ../../../../CESM-CLIMATE-65G/4/log_normalized/SZ3_1e-9/SOLIN_1_768_1152.dat.SZ3.out
  ✓ Compression successful (ratio: 1.00x)

[68/90] Processing: SRFRAD_1_768_1152.dat
compression ratio = 1.26 
compression time = 0.040712
compressed data file = ../../../../CESM-CLIMATE-65G/4/log_normalized/SRFRAD_1_768_1152.dat.sz.tmp
compression ratio = 1.258698
decompression time = 0.015027 seconds.
decompressed file = ../../../../CESM-CLIMATE-65G/4/log_normalized/SZ3_1e-9/SRFRAD_1_768_1152.dat.SZ3.out
  ✓ Compression successful (ratio: 1.00x)

[69/90] Processing: SWCF_1_768_1152.dat
compression ratio = 1.35 
compression time = 0.057378
compressed data file = ../../../../CESM-CLIMATE-65G/4/log_normalized/SWCF_1_768_1152.dat.sz.tmp
compression ratio = 1.354552
decompression time = 0.023017 seconds.
decompressed file = ../../../../CESM-CLIMATE-65G/4/log_normalized/SZ3_1e-9/SWCF_1_768_1152.dat.SZ3.out
  ✓ Compression successful (ratio: 1.00x)

[70/90] Processing: TAUX_1_768_1152.dat
compression ratio = 1.53 
compression time = 0.075768
compressed data file = ../../../../CESM-CLIMATE-65G/4/log_normalized/TAUX_1_768_1152.dat.sz.tmp
compression ratio = 1.526898
decompression time = 0.016183 seconds.
decompressed file = ../../../../CESM-CLIMATE-65G/4/log_normalized/SZ3_1e-9/TAUX_1_768_1152.dat.SZ3.out
  ✓ Compression successful (ratio: 1.00x)

[71/90] Processing: TAUY_1_768_1152.dat
compression ratio = 1.50 
compression time = 0.069777
compressed data file = ../../../../CESM-CLIMATE-65G/4/log_normalized/TAUY_1_768_1152.dat.sz.tmp
compression ratio = 1.502366
decompression time = 0.015184 seconds.
decompressed file = ../../../../CESM-CLIMATE-65G/4/log_normalized/SZ3_1e-9/TAUY_1_768_1152.dat.SZ3.out
  ✓ Compression successful (ratio: 1.00x)

[72/90] Processing: TGCLDIWP_1_768_1152.dat
compression ratio = 1.16 
compression time = 0.073842
compressed data file = ../../../../CESM-CLIMATE-65G/4/log_normalized/TGCLDIWP_1_768_1152.dat.sz.tmp
compression ratio = 1.164891
decompression time = 0.043624 seconds.
decompressed file = ../../../../CESM-CLIMATE-65G/4/log_normalized/SZ3_1e-9/TGCLDIWP_1_768_1152.dat.SZ3.out
  ✓ Compression successful (ratio: 1.00x)

[73/90] Processing: TGCLDLWP_1_768_1152.dat
compression ratio = 1.16 
compression time = 0.035478
compressed data file = ../../../../CESM-CLIMATE-65G/4/log_normalized/TGCLDLWP_1_768_1152.dat.sz.tmp
compression ratio = 1.159602
decompression time = 0.013654 seconds.
decompressed file = ../../../../CESM-CLIMATE-65G/4/log_normalized/SZ3_1e-9/TGCLDLWP_1_768_1152.dat.SZ3.out
  ✓ Compression successful (ratio: 1.00x)

[74/90] Processing: TH2d_1_768_1152.dat
compression ratio = 33.65 
compression time = 0.025929
compressed data file = ../../../../CESM-CLIMATE-65G/4/log_normalized/TH2d_1_768_1152.dat.sz.tmp
compression ratio = 33.648148
decompression time = 0.007877 seconds.
decompressed file = ../../../../CESM-CLIMATE-65G/4/log_normalized/SZ3_1e-9/TH2d_1_768_1152.dat.SZ3.out
  ✓ Compression successful (ratio: 1.00x)

[75/90] Processing: TMQ_1_768_1152.dat
compression ratio = 1.18 
compression time = 0.096477
compressed data file = ../../../../CESM-CLIMATE-65G/4/log_normalized/TMQ_1_768_1152.dat.sz.tmp
compression ratio = 1.181719
decompression time = 0.054158 seconds.
decompressed file = ../../../../CESM-CLIMATE-65G/4/log_normalized/SZ3_1e-9/TMQ_1_768_1152.dat.SZ3.out
  ✓ Compression successful (ratio: 1.00x)

[76/90] Processing: TREFHT_1_768_1152.dat
compression ratio = 1.54 
compression time = 0.078518
compressed data file = ../../../../CESM-CLIMATE-65G/4/log_normalized/TREFHT_1_768_1152.dat.sz.tmp
compression ratio = 1.542690
decompression time = 0.018149 seconds.
decompressed file = ../../../../CESM-CLIMATE-65G/4/log_normalized/SZ3_1e-9/TREFHT_1_768_1152.dat.SZ3.out
  ✓ Compression successful (ratio: 1.00x)

[77/90] Processing: TREFMNAV_1_768_1152.dat
compression ratio = 1.51 
compression time = 0.070354
compressed data file = ../../../../CESM-CLIMATE-65G/4/log_normalized/TREFMNAV_1_768_1152.dat.sz.tmp
compression ratio = 1.509848
decompression time = 0.015646 seconds.
decompressed file = ../../../../CESM-CLIMATE-65G/4/log_normalized/SZ3_1e-9/TREFMNAV_1_768_1152.dat.SZ3.out
  ✓ Compression successful (ratio: 1.00x)

[78/90] Processing: TREFMXAV_1_768_1152.dat
compression ratio = 1.51 
compression time = 0.068807
compressed data file = ../../../../CESM-CLIMATE-65G/4/log_normalized/TREFMXAV_1_768_1152.dat.sz.tmp
compression ratio = 1.514013
decompression time = 0.016478 seconds.
decompressed file = ../../../../CESM-CLIMATE-65G/4/log_normalized/SZ3_1e-9/TREFMXAV_1_768_1152.dat.SZ3.out
  ✓ Compression successful (ratio: 1.00x)

[79/90] Processing: TROP_P_1_768_1152.dat
compression ratio = 1.47 
compression time = 0.049852
compressed data file = ../../../../CESM-CLIMATE-65G/4/log_normalized/TROP_P_1_768_1152.dat.sz.tmp
compression ratio = 1.473059
decompression time = 0.022771 seconds.
decompressed file = ../../../../CESM-CLIMATE-65G/4/log_normalized/SZ3_1e-9/TROP_P_1_768_1152.dat.SZ3.out
  ✓ Compression successful (ratio: 1.00x)

[80/90] Processing: TROP_T_1_768_1152.dat
compression ratio = 1.26 
compression time = 0.049683
compressed data file = ../../../../CESM-CLIMATE-65G/4/log_normalized/TROP_T_1_768_1152.dat.sz.tmp
compression ratio = 1.259691
decompression time = 0.016924 seconds.
decompressed file = ../../../../CESM-CLIMATE-65G/4/log_normalized/SZ3_1e-9/TROP_T_1_768_1152.dat.SZ3.out
  ✓ Compression successful (ratio: 1.00x)

[81/90] Processing: TROP_Z_1_768_1152.dat
compression ratio = 1.63 
compression time = 0.057239
compressed data file = ../../../../CESM-CLIMATE-65G/4/log_normalized/TROP_Z_1_768_1152.dat.sz.tmp
compression ratio = 1.631456
decompression time = 0.027410 seconds.
decompressed file = ../../../../CESM-CLIMATE-65G/4/log_normalized/SZ3_1e-9/TROP_Z_1_768_1152.dat.SZ3.out
  ✓ Compression successful (ratio: 1.00x)

[82/90] Processing: TS_1_768_1152.dat
compression ratio = 1.54 
compression time = 0.068360
compressed data file = ../../../../CESM-CLIMATE-65G/4/log_normalized/TS_1_768_1152.dat.sz.tmp
compression ratio = 1.543452
decompression time = 0.016278 seconds.
decompressed file = ../../../../CESM-CLIMATE-65G/4/log_normalized/SZ3_1e-9/TS_1_768_1152.dat.SZ3.out
  ✓ Compression successful (ratio: 1.00x)

[83/90] Processing: TSMN_1_768_1152.dat
compression ratio = 1.51 
compression time = 0.065093
compressed data file = ../../../../CESM-CLIMATE-65G/4/log_normalized/TSMN_1_768_1152.dat.sz.tmp
compression ratio = 1.510833
decompression time = 0.016334 seconds.
decompressed file = ../../../../CESM-CLIMATE-65G/4/log_normalized/SZ3_1e-9/TSMN_1_768_1152.dat.SZ3.out
  ✓ Compression successful (ratio: 1.00x)

[84/90] Processing: TSMX_1_768_1152.dat
compression ratio = 1.52 
compression time = 0.071596
compressed data file = ../../../../CESM-CLIMATE-65G/4/log_normalized/TSMX_1_768_1152.dat.sz.tmp
compression ratio = 1.519852
decompression time = 0.016878 seconds.
decompressed file = ../../../../CESM-CLIMATE-65G/4/log_normalized/SZ3_1e-9/TSMX_1_768_1152.dat.SZ3.out
  ✓ Compression successful (ratio: 1.00x)

[85/90] Processing: U2d_1_768_1152.dat
compression ratio = 31.39 
compression time = 0.026974
compressed data file = ../../../../CESM-CLIMATE-65G/4/log_normalized/U2d_1_768_1152.dat.sz.tmp
compression ratio = 31.385303
decompression time = 0.007395 seconds.
decompressed file = ../../../../CESM-CLIMATE-65G/4/log_normalized/SZ3_1e-9/U2d_1_768_1152.dat.SZ3.out
  ✓ Compression successful (ratio: 1.00x)

[86/90] Processing: UV2d_1_768_1152.dat
compression ratio = 25.47 
compression time = 0.027462
compressed data file = ../../../../CESM-CLIMATE-65G/4/log_normalized/UV2d_1_768_1152.dat.sz.tmp
compression ratio = 25.469924
decompression time = 0.009242 seconds.
decompressed file = ../../../../CESM-CLIMATE-65G/4/log_normalized/SZ3_1e-9/UV2d_1_768_1152.dat.SZ3.out
  ✓ Compression successful (ratio: 1.00x)

[87/90] Processing: UW2d_1_768_1152.dat
compression ratio = 18.08 
compression time = 0.031953
compressed data file = ../../../../CESM-CLIMATE-65G/4/log_normalized/UW2d_1_768_1152.dat.sz.tmp
compression ratio = 18.075942
decompression time = 0.009257 seconds.
decompressed file = ../../../../CESM-CLIMATE-65G/4/log_normalized/SZ3_1e-9/UW2d_1_768_1152.dat.SZ3.out
  ✓ Compression successful (ratio: 1.00x)

[88/90] Processing: V2d_1_768_1152.dat
compression ratio = 27.19 
compression time = 0.025061
compressed data file = ../../../../CESM-CLIMATE-65G/4/log_normalized/V2d_1_768_1152.dat.sz.tmp
compression ratio = 27.189600
decompression time = 0.007099 seconds.
decompressed file = ../../../../CESM-CLIMATE-65G/4/log_normalized/SZ3_1e-9/V2d_1_768_1152.dat.SZ3.out
  ✓ Compression successful (ratio: 1.00x)

[89/90] Processing: VTH2d_1_768_1152.dat
compression ratio = 25.34 
compression time = 0.027938
compressed data file = ../../../../CESM-CLIMATE-65G/4/log_normalized/VTH2d_1_768_1152.dat.sz.tmp
compression ratio = 25.342614
decompression time = 0.007769 seconds.
decompressed file = ../../../../CESM-CLIMATE-65G/4/log_normalized/SZ3_1e-9/VTH2d_1_768_1152.dat.SZ3.out
  ✓ Compression successful (ratio: 1.00x)

[90/90] Processing: W2d_1_768_1152.dat
compression ratio = 22.38 
compression time = 0.028870
compressed data file = ../../../../CESM-CLIMATE-65G/4/log_normalized/W2d_1_768_1152.dat.sz.tmp
compression ratio = 22.379258
decompression time = 0.009358 seconds.
decompressed file = ../../../../CESM-CLIMATE-65G/4/log_normalized/SZ3_1e-9/W2d_1_768_1152.dat.SZ3.out
  ✓ Compression successful (ratio: 1.00x)

=== Summary ===
Total files processed: 90
Total files skipped: 0
Total files failed: 0

