Input directory: ../../SDRBENCH-CESM-ATM-cleared-1800x3600/
Output directory: ../../SDRBENCH-CESM-ATM-cleared-1800x3600/tthresh_1E-4
Dimensions: 1800x3600
Error bound: 0.0001

Found 60 .dat file(s) to process

[1/60] Processing: AEROD_v_1_1800_3600.dat
oldbits = 207360000, newbits = 1150032, compressionratio = 180.308, bpv = 0.177474
Total compression time: 50595.2ms
eps = 0.0197045, rmse = 0.00152038, psnr = 45.4815
Total decompression time: 945.167ms
Total time: 51540.4ms
  ✓ Compression successful (ratio: 180.30x)

[2/60] Processing: CLDHGH_1_1800_3600.dat
oldbits = 207360000, newbits = 2009232, compressionratio = 103.204, bpv = 0.310067
Total compression time: 52392.9ms
eps = 0.0228457, rmse = 0.00573897, psnr = 38.0856
Total decompression time: 1197.58ms
Total time: 53590.5ms
  ✓ Compression successful (ratio: 103.20x)

[3/60] Processing: CLDLOW_1_1800_3600.dat
oldbits = 207360000, newbits = 1775824, compressionratio = 116.768, bpv = 0.274047
Total compression time: 55746.8ms
eps = 0.0259925, rmse = 0.00974344, psnr = 33.9989
Total decompression time: 1495.12ms
Total time: 57242ms
  ✓ Compression successful (ratio: 116.76x)

[4/60] Processing: CLDMED_1_1800_3600.dat
oldbits = 207360000, newbits = 1918224, compressionratio = 108.1, bpv = 0.296022
Total compression time: 56421.1ms
eps = 0.0269911, rmse = 0.00518738, psnr = 38.0665
Total decompression time: 1592.24ms
Total time: 58013.4ms
  ✓ Compression successful (ratio: 108.09x)

[5/60] Processing: CLDTOT_1_1800_3600.dat
oldbits = 207360000, newbits = 1165328, compressionratio = 177.941, bpv = 0.179835
Total compression time: 56372.9ms
eps = 0.0289571, rmse = 0.0140987, psnr = 30.7414
Total decompression time: 1067.96ms
Total time: 57441ms
  ✓ Compression successful (ratio: 177.94x)

[6/60] Processing: FLDS_1_1800_3600.dat
oldbits = 207360000, newbits = 590736, compressionratio = 351.02, bpv = 0.091163
Total compression time: 52266.9ms
eps = 0.0101618, rmse = 3.02565, psnr = 34.6149
Total decompression time: 727.997ms
Total time: 52995ms
  ✓ Compression successful (ratio: 351.01x)

[7/60] Processing: FLDSC_1_1800_3600.dat
oldbits = 207360000, newbits = 474192, compressionratio = 437.291, bpv = 0.0731778
Total compression time: 56437.5ms
eps = 0.0143448, rmse = 3.9278, psnr = 32.3446
Total decompression time: 554.692ms
Total time: 56992.2ms
  ✓ Compression successful (ratio: 437.29x)

[8/60] Processing: FLNS_1_1800_3600.dat
oldbits = 207360000, newbits = 1196560, compressionratio = 173.297, bpv = 0.184654
Total compression time: 53888.6ms
eps = 0.0299835, rmse = 1.84937, psnr = 33.5155
Total decompression time: 1164.01ms
Total time: 55052.6ms
  ✓ Compression successful (ratio: 173.29x)

[9/60] Processing: FLNSC_1_1800_3600.dat
oldbits = 207360000, newbits = 1249936, compressionratio = 165.896, bpv = 0.192891
Total compression time: 54155.3ms
eps = 0.0129976, rmse = 1.13099, psnr = 36.2291
Total decompression time: 871.846ms
Total time: 55027.2ms
  ✓ Compression successful (ratio: 165.89x)

[10/60] Processing: FLNT_1_1800_3600.dat
oldbits = 207360000, newbits = 402768, compressionratio = 514.837, bpv = 0.0621556
Total compression time: 54443.5ms
eps = 0.0111353, rmse = 2.51588, psnr = 31.0759
Total decompression time: 628.763ms
Total time: 55072.3ms
  ✓ Compression successful (ratio: 514.83x)

[11/60] Processing: FLNTC_1_1800_3600.dat
oldbits = 207360000, newbits = 324944, compressionratio = 638.141, bpv = 0.0501457
Total compression time: 52255.7ms
eps = 0.00931779, rmse = 2.29264, psnr = 31.651
Total decompression time: 512.799ms
Total time: 52768.5ms
  ✓ Compression successful (ratio: 638.14x)

[12/60] Processing: FLUT_1_1800_3600.dat
oldbits = 207360000, newbits = 403280, compressionratio = 514.184, bpv = 0.0622346
Total compression time: 52909.4ms
eps = 0.0110729, rmse = 2.51517, psnr = 31.1112
Total decompression time: 698.077ms
Total time: 53607.5ms
  ✓ Compression successful (ratio: 514.18x)

[13/60] Processing: FLUTC_1_1800_3600.dat
oldbits = 207360000, newbits = 324944, compressionratio = 638.141, bpv = 0.0501457
Total compression time: 52902.9ms
eps = 0.00926886, rmse = 2.2918, psnr = 31.6879
Total decompression time: 501.72ms
Total time: 53404.7ms
  ✓ Compression successful (ratio: 638.14x)

[14/60] Processing: FREQSH_1_1800_3600.dat
oldbits = 207360000, newbits = 1337744, compressionratio = 155.007, bpv = 0.206442
Total compression time: 56737ms
eps = 0.0284796, rmse = 0.0178008, psnr = 28.9222
Total decompression time: 1282.22ms
Total time: 58019.3ms
  ✓ Compression successful (ratio: 155.00x)

[15/60] Processing: FREQZM_1_1800_3600.dat
oldbits = 207360000, newbits = 1729168, compressionratio = 119.919, bpv = 0.266847
Total compression time: 45633.2ms
eps = 0.0298219, rmse = 0.00777706, psnr = 35.7054
Total decompression time: 1283.39ms
Total time: 46916.7ms
  ✓ Compression successful (ratio: 119.91x)

[16/60] Processing: FSDS_1_1800_3600.dat
oldbits = 207360000, newbits = 772752, compressionratio = 268.34, bpv = 0.119252
Total compression time: 49191.4ms
eps = 0.0160181, rmse = 3.71754, psnr = 35.7928
Total decompression time: 807.755ms
Total time: 49999.2ms
  ✓ Compression successful (ratio: 268.33x)

[17/60] Processing: FSDSC_1_1800_3600.dat
oldbits = 207360000, newbits = 192720, compressionratio = 1075.97, bpv = 0.0297407
Total compression time: 48804.3ms
eps = 0.00647164, rmse = 1.90771, psnr = 41.9663
Total decompression time: 286.166ms
Total time: 49090.5ms
  ✓ Compression successful (ratio: 1075.96x)

[18/60] Processing: FSDTOA_1_1800_3600.dat
oldbits = 207360000, newbits = 62032, compressionratio = 3342.79, bpv = 0.00957284
Total compression time: 60863.1ms
eps = 0.00125985, rmse = 0.483331, psnr = 55.0779
Total decompression time: 213.588ms
Total time: 61076.7ms
  ✓ Compression successful (ratio: 3342.79x)

[19/60] Processing: FSNS_1_1800_3600.dat
oldbits = 207360000, newbits = 843024, compressionratio = 245.972, bpv = 0.130096
Total compression time: 48486.1ms
eps = 0.0226405, rmse = 3.9255, psnr = 33.5593
Total decompression time: 1032.7ms
Total time: 49518.8ms
  ✓ Compression successful (ratio: 245.97x)

[20/60] Processing: FSNSC_1_1800_3600.dat
oldbits = 207360000, newbits = 542864, compressionratio = 381.974, bpv = 0.0837753
Total compression time: 48394.2ms
eps = 0.0140985, rmse = 3.26287, psnr = 35.2797
Total decompression time: 865.362ms
Total time: 49259.6ms
  ✓ Compression successful (ratio: 381.97x)

[21/60] Processing: FSNT_1_1800_3600.dat
oldbits = 207360000, newbits = 755024, compressionratio = 274.64, bpv = 0.116516
Total compression time: 48438.5ms
eps = 0.0153587, rmse = 3.79468, psnr = 35.6256
Total decompression time: 838.066ms
Total time: 49276.6ms
  ✓ Compression successful (ratio: 274.64x)

[22/60] Processing: FSNTC_1_1800_3600.dat
oldbits = 207360000, newbits = 524752, compressionratio = 395.158, bpv = 0.0809802
Total compression time: 49138.7ms
eps = 0.0105395, rmse = 3.15307, psnr = 37.359
Total decompression time: 704.44ms
Total time: 49843.2ms
  ✓ Compression successful (ratio: 395.15x)

[23/60] Processing: FSNTOA_1_1800_3600.dat
oldbits = 207360000, newbits = 753104, compressionratio = 275.34, bpv = 0.11622
Total compression time: 48627.2ms
eps = 0.0151459, rmse = 3.79237, psnr = 35.7099
Total decompression time: 809.189ms
Total time: 49436.4ms
  ✓ Compression successful (ratio: 275.34x)

[24/60] Processing: FSNTOAC_1_1800_3600.dat
oldbits = 207360000, newbits = 524560, compressionratio = 395.303, bpv = 0.0809506
Total compression time: 50215.3ms
eps = 0.0104274, rmse = 3.15346, psnr = 37.4371
Total decompression time: 777.229ms
Total time: 50992.6ms
  ✓ Compression successful (ratio: 395.30x)

[25/60] Processing: FSUTOA_1_1800_3600.dat
oldbits = 207360000, newbits = 1732752, compressionratio = 119.671, bpv = 0.2674
Total compression time: 48537.7ms
eps = 0.0183542, rmse = 2.93888, psnr = 36.5185
Total decompression time: 987.448ms
Total time: 49525.2ms
  ✓ Compression successful (ratio: 119.67x)

[26/60] Processing: ICEFRAC_1_1800_3600.dat
oldbits = 207360000, newbits = 829712, compressionratio = 249.918, bpv = 0.128042
Total compression time: 42097.9ms
eps = 0.0401092, rmse = 0.012705, psnr = 31.8999
Total decompression time: 855.436ms
Total time: 42953.4ms
  ✓ Compression successful (ratio: 249.91x)

[27/60] Processing: LANDFRAC_1_1800_3600.dat
oldbits = 207360000, newbits = 3021264, compressionratio = 68.6335, bpv = 0.466244
Total compression time: 54422.5ms
eps = 0.0427452, rmse = 0.0247785, psnr = 26.0979
Total decompression time: 1443.65ms
Total time: 55866.2ms
  ✓ Compression successful (ratio: 68.63x)

[28/60] Processing: LHFLX_1_1800_3600.dat
oldbits = 207360000, newbits = 2119440, compressionratio = 97.8372, bpv = 0.327074
Total compression time: 53746.3ms
eps = 0.0296416, rmse = 2.74181, psnr = 40.0052
Total decompression time: 1235.05ms
Total time: 54981.4ms
  ✓ Compression successful (ratio: 97.83x)

[29/60] Processing: LWCF_1_1800_3600.dat
oldbits = 207360000, newbits = 1378448, compressionratio = 150.43, bpv = 0.212723
Total compression time: 52914.8ms
eps = 0.022013, rmse = 0.563641, psnr = 40.0156
Total decompression time: 1129.36ms
Total time: 54044.2ms
  ✓ Compression successful (ratio: 150.43x)

[30/60] Processing: OCNFRAC_1_1800_3600.dat
oldbits = 207360000, newbits = 1963536, compressionratio = 105.605, bpv = 0.303015
Total compression time: 46325.9ms
eps = 0.0488615, rmse = 0.0353023, psnr = 23.0233
Total decompression time: 1331.72ms
Total time: 47657.7ms
  ✓ Compression successful (ratio: 105.60x)

[31/60] Processing: ODV_bcar1_1_1800_3600.dat
oldbits = 207360000, newbits = 914640, compressionratio = 226.712, bpv = 0.141148
Total compression time: 47818.9ms
eps = 0.0178928, rmse = 1.20648e-05, psnr = 55.5272
Total decompression time: 550.065ms
Total time: 48369ms
  ✓ Compression successful (ratio: 226.71x)

[32/60] Processing: ODV_bcar2_1_1800_3600.dat
oldbits = 207360000, newbits = 1069392, compressionratio = 193.905, bpv = 0.16503
Total compression time: 48774.9ms
eps = 0.0201443, rmse = 2.96212e-05, psnr = 50.1075
Total decompression time: 441.083ms
Total time: 49216ms
  ✓ Compression successful (ratio: 193.90x)

[33/60] Processing: ODV_dust1_1_1800_3600.dat
oldbits = 207360000, newbits = 609808, compressionratio = 340.041, bpv = 0.0941062
Total compression time: 50270.6ms
eps = 0.0179271, rmse = 0.000322436, psnr = 49.1368
Total decompression time: 453.242ms
Total time: 50724ms
  ✓ Compression successful (ratio: 340.04x)

[34/60] Processing: ODV_dust2_1_1800_3600.dat
oldbits = 207360000, newbits = 576272, compressionratio = 359.83, bpv = 0.0889309
Total compression time: 50070.2ms
eps = 0.0196859, rmse = 0.000316822, psnr = 48.7953
Total decompression time: 363.575ms
Total time: 50433.8ms
  ✓ Compression successful (ratio: 359.83x)

[35/60] Processing: ODV_dust3_1_1800_3600.dat
oldbits = 207360000, newbits = 769040, compressionratio = 269.635, bpv = 0.118679
Total compression time: 49697.2ms
eps = 0.0155572, rmse = 8.48962e-05, psnr = 55.054
Total decompression time: 417.88ms
Total time: 50115.2ms
  ✓ Compression successful (ratio: 269.63x)

[36/60] Processing: ODV_dust4_1_1800_3600.dat
oldbits = 207360000, newbits = 951376, compressionratio = 217.958, bpv = 0.146817
Total compression time: 48561.6ms
eps = 0.0120779, rmse = 4.45401e-05, psnr = 61.4669
Total decompression time: 458.337ms
Total time: 49019.9ms
  ✓ Compression successful (ratio: 217.95x)

[37/60] Processing: ODV_ocar1_1_1800_3600.dat
oldbits = 207360000, newbits = 838224, compressionratio = 247.38, bpv = 0.129356
Total compression time: 49322.5ms
eps = 0.021038, rmse = 1.90369e-05, psnr = 54.2951
Total decompression time: 516.006ms
Total time: 49838.6ms
  ✓ Compression successful (ratio: 247.38x)

[38/60] Processing: ODV_ocar2_1_1800_3600.dat
oldbits = 207360000, newbits = 932368, compressionratio = 222.401, bpv = 0.143884
Total compression time: 47112.5ms
eps = 0.0139058, rmse = 5.19278e-05, psnr = 56.2572
Total decompression time: 739.792ms
Total time: 47852.3ms
  ✓ Compression successful (ratio: 222.40x)

[39/60] Processing: ODV_SSLTA_1_1800_3600.dat
oldbits = 207360000, newbits = 923472, compressionratio = 224.544, bpv = 0.142511
Total compression time: 50149.2ms
eps = 0.0217416, rmse = 0.000436414, psnr = 39.075
Total decompression time: 978.184ms
Total time: 51127.4ms
  ✓ Compression successful (ratio: 224.54x)

[40/60] Processing: ODV_SSLTC_1_1800_3600.dat
oldbits = 207360000, newbits = 1128528, compressionratio = 183.744, bpv = 0.174156
Total compression time: 49593.8ms
eps = 0.0190996, rmse = 0.000243592, psnr = 40.5439
Total decompression time: 1054.85ms
Total time: 50648.7ms
  ✓ Compression successful (ratio: 183.74x)

[41/60] Processing: ODV_sulf_1_1800_3600.dat
oldbits = 207360000, newbits = 1078224, compressionratio = 192.316, bpv = 0.166393
Total compression time: 51000.1ms
eps = 0.0195934, rmse = 0.000476861, psnr = 46.0575
Total decompression time: 1083.54ms
Total time: 52083.7ms
  ✓ Compression successful (ratio: 192.31x)

[42/60] Processing: QREFHT_1_1800_3600.dat
oldbits = 207360000, newbits = 850512, compressionratio = 243.806, bpv = 0.131252
Total compression time: 53926.9ms
eps = 0.0114463, rmse = 0.000104311, psnr = 39.4403
Total decompression time: 547.96ms
Total time: 54474.9ms
  ✓ Compression successful (ratio: 243.80x)

[43/60] Processing: RHREFHT_1_1800_3600.dat
oldbits = 207360000, newbits = 523536, compressionratio = 396.076, bpv = 0.0807926
Total compression time: 57423.4ms
eps = 0.0182093, rmse = 1.54969, psnr = 29.7874
Total decompression time: 601.61ms
Total time: 58025.1ms
  ✓ Compression successful (ratio: 396.07x)

[44/60] Processing: SHFLX_1_1800_3600.dat
oldbits = 207360000, newbits = 3128848, compressionratio = 66.2736, bpv = 0.482847
Total compression time: 54057.2ms
eps = 0.0509398, rmse = 1.60542, psnr = 42.0106
Total decompression time: 1134.22ms
Total time: 55191.5ms
  ✓ Compression successful (ratio: 66.27x)

[45/60] Processing: SNOWHICE_1_1800_3600.dat
oldbits = 207360000, newbits = 1437456, compressionratio = 144.255, bpv = 0.22183
Total compression time: 41538.9ms
eps = 0.0284909, rmse = 0.00410248, psnr = 38.1175
Total decompression time: 1038.98ms
Total time: 42578ms
  ✓ Compression successful (ratio: 144.25x)

[46/60] Processing: SOLIN_1_1800_3600.dat
oldbits = 207360000, newbits = 62032, compressionratio = 3342.79, bpv = 0.00957284
Total compression time: 59471.5ms
eps = 0.00125985, rmse = 0.483331, psnr = 55.0779
Total decompression time: 223.018ms
Total time: 59694.6ms
  ✓ Compression successful (ratio: 3342.79x)

[47/60] Processing: SRFRAD_1_1800_3600.dat
oldbits = 207360000, newbits = 531664, compressionratio = 390.021, bpv = 0.0820469
Total compression time: 51906ms
eps = 0.0139125, rmse = 6.39222, psnr = 33.4405
Total decompression time: 752.904ms
Total time: 52659ms
  ✓ Compression successful (ratio: 390.02x)

[48/60] Processing: SWCF_1_1800_3600.dat
oldbits = 207360000, newbits = 1122448, compressionratio = 184.739, bpv = 0.173217
Total compression time: 50062ms
eps = 0.0358148, rmse = 2.13585, psnr = 33.4415
Total decompression time: 1201.9ms
Total time: 51264ms
  ✓ Compression successful (ratio: 184.73x)

[49/60] Processing: TAUX_1_1800_3600.dat
oldbits = 207360000, newbits = 2514576, compressionratio = 82.4632, bpv = 0.388052
Total compression time: 54218.7ms
eps = 0.0530904, rmse = 0.0057856, psnr = 47.2273
Total decompression time: 1061.12ms
Total time: 55279.9ms
  ✓ Compression successful (ratio: 82.46x)

[50/60] Processing: TAUY_1_1800_3600.dat
oldbits = 207360000, newbits = 4093072, compressionratio = 50.6612, bpv = 0.631647
Total compression time: 54548.9ms
eps = 0.0379829, rmse = 0.002755, psnr = 52.9092
Total decompression time: 1478.78ms
Total time: 56027.7ms
  ✓ Compression successful (ratio: 50.66x)

[51/60] Processing: TGCLDIWP_1_1800_3600.dat
oldbits = 207360000, newbits = 1723344, compressionratio = 120.324, bpv = 0.265948
Total compression time: 54011.7ms
eps = 0.022904, rmse = 0.60927, psnr = 38.9951
Total decompression time: 1176.03ms
Total time: 55187.8ms
  ✓ Compression successful (ratio: 120.32x)

[52/60] Processing: TGCLDLWP_1_1800_3600.dat
oldbits = 207360000, newbits = 1712848, compressionratio = 121.062, bpv = 0.264328
Total compression time: 53012.4ms
eps = 0.0330019, rmse = 4.91796, psnr = 36.9617
Total decompression time: 1280.97ms
Total time: 54293.5ms
  ✓ Compression successful (ratio: 121.06x)

[53/60] Processing: TMQ_1_1800_3600.dat
oldbits = 207360000, newbits = 468688, compressionratio = 442.427, bpv = 0.0723284
Total compression time: 52593.4ms
eps = 0.0252902, rmse = 0.565949, psnr = 33.7127
Total decompression time: 387.586ms
Total time: 52981ms
  ✓ Compression successful (ratio: 442.42x)

[54/60] Processing: TREFHT_1_1800_3600.dat
oldbits = 207360000, newbits = 172496, compressionratio = 1202.11, bpv = 0.0266198
Total compression time: 54066.8ms
eps = 0.00620797, rmse = 1.71637, psnr = 26.7096
Total decompression time: 330.762ms
Total time: 54397.6ms
  ✓ Compression successful (ratio: 1202.11x)

[55/60] Processing: TREFMNAV_1_1800_3600.dat
oldbits = 207360000, newbits = 161872, compressionratio = 1281.01, bpv = 0.0249802
Total compression time: 52131.4ms
eps = 0.0090462, rmse = 2.48404, psnr = 23.4494
Total decompression time: 387.759ms
Total time: 52519.2ms
  ✓ Compression successful (ratio: 1281.01x)

[56/60] Processing: TREFMXAV_1_1800_3600.dat
oldbits = 207360000, newbits = 168976, compressionratio = 1227.16, bpv = 0.0260765
Total compression time: 53641.2ms
eps = 0.00599535, rmse = 1.6698, psnr = 27.6386
Total decompression time: 293.851ms
Total time: 53935.1ms
  ✓ Compression successful (ratio: 1227.15x)

[57/60] Processing: TROP_T_1_1800_3600.dat
oldbits = 207360000, newbits = 104976, compressionratio = 1975.31, bpv = 0.0162
Total compression time: 61637.2ms
eps = 0.0041753, rmse = 0.858174, psnr = 25.5585
Total decompression time: 286.041ms
Total time: 61923.3ms
  ✓ Compression successful (ratio: 1975.30x)

[58/60] Processing: TS_1_1800_3600.dat
oldbits = 207360000, newbits = 178064, compressionratio = 1164.53, bpv = 0.027479
Total compression time: 53430.5ms
eps = 0.00903481, rmse = 2.50265, psnr = 24.1285
Total decompression time: 417.281ms
Total time: 53847.9ms
  ✓ Compression successful (ratio: 1164.52x)

[59/60] Processing: TSMN_1_1800_3600.dat
oldbits = 207360000, newbits = 415632, compressionratio = 498.903, bpv = 0.0641407
Total compression time: 52906.4ms
eps = 0.00851506, rmse = 2.31015, psnr = 26.0127
Total decompression time: 670.435ms
Total time: 53576.9ms
  ✓ Compression successful (ratio: 498.90x)

[60/60] Processing: TSMX_1_1800_3600.dat
oldbits = 207360000, newbits = 239440, compressionratio = 866.021, bpv = 0.0369506
Total compression time: 54181.2ms
eps = 0.00719913, rmse = 2.03971, psnr = 27.3438
Total decompression time: 471.169ms
Total time: 54652.4ms
  ✓ Compression successful (ratio: 866.02x)

=== Summary ===
Total files processed: 60
Total files skipped: 0
Total files failed: 0

