Auto-detected decompressed suffix: .sz.out

Found 54 .dat file(s) to process

[1/54] Processing: ADVS_1_384_320.dat
  False Negatives: 5497
  False Positives: 29562
  False Types: 931
  Grand Total: 35990
  Total Critical Points (Decompressed): 30481

[2/54] Processing: ADVS_ISOP_1_384_320.dat
  False Negatives: 5828
  False Positives: 33076
  False Types: 1161
  Grand Total: 40065
  Total Critical Points (Decompressed): 34160

[3/54] Processing: ADVS_SUBM_1_384_320.dat
  False Negatives: 355
  False Positives: 29455
  False Types: 68
  Grand Total: 29878
  Total Critical Points (Decompressed): 29565

[4/54] Processing: ADVT_1_384_320.dat
  False Negatives: 1823
  False Positives: 13620
  False Types: 89
  Grand Total: 15532
  Total Critical Points (Decompressed): 27710

[5/54] Processing: ADVT_ISOP_1_384_320.dat
  False Negatives: 5441
  False Positives: 17529
  False Types: 424
  Grand Total: 23394
  Total Critical Points (Decompressed): 40440

[6/54] Processing: ADVT_SUBM_1_384_320.dat
  False Negatives: 12127
  False Positives: 31082
  False Types: 2222
  Grand Total: 45431
  Total Critical Points (Decompressed): 34547

[7/54] Processing: BSF_1_384_320.dat
  False Negatives: 145
  False Positives: 12305
  False Types: 8
  Grand Total: 12458
  Total Critical Points (Decompressed): 14202

[8/54] Processing: DIA_DEPTH_1_384_320.dat
  False Negatives: 8
  False Positives: 11280
  False Types: 0
  Grand Total: 11288
  Total Critical Points (Decompressed): 13991

[9/54] Processing: dTEMP_NEG_2D_1_384_320.dat
  False Negatives: 976
  False Positives: 12690
  False Types: 39
  Grand Total: 13705
  Total Critical Points (Decompressed): 34839

[10/54] Processing: dTEMP_POS_2D_1_384_320.dat
  False Negatives: 519
  False Positives: 11780
  False Types: 14
  Grand Total: 12313
  Total Critical Points (Decompressed): 33191

[11/54] Processing: EVAP_F_1_384_320.dat
  False Negatives: 1518
  False Positives: 35759
  False Types: 267
  Grand Total: 37544
  Total Critical Points (Decompressed): 36160

[12/54] Processing: FW_1_384_320.dat
  False Negatives: 0
  False Positives: 23171
  False Types: 0
  Grand Total: 23171
  Total Critical Points (Decompressed): 23194

[13/54] Processing: HBLT_1_384_320.dat
  False Negatives: 33
  False Positives: 11611
  False Types: 0
  Grand Total: 11644
  Total Critical Points (Decompressed): 15984

[14/54] Processing: HDIFS_1_384_320.dat
  False Negatives: 5074
  False Positives: 31359
  False Types: 929
  Grand Total: 37362
  Total Critical Points (Decompressed): 32261

[15/54] Processing: HDIFT_1_384_320.dat
  False Negatives: 4586
  False Positives: 16700
  False Types: 368
  Grand Total: 21654
  Total Critical Points (Decompressed): 37334

[16/54] Processing: HLS_SUBM_1_384_320.dat
  False Negatives: 2
  False Positives: 18941
  False Types: 0
  Grand Total: 18943
  Total Critical Points (Decompressed): 21632

[17/54] Processing: HMXL_1_384_320.dat
  False Negatives: 22
  False Positives: 11398
  False Types: 0
  Grand Total: 11420
  Total Critical Points (Decompressed): 15190

[18/54] Processing: IFRAC_1_384_320.dat
  False Negatives: 39
  False Positives: 27777
  False Types: 1
  Grand Total: 27817
  Total Critical Points (Decompressed): 28367

[19/54] Processing: INT_DEPTH_1_384_320.dat
  False Negatives: 18
  False Positives: 11727
  False Types: 0
  Grand Total: 11745
  Total Critical Points (Decompressed): 15190

[20/54] Processing: IOFF_F_1_384_320.dat
  False Negatives: 265
  False Positives: 24229
  False Types: 12
  Grand Total: 24506
  Total Critical Points (Decompressed): 24279

[21/54] Processing: LWDN_F_1_384_320.dat
  False Negatives: 448
  False Positives: 14147
  False Types: 29
  Grand Total: 14624
  Total Critical Points (Decompressed): 17158

[22/54] Processing: LWUP_F_1_384_320.dat
  False Negatives: 24
  False Positives: 11150
  False Types: 0
  Grand Total: 11174
  Total Critical Points (Decompressed): 12308

[23/54] Processing: MELT_F_1_384_320.dat
  False Negatives: 459
  False Positives: 33868
  False Types: 62
  Grand Total: 34389
  Total Critical Points (Decompressed): 34013

[24/54] Processing: MELTH_F_1_384_320.dat
  False Negatives: 58
  False Positives: 35061
  False Types: 8
  Grand Total: 35127
  Total Critical Points (Decompressed): 35741

[25/54] Processing: PREC_F_1_384_320.dat
  False Negatives: 1646
  False Positives: 33901
  False Types: 232
  Grand Total: 35779
  Total Critical Points (Decompressed): 34223

[26/54] Processing: QFLUX_1_384_320.dat
  False Negatives: 2
  False Positives: 24129
  False Types: 0
  Grand Total: 24131
  Total Critical Points (Decompressed): 24518

[27/54] Processing: QSW_HBL_1_384_320.dat
  False Negatives: 93
  False Positives: 14397
  False Types: 1
  Grand Total: 14491
  Total Critical Points (Decompressed): 21240

[28/54] Processing: QSW_HTP_1_384_320.dat
  False Negatives: 63
  False Positives: 14022
  False Types: 0
  Grand Total: 14085
  Total Critical Points (Decompressed): 21849

[29/54] Processing: RESID_S_1_384_320.dat
  False Negatives: 0
  False Positives: 23171
  False Types: 0
  Grand Total: 23171
  Total Critical Points (Decompressed): 23194

[30/54] Processing: RESID_T_1_384_320.dat
  False Negatives: 0
  False Positives: 23171
  False Types: 0
  Grand Total: 23171
  Total Critical Points (Decompressed): 23194

[31/54] Processing: RHO_VINT_1_384_320.dat
  False Negatives: 2192
  False Positives: 20884
  False Types: 151
  Grand Total: 23227
  Total Critical Points (Decompressed): 26416

[32/54] Processing: ROFF_F_1_384_320.dat
  False Negatives: 1433
  False Positives: 31942
  False Types: 169
  Grand Total: 33544
  Total Critical Points (Decompressed): 32457

[33/54] Processing: SALT_F_1_384_320.dat
  False Negatives: 75
  False Positives: 26022
  False Types: 2
  Grand Total: 26099
  Total Critical Points (Decompressed): 26058

[34/54] Processing: SENH_F_1_384_320.dat
  False Negatives: 429
  False Positives: 11829
  False Types: 18
  Grand Total: 12276
  Total Critical Points (Decompressed): 15716

[35/54] Processing: SFWF_1_384_320.dat
  False Negatives: 4015
  False Positives: 35467
  False Types: 830
  Grand Total: 40312
  Total Critical Points (Decompressed): 36409

[36/54] Processing: SFWF_WRST_1_384_320.dat
  False Negatives: 0
  False Positives: 23171
  False Types: 0
  Grand Total: 23171
  Total Critical Points (Decompressed): 23194

[37/54] Processing: SHF_1_384_320.dat
  False Negatives: 295
  False Positives: 11632
  False Types: 4
  Grand Total: 11931
  Total Critical Points (Decompressed): 18600

[38/54] Processing: SHF_QSW_1_384_320.dat
  False Negatives: 118
  False Positives: 14380
  False Types: 2
  Grand Total: 14500
  Total Critical Points (Decompressed): 18764

[39/54] Processing: SNOW_F_1_384_320.dat
  False Negatives: 475
  False Positives: 26327
  False Types: 53
  Grand Total: 26855
  Total Critical Points (Decompressed): 26420

[40/54] Processing: SSH_1_384_320.dat
  False Negatives: 161
  False Positives: 11707
  False Types: 0
  Grand Total: 11868
  Total Critical Points (Decompressed): 23240

[41/54] Processing: SSH2_1_384_320.dat
  False Negatives: 19
  False Positives: 11358
  False Types: 0
  Grand Total: 11377
  Total Critical Points (Decompressed): 23781

[42/54] Processing: SU_1_384_320.dat
  False Negatives: 259
  False Positives: 12509
  False Types: 19
  Grand Total: 12787
  Total Critical Points (Decompressed): 26712

[43/54] Processing: SV_1_384_320.dat
  False Negatives: 391
  False Positives: 13066
  False Types: 10
  Grand Total: 13467
  Total Critical Points (Decompressed): 30503

[44/54] Processing: TAUX_1_384_320.dat
  False Negatives: 73
  False Positives: 10725
  False Types: 0
  Grand Total: 10798
  Total Critical Points (Decompressed): 12399

[45/54] Processing: TAUX2_1_384_320.dat
  False Negatives: 66
  False Positives: 10829
  False Types: 5
  Grand Total: 10900
  Total Critical Points (Decompressed): 13779

[46/54] Processing: TAUY_1_384_320.dat
  False Negatives: 101
  False Positives: 10456
  False Types: 9
  Grand Total: 10566
  Total Critical Points (Decompressed): 12355

[47/54] Processing: TAUY2_1_384_320.dat
  False Negatives: 93
  False Positives: 10520
  False Types: 9
  Grand Total: 10622
  Total Critical Points (Decompressed): 13748

[48/54] Processing: TBLT_1_384_320.dat
  False Negatives: 13
  False Positives: 11597
  False Types: 0
  Grand Total: 11610
  Total Critical Points (Decompressed): 26348

[49/54] Processing: TFW_S_1_384_320.dat
  False Negatives: 0
  False Positives: 23171
  False Types: 0
  Grand Total: 23171
  Total Critical Points (Decompressed): 23194

[50/54] Processing: TFW_T_1_384_320.dat
  False Negatives: 0
  False Positives: 23171
  False Types: 0
  Grand Total: 23171
  Total Critical Points (Decompressed): 23194

[51/54] Processing: TLT_1_384_320.dat
  False Negatives: 11
  False Positives: 11509
  False Types: 0
  Grand Total: 11520
  Total Critical Points (Decompressed): 35118

[52/54] Processing: TMXL_1_384_320.dat
  False Negatives: 27
  False Positives: 12225
  False Types: 1
  Grand Total: 12253
  Total Critical Points (Decompressed): 17298

[53/54] Processing: XBLT_1_384_320.dat
  False Negatives: 32
  False Positives: 11968
  False Types: 1
  Grand Total: 12001
  Total Critical Points (Decompressed): 16334

[54/54] Processing: XMXL_1_384_320.dat
  False Negatives: 21
  False Positives: 11534
  False Types: 0
  Grand Total: 11555
  Total Critical Points (Decompressed): 16024

=== Summary ===
Total files processed: 54
Total files failed: 0
Total false cases across all files: 1105583
Average false cases per file: 20473.75
