Found 90 .dat file(s) to process

[1/90] Processing: AEROD_v_1_768_1152.dat
  False Negatives: 224
  False Positives: 250
  False Types: 0
  Grand Total: 474

[2/90] Processing: cb_ozone_c_1_768_1152.dat
  False Negatives: 0
  False Positives: 923
  False Types: 0
  Grand Total: 923

[3/90] Processing: cb_sulf_c_1_768_1152.dat
  False Negatives: 0
  False Positives: 220928
  False Types: 0
  Grand Total: 220928

[4/90] Processing: CLDHGH_1_768_1152.dat
  False Negatives: 18
  False Positives: 46
  False Types: 0
  Grand Total: 64

[5/90] Processing: CLDLOW_1_768_1152.dat
  False Negatives: 30
  False Positives: 2838
  False Types: 2
  Grand Total: 2870

[6/90] Processing: CLDMED_1_768_1152.dat
  False Negatives: 97
  False Positives: 4498
  False Types: 4
  Grand Total: 4599

[7/90] Processing: CLDTOT_1_768_1152.dat
  False Negatives: 6
  False Positives: 11
  False Types: 0
  Grand Total: 17

[8/90] Processing: FLDS_1_768_1152.dat
  False Negatives: 204
  False Positives: 227
  False Types: 0
  Grand Total: 431

[9/90] Processing: FLDSC_1_768_1152.dat
  False Negatives: 250
  False Positives: 336
  False Types: 12
  Grand Total: 598

[10/90] Processing: FLNS_1_768_1152.dat
  False Negatives: 67
  False Positives: 50
  False Types: 0
  Grand Total: 117

[11/90] Processing: FLNSC_1_768_1152.dat
  False Negatives: 115
  False Positives: 126
  False Types: 1
  Grand Total: 242

[12/90] Processing: FLNT_1_768_1152.dat
  False Negatives: 105
  False Positives: 134
  False Types: 0
  Grand Total: 239

[13/90] Processing: FLNTC_1_768_1152.dat
  False Negatives: 340
  False Positives: 426
  False Types: 10
  Grand Total: 776

[14/90] Processing: FLUT_1_768_1152.dat
  False Negatives: 124
  False Positives: 146
  False Types: 0
  Grand Total: 270

[15/90] Processing: FLUTC_1_768_1152.dat
  False Negatives: 339
  False Positives: 448
  False Types: 16
  Grand Total: 803

[16/90] Processing: FREQSH_1_768_1152.dat
  False Negatives: 0
  False Positives: 6552
  False Types: 0
  Grand Total: 6552

[17/90] Processing: FREQZM_1_768_1152.dat
  False Negatives: 0
  False Positives: 20663
  False Types: 0
  Grand Total: 20663

[18/90] Processing: FSDS_1_768_1152.dat
  False Negatives: 42
  False Positives: 51
  False Types: 0
  Grand Total: 93

[19/90] Processing: FSDSC_1_768_1152.dat
  False Negatives: 107
  False Positives: 113
  False Types: 0
  Grand Total: 220

[20/90] Processing: FSDTOA_1_768_1152.dat
  False Negatives: 14
  False Positives: 111
  False Types: 0
  Grand Total: 125

[21/90] Processing: FSNS_1_768_1152.dat
  False Negatives: 64
  False Positives: 67
  False Types: 0
  Grand Total: 131

[22/90] Processing: FSNSC_1_768_1152.dat
  False Negatives: 144
  False Positives: 182
  False Types: 2
  Grand Total: 328

[23/90] Processing: FSNT_1_768_1152.dat
  False Negatives: 108
  False Positives: 89
  False Types: 0
  Grand Total: 197

[24/90] Processing: FSNTC_1_768_1152.dat
  False Negatives: 99
  False Positives: 132
  False Types: 0
  Grand Total: 231

[25/90] Processing: FSNTOA_1_768_1152.dat
  False Negatives: 82
  False Positives: 105
  False Types: 0
  Grand Total: 187

[26/90] Processing: FSNTOAC_1_768_1152.dat
  False Negatives: 101
  False Positives: 141
  False Types: 1
  Grand Total: 243

[27/90] Processing: FSUTOA_1_768_1152.dat
  False Negatives: 70
  False Positives: 84
  False Types: 0
  Grand Total: 154

[28/90] Processing: ICEFRAC_1_768_1152.dat
  False Negatives: 21
  False Positives: 5588
  False Types: 0
  Grand Total: 5609

[29/90] Processing: LANDFRAC_1_768_1152.dat
  False Negatives: 0
  False Positives: 1986
  False Types: 0
  Grand Total: 1986

[30/90] Processing: LHFLX_1_768_1152.dat
  False Negatives: 351
  False Positives: 21070
  False Types: 0
  Grand Total: 21421

[31/90] Processing: LWCF_1_768_1152.dat
  False Negatives: 33
  False Positives: 30
  False Types: 0
  Grand Total: 63

[32/90] Processing: MSKtem_1_768_1152.dat
  False Negatives: 0
  False Positives: 24195
  False Types: 0
  Grand Total: 24195

[33/90] Processing: OCNFRAC_1_768_1152.dat
  False Negatives: 14
  False Positives: 9527
  False Types: 0
  Grand Total: 9541

[34/90] Processing: ODV_bcar1_1_768_1152.dat
  False Negatives: 0
  False Positives: 31037
  False Types: 0
  Grand Total: 31037

[35/90] Processing: ODV_bcar2_1_768_1152.dat
  False Negatives: 0
  False Positives: 4324
  False Types: 0
  Grand Total: 4324

[36/90] Processing: ODV_dust1_1_768_1152.dat
  False Negatives: 125
  False Positives: 3707
  False Types: 9
  Grand Total: 3841

[37/90] Processing: ODV_dust2_1_768_1152.dat
  False Negatives: 94
  False Positives: 3715
  False Types: 5
  Grand Total: 3814

[38/90] Processing: ODV_dust3_1_768_1152.dat
  False Negatives: 89
  False Positives: 5886
  False Types: 2
  Grand Total: 5977

[39/90] Processing: ODV_dust4_1_768_1152.dat
  False Negatives: 94
  False Positives: 14546
  False Types: 5
  Grand Total: 14645

[40/90] Processing: ODV_ocar1_1_768_1152.dat
  False Negatives: 19
  False Positives: 33463
  False Types: 0
  Grand Total: 33482

[41/90] Processing: ODV_ocar2_1_768_1152.dat
  False Negatives: 2762
  False Positives: 8489
  False Types: 92
  Grand Total: 11343

[42/90] Processing: ODV_SSLTA_1_768_1152.dat
  False Negatives: 2
  False Positives: 299
  False Types: 0
  Grand Total: 301

[43/90] Processing: ODV_SSLTC_1_768_1152.dat
  False Negatives: 0
  False Positives: 443
  False Types: 0
  Grand Total: 443

[44/90] Processing: ODV_sulf_1_768_1152.dat
  False Negatives: 303
  False Positives: 466
  False Types: 0
  Grand Total: 769

[45/90] Processing: ODV_VOLC_MMR_1_768_1152.dat
  False Negatives: 0
  False Positives: 147915
  False Types: 0
  Grand Total: 147915

[46/90] Processing: PBLH_1_768_1152.dat
  False Negatives: 74
  False Positives: 51
  False Types: 0
  Grand Total: 125

[47/90] Processing: PCONVB_1_768_1152.dat
  False Negatives: 1507
  False Positives: 1911
  False Types: 23
  Grand Total: 3441

[48/90] Processing: PCONVT_1_768_1152.dat
  False Negatives: 487
  False Positives: 866
  False Types: 9
  Grand Total: 1362

[49/90] Processing: PHIS_1_768_1152.dat
  False Negatives: 76
  False Positives: 31079
  False Types: 4
  Grand Total: 31159

[50/90] Processing: PRECC_1_768_1152.dat
  False Negatives: 0
  False Positives: 0
  False Types: 0
  Grand Total: 0

[51/90] Processing: PRECCDZM_1_768_1152.dat
  False Negatives: 0
  False Positives: 0
  False Types: 0
  Grand Total: 0

[52/90] Processing: PRECL_1_768_1152.dat
  False Negatives: 0
  False Positives: 49127
  False Types: 0
  Grand Total: 49127

[53/90] Processing: PRECSC_1_768_1152.dat
  False Negatives: 0
  False Positives: 504992
  False Types: 0
  Grand Total: 504992

[54/90] Processing: PRECSH_1_768_1152.dat
  False Negatives: 0
  False Positives: 0
  False Types: 0
  Grand Total: 0

[55/90] Processing: PRECSL_1_768_1152.dat
  False Negatives: 0
  False Positives: 0
  False Types: 0
  Grand Total: 0

[56/90] Processing: PRECT_1_768_1152.dat
  False Negatives: 0
  False Positives: 156769
  False Types: 0
  Grand Total: 156769

[57/90] Processing: PS_1_768_1152.dat
  False Negatives: 729
  False Positives: 2584
  False Types: 92
  Grand Total: 3405

[58/90] Processing: PSL_1_768_1152.dat
  False Negatives: 191
  False Positives: 235
  False Types: 2
  Grand Total: 428

[59/90] Processing: QFLX_1_768_1152.dat
  False Negatives: 0
  False Positives: 84380
  False Types: 0
  Grand Total: 84380

[60/90] Processing: QREFHT_1_768_1152.dat
  False Negatives: 0
  False Positives: 25374
  False Types: 0
  Grand Total: 25374

[61/90] Processing: RHREFHT_1_768_1152.dat
  False Negatives: 1417
  False Positives: 2933
  False Types: 65
  Grand Total: 4415

[62/90] Processing: SFCLDICE_1_768_1152.dat
  False Negatives: 0
  False Positives: 504992
  False Types: 0
  Grand Total: 504992

[63/90] Processing: SFCLDLIQ_1_768_1152.dat
  False Negatives: 0
  False Positives: 504992
  False Types: 0
  Grand Total: 504992

[64/90] Processing: SHFLX_1_768_1152.dat
  False Negatives: 572
  False Positives: 32035
  False Types: 1
  Grand Total: 32608

[65/90] Processing: SNOWHICE_1_768_1152.dat
  False Negatives: 8
  False Positives: 375428
  False Types: 0
  Grand Total: 375436

[66/90] Processing: SNOWHLND_1_768_1152.dat
  False Negatives: 7946
  False Positives: 23265
  False Types: 380
  Grand Total: 31591

[67/90] Processing: SOLIN_1_768_1152.dat
  False Negatives: 14
  False Positives: 111
  False Types: 0
  Grand Total: 125

[68/90] Processing: SRFRAD_1_768_1152.dat
  False Negatives: 145
  False Positives: 129
  False Types: 0
  Grand Total: 274

[69/90] Processing: SWCF_1_768_1152.dat
  False Negatives: 1967
  False Positives: 2127
  False Types: 61
  Grand Total: 4155

[70/90] Processing: TAUX_1_768_1152.dat
  False Negatives: 286
  False Positives: 25505
  False Types: 4
  Grand Total: 25795

[71/90] Processing: TAUY_1_768_1152.dat
  False Negatives: 278
  False Positives: 27902
  False Types: 3
  Grand Total: 28183

[72/90] Processing: TGCLDIWP_1_768_1152.dat
  False Negatives: 21
  False Positives: 59
  False Types: 0
  Grand Total: 80

[73/90] Processing: TGCLDLWP_1_768_1152.dat
  False Negatives: 28
  False Positives: 35
  False Types: 0
  Grand Total: 63

[74/90] Processing: TH2d_1_768_1152.dat
  False Negatives: 0
  False Positives: 6460
  False Types: 0
  Grand Total: 6460

[75/90] Processing: TMQ_1_768_1152.dat
  False Negatives: 68
  False Positives: 76
  False Types: 0
  Grand Total: 144

[76/90] Processing: TREFHT_1_768_1152.dat
  False Negatives: 388
  False Positives: 23326
  False Types: 3
  Grand Total: 23717

[77/90] Processing: TREFMNAV_1_768_1152.dat
  False Negatives: 1397
  False Positives: 35135
  False Types: 8
  Grand Total: 36540

[78/90] Processing: TREFMXAV_1_768_1152.dat
  False Negatives: 1357
  False Positives: 34360
  False Types: 8
  Grand Total: 35725

[79/90] Processing: TROP_P_1_768_1152.dat
  False Negatives: 218
  False Positives: 528
  False Types: 11
  Grand Total: 757

[80/90] Processing: TROP_T_1_768_1152.dat
  False Negatives: 39
  False Positives: 77
  False Types: 2
  Grand Total: 118

[81/90] Processing: TROP_Z_1_768_1152.dat
  False Negatives: 405
  False Positives: 568
  False Types: 11
  Grand Total: 984

[82/90] Processing: TS_1_768_1152.dat
  False Negatives: 155
  False Positives: 20980
  False Types: 3
  Grand Total: 21138

[83/90] Processing: TSMN_1_768_1152.dat
  False Negatives: 186
  False Positives: 23767
  False Types: 1
  Grand Total: 23954

[84/90] Processing: TSMX_1_768_1152.dat
  False Negatives: 311
  False Positives: 25978
  False Types: 8
  Grand Total: 26297

[85/90] Processing: U2d_1_768_1152.dat
  False Negatives: 4
  False Positives: 44156
  False Types: 0
  Grand Total: 44160

[86/90] Processing: UV2d_1_768_1152.dat
  False Negatives: 99
  False Positives: 10230
  False Types: 16
  Grand Total: 10345

[87/90] Processing: UW2d_1_768_1152.dat
  False Negatives: 298
  False Positives: 30941
  False Types: 44
  Grand Total: 31283

[88/90] Processing: V2d_1_768_1152.dat
  False Negatives: 85
  False Positives: 36210
  False Types: 11
  Grand Total: 36306

[89/90] Processing: VTH2d_1_768_1152.dat
  False Negatives: 139
  False Positives: 10059
  False Types: 28
  Grand Total: 10226

[90/90] Processing: W2d_1_768_1152.dat
  False Negatives: 979
  False Positives: 33921
  False Types: 148
  Grand Total: 35048

=== Summary ===
Total files processed: 90
Total files failed: 0
Total false cases across all files: 3299654
Average false cases per file: 36662.82
