Input directory: /lcrc/project/ECP-EZ/tripti/SDRBENCH-CESM-ATM-cleared-1800x3600
Output directory: /lcrc/project/ECP-EZ/tripti/SDRBENCH-CESM-ATM-cleared-1800x3600/ZFP_1e-4
Dimensions: 1800x3600
Error bound: 1E-4

Found 60 .dat file(s) to process

[1/60] Processing: AEROD_v_1_1800_3600.dat
type=float nx=1800 ny=3600 nz=1 nw=1 raw=25920000 zfp=8255968 ratio=3.14 rate=10.19 rmse=4.74e-06 nrmse=8.293e-06 maxe=2.652e-05 psnr=95.60
compressionTime = 0.128102
decompressionTime = 0.120186
  ✓ Compression successful (ratio: 3.13x)

[2/60] Processing: CLDHGH_1_1800_3600.dat
type=float nx=1800 ny=3600 nz=1 nw=1 raw=25920000 zfp=11109520 ratio=2.33 rate=13.72 rmse=5.096e-06 nrmse=5.535e-06 maxe=2.614e-05 psnr=99.12
compressionTime = 0.162680
decompressionTime = 0.162361
  ✓ Compression successful (ratio: 2.33x)

[3/60] Processing: CLDLOW_1_1800_3600.dat
type=float nx=1800 ny=3600 nz=1 nw=1 raw=25920000 zfp=11410048 ratio=2.27 rate=14.09 rmse=5.093e-06 nrmse=5.215e-06 maxe=2.581e-05 psnr=99.63
compressionTime = 0.161889
decompressionTime = 0.161070
  ✓ Compression successful (ratio: 2.27x)

[4/60] Processing: CLDMED_1_1800_3600.dat
type=float nx=1800 ny=3600 nz=1 nw=1 raw=25920000 zfp=10883272 ratio=2.38 rate=13.44 rmse=5.1e-06 nrmse=6.142e-06 maxe=2.575e-05 psnr=98.21
compressionTime = 0.160205
decompressionTime = 0.159263
  ✓ Compression successful (ratio: 2.38x)

[5/60] Processing: CLDTOT_1_1800_3600.dat
type=float nx=1800 ny=3600 nz=1 nw=1 raw=25920000 zfp=11618904 ratio=2.23 rate=14.34 rmse=5.109e-06 nrmse=5.261e-06 maxe=2.646e-05 psnr=99.56
compressionTime = 0.167004
decompressionTime = 0.164127
  ✓ Compression successful (ratio: 2.23x)

[6/60] Processing: FLDS_1_1800_3600.dat
type=float nx=1800 ny=3600 nz=1 nw=1 raw=25920000 zfp=17701824 ratio=1.46 rate=21.85 rmse=3.69e-06 nrmse=1.133e-08 maxe=3.052e-05 psnr=152.89
compressionTime = 0.223958
decompressionTime = 0.231660
  ✓ Compression successful (ratio: 1.46x)

[7/60] Processing: FLDSC_1_1800_3600.dat
type=float nx=1800 ny=3600 nz=1 nw=1 raw=25920000 zfp=17315928 ratio=1.5 rate=21.38 rmse=4.245e-06 nrmse=1.305e-08 maxe=3.052e-05 psnr=151.67
compressionTime = 0.215195
decompressionTime = 0.221116
  ✓ Compression successful (ratio: 1.49x)

[8/60] Processing: FLNS_1_1800_3600.dat
type=float nx=1800 ny=3600 nz=1 nw=1 raw=25920000 zfp=16924576 ratio=1.53 rate=20.89 rmse=5.434e-06 nrmse=3.1e-08 maxe=3.052e-05 psnr=144.15
compressionTime = 0.210017
decompressionTime = 0.225313
  ✓ Compression successful (ratio: 1.53x)

[9/60] Processing: FLNSC_1_1800_3600.dat
type=float nx=1800 ny=3600 nz=1 nw=1 raw=25920000 zfp=16491760 ratio=1.57 rate=20.36 rmse=5.603e-06 nrmse=3.824e-08 maxe=3.052e-05 psnr=142.33
compressionTime = 0.208990
decompressionTime = 0.217929
  ✓ Compression successful (ratio: 1.57x)

[10/60] Processing: FLNT_1_1800_3600.dat
type=float nx=1800 ny=3600 nz=1 nw=1 raw=25920000 zfp=17022384 ratio=1.52 rate=21.02 rmse=5.041e-06 nrmse=2.799e-08 maxe=3.052e-05 psnr=145.04
compressionTime = 0.221752
decompressionTime = 0.220189
  ✓ Compression successful (ratio: 1.52x)

[11/60] Processing: FLNTC_1_1800_3600.dat
type=float nx=1800 ny=3600 nz=1 nw=1 raw=25920000 zfp=16589992 ratio=1.56 rate=20.48 rmse=4.331e-06 nrmse=2.47e-08 maxe=3.052e-05 psnr=146.13
compressionTime = 0.220484
decompressionTime = 0.217903
  ✓ Compression successful (ratio: 1.56x)

[12/60] Processing: FLUT_1_1800_3600.dat
type=float nx=1800 ny=3600 nz=1 nw=1 raw=25920000 zfp=17023016 ratio=1.52 rate=21.02 rmse=5.01e-06 nrmse=2.771e-08 maxe=3.052e-05 psnr=145.13
compressionTime = 0.222692
decompressionTime = 0.228085
  ✓ Compression successful (ratio: 1.52x)

[13/60] Processing: FLUTC_1_1800_3600.dat
type=float nx=1800 ny=3600 nz=1 nw=1 raw=25920000 zfp=16590064 ratio=1.56 rate=20.48 rmse=4.305e-06 nrmse=2.446e-08 maxe=3.052e-05 psnr=146.21
compressionTime = 0.263295
decompressionTime = 0.248924
  ✓ Compression successful (ratio: 1.56x)

[14/60] Processing: FREQSH_1_1800_3600.dat
type=float nx=1800 ny=3600 nz=1 nw=1 raw=25920000 zfp=11831280 ratio=2.19 rate=14.61 rmse=5.105e-06 nrmse=5.134e-06 maxe=2.605e-05 psnr=99.77
compressionTime = 0.167027
decompressionTime = 0.168645
  ✓ Compression successful (ratio: 2.19x)

[15/60] Processing: FREQZM_1_1800_3600.dat
type=float nx=1800 ny=3600 nz=1 nw=1 raw=25920000 zfp=8621904 ratio=3.01 rate=10.64 rmse=4.552e-06 nrmse=4.799e-06 maxe=2.551e-05 psnr=100.36
compressionTime = 0.123524
decompressionTime = 0.126016
  ✓ Compression successful (ratio: 3.00x)

[16/60] Processing: FSDS_1_1800_3600.dat
type=float nx=1800 ny=3600 nz=1 nw=1 raw=25920000 zfp=15517840 ratio=1.67 rate=19.16 rmse=4.225e-06 nrmse=9.223e-09 maxe=3.052e-05 psnr=154.68
compressionTime = 0.194072
decompressionTime = 0.205734
  ✓ Compression successful (ratio: 1.67x)

[17/60] Processing: FSDSC_1_1800_3600.dat
type=float nx=1800 ny=3600 nz=1 nw=1 raw=25920000 zfp=13980992 ratio=1.85 rate=17.26 rmse=3.558e-06 nrmse=7.437e-09 maxe=3.052e-05 psnr=156.55
compressionTime = 0.189687
decompressionTime = 0.183431
  ✓ Compression successful (ratio: 1.85x)

[18/60] Processing: FSDTOA_1_1800_3600.dat
type=float nx=1800 ny=3600 nz=1 nw=1 raw=25920000 zfp=10412296 ratio=2.49 rate=12.85 rmse=2.99e-06 nrmse=5.451e-09 maxe=3.052e-05 psnr=159.25
compressionTime = 0.183366
decompressionTime = 0.144883
  ✓ Compression successful (ratio: 2.48x)

[19/60] Processing: FSNS_1_1800_3600.dat
type=float nx=1800 ny=3600 nz=1 nw=1 raw=25920000 zfp=15347640 ratio=1.69 rate=18.95 rmse=4.707e-06 nrmse=1.259e-08 maxe=3.052e-05 psnr=151.98
compressionTime = 0.197147
decompressionTime = 0.214560
  ✓ Compression successful (ratio: 1.68x)

[20/60] Processing: FSNSC_1_1800_3600.dat
type=float nx=1800 ny=3600 nz=1 nw=1 raw=25920000 zfp=14505816 ratio=1.79 rate=17.91 rmse=4.124e-06 nrmse=1.088e-08 maxe=3.052e-05 psnr=153.25
compressionTime = 0.186876
decompressionTime = 0.189746
  ✓ Compression successful (ratio: 1.78x)

[21/60] Processing: FSNT_1_1800_3600.dat
type=float nx=1800 ny=3600 nz=1 nw=1 raw=25920000 zfp=15316928 ratio=1.69 rate=18.91 rmse=4.017e-06 nrmse=8.759e-09 maxe=3.052e-05 psnr=155.13
compressionTime = 0.189665
decompressionTime = 0.200537
  ✓ Compression successful (ratio: 1.69x)

[22/60] Processing: FSNTC_1_1800_3600.dat
type=float nx=1800 ny=3600 nz=1 nw=1 raw=25920000 zfp=14152528 ratio=1.83 rate=17.47 rmse=3.76e-06 nrmse=8.082e-09 maxe=3.052e-05 psnr=155.83
compressionTime = 0.190388
decompressionTime = 0.188140
  ✓ Compression successful (ratio: 1.83x)

[23/60] Processing: FSNTOA_1_1800_3600.dat
type=float nx=1800 ny=3600 nz=1 nw=1 raw=25920000 zfp=15320136 ratio=1.69 rate=18.91 rmse=3.987e-06 nrmse=8.615e-09 maxe=3.052e-05 psnr=155.27
compressionTime = 0.198670
decompressionTime = 0.205469
  ✓ Compression successful (ratio: 1.69x)

[24/60] Processing: FSNTOAC_1_1800_3600.dat
type=float nx=1800 ny=3600 nz=1 nw=1 raw=25920000 zfp=14155336 ratio=1.83 rate=17.48 rmse=3.75e-06 nrmse=7.987e-09 maxe=3.052e-05 psnr=155.93
compressionTime = 0.192459
decompressionTime = 0.189774
  ✓ Compression successful (ratio: 1.83x)

[25/60] Processing: FSUTOA_1_1800_3600.dat
type=float nx=1800 ny=3600 nz=1 nw=1 raw=25920000 zfp=15248184 ratio=1.7 rate=18.82 rmse=4.88e-06 nrmse=1.24e-08 maxe=3.052e-05 psnr=152.11
compressionTime = 0.189548
decompressionTime = 0.202458
  ✓ Compression successful (ratio: 1.69x)

[26/60] Processing: ICEFRAC_1_1800_3600.dat
type=float nx=1800 ny=3600 nz=1 nw=1 raw=25920000 zfp=2914480 ratio=8.89 rate=3.598 rmse=2.477e-06 nrmse=2.477e-06 maxe=2.527e-05 psnr=106.10
compressionTime = 0.051053
decompressionTime = 0.055777
  ✓ Compression successful (ratio: 8.89x)

[27/60] Processing: LANDFRAC_1_1800_3600.dat
type=float nx=1800 ny=3600 nz=1 nw=1 raw=25920000 zfp=4838248 ratio=5.36 rate=5.973 rmse=1.929e-06 nrmse=1.929e-06 maxe=2.591e-05 psnr=108.27
compressionTime = 0.087369
decompressionTime = 0.055735
  ✓ Compression successful (ratio: 5.35x)

[28/60] Processing: LHFLX_1_1800_3600.dat
type=float nx=1800 ny=3600 nz=1 nw=1 raw=25920000 zfp=16982496 ratio=1.53 rate=20.97 rmse=5.374e-06 nrmse=9.794e-09 maxe=3.052e-05 psnr=154.16
compressionTime = 0.205404
decompressionTime = 0.224581
  ✓ Compression successful (ratio: 1.52x)

[29/60] Processing: LWCF_1_1800_3600.dat
type=float nx=1800 ny=3600 nz=1 nw=1 raw=25920000 zfp=16223744 ratio=1.6 rate=20.03 rmse=5.21e-06 nrmse=4.614e-08 maxe=2.575e-05 psnr=140.70
compressionTime = 0.202303
decompressionTime = 0.214352
  ✓ Compression successful (ratio: 1.59x)

[30/60] Processing: OCNFRAC_1_1800_3600.dat
type=float nx=1800 ny=3600 nz=1 nw=1 raw=25920000 zfp=6380192 ratio=4.06 rate=7.877 rmse=2.813e-06 nrmse=2.813e-06 maxe=2.83e-05 psnr=105.00
compressionTime = 0.124238
decompressionTime = 0.078707
  ✓ Compression successful (ratio: 4.06x)

[31/60] Processing: ODV_bcar1_1_1800_3600.dat
type=float nx=1800 ny=3600 nz=1 nw=1 raw=25920000 zfp=2453144 ratio=10.6 rate=3.029 rmse=2.503e-06 nrmse=0.0001736 maxe=2.168e-05 psnr=69.19
compressionTime = 0.058546
decompressionTime = 0.047778
  ✓ Compression successful (ratio: 10.56x)

[32/60] Processing: ODV_bcar2_1_1800_3600.dat
type=float nx=1800 ny=3600 nz=1 nw=1 raw=25920000 zfp=3572608 ratio=7.26 rate=4.411 rmse=2.804e-06 nrmse=0.0001478 maxe=2.033e-05 psnr=70.58
compressionTime = 0.079008
decompressionTime = 0.060793
  ✓ Compression successful (ratio: 7.25x)

[33/60] Processing: ODV_dust1_1_1800_3600.dat
type=float nx=1800 ny=3600 nz=1 nw=1 raw=25920000 zfp=5376720 ratio=4.82 rate=6.638 rmse=3.401e-06 nrmse=1.842e-05 maxe=2.665e-05 psnr=88.67
compressionTime = 0.096915
decompressionTime = 0.082041
  ✓ Compression successful (ratio: 4.82x)

[34/60] Processing: ODV_dust2_1_1800_3600.dat
type=float nx=1800 ny=3600 nz=1 nw=1 raw=25920000 zfp=5264880 ratio=4.92 rate=6.5 rmse=3.372e-06 nrmse=1.933e-05 maxe=2.413e-05 psnr=88.25
compressionTime = 0.092762
decompressionTime = 0.080332
  ✓ Compression successful (ratio: 4.92x)

[35/60] Processing: ODV_dust3_1_1800_3600.dat
type=float nx=1800 ny=3600 nz=1 nw=1 raw=25920000 zfp=4409256 ratio=5.88 rate=5.444 rmse=3.135e-06 nrmse=3.263e-05 maxe=2.252e-05 psnr=83.71
compressionTime = 0.083902
decompressionTime = 0.071718
  ✓ Compression successful (ratio: 5.87x)

[36/60] Processing: ODV_dust4_1_1800_3600.dat
type=float nx=1800 ny=3600 nz=1 nw=1 raw=25920000 zfp=3791784 ratio=6.84 rate=4.681 rmse=2.979e-06 nrmse=2.824e-05 maxe=2.408e-05 psnr=84.96
compressionTime = 0.078437
decompressionTime = 0.066632
  ✓ Compression successful (ratio: 6.83x)

[37/60] Processing: ODV_ocar1_1_1800_3600.dat
type=float nx=1800 ny=3600 nz=1 nw=1 raw=25920000 zfp=2550376 ratio=10.2 rate=3.149 rmse=2.56e-06 nrmse=0.0001297 maxe=2.243e-05 psnr=71.72
compressionTime = 0.060623
decompressionTime = 0.053493
  ✓ Compression successful (ratio: 10.16x)

[38/60] Processing: ODV_ocar2_1_1800_3600.dat
type=float nx=1800 ny=3600 nz=1 nw=1 raw=25920000 zfp=4200224 ratio=6.17 rate=5.185 rmse=3.347e-06 nrmse=4.959e-05 maxe=2.373e-05 psnr=80.07
compressionTime = 0.083311
decompressionTime = 0.067449
  ✓ Compression successful (ratio: 6.17x)

[39/60] Processing: ODV_SSLTA_1_1800_3600.dat
type=float nx=1800 ny=3600 nz=1 nw=1 raw=25920000 zfp=6961504 ratio=3.72 rate=8.594 rmse=4.525e-06 nrmse=5.766e-05 maxe=2.565e-05 psnr=78.76
compressionTime = 0.115857
decompressionTime = 0.104826
  ✓ Compression successful (ratio: 3.72x)

[40/60] Processing: ODV_SSLTC_1_1800_3600.dat
type=float nx=1800 ny=3600 nz=1 nw=1 raw=25920000 zfp=6534080 ratio=3.97 rate=8.067 rmse=4.447e-06 nrmse=8.574e-05 maxe=2.45e-05 psnr=75.32
compressionTime = 0.112204
decompressionTime = 0.100539
  ✓ Compression successful (ratio: 3.96x)

[41/60] Processing: ODV_sulf_1_1800_3600.dat
type=float nx=1800 ny=3600 nz=1 nw=1 raw=25920000 zfp=7278496 ratio=3.56 rate=8.986 rmse=4.654e-06 nrmse=2.43e-05 maxe=2.654e-05 psnr=86.27
compressionTime = 0.118389
decompressionTime = 0.109418
  ✓ Compression successful (ratio: 3.56x)

[42/60] Processing: QREFHT_1_1800_3600.dat
type=float nx=1800 ny=3600 nz=1 nw=1 raw=25920000 zfp=5982664 ratio=4.33 rate=7.386 rmse=3.791e-06 nrmse=0.0001938 maxe=2.517e-05 psnr=68.23
compressionTime = 0.109748
decompressionTime = 0.090588
  ✓ Compression successful (ratio: 4.33x)

[43/60] Processing: RHREFHT_1_1800_3600.dat
type=float nx=1800 ny=3600 nz=1 nw=1 raw=25920000 zfp=15907208 ratio=1.63 rate=19.64 rmse=5.648e-06 nrmse=5.905e-08 maxe=3.052e-05 psnr=138.55
compressionTime = 0.210084
decompressionTime = 0.209386
  ✓ Compression successful (ratio: 1.62x)

[44/60] Processing: SHFLX_1_1800_3600.dat
type=float nx=1800 ny=3600 nz=1 nw=1 raw=25920000 zfp=16524600 ratio=1.57 rate=20.4 rmse=5.238e-06 nrmse=1.294e-08 maxe=3.052e-05 psnr=151.74
compressionTime = 0.194612
decompressionTime = 0.213687
  ✓ Compression successful (ratio: 1.56x)

[45/60] Processing: SNOWHICE_1_1800_3600.dat
type=float nx=1800 ny=3600 nz=1 nw=1 raw=25920000 zfp=2897888 ratio=8.94 rate=3.578 rmse=2.511e-06 nrmse=3.8e-06 maxe=2.487e-05 psnr=102.38
compressionTime = 0.046124
decompressionTime = 0.048450
  ✓ Compression successful (ratio: 8.94x)

[46/60] Processing: SOLIN_1_1800_3600.dat
type=float nx=1800 ny=3600 nz=1 nw=1 raw=25920000 zfp=10412296 ratio=2.49 rate=12.85 rmse=2.99e-06 nrmse=5.451e-09 maxe=3.052e-05 psnr=159.25
compressionTime = 0.185450
decompressionTime = 0.147251
  ✓ Compression successful (ratio: 2.48x)

[47/60] Processing: SRFRAD_1_1800_3600.dat
type=float nx=1800 ny=3600 nz=1 nw=1 raw=25920000 zfp=18143128 ratio=1.43 rate=22.4 rmse=3.064e-06 nrmse=5.1e-09 maxe=3.052e-05 psnr=159.83
compressionTime = 0.226262
decompressionTime = 0.241567
  ✓ Compression successful (ratio: 1.42x)

[48/60] Processing: SWCF_1_1800_3600.dat
type=float nx=1800 ny=3600 nz=1 nw=1 raw=25920000 zfp=14917360 ratio=1.74 rate=18.42 rmse=5.046e-06 nrmse=2.513e-08 maxe=3.052e-05 psnr=145.97
compressionTime = 0.179742
decompressionTime = 0.194786
  ✓ Compression successful (ratio: 1.73x)

[49/60] Processing: TAUX_1_1800_3600.dat
type=float nx=1800 ny=3600 nz=1 nw=1 raw=25920000 zfp=10269320 ratio=2.52 rate=12.68 rmse=5.002e-06 nrmse=1.881e-06 maxe=2.57e-05 psnr=108.49
compressionTime = 0.148755
decompressionTime = 0.144878
  ✓ Compression successful (ratio: 2.52x)

[50/60] Processing: TAUY_1_1800_3600.dat
type=float nx=1800 ny=3600 nz=1 nw=1 raw=25920000 zfp=9951328 ratio=2.6 rate=12.29 rmse=4.986e-06 nrmse=2.047e-06 maxe=2.699e-05 psnr=107.76
compressionTime = 0.143475
decompressionTime = 0.151061
  ✓ Compression successful (ratio: 2.60x)

[51/60] Processing: TGCLDIWP_1_1800_3600.dat
type=float nx=1800 ny=3600 nz=1 nw=1 raw=25920000 zfp=16518752 ratio=1.57 rate=20.39 rmse=5.225e-06 nrmse=4.814e-08 maxe=2.67e-05 psnr=140.33
compressionTime = 0.203195
decompressionTime = 0.218784
  ✓ Compression successful (ratio: 1.56x)

[52/60] Processing: TGCLDLWP_1_1800_3600.dat
type=float nx=1800 ny=3600 nz=1 nw=1 raw=25920000 zfp=18543640 ratio=1.4 rate=22.89 rmse=5.358e-06 nrmse=7.729e-09 maxe=3.052e-05 psnr=156.22
compressionTime = 0.213874
decompressionTime = 0.236099
  ✓ Compression successful (ratio: 1.39x)

[53/60] Processing: TMQ_1_1800_3600.dat
type=float nx=1800 ny=3600 nz=1 nw=1 raw=25920000 zfp=14842088 ratio=1.75 rate=18.32 rmse=5.13e-06 nrmse=9.347e-08 maxe=2.766e-05 psnr=134.57
compressionTime = 0.201599
decompressionTime = 0.205681
  ✓ Compression successful (ratio: 1.74x)

[54/60] Processing: TREFHT_1_1800_3600.dat
type=float nx=1800 ny=3600 nz=1 nw=1 raw=25920000 zfp=15683760 ratio=1.65 rate=19.36 rmse=3.261e-06 nrmse=4.388e-08 maxe=3.052e-05 psnr=141.13
compressionTime = 0.249581
decompressionTime = 0.225166
  ✓ Compression successful (ratio: 1.65x)

[55/60] Processing: TREFMNAV_1_1800_3600.dat
type=float nx=1800 ny=3600 nz=1 nw=1 raw=25920000 zfp=15873568 ratio=1.63 rate=19.6 rmse=3.342e-06 nrmse=4.522e-08 maxe=3.052e-05 psnr=140.87
compressionTime = 0.217015
decompressionTime = 0.208477
  ✓ Compression successful (ratio: 1.63x)

[56/60] Processing: TREFMXAV_1_1800_3600.dat
type=float nx=1800 ny=3600 nz=1 nw=1 raw=25920000 zfp=15639184 ratio=1.66 rate=19.31 rmse=3.126e-06 nrmse=3.884e-08 maxe=3.052e-05 psnr=142.19
compressionTime = 0.219860
decompressionTime = 0.204271
  ✓ Compression successful (ratio: 1.65x)

[57/60] Processing: TROP_T_1_1800_3600.dat
type=float nx=1800 ny=3600 nz=1 nw=1 raw=25920000 zfp=14732936 ratio=1.76 rate=18.19 rmse=5.588e-06 nrmse=1.717e-07 maxe=3.052e-05 psnr=129.29
compressionTime = 0.208830
decompressionTime = 0.194426
  ✓ Compression successful (ratio: 1.75x)

[58/60] Processing: TS_1_1800_3600.dat
type=float nx=1800 ny=3600 nz=1 nw=1 raw=25920000 zfp=15783984 ratio=1.64 rate=19.49 rmse=3.281e-06 nrmse=4.075e-08 maxe=3.052e-05 psnr=141.78
compressionTime = 0.217783
decompressionTime = 0.207477
  ✓ Compression successful (ratio: 1.64x)

[59/60] Processing: TSMN_1_1800_3600.dat
type=float nx=1800 ny=3600 nz=1 nw=1 raw=25920000 zfp=16099096 ratio=1.61 rate=19.88 rmse=3.593e-06 nrmse=3.892e-08 maxe=3.052e-05 psnr=142.18
compressionTime = 0.215713
decompressionTime = 0.210621
  ✓ Compression successful (ratio: 1.61x)

[60/60] Processing: TSMX_1_1800_3600.dat
type=float nx=1800 ny=3600 nz=1 nw=1 raw=25920000 zfp=15775416 ratio=1.64 rate=19.48 rmse=2.702e-06 nrmse=2.844e-08 maxe=3.052e-05 psnr=144.90
compressionTime = 0.221079
decompressionTime = 0.228490
  ✓ Compression successful (ratio: 1.64x)

=== Summary ===
Total files processed: 60
Total files skipped: 0
Total files failed: 0

