Found 60 .dat file(s) to process

[1/60] Processing: AEROD_v_1_1800_3600.dat
  False Negatives: 6793
  False Positives: 16998
  False Types: 302
  Grand Total: 24093

[2/60] Processing: CLDHGH_1_1800_3600.dat
  False Negatives: 2555
  False Positives: 4672
  False Types: 87
  Grand Total: 7314

[3/60] Processing: CLDLOW_1_1800_3600.dat
  False Negatives: 1792
  False Positives: 98777
  False Types: 75
  Grand Total: 100644

[4/60] Processing: CLDMED_1_1800_3600.dat
  False Negatives: 3726
  False Positives: 59793
  False Types: 186
  Grand Total: 63705

[5/60] Processing: CLDTOT_1_1800_3600.dat
  False Negatives: 1641
  False Positives: 3070
  False Types: 43
  Grand Total: 4754

[6/60] Processing: FLDS_1_1800_3600.dat
  False Negatives: 7
  False Positives: 11
  False Types: 0
  Grand Total: 18

[7/60] Processing: FLDSC_1_1800_3600.dat
  False Negatives: 2
  False Positives: 36
  False Types: 0
  Grand Total: 38

[8/60] Processing: FLNS_1_1800_3600.dat
  False Negatives: 30
  False Positives: 27
  False Types: 0
  Grand Total: 57

[9/60] Processing: FLNSC_1_1800_3600.dat
  False Negatives: 19
  False Positives: 28
  False Types: 0
  Grand Total: 47

[10/60] Processing: FLNT_1_1800_3600.dat
  False Negatives: 23
  False Positives: 25
  False Types: 0
  Grand Total: 48

[11/60] Processing: FLNTC_1_1800_3600.dat
  False Negatives: 7
  False Positives: 17
  False Types: 0
  Grand Total: 24

[12/60] Processing: FLUT_1_1800_3600.dat
  False Negatives: 14
  False Positives: 25
  False Types: 0
  Grand Total: 39

[13/60] Processing: FLUTC_1_1800_3600.dat
  False Negatives: 6
  False Positives: 8
  False Types: 0
  Grand Total: 14

[14/60] Processing: FREQSH_1_1800_3600.dat
  False Negatives: 1291
  False Positives: 7044
  False Types: 44
  Grand Total: 8379

[15/60] Processing: FREQZM_1_1800_3600.dat
  False Negatives: 1756
  False Positives: 264414
  False Types: 61
  Grand Total: 266231

[16/60] Processing: FSDS_1_1800_3600.dat
  False Negatives: 0
  False Positives: 801
  False Types: 0
  Grand Total: 801

[17/60] Processing: FSDSC_1_1800_3600.dat
  False Negatives: 2
  False Positives: 908
  False Types: 0
  Grand Total: 910

[18/60] Processing: FSDTOA_1_1800_3600.dat
  False Negatives: 0
  False Positives: 1143
  False Types: 0
  Grand Total: 1143

[19/60] Processing: FSNS_1_1800_3600.dat
  False Negatives: 6
  False Positives: 514
  False Types: 0
  Grand Total: 520

[20/60] Processing: FSNSC_1_1800_3600.dat
  False Negatives: 3
  False Positives: 604
  False Types: 0
  Grand Total: 607

[21/60] Processing: FSNT_1_1800_3600.dat
  False Negatives: 2
  False Positives: 973
  False Types: 0
  Grand Total: 975

[22/60] Processing: FSNTC_1_1800_3600.dat
  False Negatives: 3
  False Positives: 972
  False Types: 0
  Grand Total: 975

[23/60] Processing: FSNTOA_1_1800_3600.dat
  False Negatives: 4
  False Positives: 1044
  False Types: 0
  Grand Total: 1048

[24/60] Processing: FSNTOAC_1_1800_3600.dat
  False Negatives: 1
  False Positives: 1072
  False Types: 0
  Grand Total: 1073

[25/60] Processing: FSUTOA_1_1800_3600.dat
  False Negatives: 1
  False Positives: 1073
  False Types: 0
  Grand Total: 1074

[26/60] Processing: ICEFRAC_1_1800_3600.dat
  False Negatives: 893
  False Positives: 187371
  False Types: 84
  Grand Total: 188348

[27/60] Processing: LANDFRAC_1_1800_3600.dat
  False Negatives: 46
  False Positives: 208875
  False Types: 1
  Grand Total: 208922

[28/60] Processing: LHFLX_1_1800_3600.dat
  False Negatives: 69
  False Positives: 111
  False Types: 3
  Grand Total: 183

[29/60] Processing: LWCF_1_1800_3600.dat
  False Negatives: 51
  False Positives: 59
  False Types: 1
  Grand Total: 111

[30/60] Processing: OCNFRAC_1_1800_3600.dat
  False Negatives: 977
  False Positives: 301759
  False Types: 83
  Grand Total: 302819

[31/60] Processing: ODV_bcar1_1_1800_3600.dat
  False Negatives: 2703
  False Positives: 178499
  False Types: 96
  Grand Total: 181298

[32/60] Processing: ODV_bcar2_1_1800_3600.dat
  False Negatives: 2663
  False Positives: 223231
  False Types: 126
  Grand Total: 226020

[33/60] Processing: ODV_dust1_1_1800_3600.dat
  False Negatives: 1493
  False Positives: 199353
  False Types: 136
  Grand Total: 200982

[34/60] Processing: ODV_dust2_1_1800_3600.dat
  False Negatives: 1522
  False Positives: 227646
  False Types: 156
  Grand Total: 229324

[35/60] Processing: ODV_dust3_1_1800_3600.dat
  False Negatives: 1811
  False Positives: 316307
  False Types: 111
  Grand Total: 318229

[36/60] Processing: ODV_dust4_1_1800_3600.dat
  False Negatives: 1548
  False Positives: 301964
  False Types: 57
  Grand Total: 303569

[37/60] Processing: ODV_ocar1_1_1800_3600.dat
  False Negatives: 3002
  False Positives: 178566
  False Types: 134
  Grand Total: 181702

[38/60] Processing: ODV_ocar2_1_1800_3600.dat
  False Negatives: 51959
  False Positives: 296617
  False Types: 3148
  Grand Total: 351724

[39/60] Processing: ODV_SSLTA_1_1800_3600.dat
  False Negatives: 15600
  False Positives: 89758
  False Types: 1195
  Grand Total: 106553

[40/60] Processing: ODV_SSLTC_1_1800_3600.dat
  False Negatives: 21180
  False Positives: 117444
  False Types: 1661
  Grand Total: 140285

[41/60] Processing: ODV_sulf_1_1800_3600.dat
  False Negatives: 18529
  False Positives: 43778
  False Types: 1206
  Grand Total: 63513

[42/60] Processing: QREFHT_1_1800_3600.dat
  False Negatives: 8116
  False Positives: 118381
  False Types: 574
  Grand Total: 127071

[43/60] Processing: RHREFHT_1_1800_3600.dat
  False Negatives: 48
  False Positives: 65
  False Types: 0
  Grand Total: 113

[44/60] Processing: SHFLX_1_1800_3600.dat
  False Negatives: 32
  False Positives: 29
  False Types: 2
  Grand Total: 63

[45/60] Processing: SNOWHICE_1_1800_3600.dat
  False Negatives: 855
  False Positives: 198592
  False Types: 54
  Grand Total: 199501

[46/60] Processing: SOLIN_1_1800_3600.dat
  False Negatives: 0
  False Positives: 1143
  False Types: 0
  Grand Total: 1143

[47/60] Processing: SRFRAD_1_1800_3600.dat
  False Negatives: 8
  False Positives: 9
  False Types: 0
  Grand Total: 17

[48/60] Processing: SWCF_1_1800_3600.dat
  False Negatives: 206
  False Positives: 975
  False Types: 15
  Grand Total: 1196

[49/60] Processing: TAUX_1_1800_3600.dat
  False Negatives: 1259
  False Positives: 2231
  False Types: 72
  Grand Total: 3562

[50/60] Processing: TAUY_1_1800_3600.dat
  False Negatives: 2068
  False Positives: 3661
  False Types: 120
  Grand Total: 5849

[51/60] Processing: TGCLDIWP_1_1800_3600.dat
  False Negatives: 42
  False Positives: 88
  False Types: 1
  Grand Total: 131

[52/60] Processing: TGCLDLWP_1_1800_3600.dat
  False Negatives: 6
  False Positives: 3
  False Types: 0
  Grand Total: 9

[53/60] Processing: TMQ_1_1800_3600.dat
  False Negatives: 43
  False Positives: 167
  False Types: 1
  Grand Total: 211

[54/60] Processing: TREFHT_1_1800_3600.dat
  False Negatives: 6
  False Positives: 24
  False Types: 0
  Grand Total: 30

[55/60] Processing: TREFMNAV_1_1800_3600.dat
  False Negatives: 11
  False Positives: 23
  False Types: 0
  Grand Total: 34

[56/60] Processing: TREFMXAV_1_1800_3600.dat
  False Negatives: 2
  False Positives: 36
  False Types: 0
  Grand Total: 38

[57/60] Processing: TROP_T_1_1800_3600.dat
  False Negatives: 31
  False Positives: 39
  False Types: 0
  Grand Total: 70

[58/60] Processing: TS_1_1800_3600.dat
  False Negatives: 9
  False Positives: 25
  False Types: 0
  Grand Total: 34

[59/60] Processing: TSMN_1_1800_3600.dat
  False Negatives: 8
  False Positives: 26
  False Types: 0
  Grand Total: 34

[60/60] Processing: TSMX_1_1800_3600.dat
  False Negatives: 6
  False Positives: 15
  False Types: 0
  Grand Total: 21

=== Summary ===
Total files processed: 60
Total files failed: 0
Total false cases across all files: 3827240
Average false cases per file: 63787.33
