Auto-detected decompressed suffix: .tthresh.out

Found 176 .dat file(s) to process

[1/176] Processing: ACTUAL_IMMOB_1_192_288.dat
  False Negatives: 613
  False Positives: 24057
  False Types: 206
  Grand Total: 24876

[2/176] Processing: AGNPP_1_192_288.dat
  False Negatives: 1082
  False Positives: 23933
  False Types: 327
  Grand Total: 25342

[3/176] Processing: ANN_FAREA_BURNED_1_192_288.dat
  False Negatives: 1759
  False Positives: 26337
  False Types: 508
  Grand Total: 28604

[4/176] Processing: AR_1_192_288.dat
  False Negatives: 2009
  False Positives: 23751
  False Types: 620
  Grand Total: 26380

[5/176] Processing: area_192_288.dat
  False Negatives: 4
  False Positives: 23718
  False Types: 0
  Grand Total: 23722

[6/176] Processing: areaatm_192_288.dat
  False Negatives: 0
  False Positives: 16767
  False Types: 0
  Grand Total: 16767

[7/176] Processing: areaupsc_192_288.dat
  False Negatives: 4
  False Positives: 23718
  False Types: 0
  Grand Total: 23722

[8/176] Processing: BCDEP_1_192_288.dat
  False Negatives: 0
  False Positives: 24212
  False Types: 0
  Grand Total: 24212

[9/176] Processing: BGNPP_1_192_288.dat
  False Negatives: 1146
  False Positives: 23943
  False Types: 356
  Grand Total: 25445

[10/176] Processing: BTRAN_1_192_288.dat
  False Negatives: 1476
  False Positives: 22028
  False Types: 329
  Grand Total: 23833

[11/176] Processing: BUILDHEAT_1_192_288.dat
  False Negatives: 1153
  False Positives: 25928
  False Types: 329
  Grand Total: 27410

[12/176] Processing: COL_CTRUNC_1_192_288.dat
  False Negatives: 644
  False Positives: 23902
  False Types: 198
  Grand Total: 24744

[13/176] Processing: COL_FIRE_CLOSS_1_192_288.dat
  False Negatives: 364
  False Positives: 24116
  False Types: 119
  Grand Total: 24599

[14/176] Processing: COL_FIRE_NLOSS_1_192_288.dat
  False Negatives: 32
  False Positives: 24208
  False Types: 10
  Grand Total: 24250

[15/176] Processing: COL_NTRUNC_1_192_288.dat
  False Negatives: 307
  False Positives: 23939
  False Types: 88
  Grand Total: 24334

[16/176] Processing: CPOOL_1_192_288.dat
  False Negatives: 0
  False Positives: 24212
  False Types: 0
  Grand Total: 24212

[17/176] Processing: CWDC_1_192_288.dat
  False Negatives: 588
  False Positives: 19811
  False Types: 52
  Grand Total: 20451

[18/176] Processing: CWDC_HR_1_192_288.dat
  False Negatives: 0
  False Positives: 24212
  False Types: 0
  Grand Total: 24212

[19/176] Processing: CWDC_LOSS_1_192_288.dat
  False Negatives: 1083
  False Positives: 23927
  False Types: 317
  Grand Total: 25327

[20/176] Processing: CWDN_1_192_288.dat
  False Negatives: 1273
  False Positives: 21364
  False Types: 220
  Grand Total: 22857

[21/176] Processing: DEADCROOTC_1_192_288.dat
  False Negatives: 499
  False Positives: 19794
  False Types: 33
  Grand Total: 20326

[22/176] Processing: DEADCROOTN_1_192_288.dat
  False Negatives: 1210
  False Positives: 21172
  False Types: 231
  Grand Total: 22613

[23/176] Processing: DEADSTEMC_1_192_288.dat
  False Negatives: 506
  False Positives: 19590
  False Types: 31
  Grand Total: 20127

[24/176] Processing: DEADSTEMN_1_192_288.dat
  False Negatives: 806
  False Positives: 20352
  False Types: 99
  Grand Total: 21257

[25/176] Processing: DENIT_1_192_288.dat
  False Negatives: 136
  False Positives: 24173
  False Types: 57
  Grand Total: 24366

[26/176] Processing: DISPVEGC_1_192_288.dat
  False Negatives: 1173
  False Positives: 20580
  False Types: 175
  Grand Total: 21928

[27/176] Processing: DISPVEGN_1_192_288.dat
  False Negatives: 788
  False Positives: 19765
  False Types: 76
  Grand Total: 20629

[28/176] Processing: DSTDEP_1_192_288.dat
  False Negatives: 0
  False Positives: 24212
  False Types: 0
  Grand Total: 24212

[29/176] Processing: DSTFLXT_1_192_288.dat
  False Negatives: 62
  False Positives: 24207
  False Types: 14
  Grand Total: 24283

[30/176] Processing: DWT_CLOSS_1_192_288.dat
  False Negatives: 0
  False Positives: 24212
  False Types: 0
  Grand Total: 24212

[31/176] Processing: DWT_CONV_CFLUX_1_192_288.dat
  False Negatives: 0
  False Positives: 24212
  False Types: 0
  Grand Total: 24212

[32/176] Processing: DWT_CONV_NFLUX_1_192_288.dat
  False Negatives: 0
  False Positives: 24212
  False Types: 0
  Grand Total: 24212

[33/176] Processing: DWT_NLOSS_1_192_288.dat
  False Negatives: 0
  False Positives: 24212
  False Types: 0
  Grand Total: 24212

[34/176] Processing: DWT_PROD100C_GAIN_1_192_288.dat
  False Negatives: 0
  False Positives: 24212
  False Types: 0
  Grand Total: 24212

[35/176] Processing: DWT_PROD100N_GAIN_1_192_288.dat
  False Negatives: 0
  False Positives: 24212
  False Types: 0
  Grand Total: 24212

[36/176] Processing: DWT_PROD10C_GAIN_1_192_288.dat
  False Negatives: 0
  False Positives: 24212
  False Types: 0
  Grand Total: 24212

[37/176] Processing: DWT_PROD10N_GAIN_1_192_288.dat
  False Negatives: 0
  False Positives: 24212
  False Types: 0
  Grand Total: 24212

[38/176] Processing: DWT_SEEDC_TO_DEADSTEM_1_192_288.dat
  False Negatives: 0
  False Positives: 24212
  False Types: 0
  Grand Total: 24212

[39/176] Processing: DWT_SEEDC_TO_LEAF_1_192_288.dat
  False Negatives: 0
  False Positives: 24212
  False Types: 0
  Grand Total: 24212

[40/176] Processing: DWT_SEEDN_TO_DEADSTEM_1_192_288.dat
  False Negatives: 0
  False Positives: 24212
  False Types: 0
  Grand Total: 24212

[41/176] Processing: DWT_SEEDN_TO_LEAF_1_192_288.dat
  False Negatives: 0
  False Positives: 24212
  False Types: 0
  Grand Total: 24212

[42/176] Processing: EFLX_DYNBAL_1_192_288.dat
  False Negatives: 0
  False Positives: 24212
  False Types: 0
  Grand Total: 24212

[43/176] Processing: EFLX_LH_TOT_R_1_192_288.dat
  False Negatives: 736
  False Positives: 21929
  False Types: 68
  Grand Total: 22733

[44/176] Processing: EFLX_LH_TOT_U_1_192_288.dat
  False Negatives: 552
  False Positives: 28031
  False Types: 96
  Grand Total: 28679

[45/176] Processing: ELAI_1_192_288.dat
  False Negatives: 977
  False Positives: 20507
  False Types: 108
  Grand Total: 21592

[46/176] Processing: ER_1_192_288.dat
  False Negatives: 2047
  False Positives: 23739
  False Types: 658
  Grand Total: 26444

[47/176] Processing: ERRH2O_1_192_288.dat
  False Negatives: 0
  False Positives: 24212
  False Types: 0
  Grand Total: 24212

[48/176] Processing: ERRSEB_1_192_288.dat
  False Negatives: 0
  False Positives: 24212
  False Types: 0
  Grand Total: 24212

[49/176] Processing: ERRSOI_1_192_288.dat
  False Negatives: 0
  False Positives: 24212
  False Types: 0
  Grand Total: 24212

[50/176] Processing: ERRSOL_1_192_288.dat
  False Negatives: 0
  False Positives: 24212
  False Types: 0
  Grand Total: 24212

[51/176] Processing: ESAI_1_192_288.dat
  False Negatives: 1478
  False Positives: 21088
  False Types: 282
  Grand Total: 22848

[52/176] Processing: FCEV_1_192_288.dat
  False Negatives: 1312
  False Positives: 22887
  False Types: 263
  Grand Total: 24462

[53/176] Processing: FCOV_1_192_288.dat
  False Negatives: 3017
  False Positives: 26196
  False Types: 881
  Grand Total: 30094

[54/176] Processing: FCTR_1_192_288.dat
  False Negatives: 1079
  False Positives: 20934
  False Types: 236
  Grand Total: 22249

[55/176] Processing: FGEV_1_192_288.dat
  False Negatives: 3020
  False Positives: 23687
  False Types: 806
  Grand Total: 27513

[56/176] Processing: FGR_1_192_288.dat
  False Negatives: 2906
  False Positives: 22844
  False Types: 774
  Grand Total: 26524

[57/176] Processing: FGR12_1_192_288.dat
  False Negatives: 3320
  False Positives: 24450
  False Types: 1009
  Grand Total: 28779

[58/176] Processing: FGR_R_1_192_288.dat
  False Negatives: 2036
  False Positives: 26387
  False Types: 625
  Grand Total: 29048

[59/176] Processing: FGR_U_1_192_288.dat
  False Negatives: 598
  False Positives: 28362
  False Types: 119
  Grand Total: 29079

[60/176] Processing: FIRA_1_192_288.dat
  False Negatives: 1977
  False Positives: 21590
  False Types: 451
  Grand Total: 24018

[61/176] Processing: FIRA_R_1_192_288.dat
  False Negatives: 632
  False Positives: 22112
  False Types: 71
  Grand Total: 22815

[62/176] Processing: FIRA_U_1_192_288.dat
  False Negatives: 535
  False Positives: 28123
  False Types: 84
  Grand Total: 28742

[63/176] Processing: FIRE_1_192_288.dat
  False Negatives: 1283
  False Positives: 21740
  False Types: 340
  Grand Total: 23363

[64/176] Processing: FIRESEASONL_1_192_288.dat
  False Negatives: 1003
  False Positives: 25192
  False Types: 148
  Grand Total: 26343

[65/176] Processing: FLDS_1_192_288.dat
  False Negatives: 1416
  False Positives: 22586
  False Types: 338
  Grand Total: 24340

[66/176] Processing: FLUXFM2A_1_192_288.dat
  False Negatives: 0
  False Positives: 24212
  False Types: 0
  Grand Total: 24212

[67/176] Processing: FLUXFMLND_1_192_288.dat
  False Negatives: 0
  False Positives: 24212
  False Types: 0
  Grand Total: 24212

[68/176] Processing: FPG_1_192_288.dat
  False Negatives: 1526
  False Positives: 26802
  False Types: 439
  Grand Total: 28767

[69/176] Processing: FPI_1_192_288.dat
  False Negatives: 1026
  False Positives: 24940
  False Types: 159
  Grand Total: 26125

[70/176] Processing: FPSN_1_192_288.dat
  False Negatives: 1071
  False Positives: 21483
  False Types: 185
  Grand Total: 22739

[71/176] Processing: FROOTC_1_192_288.dat
  False Negatives: 734
  False Positives: 19732
  False Types: 77
  Grand Total: 20543

[72/176] Processing: FROOTC_ALLOC_1_192_288.dat
  False Negatives: 1131
  False Positives: 23922
  False Types: 352
  Grand Total: 25405

[73/176] Processing: FROOTC_LOSS_1_192_288.dat
  False Negatives: 1622
  False Positives: 23799
  False Types: 504
  Grand Total: 25925

[74/176] Processing: FROOTN_1_192_288.dat
  False Negatives: 887
  False Positives: 20516
  False Types: 108
  Grand Total: 21511

[75/176] Processing: FSA_1_192_288.dat
  False Negatives: 2073
  False Positives: 21492
  False Types: 472
  Grand Total: 24037

[76/176] Processing: FSA_R_1_192_288.dat
  False Negatives: 1119
  False Positives: 26561
  False Types: 300
  Grand Total: 27980

[77/176] Processing: FSAT_1_192_288.dat
  False Negatives: 3146
  False Positives: 26576
  False Types: 979
  Grand Total: 30701

[78/176] Processing: FSA_U_1_192_288.dat
  False Negatives: 493
  False Positives: 27979
  False Types: 92
  Grand Total: 28564

[79/176] Processing: FSDS_1_192_288.dat
  False Negatives: 1193
  False Positives: 22705
  False Types: 350
  Grand Total: 24248

[80/176] Processing: FSDSND_1_192_288.dat
  False Negatives: 1307
  False Positives: 21993
  False Types: 335
  Grand Total: 23635

[81/176] Processing: FSDSNDLN_1_192_288.dat
  False Negatives: 1517
  False Positives: 22170
  False Types: 366
  Grand Total: 24053

[82/176] Processing: FSDSNI_1_192_288.dat
  False Negatives: 2263
  False Positives: 24036
  False Types: 567
  Grand Total: 26866

[83/176] Processing: FSDSVD_1_192_288.dat
  False Negatives: 1248
  False Positives: 21895
  False Types: 281
  Grand Total: 23424

[84/176] Processing: FSDSVDLN_1_192_288.dat
  False Negatives: 1702
  False Positives: 24156
  False Types: 450
  Grand Total: 26308

[85/176] Processing: FSDSVI_1_192_288.dat
  False Negatives: 1822
  False Positives: 22530
  False Types: 450
  Grand Total: 24802

[86/176] Processing: FSH_1_192_288.dat
  False Negatives: 2817
  False Positives: 22611
  False Types: 721
  Grand Total: 26149

[87/176] Processing: FSH_G_1_192_288.dat
  False Negatives: 3683
  False Positives: 24466
  False Types: 1031
  Grand Total: 29180

[88/176] Processing: FSH_NODYNLNDUSE_1_192_288.dat
  False Negatives: 2817
  False Positives: 22611
  False Types: 721
  Grand Total: 26149

[89/176] Processing: FSH_R_1_192_288.dat
  False Negatives: 2101
  False Positives: 26014
  False Types: 581
  Grand Total: 28696

[90/176] Processing: FSH_U_1_192_288.dat
  False Negatives: 586
  False Positives: 28033
  False Types: 111
  Grand Total: 28730

[91/176] Processing: FSH_V_1_192_288.dat
  False Negatives: 1254
  False Positives: 22604
  False Types: 226
  Grand Total: 24084

[92/176] Processing: FSM_1_192_288.dat
  False Negatives: 1339
  False Positives: 22708
  False Types: 311
  Grand Total: 24358

[93/176] Processing: FSM_R_1_192_288.dat
  False Negatives: 1345
  False Positives: 26353
  False Types: 365
  Grand Total: 28063

[94/176] Processing: FSM_U_1_192_288.dat
  False Negatives: 452
  False Positives: 28702
  False Types: 84
  Grand Total: 29238

[95/176] Processing: FSNO_1_192_288.dat
  False Negatives: 761
  False Positives: 25110
  False Types: 201
  Grand Total: 26072

[96/176] Processing: FSR_1_192_288.dat
  False Negatives: 2242
  False Positives: 21845
  False Types: 567
  Grand Total: 24654

[97/176] Processing: FSRND_1_192_288.dat
  False Negatives: 2112
  False Positives: 21733
  False Types: 437
  Grand Total: 24282

[98/176] Processing: FSRNDLN_1_192_288.dat
  False Negatives: 2049
  False Positives: 21068
  False Types: 418
  Grand Total: 23535

[99/176] Processing: FSRNI_1_192_288.dat
  False Negatives: 2190
  False Positives: 21334
  False Types: 421
  Grand Total: 23945

[100/176] Processing: FSRVD_1_192_288.dat
  False Negatives: 1823
  False Positives: 21913
  False Types: 415
  Grand Total: 24151

[101/176] Processing: FSRVDLN_1_192_288.dat
  False Negatives: 1516
  False Positives: 20741
  False Types: 282
  Grand Total: 22539

[102/176] Processing: FSRVI_1_192_288.dat
  False Negatives: 2102
  False Positives: 21447
  False Types: 464
  Grand Total: 24013

[103/176] Processing: GC_HEAT1_1_192_288.dat
  False Negatives: 2926
  False Positives: 23293
  False Types: 747
  Grand Total: 26966

[104/176] Processing: GC_HEAT2_1_192_288.dat
  False Negatives: 0
  False Positives: 24212
  False Types: 0
  Grand Total: 24212

[105/176] Processing: GC_ICE1_1_192_288.dat
  False Negatives: 1000
  False Positives: 23799
  False Types: 282
  Grand Total: 25081

[106/176] Processing: GC_ICE2_1_192_288.dat
  False Negatives: 0
  False Positives: 24212
  False Types: 0
  Grand Total: 24212

[107/176] Processing: GC_LIQ1_1_192_288.dat
  False Negatives: 3204
  False Positives: 25581
  False Types: 1016
  Grand Total: 29801

[108/176] Processing: GC_LIQ2_1_192_288.dat
  False Negatives: 0
  False Positives: 24212
  False Types: 0
  Grand Total: 24212

[109/176] Processing: GPP_1_192_288.dat
  False Negatives: 1632
  False Positives: 23853
  False Types: 503
  Grand Total: 25988

[110/176] Processing: GR_1_192_288.dat
  False Negatives: 1090
  False Positives: 23936
  False Types: 340
  Grand Total: 25366

[111/176] Processing: GROSS_NMIN_1_192_288.dat
  False Negatives: 585
  False Positives: 24062
  False Types: 181
  Grand Total: 24828

[112/176] Processing: H2OCAN_1_192_288.dat
  False Negatives: 2237
  False Positives: 22956
  False Types: 561
  Grand Total: 25754

[113/176] Processing: H2OSNO_1_192_288.dat
  False Negatives: 1257
  False Positives: 23533
  False Types: 346
  Grand Total: 25136

[114/176] Processing: H2OSNO_TOP_1_192_288.dat
  False Negatives: 1478
  False Positives: 22166
  False Types: 269
  Grand Total: 23913

[115/176] Processing: HC_1_192_288.dat
  False Negatives: 1901
  False Positives: 21578
  False Types: 361
  Grand Total: 23840

[116/176] Processing: HCSOI_1_192_288.dat
  False Negatives: 1985
  False Positives: 21654
  False Types: 337
  Grand Total: 23976

[117/176] Processing: HEAT_FROM_AC_1_192_288.dat
  False Negatives: 47
  False Positives: 24092
  False Types: 13
  Grand Total: 24152

[118/176] Processing: HR_1_192_288.dat
  False Negatives: 2026
  False Positives: 23728
  False Types: 662
  Grand Total: 26416

[119/176] Processing: HTOP_1_192_288.dat
  False Negatives: 1141
  False Positives: 19647
  False Types: 169
  Grand Total: 20957

[120/176] Processing: LAISHA_1_192_288.dat
  False Negatives: 1167
  False Positives: 20672
  False Types: 171
  Grand Total: 22010

[121/176] Processing: LAISUN_1_192_288.dat
  False Negatives: 1747
  False Positives: 23002
  False Types: 437
  Grand Total: 25186

[122/176] Processing: landfrac_192_288.dat
  False Negatives: 221
  False Positives: 24784
  False Types: 15
  Grand Total: 25020

[123/176] Processing: latixy_192_288.dat
  False Negatives: 1
  False Positives: 23853
  False Types: 0
  Grand Total: 23854

[124/176] Processing: latixyatm_192_288.dat
  False Negatives: 3
  False Positives: 20093
  False Types: 0
  Grand Total: 20096

[125/176] Processing: LEAFC_1_192_288.dat
  False Negatives: 660
  False Positives: 19847
  False Types: 59
  Grand Total: 20566

[126/176] Processing: LEAFC_ALLOC_1_192_288.dat
  False Negatives: 1063
  False Positives: 23932
  False Types: 321
  Grand Total: 25316

[127/176] Processing: LEAFC_LOSS_1_192_288.dat
  False Negatives: 1535
  False Positives: 23814
  False Types: 463
  Grand Total: 25812

[128/176] Processing: LEAFN_1_192_288.dat
  False Negatives: 997
  False Positives: 20745
  False Types: 130
  Grand Total: 21872

[129/176] Processing: LITFALL_1_192_288.dat
  False Negatives: 1975
  False Positives: 23740
  False Types: 629
  Grand Total: 26344

[130/176] Processing: LITHR_1_192_288.dat
  False Negatives: 1910
  False Positives: 23766
  False Types: 620
  Grand Total: 26296

[131/176] Processing: LITR1C_1_192_288.dat
  False Negatives: 1413
  False Positives: 20574
  False Types: 260
  Grand Total: 22247

[132/176] Processing: LITR1C_TO_SOIL1C_1_192_288.dat
  False Negatives: 1348
  False Positives: 23864
  False Types: 398
  Grand Total: 25610

[133/176] Processing: LITR1N_1_192_288.dat
  False Negatives: 2408
  False Positives: 22551
  False Types: 677
  Grand Total: 25636

[134/176] Processing: LITR2C_1_192_288.dat
  False Negatives: 735
  False Positives: 19624
  False Types: 65
  Grand Total: 20424

[135/176] Processing: LITR2C_TO_SOIL2C_1_192_288.dat
  False Negatives: 1622
  False Positives: 23824
  False Types: 519
  Grand Total: 25965

[136/176] Processing: LITR2N_1_192_288.dat
  False Negatives: 1649
  False Positives: 21319
  False Types: 307
  Grand Total: 23275

[137/176] Processing: LITR3C_1_192_288.dat
  False Negatives: 470
  False Positives: 19220
  False Types: 33
  Grand Total: 19723

[138/176] Processing: LITR3C_TO_SOIL3C_1_192_288.dat
  False Negatives: 1392
  False Positives: 23861
  False Types: 446
  Grand Total: 25699

[139/176] Processing: LITR3N_1_192_288.dat
  False Negatives: 1441
  False Positives: 20890
  False Types: 231
  Grand Total: 22562

[140/176] Processing: LITTERC_1_192_288.dat
  False Negatives: 776
  False Positives: 19584
  False Types: 74
  Grand Total: 20434

[141/176] Processing: LITTERC_HR_1_192_288.dat
  False Negatives: 1910
  False Positives: 23766
  False Types: 620
  Grand Total: 26296

[142/176] Processing: LITTERC_LOSS_1_192_288.dat
  False Negatives: 2151
  False Positives: 23696
  False Types: 702
  Grand Total: 26549

[143/176] Processing: LIVECROOTC_1_192_288.dat
  False Negatives: 974
  False Positives: 20746
  False Types: 150
  Grand Total: 21870

[144/176] Processing: LIVECROOTN_1_192_288.dat
  False Negatives: 1950
  False Positives: 23294
  False Types: 545
  Grand Total: 25789

[145/176] Processing: LIVESTEMC_1_192_288.dat
  False Negatives: 502
  False Positives: 19758
  False Types: 44
  Grand Total: 20304

[146/176] Processing: LIVESTEMN_1_192_288.dat
  False Negatives: 1596
  False Positives: 22273
  False Types: 349
  Grand Total: 24218

[147/176] Processing: longxy_192_288.dat
  False Negatives: 8
  False Positives: 25537
  False Types: 0
  Grand Total: 25545

[148/176] Processing: longxyatm_192_288.dat
  False Negatives: 3
  False Positives: 16497
  False Types: 0
  Grand Total: 16500

[149/176] Processing: MEAN_FIRE_PROB_1_192_288.dat
  False Negatives: 1772
  False Positives: 26027
  False Types: 514
  Grand Total: 28313

[150/176] Processing: MR_1_192_288.dat
  False Negatives: 2023
  False Positives: 23763
  False Types: 639
  Grand Total: 26425

[151/176] Processing: NBP_1_192_288.dat
  False Negatives: 2238
  False Positives: 23594
  False Types: 688
  Grand Total: 26520

[152/176] Processing: NDEPLOY_1_192_288.dat
  False Negatives: 349
  False Positives: 24104
  False Types: 92
  Grand Total: 24545

[153/176] Processing: NDEP_TO_SMINN_1_192_288.dat
  False Negatives: 0
  False Positives: 24212
  False Types: 0
  Grand Total: 24212

[154/176] Processing: NEE_1_192_288.dat
  False Negatives: 2326
  False Positives: 23665
  False Types: 763
  Grand Total: 26754

[155/176] Processing: NEP_1_192_288.dat
  False Negatives: 2182
  False Positives: 23600
  False Types: 675
  Grand Total: 26457

[156/176] Processing: NET_NMIN_1_192_288.dat
  False Negatives: 438
  False Positives: 24099
  False Types: 120
  Grand Total: 24657

[157/176] Processing: NFIX_TO_SMINN_1_192_288.dat
  False Negatives: 0
  False Positives: 24212
  False Types: 0
  Grand Total: 24212

[158/176] Processing: NPP_1_192_288.dat
  False Negatives: 1890
  False Positives: 23738
  False Types: 571
  Grand Total: 26199

[159/176] Processing: OCDEP_1_192_288.dat
  False Negatives: 0
  False Positives: 24212
  False Types: 0
  Grand Total: 24212

[160/176] Processing: PBOT_1_192_288.dat
  False Negatives: 466
  False Positives: 23051
  False Types: 115
  Grand Total: 23632

[161/176] Processing: PCO2_1_192_288.dat
  False Negatives: 480
  False Positives: 23181
  False Types: 130
  Grand Total: 23791

[162/176] Processing: PFT_CTRUNC_1_192_288.dat
  False Negatives: 1945
  False Positives: 23648
  False Types: 648
  Grand Total: 26241

[163/176] Processing: PFT_FIRE_CLOSS_1_192_288.dat
  False Negatives: 344
  False Positives: 24115
  False Types: 111
  Grand Total: 24570

[164/176] Processing: PFT_FIRE_NLOSS_1_192_288.dat
  False Negatives: 27
  False Positives: 24211
  False Types: 11
  Grand Total: 24249

[165/176] Processing: PFT_NTRUNC_1_192_288.dat
  False Negatives: 1864
  False Positives: 23739
  False Types: 600
  Grand Total: 26203

[166/176] Processing: PLANT_NDEMAND_1_192_288.dat
  False Negatives: 643
  False Positives: 24041
  False Types: 193
  Grand Total: 24877

[167/176] Processing: POTENTIAL_IMMOB_1_192_288.dat
  False Negatives: 1013
  False Positives: 23953
  False Types: 325
  Grand Total: 25291

[168/176] Processing: PROD100C_1_192_288.dat
  False Negatives: 0
  False Positives: 24212
  False Types: 0
  Grand Total: 24212

[169/176] Processing: PROD100C_LOSS_1_192_288.dat
  False Negatives: 0
  False Positives: 24212
  False Types: 0
  Grand Total: 24212

[170/176] Processing: PROD100N_1_192_288.dat
  False Negatives: 0
  False Positives: 24212
  False Types: 0
  Grand Total: 24212

[171/176] Processing: PROD100N_LOSS_1_192_288.dat
  False Negatives: 0
  False Positives: 24212
  False Types: 0
  Grand Total: 24212

[172/176] Processing: PROD10C_1_192_288.dat
  False Negatives: 0
  False Positives: 24212
  False Types: 0
  Grand Total: 24212

[173/176] Processing: PROD10C_LOSS_1_192_288.dat
  False Negatives: 0
  False Positives: 24212
  False Types: 0
  Grand Total: 24212

[174/176] Processing: PROD10N_1_192_288.dat
  False Negatives: 0
  False Positives: 24212
  False Types: 0
  Grand Total: 24212

[175/176] Processing: topo_192_288.dat
  False Negatives: 0
  False Positives: 24212
  False Types: 0
  Grand Total: 24212

[176/176] Processing: topodnsc_192_288.dat
  False Negatives: 0
  False Positives: 24212
  False Types: 0
  Grand Total: 24212

=== Summary ===
Total files processed: 176
Total files failed: 0
Total false cases across all files: 4333300
Average false cases per file: 24621.02
