Found 90 .dat file(s) to process

[1/90] Processing: AEROD_v_1_768_1152.dat
  False Negatives: 55063
  False Positives: 107754
  False Types: 7101
  Grand Total: 169918
  Total Critical Points (Decompressed): 136577

[2/90] Processing: cb_ozone_c_1_768_1152.dat
  False Negatives: 2343
  False Positives: 66236
  False Types: 324
  Grand Total: 68903
  Total Critical Points (Decompressed): 67377

[3/90] Processing: cb_sulf_c_1_768_1152.dat
  False Negatives: 0
  False Positives: 158066
  False Types: 0
  Grand Total: 158066
  Total Critical Points (Decompressed): 159364

[4/90] Processing: CLDHGH_1_768_1152.dat
  False Negatives: 19748
  False Positives: 22458
  False Types: 741
  Grand Total: 42947
  Total Critical Points (Decompressed): 184289

[5/90] Processing: CLDLOW_1_768_1152.dat
  False Negatives: 19610
  False Positives: 39203
  False Types: 867
  Grand Total: 59680
  Total Critical Points (Decompressed): 154066

[6/90] Processing: CLDMED_1_768_1152.dat
  False Negatives: 24041
  False Positives: 42063
  False Types: 1681
  Grand Total: 67785
  Total Critical Points (Decompressed): 152498

[7/90] Processing: CLDTOT_1_768_1152.dat
  False Negatives: 19477
  False Positives: 20186
  False Types: 543
  Grand Total: 40206
  Total Critical Points (Decompressed): 170805

[8/90] Processing: FLDS_1_768_1152.dat
  False Negatives: 67874
  False Positives: 157030
  False Types: 11347
  Grand Total: 236251
  Total Critical Points (Decompressed): 183789

[9/90] Processing: FLDSC_1_768_1152.dat
  False Negatives: 16960
  False Positives: 152613
  False Types: 2757
  Grand Total: 172330
  Total Critical Points (Decompressed): 158420

[10/90] Processing: FLNS_1_768_1152.dat
  False Negatives: 48663
  False Positives: 65020
  False Types: 4369
  Grand Total: 118052
  Total Critical Points (Decompressed): 154058

[11/90] Processing: FLNSC_1_768_1152.dat
  False Negatives: 49806
  False Positives: 94390
  False Types: 7558
  Grand Total: 151754
  Total Critical Points (Decompressed): 146051

[12/90] Processing: FLNT_1_768_1152.dat
  False Negatives: 57864
  False Positives: 115726
  False Types: 8452
  Grand Total: 182042
  Total Critical Points (Decompressed): 155257

[13/90] Processing: FLNTC_1_768_1152.dat
  False Negatives: 29092
  False Positives: 194391
  False Types: 5789
  Grand Total: 229272
  Total Critical Points (Decompressed): 203483

[14/90] Processing: FLUT_1_768_1152.dat
  False Negatives: 57445
  False Positives: 116139
  False Types: 8729
  Grand Total: 182313
  Total Critical Points (Decompressed): 155973

[15/90] Processing: FLUTC_1_768_1152.dat
  False Negatives: 29053
  False Positives: 190577
  False Types: 5503
  Grand Total: 225133
  Total Critical Points (Decompressed): 199569

[16/90] Processing: FREQSH_1_768_1152.dat
  False Negatives: 15323
  False Positives: 25642
  False Types: 714
  Grand Total: 41679
  Total Critical Points (Decompressed): 157126

[17/90] Processing: FREQZM_1_768_1152.dat
  False Negatives: 8419
  False Positives: 55588
  False Types: 217
  Grand Total: 64224
  Total Critical Points (Decompressed): 124343

[18/90] Processing: FSDS_1_768_1152.dat
  False Negatives: 43142
  False Positives: 71889
  False Types: 4979
  Grand Total: 120010
  Total Critical Points (Decompressed): 126018

[19/90] Processing: FSDSC_1_768_1152.dat
  False Negatives: 7830
  False Positives: 73362
  False Types: 800
  Grand Total: 81992
  Total Critical Points (Decompressed): 75037

[20/90] Processing: FSDTOA_1_768_1152.dat
  False Negatives: 51
  False Positives: 424
  False Types: 0
  Grand Total: 475
  Total Critical Points (Decompressed): 424

[21/90] Processing: FSNS_1_768_1152.dat
  False Negatives: 43195
  False Positives: 62905
  False Types: 4078
  Grand Total: 110178
  Total Critical Points (Decompressed): 127405

[22/90] Processing: FSNSC_1_768_1152.dat
  False Negatives: 19880
  False Positives: 80753
  False Types: 1790
  Grand Total: 102423
  Total Critical Points (Decompressed): 101783

[23/90] Processing: FSNT_1_768_1152.dat
  False Negatives: 45920
  False Positives: 84098
  False Types: 5383
  Grand Total: 135401
  Total Critical Points (Decompressed): 127636

[24/90] Processing: FSNTC_1_768_1152.dat
  False Negatives: 18014
  False Positives: 64463
  False Types: 1324
  Grand Total: 83801
  Total Critical Points (Decompressed): 77301

[25/90] Processing: FSNTOA_1_768_1152.dat
  False Negatives: 46414
  False Positives: 84936
  False Types: 5415
  Grand Total: 136765
  Total Critical Points (Decompressed): 127512

[26/90] Processing: FSNTOAC_1_768_1152.dat
  False Negatives: 17943
  False Positives: 67526
  False Types: 1412
  Grand Total: 86881
  Total Critical Points (Decompressed): 80215

[27/90] Processing: FSUTOA_1_768_1152.dat
  False Negatives: 34902
  False Positives: 47623
  False Types: 2989
  Grand Total: 85514
  Total Critical Points (Decompressed): 120406

[28/90] Processing: ICEFRAC_1_768_1152.dat
  False Negatives: 411
  False Positives: 35245
  False Types: 69
  Grand Total: 35725
  Total Critical Points (Decompressed): 35468

[29/90] Processing: LANDFRAC_1_768_1152.dat
  False Negatives: 4
  False Positives: 129416
  False Types: 0
  Grand Total: 129420
  Total Critical Points (Decompressed): 129447

[30/90] Processing: LHFLX_1_768_1152.dat
  False Negatives: 15330
  False Positives: 75397
  False Types: 1028
  Grand Total: 91755
  Total Critical Points (Decompressed): 105883

[31/90] Processing: LWCF_1_768_1152.dat
  False Negatives: 28738
  False Positives: 33803
  False Types: 1645
  Grand Total: 64186
  Total Critical Points (Decompressed): 126799

[32/90] Processing: MSKtem_1_768_1152.dat
  False Negatives: 4271
  False Positives: 189031
  False Types: 854
  Grand Total: 194156
  Total Critical Points (Decompressed): 192675

[33/90] Processing: OCNFRAC_1_768_1152.dat
  False Negatives: 345
  False Positives: 191473
  False Types: 64
  Grand Total: 191882
  Total Critical Points (Decompressed): 191789

[34/90] Processing: ODV_bcar1_1_768_1152.dat
  False Negatives: 3430
  False Positives: 120759
  False Types: 559
  Grand Total: 124748
  Total Critical Points (Decompressed): 123394

[35/90] Processing: ODV_bcar2_1_768_1152.dat
  False Negatives: 3138
  False Positives: 115568
  False Types: 468
  Grand Total: 119174
  Total Critical Points (Decompressed): 118170

[36/90] Processing: ODV_dust1_1_768_1152.dat
  False Negatives: 2682
  False Positives: 80781
  False Types: 239
  Grand Total: 83702
  Total Critical Points (Decompressed): 81935

[37/90] Processing: ODV_dust2_1_768_1152.dat
  False Negatives: 2632
  False Positives: 79854
  False Types: 212
  Grand Total: 82698
  Total Critical Points (Decompressed): 81002

[38/90] Processing: ODV_dust3_1_768_1152.dat
  False Negatives: 2301
  False Positives: 78417
  False Types: 184
  Grand Total: 80902
  Total Critical Points (Decompressed): 79375

[39/90] Processing: ODV_dust4_1_768_1152.dat
  False Negatives: 1791
  False Positives: 66402
  False Types: 172
  Grand Total: 68365
  Total Critical Points (Decompressed): 67170

[40/90] Processing: ODV_ocar1_1_768_1152.dat
  False Negatives: 4630
  False Positives: 63831
  False Types: 410
  Grand Total: 68871
  Total Critical Points (Decompressed): 65148

[41/90] Processing: ODV_ocar2_1_768_1152.dat
  False Negatives: 76815
  False Positives: 129981
  False Types: 5789
  Grand Total: 212585
  Total Critical Points (Decompressed): 137155

[42/90] Processing: ODV_SSLTA_1_768_1152.dat
  False Negatives: 31432
  False Positives: 80919
  False Types: 4646
  Grand Total: 116997
  Total Critical Points (Decompressed): 124786

[43/90] Processing: ODV_SSLTC_1_768_1152.dat
  False Negatives: 32127
  False Positives: 82803
  False Types: 4577
  Grand Total: 119507
  Total Critical Points (Decompressed): 131679

[44/90] Processing: ODV_sulf_1_768_1152.dat
  False Negatives: 64476
  False Positives: 92705
  False Types: 5667
  Grand Total: 162848
  Total Critical Points (Decompressed): 120167

[45/90] Processing: ODV_VOLC_MMR_1_768_1152.dat
  False Negatives: 16933
  False Positives: 35129
  False Types: 812
  Grand Total: 52874
  Total Critical Points (Decompressed): 40099

[46/90] Processing: PBLH_1_768_1152.dat
  False Negatives: 34791
  False Positives: 65464
  False Types: 4387
  Grand Total: 104642
  Total Critical Points (Decompressed): 113882

[47/90] Processing: PCONVB_1_768_1152.dat
  False Negatives: 39194
  False Positives: 126227
  False Types: 4031
  Grand Total: 169452
  Total Critical Points (Decompressed): 131025

[48/90] Processing: PCONVT_1_768_1152.dat
  False Negatives: 47027
  False Positives: 132525
  False Types: 5964
  Grand Total: 185516
  Total Critical Points (Decompressed): 152459

[49/90] Processing: PHIS_1_768_1152.dat
  False Negatives: 3486
  False Positives: 116129
  False Types: 327
  Grand Total: 119942
  Total Critical Points (Decompressed): 121485

[50/90] Processing: PRECC_1_768_1152.dat
  False Negatives: 0
  False Positives: 36001
  False Types: 0
  Grand Total: 36001
  Total Critical Points (Decompressed): 36093

[51/90] Processing: PRECCDZM_1_768_1152.dat
  False Negatives: 0
  False Positives: 21550
  False Types: 0
  Grand Total: 21550
  Total Critical Points (Decompressed): 21637

[52/90] Processing: PRECL_1_768_1152.dat
  False Negatives: 0
  False Positives: 75221
  False Types: 0
  Grand Total: 75221
  Total Critical Points (Decompressed): 75467

[53/90] Processing: PRECSC_1_768_1152.dat
  False Negatives: 0
  False Positives: 0
  False Types: 0
  Grand Total: 0
  Total Critical Points (Decompressed): 0

[54/90] Processing: PRECSH_1_768_1152.dat
  False Negatives: 0
  False Positives: 421
  False Types: 0
  Grand Total: 421
  Total Critical Points (Decompressed): 421

[55/90] Processing: PRECSL_1_768_1152.dat
  False Negatives: 0
  False Positives: 2007
  False Types: 0
  Grand Total: 2007
  Total Critical Points (Decompressed): 2019

[56/90] Processing: PRECT_1_768_1152.dat
  False Negatives: 0
  False Positives: 96743
  False Types: 0
  Grand Total: 96743
  Total Critical Points (Decompressed): 97021

[57/90] Processing: PS_1_768_1152.dat
  False Negatives: 8111
  False Positives: 119163
  False Types: 769
  Grand Total: 128043
  Total Critical Points (Decompressed): 121611

[58/90] Processing: PSL_1_768_1152.dat
  False Negatives: 13950
  False Positives: 168658
  False Types: 2498
  Grand Total: 185106
  Total Critical Points (Decompressed): 173023

[59/90] Processing: QFLX_1_768_1152.dat
  False Negatives: 3603
  False Positives: 85554
  False Types: 169
  Grand Total: 89326
  Total Critical Points (Decompressed): 105492

[60/90] Processing: QREFHT_1_768_1152.dat
  False Negatives: 7347
  False Positives: 87225
  False Types: 764
  Grand Total: 95336
  Total Critical Points (Decompressed): 99394

[61/90] Processing: RHREFHT_1_768_1152.dat
  False Negatives: 51033
  False Positives: 175868
  False Types: 10114
  Grand Total: 237015
  Total Critical Points (Decompressed): 204299

[62/90] Processing: SFCLDICE_1_768_1152.dat
  False Negatives: 0
  False Positives: 0
  False Types: 0
  Grand Total: 0
  Total Critical Points (Decompressed): 0

[63/90] Processing: SFCLDLIQ_1_768_1152.dat
  False Negatives: 0
  False Positives: 0
  False Types: 0
  Grand Total: 0
  Total Critical Points (Decompressed): 0

[64/90] Processing: SHFLX_1_768_1152.dat
  False Negatives: 18725
  False Positives: 158260
  False Types: 1999
  Grand Total: 178984
  Total Critical Points (Decompressed): 186545

[65/90] Processing: SNOWHICE_1_768_1152.dat
  False Negatives: 389
  False Positives: 30887
  False Types: 53
  Grand Total: 31329
  Total Critical Points (Decompressed): 31142

[66/90] Processing: SNOWHLND_1_768_1152.dat
  False Negatives: 30303
  False Positives: 47793
  False Types: 1432
  Grand Total: 79528
  Total Critical Points (Decompressed): 51092

[67/90] Processing: SOLIN_1_768_1152.dat
  False Negatives: 51
  False Positives: 424
  False Types: 0
  Grand Total: 475
  Total Critical Points (Decompressed): 424

[68/90] Processing: SRFRAD_1_768_1152.dat
  False Negatives: 62659
  False Positives: 132528
  False Types: 7884
  Grand Total: 203071
  Total Critical Points (Decompressed): 163631

[69/90] Processing: SWCF_1_768_1152.dat
  False Negatives: 75011
  False Positives: 95194
  False Types: 6244
  Grand Total: 176449
  Total Critical Points (Decompressed): 145485

[70/90] Processing: TAUX_1_768_1152.dat
  False Negatives: 12857
  False Positives: 183578
  False Types: 1707
  Grand Total: 198142
  Total Critical Points (Decompressed): 194935

[71/90] Processing: TAUY_1_768_1152.dat
  False Negatives: 11204
  False Positives: 181083
  False Types: 1501
  Grand Total: 193788
  Total Critical Points (Decompressed): 194358

[72/90] Processing: TGCLDIWP_1_768_1152.dat
  False Negatives: 19787
  False Positives: 24600
  False Types: 1229
  Grand Total: 45616
  Total Critical Points (Decompressed): 89291

[73/90] Processing: TGCLDLWP_1_768_1152.dat
  False Negatives: 23847
  False Positives: 35199
  False Types: 2303
  Grand Total: 61349
  Total Critical Points (Decompressed): 92923

[74/90] Processing: TH2d_1_768_1152.dat
  False Negatives: 10
  False Positives: 16642
  False Types: 1
  Grand Total: 16653
  Total Critical Points (Decompressed): 16660

[75/90] Processing: TMQ_1_768_1152.dat
  False Negatives: 7598
  False Positives: 69113
  False Types: 1338
  Grand Total: 78049
  Total Critical Points (Decompressed): 75069

[76/90] Processing: TREFHT_1_768_1152.dat
  False Negatives: 14565
  False Positives: 163559
  False Types: 1848
  Grand Total: 179972
  Total Critical Points (Decompressed): 169843

[77/90] Processing: TREFMNAV_1_768_1152.dat
  False Negatives: 31858
  False Positives: 175699
  False Types: 4629
  Grand Total: 212186
  Total Critical Points (Decompressed): 186922

[78/90] Processing: TREFMXAV_1_768_1152.dat
  False Negatives: 27934
  False Positives: 157105
  False Types: 3821
  Grand Total: 188860
  Total Critical Points (Decompressed): 165587

[79/90] Processing: TROP_P_1_768_1152.dat
  False Negatives: 19050
  False Positives: 168467
  False Types: 3026
  Grand Total: 190543
  Total Critical Points (Decompressed): 175297

[80/90] Processing: TROP_T_1_768_1152.dat
  False Negatives: 9138
  False Positives: 84296
  False Types: 1405
  Grand Total: 94839
  Total Critical Points (Decompressed): 88718

[81/90] Processing: TROP_Z_1_768_1152.dat
  False Negatives: 17284
  False Positives: 139347
  False Types: 2087
  Grand Total: 158718
  Total Critical Points (Decompressed): 142598

[82/90] Processing: TS_1_768_1152.dat
  False Negatives: 16680
  False Positives: 155658
  False Types: 1718
  Grand Total: 174056
  Total Critical Points (Decompressed): 163921

[83/90] Processing: TSMN_1_768_1152.dat
  False Negatives: 20297
  False Positives: 194964
  False Types: 2687
  Grand Total: 217948
  Total Critical Points (Decompressed): 220036

[84/90] Processing: TSMX_1_768_1152.dat
  False Negatives: 19888
  False Positives: 197000
  False Types: 2342
  Grand Total: 219230
  Total Critical Points (Decompressed): 221609

[85/90] Processing: U2d_1_768_1152.dat
  False Negatives: 84
  False Positives: 13436
  False Types: 13
  Grand Total: 13533
  Total Critical Points (Decompressed): 13466

[86/90] Processing: UV2d_1_768_1152.dat
  False Negatives: 361
  False Positives: 8150
  False Types: 16
  Grand Total: 8527
  Total Critical Points (Decompressed): 8182

[87/90] Processing: UW2d_1_768_1152.dat
  False Negatives: 1467
  False Positives: 23919
  False Types: 85
  Grand Total: 25471
  Total Critical Points (Decompressed): 24001

[88/90] Processing: V2d_1_768_1152.dat
  False Negatives: 790
  False Positives: 10110
  False Types: 47
  Grand Total: 10947
  Total Critical Points (Decompressed): 10193

[89/90] Processing: VTH2d_1_768_1152.dat
  False Negatives: 385
  False Positives: 7698
  False Types: 35
  Grand Total: 8118
  Total Critical Points (Decompressed): 7732

[90/90] Processing: W2d_1_768_1152.dat
  False Negatives: 1897
  False Positives: 3280
  False Types: 80
  Grand Total: 5257
  Total Critical Points (Decompressed): 3361

=== Summary ===
Total files processed: 90
Total files failed: 0
Total false cases across all files: 9672349
Average false cases per file: 107470.54
