Input directory: ../../SDRBENCH-CESM-ATM-26x1800x3600/
Output directory: ../../SDRBENCH-CESM-ATM-26x1800x3600/topoSZp_30_thread/
Dimensions: 46800x3600 (168480000 elements)
Error bound: 1E-3
Block size: 16

Found 33 .dat file(s) to process

[1/33] Skipping: CLDICE_1_26_1800_3600.f32 (output files already exist)
[2/33] Skipping: CLDLIQ_1_26_1800_3600.f32 (output files already exist)
[3/33] Skipping: CLOUD_1_26_1800_3600.f32 (output files already exist)
[4/33] Skipping: CMFDQ_1_26_1800_3600.f32 (output files already exist)
[5/33] Skipping: CMFDQR_1_26_1800_3600.f32 (output files already exist)
[6/33] Skipping: CMFDT_1_26_1800_3600.f32 (output files already exist)
[7/33] Skipping: CONCLD_1_26_1800_3600.f32 (output files already exist)
[8/33] Skipping: DCQ_1_26_1800_3600.f32 (output files already exist)
[9/33] Skipping: DTCOND_1_26_1800_3600.f32 (output files already exist)
[10/33] Skipping: DTV_1_26_1800_3600.f32 (output files already exist)
[11/33] Skipping: FICE_1_26_1800_3600.f32 (output files already exist)
[12/33] Skipping: GCLDLWP_1_26_1800_3600.f32 (output files already exist)
[13/33] Skipping: ICIMR_1_26_1800_3600.f32 (output files already exist)
[14/33] Skipping: ICLDIWP_1_26_1800_3600.f32 (output files already exist)
[15/33] Skipping: ICLDTWP_1_26_1800_3600.f32 (output files already exist)
[16/33] Skipping: ICWMR_1_26_1800_3600.f32 (output files already exist)
[17/33] Skipping: OMEGA_1_26_1800_3600.f32 (output files already exist)
[18/33] Skipping: OMEGAT_1_26_1800_3600.f32 (output files already exist)
[19/33] Skipping: Q_1_26_1800_3600.f32 (output files already exist)
[20/33] Skipping: QC_1_26_1800_3600.f32 (output files already exist)
[21/33] Skipping: QRL_1_26_1800_3600.f32 (output files already exist)
[22/33] Skipping: QRS_1_26_1800_3600.f32 (output files already exist)
[23/33] Skipping: RELHUM_1_26_1800_3600.f32 (output files already exist)
[24/33] Skipping: T_1_26_1800_3600.f32 (output files already exist)
[25/33] Skipping: U_1_26_1800_3600.f32 (output files already exist)
[26/33] Skipping: UU_1_26_1800_3600.f32 (output files already exist)
[27/33] Skipping: V_1_26_1800_3600.f32 (output files already exist)
[28/33] Skipping: VD01_1_26_1800_3600.f32 (output files already exist)
[29/33] Skipping: VQ_1_26_1800_3600.f32 (output files already exist)
[30/33] Skipping: VT_1_26_1800_3600.f32 (output files already exist)
[31/33] Skipping: VU_1_26_1800_3600.f32 (output files already exist)
[32/33] Skipping: VV_1_26_1800_3600.f32 (output files already exist)
[33/33] Skipping: Z3_1_26_1800_3600.f32 (output files already exist)
=== Summary ===
Total files processed: 0
Total files skipped: 33
Total files failed: 0

