Input directory: ../../CESM-LAND-MODELS/4/log_normalized
Output directory: ../../CESM-LAND-MODELS/4/log_normalized/tthresh_1E-7
Dimensions: 192x288
Error bound: 0.0000001

Found 176 .dat file(s) to process

[1/176] Processing: ACTUAL_IMMOB_1_192_288.dat
oldbits = 1769472, newbits = 1284368, compressionratio = 1.3777, bpv = 23.2271
Total compression time: 142.131ms
eps = 2.33476e-05, rmse = 1.8394e-05, psnr = 88.6859
Total decompression time: 19.069ms
Total time: 161.24ms
  ✓ Compression successful (ratio: 1.37x)

[2/176] Processing: AGNPP_1_192_288.dat
oldbits = 1769472, newbits = 1284432, compressionratio = 1.37763, bpv = 23.2283
Total compression time: 146.598ms
eps = 2.33434e-05, rmse = 1.83906e-05, psnr = 88.6875
Total decompression time: 18.577ms
Total time: 165.238ms
  ✓ Compression successful (ratio: 1.37x)

[3/176] Processing: ANN_FAREA_BURNED_1_192_288.dat
oldbits = 1769472, newbits = 1256464, compressionratio = 1.4083, bpv = 22.7225
Total compression time: 138.561ms
eps = 2.22802e-05, rmse = 1.91361e-05, psnr = 88.3423
Total decompression time: 18.655ms
Total time: 157.249ms
  ✓ Compression successful (ratio: 1.40x)

[4/176] Processing: AR_1_192_288.dat
oldbits = 1769472, newbits = 1284432, compressionratio = 1.37763, bpv = 23.2283
Total compression time: 140.144ms
eps = 2.34177e-05, rmse = 1.84492e-05, psnr = 88.6599
Total decompression time: 18.712ms
Total time: 158.89ms
  ✓ Compression successful (ratio: 1.37x)

[5/176] Processing: area_192_288.dat
oldbits = 1769472, newbits = 1274000, compressionratio = 1.38891, bpv = 23.0396
Total compression time: 148.665ms
eps = 2.40771e-05, rmse = 1.90323e-05, psnr = 88.3896
Total decompression time: 18.473ms
Total time: 167.177ms
  ✓ Compression successful (ratio: 1.38x)

[6/176] Processing: areaatm_192_288.dat
oldbits = 1769472, newbits = 1459664, compressionratio = 1.21225, bpv = 26.3973
Total compression time: 145.211ms
eps = 8.11565e-06, rmse = 4.54108e-06, psnr = 100.836
Total decompression time: 19.82ms
Total time: 165.068ms
  ✓ Compression successful (ratio: 1.21x)

[7/176] Processing: areaupsc_192_288.dat
oldbits = 1769472, newbits = 1274000, compressionratio = 1.38891, bpv = 23.0396
Total compression time: 149.801ms
eps = 2.40771e-05, rmse = 1.90323e-05, psnr = 88.3896
Total decompression time: 18.238ms
Total time: 168.074ms
  ✓ Compression successful (ratio: 1.38x)

[8/176] Processing: BCDEP_1_192_288.dat
oldbits = 1769472, newbits = 1284368, compressionratio = 1.3777, bpv = 23.2271
Total compression time: 140.689ms
eps = 2.33518e-05, rmse = 1.83973e-05, psnr = 88.6843
Total decompression time: 18.291ms
Total time: 159.013ms
  ✓ Compression successful (ratio: 1.37x)

[9/176] Processing: BGNPP_1_192_288.dat
oldbits = 1769472, newbits = 1284432, compressionratio = 1.37763, bpv = 23.2283
Total compression time: 143.04ms
eps = 2.33405e-05, rmse = 1.83883e-05, psnr = 88.6886
Total decompression time: 18.491ms
Total time: 161.566ms
  ✓ Compression successful (ratio: 1.37x)

[10/176] Processing: BTRAN_1_192_288.dat
oldbits = 1769472, newbits = 1287504, compressionratio = 1.37434, bpv = 23.2839
Total compression time: 143.683ms
eps = 2.34806e-05, rmse = 1.84988e-05, psnr = 88.6365
Total decompression time: 18.451ms
Total time: 162.175ms
  ✓ Compression successful (ratio: 1.37x)

[11/176] Processing: BUILDHEAT_1_192_288.dat
oldbits = 1769472, newbits = 1287184, compressionratio = 1.37468, bpv = 23.2781
Total compression time: 141.652ms
eps = 2.43198e-05, rmse = 1.91698e-05, psnr = 88.3271
Total decompression time: 18.39ms
Total time: 160.091ms
  ✓ Compression successful (ratio: 1.37x)

[12/176] Processing: COL_CTRUNC_1_192_288.dat
oldbits = 1769472, newbits = 1284432, compressionratio = 1.37763, bpv = 23.2283
Total compression time: 146.745ms
eps = 2.33686e-05, rmse = 1.84105e-05, psnr = 88.6781
Total decompression time: 18.83ms
Total time: 165.618ms
  ✓ Compression successful (ratio: 1.37x)

[13/176] Processing: COL_FIRE_CLOSS_1_192_288.dat
oldbits = 1769472, newbits = 1284368, compressionratio = 1.3777, bpv = 23.2271
Total compression time: 142.751ms
eps = 2.3353e-05, rmse = 1.83982e-05, psnr = 88.6839
Total decompression time: 18.231ms
Total time: 161.022ms
  ✓ Compression successful (ratio: 1.37x)

[14/176] Processing: COL_FIRE_NLOSS_1_192_288.dat
oldbits = 1769472, newbits = 1284368, compressionratio = 1.3777, bpv = 23.2271
Total compression time: 141.318ms
eps = 2.33513e-05, rmse = 1.83968e-05, psnr = 88.6845
Total decompression time: 18.978ms
Total time: 160.354ms
  ✓ Compression successful (ratio: 1.37x)

[15/176] Processing: COL_NTRUNC_1_192_288.dat
oldbits = 1769472, newbits = 1288016, compressionratio = 1.3738, bpv = 23.2931
Total compression time: 146.936ms
eps = 2.34821e-05, rmse = 1.84999e-05, psnr = 88.636
Total decompression time: 18.43ms
Total time: 165.408ms
  ✓ Compression successful (ratio: 1.37x)

[16/176] Processing: CPOOL_1_192_288.dat
oldbits = 1769472, newbits = 1284368, compressionratio = 1.3777, bpv = 23.2271
Total compression time: 142.668ms
eps = 2.33518e-05, rmse = 1.83973e-05, psnr = 88.6843
Total decompression time: 18.422ms
Total time: 161.151ms
  ✓ Compression successful (ratio: 1.37x)

[17/176] Processing: CWDC_1_192_288.dat
oldbits = 1769472, newbits = 1283216, compressionratio = 1.37894, bpv = 23.2063
Total compression time: 141.983ms
eps = 2.34903e-05, rmse = 1.85196e-05, psnr = 88.6268
Total decompression time: 18.814ms
Total time: 160.837ms
  ✓ Compression successful (ratio: 1.37x)

[18/176] Processing: CWDC_HR_1_192_288.dat
oldbits = 1769472, newbits = 1284368, compressionratio = 1.3777, bpv = 23.2271
Total compression time: 146.76ms
eps = 2.33518e-05, rmse = 1.83973e-05, psnr = 88.6843
Total decompression time: 20.146ms
Total time: 166.959ms
  ✓ Compression successful (ratio: 1.37x)

[19/176] Processing: CWDC_LOSS_1_192_288.dat
oldbits = 1769472, newbits = 1284432, compressionratio = 1.37763, bpv = 23.2283
Total compression time: 143.523ms
eps = 2.33523e-05, rmse = 1.83976e-05, psnr = 88.6842
Total decompression time: 18.302ms
Total time: 161.863ms
  ✓ Compression successful (ratio: 1.37x)

[20/176] Processing: CWDN_1_192_288.dat
oldbits = 1769472, newbits = 1287376, compressionratio = 1.37448, bpv = 23.2815
Total compression time: 140.002ms
eps = 2.33916e-05, rmse = 1.84289e-05, psnr = 88.6694
Total decompression time: 18.632ms
Total time: 158.672ms
  ✓ Compression successful (ratio: 1.37x)

[21/176] Processing: DEADCROOTC_1_192_288.dat
oldbits = 1769472, newbits = 1281936, compressionratio = 1.38031, bpv = 23.1832
Total compression time: 145.845ms
eps = 2.35008e-05, rmse = 1.85295e-05, psnr = 88.6221
Total decompression time: 19.219ms
Total time: 165.105ms
  ✓ Compression successful (ratio: 1.38x)

[22/176] Processing: DEADCROOTN_1_192_288.dat
oldbits = 1769472, newbits = 1286800, compressionratio = 1.37509, bpv = 23.2711
Total compression time: 145.533ms
eps = 2.35024e-05, rmse = 1.85165e-05, psnr = 88.6282
Total decompression time: 18.326ms
Total time: 163.9ms
  ✓ Compression successful (ratio: 1.37x)

[23/176] Processing: DEADSTEMC_1_192_288.dat
oldbits = 1769472, newbits = 1281168, compressionratio = 1.38114, bpv = 23.1693
Total compression time: 147.795ms
eps = 2.33381e-05, rmse = 1.84074e-05, psnr = 88.6796
Total decompression time: 22.509ms
Total time: 170.361ms
  ✓ Compression successful (ratio: 1.38x)

[24/176] Processing: DEADSTEMN_1_192_288.dat
oldbits = 1769472, newbits = 1286288, compressionratio = 1.37564, bpv = 23.2619
Total compression time: 142.536ms
eps = 2.35271e-05, rmse = 1.85369e-05, psnr = 88.6187
Total decompression time: 18.255ms
Total time: 160.828ms
  ✓ Compression successful (ratio: 1.37x)

[25/176] Processing: DENIT_1_192_288.dat
oldbits = 1769472, newbits = 1284368, compressionratio = 1.3777, bpv = 23.2271
Total compression time: 144.786ms
eps = 2.33522e-05, rmse = 1.83976e-05, psnr = 88.6842
Total decompression time: 18.819ms
Total time: 163.651ms
  ✓ Compression successful (ratio: 1.37x)

[26/176] Processing: DISPVEGC_1_192_288.dat
oldbits = 1769472, newbits = 1278160, compressionratio = 1.38439, bpv = 23.1149
Total compression time: 142.108ms
eps = 2.34025e-05, rmse = 1.84614e-05, psnr = 88.6541
Total decompression time: 18.819ms
Total time: 160.965ms
  ✓ Compression successful (ratio: 1.38x)

[27/176] Processing: DISPVEGN_1_192_288.dat
oldbits = 1769472, newbits = 1285840, compressionratio = 1.37612, bpv = 23.2538
Total compression time: 141.506ms
eps = 2.34715e-05, rmse = 1.84947e-05, psnr = 88.6385
Total decompression time: 18.561ms
Total time: 160.106ms
  ✓ Compression successful (ratio: 1.37x)

[28/176] Processing: DSTDEP_1_192_288.dat
oldbits = 1769472, newbits = 1284368, compressionratio = 1.3777, bpv = 23.2271
Total compression time: 141.711ms
eps = 2.33518e-05, rmse = 1.83973e-05, psnr = 88.6843
Total decompression time: 18.669ms
Total time: 160.421ms
  ✓ Compression successful (ratio: 1.37x)

[29/176] Processing: DSTFLXT_1_192_288.dat
oldbits = 1769472, newbits = 1284368, compressionratio = 1.3777, bpv = 23.2271
Total compression time: 143.558ms
eps = 2.33502e-05, rmse = 1.8396e-05, psnr = 88.6849
Total decompression time: 18.733ms
Total time: 162.344ms
  ✓ Compression successful (ratio: 1.37x)

[30/176] Processing: DWT_CLOSS_1_192_288.dat
oldbits = 1769472, newbits = 1284368, compressionratio = 1.3777, bpv = 23.2271
Total compression time: 148.168ms
eps = 2.33518e-05, rmse = 1.83973e-05, psnr = 88.6843
Total decompression time: 18.51ms
Total time: 166.723ms
  ✓ Compression successful (ratio: 1.37x)

[31/176] Processing: DWT_CONV_CFLUX_1_192_288.dat
oldbits = 1769472, newbits = 1284368, compressionratio = 1.3777, bpv = 23.2271
Total compression time: 141.932ms
eps = 2.33518e-05, rmse = 1.83973e-05, psnr = 88.6843
Total decompression time: 18.877ms
Total time: 160.853ms
  ✓ Compression successful (ratio: 1.37x)

[32/176] Processing: DWT_CONV_NFLUX_1_192_288.dat
oldbits = 1769472, newbits = 1284368, compressionratio = 1.3777, bpv = 23.2271
Total compression time: 147.378ms
eps = 2.33518e-05, rmse = 1.83973e-05, psnr = 88.6843
Total decompression time: 18.475ms
Total time: 165.894ms
  ✓ Compression successful (ratio: 1.37x)

[33/176] Processing: DWT_NLOSS_1_192_288.dat
oldbits = 1769472, newbits = 1284368, compressionratio = 1.3777, bpv = 23.2271
Total compression time: 141.102ms
eps = 2.33518e-05, rmse = 1.83973e-05, psnr = 88.6843
Total decompression time: 19.723ms
Total time: 160.905ms
  ✓ Compression successful (ratio: 1.37x)

[34/176] Processing: DWT_PROD100C_GAIN_1_192_288.dat
oldbits = 1769472, newbits = 1284368, compressionratio = 1.3777, bpv = 23.2271
Total compression time: 140.555ms
eps = 2.33518e-05, rmse = 1.83973e-05, psnr = 88.6843
Total decompression time: 18.697ms
Total time: 159.29ms
  ✓ Compression successful (ratio: 1.37x)

[35/176] Processing: DWT_PROD100N_GAIN_1_192_288.dat
oldbits = 1769472, newbits = 1284368, compressionratio = 1.3777, bpv = 23.2271
Total compression time: 153.701ms
eps = 2.33518e-05, rmse = 1.83973e-05, psnr = 88.6843
Total decompression time: 19.461ms
Total time: 173.239ms
  ✓ Compression successful (ratio: 1.37x)

[36/176] Processing: DWT_PROD10C_GAIN_1_192_288.dat
oldbits = 1769472, newbits = 1284368, compressionratio = 1.3777, bpv = 23.2271
Total compression time: 142.675ms
eps = 2.33518e-05, rmse = 1.83973e-05, psnr = 88.6843
Total decompression time: 18.699ms
Total time: 161.417ms
  ✓ Compression successful (ratio: 1.37x)

[37/176] Processing: DWT_PROD10N_GAIN_1_192_288.dat
oldbits = 1769472, newbits = 1284368, compressionratio = 1.3777, bpv = 23.2271
Total compression time: 142.412ms
eps = 2.33518e-05, rmse = 1.83973e-05, psnr = 88.6843
Total decompression time: 18.838ms
Total time: 161.293ms
  ✓ Compression successful (ratio: 1.37x)

[38/176] Processing: DWT_SEEDC_TO_DEADSTEM_1_192_288.dat
oldbits = 1769472, newbits = 1284368, compressionratio = 1.3777, bpv = 23.2271
Total compression time: 144.227ms
eps = 2.33518e-05, rmse = 1.83973e-05, psnr = 88.6843
Total decompression time: 19.275ms
Total time: 163.543ms
  ✓ Compression successful (ratio: 1.37x)

[39/176] Processing: DWT_SEEDC_TO_LEAF_1_192_288.dat
oldbits = 1769472, newbits = 1284368, compressionratio = 1.3777, bpv = 23.2271
Total compression time: 144.751ms
eps = 2.33518e-05, rmse = 1.83973e-05, psnr = 88.6843
Total decompression time: 18.814ms
Total time: 163.607ms
  ✓ Compression successful (ratio: 1.37x)

[40/176] Processing: DWT_SEEDN_TO_DEADSTEM_1_192_288.dat
oldbits = 1769472, newbits = 1284368, compressionratio = 1.3777, bpv = 23.2271
Total compression time: 141.384ms
eps = 2.33518e-05, rmse = 1.83973e-05, psnr = 88.6843
Total decompression time: 18.574ms
Total time: 160.001ms
  ✓ Compression successful (ratio: 1.37x)

[41/176] Processing: DWT_SEEDN_TO_LEAF_1_192_288.dat
oldbits = 1769472, newbits = 1284368, compressionratio = 1.3777, bpv = 23.2271
Total compression time: 141.901ms
eps = 2.33518e-05, rmse = 1.83973e-05, psnr = 88.6843
Total decompression time: 18.752ms
Total time: 160.71ms
  ✓ Compression successful (ratio: 1.37x)

[42/176] Processing: EFLX_DYNBAL_1_192_288.dat
oldbits = 1769472, newbits = 1284368, compressionratio = 1.3777, bpv = 23.2271
Total compression time: 142.257ms
eps = 2.33518e-05, rmse = 1.83973e-05, psnr = 88.6843
Total decompression time: 18.777ms
Total time: 161.079ms
  ✓ Compression successful (ratio: 1.37x)

[43/176] Processing: EFLX_LH_TOT_R_1_192_288.dat
oldbits = 1769472, newbits = 1250576, compressionratio = 1.41493, bpv = 22.616
Total compression time: 139.364ms
eps = 2.23987e-05, rmse = 1.92436e-05, psnr = 88.2937
Total decompression time: 19.82ms
Total time: 159.226ms
  ✓ Compression successful (ratio: 1.41x)

[44/176] Processing: EFLX_LH_TOT_U_1_192_288.dat
oldbits = 1769472, newbits = 1192656, compressionratio = 1.48364, bpv = 21.5686
Total compression time: 155.792ms
eps = 1.98084e-05, rmse = 1.89981e-05, psnr = 88.4052
Total decompression time: 21.222ms
Total time: 177.081ms
  ✓ Compression successful (ratio: 1.48x)

[45/176] Processing: ELAI_1_192_288.dat
oldbits = 1769472, newbits = 1286736, compressionratio = 1.37516, bpv = 23.27
Total compression time: 143.939ms
eps = 2.34828e-05, rmse = 1.85013e-05, psnr = 88.6354
Total decompression time: 18.925ms
Total time: 162.907ms
  ✓ Compression successful (ratio: 1.37x)

[46/176] Processing: ER_1_192_288.dat
oldbits = 1769472, newbits = 1284368, compressionratio = 1.3777, bpv = 23.2271
Total compression time: 143.428ms
eps = 2.34078e-05, rmse = 1.84414e-05, psnr = 88.6635
Total decompression time: 19.258ms
Total time: 162.741ms
  ✓ Compression successful (ratio: 1.37x)

[47/176] Processing: ERRH2O_1_192_288.dat
oldbits = 1769472, newbits = 1284368, compressionratio = 1.3777, bpv = 23.2271
Total compression time: 145.809ms
eps = 2.33518e-05, rmse = 1.83973e-05, psnr = 88.6843
Total decompression time: 18.436ms
Total time: 164.285ms
  ✓ Compression successful (ratio: 1.37x)

[48/176] Processing: ERRSEB_1_192_288.dat
oldbits = 1769472, newbits = 1284368, compressionratio = 1.3777, bpv = 23.2271
Total compression time: 149.162ms
eps = 2.33518e-05, rmse = 1.83973e-05, psnr = 88.6843
Total decompression time: 18.52ms
Total time: 167.725ms
  ✓ Compression successful (ratio: 1.37x)

[49/176] Processing: ERRSOI_1_192_288.dat
oldbits = 1769472, newbits = 1284368, compressionratio = 1.3777, bpv = 23.2271
Total compression time: 142.088ms
eps = 2.33518e-05, rmse = 1.83973e-05, psnr = 88.6843
Total decompression time: 18.825ms
Total time: 160.957ms
  ✓ Compression successful (ratio: 1.37x)

[50/176] Processing: ERRSOL_1_192_288.dat
oldbits = 1769472, newbits = 1284368, compressionratio = 1.3777, bpv = 23.2271
Total compression time: 145.322ms
eps = 2.33518e-05, rmse = 1.83973e-05, psnr = 88.6843
Total decompression time: 18.581ms
Total time: 163.942ms
  ✓ Compression successful (ratio: 1.37x)

[51/176] Processing: ESAI_1_192_288.dat
oldbits = 1769472, newbits = 1287632, compressionratio = 1.37421, bpv = 23.2862
Total compression time: 142.807ms
eps = 2.34557e-05, rmse = 1.84793e-05, psnr = 88.6457
Total decompression time: 18.716ms
Total time: 161.561ms
  ✓ Compression successful (ratio: 1.37x)

[52/176] Processing: FCEV_1_192_288.dat
oldbits = 1769472, newbits = 1288720, compressionratio = 1.37305, bpv = 23.3058
Total compression time: 149.103ms
eps = 2.46592e-05, rmse = 1.94311e-05, psnr = 88.2094
Total decompression time: 18.493ms
Total time: 167.635ms
  ✓ Compression successful (ratio: 1.37x)

[53/176] Processing: FCOV_1_192_288.dat
oldbits = 1769472, newbits = 1255888, compressionratio = 1.40894, bpv = 22.7121
Total compression time: 140.188ms
eps = 2.23316e-05, rmse = 1.91803e-05, psnr = 88.3223
Total decompression time: 18.092ms
Total time: 158.319ms
  ✓ Compression successful (ratio: 1.40x)

[54/176] Processing: FCTR_1_192_288.dat
oldbits = 1769472, newbits = 1285328, compressionratio = 1.37667, bpv = 23.2445
Total compression time: 143.598ms
eps = 2.35357e-05, rmse = 1.85446e-05, psnr = 88.615
Total decompression time: 19.053ms
Total time: 162.692ms
  ✓ Compression successful (ratio: 1.37x)

[55/176] Processing: FGEV_1_192_288.dat
oldbits = 1769472, newbits = 1288080, compressionratio = 1.37373, bpv = 23.2943
Total compression time: 144.845ms
eps = 2.43021e-05, rmse = 1.91524e-05, psnr = 88.3349
Total decompression time: 20.078ms
Total time: 164.964ms
  ✓ Compression successful (ratio: 1.37x)

[56/176] Processing: FGR_1_192_288.dat
oldbits = 1769472, newbits = 1286416, compressionratio = 1.37551, bpv = 23.2642
Total compression time: 146.223ms
eps = 2.42663e-05, rmse = 1.91314e-05, psnr = 88.3445
Total decompression time: 18.697ms
Total time: 164.963ms
  ✓ Compression successful (ratio: 1.37x)

[57/176] Processing: FGR12_1_192_288.dat
oldbits = 1769472, newbits = 1250192, compressionratio = 1.41536, bpv = 22.6091
Total compression time: 144.793ms
eps = 2.90038e-05, rmse = 2.28623e-05, psnr = 86.797
Total decompression time: 18.53ms
Total time: 163.363ms
  ✓ Compression successful (ratio: 1.41x)

[58/176] Processing: FGR_R_1_192_288.dat
oldbits = 1769472, newbits = 1251664, compressionratio = 1.4137, bpv = 22.6357
Total compression time: 151.679ms
eps = 2.22619e-05, rmse = 1.9126e-05, psnr = 88.3469
Total decompression time: 18.859ms
Total time: 170.577ms
  ✓ Compression successful (ratio: 1.41x)

[59/176] Processing: FGR_U_1_192_288.dat
oldbits = 1769472, newbits = 1190992, compressionratio = 1.48571, bpv = 21.5385
Total compression time: 132.147ms
eps = 1.99539e-05, rmse = 1.91396e-05, psnr = 88.3408
Total decompression time: 18.811ms
Total time: 151.003ms
  ✓ Compression successful (ratio: 1.48x)

[60/176] Processing: FIRA_1_192_288.dat
oldbits = 1769472, newbits = 1287120, compressionratio = 1.37475, bpv = 23.2769
Total compression time: 148.931ms
eps = 2.4413e-05, rmse = 1.92458e-05, psnr = 88.2927
Total decompression time: 18.281ms
Total time: 167.248ms
  ✓ Compression successful (ratio: 1.37x)

[61/176] Processing: FIRA_R_1_192_288.dat
oldbits = 1769472, newbits = 1250768, compressionratio = 1.41471, bpv = 22.6195
Total compression time: 137.993ms
eps = 2.25692e-05, rmse = 1.93914e-05, psnr = 88.2272
Total decompression time: 18.92ms
Total time: 156.951ms
  ✓ Compression successful (ratio: 1.41x)

[62/176] Processing: FIRA_U_1_192_288.dat
oldbits = 1769472, newbits = 1192784, compressionratio = 1.48348, bpv = 21.5709
Total compression time: 130.129ms
eps = 1.95668e-05, rmse = 1.87666e-05, psnr = 88.5117
Total decompression time: 18.472ms
Total time: 148.654ms
  ✓ Compression successful (ratio: 1.48x)

[63/176] Processing: FIRE_1_192_288.dat
oldbits = 1769472, newbits = 1284560, compressionratio = 1.37749, bpv = 23.2306
Total compression time: 144.734ms
eps = 2.42719e-05, rmse = 1.91414e-05, psnr = 88.3399
Total decompression time: 18.626ms
Total time: 163.4ms
  ✓ Compression successful (ratio: 1.37x)

[64/176] Processing: FIRESEASONL_1_192_288.dat
oldbits = 1769472, newbits = 1253008, compressionratio = 1.41218, bpv = 22.66
Total compression time: 138.377ms
eps = 2.23955e-05, rmse = 1.92404e-05, psnr = 88.2951
Total decompression time: 19.215ms
Total time: 157.63ms
  ✓ Compression successful (ratio: 1.41x)

[65/176] Processing: FLDS_1_192_288.dat
oldbits = 1769472, newbits = 1284560, compressionratio = 1.37749, bpv = 23.2306
Total compression time: 143.694ms
eps = 2.44574e-05, rmse = 1.92881e-05, psnr = 88.2736
Total decompression time: 18.811ms
Total time: 162.543ms
  ✓ Compression successful (ratio: 1.37x)

[66/176] Processing: FLUXFM2A_1_192_288.dat
oldbits = 1769472, newbits = 1284368, compressionratio = 1.3777, bpv = 23.2271
Total compression time: 140.825ms
eps = 2.33518e-05, rmse = 1.83973e-05, psnr = 88.6843
Total decompression time: 19.318ms
Total time: 160.199ms
  ✓ Compression successful (ratio: 1.37x)

[67/176] Processing: FLUXFMLND_1_192_288.dat
oldbits = 1769472, newbits = 1284368, compressionratio = 1.3777, bpv = 23.2271
Total compression time: 146.663ms
eps = 2.33518e-05, rmse = 1.83973e-05, psnr = 88.6843
Total decompression time: 19.168ms
Total time: 165.875ms
  ✓ Compression successful (ratio: 1.37x)

[68/176] Processing: FPG_1_192_288.dat
oldbits = 1769472, newbits = 1256528, compressionratio = 1.40822, bpv = 22.7237
Total compression time: 144.074ms
eps = 2.22903e-05, rmse = 1.91449e-05, psnr = 88.3383
Total decompression time: 18.551ms
Total time: 162.694ms
  ✓ Compression successful (ratio: 1.40x)

[69/176] Processing: FPI_1_192_288.dat
oldbits = 1769472, newbits = 1255952, compressionratio = 1.40887, bpv = 22.7133
Total compression time: 138.033ms
eps = 2.25297e-05, rmse = 1.93506e-05, psnr = 88.2455
Total decompression time: 18.233ms
Total time: 156.303ms
  ✓ Compression successful (ratio: 1.40x)

[70/176] Processing: FPSN_1_192_288.dat
oldbits = 1769472, newbits = 1286096, compressionratio = 1.37585, bpv = 23.2584
Total compression time: 140.734ms
eps = 2.35538e-05, rmse = 1.85576e-05, psnr = 88.6089
Total decompression time: 18.948ms
Total time: 159.742ms
  ✓ Compression successful (ratio: 1.37x)

[71/176] Processing: FROOTC_1_192_288.dat
oldbits = 1769472, newbits = 1283344, compressionratio = 1.3788, bpv = 23.2086
Total compression time: 141.032ms
eps = 2.33369e-05, rmse = 1.83953e-05, psnr = 88.6853
Total decompression time: 18.62ms
Total time: 159.699ms
  ✓ Compression successful (ratio: 1.37x)

[72/176] Processing: FROOTC_ALLOC_1_192_288.dat
oldbits = 1769472, newbits = 1284368, compressionratio = 1.3777, bpv = 23.2271
Total compression time: 145.602ms
eps = 2.33368e-05, rmse = 1.83855e-05, psnr = 88.6899
Total decompression time: 19.157ms
Total time: 164.805ms
  ✓ Compression successful (ratio: 1.37x)

[73/176] Processing: FROOTC_LOSS_1_192_288.dat
oldbits = 1769472, newbits = 1284432, compressionratio = 1.37763, bpv = 23.2283
Total compression time: 142.785ms
eps = 2.33633e-05, rmse = 1.84064e-05, psnr = 88.68
Total decompression time: 18.333ms
Total time: 161.158ms
  ✓ Compression successful (ratio: 1.37x)

[74/176] Processing: FROOTN_1_192_288.dat
oldbits = 1769472, newbits = 1286672, compressionratio = 1.37523, bpv = 23.2688
Total compression time: 142.873ms
eps = 2.34879e-05, rmse = 1.85056e-05, psnr = 88.6333
Total decompression time: 19.45ms
Total time: 162.364ms
  ✓ Compression successful (ratio: 1.37x)

[75/176] Processing: FSA_1_192_288.dat
oldbits = 1769472, newbits = 1286672, compressionratio = 1.37523, bpv = 23.2688
Total compression time: 145.031ms
eps = 2.45561e-05, rmse = 1.93602e-05, psnr = 88.2412
Total decompression time: 19.168ms
Total time: 164.238ms
  ✓ Compression successful (ratio: 1.37x)

[76/176] Processing: FSA_R_1_192_288.dat
oldbits = 1769472, newbits = 1250576, compressionratio = 1.41493, bpv = 22.616
Total compression time: 144.018ms
eps = 2.21906e-05, rmse = 1.9067e-05, psnr = 88.3738
Total decompression time: 18.758ms
Total time: 162.832ms
  ✓ Compression successful (ratio: 1.41x)

[77/176] Processing: FSAT_1_192_288.dat
oldbits = 1769472, newbits = 1256400, compressionratio = 1.40837, bpv = 22.7214
Total compression time: 143.69ms
eps = 2.25887e-05, rmse = 1.94011e-05, psnr = 88.2229
Total decompression time: 18.363ms
Total time: 162.1ms
  ✓ Compression successful (ratio: 1.40x)

[78/176] Processing: FSA_U_1_192_288.dat
oldbits = 1769472, newbits = 1191312, compressionratio = 1.48531, bpv = 21.5443
Total compression time: 141.925ms
eps = 1.97731e-05, rmse = 1.89653e-05, psnr = 88.4202
Total decompression time: 18.584ms
Total time: 160.551ms
  ✓ Compression successful (ratio: 1.48x)

[79/176] Processing: FSDS_1_192_288.dat
oldbits = 1769472, newbits = 1285968, compressionratio = 1.37598, bpv = 23.2561
Total compression time: 147.861ms
eps = 2.44173e-05, rmse = 1.92559e-05, psnr = 88.2881
Total decompression time: 18.576ms
Total time: 166.477ms
  ✓ Compression successful (ratio: 1.37x)

[80/176] Processing: FSDSND_1_192_288.dat
oldbits = 1769472, newbits = 1288208, compressionratio = 1.37359, bpv = 23.2966
Total compression time: 144.738ms
eps = 2.42917e-05, rmse = 1.91508e-05, psnr = 88.3357
Total decompression time: 18.639ms
Total time: 163.413ms
  ✓ Compression successful (ratio: 1.37x)

[81/176] Processing: FSDSNDLN_1_192_288.dat
oldbits = 1769472, newbits = 1285904, compressionratio = 1.37605, bpv = 23.2549
Total compression time: 241.49ms
eps = 2.43072e-05, rmse = 1.91695e-05, psnr = 88.3272
Total decompression time: 34.898ms
Total time: 276.456ms
  ✓ Compression successful (ratio: 1.37x)

[82/176] Processing: FSDSNI_1_192_288.dat
oldbits = 1769472, newbits = 1345808, compressionratio = 1.3148, bpv = 24.3383
Total compression time: 150.969ms
eps = 1.44645e-05, rmse = 1.1399e-05, psnr = 92.8421
Total decompression time: 18.809ms
Total time: 169.816ms
  ✓ Compression successful (ratio: 1.31x)

[83/176] Processing: FSDSVD_1_192_288.dat
oldbits = 1769472, newbits = 1287568, compressionratio = 1.37427, bpv = 23.285
Total compression time: 145.067ms
eps = 2.43005e-05, rmse = 1.91568e-05, psnr = 88.3329
Total decompression time: 17.982ms
Total time: 163.087ms
  ✓ Compression successful (ratio: 1.37x)

[84/176] Processing: FSDSVDLN_1_192_288.dat
oldbits = 1769472, newbits = 1285776, compressionratio = 1.37619, bpv = 23.2526
Total compression time: 175.475ms
eps = 2.4451e-05, rmse = 1.92818e-05, psnr = 88.2765
Total decompression time: 21.886ms
Total time: 197.403ms
  ✓ Compression successful (ratio: 1.37x)

[85/176] Processing: FSDSVI_1_192_288.dat
oldbits = 1769472, newbits = 1289168, compressionratio = 1.37257, bpv = 23.3139
Total compression time: 146.405ms
eps = 2.43044e-05, rmse = 1.91564e-05, psnr = 88.3331
Total decompression time: 18.622ms
Total time: 165.069ms
  ✓ Compression successful (ratio: 1.37x)

[86/176] Processing: FSH_1_192_288.dat
oldbits = 1769472, newbits = 1285392, compressionratio = 1.3766, bpv = 23.2457
Total compression time: 144.784ms
eps = 2.43932e-05, rmse = 1.92347e-05, psnr = 88.2977
Total decompression time: 19.009ms
Total time: 163.833ms
  ✓ Compression successful (ratio: 1.37x)

[87/176] Processing: FSH_G_1_192_288.dat
oldbits = 1769472, newbits = 1285584, compressionratio = 1.3764, bpv = 23.2491
Total compression time: 146.302ms
eps = 2.44262e-05, rmse = 1.92603e-05, psnr = 88.2862
Total decompression time: 18.864ms
Total time: 165.223ms
  ✓ Compression successful (ratio: 1.37x)

[88/176] Processing: FSH_NODYNLNDUSE_1_192_288.dat
oldbits = 1769472, newbits = 1285392, compressionratio = 1.3766, bpv = 23.2457
Total compression time: 225.655ms
eps = 2.43932e-05, rmse = 1.92347e-05, psnr = 88.2977
Total decompression time: 19.49ms
Total time: 245.192ms
  ✓ Compression successful (ratio: 1.37x)

[89/176] Processing: FSH_R_1_192_288.dat
oldbits = 1769472, newbits = 1249040, compressionratio = 1.41667, bpv = 22.5883
Total compression time: 142.329ms
eps = 2.21843e-05, rmse = 1.90637e-05, psnr = 88.3752
Total decompression time: 18.923ms
Total time: 161.289ms
  ✓ Compression successful (ratio: 1.41x)

[90/176] Processing: FSH_U_1_192_288.dat
oldbits = 1769472, newbits = 1191056, compressionratio = 1.48563, bpv = 21.5396
Total compression time: 128.364ms
eps = 1.94534e-05, rmse = 1.86587e-05, psnr = 88.5618
Total decompression time: 18.764ms
Total time: 147.165ms
  ✓ Compression successful (ratio: 1.48x)

[91/176] Processing: FSH_V_1_192_288.dat
oldbits = 1769472, newbits = 1285904, compressionratio = 1.37605, bpv = 23.2549
Total compression time: 147.866ms
eps = 2.44667e-05, rmse = 1.92899e-05, psnr = 88.2728
Total decompression time: 18.339ms
Total time: 166.246ms
  ✓ Compression successful (ratio: 1.37x)

[92/176] Processing: FSM_1_192_288.dat
oldbits = 1769472, newbits = 1294224, compressionratio = 1.36721, bpv = 23.4054
Total compression time: 144.987ms
eps = 2.41773e-05, rmse = 1.90481e-05, psnr = 88.3824
Total decompression time: 18.252ms
Total time: 163.285ms
  ✓ Compression successful (ratio: 1.36x)

[93/176] Processing: FSM_R_1_192_288.dat
oldbits = 1769472, newbits = 1256464, compressionratio = 1.4083, bpv = 22.7225
Total compression time: 140.028ms
eps = 2.19021e-05, rmse = 1.88116e-05, psnr = 88.4909
Total decompression time: 18.829ms
Total time: 158.896ms
  ✓ Compression successful (ratio: 1.40x)

[94/176] Processing: FSM_U_1_192_288.dat
oldbits = 1769472, newbits = 1197328, compressionratio = 1.47785, bpv = 21.6531
Total compression time: 133.355ms
eps = 2.01263e-05, rmse = 1.93016e-05, psnr = 88.2675
Total decompression time: 18.024ms
Total time: 151.438ms
  ✓ Compression successful (ratio: 1.47x)

[95/176] Processing: FSNO_1_192_288.dat
oldbits = 1769472, newbits = 1290384, compressionratio = 1.37128, bpv = 23.3359
Total compression time: 143.378ms
eps = 2.51013e-05, rmse = 1.97758e-05, psnr = 88.0567
Total decompression time: 18.654ms
Total time: 162.099ms
  ✓ Compression successful (ratio: 1.37x)

[96/176] Processing: FSR_1_192_288.dat
oldbits = 1769472, newbits = 1288656, compressionratio = 1.37311, bpv = 23.3047
Total compression time: 149.194ms
eps = 2.42108e-05, rmse = 1.90867e-05, psnr = 88.3648
Total decompression time: 19.488ms
Total time: 168.723ms
  ✓ Compression successful (ratio: 1.37x)

[97/176] Processing: FSRND_1_192_288.dat
oldbits = 1769472, newbits = 1289296, compressionratio = 1.37243, bpv = 23.3163
Total compression time: 149.746ms
eps = 2.43864e-05, rmse = 1.92206e-05, psnr = 88.3041
Total decompression time: 18.495ms
Total time: 168.286ms
  ✓ Compression successful (ratio: 1.37x)

[98/176] Processing: FSRNDLN_1_192_288.dat
oldbits = 1769472, newbits = 1287888, compressionratio = 1.37393, bpv = 23.2908
Total compression time: 145.609ms
eps = 2.42163e-05, rmse = 1.90908e-05, psnr = 88.3629
Total decompression time: 19.449ms
Total time: 165.101ms
  ✓ Compression successful (ratio: 1.37x)

[99/176] Processing: FSRNI_1_192_288.dat
oldbits = 1769472, newbits = 1291024, compressionratio = 1.3706, bpv = 23.3475
Total compression time: 144.424ms
eps = 2.42421e-05, rmse = 1.91021e-05, psnr = 88.3578
Total decompression time: 18.685ms
Total time: 163.164ms
  ✓ Compression successful (ratio: 1.37x)

[100/176] Processing: FSRVD_1_192_288.dat
oldbits = 1769472, newbits = 1290320, compressionratio = 1.37134, bpv = 23.3348
Total compression time: 144.596ms
eps = 2.44183e-05, rmse = 1.92447e-05, psnr = 88.2932
Total decompression time: 18.762ms
Total time: 163.399ms
  ✓ Compression successful (ratio: 1.37x)

[101/176] Processing: FSRVDLN_1_192_288.dat
oldbits = 1769472, newbits = 1252368, compressionratio = 1.4129, bpv = 22.6484
Total compression time: 146.998ms
eps = 2.89143e-05, rmse = 2.27922e-05, psnr = 86.8237
Total decompression time: 18.623ms
Total time: 165.658ms
  ✓ Compression successful (ratio: 1.41x)

[102/176] Processing: FSRVI_1_192_288.dat
oldbits = 1769472, newbits = 1291088, compressionratio = 1.37053, bpv = 23.3487
Total compression time: 154.039ms
eps = 2.43836e-05, rmse = 1.92155e-05, psnr = 88.3064
Total decompression time: 18.7ms
Total time: 172.782ms
  ✓ Compression successful (ratio: 1.37x)

[103/176] Processing: GC_HEAT1_1_192_288.dat
oldbits = 1769472, newbits = 1274512, compressionratio = 1.38835, bpv = 23.0489
Total compression time: 145.436ms
eps = 2.42394e-05, rmse = 1.91765e-05, psnr = 88.324
Total decompression time: 18.822ms
Total time: 164.316ms
  ✓ Compression successful (ratio: 1.38x)

[104/176] Processing: GC_HEAT2_1_192_288.dat
oldbits = 1769472, newbits = 1284368, compressionratio = 1.3777, bpv = 23.2271
Total compression time: 141.035ms
eps = 2.33518e-05, rmse = 1.83973e-05, psnr = 88.6843
Total decompression time: 18.667ms
Total time: 159.744ms
  ✓ Compression successful (ratio: 1.37x)

[105/176] Processing: GC_ICE1_1_192_288.dat
oldbits = 1769472, newbits = 1290384, compressionratio = 1.37128, bpv = 23.3359
Total compression time: 143.907ms
eps = 2.42677e-05, rmse = 1.91558e-05, psnr = 88.3334
Total decompression time: 18.461ms
Total time: 162.406ms
  ✓ Compression successful (ratio: 1.37x)

[106/176] Processing: GC_ICE2_1_192_288.dat
oldbits = 1769472, newbits = 1284368, compressionratio = 1.3777, bpv = 23.2271
Total compression time: 145.482ms
eps = 2.33518e-05, rmse = 1.83973e-05, psnr = 88.6843
Total decompression time: 18.85ms
Total time: 164.374ms
  ✓ Compression successful (ratio: 1.37x)

[107/176] Processing: GC_LIQ1_1_192_288.dat
oldbits = 1769472, newbits = 1267792, compressionratio = 1.39571, bpv = 22.9274
Total compression time: 142.931ms
eps = 2.40552e-05, rmse = 1.91063e-05, psnr = 88.3559
Total decompression time: 18.899ms
Total time: 161.871ms
  ✓ Compression successful (ratio: 1.39x)

[108/176] Processing: GC_LIQ2_1_192_288.dat
oldbits = 1769472, newbits = 1284368, compressionratio = 1.3777, bpv = 23.2271
Total compression time: 144.703ms
eps = 2.33518e-05, rmse = 1.83973e-05, psnr = 88.6843
Total decompression time: 18.697ms
Total time: 163.441ms
  ✓ Compression successful (ratio: 1.37x)

[109/176] Processing: GPP_1_192_288.dat
oldbits = 1769472, newbits = 1284368, compressionratio = 1.3777, bpv = 23.2271
Total compression time: 140.454ms
eps = 2.33754e-05, rmse = 1.84159e-05, psnr = 88.6756
Total decompression time: 18.626ms
Total time: 159.127ms
  ✓ Compression successful (ratio: 1.37x)

[110/176] Processing: GR_1_192_288.dat
oldbits = 1769472, newbits = 1284368, compressionratio = 1.3777, bpv = 23.2271
Total compression time: 140.789ms
eps = 2.33441e-05, rmse = 1.83912e-05, psnr = 88.6872
Total decompression time: 18.68ms
Total time: 159.518ms
  ✓ Compression successful (ratio: 1.37x)

[111/176] Processing: GROSS_NMIN_1_192_288.dat
oldbits = 1769472, newbits = 1284368, compressionratio = 1.3777, bpv = 23.2271
Total compression time: 146.502ms
eps = 2.33468e-05, rmse = 1.83933e-05, psnr = 88.6862
Total decompression time: 19.144ms
Total time: 165.692ms
  ✓ Compression successful (ratio: 1.37x)

[112/176] Processing: H2OCAN_1_192_288.dat
oldbits = 1769472, newbits = 1288208, compressionratio = 1.37359, bpv = 23.2966
Total compression time: 144.617ms
eps = 2.35725e-05, rmse = 1.85712e-05, psnr = 88.6026
Total decompression time: 18.34ms
Total time: 162.997ms
  ✓ Compression successful (ratio: 1.37x)

[113/176] Processing: H2OSNO_1_192_288.dat
oldbits = 1769472, newbits = 1348496, compressionratio = 1.31218, bpv = 24.3869
Total compression time: 160.114ms
eps = 1.44213e-05, rmse = 1.13708e-05, psnr = 92.8636
Total decompression time: 18.735ms
Total time: 178.894ms
  ✓ Compression successful (ratio: 1.31x)

[114/176] Processing: H2OSNO_TOP_1_192_288.dat
oldbits = 1769472, newbits = 1292368, compressionratio = 1.36917, bpv = 23.3718
Total compression time: 143.966ms
eps = 2.43743e-05, rmse = 1.92035e-05, psnr = 88.3118
Total decompression time: 18.453ms
Total time: 162.459ms
  ✓ Compression successful (ratio: 1.36x)

[115/176] Processing: HC_1_192_288.dat
oldbits = 1769472, newbits = 1278096, compressionratio = 1.38446, bpv = 23.1137
Total compression time: 144.305ms
eps = 2.41898e-05, rmse = 1.91119e-05, psnr = 88.3533
Total decompression time: 18.907ms
Total time: 163.258ms
  ✓ Compression successful (ratio: 1.38x)

[116/176] Processing: HCSOI_1_192_288.dat
oldbits = 1769472, newbits = 1279888, compressionratio = 1.38252, bpv = 23.1461
Total compression time: 149.024ms
eps = 2.41631e-05, rmse = 1.90902e-05, psnr = 88.3632
Total decompression time: 18.74ms
Total time: 167.805ms
  ✓ Compression successful (ratio: 1.38x)

[117/176] Processing: HEAT_FROM_AC_1_192_288.dat
oldbits = 1769472, newbits = 1284496, compressionratio = 1.37756, bpv = 23.2295
Total compression time: 144.631ms
eps = 2.33343e-05, rmse = 1.83835e-05, psnr = 88.6908
Total decompression time: 19.771ms
Total time: 164.455ms
  ✓ Compression successful (ratio: 1.37x)

[118/176] Processing: HR_1_192_288.dat
oldbits = 1769472, newbits = 1284368, compressionratio = 1.3777, bpv = 23.2271
Total compression time: 140.713ms
eps = 2.33562e-05, rmse = 1.84007e-05, psnr = 88.6827
Total decompression time: 18.557ms
Total time: 159.31ms
  ✓ Compression successful (ratio: 1.37x)

[119/176] Processing: HTOP_1_192_288.dat
oldbits = 1769472, newbits = 1285712, compressionratio = 1.37626, bpv = 23.2514
Total compression time: 144.59ms
eps = 2.35229e-05, rmse = 1.8534e-05, psnr = 88.62
Total decompression time: 18.739ms
Total time: 163.371ms
  ✓ Compression successful (ratio: 1.37x)

[120/176] Processing: LAISHA_1_192_288.dat
oldbits = 1769472, newbits = 1286864, compressionratio = 1.37503, bpv = 23.2723
Total compression time: 149.143ms
eps = 2.35935e-05, rmse = 1.85884e-05, psnr = 88.5946
Total decompression time: 18.41ms
Total time: 167.6ms
  ✓ Compression successful (ratio: 1.37x)

[121/176] Processing: LAISUN_1_192_288.dat
oldbits = 1769472, newbits = 1287952, compressionratio = 1.37386, bpv = 23.292
Total compression time: 143.348ms
eps = 2.33372e-05, rmse = 1.83858e-05, psnr = 88.6898
Total decompression time: 18.853ms
Total time: 162.241ms
  ✓ Compression successful (ratio: 1.37x)

[122/176] Processing: landfrac_192_288.dat
oldbits = 1769472, newbits = 1289936, compressionratio = 1.37175, bpv = 23.3278
Total compression time: 150.434ms
eps = 2.51767e-05, rmse = 1.98353e-05, psnr = 88.0306
Total decompression time: 18.662ms
Total time: 169.137ms
  ✓ Compression successful (ratio: 1.37x)

[123/176] Processing: latixy_192_288.dat
oldbits = 1769472, newbits = 1280976, compressionratio = 1.38135, bpv = 23.1658
Total compression time: 148.244ms
eps = 2.43557e-05, rmse = 1.92034e-05, psnr = 88.3118
Total decompression time: 18.279ms
Total time: 166.59ms
  ✓ Compression successful (ratio: 1.38x)

[124/176] Processing: latixyatm_192_288.dat
oldbits = 1769472, newbits = 936272, compressionratio = 1.88991, bpv = 16.932
Total compression time: 245.754ms
eps = 2.33035e-05, rmse = 1.98659e-05, psnr = 88.0172
Total decompression time: 18.477ms
Total time: 264.292ms
  ✓ Compression successful (ratio: 1.88x)

[125/176] Processing: LEAFC_1_192_288.dat
oldbits = 1769472, newbits = 1283344, compressionratio = 1.3788, bpv = 23.2086
Total compression time: 142.05ms
eps = 2.34147e-05, rmse = 1.84558e-05, psnr = 88.6567
Total decompression time: 18.824ms
Total time: 160.918ms
  ✓ Compression successful (ratio: 1.37x)

[126/176] Processing: LEAFC_ALLOC_1_192_288.dat
oldbits = 1769472, newbits = 1284368, compressionratio = 1.3777, bpv = 23.2271
Total compression time: 268.444ms
eps = 2.33437e-05, rmse = 1.83909e-05, psnr = 88.6874
Total decompression time: 18.948ms
Total time: 287.441ms
  ✓ Compression successful (ratio: 1.37x)

[127/176] Processing: LEAFC_LOSS_1_192_288.dat
oldbits = 1769472, newbits = 1284432, compressionratio = 1.37763, bpv = 23.2283
Total compression time: 144.045ms
eps = 2.33596e-05, rmse = 1.84034e-05, psnr = 88.6814
Total decompression time: 18.456ms
Total time: 162.54ms
  ✓ Compression successful (ratio: 1.37x)

[128/176] Processing: LEAFN_1_192_288.dat
oldbits = 1769472, newbits = 1286352, compressionratio = 1.37557, bpv = 23.263
Total compression time: 295.02ms
eps = 2.36331e-05, rmse = 1.86201e-05, psnr = 88.5797
Total decompression time: 19.797ms
Total time: 314.875ms
  ✓ Compression successful (ratio: 1.37x)

[129/176] Processing: LITFALL_1_192_288.dat
oldbits = 1769472, newbits = 1284432, compressionratio = 1.37763, bpv = 23.2283
Total compression time: 145.66ms
eps = 2.33866e-05, rmse = 1.84247e-05, psnr = 88.6714
Total decompression time: 19.24ms
Total time: 164.946ms
  ✓ Compression successful (ratio: 1.37x)

[130/176] Processing: LITHR_1_192_288.dat
oldbits = 1769472, newbits = 1284432, compressionratio = 1.37763, bpv = 23.2283
Total compression time: 140.883ms
eps = 2.33469e-05, rmse = 1.83934e-05, psnr = 88.6862
Total decompression time: 18.725ms
Total time: 159.652ms
  ✓ Compression successful (ratio: 1.37x)

[131/176] Processing: LITR1C_1_192_288.dat
oldbits = 1769472, newbits = 1287760, compressionratio = 1.37407, bpv = 23.2885
Total compression time: 145.659ms
eps = 2.33863e-05, rmse = 1.84251e-05, psnr = 88.6712
Total decompression time: 18.495ms
Total time: 164.215ms
  ✓ Compression successful (ratio: 1.37x)

[132/176] Processing: LITR1C_TO_SOIL1C_1_192_288.dat
oldbits = 1769472, newbits = 1284368, compressionratio = 1.3777, bpv = 23.2271
Total compression time: 233.6ms
eps = 2.33498e-05, rmse = 1.83957e-05, psnr = 88.6851
Total decompression time: 18.713ms
Total time: 252.36ms
  ✓ Compression successful (ratio: 1.37x)

[133/176] Processing: LITR1N_1_192_288.dat
oldbits = 1769472, newbits = 1288336, compressionratio = 1.37346, bpv = 23.2989
Total compression time: 145.173ms
eps = 2.33771e-05, rmse = 1.84172e-05, psnr = 88.6749
Total decompression time: 19.346ms
Total time: 164.587ms
  ✓ Compression successful (ratio: 1.37x)

[134/176] Processing: LITR2C_1_192_288.dat
oldbits = 1769472, newbits = 1286096, compressionratio = 1.37585, bpv = 23.2584
Total compression time: 144.917ms
eps = 2.34444e-05, rmse = 1.84749e-05, psnr = 88.6478
Total decompression time: 20.484ms
Total time: 165.442ms
  ✓ Compression successful (ratio: 1.37x)

[135/176] Processing: LITR2C_TO_SOIL2C_1_192_288.dat
oldbits = 1769472, newbits = 1284368, compressionratio = 1.3777, bpv = 23.2271
Total compression time: 146.183ms
eps = 2.33501e-05, rmse = 1.83959e-05, psnr = 88.685
Total decompression time: 18.865ms
Total time: 165.086ms
  ✓ Compression successful (ratio: 1.37x)

[136/176] Processing: LITR2N_1_192_288.dat
oldbits = 1769472, newbits = 1288976, compressionratio = 1.37277, bpv = 23.3105
Total compression time: 141.042ms
eps = 2.3437e-05, rmse = 1.84645e-05, psnr = 88.6526
Total decompression time: 18.766ms
Total time: 159.85ms
  ✓ Compression successful (ratio: 1.37x)

[137/176] Processing: LITR3C_1_192_288.dat
oldbits = 1769472, newbits = 1284880, compressionratio = 1.37715, bpv = 23.2364
Total compression time: 141.651ms
eps = 2.36436e-05, rmse = 1.86338e-05, psnr = 88.5734
Total decompression time: 18.947ms
Total time: 160.645ms
  ✓ Compression successful (ratio: 1.37x)

[138/176] Processing: LITR3C_TO_SOIL3C_1_192_288.dat
oldbits = 1769472, newbits = 1284432, compressionratio = 1.37763, bpv = 23.2283
Total compression time: 141.157ms
eps = 2.33431e-05, rmse = 1.83904e-05, psnr = 88.6876
Total decompression time: 19.054ms
Total time: 160.276ms
  ✓ Compression successful (ratio: 1.37x)

[139/176] Processing: LITR3N_1_192_288.dat
oldbits = 1769472, newbits = 1287504, compressionratio = 1.37434, bpv = 23.2839
Total compression time: 151.764ms
eps = 2.33956e-05, rmse = 1.8432e-05, psnr = 88.6679
Total decompression time: 20.531ms
Total time: 172.345ms
  ✓ Compression successful (ratio: 1.37x)

[140/176] Processing: LITTERC_1_192_288.dat
oldbits = 1769472, newbits = 1284240, compressionratio = 1.37784, bpv = 23.2248
Total compression time: 145.142ms
eps = 2.34155e-05, rmse = 1.84556e-05, psnr = 88.6568
Total decompression time: 18.328ms
Total time: 163.521ms
  ✓ Compression successful (ratio: 1.37x)

[141/176] Processing: LITTERC_HR_1_192_288.dat
oldbits = 1769472, newbits = 1284432, compressionratio = 1.37763, bpv = 23.2283
Total compression time: 147.26ms
eps = 2.33469e-05, rmse = 1.83934e-05, psnr = 88.6862
Total decompression time: 18.626ms
Total time: 165.926ms
  ✓ Compression successful (ratio: 1.37x)

[142/176] Processing: LITTERC_LOSS_1_192_288.dat
oldbits = 1769472, newbits = 1284432, compressionratio = 1.37763, bpv = 23.2283
Total compression time: 142.449ms
eps = 2.33602e-05, rmse = 1.84039e-05, psnr = 88.6812
Total decompression time: 19.372ms
Total time: 161.856ms
  ✓ Compression successful (ratio: 1.37x)

[143/176] Processing: LIVECROOTC_1_192_288.dat
oldbits = 1769472, newbits = 1286288, compressionratio = 1.37564, bpv = 23.2619
Total compression time: 147.323ms
eps = 2.34046e-05, rmse = 1.844e-05, psnr = 88.6642
Total decompression time: 18.368ms
Total time: 165.731ms
  ✓ Compression successful (ratio: 1.37x)

[144/176] Processing: LIVECROOTN_1_192_288.dat
oldbits = 1769472, newbits = 1288016, compressionratio = 1.3738, bpv = 23.2931
Total compression time: 150.088ms
eps = 2.34801e-05, rmse = 1.84983e-05, psnr = 88.6367
Total decompression time: 19.932ms
Total time: 170.066ms
  ✓ Compression successful (ratio: 1.37x)

[145/176] Processing: LIVESTEMC_1_192_288.dat
oldbits = 1769472, newbits = 1285904, compressionratio = 1.37605, bpv = 23.2549
Total compression time: 143.867ms
eps = 2.35731e-05, rmse = 1.85742e-05, psnr = 88.6012
Total decompression time: 18.372ms
Total time: 162.297ms
  ✓ Compression successful (ratio: 1.37x)

[146/176] Processing: LIVESTEMN_1_192_288.dat
oldbits = 1769472, newbits = 1288144, compressionratio = 1.37366, bpv = 23.2954
Total compression time: 141.358ms
eps = 2.34945e-05, rmse = 1.85098e-05, psnr = 88.6314
Total decompression time: 18.553ms
Total time: 159.951ms
  ✓ Compression successful (ratio: 1.37x)

[147/176] Processing: longxy_192_288.dat
oldbits = 1769472, newbits = 1286544, compressionratio = 1.37537, bpv = 23.2665
Total compression time: 143.399ms
eps = 2.42345e-05, rmse = 1.91124e-05, psnr = 88.3531
Total decompression time: 69.076ms
Total time: 212.516ms
  ✓ Compression successful (ratio: 1.37x)

[148/176] Processing: longxyatm_192_288.dat
oldbits = 1769472, newbits = 1491856, compressionratio = 1.18609, bpv = 26.9795
Total compression time: 143.707ms
eps = 8.54501e-06, rmse = 4.31029e-06, psnr = 101.289
Total decompression time: 19.689ms
Total time: 163.442ms
  ✓ Compression successful (ratio: 1.18x)

[149/176] Processing: MEAN_FIRE_PROB_1_192_288.dat
oldbits = 1769472, newbits = 1256144, compressionratio = 1.40865, bpv = 22.7167
Total compression time: 139.717ms
eps = 2.21278e-05, rmse = 1.90053e-05, psnr = 88.4019
Total decompression time: 18.646ms
Total time: 158.404ms
  ✓ Compression successful (ratio: 1.40x)

[150/176] Processing: MR_1_192_288.dat
oldbits = 1769472, newbits = 1284432, compressionratio = 1.37763, bpv = 23.2283
Total compression time: 141.064ms
eps = 2.34115e-05, rmse = 1.84443e-05, psnr = 88.6621
Total decompression time: 18.885ms
Total time: 159.991ms
  ✓ Compression successful (ratio: 1.37x)

[151/176] Processing: NBP_1_192_288.dat
oldbits = 1769472, newbits = 1284432, compressionratio = 1.37763, bpv = 23.2283
Total compression time: 213.216ms
eps = 2.33932e-05, rmse = 1.84299e-05, psnr = 88.6689
Total decompression time: 18.801ms
Total time: 232.061ms
  ✓ Compression successful (ratio: 1.37x)

[152/176] Processing: NDEPLOY_1_192_288.dat
oldbits = 1769472, newbits = 1284368, compressionratio = 1.3777, bpv = 23.2271
Total compression time: 148.548ms
eps = 2.33485e-05, rmse = 1.83947e-05, psnr = 88.6856
Total decompression time: 18.845ms
Total time: 167.435ms
  ✓ Compression successful (ratio: 1.37x)

[153/176] Processing: NDEP_TO_SMINN_1_192_288.dat
oldbits = 1769472, newbits = 1284368, compressionratio = 1.3777, bpv = 23.2271
Total compression time: 144.238ms
eps = 2.33518e-05, rmse = 1.83973e-05, psnr = 88.6843
Total decompression time: 18.327ms
Total time: 162.604ms
  ✓ Compression successful (ratio: 1.37x)

[154/176] Processing: NEE_1_192_288.dat
oldbits = 1769472, newbits = 1284432, compressionratio = 1.37763, bpv = 23.2283
Total compression time: 145.615ms
eps = 2.33898e-05, rmse = 1.84272e-05, psnr = 88.6702
Total decompression time: 18.737ms
Total time: 164.41ms
  ✓ Compression successful (ratio: 1.37x)

[155/176] Processing: NEP_1_192_288.dat
oldbits = 1769472, newbits = 1284368, compressionratio = 1.3777, bpv = 23.2271
Total compression time: 146.042ms
eps = 2.33869e-05, rmse = 1.84249e-05, psnr = 88.6713
Total decompression time: 18.589ms
Total time: 164.677ms
  ✓ Compression successful (ratio: 1.37x)

[156/176] Processing: NET_NMIN_1_192_288.dat
oldbits = 1769472, newbits = 1284368, compressionratio = 1.3777, bpv = 23.2271
Total compression time: 143.955ms
eps = 2.335e-05, rmse = 1.83958e-05, psnr = 88.685
Total decompression time: 20.496ms
Total time: 164.494ms
  ✓ Compression successful (ratio: 1.37x)

[157/176] Processing: NFIX_TO_SMINN_1_192_288.dat
oldbits = 1769472, newbits = 1284368, compressionratio = 1.3777, bpv = 23.2271
Total compression time: 143.631ms
eps = 2.33518e-05, rmse = 1.83973e-05, psnr = 88.6843
Total decompression time: 39.697ms
Total time: 183.376ms
  ✓ Compression successful (ratio: 1.37x)

[158/176] Processing: NPP_1_192_288.dat
oldbits = 1769472, newbits = 1284432, compressionratio = 1.37763, bpv = 23.2283
Total compression time: 147.859ms
eps = 2.3367e-05, rmse = 1.84092e-05, psnr = 88.6787
Total decompression time: 18.577ms
Total time: 166.477ms
  ✓ Compression successful (ratio: 1.37x)

[159/176] Processing: OCDEP_1_192_288.dat
oldbits = 1769472, newbits = 1284368, compressionratio = 1.3777, bpv = 23.2271
Total compression time: 140.209ms
eps = 2.33518e-05, rmse = 1.83973e-05, psnr = 88.6843
Total decompression time: 18.529ms
Total time: 158.777ms
  ✓ Compression successful (ratio: 1.37x)

[160/176] Processing: PBOT_1_192_288.dat
oldbits = 1769472, newbits = 1273424, compressionratio = 1.38954, bpv = 23.0292
Total compression time: 169.336ms
eps = 2.42269e-05, rmse = 1.91787e-05, psnr = 88.323
Total decompression time: 19.436ms
Total time: 188.815ms
  ✓ Compression successful (ratio: 1.38x)

[161/176] Processing: PCO2_1_192_288.dat
oldbits = 1769472, newbits = 1287376, compressionratio = 1.37448, bpv = 23.2815
Total compression time: 145.621ms
eps = 2.44757e-05, rmse = 1.92949e-05, psnr = 88.2705
Total decompression time: 18.61ms
Total time: 164.27ms
  ✓ Compression successful (ratio: 1.37x)

[162/176] Processing: PFT_CTRUNC_1_192_288.dat
oldbits = 1769472, newbits = 1284368, compressionratio = 1.3777, bpv = 23.2271
Total compression time: 142.973ms
eps = 2.33004e-05, rmse = 1.83568e-05, psnr = 88.7035
Total decompression time: 19.076ms
Total time: 162.089ms
  ✓ Compression successful (ratio: 1.37x)

[163/176] Processing: PFT_FIRE_CLOSS_1_192_288.dat
oldbits = 1769472, newbits = 1284368, compressionratio = 1.3777, bpv = 23.2271
Total compression time: 147.62ms
eps = 2.33472e-05, rmse = 1.83937e-05, psnr = 88.686
Total decompression time: 18.515ms
Total time: 166.176ms
  ✓ Compression successful (ratio: 1.37x)

[164/176] Processing: PFT_FIRE_NLOSS_1_192_288.dat
oldbits = 1769472, newbits = 1284368, compressionratio = 1.3777, bpv = 23.2271
Total compression time: 150.464ms
eps = 2.33513e-05, rmse = 1.83968e-05, psnr = 88.6845
Total decompression time: 20.491ms
Total time: 170.999ms
  ✓ Compression successful (ratio: 1.37x)

[165/176] Processing: PFT_NTRUNC_1_192_288.dat
oldbits = 1769472, newbits = 1247504, compressionratio = 1.41841, bpv = 22.5605
Total compression time: 141.836ms
eps = 2.81946e-05, rmse = 2.22126e-05, psnr = 87.0474
Total decompression time: 18.531ms
Total time: 160.407ms
  ✓ Compression successful (ratio: 1.41x)

[166/176] Processing: PLANT_NDEMAND_1_192_288.dat
oldbits = 1769472, newbits = 1284368, compressionratio = 1.3777, bpv = 23.2271
Total compression time: 140.664ms
eps = 2.33466e-05, rmse = 1.83932e-05, psnr = 88.6863
Total decompression time: 18.61ms
Total time: 159.313ms
  ✓ Compression successful (ratio: 1.37x)

[167/176] Processing: POTENTIAL_IMMOB_1_192_288.dat
oldbits = 1769472, newbits = 1284368, compressionratio = 1.3777, bpv = 23.2271
Total compression time: 147.406ms
eps = 2.33495e-05, rmse = 1.83954e-05, psnr = 88.6852
Total decompression time: 18.708ms
Total time: 166.156ms
  ✓ Compression successful (ratio: 1.37x)

[168/176] Processing: PROD100C_1_192_288.dat
oldbits = 1769472, newbits = 1284368, compressionratio = 1.3777, bpv = 23.2271
Total compression time: 144.878ms
eps = 2.33518e-05, rmse = 1.83973e-05, psnr = 88.6843
Total decompression time: 21.252ms
Total time: 166.205ms
  ✓ Compression successful (ratio: 1.37x)

[169/176] Processing: PROD100C_LOSS_1_192_288.dat
oldbits = 1769472, newbits = 1284368, compressionratio = 1.3777, bpv = 23.2271
Total compression time: 142.141ms
eps = 2.33518e-05, rmse = 1.83973e-05, psnr = 88.6843
Total decompression time: 18.614ms
Total time: 160.797ms
  ✓ Compression successful (ratio: 1.37x)

[170/176] Processing: PROD100N_1_192_288.dat
oldbits = 1769472, newbits = 1284368, compressionratio = 1.3777, bpv = 23.2271
Total compression time: 141.673ms
eps = 2.33518e-05, rmse = 1.83973e-05, psnr = 88.6843
Total decompression time: 19.018ms
Total time: 160.735ms
  ✓ Compression successful (ratio: 1.37x)

[171/176] Processing: PROD100N_LOSS_1_192_288.dat
oldbits = 1769472, newbits = 1284368, compressionratio = 1.3777, bpv = 23.2271
Total compression time: 142.737ms
eps = 2.33518e-05, rmse = 1.83973e-05, psnr = 88.6843
Total decompression time: 19.316ms
Total time: 162.096ms
  ✓ Compression successful (ratio: 1.37x)

[172/176] Processing: PROD10C_1_192_288.dat
oldbits = 1769472, newbits = 1284368, compressionratio = 1.3777, bpv = 23.2271
Total compression time: 146.547ms
eps = 2.33518e-05, rmse = 1.83973e-05, psnr = 88.6843
Total decompression time: 18.561ms
Total time: 165.148ms
  ✓ Compression successful (ratio: 1.37x)

[173/176] Processing: PROD10C_LOSS_1_192_288.dat
oldbits = 1769472, newbits = 1284368, compressionratio = 1.3777, bpv = 23.2271
Total compression time: 143.328ms
eps = 2.33518e-05, rmse = 1.83973e-05, psnr = 88.6843
Total decompression time: 18.483ms
Total time: 161.853ms
  ✓ Compression successful (ratio: 1.37x)

[174/176] Processing: PROD10N_1_192_288.dat
oldbits = 1769472, newbits = 1284368, compressionratio = 1.3777, bpv = 23.2271
Total compression time: 141.272ms
eps = 2.33518e-05, rmse = 1.83973e-05, psnr = 88.6843
Total decompression time: 19.102ms
Total time: 160.414ms
  ✓ Compression successful (ratio: 1.37x)

[175/176] Processing: topo_192_288.dat
oldbits = 1769472, newbits = 1284368, compressionratio = 1.3777, bpv = 23.2271
Total compression time: 144.33ms
eps = 2.33518e-05, rmse = 1.83973e-05, psnr = 88.6843
Total decompression time: 18.424ms
Total time: 162.792ms
  ✓ Compression successful (ratio: 1.37x)

[176/176] Processing: topodnsc_192_288.dat
oldbits = 1769472, newbits = 1284368, compressionratio = 1.3777, bpv = 23.2271
Total compression time: 140.309ms
eps = 2.33518e-05, rmse = 1.83973e-05, psnr = 88.6843
Total decompression time: 18.561ms
Total time: 158.909ms
  ✓ Compression successful (ratio: 1.37x)

=== Summary ===
Total files processed: 176
Total files skipped: 0
Total files failed: 0

