Found 176 .dat file(s) to process

[1/176] Processing: ACTUAL_IMMOB_1_192_288.dat
  False Negatives: 741
  False Positives: 4153
  False Types: 18
  Grand Total: 4912
  Total Critical Points (Decompressed): 4195

[2/176] Processing: AGNPP_1_192_288.dat
  False Negatives: 1322
  False Positives: 5307
  False Types: 56
  Grand Total: 6685
  Total Critical Points (Decompressed): 5368

[3/176] Processing: ANN_FAREA_BURNED_1_192_288.dat
  False Negatives: 2029
  False Positives: 9440
  False Types: 358
  Grand Total: 11827
  Total Critical Points (Decompressed): 9792

[4/176] Processing: AR_1_192_288.dat
  False Negatives: 2280
  False Positives: 7421
  False Types: 227
  Grand Total: 9928
  Total Critical Points (Decompressed): 7619

[5/176] Processing: area_192_288.dat
  False Negatives: 3
  False Positives: 9078
  False Types: 0
  Grand Total: 9081
  Total Critical Points (Decompressed): 9097

[6/176] Processing: areaatm_192_288.dat
  False Negatives: 0
  False Positives: 5718
  False Types: 0
  Grand Total: 5718
  Total Critical Points (Decompressed): 5738

[7/176] Processing: areaupsc_192_288.dat
  False Negatives: 3
  False Positives: 9078
  False Types: 0
  Grand Total: 9081
  Total Critical Points (Decompressed): 9097

[8/176] Processing: BCDEP_1_192_288.dat
  False Negatives: 0
  False Positives: 4179
  False Types: 0
  Grand Total: 4179
  Total Critical Points (Decompressed): 4194

[9/176] Processing: BGNPP_1_192_288.dat
  False Negatives: 1397
  False Positives: 4164
  False Types: 39
  Grand Total: 5600
  Total Critical Points (Decompressed): 4217

[10/176] Processing: BTRAN_1_192_288.dat
  False Negatives: 1624
  False Positives: 11944
  False Types: 276
  Grand Total: 13844
  Total Critical Points (Decompressed): 12788

[11/176] Processing: BUILDHEAT_1_192_288.dat
  False Negatives: 1325
  False Positives: 5330
  False Types: 93
  Grand Total: 6748
  Total Critical Points (Decompressed): 5495

[12/176] Processing: COL_CTRUNC_1_192_288.dat
  False Negatives: 760
  False Positives: 6993
  False Types: 94
  Grand Total: 7847
  Total Critical Points (Decompressed): 7060

[13/176] Processing: COL_FIRE_CLOSS_1_192_288.dat
  False Negatives: 450
  False Positives: 4169
  False Types: 10
  Grand Total: 4629
  Total Critical Points (Decompressed): 4194

[14/176] Processing: COL_FIRE_NLOSS_1_192_288.dat
  False Negatives: 34
  False Positives: 4177
  False Types: 0
  Grand Total: 4211
  Total Critical Points (Decompressed): 4194

[15/176] Processing: COL_NTRUNC_1_192_288.dat
  False Negatives: 343
  False Positives: 5386
  False Types: 30
  Grand Total: 5759
  Total Critical Points (Decompressed): 5470

[16/176] Processing: CPOOL_1_192_288.dat
  False Negatives: 0
  False Positives: 4179
  False Types: 0
  Grand Total: 4179
  Total Critical Points (Decompressed): 4194

[17/176] Processing: CWDC_1_192_288.dat
  False Negatives: 588
  False Positives: 10686
  False Types: 57
  Grand Total: 11331
  Total Critical Points (Decompressed): 12735

[18/176] Processing: CWDC_HR_1_192_288.dat
  False Negatives: 0
  False Positives: 4179
  False Types: 0
  Grand Total: 4179
  Total Critical Points (Decompressed): 4194

[19/176] Processing: CWDC_LOSS_1_192_288.dat
  False Negatives: 1287
  False Positives: 5246
  False Types: 87
  Grand Total: 6620
  Total Critical Points (Decompressed): 5343

[20/176] Processing: CWDN_1_192_288.dat
  False Negatives: 1323
  False Positives: 12111
  False Types: 200
  Grand Total: 13634
  Total Critical Points (Decompressed): 13415

[21/176] Processing: DEADCROOTC_1_192_288.dat
  False Negatives: 524
  False Positives: 10065
  False Types: 29
  Grand Total: 10618
  Total Critical Points (Decompressed): 12136

[22/176] Processing: DEADCROOTN_1_192_288.dat
  False Negatives: 1191
  False Positives: 11377
  False Types: 176
  Grand Total: 12744
  Total Critical Points (Decompressed): 12777

[23/176] Processing: DEADSTEMC_1_192_288.dat
  False Negatives: 514
  False Positives: 9704
  False Types: 29
  Grand Total: 10247
  Total Critical Points (Decompressed): 11785

[24/176] Processing: DEADSTEMN_1_192_288.dat
  False Negatives: 931
  False Positives: 10975
  False Types: 107
  Grand Total: 12013
  Total Critical Points (Decompressed): 12636

[25/176] Processing: DENIT_1_192_288.dat
  False Negatives: 170
  False Positives: 4174
  False Types: 14
  Grand Total: 4358
  Total Critical Points (Decompressed): 4194

[26/176] Processing: DISPVEGC_1_192_288.dat
  False Negatives: 539
  False Positives: 9689
  False Types: 36
  Grand Total: 10264
  Total Critical Points (Decompressed): 12001

[27/176] Processing: DISPVEGN_1_192_288.dat
  False Negatives: 847
  False Positives: 11333
  False Types: 100
  Grand Total: 12280
  Total Critical Points (Decompressed): 13380

[28/176] Processing: DSTDEP_1_192_288.dat
  False Negatives: 0
  False Positives: 4179
  False Types: 0
  Grand Total: 4179
  Total Critical Points (Decompressed): 4194

[29/176] Processing: DSTFLXT_1_192_288.dat
  False Negatives: 66
  False Positives: 4178
  False Types: 2
  Grand Total: 4246
  Total Critical Points (Decompressed): 4194

[30/176] Processing: DWT_CLOSS_1_192_288.dat
  False Negatives: 0
  False Positives: 4179
  False Types: 0
  Grand Total: 4179
  Total Critical Points (Decompressed): 4194

[31/176] Processing: DWT_CONV_CFLUX_1_192_288.dat
  False Negatives: 0
  False Positives: 4179
  False Types: 0
  Grand Total: 4179
  Total Critical Points (Decompressed): 4194

[32/176] Processing: DWT_CONV_NFLUX_1_192_288.dat
  False Negatives: 0
  False Positives: 4179
  False Types: 0
  Grand Total: 4179
  Total Critical Points (Decompressed): 4194

[33/176] Processing: DWT_NLOSS_1_192_288.dat
  False Negatives: 0
  False Positives: 4179
  False Types: 0
  Grand Total: 4179
  Total Critical Points (Decompressed): 4194

[34/176] Processing: DWT_PROD100C_GAIN_1_192_288.dat
  False Negatives: 0
  False Positives: 4179
  False Types: 0
  Grand Total: 4179
  Total Critical Points (Decompressed): 4194

[35/176] Processing: DWT_PROD100N_GAIN_1_192_288.dat
  False Negatives: 0
  False Positives: 4179
  False Types: 0
  Grand Total: 4179
  Total Critical Points (Decompressed): 4194

[36/176] Processing: DWT_PROD10C_GAIN_1_192_288.dat
  False Negatives: 0
  False Positives: 4179
  False Types: 0
  Grand Total: 4179
  Total Critical Points (Decompressed): 4194

[37/176] Processing: DWT_PROD10N_GAIN_1_192_288.dat
  False Negatives: 0
  False Positives: 4179
  False Types: 0
  Grand Total: 4179
  Total Critical Points (Decompressed): 4194

[38/176] Processing: DWT_SEEDC_TO_DEADSTEM_1_192_288.dat
  False Negatives: 0
  False Positives: 4179
  False Types: 0
  Grand Total: 4179
  Total Critical Points (Decompressed): 4194

[39/176] Processing: DWT_SEEDC_TO_LEAF_1_192_288.dat
  False Negatives: 0
  False Positives: 4179
  False Types: 0
  Grand Total: 4179
  Total Critical Points (Decompressed): 4194

[40/176] Processing: DWT_SEEDN_TO_DEADSTEM_1_192_288.dat
  False Negatives: 0
  False Positives: 4179
  False Types: 0
  Grand Total: 4179
  Total Critical Points (Decompressed): 4194

[41/176] Processing: DWT_SEEDN_TO_LEAF_1_192_288.dat
  False Negatives: 0
  False Positives: 4179
  False Types: 0
  Grand Total: 4179
  Total Critical Points (Decompressed): 4194

[42/176] Processing: EFLX_DYNBAL_1_192_288.dat
  False Negatives: 0
  False Positives: 4179
  False Types: 0
  Grand Total: 4179
  Total Critical Points (Decompressed): 4194

[43/176] Processing: EFLX_LH_TOT_R_1_192_288.dat
  False Negatives: 1459
  False Positives: 10280
  False Types: 255
  Grand Total: 11994
  Total Critical Points (Decompressed): 11516

[44/176] Processing: EFLX_LH_TOT_U_1_192_288.dat
  False Negatives: 311
  False Positives: 10551
  False Types: 26
  Grand Total: 10888
  Total Critical Points (Decompressed): 11469

[45/176] Processing: ELAI_1_192_288.dat
  False Negatives: 1152
  False Positives: 11611
  False Types: 142
  Grand Total: 12905
  Total Critical Points (Decompressed): 13463

[46/176] Processing: ER_1_192_288.dat
  False Negatives: 2338
  False Positives: 6876
  False Types: 234
  Grand Total: 9448
  Total Critical Points (Decompressed): 7067

[47/176] Processing: ERRH2O_1_192_288.dat
  False Negatives: 0
  False Positives: 4179
  False Types: 0
  Grand Total: 4179
  Total Critical Points (Decompressed): 4194

[48/176] Processing: ERRSEB_1_192_288.dat
  False Negatives: 0
  False Positives: 4179
  False Types: 0
  Grand Total: 4179
  Total Critical Points (Decompressed): 4194

[49/176] Processing: ERRSOI_1_192_288.dat
  False Negatives: 0
  False Positives: 4179
  False Types: 0
  Grand Total: 4179
  Total Critical Points (Decompressed): 4194

[50/176] Processing: ERRSOL_1_192_288.dat
  False Negatives: 0
  False Positives: 4179
  False Types: 0
  Grand Total: 4179
  Total Critical Points (Decompressed): 4194

[51/176] Processing: ESAI_1_192_288.dat
  False Negatives: 1688
  False Positives: 10723
  False Types: 263
  Grand Total: 12674
  Total Critical Points (Decompressed): 12138

[52/176] Processing: FCEV_1_192_288.dat
  False Negatives: 1330
  False Positives: 11048
  False Types: 228
  Grand Total: 12606
  Total Critical Points (Decompressed): 12253

[53/176] Processing: FCOV_1_192_288.dat
  False Negatives: 2981
  False Positives: 9358
  False Types: 463
  Grand Total: 12802
  Total Critical Points (Decompressed): 10346

[54/176] Processing: FCTR_1_192_288.dat
  False Negatives: 1190
  False Positives: 12165
  False Types: 252
  Grand Total: 13607
  Total Critical Points (Decompressed): 13488

[55/176] Processing: FGEV_1_192_288.dat
  False Negatives: 2367
  False Positives: 12043
  False Types: 321
  Grand Total: 14731
  Total Critical Points (Decompressed): 13819

[56/176] Processing: FGR_1_192_288.dat
  False Negatives: 3608
  False Positives: 9842
  False Types: 382
  Grand Total: 13832
  Total Critical Points (Decompressed): 10626

[57/176] Processing: FGR12_1_192_288.dat
  False Negatives: 3292
  False Positives: 12944
  False Types: 477
  Grand Total: 16713
  Total Critical Points (Decompressed): 13899

[58/176] Processing: FGR_R_1_192_288.dat
  False Negatives: 1954
  False Positives: 11321
  False Types: 401
  Grand Total: 13676
  Total Critical Points (Decompressed): 12081

[59/176] Processing: FGR_U_1_192_288.dat
  False Negatives: 557
  False Positives: 11807
  False Types: 96
  Grand Total: 12460
  Total Critical Points (Decompressed): 12371

[60/176] Processing: FIRA_1_192_288.dat
  False Negatives: 2176
  False Positives: 11073
  False Types: 296
  Grand Total: 13545
  Total Critical Points (Decompressed): 12264

[61/176] Processing: FIRA_R_1_192_288.dat
  False Negatives: 1336
  False Positives: 9713
  False Types: 245
  Grand Total: 11294
  Total Critical Points (Decompressed): 10744

[62/176] Processing: FIRA_U_1_192_288.dat
  False Negatives: 334
  False Positives: 10983
  False Types: 28
  Grand Total: 11345
  Total Critical Points (Decompressed): 11813

[63/176] Processing: FIRE_1_192_288.dat
  False Negatives: 1388
  False Positives: 12370
  False Types: 221
  Grand Total: 13979
  Total Critical Points (Decompressed): 12798

[64/176] Processing: FIRESEASONL_1_192_288.dat
  False Negatives: 605
  False Positives: 10384
  False Types: 61
  Grand Total: 11050
  Total Critical Points (Decompressed): 12191

[65/176] Processing: FLDS_1_192_288.dat
  False Negatives: 1535
  False Positives: 10996
  False Types: 217
  Grand Total: 12748
  Total Critical Points (Decompressed): 11353

[66/176] Processing: FLUXFM2A_1_192_288.dat
  False Negatives: 0
  False Positives: 4179
  False Types: 0
  Grand Total: 4179
  Total Critical Points (Decompressed): 4194

[67/176] Processing: FLUXFMLND_1_192_288.dat
  False Negatives: 0
  False Positives: 4179
  False Types: 0
  Grand Total: 4179
  Total Critical Points (Decompressed): 4194

[68/176] Processing: FPG_1_192_288.dat
  False Negatives: 1511
  False Positives: 11444
  False Types: 262
  Grand Total: 13217
  Total Critical Points (Decompressed): 11953

[69/176] Processing: FPI_1_192_288.dat
  False Negatives: 1716
  False Positives: 12172
  False Types: 344
  Grand Total: 14232
  Total Critical Points (Decompressed): 13267

[70/176] Processing: FPSN_1_192_288.dat
  False Negatives: 1077
  False Positives: 13430
  False Types: 204
  Grand Total: 14711
  Total Critical Points (Decompressed): 14705

[71/176] Processing: FROOTC_1_192_288.dat
  False Negatives: 766
  False Positives: 10255
  False Types: 79
  Grand Total: 11100
  Total Critical Points (Decompressed): 12402

[72/176] Processing: FROOTC_ALLOC_1_192_288.dat
  False Negatives: 1396
  False Positives: 4336
  False Types: 44
  Grand Total: 5776
  Total Critical Points (Decompressed): 4382

[73/176] Processing: FROOTC_LOSS_1_192_288.dat
  False Negatives: 1945
  False Positives: 4137
  False Types: 105
  Grand Total: 6187
  Total Critical Points (Decompressed): 4241

[74/176] Processing: FROOTN_1_192_288.dat
  False Negatives: 994
  False Positives: 11023
  False Types: 119
  Grand Total: 12136
  Total Critical Points (Decompressed): 12941

[75/176] Processing: FSA_1_192_288.dat
  False Negatives: 2184
  False Positives: 9970
  False Types: 169
  Grand Total: 12323
  Total Critical Points (Decompressed): 10956

[76/176] Processing: FSA_R_1_192_288.dat
  False Negatives: 945
  False Positives: 10122
  False Types: 134
  Grand Total: 11201
  Total Critical Points (Decompressed): 10709

[77/176] Processing: FSAT_1_192_288.dat
  False Negatives: 3359
  False Positives: 9296
  False Types: 593
  Grand Total: 13248
  Total Critical Points (Decompressed): 9923

[78/176] Processing: FSA_U_1_192_288.dat
  False Negatives: 361
  False Positives: 11391
  False Types: 55
  Grand Total: 11807
  Total Critical Points (Decompressed): 12034

[79/176] Processing: FSDS_1_192_288.dat
  False Negatives: 1412
  False Positives: 9828
  False Types: 132
  Grand Total: 11372
  Total Critical Points (Decompressed): 10232

[80/176] Processing: FSDSND_1_192_288.dat
  False Negatives: 1465
  False Positives: 9762
  False Types: 154
  Grand Total: 11381
  Total Critical Points (Decompressed): 10345

[81/176] Processing: FSDSNDLN_1_192_288.dat
  False Negatives: 1614
  False Positives: 11626
  False Types: 239
  Grand Total: 13479
  Total Critical Points (Decompressed): 12450

[82/176] Processing: FSDSNI_1_192_288.dat
  False Negatives: 1890
  False Positives: 14582
  False Types: 289
  Grand Total: 16761
  Total Critical Points (Decompressed): 15690

[83/176] Processing: FSDSVD_1_192_288.dat
  False Negatives: 1396
  False Positives: 12759
  False Types: 206
  Grand Total: 14361
  Total Critical Points (Decompressed): 13349

[84/176] Processing: FSDSVDLN_1_192_288.dat
  False Negatives: 1578
  False Positives: 11671
  False Types: 200
  Grand Total: 13449
  Total Critical Points (Decompressed): 12398

[85/176] Processing: FSDSVI_1_192_288.dat
  False Negatives: 1943
  False Positives: 12550
  False Types: 293
  Grand Total: 14786
  Total Critical Points (Decompressed): 13290

[86/176] Processing: FSH_1_192_288.dat
  False Negatives: 3052
  False Positives: 11022
  False Types: 350
  Grand Total: 14424
  Total Critical Points (Decompressed): 12190

[87/176] Processing: FSH_G_1_192_288.dat
  False Negatives: 3523
  False Positives: 11026
  False Types: 455
  Grand Total: 15004
  Total Critical Points (Decompressed): 12261

[88/176] Processing: FSH_NODYNLNDUSE_1_192_288.dat
  False Negatives: 3052
  False Positives: 11022
  False Types: 350
  Grand Total: 14424
  Total Critical Points (Decompressed): 12190

[89/176] Processing: FSH_R_1_192_288.dat
  False Negatives: 1851
  False Positives: 10896
  False Types: 356
  Grand Total: 13103
  Total Critical Points (Decompressed): 11830

[90/176] Processing: FSH_U_1_192_288.dat
  False Negatives: 409
  False Positives: 11332
  False Types: 60
  Grand Total: 11801
  Total Critical Points (Decompressed): 12118

[91/176] Processing: FSH_V_1_192_288.dat
  False Negatives: 1769
  False Positives: 12097
  False Types: 326
  Grand Total: 14192
  Total Critical Points (Decompressed): 13251

[92/176] Processing: FSM_1_192_288.dat
  False Negatives: 1535
  False Positives: 8633
  False Types: 101
  Grand Total: 10269
  Total Critical Points (Decompressed): 9727

[93/176] Processing: FSM_R_1_192_288.dat
  False Negatives: 1307
  False Positives: 6593
  False Types: 75
  Grand Total: 7975
  Total Critical Points (Decompressed): 7202

[94/176] Processing: FSM_U_1_192_288.dat
  False Negatives: 426
  False Positives: 10445
  False Types: 61
  Grand Total: 10932
  Total Critical Points (Decompressed): 10933

[95/176] Processing: FSNO_1_192_288.dat
  False Negatives: 837
  False Positives: 7020
  False Types: 135
  Grand Total: 7992
  Total Critical Points (Decompressed): 7317

[96/176] Processing: FSR_1_192_288.dat
  False Negatives: 2484
  False Positives: 11790
  False Types: 197
  Grand Total: 14471
  Total Critical Points (Decompressed): 13290

[97/176] Processing: FSRND_1_192_288.dat
  False Negatives: 2206
  False Positives: 10519
  False Types: 250
  Grand Total: 12975
  Total Critical Points (Decompressed): 12089

[98/176] Processing: FSRNDLN_1_192_288.dat
  False Negatives: 2230
  False Positives: 10221
  False Types: 218
  Grand Total: 12669
  Total Critical Points (Decompressed): 12029

[99/176] Processing: FSRNI_1_192_288.dat
  False Negatives: 2316
  False Positives: 13190
  False Types: 293
  Grand Total: 15799
  Total Critical Points (Decompressed): 14794

[100/176] Processing: FSRVD_1_192_288.dat
  False Negatives: 1855
  False Positives: 13588
  False Types: 253
  Grand Total: 15696
  Total Critical Points (Decompressed): 15054

[101/176] Processing: FSRVDLN_1_192_288.dat
  False Negatives: 1736
  False Positives: 10294
  False Types: 180
  Grand Total: 12210
  Total Critical Points (Decompressed): 11960

[102/176] Processing: FSRVI_1_192_288.dat
  False Negatives: 2248
  False Positives: 12158
  False Types: 313
  Grand Total: 14719
  Total Critical Points (Decompressed): 13708

[103/176] Processing: GC_HEAT1_1_192_288.dat
  False Negatives: 3517
  False Positives: 11203
  False Types: 630
  Grand Total: 15350
  Total Critical Points (Decompressed): 12371

[104/176] Processing: GC_HEAT2_1_192_288.dat
  False Negatives: 0
  False Positives: 4179
  False Types: 0
  Grand Total: 4179
  Total Critical Points (Decompressed): 4194

[105/176] Processing: GC_ICE1_1_192_288.dat
  False Negatives: 1134
  False Positives: 8837
  False Types: 91
  Grand Total: 10062
  Total Critical Points (Decompressed): 9899

[106/176] Processing: GC_ICE2_1_192_288.dat
  False Negatives: 0
  False Positives: 4179
  False Types: 0
  Grand Total: 4179
  Total Critical Points (Decompressed): 4194

[107/176] Processing: GC_LIQ1_1_192_288.dat
  False Negatives: 3436
  False Positives: 12764
  False Types: 805
  Grand Total: 17005
  Total Critical Points (Decompressed): 13411

[108/176] Processing: GC_LIQ2_1_192_288.dat
  False Negatives: 0
  False Positives: 4179
  False Types: 0
  Grand Total: 4179
  Total Critical Points (Decompressed): 4194

[109/176] Processing: GPP_1_192_288.dat
  False Negatives: 1931
  False Positives: 5011
  False Types: 101
  Grand Total: 7043
  Total Critical Points (Decompressed): 5112

[110/176] Processing: GR_1_192_288.dat
  False Negatives: 1345
  False Positives: 4603
  False Types: 47
  Grand Total: 5995
  Total Critical Points (Decompressed): 4648

[111/176] Processing: GROSS_NMIN_1_192_288.dat
  False Negatives: 715
  False Positives: 4160
  False Types: 22
  Grand Total: 4897
  Total Critical Points (Decompressed): 4195

[112/176] Processing: H2OCAN_1_192_288.dat
  False Negatives: 2484
  False Positives: 10478
  False Types: 435
  Grand Total: 13397
  Total Critical Points (Decompressed): 11110

[113/176] Processing: H2OSNO_1_192_288.dat
  False Negatives: 1369
  False Positives: 8042
  False Types: 130
  Grand Total: 9541
  Total Critical Points (Decompressed): 8823

[114/176] Processing: H2OSNO_TOP_1_192_288.dat
  False Negatives: 2079
  False Positives: 7902
  False Types: 159
  Grand Total: 10140
  Total Critical Points (Decompressed): 9290

[115/176] Processing: HC_1_192_288.dat
  False Negatives: 2155
  False Positives: 12668
  False Types: 279
  Grand Total: 15102
  Total Critical Points (Decompressed): 15152

[116/176] Processing: HCSOI_1_192_288.dat
  False Negatives: 2149
  False Positives: 12629
  False Types: 284
  Grand Total: 15062
  Total Critical Points (Decompressed): 14984

[117/176] Processing: HEAT_FROM_AC_1_192_288.dat
  False Negatives: 65
  False Positives: 4184
  False Types: 0
  Grand Total: 4249
  Total Critical Points (Decompressed): 4201

[118/176] Processing: HR_1_192_288.dat
  False Negatives: 2367
  False Positives: 5066
  False Types: 144
  Grand Total: 7577
  Total Critical Points (Decompressed): 5218

[119/176] Processing: HTOP_1_192_288.dat
  False Negatives: 1296
  False Positives: 10256
  False Types: 165
  Grand Total: 11717
  Total Critical Points (Decompressed): 11992

[120/176] Processing: LAISHA_1_192_288.dat
  False Negatives: 1212
  False Positives: 12205
  False Types: 169
  Grand Total: 13586
  Total Critical Points (Decompressed): 14026

[121/176] Processing: LAISUN_1_192_288.dat
  False Negatives: 1885
  False Positives: 12295
  False Types: 414
  Grand Total: 14594
  Total Critical Points (Decompressed): 12918

[122/176] Processing: landfrac_192_288.dat
  False Negatives: 207
  False Positives: 16636
  False Types: 13
  Grand Total: 16856
  Total Critical Points (Decompressed): 17685

[123/176] Processing: latixy_192_288.dat
  False Negatives: 4
  False Positives: 10363
  False Types: 0
  Grand Total: 10367
  Total Critical Points (Decompressed): 10379

[124/176] Processing: latixyatm_192_288.dat
  False Negatives: 0
  False Positives: 8756
  False Types: 0
  Grand Total: 8756
  Total Critical Points (Decompressed): 8778

[125/176] Processing: LEAFC_1_192_288.dat
  False Negatives: 667
  False Positives: 9994
  False Types: 52
  Grand Total: 10713
  Total Critical Points (Decompressed): 12093

[126/176] Processing: LEAFC_ALLOC_1_192_288.dat
  False Negatives: 1311
  False Positives: 4335
  False Types: 41
  Grand Total: 5687
  Total Critical Points (Decompressed): 4382

[127/176] Processing: LEAFC_LOSS_1_192_288.dat
  False Negatives: 1834
  False Positives: 4136
  False Types: 103
  Grand Total: 6073
  Total Critical Points (Decompressed): 4242

[128/176] Processing: LEAFN_1_192_288.dat
  False Negatives: 988
  False Positives: 11474
  False Types: 118
  Grand Total: 12580
  Total Critical Points (Decompressed): 13355

[129/176] Processing: LITFALL_1_192_288.dat
  False Negatives: 2284
  False Positives: 6186
  False Types: 216
  Grand Total: 8686
  Total Critical Points (Decompressed): 6371

[130/176] Processing: LITHR_1_192_288.dat
  False Negatives: 2229
  False Positives: 5230
  False Types: 165
  Grand Total: 7624
  Total Critical Points (Decompressed): 5377

[131/176] Processing: LITR1C_1_192_288.dat
  False Negatives: 1571
  False Positives: 12170
  False Types: 286
  Grand Total: 14027
  Total Critical Points (Decompressed): 14064

[132/176] Processing: LITR1C_TO_SOIL1C_1_192_288.dat
  False Negatives: 1618
  False Positives: 4102
  False Types: 93
  Grand Total: 5813
  Total Critical Points (Decompressed): 4195

[133/176] Processing: LITR1N_1_192_288.dat
  False Negatives: 2728
  False Positives: 9523
  False Types: 434
  Grand Total: 12685
  Total Critical Points (Decompressed): 10243

[134/176] Processing: LITR2C_1_192_288.dat
  False Negatives: 713
  False Positives: 9911
  False Types: 72
  Grand Total: 10696
  Total Critical Points (Decompressed): 12549

[135/176] Processing: LITR2C_TO_SOIL2C_1_192_288.dat
  False Negatives: 1914
  False Positives: 5641
  False Types: 134
  Grand Total: 7689
  Total Critical Points (Decompressed): 5763

[136/176] Processing: LITR2N_1_192_288.dat
  False Negatives: 1688
  False Positives: 11527
  False Types: 281
  Grand Total: 13496
  Total Critical Points (Decompressed): 13261

[137/176] Processing: LITR3C_1_192_288.dat
  False Negatives: 871
  False Positives: 9386
  False Types: 73
  Grand Total: 10330
  Total Critical Points (Decompressed): 11835

[138/176] Processing: LITR3C_TO_SOIL3C_1_192_288.dat
  False Negatives: 1660
  False Positives: 4594
  False Types: 72
  Grand Total: 6326
  Total Critical Points (Decompressed): 4692

[139/176] Processing: LITR3N_1_192_288.dat
  False Negatives: 1457
  False Positives: 11916
  False Types: 202
  Grand Total: 13575
  Total Critical Points (Decompressed): 13846

[140/176] Processing: LITTERC_1_192_288.dat
  False Negatives: 732
  False Positives: 10023
  False Types: 70
  Grand Total: 10825
  Total Critical Points (Decompressed): 12655

[141/176] Processing: LITTERC_HR_1_192_288.dat
  False Negatives: 2229
  False Positives: 5230
  False Types: 165
  Grand Total: 7624
  Total Critical Points (Decompressed): 5377

[142/176] Processing: LITTERC_LOSS_1_192_288.dat
  False Negatives: 2502
  False Positives: 5707
  False Types: 187
  Grand Total: 8396
  Total Critical Points (Decompressed): 5877

[143/176] Processing: LIVECROOTC_1_192_288.dat
  False Negatives: 1005
  False Positives: 10532
  False Types: 132
  Grand Total: 11669
  Total Critical Points (Decompressed): 12187

[144/176] Processing: LIVECROOTN_1_192_288.dat
  False Negatives: 2154
  False Positives: 10213
  False Types: 407
  Grand Total: 12774
  Total Critical Points (Decompressed): 10719

[145/176] Processing: LIVESTEMC_1_192_288.dat
  False Negatives: 788
  False Positives: 10519
  False Types: 78
  Grand Total: 11385
  Total Critical Points (Decompressed): 12391

[146/176] Processing: LIVESTEMN_1_192_288.dat
  False Negatives: 1733
  False Positives: 11878
  False Types: 359
  Grand Total: 13970
  Total Critical Points (Decompressed): 12805

[147/176] Processing: longxy_192_288.dat
  False Negatives: 14
  False Positives: 14936
  False Types: 0
  Grand Total: 14950
  Total Critical Points (Decompressed): 14961

[148/176] Processing: longxyatm_192_288.dat
  False Negatives: 5
  False Positives: 14305
  False Types: 0
  Grand Total: 14310
  Total Critical Points (Decompressed): 14336

[149/176] Processing: MEAN_FIRE_PROB_1_192_288.dat
  False Negatives: 1492
  False Positives: 10889
  False Types: 281
  Grand Total: 12662
  Total Critical Points (Decompressed): 11793

[150/176] Processing: MR_1_192_288.dat
  False Negatives: 2323
  False Positives: 5914
  False Types: 180
  Grand Total: 8417
  Total Critical Points (Decompressed): 6075

[151/176] Processing: NBP_1_192_288.dat
  False Negatives: 2645
  False Positives: 10132
  False Types: 379
  Grand Total: 13156
  Total Critical Points (Decompressed): 10353

[152/176] Processing: NDEPLOY_1_192_288.dat
  False Negatives: 448
  False Positives: 4171
  False Types: 12
  Grand Total: 4631
  Total Critical Points (Decompressed): 4195

[153/176] Processing: NDEP_TO_SMINN_1_192_288.dat
  False Negatives: 0
  False Positives: 4179
  False Types: 0
  Grand Total: 4179
  Total Critical Points (Decompressed): 4194

[154/176] Processing: NEE_1_192_288.dat
  False Negatives: 2614
  False Positives: 8876
  False Types: 308
  Grand Total: 11798
  Total Critical Points (Decompressed): 9118

[155/176] Processing: NEP_1_192_288.dat
  False Negatives: 2592
  False Positives: 10162
  False Types: 375
  Grand Total: 13129
  Total Critical Points (Decompressed): 10374

[156/176] Processing: NET_NMIN_1_192_288.dat
  False Negatives: 536
  False Positives: 4165
  False Types: 26
  Grand Total: 4727
  Total Critical Points (Decompressed): 4195

[157/176] Processing: NFIX_TO_SMINN_1_192_288.dat
  False Negatives: 0
  False Positives: 4179
  False Types: 0
  Grand Total: 4179
  Total Critical Points (Decompressed): 4194

[158/176] Processing: NPP_1_192_288.dat
  False Negatives: 2175
  False Positives: 7802
  False Types: 271
  Grand Total: 10248
  Total Critical Points (Decompressed): 8004

[159/176] Processing: OCDEP_1_192_288.dat
  False Negatives: 0
  False Positives: 4179
  False Types: 0
  Grand Total: 4179
  Total Critical Points (Decompressed): 4194

[160/176] Processing: PBOT_1_192_288.dat
  False Negatives: 470
  False Positives: 14534
  False Types: 120
  Grand Total: 15124
  Total Critical Points (Decompressed): 14719

[161/176] Processing: PCO2_1_192_288.dat
  False Negatives: 536
  False Positives: 11110
  False Types: 105
  Grand Total: 11751
  Total Critical Points (Decompressed): 11229

[162/176] Processing: PFT_CTRUNC_1_192_288.dat
  False Negatives: 2227
  False Positives: 4709
  False Types: 160
  Grand Total: 7096
  Total Critical Points (Decompressed): 4853

[163/176] Processing: PFT_FIRE_CLOSS_1_192_288.dat
  False Negatives: 433
  False Positives: 4171
  False Types: 9
  Grand Total: 4613
  Total Critical Points (Decompressed): 4194

[164/176] Processing: PFT_FIRE_NLOSS_1_192_288.dat
  False Negatives: 27
  False Positives: 4178
  False Types: 0
  Grand Total: 4205
  Total Critical Points (Decompressed): 4194

[165/176] Processing: PFT_NTRUNC_1_192_288.dat
  False Negatives: 2131
  False Positives: 4883
  False Types: 153
  Grand Total: 7167
  Total Critical Points (Decompressed): 5046

[166/176] Processing: PLANT_NDEMAND_1_192_288.dat
  False Negatives: 804
  False Positives: 4170
  False Types: 16
  Grand Total: 4990
  Total Critical Points (Decompressed): 4195

[167/176] Processing: POTENTIAL_IMMOB_1_192_288.dat
  False Negatives: 1225
  False Positives: 4133
  False Types: 58
  Grand Total: 5416
  Total Critical Points (Decompressed): 4195

[168/176] Processing: PROD100C_1_192_288.dat
  False Negatives: 0
  False Positives: 4179
  False Types: 0
  Grand Total: 4179
  Total Critical Points (Decompressed): 4194

[169/176] Processing: PROD100C_LOSS_1_192_288.dat
  False Negatives: 0
  False Positives: 4179
  False Types: 0
  Grand Total: 4179
  Total Critical Points (Decompressed): 4194

[170/176] Processing: PROD100N_1_192_288.dat
  False Negatives: 0
  False Positives: 4179
  False Types: 0
  Grand Total: 4179
  Total Critical Points (Decompressed): 4194

[171/176] Processing: PROD100N_LOSS_1_192_288.dat
  False Negatives: 0
  False Positives: 4179
  False Types: 0
  Grand Total: 4179
  Total Critical Points (Decompressed): 4194

[172/176] Processing: PROD10C_1_192_288.dat
  False Negatives: 0
  False Positives: 4179
  False Types: 0
  Grand Total: 4179
  Total Critical Points (Decompressed): 4194

[173/176] Processing: PROD10C_LOSS_1_192_288.dat
  False Negatives: 0
  False Positives: 4179
  False Types: 0
  Grand Total: 4179
  Total Critical Points (Decompressed): 4194

[174/176] Processing: PROD10N_1_192_288.dat
  False Negatives: 0
  False Positives: 4179
  False Types: 0
  Grand Total: 4179
  Total Critical Points (Decompressed): 4194

[175/176] Processing: topo_192_288.dat
  False Negatives: 0
  False Positives: 4179
  False Types: 0
  Grand Total: 4179
  Total Critical Points (Decompressed): 4194

[176/176] Processing: topodnsc_192_288.dat
  False Negatives: 0
  False Positives: 4179
  False Types: 0
  Grand Total: 4179
  Total Critical Points (Decompressed): 4194

=== Summary ===
Total files processed: 176
Total files failed: 0
Total false cases across all files: 1657835
Average false cases per file: 9419.51
