Found 54 .dat file(s) to process

[1/54] Processing: ADVS_1_384_320.dat
  False Negatives: 5186
  False Positives: 51982
  False Types: 1554
  Grand Total: 58722

[2/54] Processing: ADVS_ISOP_1_384_320.dat
  False Negatives: 5566
  False Positives: 51856
  False Types: 1600
  Grand Total: 59022

[3/54] Processing: ADVS_SUBM_1_384_320.dat
  False Negatives: 350
  False Positives: 53103
  False Types: 100
  Grand Total: 53553

[4/54] Processing: ADVT_1_384_320.dat
  False Negatives: 12530
  False Positives: 50907
  False Types: 3915
  Grand Total: 67352

[5/54] Processing: ADVT_ISOP_1_384_320.dat
  False Negatives: 22737
  False Positives: 48754
  False Types: 7331
  Grand Total: 78822

[6/54] Processing: ADVT_SUBM_1_384_320.dat
  False Negatives: 12894
  False Positives: 51667
  False Types: 4236
  Grand Total: 68797

[7/54] Processing: BSF_1_384_320.dat
  False Negatives: 1493
  False Positives: 39851
  False Types: 420
  Grand Total: 41764

[8/54] Processing: DIA_DEPTH_1_384_320.dat
  False Negatives: 777
  False Positives: 21177
  False Types: 135
  Grand Total: 22089

[9/54] Processing: dTEMP_NEG_2D_1_384_320.dat
  False Negatives: 15159
  False Positives: 45705
  False Types: 4179
  Grand Total: 65043

[10/54] Processing: dTEMP_POS_2D_1_384_320.dat
  False Negatives: 12662
  False Positives: 41413
  False Types: 3083
  Grand Total: 57158

[11/54] Processing: EVAP_F_1_384_320.dat
  False Negatives: 1484
  False Positives: 52798
  False Types: 358
  Grand Total: 54640

[12/54] Processing: FW_1_384_320.dat
  False Negatives: 0
  False Positives: 53221
  False Types: 0
  Grand Total: 53221

[13/54] Processing: HBLT_1_384_320.dat
  False Negatives: 1527
  False Positives: 20345
  False Types: 212
  Grand Total: 22084

[14/54] Processing: HDIFS_1_384_320.dat
  False Negatives: 4839
  False Positives: 52082
  False Types: 1402
  Grand Total: 58323

[15/54] Processing: HDIFT_1_384_320.dat
  False Negatives: 20166
  False Positives: 49324
  False Types: 6469
  Grand Total: 75959

[16/54] Processing: HLS_SUBM_1_384_320.dat
  False Negatives: 239
  False Positives: 36994
  False Types: 12
  Grand Total: 37245

[17/54] Processing: HMXL_1_384_320.dat
  False Negatives: 1057
  False Positives: 21177
  False Types: 175
  Grand Total: 22409

[18/54] Processing: IFRAC_1_384_320.dat
  False Negatives: 379
  False Positives: 51844
  False Types: 97
  Grand Total: 52320

[19/54] Processing: INT_DEPTH_1_384_320.dat
  False Negatives: 1180
  False Positives: 22944
  False Types: 212
  Grand Total: 24336

[20/54] Processing: IOFF_F_1_384_320.dat
  False Negatives: 228
  False Positives: 53136
  False Types: 52
  Grand Total: 53416

[21/54] Processing: LWDN_F_1_384_320.dat
  False Negatives: 1902
  False Positives: 41772
  False Types: 452
  Grand Total: 44126

[22/54] Processing: LWUP_F_1_384_320.dat
  False Negatives: 566
  False Positives: 21370
  False Types: 126
  Grand Total: 22062

[23/54] Processing: MELT_F_1_384_320.dat
  False Negatives: 463
  False Positives: 53014
  False Types: 105
  Grand Total: 53582

[24/54] Processing: MELTH_F_1_384_320.dat
  False Negatives: 396
  False Positives: 50477
  False Types: 93
  Grand Total: 50966

[25/54] Processing: PREC_F_1_384_320.dat
  False Negatives: 1542
  False Positives: 52748
  False Types: 416
  Grand Total: 54706

[26/54] Processing: QFLUX_1_384_320.dat
  False Negatives: 99
  False Positives: 51114
  False Types: 22
  Grand Total: 51235

[27/54] Processing: QSW_HBL_1_384_320.dat
  False Negatives: 3106
  False Positives: 25982
  False Types: 419
  Grand Total: 29507

[28/54] Processing: QSW_HTP_1_384_320.dat
  False Negatives: 3602
  False Positives: 26497
  False Types: 515
  Grand Total: 30614

[29/54] Processing: RESID_S_1_384_320.dat
  False Negatives: 0
  False Positives: 53221
  False Types: 0
  Grand Total: 53221

[30/54] Processing: RESID_T_1_384_320.dat
  False Negatives: 0
  False Positives: 53221
  False Types: 0
  Grand Total: 53221

[31/54] Processing: RHO_VINT_1_384_320.dat
  False Negatives: 4364
  False Positives: 34097
  False Types: 404
  Grand Total: 38865

[32/54] Processing: ROFF_F_1_384_320.dat
  False Negatives: 1453
  False Positives: 52586
  False Types: 281
  Grand Total: 54320

[33/54] Processing: SALT_F_1_384_320.dat
  False Negatives: 65
  False Positives: 53196
  False Types: 5
  Grand Total: 53266

[34/54] Processing: SENH_F_1_384_320.dat
  False Negatives: 2767
  False Positives: 46845
  False Types: 784
  Grand Total: 50396

[35/54] Processing: SFWF_1_384_320.dat
  False Negatives: 4033
  False Positives: 52288
  False Types: 1186
  Grand Total: 57507

[36/54] Processing: SFWF_WRST_1_384_320.dat
  False Negatives: 0
  False Positives: 53221
  False Types: 0
  Grand Total: 53221

[37/54] Processing: SHF_1_384_320.dat
  False Negatives: 5104
  False Positives: 43551
  False Types: 1521
  Grand Total: 50176

[38/54] Processing: SHF_QSW_1_384_320.dat
  False Negatives: 2322
  False Positives: 28142
  False Types: 345
  Grand Total: 30809

[39/54] Processing: SNOW_F_1_384_320.dat
  False Negatives: 432
  False Positives: 53099
  False Types: 86
  Grand Total: 53617

[40/54] Processing: SSH_1_384_320.dat
  False Negatives: 3672
  False Positives: 35791
  False Types: 741
  Grand Total: 40204

[41/54] Processing: SSH2_1_384_320.dat
  False Negatives: 2080
  False Positives: 19715
  False Types: 183
  Grand Total: 21978

[42/54] Processing: SU_1_384_320.dat
  False Negatives: 8265
  False Positives: 38051
  False Types: 1780
  Grand Total: 48096

[43/54] Processing: SV_1_384_320.dat
  False Negatives: 11638
  False Positives: 43906
  False Types: 3017
  Grand Total: 58561

[44/54] Processing: TAUX_1_384_320.dat
  False Negatives: 1031
  False Positives: 47822
  False Types: 239
  Grand Total: 49092

[45/54] Processing: TAUX2_1_384_320.dat
  False Negatives: 1034
  False Positives: 28657
  False Types: 251
  Grand Total: 29942

[46/54] Processing: TAUY_1_384_320.dat
  False Negatives: 1226
  False Positives: 48248
  False Types: 312
  Grand Total: 49786

[47/54] Processing: TAUY2_1_384_320.dat
  False Negatives: 1308
  False Positives: 32848
  False Types: 318
  Grand Total: 34474

[48/54] Processing: TBLT_1_384_320.dat
  False Negatives: 1110
  False Positives: 17301
  False Types: 48
  Grand Total: 18459

[49/54] Processing: TFW_S_1_384_320.dat
  False Negatives: 0
  False Positives: 53221
  False Types: 0
  Grand Total: 53221

[50/54] Processing: TFW_T_1_384_320.dat
  False Negatives: 0
  False Positives: 53221
  False Types: 0
  Grand Total: 53221

[51/54] Processing: TLT_1_384_320.dat
  False Negatives: 1492
  False Positives: 17393
  False Types: 44
  Grand Total: 18929

[52/54] Processing: TMXL_1_384_320.dat
  False Negatives: 1365
  False Positives: 24863
  False Types: 201
  Grand Total: 26429

[53/54] Processing: XBLT_1_384_320.dat
  False Negatives: 1658
  False Positives: 24445
  False Types: 252
  Grand Total: 26355

[54/54] Processing: XMXL_1_384_320.dat
  False Negatives: 1520
  False Positives: 23900
  False Types: 247
  Grand Total: 25667

=== Summary ===
Total files processed: 54
Total files failed: 0
Total false cases across all files: 2466106
Average false cases per file: 45668.62
