Input directory: ../../SDRBENCH-CESM-ATM-26x1800x3600/
Output directory: ../../SDRBENCH-CESM-ATM-26x1800x3600/topoSZp_18_thread/
Dimensions: 46800x3600 (168480000 elements)
Error bound: 1E-3
Block size: 16

Found 33 .dat file(s) to process

[1/33] Processing: CLDICE_1_26_1800_3600.f32
  ✗ Compression failed (exit code: 1)

[2/33] Processing: CLDLIQ_1_26_1800_3600.f32
  ✗ Compression failed (exit code: 1)

[3/33] Processing: CLOUD_1_26_1800_3600.f32

compression time=0.617284, total fastmode1 topology
compression size = 141729333, CR = 4.754979
done
decompression time=3.786675
done
Min=-1.1366352489998319864E-17, Max=0.96405673027038574219, range=0.96405673027038574219
Max absolute error = 0.0212566853
Max relative error = 0.022049
Max pw relative error = 0.021257
PSNR = 66.325027, NRMSE= 0.00048277932502346345908
acEff=0.999994
compressionRatio = 4.754979
  ✓ Compression and decompression successful (ratio: 4.75x)

[4/33] Processing: CMFDQ_1_26_1800_3600.f32
  ✗ Compression failed (exit code: 1)

[5/33] Processing: CMFDQR_1_26_1800_3600.f32

compression time=0.550703, total fastmode1 topology
compression size = 98439449, CR = 6.846036
done
decompression time=2.906921
done
Min=-4.7476461565327603357E-24, Max=3.5336977788347212481E-08, range=3.5336977788347212481E-08
Max absolute error = 0.0000100242
Max relative error = 283.673767
Max pw relative error = 0.000010
PSNR = -28.005662, NRMSE= 25.135244571674881797
acEff=0.015748
compressionRatio = 6.846036
  ✓ Compression and decompression successful (ratio: 6.84x)

[6/33] Processing: CMFDT_1_26_1800_3600.f32
  ✗ Compression failed (exit code: 1)

[7/33] Processing: CONCLD_1_26_1800_3600.f32
  ✗ Compression failed (exit code: 1)

[8/33] Processing: DCQ_1_26_1800_3600.f32
  ✗ Compression failed (exit code: 1)

[9/33] Processing: DTCOND_1_26_1800_3600.f32
  ✗ Compression failed (exit code: 1)

[10/33] Processing: DTV_1_26_1800_3600.f32
  ✗ Compression failed (exit code: 1)

[11/33] Processing: FICE_1_26_1800_3600.f32

compression time=0.271315, total fastmode1 topology
compression size = 108076210, CR = 6.235600
done
decompression time=2.719664
done
Min=-5.6506481118730634162E-17, Max=1, range=1
Max absolute error = 0.0018819124
Max relative error = 0.001882
Max pw relative error = 0.001882
PSNR = 62.259369, NRMSE= 0.00077095946507060495421
acEff=1.000000
compressionRatio = 6.235600
  ✓ Compression and decompression successful (ratio: 6.23x)

[12/33] Processing: GCLDLWP_1_26_1800_3600.f32
  ✗ Compression failed (exit code: 1)

[13/33] Processing: ICIMR_1_26_1800_3600.f32
  ✗ Compression failed (exit code: 1)

[14/33] Processing: ICLDIWP_1_26_1800_3600.f32
  ✗ Compression failed (exit code: 1)

[15/33] Processing: ICLDTWP_1_26_1800_3600.f32
  ✗ Compression failed (exit code: 1)

[16/33] Processing: ICWMR_1_26_1800_3600.f32
  ✗ Compression failed (exit code: 1)

[17/33] Processing: OMEGA_1_26_1800_3600.f32
  ✗ Compression failed (exit code: 1)

[18/33] Processing: OMEGAT_1_26_1800_3600.f32
  ✗ Compression failed (exit code: 1)

[19/33] Processing: Q_1_26_1800_3600.f32
  ✗ Compression failed (exit code: 1)

[20/33] Processing: QC_1_26_1800_3600.f32
  ✗ Compression failed (exit code: 1)

[21/33] Processing: QRL_1_26_1800_3600.f32
  ✗ Compression failed (exit code: 1)

[22/33] Processing: QRS_1_26_1800_3600.f32

compression time=0.794419, total fastmode1 topology
compression size = 100359173, CR = 6.715081
done
decompression time=3.109862
done
Min=0, Max=6.8808403739240020514E-05, range=6.8808403739240020514E-05
Max absolute error = 0.0000786755
Max relative error = 1.143400
Max pw relative error = 0.000079
PSNR = 13.647970, NRMSE= 0.20777892016299628897
acEff=0.003259
compressionRatio = 6.715081
  ✓ Compression and decompression successful (ratio: 6.71x)

[23/33] Processing: RELHUM_1_26_1800_3600.f32
  ✗ Compression failed (exit code: 1)

[24/33] Processing: T_1_26_1800_3600.f32
  ✗ Compression failed (exit code: 1)

[25/33] Processing: U_1_26_1800_3600.f32
  ✗ Compression failed (exit code: 1)

[26/33] Processing: UU_1_26_1800_3600.f32
  ✗ Compression failed (exit code: 1)

[27/33] Processing: V_1_26_1800_3600.f32
  ✗ Compression failed (exit code: 1)

[28/33] Processing: VD01_1_26_1800_3600.f32
  ✗ Compression failed (exit code: 1)

[29/33] Processing: VQ_1_26_1800_3600.f32
  ✗ Compression failed (exit code: 1)

[30/33] Processing: VT_1_26_1800_3600.f32
  ✗ Compression failed (exit code: 1)

[31/33] Processing: VU_1_26_1800_3600.f32
  ✗ Compression failed (exit code: 1)

[32/33] Processing: VV_1_26_1800_3600.f32
  ✗ Compression failed (exit code: 1)

[33/33] Processing: Z3_1_26_1800_3600.f32
  ✗ Compression failed (exit code: 1)

=== Summary ===
Total files processed: 4
Total files skipped: 0
Total files failed: 29

