Input directory: ../../SDRBENCH-CESM-ATM-26x1800x3600/
Output directory: ../../SDRBENCH-CESM-ATM-26x1800x3600/topoSZp_36_thread/
Dimensions: 46800x3600 (168480000 elements)
Error bound: 1E-3
Block size: 16

Found 33 .dat file(s) to process

[1/33] Processing: CLDICE_1_26_1800_3600.f32
  ✗ Compression failed (exit code: 1)

[2/33] Processing: CLDLIQ_1_26_1800_3600.f32
  ✗ Compression failed (exit code: 1)

[3/33] Processing: CLOUD_1_26_1800_3600.f32
  ✗ Compression failed (exit code: 1)

[4/33] Processing: CMFDQ_1_26_1800_3600.f32

compression time=0.616149, total fastmode1 topology
compression size = 99997786, CR = 6.739349
done
decompression time=3.796539
done
Min=-1.7015851483392907539E-07, Max=5.8479585618442797568E-08, range=2.2863810045237187296E-07
Max absolute error = 0.0000100995
Max relative error = 44.172573
Max pw relative error = 0.000010
PSNR = -13.304002, NRMSE= 4.6259411429469041721
acEff=0.013267
compressionRatio = 6.739349
  ✓ Compression and decompression successful (ratio: 6.73x)

[5/33] Processing: CMFDQR_1_26_1800_3600.f32
  ✗ Compression failed (exit code: 1)

[6/33] Processing: CMFDT_1_26_1800_3600.f32
  ✗ Compression failed (exit code: 1)

[7/33] Processing: CONCLD_1_26_1800_3600.f32
  ✗ Compression failed (exit code: 1)

[8/33] Processing: DCQ_1_26_1800_3600.f32
  ✗ Compression failed (exit code: 1)

[9/33] Processing: DTCOND_1_26_1800_3600.f32
  ✗ Compression failed (exit code: 1)

[10/33] Processing: DTV_1_26_1800_3600.f32
  ✗ Compression failed (exit code: 1)

[11/33] Processing: FICE_1_26_1800_3600.f32
  ✗ Compression failed (exit code: 1)

[12/33] Processing: GCLDLWP_1_26_1800_3600.f32
  ✗ Compression failed (exit code: 1)

[13/33] Processing: ICIMR_1_26_1800_3600.f32
  ✗ Compression failed (exit code: 1)

[14/33] Processing: ICLDIWP_1_26_1800_3600.f32
  ✗ Compression failed (exit code: 1)

[15/33] Processing: ICLDTWP_1_26_1800_3600.f32
  ✗ Compression failed (exit code: 1)

[16/33] Processing: ICWMR_1_26_1800_3600.f32
  ✗ Compression failed (exit code: 1)

[17/33] Processing: OMEGA_1_26_1800_3600.f32
  ✗ Compression failed (exit code: 1)

[18/33] Processing: OMEGAT_1_26_1800_3600.f32
  ✗ Compression failed (exit code: 1)

[19/33] Processing: Q_1_26_1800_3600.f32
  ✗ Compression failed (exit code: 1)

[20/33] Processing: QC_1_26_1800_3600.f32

compression time=0.624919, total fastmode1 topology
compression size = 98642802, CR = 6.831923
done
decompression time=3.557923
done
Min=-1.3202021911232409341E-23, Max=9.8005060067407612223E-08, range=9.8005060067407612223E-08
Max absolute error = 0.0000100518
Max relative error = 102.564529
Max pw relative error = 0.000010
PSNR = -19.352791, NRMSE= 9.2819564527946933907
acEff=0.016006
compressionRatio = 6.831923
  ✓ Compression and decompression successful (ratio: 6.83x)

[21/33] Processing: QRL_1_26_1800_3600.f32
  ✗ Compression failed (exit code: 1)

[22/33] Processing: QRS_1_26_1800_3600.f32
  ✗ Compression failed (exit code: 1)

[23/33] Processing: RELHUM_1_26_1800_3600.f32
  ✗ Compression failed (exit code: 1)

[24/33] Processing: T_1_26_1800_3600.f32
  ✗ Compression failed (exit code: 1)

[25/33] Processing: U_1_26_1800_3600.f32
  ✗ Compression failed (exit code: 1)

[26/33] Processing: UU_1_26_1800_3600.f32
  ✗ Compression failed (exit code: 1)

[27/33] Processing: V_1_26_1800_3600.f32
  ✗ Compression failed (exit code: 1)

[28/33] Processing: VD01_1_26_1800_3600.f32

compression time=0.771396, total fastmode1 topology
compression size = 99355642, CR = 6.782907
done
decompression time=3.667108
done
Min=-2.6109083250958065037E-07, Max=4.6007784249013639055E-07, range=7.2116870342142647132E-07
Max absolute error = 0.0000101575
Max relative error = 14.084815
Max pw relative error = 0.000010
PSNR = -2.835689, NRMSE= 1.3860677074635794348
acEff=0.007608
compressionRatio = 6.782906
  ✓ Compression and decompression successful (ratio: 6.78x)

[29/33] Processing: VQ_1_26_1800_3600.f32

compression time=0.298710, total fastmode1 topology
compression size = 103527939, CR = 6.509547
done
decompression time=3.314800
done
Min=-0.19961507618427276611, Max=0.13738395273685455322, range=0.33699902892112731934
Max absolute error = 0.0017171782
Max relative error = 0.005095
Max pw relative error = 0.001717
PSNR = 59.655626, NRMSE= 0.0010404439956190841918
acEff=0.999537
compressionRatio = 6.509547
  ✓ Compression and decompression successful (ratio: 6.50x)

[30/33] Processing: VT_1_26_1800_3600.f32
  ✗ Compression failed (exit code: 1)

[31/33] Processing: VU_1_26_1800_3600.f32
  ✗ Compression failed (exit code: 1)

[32/33] Processing: VV_1_26_1800_3600.f32
  ✗ Compression failed (exit code: 1)

[33/33] Processing: Z3_1_26_1800_3600.f32
  ✗ Compression failed (exit code: 1)

=== Summary ===
Total files processed: 4
Total files skipped: 0
Total files failed: 29

