Found 90 .dat file(s) to process

[1/90] Processing: AEROD_v_1_768_1152.dat
  False Negatives: 1765
  False Positives: 1696
  False Types: 15
  Grand Total: 3476

[2/90] Processing: cb_ozone_c_1_768_1152.dat
  False Negatives: 0
  False Positives: 892
  False Types: 0
  Grand Total: 892

[3/90] Processing: cb_sulf_c_1_768_1152.dat
  False Negatives: 0
  False Positives: 134762
  False Types: 0
  Grand Total: 134762

[4/90] Processing: CLDHGH_1_768_1152.dat
  False Negatives: 170
  False Positives: 222
  False Types: 0
  Grand Total: 392

[5/90] Processing: CLDLOW_1_768_1152.dat
  False Negatives: 256
  False Positives: 16430
  False Types: 6
  Grand Total: 16692

[6/90] Processing: CLDMED_1_768_1152.dat
  False Negatives: 505
  False Positives: 9437
  False Types: 28
  Grand Total: 9970

[7/90] Processing: CLDTOT_1_768_1152.dat
  False Negatives: 168
  False Positives: 130
  False Types: 0
  Grand Total: 298

[8/90] Processing: FLDS_1_768_1152.dat
  False Negatives: 1871
  False Positives: 1903
  False Types: 8
  Grand Total: 3782

[9/90] Processing: FLDSC_1_768_1152.dat
  False Negatives: 1490
  False Positives: 1910
  False Types: 70
  Grand Total: 3470

[10/90] Processing: FLNS_1_768_1152.dat
  False Negatives: 522
  False Positives: 480
  False Types: 0
  Grand Total: 1002

[11/90] Processing: FLNSC_1_768_1152.dat
  False Negatives: 887
  False Positives: 951
  False Types: 20
  Grand Total: 1858

[12/90] Processing: FLNT_1_768_1152.dat
  False Negatives: 1111
  False Positives: 1038
  False Types: 3
  Grand Total: 2152

[13/90] Processing: FLNTC_1_768_1152.dat
  False Negatives: 2286
  False Positives: 2829
  False Types: 82
  Grand Total: 5197

[14/90] Processing: FLUT_1_768_1152.dat
  False Negatives: 1059
  False Positives: 1055
  False Types: 2
  Grand Total: 2116

[15/90] Processing: FLUTC_1_768_1152.dat
  False Negatives: 2237
  False Positives: 2810
  False Types: 78
  Grand Total: 5125

[16/90] Processing: FREQSH_1_768_1152.dat
  False Negatives: 0
  False Positives: 9163
  False Types: 0
  Grand Total: 9163

[17/90] Processing: FREQZM_1_768_1152.dat
  False Negatives: 0
  False Positives: 46260
  False Types: 0
  Grand Total: 46260

[18/90] Processing: FSDS_1_768_1152.dat
  False Negatives: 566
  False Positives: 539
  False Types: 0
  Grand Total: 1105

[19/90] Processing: FSDSC_1_768_1152.dat
  False Negatives: 817
  False Positives: 991
  False Types: 33
  Grand Total: 1841

[20/90] Processing: FSDTOA_1_768_1152.dat
  False Negatives: 34
  False Positives: 83
  False Types: 1
  Grand Total: 118

[21/90] Processing: FSNS_1_768_1152.dat
  False Negatives: 535
  False Positives: 522
  False Types: 0
  Grand Total: 1057

[22/90] Processing: FSNSC_1_768_1152.dat
  False Negatives: 1012
  False Positives: 1148
  False Types: 30
  Grand Total: 2190

[23/90] Processing: FSNT_1_768_1152.dat
  False Negatives: 795
  False Positives: 795
  False Types: 9
  Grand Total: 1599

[24/90] Processing: FSNTC_1_768_1152.dat
  False Negatives: 741
  False Positives: 1002
  False Types: 23
  Grand Total: 1766

[25/90] Processing: FSNTOA_1_768_1152.dat
  False Negatives: 772
  False Positives: 799
  False Types: 6
  Grand Total: 1577

[26/90] Processing: FSNTOAC_1_768_1152.dat
  False Negatives: 773
  False Positives: 1031
  False Types: 34
  Grand Total: 1838

[27/90] Processing: FSUTOA_1_768_1152.dat
  False Negatives: 716
  False Positives: 749
  False Types: 31
  Grand Total: 1496

[28/90] Processing: ICEFRAC_1_768_1152.dat
  False Negatives: 66
  False Positives: 33821
  False Types: 3
  Grand Total: 33890

[29/90] Processing: LANDFRAC_1_768_1152.dat
  False Negatives: 0
  False Positives: 40620
  False Types: 0
  Grand Total: 40620

[30/90] Processing: LHFLX_1_768_1152.dat
  False Negatives: 1355
  False Positives: 29903
  False Types: 35
  Grand Total: 31293

[31/90] Processing: LWCF_1_768_1152.dat
  False Negatives: 275
  False Positives: 287
  False Types: 1
  Grand Total: 563

[32/90] Processing: MSKtem_1_768_1152.dat
  False Negatives: 15
  False Positives: 100974
  False Types: 0
  Grand Total: 100989

[33/90] Processing: OCNFRAC_1_768_1152.dat
  False Negatives: 54
  False Positives: 64416
  False Types: 3
  Grand Total: 64473

[34/90] Processing: ODV_bcar1_1_768_1152.dat
  False Negatives: 191
  False Positives: 22518
  False Types: 5
  Grand Total: 22714

[35/90] Processing: ODV_bcar2_1_768_1152.dat
  False Negatives: 166
  False Positives: 1926
  False Types: 3
  Grand Total: 2095

[36/90] Processing: ODV_dust1_1_768_1152.dat
  False Negatives: 560
  False Positives: 6333
  False Types: 28
  Grand Total: 6921

[37/90] Processing: ODV_dust2_1_768_1152.dat
  False Negatives: 503
  False Positives: 6837
  False Types: 15
  Grand Total: 7355

[38/90] Processing: ODV_dust3_1_768_1152.dat
  False Negatives: 503
  False Positives: 11472
  False Types: 45
  Grand Total: 12020

[39/90] Processing: ODV_dust4_1_768_1152.dat
  False Negatives: 472
  False Positives: 25393
  False Types: 21
  Grand Total: 25886

[40/90] Processing: ODV_ocar1_1_768_1152.dat
  False Negatives: 521
  False Positives: 35788
  False Types: 22
  Grand Total: 36331

[41/90] Processing: ODV_ocar2_1_768_1152.dat
  False Negatives: 18460
  False Positives: 28840
  False Types: 1480
  Grand Total: 48780

[42/90] Processing: ODV_SSLTA_1_768_1152.dat
  False Negatives: 769
  False Positives: 1090
  False Types: 8
  Grand Total: 1867

[43/90] Processing: ODV_SSLTC_1_768_1152.dat
  False Negatives: 671
  False Positives: 1148
  False Types: 8
  Grand Total: 1827

[44/90] Processing: ODV_sulf_1_768_1152.dat
  False Negatives: 2660
  False Positives: 2663
  False Types: 29
  Grand Total: 5352

[45/90] Processing: ODV_VOLC_MMR_1_768_1152.dat
  False Negatives: 0
  False Positives: 11410
  False Types: 0
  Grand Total: 11410

[46/90] Processing: PBLH_1_768_1152.dat
  False Negatives: 558
  False Positives: 530
  False Types: 2
  Grand Total: 1090

[47/90] Processing: PCONVB_1_768_1152.dat
  False Negatives: 9666
  False Positives: 19937
  False Types: 631
  Grand Total: 30234

[48/90] Processing: PCONVT_1_768_1152.dat
  False Negatives: 3534
  False Positives: 9950
  False Types: 122
  Grand Total: 13606

[49/90] Processing: PHIS_1_768_1152.dat
  False Negatives: 267
  False Positives: 114152
  False Types: 14
  Grand Total: 114433

[50/90] Processing: PRECC_1_768_1152.dat
  False Negatives: 0
  False Positives: 0
  False Types: 0
  Grand Total: 0

[51/90] Processing: PRECCDZM_1_768_1152.dat
  False Negatives: 0
  False Positives: 0
  False Types: 0
  Grand Total: 0

[52/90] Processing: PRECL_1_768_1152.dat
  False Negatives: 0
  False Positives: 41304
  False Types: 0
  Grand Total: 41304

[53/90] Processing: PRECSC_1_768_1152.dat
  False Negatives: 0
  False Positives: 0
  False Types: 0
  Grand Total: 0

[54/90] Processing: PRECSH_1_768_1152.dat
  False Negatives: 0
  False Positives: 0
  False Types: 0
  Grand Total: 0

[55/90] Processing: PRECSL_1_768_1152.dat
  False Negatives: 0
  False Positives: 0
  False Types: 0
  Grand Total: 0

[56/90] Processing: PRECT_1_768_1152.dat
  False Negatives: 0
  False Positives: 59320
  False Types: 0
  Grand Total: 59320

[57/90] Processing: PS_1_768_1152.dat
  False Negatives: 1970
  False Positives: 28353
  False Types: 224
  Grand Total: 30547

[58/90] Processing: PSL_1_768_1152.dat
  False Negatives: 1237
  False Positives: 1940
  False Types: 49
  Grand Total: 3226

[59/90] Processing: QFLX_1_768_1152.dat
  False Negatives: 0
  False Positives: 82324
  False Types: 0
  Grand Total: 82324

[60/90] Processing: QREFHT_1_768_1152.dat
  False Negatives: 448
  False Positives: 26486
  False Types: 13
  Grand Total: 26947

[61/90] Processing: RHREFHT_1_768_1152.dat
  False Negatives: 9399
  False Positives: 17304
  False Types: 275
  Grand Total: 26978

[62/90] Processing: SFCLDICE_1_768_1152.dat
  False Negatives: 0
  False Positives: 0
  False Types: 0
  Grand Total: 0

[63/90] Processing: SFCLDLIQ_1_768_1152.dat
  False Negatives: 0
  False Positives: 0
  False Types: 0
  Grand Total: 0

[64/90] Processing: SHFLX_1_768_1152.dat
  False Negatives: 1242
  False Positives: 33945
  False Types: 28
  Grand Total: 35215

[65/90] Processing: SNOWHICE_1_768_1152.dat
  False Negatives: 47
  False Positives: 34374
  False Types: 4
  Grand Total: 34425

[66/90] Processing: SNOWHLND_1_768_1152.dat
  False Negatives: 20988
  False Positives: 46607
  False Types: 1848
  Grand Total: 69443

[67/90] Processing: SOLIN_1_768_1152.dat
  False Negatives: 34
  False Positives: 83
  False Types: 1
  Grand Total: 118

[68/90] Processing: SRFRAD_1_768_1152.dat
  False Negatives: 1363
  False Positives: 1374
  False Types: 4
  Grand Total: 2741

[69/90] Processing: SWCF_1_768_1152.dat
  False Negatives: 10802
  False Positives: 11515
  False Types: 847
  Grand Total: 23164

[70/90] Processing: TAUX_1_768_1152.dat
  False Negatives: 828
  False Positives: 28325
  False Types: 20
  Grand Total: 29173

[71/90] Processing: TAUY_1_768_1152.dat
  False Negatives: 793
  False Positives: 30466
  False Types: 35
  Grand Total: 31294

[72/90] Processing: TGCLDIWP_1_768_1152.dat
  False Negatives: 229
  False Positives: 273
  False Types: 0
  Grand Total: 502

[73/90] Processing: TGCLDLWP_1_768_1152.dat
  False Negatives: 335
  False Positives: 328
  False Types: 3
  Grand Total: 666

[74/90] Processing: TH2d_1_768_1152.dat
  False Negatives: 7
  False Positives: 15405
  False Types: 3
  Grand Total: 15415

[75/90] Processing: TMQ_1_768_1152.dat
  False Negatives: 464
  False Positives: 546
  False Types: 29
  Grand Total: 1039

[76/90] Processing: TREFHT_1_768_1152.dat
  False Negatives: 922
  False Positives: 26585
  False Types: 33
  Grand Total: 27540

[77/90] Processing: TREFMNAV_1_768_1152.dat
  False Negatives: 4367
  False Positives: 39708
  False Types: 107
  Grand Total: 44182

[78/90] Processing: TREFMXAV_1_768_1152.dat
  False Negatives: 4069
  False Positives: 39255
  False Types: 107
  Grand Total: 43431

[79/90] Processing: TROP_P_1_768_1152.dat
  False Negatives: 1351
  False Positives: 1627
  False Types: 28
  Grand Total: 3006

[80/90] Processing: TROP_T_1_768_1152.dat
  False Negatives: 392
  False Positives: 550
  False Types: 14
  Grand Total: 956

[81/90] Processing: TROP_Z_1_768_1152.dat
  False Negatives: 2556
  False Positives: 3831
  False Types: 132
  Grand Total: 6519

[82/90] Processing: TS_1_768_1152.dat
  False Negatives: 657
  False Positives: 25753
  False Types: 17
  Grand Total: 26427

[83/90] Processing: TSMN_1_768_1152.dat
  False Negatives: 701
  False Positives: 28580
  False Types: 18
  Grand Total: 29299

[84/90] Processing: TSMX_1_768_1152.dat
  False Negatives: 935
  False Positives: 31115
  False Types: 49
  Grand Total: 32099

[85/90] Processing: U2d_1_768_1152.dat
  False Negatives: 19
  False Positives: 17151
  False Types: 2
  Grand Total: 17172

[86/90] Processing: UV2d_1_768_1152.dat
  False Negatives: 219
  False Positives: 16936
  False Types: 48
  Grand Total: 17203

[87/90] Processing: UW2d_1_768_1152.dat
  False Negatives: 855
  False Positives: 14589
  False Types: 84
  Grand Total: 15528

[88/90] Processing: V2d_1_768_1152.dat
  False Negatives: 332
  False Positives: 18274
  False Types: 79
  Grand Total: 18685

[89/90] Processing: VTH2d_1_768_1152.dat
  False Negatives: 271
  False Positives: 17481
  False Types: 79
  Grand Total: 17831

[90/90] Processing: W2d_1_768_1152.dat
  False Negatives: 1812
  False Positives: 4965
  False Types: 44
  Grand Total: 6821

=== Summary ===
Total files processed: 90
Total files failed: 0
Total false cases across all files: 1695483
Average false cases per file: 18838.70
