Original directory: ../../CESM-LAND-MODELS/4/log_normalized/
Decompressed directory: ../../CESM-LAND-MODELS/4/log_normalized/topoSZp_1E-4
Dimensions: 192x288
Error bound: 1E-4

Found 176 .dat file(s) to process

[1/176] Processing: ACTUAL_IMMOB_1_192_288.dat
  False Negatives: 49
  False Positives: 0
  False Types: 0
  Grand Total: 49
  Total Critical Points (Decompressed): 734

[2/176] Processing: AGNPP_1_192_288.dat
  False Negatives: 200
  False Positives: 0
  False Types: 0
  Grand Total: 200
  Total Critical Points (Decompressed): 1183

[3/176] Processing: ANN_FAREA_BURNED_1_192_288.dat
  False Negatives: 305
  False Positives: 0
  False Types: 0
  Grand Total: 305
  Total Critical Points (Decompressed): 2076

[4/176] Processing: AR_1_192_288.dat
  False Negatives: 375
  False Positives: 0
  False Types: 0
  Grand Total: 375
  Total Critical Points (Decompressed): 2103

[5/176] Processing: area_192_288.dat
  False Negatives: 0
  False Positives: 0
  False Types: 0
  Grand Total: 0
  Total Critical Points (Decompressed): 22

[6/176] Processing: areaatm_192_288.dat
  False Negatives: 0
  False Positives: 0
  False Types: 0
  Grand Total: 0
  Total Critical Points (Decompressed): 20

[7/176] Processing: areaupsc_192_288.dat
  False Negatives: 0
  False Positives: 0
  False Types: 0
  Grand Total: 0
  Total Critical Points (Decompressed): 22

[8/176] Processing: BCDEP_1_192_288.dat
  False Negatives: 0
  False Positives: 0
  False Types: 0
  Grand Total: 0
  Total Critical Points (Decompressed): 15

[9/176] Processing: BGNPP_1_192_288.dat
  False Negatives: 223
  False Positives: 0
  False Types: 0
  Grand Total: 223
  Total Critical Points (Decompressed): 1227

[10/176] Processing: BTRAN_1_192_288.dat
  False Negatives: 105
  False Positives: 0
  False Types: 0
  Grand Total: 105
  Total Critical Points (Decompressed): 2363

[11/176] Processing: BUILDHEAT_1_192_288.dat
  False Negatives: 135
  False Positives: 0
  False Types: 0
  Grand Total: 135
  Total Critical Points (Decompressed): 1355

[12/176] Processing: COL_CTRUNC_1_192_288.dat
  False Negatives: 162
  False Positives: 0
  False Types: 0
  Grand Total: 162
  Total Critical Points (Decompressed): 665

[13/176] Processing: COL_FIRE_CLOSS_1_192_288.dat
  False Negatives: 47
  False Positives: 0
  False Types: 0
  Grand Total: 47
  Total Critical Points (Decompressed): 428

[14/176] Processing: COL_FIRE_NLOSS_1_192_288.dat
  False Negatives: 0
  False Positives: 0
  False Types: 0
  Grand Total: 0
  Total Critical Points (Decompressed): 51

[15/176] Processing: COL_NTRUNC_1_192_288.dat
  False Negatives: 71
  False Positives: 0
  False Types: 0
  Grand Total: 71
  Total Critical Points (Decompressed): 356

[16/176] Processing: CPOOL_1_192_288.dat
  False Negatives: 0
  False Positives: 0
  False Types: 0
  Grand Total: 0
  Total Critical Points (Decompressed): 15

[17/176] Processing: CWDC_1_192_288.dat
  False Negatives: 5
  False Positives: 0
  False Types: 0
  Grand Total: 5
  Total Critical Points (Decompressed): 2632

[18/176] Processing: CWDC_HR_1_192_288.dat
  False Negatives: 0
  False Positives: 0
  False Types: 0
  Grand Total: 0
  Total Critical Points (Decompressed): 15

[19/176] Processing: CWDC_LOSS_1_192_288.dat
  False Negatives: 188
  False Positives: 0
  False Types: 0
  Grand Total: 188
  Total Critical Points (Decompressed): 1196

[20/176] Processing: CWDN_1_192_288.dat
  False Negatives: 44
  False Positives: 0
  False Types: 0
  Grand Total: 44
  Total Critical Points (Decompressed): 2583

[21/176] Processing: DEADCROOTC_1_192_288.dat
  False Negatives: 6
  False Positives: 0
  False Types: 0
  Grand Total: 6
  Total Critical Points (Decompressed): 2589

[22/176] Processing: DEADCROOTN_1_192_288.dat
  False Negatives: 47
  False Positives: 0
  False Types: 0
  Grand Total: 47
  Total Critical Points (Decompressed): 2544

[23/176] Processing: DEADSTEMC_1_192_288.dat
  False Negatives: 6
  False Positives: 0
  False Types: 0
  Grand Total: 6
  Total Critical Points (Decompressed): 2589

[24/176] Processing: DEADSTEMN_1_192_288.dat
  False Negatives: 24
  False Positives: 0
  False Types: 0
  Grand Total: 24
  Total Critical Points (Decompressed): 2568

[25/176] Processing: DENIT_1_192_288.dat
  False Negatives: 1
  False Positives: 0
  False Types: 0
  Grand Total: 1
  Total Critical Points (Decompressed): 189

[26/176] Processing: DISPVEGC_1_192_288.dat
  False Negatives: 6
  False Positives: 0
  False Types: 0
  Grand Total: 6
  Total Critical Points (Decompressed): 2845

[27/176] Processing: DISPVEGN_1_192_288.dat
  False Negatives: 19
  False Positives: 0
  False Types: 0
  Grand Total: 19
  Total Critical Points (Decompressed): 2875

[28/176] Processing: DSTDEP_1_192_288.dat
  False Negatives: 0
  False Positives: 0
  False Types: 0
  Grand Total: 0
  Total Critical Points (Decompressed): 15

[29/176] Processing: DSTFLXT_1_192_288.dat
  False Negatives: 0
  False Positives: 0
  False Types: 0
  Grand Total: 0
  Total Critical Points (Decompressed): 82

[30/176] Processing: DWT_CLOSS_1_192_288.dat
  False Negatives: 0
  False Positives: 0
  False Types: 0
  Grand Total: 0
  Total Critical Points (Decompressed): 15

[31/176] Processing: DWT_CONV_CFLUX_1_192_288.dat
  False Negatives: 0
  False Positives: 0
  False Types: 0
  Grand Total: 0
  Total Critical Points (Decompressed): 15

[32/176] Processing: DWT_CONV_NFLUX_1_192_288.dat
  False Negatives: 0
  False Positives: 0
  False Types: 0
  Grand Total: 0
  Total Critical Points (Decompressed): 15

[33/176] Processing: DWT_NLOSS_1_192_288.dat
  False Negatives: 0
  False Positives: 0
  False Types: 0
  Grand Total: 0
  Total Critical Points (Decompressed): 15

[34/176] Processing: DWT_PROD100C_GAIN_1_192_288.dat
  False Negatives: 0
  False Positives: 0
  False Types: 0
  Grand Total: 0
  Total Critical Points (Decompressed): 15

[35/176] Processing: DWT_PROD100N_GAIN_1_192_288.dat
  False Negatives: 0
  False Positives: 0
  False Types: 0
  Grand Total: 0
  Total Critical Points (Decompressed): 15

[36/176] Processing: DWT_PROD10C_GAIN_1_192_288.dat
  False Negatives: 0
  False Positives: 0
  False Types: 0
  Grand Total: 0
  Total Critical Points (Decompressed): 15

[37/176] Processing: DWT_PROD10N_GAIN_1_192_288.dat
  False Negatives: 0
  False Positives: 0
  False Types: 0
  Grand Total: 0
  Total Critical Points (Decompressed): 15

[38/176] Processing: DWT_SEEDC_TO_DEADSTEM_1_192_288.dat
  False Negatives: 0
  False Positives: 0
  False Types: 0
  Grand Total: 0
  Total Critical Points (Decompressed): 15

[39/176] Processing: DWT_SEEDC_TO_LEAF_1_192_288.dat
  False Negatives: 0
  False Positives: 0
  False Types: 0
  Grand Total: 0
  Total Critical Points (Decompressed): 15

[40/176] Processing: DWT_SEEDN_TO_DEADSTEM_1_192_288.dat
  False Negatives: 0
  False Positives: 0
  False Types: 0
  Grand Total: 0
  Total Critical Points (Decompressed): 15

[41/176] Processing: DWT_SEEDN_TO_LEAF_1_192_288.dat
  False Negatives: 0
  False Positives: 0
  False Types: 0
  Grand Total: 0
  Total Critical Points (Decompressed): 15

[42/176] Processing: EFLX_DYNBAL_1_192_288.dat
  False Negatives: 0
  False Positives: 0
  False Types: 0
  Grand Total: 0
  Total Critical Points (Decompressed): 15

[43/176] Processing: EFLX_LH_TOT_R_1_192_288.dat
  False Negatives: 33
  False Positives: 0
  False Types: 0
  Grand Total: 33
  Total Critical Points (Decompressed): 2662

[44/176] Processing: EFLX_LH_TOT_U_1_192_288.dat
  False Negatives: 3
  False Positives: 0
  False Types: 0
  Grand Total: 3
  Total Critical Points (Decompressed): 1226

[45/176] Processing: ELAI_1_192_288.dat
  False Negatives: 24
  False Positives: 0
  False Types: 0
  Grand Total: 24
  Total Critical Points (Decompressed): 2980

[46/176] Processing: ER_1_192_288.dat
  False Negatives: 391
  False Positives: 0
  False Types: 0
  Grand Total: 391
  Total Critical Points (Decompressed): 2138

[47/176] Processing: ERRH2O_1_192_288.dat
  False Negatives: 0
  False Positives: 0
  False Types: 0
  Grand Total: 0
  Total Critical Points (Decompressed): 15

[48/176] Processing: ERRSEB_1_192_288.dat
  False Negatives: 0
  False Positives: 0
  False Types: 0
  Grand Total: 0
  Total Critical Points (Decompressed): 15

[49/176] Processing: ERRSOI_1_192_288.dat
  False Negatives: 0
  False Positives: 0
  False Types: 0
  Grand Total: 0
  Total Critical Points (Decompressed): 15

[50/176] Processing: ERRSOL_1_192_288.dat
  False Negatives: 0
  False Positives: 0
  False Types: 0
  Grand Total: 0
  Total Critical Points (Decompressed): 15

[51/176] Processing: ESAI_1_192_288.dat
  False Negatives: 72
  False Positives: 0
  False Types: 0
  Grand Total: 72
  Total Critical Points (Decompressed): 3031

[52/176] Processing: FCEV_1_192_288.dat
  False Negatives: 61
  False Positives: 0
  False Types: 0
  Grand Total: 61
  Total Critical Points (Decompressed): 2474

[53/176] Processing: FCOV_1_192_288.dat
  False Negatives: 188
  False Positives: 0
  False Types: 0
  Grand Total: 188
  Total Critical Points (Decompressed): 3781

[54/176] Processing: FCTR_1_192_288.dat
  False Negatives: 96
  False Positives: 0
  False Types: 0
  Grand Total: 96
  Total Critical Points (Decompressed): 2417

[55/176] Processing: FGEV_1_192_288.dat
  False Negatives: 43
  False Positives: 0
  False Types: 0
  Grand Total: 43
  Total Critical Points (Decompressed): 4100

[56/176] Processing: FGR_1_192_288.dat
  False Negatives: 215
  False Positives: 0
  False Types: 0
  Grand Total: 215
  Total Critical Points (Decompressed): 4177

[57/176] Processing: FGR12_1_192_288.dat
  False Negatives: 164
  False Positives: 0
  False Types: 0
  Grand Total: 164
  Total Critical Points (Decompressed): 4083

[58/176] Processing: FGR_R_1_192_288.dat
  False Negatives: 102
  False Positives: 0
  False Types: 0
  Grand Total: 102
  Total Critical Points (Decompressed): 2612

[59/176] Processing: FGR_U_1_192_288.dat
  False Negatives: 45
  False Positives: 0
  False Types: 0
  Grand Total: 45
  Total Critical Points (Decompressed): 1076

[60/176] Processing: FIRA_1_192_288.dat
  False Negatives: 53
  False Positives: 0
  False Types: 0
  Grand Total: 53
  Total Critical Points (Decompressed): 3314

[61/176] Processing: FIRA_R_1_192_288.dat
  False Negatives: 29
  False Positives: 0
  False Types: 0
  Grand Total: 29
  Total Critical Points (Decompressed): 2338

[62/176] Processing: FIRA_U_1_192_288.dat
  False Negatives: 5
  False Positives: 0
  False Types: 0
  Grand Total: 5
  Total Critical Points (Decompressed): 1159

[63/176] Processing: FIRE_1_192_288.dat
  False Negatives: 52
  False Positives: 0
  False Types: 0
  Grand Total: 52
  Total Critical Points (Decompressed): 1764

[64/176] Processing: FIRESEASONL_1_192_288.dat
  False Negatives: 6
  False Positives: 0
  False Types: 0
  Grand Total: 6
  Total Critical Points (Decompressed): 2406

[65/176] Processing: FLDS_1_192_288.dat
  False Negatives: 68
  False Positives: 0
  False Types: 0
  Grand Total: 68
  Total Critical Points (Decompressed): 1824

[66/176] Processing: FLUXFM2A_1_192_288.dat
  False Negatives: 0
  False Positives: 0
  False Types: 0
  Grand Total: 0
  Total Critical Points (Decompressed): 15

[67/176] Processing: FLUXFMLND_1_192_288.dat
  False Negatives: 0
  False Positives: 0
  False Types: 0
  Grand Total: 0
  Total Critical Points (Decompressed): 15

[68/176] Processing: FPG_1_192_288.dat
  False Negatives: 76
  False Positives: 0
  False Types: 0
  Grand Total: 76
  Total Critical Points (Decompressed): 1944

[69/176] Processing: FPI_1_192_288.dat
  False Negatives: 72
  False Positives: 0
  False Types: 0
  Grand Total: 72
  Total Critical Points (Decompressed): 2739

[70/176] Processing: FPSN_1_192_288.dat
  False Negatives: 39
  False Positives: 0
  False Types: 0
  Grand Total: 39
  Total Critical Points (Decompressed): 2313

[71/176] Processing: FROOTC_1_192_288.dat
  False Negatives: 13
  False Positives: 0
  False Types: 0
  Grand Total: 13
  Total Critical Points (Decompressed): 2900

[72/176] Processing: FROOTC_ALLOC_1_192_288.dat
  False Negatives: 217
  False Positives: 0
  False Types: 0
  Grand Total: 217
  Total Critical Points (Decompressed): 1225

[73/176] Processing: FROOTC_LOSS_1_192_288.dat
  False Negatives: 276
  False Positives: 0
  False Types: 0
  Grand Total: 276
  Total Critical Points (Decompressed): 1773

[74/176] Processing: FROOTN_1_192_288.dat
  False Negatives: 19
  False Positives: 0
  False Types: 0
  Grand Total: 19
  Total Critical Points (Decompressed): 2893

[75/176] Processing: FSA_1_192_288.dat
  False Negatives: 40
  False Positives: 0
  False Types: 0
  Grand Total: 40
  Total Critical Points (Decompressed): 3130

[76/176] Processing: FSA_R_1_192_288.dat
  False Negatives: 12
  False Positives: 0
  False Types: 0
  Grand Total: 12
  Total Critical Points (Decompressed): 1520

[77/176] Processing: FSAT_1_192_288.dat
  False Negatives: 262
  False Positives: 0
  False Types: 0
  Grand Total: 262
  Total Critical Points (Decompressed): 3724

[78/176] Processing: FSA_U_1_192_288.dat
  False Negatives: 11
  False Positives: 0
  False Types: 0
  Grand Total: 11
  Total Critical Points (Decompressed): 993

[79/176] Processing: FSDS_1_192_288.dat
  False Negatives: 72
  False Positives: 0
  False Types: 0
  Grand Total: 72
  Total Critical Points (Decompressed): 1744

[80/176] Processing: FSDSND_1_192_288.dat
  False Negatives: 41
  False Positives: 0
  False Types: 0
  Grand Total: 41
  Total Critical Points (Decompressed): 2007

[81/176] Processing: FSDSNDLN_1_192_288.dat
  False Negatives: 56
  False Positives: 0
  False Types: 0
  Grand Total: 56
  Total Critical Points (Decompressed): 2382

[82/176] Processing: FSDSNI_1_192_288.dat
  False Negatives: 28
  False Positives: 0
  False Types: 0
  Grand Total: 28
  Total Critical Points (Decompressed): 2970

[83/176] Processing: FSDSVD_1_192_288.dat
  False Negatives: 45
  False Positives: 0
  False Types: 0
  Grand Total: 45
  Total Critical Points (Decompressed): 1941

[84/176] Processing: FSDSVDLN_1_192_288.dat
  False Negatives: 38
  False Positives: 0
  False Types: 0
  Grand Total: 38
  Total Critical Points (Decompressed): 2267

[85/176] Processing: FSDSVI_1_192_288.dat
  False Negatives: 54
  False Positives: 0
  False Types: 0
  Grand Total: 54
  Total Critical Points (Decompressed): 2629

[86/176] Processing: FSH_1_192_288.dat
  False Negatives: 90
  False Positives: 0
  False Types: 0
  Grand Total: 90
  Total Critical Points (Decompressed): 4130

[87/176] Processing: FSH_G_1_192_288.dat
  False Negatives: 148
  False Positives: 0
  False Types: 0
  Grand Total: 148
  Total Critical Points (Decompressed): 4610

[88/176] Processing: FSH_NODYNLNDUSE_1_192_288.dat
  False Negatives: 90
  False Positives: 0
  False Types: 0
  Grand Total: 90
  Total Critical Points (Decompressed): 4130

[89/176] Processing: FSH_R_1_192_288.dat
  False Negatives: 51
  False Positives: 0
  False Types: 0
  Grand Total: 51
  Total Critical Points (Decompressed): 2734

[90/176] Processing: FSH_U_1_192_288.dat
  False Negatives: 11
  False Positives: 0
  False Types: 0
  Grand Total: 11
  Total Critical Points (Decompressed): 1184

[91/176] Processing: FSH_V_1_192_288.dat
  False Negatives: 61
  False Positives: 0
  False Types: 0
  Grand Total: 61
  Total Critical Points (Decompressed): 2862

[92/176] Processing: FSM_1_192_288.dat
  False Negatives: 146
  False Positives: 0
  False Types: 0
  Grand Total: 146
  Total Critical Points (Decompressed): 2483

[93/176] Processing: FSM_R_1_192_288.dat
  False Negatives: 145
  False Positives: 0
  False Types: 0
  Grand Total: 145
  Total Critical Points (Decompressed): 1771

[94/176] Processing: FSM_U_1_192_288.dat
  False Negatives: 46
  False Positives: 0
  False Types: 0
  Grand Total: 46
  Total Critical Points (Decompressed): 868

[95/176] Processing: FSNO_1_192_288.dat
  False Negatives: 106
  False Positives: 0
  False Types: 0
  Grand Total: 106
  Total Critical Points (Decompressed): 1028

[96/176] Processing: FSR_1_192_288.dat
  False Negatives: 81
  False Positives: 0
  False Types: 0
  Grand Total: 81
  Total Critical Points (Decompressed): 3903

[97/176] Processing: FSRND_1_192_288.dat
  False Negatives: 36
  False Positives: 0
  False Types: 0
  Grand Total: 36
  Total Critical Points (Decompressed): 3740

[98/176] Processing: FSRNDLN_1_192_288.dat
  False Negatives: 26
  False Positives: 0
  False Types: 0
  Grand Total: 26
  Total Critical Points (Decompressed): 4012

[99/176] Processing: FSRNI_1_192_288.dat
  False Negatives: 28
  False Positives: 0
  False Types: 0
  Grand Total: 28
  Total Critical Points (Decompressed): 3892

[100/176] Processing: FSRVD_1_192_288.dat
  False Negatives: 45
  False Positives: 0
  False Types: 0
  Grand Total: 45
  Total Critical Points (Decompressed): 3276

[101/176] Processing: FSRVDLN_1_192_288.dat
  False Negatives: 30
  False Positives: 0
  False Types: 0
  Grand Total: 30
  Total Critical Points (Decompressed): 3372

[102/176] Processing: FSRVI_1_192_288.dat
  False Negatives: 55
  False Positives: 0
  False Types: 0
  Grand Total: 55
  Total Critical Points (Decompressed): 3743

[103/176] Processing: GC_HEAT1_1_192_288.dat
  False Negatives: 293
  False Positives: 0
  False Types: 0
  Grand Total: 293
  Total Critical Points (Decompressed): 4392

[104/176] Processing: GC_HEAT2_1_192_288.dat
  False Negatives: 0
  False Positives: 0
  False Types: 0
  Grand Total: 0
  Total Critical Points (Decompressed): 15

[105/176] Processing: GC_ICE1_1_192_288.dat
  False Negatives: 105
  False Positives: 0
  False Types: 0
  Grand Total: 105
  Total Critical Points (Decompressed): 2091

[106/176] Processing: GC_ICE2_1_192_288.dat
  False Negatives: 0
  False Positives: 0
  False Types: 0
  Grand Total: 0
  Total Critical Points (Decompressed): 15

[107/176] Processing: GC_LIQ1_1_192_288.dat
  False Negatives: 627
  False Positives: 0
  False Types: 0
  Grand Total: 627
  Total Critical Points (Decompressed): 3456

[108/176] Processing: GC_LIQ2_1_192_288.dat
  False Negatives: 0
  False Positives: 0
  False Types: 0
  Grand Total: 0
  Total Critical Points (Decompressed): 15

[109/176] Processing: GPP_1_192_288.dat
  False Negatives: 313
  False Positives: 0
  False Types: 0
  Grand Total: 313
  Total Critical Points (Decompressed): 1719

[110/176] Processing: GR_1_192_288.dat
  False Negatives: 210
  False Positives: 0
  False Types: 0
  Grand Total: 210
  Total Critical Points (Decompressed): 1180

[111/176] Processing: GROSS_NMIN_1_192_288.dat
  False Negatives: 54
  False Positives: 0
  False Types: 0
  Grand Total: 54
  Total Critical Points (Decompressed): 696

[112/176] Processing: H2OCAN_1_192_288.dat
  False Negatives: 211
  False Positives: 0
  False Types: 0
  Grand Total: 211
  Total Critical Points (Decompressed): 2905

[113/176] Processing: H2OSNO_1_192_288.dat
  False Negatives: 196
  False Positives: 0
  False Types: 0
  Grand Total: 196
  Total Critical Points (Decompressed): 1954

[114/176] Processing: H2OSNO_TOP_1_192_288.dat
  False Negatives: 37
  False Positives: 0
  False Types: 0
  Grand Total: 37
  Total Critical Points (Decompressed): 3430

[115/176] Processing: HC_1_192_288.dat
  False Negatives: 81
  False Positives: 0
  False Types: 0
  Grand Total: 81
  Total Critical Points (Decompressed): 4558

[116/176] Processing: HCSOI_1_192_288.dat
  False Negatives: 88
  False Positives: 0
  False Types: 0
  Grand Total: 88
  Total Critical Points (Decompressed): 4416

[117/176] Processing: HEAT_FROM_AC_1_192_288.dat
  False Negatives: 4
  False Positives: 0
  False Types: 0
  Grand Total: 4
  Total Critical Points (Decompressed): 78

[118/176] Processing: HR_1_192_288.dat
  False Negatives: 406
  False Positives: 0
  False Types: 0
  Grand Total: 406
  Total Critical Points (Decompressed): 2113

[119/176] Processing: HTOP_1_192_288.dat
  False Negatives: 66
  False Positives: 0
  False Types: 0
  Grand Total: 66
  Total Critical Points (Decompressed): 2966

[120/176] Processing: LAISHA_1_192_288.dat
  False Negatives: 28
  False Positives: 0
  False Types: 0
  Grand Total: 28
  Total Critical Points (Decompressed): 3005

[121/176] Processing: LAISUN_1_192_288.dat
  False Negatives: 153
  False Positives: 0
  False Types: 0
  Grand Total: 153
  Total Critical Points (Decompressed): 2355

[122/176] Processing: landfrac_192_288.dat
  False Negatives: 2
  False Positives: 0
  False Types: 0
  Grand Total: 2
  Total Critical Points (Decompressed): 1254

[123/176] Processing: latixy_192_288.dat
  False Negatives: 0
  False Positives: 0
  False Types: 0
  Grand Total: 0
  Total Critical Points (Decompressed): 20

[124/176] Processing: latixyatm_192_288.dat
  False Negatives: 0
  False Positives: 0
  False Types: 0
  Grand Total: 0
  Total Critical Points (Decompressed): 22

[125/176] Processing: LEAFC_1_192_288.dat
  False Negatives: 6
  False Positives: 0
  False Types: 0
  Grand Total: 6
  Total Critical Points (Decompressed): 2760

[126/176] Processing: LEAFC_ALLOC_1_192_288.dat
  False Negatives: 188
  False Positives: 0
  False Types: 0
  Grand Total: 188
  Total Critical Points (Decompressed): 1170

[127/176] Processing: LEAFC_LOSS_1_192_288.dat
  False Negatives: 249
  False Positives: 0
  False Types: 0
  Grand Total: 249
  Total Critical Points (Decompressed): 1691

[128/176] Processing: LEAFN_1_192_288.dat
  False Negatives: 16
  False Positives: 0
  False Types: 0
  Grand Total: 16
  Total Critical Points (Decompressed): 2853

[129/176] Processing: LITFALL_1_192_288.dat
  False Negatives: 362
  False Positives: 0
  False Types: 0
  Grand Total: 362
  Total Critical Points (Decompressed): 2107

[130/176] Processing: LITHR_1_192_288.dat
  False Negatives: 360
  False Positives: 0
  False Types: 0
  Grand Total: 360
  Total Critical Points (Decompressed): 2016

[131/176] Processing: LITR1C_1_192_288.dat
  False Negatives: 64
  False Positives: 0
  False Types: 0
  Grand Total: 64
  Total Critical Points (Decompressed): 3401

[132/176] Processing: LITR1C_TO_SOIL1C_1_192_288.dat
  False Negatives: 188
  False Positives: 0
  False Types: 0
  Grand Total: 188
  Total Critical Points (Decompressed): 1523

[133/176] Processing: LITR1N_1_192_288.dat
  False Negatives: 377
  False Positives: 0
  False Types: 0
  Grand Total: 377
  Total Critical Points (Decompressed): 3071

[134/176] Processing: LITR2C_1_192_288.dat
  False Negatives: 16
  False Positives: 0
  False Types: 0
  Grand Total: 16
  Total Critical Points (Decompressed): 3335

[135/176] Processing: LITR2C_TO_SOIL2C_1_192_288.dat
  False Negatives: 285
  False Positives: 0
  False Types: 0
  Grand Total: 285
  Total Critical Points (Decompressed): 1751

[136/176] Processing: LITR2N_1_192_288.dat
  False Negatives: 49
  False Positives: 0
  False Types: 0
  Grand Total: 49
  Total Critical Points (Decompressed): 3373

[137/176] Processing: LITR3C_1_192_288.dat
  False Negatives: 21
  False Positives: 0
  False Types: 0
  Grand Total: 21
  Total Critical Points (Decompressed): 3299

[138/176] Processing: LITR3C_TO_SOIL3C_1_192_288.dat
  False Negatives: 200
  False Positives: 0
  False Types: 0
  Grand Total: 200
  Total Critical Points (Decompressed): 1558

[139/176] Processing: LITR3N_1_192_288.dat
  False Negatives: 36
  False Positives: 0
  False Types: 0
  Grand Total: 36
  Total Critical Points (Decompressed): 3351

[140/176] Processing: LITTERC_1_192_288.dat
  False Negatives: 14
  False Positives: 0
  False Types: 0
  Grand Total: 14
  Total Critical Points (Decompressed): 3350

[141/176] Processing: LITTERC_HR_1_192_288.dat
  False Negatives: 360
  False Positives: 0
  False Types: 0
  Grand Total: 360
  Total Critical Points (Decompressed): 2016

[142/176] Processing: LITTERC_LOSS_1_192_288.dat
  False Negatives: 429
  False Positives: 0
  False Types: 0
  Grand Total: 429
  Total Critical Points (Decompressed): 2243

[143/176] Processing: LIVECROOTC_1_192_288.dat
  False Negatives: 25
  False Positives: 0
  False Types: 0
  Grand Total: 25
  Total Critical Points (Decompressed): 2635

[144/176] Processing: LIVECROOTN_1_192_288.dat
  False Negatives: 193
  False Positives: 0
  False Types: 0
  Grand Total: 193
  Total Critical Points (Decompressed): 2467

[145/176] Processing: LIVESTEMC_1_192_288.dat
  False Negatives: 19
  False Positives: 0
  False Types: 0
  Grand Total: 19
  Total Critical Points (Decompressed): 2641

[146/176] Processing: LIVESTEMN_1_192_288.dat
  False Negatives: 105
  False Positives: 0
  False Types: 0
  Grand Total: 105
  Total Critical Points (Decompressed): 2555

[147/176] Processing: longxy_192_288.dat
  False Negatives: 0
  False Positives: 0
  False Types: 0
  Grand Total: 0
  Total Critical Points (Decompressed): 39

[148/176] Processing: longxyatm_192_288.dat
  False Negatives: 0
  False Positives: 0
  False Types: 0
  Grand Total: 0
  Total Critical Points (Decompressed): 36

[149/176] Processing: MEAN_FIRE_PROB_1_192_288.dat
  False Negatives: 58
  False Positives: 0
  False Types: 0
  Grand Total: 58
  Total Critical Points (Decompressed): 2338

[150/176] Processing: MR_1_192_288.dat
  False Negatives: 364
  False Positives: 0
  False Types: 0
  Grand Total: 364
  Total Critical Points (Decompressed): 2120

[151/176] Processing: NBP_1_192_288.dat
  False Negatives: 443
  False Positives: 0
  False Types: 0
  Grand Total: 443
  Total Critical Points (Decompressed): 2423

[152/176] Processing: NDEPLOY_1_192_288.dat
  False Negatives: 26
  False Positives: 0
  False Types: 0
  Grand Total: 26
  Total Critical Points (Decompressed): 446

[153/176] Processing: NDEP_TO_SMINN_1_192_288.dat
  False Negatives: 0
  False Positives: 0
  False Types: 0
  Grand Total: 0
  Total Critical Points (Decompressed): 15

[154/176] Processing: NEE_1_192_288.dat
  False Negatives: 446
  False Positives: 0
  False Types: 0
  Grand Total: 446
  Total Critical Points (Decompressed): 2410

[155/176] Processing: NEP_1_192_288.dat
  False Negatives: 425
  False Positives: 0
  False Types: 0
  Grand Total: 425
  Total Critical Points (Decompressed): 2379

[156/176] Processing: NET_NMIN_1_192_288.dat
  False Negatives: 20
  False Positives: 0
  False Types: 0
  Grand Total: 20
  Total Critical Points (Decompressed): 546

[157/176] Processing: NFIX_TO_SMINN_1_192_288.dat
  False Negatives: 0
  False Positives: 0
  False Types: 0
  Grand Total: 0
  Total Critical Points (Decompressed): 15

[158/176] Processing: NPP_1_192_288.dat
  False Negatives: 354
  False Positives: 0
  False Types: 0
  Grand Total: 354
  Total Critical Points (Decompressed): 2023

[159/176] Processing: OCDEP_1_192_288.dat
  False Negatives: 0
  False Positives: 0
  False Types: 0
  Grand Total: 0
  Total Critical Points (Decompressed): 15

[160/176] Processing: PBOT_1_192_288.dat
  False Negatives: 65
  False Positives: 0
  False Types: 0
  Grand Total: 65
  Total Critical Points (Decompressed): 590

[161/176] Processing: PCO2_1_192_288.dat
  False Negatives: 65
  False Positives: 0
  False Types: 0
  Grand Total: 65
  Total Critical Points (Decompressed): 590

[162/176] Processing: PFT_CTRUNC_1_192_288.dat
  False Negatives: 507
  False Positives: 0
  False Types: 0
  Grand Total: 507
  Total Critical Points (Decompressed): 1864

[163/176] Processing: PFT_FIRE_CLOSS_1_192_288.dat
  False Negatives: 45
  False Positives: 0
  False Types: 0
  Grand Total: 45
  Total Critical Points (Decompressed): 411

[164/176] Processing: PFT_FIRE_NLOSS_1_192_288.dat
  False Negatives: 0
  False Positives: 0
  False Types: 0
  Grand Total: 0
  Total Critical Points (Decompressed): 43

[165/176] Processing: PFT_NTRUNC_1_192_288.dat
  False Negatives: 439
  False Positives: 0
  False Types: 0
  Grand Total: 439
  Total Critical Points (Decompressed): 1855

[166/176] Processing: PLANT_NDEMAND_1_192_288.dat
  False Negatives: 97
  False Positives: 0
  False Types: 0
  Grand Total: 97
  Total Critical Points (Decompressed): 732

[167/176] Processing: POTENTIAL_IMMOB_1_192_288.dat
  False Negatives: 126
  False Positives: 0
  False Types: 0
  Grand Total: 126
  Total Critical Points (Decompressed): 1161

[168/176] Processing: PROD100C_1_192_288.dat
  False Negatives: 0
  False Positives: 0
  False Types: 0
  Grand Total: 0
  Total Critical Points (Decompressed): 15

[169/176] Processing: PROD100C_LOSS_1_192_288.dat
  False Negatives: 0
  False Positives: 0
  False Types: 0
  Grand Total: 0
  Total Critical Points (Decompressed): 15

[170/176] Processing: PROD100N_1_192_288.dat
  False Negatives: 0
  False Positives: 0
  False Types: 0
  Grand Total: 0
  Total Critical Points (Decompressed): 15

[171/176] Processing: PROD100N_LOSS_1_192_288.dat
  False Negatives: 0
  False Positives: 0
  False Types: 0
  Grand Total: 0
  Total Critical Points (Decompressed): 15

[172/176] Processing: PROD10C_1_192_288.dat
  False Negatives: 0
  False Positives: 0
  False Types: 0
  Grand Total: 0
  Total Critical Points (Decompressed): 15

[173/176] Processing: PROD10C_LOSS_1_192_288.dat
  False Negatives: 0
  False Positives: 0
  False Types: 0
  Grand Total: 0
  Total Critical Points (Decompressed): 15

[174/176] Processing: PROD10N_1_192_288.dat
  False Negatives: 0
  False Positives: 0
  False Types: 0
  Grand Total: 0
  Total Critical Points (Decompressed): 15

[175/176] Processing: topo_192_288.dat
  False Negatives: 0
  False Positives: 0
  False Types: 0
  Grand Total: 0
  Total Critical Points (Decompressed): 15

[176/176] Processing: topodnsc_192_288.dat
  False Negatives: 0
  False Positives: 0
  False Types: 0
  Grand Total: 0
  Total Critical Points (Decompressed): 15

=== Summary ===
Total files processed: 176
Total files skipped: 0
Total files failed: 0
Total false cases across all files: 16150
Average false cases per file: 91.76
Results saved to: ../../CESM-LAND-MODELS/4/log_normalized/topoSZp_1E-4/critical_points.csv

