Input directory: ../../CESM-CLIMATE-65G/4/log_normalized/
Output directory: ../../CESM-CLIMATE-65G/4/log_normalized/topoSZp_16_thread/
Dimensions: 768x1152 (884736 elements)
Error bound: 1E-3
Block size: 16

Found 90 .dat file(s) to process

[1/90] Processing: AEROD_v_1_768_1152.dat

compression time=0.007363, total fastmode1 topology
compression size = 948099, CR = 3.732673
done
decompression time=0.038680
done
Min=0, Max=1, range=1
Max absolute error = 0.0019684210
Max relative error = 0.001968
Max pw relative error = 0.001968
PSNR = 64.761071, NRMSE= 0.00057802479177991399322
acEff=0.999995
compressionRatio = 3.732673
  ✓ Compression and decompression successful (ratio: 3.73x)

[2/90] Processing: cb_ozone_c_1_768_1152.dat

compression time=0.003382, total fastmode1 topology
compression size = 738112, CR = 4.794590
done
decompression time=0.023484
done
Min=0, Max=1, range=1
Max absolute error = 0.0016687810
Max relative error = 0.001669
Max pw relative error = 0.001669
PSNR = 64.775020, NRMSE= 0.00057709724546793584807
acEff=0.999999
compressionRatio = 4.794589
  ✓ Compression and decompression successful (ratio: 4.79x)

[3/90] Processing: cb_sulf_c_1_768_1152.dat

compression time=0.003736, total fastmode1 topology
compression size = 778379, CR = 4.546556
done
decompression time=0.020077
done
Min=0, Max=1, range=1
Max absolute error = 0.0009999275
Max relative error = 0.001000
Max pw relative error = 0.001000
PSNR = 65.147445, NRMSE= 0.0005528760023092901257
acEff=0.999998
compressionRatio = 4.546556
  ✓ Compression and decompression successful (ratio: 4.54x)

[4/90] Processing: CLDHGH_1_768_1152.dat

compression time=0.012418, total fastmode1 topology
compression size = 1388285, CR = 2.549148
done
decompression time=0.044433
done
Min=0, Max=1, range=1
Max absolute error = 0.0019908100
Max relative error = 0.001991
Max pw relative error = 0.001991
PSNR = 64.757340, NRMSE= 0.00057827312449970906961
acEff=0.999998
compressionRatio = 2.549148
  ✓ Compression and decompression successful (ratio: 2.54x)

[5/90] Processing: CLDLOW_1_768_1152.dat

compression time=0.008815, total fastmode1 topology
compression size = 1277935, CR = 2.769268
done
decompression time=0.039681
done
Min=0, Max=1, range=1
Max absolute error = 0.0019956827
Max relative error = 0.001996
Max pw relative error = 0.001996
PSNR = 64.994774, NRMSE= 0.0005626797760641835764
acEff=0.999999
compressionRatio = 2.769268
  ✓ Compression and decompression successful (ratio: 2.76x)

[6/90] Processing: CLDMED_1_768_1152.dat

compression time=0.008979, total fastmode1 topology
compression size = 1239720, CR = 2.854632
done
decompression time=0.040665
done
Min=0, Max=1, range=1
Max absolute error = 0.0019536614
Max relative error = 0.001954
Max pw relative error = 0.001954
PSNR = 64.891944, NRMSE= 0.0005693807894660030686
acEff=0.999998
compressionRatio = 2.854632
  ✓ Compression and decompression successful (ratio: 2.85x)

[7/90] Processing: CLDTOT_1_768_1152.dat

compression time=0.074508, total fastmode1 topology
compression size = 1372621, CR = 2.578238
done
decompression time=0.043737
done
Min=0, Max=1, range=1
Max absolute error = 0.0019716620
Max relative error = 0.001972
Max pw relative error = 0.001972
PSNR = 64.760750, NRMSE= 0.00057804613386419070268
acEff=0.999998
compressionRatio = 2.578238
  ✓ Compression and decompression successful (ratio: 2.57x)

[8/90] Processing: FLDS_1_768_1152.dat

compression time=0.009034, total fastmode1 topology
compression size = 911405, CR = 3.882954
done
decompression time=0.039031
done
Min=0, Max=1, range=1
Max absolute error = 0.0018861890
Max relative error = 0.001886
Max pw relative error = 0.001886
PSNR = 64.782056, NRMSE= 0.00057662997295862029878
acEff=0.999996
compressionRatio = 3.882954
  ✓ Compression and decompression successful (ratio: 3.88x)

[9/90] Processing: FLDSC_1_768_1152.dat

compression time=0.005512, total fastmode1 topology
compression size = 786937, CR = 4.497112
done
decompression time=0.028564
done
Min=0, Max=1, range=1
Max absolute error = 0.0018874407
Max relative error = 0.001887
Max pw relative error = 0.001887
PSNR = 64.771055, NRMSE= 0.0005773607225419539633
acEff=0.999997
compressionRatio = 4.497112
  ✓ Compression and decompression successful (ratio: 4.49x)

[10/90] Processing: FLNS_1_768_1152.dat

compression time=0.009551, total fastmode1 topology
compression size = 1142370, CR = 3.097897
done
decompression time=0.044435
done
Min=0, Max=1, range=1
Max absolute error = 0.0019701123
Max relative error = 0.001970
Max pw relative error = 0.001970
PSNR = 64.742510, NRMSE= 0.00057926125529003506549
acEff=0.999994
compressionRatio = 3.097896
  ✓ Compression and decompression successful (ratio: 3.09x)

[11/90] Processing: FLNSC_1_768_1152.dat

compression time=0.009720, total fastmode1 topology
compression size = 1039524, CR = 3.404389
done
decompression time=0.040407
done
Min=0, Max=1, range=1
Max absolute error = 0.0019949675
Max relative error = 0.001995
Max pw relative error = 0.001995
PSNR = 64.713913, NRMSE= 0.00058117153305476450947
acEff=0.999996
compressionRatio = 3.404389
  ✓ Compression and decompression successful (ratio: 3.40x)

[12/90] Processing: FLNT_1_768_1152.dat

compression time=0.009323, total fastmode1 topology
compression size = 972057, CR = 3.640675
done
decompression time=0.041001
done
Min=0, Max=1, range=1
Max absolute error = 0.0019338727
Max relative error = 0.001934
Max pw relative error = 0.001934
PSNR = 64.779112, NRMSE= 0.00057682540889374578786
acEff=0.999996
compressionRatio = 3.640675
  ✓ Compression and decompression successful (ratio: 3.64x)

[13/90] Processing: FLNTC_1_768_1152.dat

compression time=0.006305, total fastmode1 topology
compression size = 789367, CR = 4.483268
done
decompression time=0.030656
done
Min=0, Max=1, range=1
Max absolute error = 0.0019633770
Max relative error = 0.001963
Max pw relative error = 0.001963
PSNR = 64.776320, NRMSE= 0.00057701088780126423301
acEff=0.999996
compressionRatio = 4.483268
  ✓ Compression and decompression successful (ratio: 4.48x)

[14/90] Processing: FLUT_1_768_1152.dat

compression time=0.008793, total fastmode1 topology
compression size = 971545, CR = 3.642594
done
decompression time=0.041489
done
Min=0, Max=1, range=1
Max absolute error = 0.0019639134
Max relative error = 0.001964
Max pw relative error = 0.001964
PSNR = 64.780891, NRMSE= 0.0005767073240602693749
acEff=0.999996
compressionRatio = 3.642594
  ✓ Compression and decompression successful (ratio: 3.64x)

[15/90] Processing: FLUTC_1_768_1152.dat

compression time=0.006922, total fastmode1 topology
compression size = 789078, CR = 4.484910
done
decompression time=0.031300
done
Min=0, Max=1, range=1
Max absolute error = 0.0019873381
Max relative error = 0.001987
Max pw relative error = 0.001987
PSNR = 64.778974, NRMSE= 0.00057683460725402118351
acEff=0.999996
compressionRatio = 4.484910
  ✓ Compression and decompression successful (ratio: 4.48x)

[16/90] Processing: FREQSH_1_768_1152.dat

compression time=0.009577, total fastmode1 topology
compression size = 1267405, CR = 2.792276
done
decompression time=0.040562
done
Min=0, Max=1, range=1
Max absolute error = 0.0017428398
Max relative error = 0.001743
Max pw relative error = 0.001743
PSNR = 64.731745, NRMSE= 0.00057997965149698320429
acEff=0.999999
compressionRatio = 2.792276
  ✓ Compression and decompression successful (ratio: 2.79x)

[17/90] Processing: FREQZM_1_768_1152.dat

compression time=0.006654, total fastmode1 topology
compression size = 1025965, CR = 3.449381
done
decompression time=0.032697
done
Min=0, Max=1, range=1
Max absolute error = 0.0016619563
Max relative error = 0.001662
Max pw relative error = 0.001662
PSNR = 66.347826, NRMSE= 0.00048151374032643625908
acEff=0.999999
compressionRatio = 3.449381
  ✓ Compression and decompression successful (ratio: 3.44x)

[18/90] Processing: FSDS_1_768_1152.dat

compression time=0.008593, total fastmode1 topology
compression size = 1026338, CR = 3.448127
done
decompression time=0.040173
done
Min=0, Max=1, range=1
Max absolute error = 0.0019516349
Max relative error = 0.001952
Max pw relative error = 0.001952
PSNR = 64.766002, NRMSE= 0.00057769674185213293945
acEff=0.999998
compressionRatio = 3.448127
  ✓ Compression and decompression successful (ratio: 3.44x)

[19/90] Processing: FSDSC_1_768_1152.dat

compression time=0.004221, total fastmode1 topology
compression size = 679852, CR = 5.205462
done
decompression time=0.024949
done
Min=0, Max=1, range=1
Max absolute error = 0.0016098022
Max relative error = 0.001610
Max pw relative error = 0.001610
PSNR = 64.768215, NRMSE= 0.00057754952071616735138
acEff=0.999998
compressionRatio = 5.205462
  ✓ Compression and decompression successful (ratio: 5.20x)

[20/90] Processing: FSDTOA_1_768_1152.dat

compression time=0.002265, total fastmode1 topology
compression size = 559217, CR = 6.328391
done
decompression time=0.020237
done
Min=0, Max=1, range=1
Max absolute error = 0.0009999871
Max relative error = 0.001000
Max pw relative error = 0.001000
PSNR = 64.711047, NRMSE= 0.00058136337171228638209
acEff=0.999998
compressionRatio = 6.328391
  ✓ Compression and decompression successful (ratio: 6.32x)

[21/90] Processing: FSNS_1_768_1152.dat

compression time=0.009214, total fastmode1 topology
compression size = 1088027, CR = 3.252625
done
decompression time=0.040669
done
Min=0, Max=1, range=1
Max absolute error = 0.0019788146
Max relative error = 0.001979
Max pw relative error = 0.001979
PSNR = 64.757417, NRMSE= 0.00057826797842421169809
acEff=0.999999
compressionRatio = 3.252625
  ✓ Compression and decompression successful (ratio: 3.25x)

[22/90] Processing: FSNSC_1_768_1152.dat

compression time=0.006297, total fastmode1 topology
compression size = 839397, CR = 4.216055
done
decompression time=0.030187
done
Min=0, Max=1, range=1
Max absolute error = 0.0019823015
Max relative error = 0.001982
Max pw relative error = 0.001982
PSNR = 64.753729, NRMSE= 0.00057851359733435028625
acEff=0.999999
compressionRatio = 4.216055
  ✓ Compression and decompression successful (ratio: 4.21x)

[23/90] Processing: FSNT_1_768_1152.dat

compression time=0.008636, total fastmode1 topology
compression size = 990882, CR = 3.571509
done
decompression time=0.040747
done
Min=0, Max=1, range=1
Max absolute error = 0.0019847155
Max relative error = 0.001985
Max pw relative error = 0.001985
PSNR = 64.770495, NRMSE= 0.000577397966430653279
acEff=0.999999
compressionRatio = 3.571509
  ✓ Compression and decompression successful (ratio: 3.57x)

[24/90] Processing: FSNTC_1_768_1152.dat

compression time=0.005144, total fastmode1 topology
compression size = 761575, CR = 4.646875
done
decompression time=0.028067
done
Min=0, Max=1, range=1
Max absolute error = 0.0019792914
Max relative error = 0.001979
Max pw relative error = 0.001979
PSNR = 64.740787, NRMSE= 0.00057937617897454952651
acEff=0.999999
compressionRatio = 4.646875
  ✓ Compression and decompression successful (ratio: 4.64x)

[25/90] Processing: FSNTOA_1_768_1152.dat

compression time=0.008889, total fastmode1 topology
compression size = 987819, CR = 3.582583
done
decompression time=0.040384
done
Min=0, Max=1, range=1
Max absolute error = 0.0019481778
Max relative error = 0.001948
Max pw relative error = 0.001948
PSNR = 64.774814, NRMSE= 0.00057711092633655741019
acEff=0.999999
compressionRatio = 3.582583
  ✓ Compression and decompression successful (ratio: 3.58x)

[26/90] Processing: FSNTOAC_1_768_1152.dat

compression time=0.005647, total fastmode1 topology
compression size = 760345, CR = 4.654392
done
decompression time=0.027937
done
Min=0, Max=1, range=1
Max absolute error = 0.0019685626
Max relative error = 0.001969
Max pw relative error = 0.001969
PSNR = 64.799520, NRMSE= 0.00057547175989628742126
acEff=0.999999
compressionRatio = 4.654392
  ✓ Compression and decompression successful (ratio: 4.65x)

[27/90] Processing: FSUTOA_1_768_1152.dat

compression time=0.009877, total fastmode1 topology
compression size = 1110096, CR = 3.187962
done
decompression time=0.039255
done
Min=0, Max=1, range=1
Max absolute error = 0.0019937754
Max relative error = 0.001994
Max pw relative error = 0.001994
PSNR = 64.751547, NRMSE= 0.00057865888954120340767
acEff=0.999997
compressionRatio = 3.187962
  ✓ Compression and decompression successful (ratio: 3.18x)

[28/90] Processing: ICEFRAC_1_768_1152.dat

compression time=0.002799, total fastmode1 topology
compression size = 574041, CR = 6.164968
done
decompression time=0.020792
done
Min=0, Max=1, range=1
Max absolute error = 0.0017518648
Max relative error = 0.001752
Max pw relative error = 0.001752
PSNR = 73.181727, NRMSE= 0.00021923689154895663572
acEff=1.000000
compressionRatio = 6.164967
  ✓ Compression and decompression successful (ratio: 6.16x)

[29/90] Processing: LANDFRAC_1_768_1152.dat

compression time=0.002657, total fastmode1 topology
compression size = 622531, CR = 5.684768
done
decompression time=0.020383
done
Min=0, Max=1, range=1
Max absolute error = 0.0015032887
Max relative error = 0.001503
Max pw relative error = 0.001503
PSNR = 64.678811, NRMSE= 0.00058352496341715505944
acEff=1.000000
compressionRatio = 5.684768
  ✓ Compression and decompression successful (ratio: 5.68x)

[30/90] Processing: LHFLX_1_768_1152.dat

compression time=0.006452, total fastmode1 topology
compression size = 1074432, CR = 3.293781
done
decompression time=0.031783
done
Min=0, Max=1, range=1
Max absolute error = 0.0019676685
Max relative error = 0.001968
Max pw relative error = 0.001968
PSNR = 64.754481, NRMSE= 0.00057846347501890580962
acEff=0.999999
compressionRatio = 3.293781
  ✓ Compression and decompression successful (ratio: 3.29x)

[31/90] Processing: LWCF_1_768_1152.dat

compression time=0.010411, total fastmode1 topology
compression size = 1182842, CR = 2.991899
done
decompression time=0.040242
done
Min=0, Max=1, range=1
Max absolute error = 0.0019686520
Max relative error = 0.001969
Max pw relative error = 0.001969
PSNR = 64.742959, NRMSE= 0.00057923134541230307352
acEff=0.999997
compressionRatio = 2.991899
  ✓ Compression and decompression successful (ratio: 2.99x)

[32/90] Processing: MSKtem_1_768_1152.dat

compression time=0.004552, total fastmode1 topology
compression size = 794574, CR = 4.453888
done
decompression time=0.024716
done
Min=0, Max=1, range=1
Max absolute error = 0.0019696951
Max relative error = 0.001970
Max pw relative error = 0.001970
PSNR = 62.435526, NRMSE= 0.00075548130167718097021
acEff=0.999998
compressionRatio = 4.453888
  ✓ Compression and decompression successful (ratio: 4.45x)

[33/90] Processing: OCNFRAC_1_768_1152.dat

compression time=0.003217, total fastmode1 topology
compression size = 687226, CR = 5.149607
done
decompression time=0.021168
done
Min=0, Max=1, range=1
Max absolute error = 0.0015106313
Max relative error = 0.001511
Max pw relative error = 0.001511
PSNR = 62.495284, NRMSE= 0.00075030149965793024956
acEff=1.000000
compressionRatio = 5.149607
  ✓ Compression and decompression successful (ratio: 5.14x)

[34/90] Processing: ODV_bcar1_1_768_1152.dat

compression time=0.004028, total fastmode1 topology
compression size = 645212, CR = 5.484932
done
decompression time=0.023181
done
Min=0, Max=1, range=1
Max absolute error = 0.0019117966
Max relative error = 0.001912
Max pw relative error = 0.001912
PSNR = 65.987805, NRMSE= 0.00050189139954979686276
acEff=0.999971
compressionRatio = 5.484932
  ✓ Compression and decompression successful (ratio: 5.48x)

[35/90] Processing: ODV_bcar2_1_768_1152.dat

compression time=0.004206, total fastmode1 topology
compression size = 695570, CR = 5.087833
done
decompression time=0.024239
done
Min=0, Max=1, range=1
Max absolute error = 0.0019707084
Max relative error = 0.001971
Max pw relative error = 0.001971
PSNR = 65.062027, NRMSE= 0.00055833986197764218576
acEff=0.999993
compressionRatio = 5.087833
  ✓ Compression and decompression successful (ratio: 5.08x)

[36/90] Processing: ODV_dust1_1_768_1152.dat

compression time=0.003848, total fastmode1 topology
compression size = 618785, CR = 5.719182
done
decompression time=0.022565
done
Min=0, Max=1, range=1
Max absolute error = 0.0016282797
Max relative error = 0.001628
Max pw relative error = 0.001628
PSNR = 65.535018, NRMSE= 0.00052874841161080923888
acEff=0.999990
compressionRatio = 5.719182
  ✓ Compression and decompression successful (ratio: 5.71x)

[37/90] Processing: ODV_dust2_1_768_1152.dat

compression time=0.003822, total fastmode1 topology
compression size = 617365, CR = 5.732337
done
decompression time=0.022216
done
Min=0, Max=1, range=1
Max absolute error = 0.0016783569
Max relative error = 0.001678
Max pw relative error = 0.001678
PSNR = 65.526207, NRMSE= 0.00052928508072363502322
acEff=0.999989
compressionRatio = 5.732337
  ✓ Compression and decompression successful (ratio: 5.73x)

[38/90] Processing: ODV_dust3_1_768_1152.dat

compression time=0.003630, total fastmode1 topology
compression size = 601943, CR = 5.879201
done
decompression time=0.021963
done
Min=0, Max=1, range=1
Max absolute error = 0.0017021373
Max relative error = 0.001702
Max pw relative error = 0.001702
PSNR = 65.630213, NRMSE= 0.00052298512881887755654
acEff=0.999986
compressionRatio = 5.879201
  ✓ Compression and decompression successful (ratio: 5.87x)

[39/90] Processing: ODV_dust4_1_768_1152.dat

compression time=0.005660, total fastmode1 topology
compression size = 583705, CR = 6.062898
done
decompression time=0.021450
done
Min=0, Max=1, range=1
Max absolute error = 0.0019228607
Max relative error = 0.001923
Max pw relative error = 0.001923
PSNR = 66.128264, NRMSE= 0.00049384058716177802167
acEff=0.999980
compressionRatio = 6.062898
  ✓ Compression and decompression successful (ratio: 6.06x)

[40/90] Processing: ODV_ocar1_1_768_1152.dat

compression time=0.004185, total fastmode1 topology
compression size = 597860, CR = 5.919353
done
decompression time=0.022389
done
Min=0, Max=1, range=1
Max absolute error = 0.0018184409
Max relative error = 0.001818
Max pw relative error = 0.001818
PSNR = 66.909618, NRMSE= 0.00045135588346952818396
acEff=0.999924
compressionRatio = 5.919352
  ✓ Compression and decompression successful (ratio: 5.91x)

[41/90] Processing: ODV_ocar2_1_768_1152.dat

compression time=0.010037, total fastmode1 topology
compression size = 766067, CR = 4.619627
done
decompression time=0.032782
done
Min=0, Max=1, range=1
Max absolute error = 0.0016147494
Max relative error = 0.001615
Max pw relative error = 0.001615
PSNR = 65.184680, NRMSE= 0.00055051098907110641509
acEff=0.999980
compressionRatio = 4.619627
  ✓ Compression and decompression successful (ratio: 4.61x)

[42/90] Processing: ODV_SSLTA_1_768_1152.dat

compression time=0.007220, total fastmode1 topology
compression size = 1025571, CR = 3.450706
done
decompression time=0.035561
done
Min=0, Max=1, range=1
Max absolute error = 0.0019803345
Max relative error = 0.001980
Max pw relative error = 0.001980
PSNR = 64.771996, NRMSE= 0.00057729819366481678264
acEff=0.999999
compressionRatio = 3.450706
  ✓ Compression and decompression successful (ratio: 3.45x)

[43/90] Processing: ODV_SSLTC_1_768_1152.dat

compression time=0.007073, total fastmode1 topology
compression size = 1035369, CR = 3.418051
done
decompression time=0.036143
done
Min=0, Max=1, range=1
Max absolute error = 0.0019809827
Max relative error = 0.001981
Max pw relative error = 0.001981
PSNR = 64.753994, NRMSE= 0.00057849593958921800407
acEff=0.999999
compressionRatio = 3.418051
  ✓ Compression and decompression successful (ratio: 3.41x)

[44/90] Processing: ODV_sulf_1_768_1152.dat

compression time=0.009622, total fastmode1 topology
compression size = 955016, CR = 3.705638
done
decompression time=0.038307
done
Min=0, Max=1, range=1
Max absolute error = 0.0019306242
Max relative error = 0.001931
Max pw relative error = 0.001931
PSNR = 64.792535, NRMSE= 0.00057593467330546395996
acEff=0.999996
compressionRatio = 3.705638
  ✓ Compression and decompression successful (ratio: 3.70x)

[45/90] Processing: ODV_VOLC_MMR_1_768_1152.dat

compression time=0.005629, total fastmode1 topology
compression size = 620303, CR = 5.705186
done
decompression time=0.024833
done
Min=0, Max=1, range=1
Max absolute error = 0.0017669797
Max relative error = 0.001767
Max pw relative error = 0.001767
PSNR = 67.444267, NRMSE= 0.00042441100348599222888
acEff=1.000000
compressionRatio = 5.705186
  ✓ Compression and decompression successful (ratio: 5.70x)

[46/90] Processing: PBLH_1_768_1152.dat

compression time=0.008706, total fastmode1 topology
compression size = 1058125, CR = 3.344543
done
decompression time=0.038153
done
Min=0, Max=1, range=1
Max absolute error = 0.0019939542
Max relative error = 0.001994
Max pw relative error = 0.001994
PSNR = 64.750727, NRMSE= 0.00057871352661566482622
acEff=0.999997
compressionRatio = 3.344542
  ✓ Compression and decompression successful (ratio: 3.34x)

[47/90] Processing: PCONVB_1_768_1152.dat

compression time=0.009571, total fastmode1 topology
compression size = 720700, CR = 4.910426
done
decompression time=0.028216
done
Min=0, Max=1, range=1
Max absolute error = 0.0017439723
Max relative error = 0.001744
Max pw relative error = 0.001744
PSNR = 64.815028, NRMSE= 0.00057444519064308913105
acEff=0.999959
compressionRatio = 4.910426
  ✓ Compression and decompression successful (ratio: 4.91x)

[48/90] Processing: PCONVT_1_768_1152.dat

compression time=0.011919, total fastmode1 topology
compression size = 848323, CR = 4.171694
done
decompression time=0.033579
done
Min=0, Max=1, range=1
Max absolute error = 0.0019115210
Max relative error = 0.001912
Max pw relative error = 0.001912
PSNR = 64.772221, NRMSE= 0.00057728325880336984338
acEff=0.999941
compressionRatio = 4.171694
  ✓ Compression and decompression successful (ratio: 4.17x)

[49/90] Processing: PHIS_1_768_1152.dat

compression time=0.004218, total fastmode1 topology
compression size = 750863, CR = 4.713169
done
decompression time=0.024030
done
Min=0, Max=1, range=1
Max absolute error = 0.0019480586
Max relative error = 0.001948
Max pw relative error = 0.001948
PSNR = 63.227926, NRMSE= 0.00068961020883528479156
acEff=0.999999
compressionRatio = 4.713169
  ✓ Compression and decompression successful (ratio: 4.71x)

[50/90] Processing: PRECC_1_768_1152.dat

compression time=0.002569, total fastmode1 topology
compression size = 542263, CR = 6.526250
done
decompression time=0.018934
done
Min=0, Max=1, range=1
Max absolute error = 0.0009999275
Max relative error = 0.001000
Max pw relative error = 0.001000
PSNR = 105.666640, NRMSE= 5.207964587050809608E-06
acEff=1.000000
compressionRatio = 6.526250
  ✓ Compression and decompression successful (ratio: 6.52x)

[51/90] Processing: PRECCDZM_1_768_1152.dat

compression time=0.002526, total fastmode1 topology
compression size = 537664, CR = 6.582074
done
decompression time=0.016884
done
Min=0, Max=1, range=1
Max absolute error = 0.0009999275
Max relative error = 0.001000
Max pw relative error = 0.001000
PSNR = 77.154071, NRMSE= 0.00013877028083112067486
acEff=1.000000
compressionRatio = 6.582074
  ✓ Compression and decompression successful (ratio: 6.58x)

[52/90] Processing: PRECL_1_768_1152.dat

compression time=0.002694, total fastmode1 topology
compression size = 586644, CR = 6.032524
done
decompression time=0.017159
done
Min=0, Max=1, range=1
Max absolute error = 0.0009999275
Max relative error = 0.001000
Max pw relative error = 0.001000
PSNR = 75.495956, NRMSE= 0.00016795858014167998253
acEff=0.999999
compressionRatio = 6.032524
  ✓ Compression and decompression successful (ratio: 6.03x)

[53/90] Processing: PRECSC_1_768_1152.dat
Error: No critical points found!
  ✗ Compression failed

[54/90] Processing: PRECSH_1_768_1152.dat
Error: No critical points found!
  ✗ Compression failed

[55/90] Processing: PRECSL_1_768_1152.dat

compression time=0.003001, total fastmode1 topology
compression size = 500353, CR = 7.072895
done
decompression time=0.015961
done
Min=0, Max=1, range=1
Max absolute error = 0.0009999275
Max relative error = 0.001000
Max pw relative error = 0.001000
PSNR = 107.164277, NRMSE= 4.3831481323318371388E-06
acEff=1.000000
compressionRatio = 7.072895
  ✓ Compression and decompression successful (ratio: 7.07x)

[56/90] Processing: PRECT_1_768_1152.dat

compression time=0.002914, total fastmode1 topology
compression size = 623229, CR = 5.678401
done
decompression time=0.017513
done
Min=0, Max=1, range=1
Max absolute error = 0.0009999275
Max relative error = 0.001000
Max pw relative error = 0.001000
PSNR = 87.916470, NRMSE= 4.0195415460304346903E-05
acEff=1.000000
compressionRatio = 5.678401
  ✓ Compression and decompression successful (ratio: 5.67x)

[57/90] Processing: PS_1_768_1152.dat

compression time=0.005086, total fastmode1 topology
compression size = 657909, CR = 5.379078
done
decompression time=0.024549
done
Min=0, Max=1, range=1
Max absolute error = 0.0017410517
Max relative error = 0.001741
Max pw relative error = 0.001741
PSNR = 64.856255, NRMSE= 0.0005717251170219775358
acEff=0.999957
compressionRatio = 5.379078
  ✓ Compression and decompression successful (ratio: 5.37x)

[58/90] Processing: PSL_1_768_1152.dat

compression time=0.005116, total fastmode1 topology
compression size = 729446, CR = 4.851551
done
decompression time=0.025990
done
Min=0, Max=1, range=1
Max absolute error = 0.0018942356
Max relative error = 0.001894
Max pw relative error = 0.001894
PSNR = 64.776313, NRMSE= 0.00057701136022812607798
acEff=0.999988
compressionRatio = 4.851550
  ✓ Compression and decompression successful (ratio: 4.85x)

[59/90] Processing: QFLX_1_768_1152.dat

compression time=0.008155, total fastmode1 topology
compression size = 992584, CR = 3.565385
done
decompression time=0.027889
done
Min=0, Max=1, range=1
Max absolute error = 0.0013076365
Max relative error = 0.001308
Max pw relative error = 0.001308
PSNR = 64.999467, NRMSE= 0.00056237586015096742865
acEff=0.999997
compressionRatio = 3.565385
  ✓ Compression and decompression successful (ratio: 3.56x)

[60/90] Processing: QREFHT_1_768_1152.dat

compression time=0.005032, total fastmode1 topology
compression size = 907897, CR = 3.897958
done
decompression time=0.027807
done
Min=0, Max=1, range=1
Max absolute error = 0.0019856095
Max relative error = 0.001986
Max pw relative error = 0.001986
PSNR = 64.760619, NRMSE= 0.00057805484063543316302
acEff=0.999999
compressionRatio = 3.897958
  ✓ Compression and decompression successful (ratio: 3.89x)

[61/90] Processing: RHREFHT_1_768_1152.dat

compression time=0.008742, total fastmode1 topology
compression size = 934847, CR = 3.785586
done
decompression time=0.038464
done
Min=0, Max=1, range=1
Max absolute error = 0.0019306540
Max relative error = 0.001931
Max pw relative error = 0.001931
PSNR = 64.771972, NRMSE= 0.00057729981642808700457
acEff=0.999987
compressionRatio = 3.785586
  ✓ Compression and decompression successful (ratio: 3.78x)

[62/90] Processing: SFCLDICE_1_768_1152.dat
Error: No critical points found!
  ✗ Compression failed

[63/90] Processing: SFCLDLIQ_1_768_1152.dat
Error: No critical points found!
  ✗ Compression failed

[64/90] Processing: SHFLX_1_768_1152.dat

compression time=0.006436, total fastmode1 topology
compression size = 943755, CR = 3.749855
done
decompression time=0.032824
done
Min=0, Max=1, range=1
Max absolute error = 0.0019595623
Max relative error = 0.001960
Max pw relative error = 0.001960
PSNR = 64.765884, NRMSE= 0.00057770456245885950033
acEff=0.999979
compressionRatio = 3.749855
  ✓ Compression and decompression successful (ratio: 3.74x)

[65/90] Processing: SNOWHICE_1_768_1152.dat

compression time=0.002896, total fastmode1 topology
compression size = 558290, CR = 6.338899
done
decompression time=0.020418
done
Min=0, Max=1, range=1
Max absolute error = 0.0017438978
Max relative error = 0.001744
Max pw relative error = 0.001744
PSNR = 74.278347, NRMSE= 0.00019323360151978307797
acEff=1.000000
compressionRatio = 6.338899
  ✓ Compression and decompression successful (ratio: 6.33x)

[66/90] Processing: SNOWHLND_1_768_1152.dat

compression time=0.014606, total fastmode1 topology
compression size = 579380, CR = 6.108157
done
decompression time=0.024237
done
Min=0, Max=1, range=1
Max absolute error = 0.0018136241
Max relative error = 0.001814
Max pw relative error = 0.001814
PSNR = 74.706095, NRMSE= 0.00018394807383755100395
acEff=1.000000
compressionRatio = 6.108157
  ✓ Compression and decompression successful (ratio: 6.10x)

[67/90] Processing: SOLIN_1_768_1152.dat

compression time=0.002432, total fastmode1 topology
compression size = 559217, CR = 6.328391
done
decompression time=0.020238
done
Min=0, Max=1, range=1
Max absolute error = 0.0009999871
Max relative error = 0.001000
Max pw relative error = 0.001000
PSNR = 64.711047, NRMSE= 0.00058136337171228638209
acEff=0.999998
compressionRatio = 6.328391
  ✓ Compression and decompression successful (ratio: 6.32x)

[68/90] Processing: SRFRAD_1_768_1152.dat

compression time=0.010149, total fastmode1 topology
compression size = 929816, CR = 3.806069
done
decompression time=0.040686
done
Min=0, Max=1, range=1
Max absolute error = 0.0019572973
Max relative error = 0.001957
Max pw relative error = 0.001957
PSNR = 64.785160, NRMSE= 0.00057642391324115810434
acEff=0.999997
compressionRatio = 3.806069
  ✓ Compression and decompression successful (ratio: 3.80x)

[69/90] Processing: SWCF_1_768_1152.dat

compression time=0.011358, total fastmode1 topology
compression size = 1013001, CR = 3.493525
done
decompression time=0.043334
done
Min=0, Max=1, range=1
Max absolute error = 0.0019481778
Max relative error = 0.001948
Max pw relative error = 0.001948
PSNR = 64.633704, NRMSE= 0.00058656319011584799258
acEff=0.999959
compressionRatio = 3.493525
  ✓ Compression and decompression successful (ratio: 3.49x)

[70/90] Processing: TAUX_1_768_1152.dat

compression time=0.006643, total fastmode1 topology
compression size = 819243, CR = 4.319773
done
decompression time=0.028359
done
Min=0, Max=1, range=1
Max absolute error = 0.0019357204
Max relative error = 0.001936
Max pw relative error = 0.001936
PSNR = 64.775117, NRMSE= 0.00057709080536594628812
acEff=0.999930
compressionRatio = 4.319773
  ✓ Compression and decompression successful (ratio: 4.31x)

[71/90] Processing: TAUY_1_768_1152.dat

compression time=0.006468, total fastmode1 topology
compression size = 868657, CR = 4.074041
done
decompression time=0.028563
done
Min=0, Max=1, range=1
Max absolute error = 0.0019591451
Max relative error = 0.001959
Max pw relative error = 0.001959
PSNR = 64.759918, NRMSE= 0.00057810150717195615214
acEff=0.999942
compressionRatio = 4.074041
  ✓ Compression and decompression successful (ratio: 4.07x)

[72/90] Processing: TGCLDIWP_1_768_1152.dat

compression time=0.008086, total fastmode1 topology
compression size = 1164534, CR = 3.038936
done
decompression time=0.035416
done
Min=0, Max=1, range=1
Max absolute error = 0.0019736290
Max relative error = 0.001974
Max pw relative error = 0.001974
PSNR = 64.743347, NRMSE= 0.0005792054844519300234
acEff=0.999999
compressionRatio = 3.038936
  ✓ Compression and decompression successful (ratio: 3.03x)

[73/90] Processing: TGCLDLWP_1_768_1152.dat

compression time=0.020212, total fastmode1 topology
compression size = 1139088, CR = 3.106822
done
decompression time=0.036051
done
Min=0, Max=1, range=1
Max absolute error = 0.0019998550
Max relative error = 0.002000
Max pw relative error = 0.002000
PSNR = 64.758916, NRMSE= 0.00057816819097455994861
acEff=0.999998
compressionRatio = 3.106822
  ✓ Compression and decompression successful (ratio: 3.10x)

[74/90] Processing: TH2d_1_768_1152.dat

compression time=0.002617, total fastmode1 topology
compression size = 516338, CR = 6.853929
done
decompression time=0.020129
done
Min=0, Max=1, range=1
Max absolute error = 0.0019333959
Max relative error = 0.001933
Max pw relative error = 0.001933
PSNR = 80.600460, NRMSE= 9.3320483484346912701E-05
acEff=0.999996
compressionRatio = 6.853929
  ✓ Compression and decompression successful (ratio: 6.85x)

[75/90] Processing: TMQ_1_768_1152.dat

compression time=0.004476, total fastmode1 topology
compression size = 850866, CR = 4.159226
done
decompression time=0.027441
done
Min=0, Max=1, range=1
Max absolute error = 0.0019780993
Max relative error = 0.001978
Max pw relative error = 0.001978
PSNR = 64.760612, NRMSE= 0.00057805534227296545731
acEff=0.999999
compressionRatio = 4.159226
  ✓ Compression and decompression successful (ratio: 4.15x)

[76/90] Processing: TREFHT_1_768_1152.dat

compression time=0.004986, total fastmode1 topology
compression size = 761604, CR = 4.646698
done
decompression time=0.027621
done
Min=0, Max=1, range=1
Max absolute error = 0.0019390583
Max relative error = 0.001939
Max pw relative error = 0.001939
PSNR = 64.784565, NRMSE= 0.00057646342544617019607
acEff=0.999996
compressionRatio = 4.646698
  ✓ Compression and decompression successful (ratio: 4.64x)

[77/90] Processing: TREFMNAV_1_768_1152.dat

compression time=0.007141, total fastmode1 topology
compression size = 806106, CR = 4.390172
done
decompression time=0.031247
done
Min=0, Max=1, range=1
Max absolute error = 0.0019720793
Max relative error = 0.001972
Max pw relative error = 0.001972
PSNR = 64.772107, NRMSE= 0.00057729079358379486661
acEff=0.999996
compressionRatio = 4.390172
  ✓ Compression and decompression successful (ratio: 4.39x)

[78/90] Processing: TREFMXAV_1_768_1152.dat

compression time=0.008753, total fastmode1 topology
compression size = 789106, CR = 4.484751
done
decompression time=0.030211
done
Min=0, Max=1, range=1
Max absolute error = 0.0019683838
Max relative error = 0.001968
Max pw relative error = 0.001968
PSNR = 64.772086, NRMSE= 0.00057729222808408002608
acEff=0.999996
compressionRatio = 4.484751
  ✓ Compression and decompression successful (ratio: 4.48x)

[79/90] Processing: TROP_P_1_768_1152.dat

compression time=0.006143, total fastmode1 topology
compression size = 774526, CR = 4.569174
done
decompression time=0.028799
done
Min=0, Max=1, range=1
Max absolute error = 0.0016848445
Max relative error = 0.001685
Max pw relative error = 0.001685
PSNR = 64.792559, NRMSE= 0.00057593308483814729341
acEff=0.999998
compressionRatio = 4.569174
  ✓ Compression and decompression successful (ratio: 4.56x)

[80/90] Processing: TROP_T_1_768_1152.dat

compression time=0.004537, total fastmode1 topology
compression size = 789993, CR = 4.479716
done
decompression time=0.027012
done
Min=0, Max=1, range=1
Max absolute error = 0.0019723922
Max relative error = 0.001972
Max pw relative error = 0.001972
PSNR = 64.759122, NRMSE= 0.00057815449680206584294
acEff=0.999999
compressionRatio = 4.479716
  ✓ Compression and decompression successful (ratio: 4.47x)

[81/90] Processing: TROP_Z_1_768_1152.dat

compression time=0.005701, total fastmode1 topology
compression size = 742298, CR = 4.767551
done
decompression time=0.027030
done
Min=0, Max=1, range=1
Max absolute error = 0.0017414689
Max relative error = 0.001741
Max pw relative error = 0.001741
PSNR = 64.744583, NRMSE= 0.00057912301736731761764
acEff=0.999990
compressionRatio = 4.767552
  ✓ Compression and decompression successful (ratio: 4.76x)

[82/90] Processing: TS_1_768_1152.dat

compression time=0.006851, total fastmode1 topology
compression size = 781057, CR = 4.530968
done
decompression time=0.028086
done
Min=0, Max=1, range=1
Max absolute error = 0.0019676089
Max relative error = 0.001968
Max pw relative error = 0.001968
PSNR = 64.780547, NRMSE= 0.00057673013401363841871
acEff=0.999996
compressionRatio = 4.530968
  ✓ Compression and decompression successful (ratio: 4.53x)

[83/90] Processing: TSMN_1_768_1152.dat

compression time=0.006613, total fastmode1 topology
compression size = 860863, CR = 4.110926
done
decompression time=0.030436
done
Min=0, Max=1, range=1
Max absolute error = 0.0019685626
Max relative error = 0.001969
Max pw relative error = 0.001969
PSNR = 64.737830, NRMSE= 0.00057957349715467441822
acEff=0.999997
compressionRatio = 4.110926
  ✓ Compression and decompression successful (ratio: 4.11x)

[84/90] Processing: TSMX_1_768_1152.dat

compression time=0.006937, total fastmode1 topology
compression size = 846768, CR = 4.179355
done
decompression time=0.030723
done
Min=0, Max=1, range=1
Max absolute error = 0.0019732714
Max relative error = 0.001973
Max pw relative error = 0.001973
PSNR = 64.796062, NRMSE= 0.00057570087698578461827
acEff=0.999995
compressionRatio = 4.179355
  ✓ Compression and decompression successful (ratio: 4.17x)

[85/90] Processing: U2d_1_768_1152.dat

compression time=0.002277, total fastmode1 topology
compression size = 511045, CR = 6.924917
done
decompression time=0.019940
done
Min=0, Max=1, range=1
Max absolute error = 0.0019333959
Max relative error = 0.001933
Max pw relative error = 0.001933
PSNR = 61.005529, NRMSE= 0.00089068376968625881645
acEff=0.999996
compressionRatio = 6.924917
  ✓ Compression and decompression successful (ratio: 6.92x)

[86/90] Processing: UV2d_1_768_1152.dat

compression time=0.002814, total fastmode1 topology
compression size = 508664, CR = 6.957331
done
decompression time=0.020069
done
Min=0, Max=1, range=1
Max absolute error = 0.0019333959
Max relative error = 0.001933
Max pw relative error = 0.001933
PSNR = 66.657422, NRMSE= 0.00046465318678699866735
acEff=0.999999
compressionRatio = 6.957331
  ✓ Compression and decompression successful (ratio: 6.95x)

[87/90] Processing: UW2d_1_768_1152.dat

compression time=0.002959, total fastmode1 topology
compression size = 507153, CR = 6.978060
done
decompression time=0.020363
done
Min=0, Max=1, range=1
Max absolute error = 0.0019333959
Max relative error = 0.001933
Max pw relative error = 0.001933
PSNR = 67.708848, NRMSE= 0.00041167793682880360166
acEff=0.999999
compressionRatio = 6.978060
  ✓ Compression and decompression successful (ratio: 6.97x)

[88/90] Processing: V2d_1_768_1152.dat

compression time=0.002960, total fastmode1 topology
compression size = 511423, CR = 6.919798
done
decompression time=0.020223
done
Min=0, Max=1, range=1
Max absolute error = 0.0019333959
Max relative error = 0.001933
Max pw relative error = 0.001933
PSNR = 68.176501, NRMSE= 0.00039009909240514997189
acEff=0.999999
compressionRatio = 6.919798
  ✓ Compression and decompression successful (ratio: 6.91x)

[89/90] Processing: VTH2d_1_768_1152.dat

compression time=0.002904, total fastmode1 topology
compression size = 507702, CR = 6.970514
done
decompression time=0.020152
done
Min=0, Max=1, range=1
Max absolute error = 0.0019333959
Max relative error = 0.001933
Max pw relative error = 0.001933
PSNR = 76.360856, NRMSE= 0.00015203976596112755851
acEff=0.999998
compressionRatio = 6.970514
  ✓ Compression and decompression successful (ratio: 6.97x)

[90/90] Processing: W2d_1_768_1152.dat

compression time=0.003400, total fastmode1 topology
compression size = 506058, CR = 6.993159
done
decompression time=0.020677
done
Min=0, Max=1, range=1
Max absolute error = 0.0019333959
Max relative error = 0.001933
Max pw relative error = 0.001933
PSNR = 73.196831, NRMSE= 0.00021885600623815145436
acEff=1.000000
compressionRatio = 6.993159
  ✓ Compression and decompression successful (ratio: 6.99x)

=== Summary ===
Total files processed: 86
Total files skipped: 0
Total files failed: 4

