Input directory: ../../CESM-CLIMATE-65G/4/log_normalized/
Output directory: ../../CESM-CLIMATE-65G/4/log_normalized/topoSZp_16_thread/
Dimensions: 768x1152 (884736 elements)
Error bound: 1E-4
Block size: 16

Found 90 .dat file(s) to process

[1/90] Processing: AEROD_v_1_768_1152.dat

compression time=0.027814, total fastmode1 topology
compression size = 1234380, CR = 2.866981
done
decompression time=0.038849
done
Min=0, Max=1, range=1
Max absolute error = 0.0001963042
Max relative error = 0.000196
Max pw relative error = 0.000196
PSNR = 84.758752, NRMSE= 5.781791422669175205E-05
acEff=1.000000
compressionRatio = 2.866981
  ✓ Compression and decompression successful (ratio: 2.86x)

[2/90] Processing: cb_ozone_c_1_768_1152.dat

compression time=0.007317, total fastmode1 topology
compression size = 939372, CR = 3.767351
done
decompression time=0.025701
done
Min=0, Max=1, range=1
Max absolute error = 0.0001688004
Max relative error = 0.000169
Max pw relative error = 0.000169
PSNR = 84.769116, NRMSE= 5.774896721156457316E-05
acEff=1.000000
compressionRatio = 3.767351
  ✓ Compression and decompression successful (ratio: 3.76x)

[3/90] Processing: cb_sulf_c_1_768_1152.dat

compression time=0.005145, total fastmode1 topology
compression size = 980001, CR = 3.611164
done
decompression time=0.021324
done
Min=0, Max=1, range=1
Max absolute error = 0.0000998974
Max relative error = 0.000100
Max pw relative error = 0.000100
PSNR = 84.514379, NRMSE= 5.9467688557628589673E-05
acEff=1.000000
compressionRatio = 3.611164
  ✓ Compression and decompression successful (ratio: 3.61x)

[4/90] Processing: CLDHGH_1_768_1152.dat

compression time=0.099639, total fastmode1 topology
compression size = 1651956, CR = 2.142275
done
decompression time=0.067080
done
Min=0, Max=1, range=1
Max absolute error = 0.0001921356
Max relative error = 0.000192
Max pw relative error = 0.000192
PSNR = 84.780967, NRMSE= 5.7670227509378783253E-05
acEff=1.000000
compressionRatio = 2.142275
  ✓ Compression and decompression successful (ratio: 2.14x)

[5/90] Processing: CLDLOW_1_768_1152.dat

compression time=0.096158, total fastmode1 topology
compression size = 1550061, CR = 2.283100
done
decompression time=0.050835
done
Min=0, Max=1, range=1
Max absolute error = 0.0001958013
Max relative error = 0.000196
Max pw relative error = 0.000196
PSNR = 85.010120, NRMSE= 5.6168653278872188877E-05
acEff=1.000000
compressionRatio = 2.283100
  ✓ Compression and decompression successful (ratio: 2.28x)

[6/90] Processing: CLDMED_1_768_1152.dat

compression time=0.101326, total fastmode1 topology
compression size = 1523516, CR = 2.322880
done
decompression time=0.041572
done
Min=0, Max=1, range=1
Max absolute error = 0.0001966618
Max relative error = 0.000197
Max pw relative error = 0.000197
PSNR = 84.897042, NRMSE= 5.6904668975364696608E-05
acEff=1.000000
compressionRatio = 2.322879
  ✓ Compression and decompression successful (ratio: 2.32x)

[7/90] Processing: CLDTOT_1_768_1152.dat

compression time=0.140584, total fastmode1 topology
compression size = 1641432, CR = 2.156010
done
decompression time=0.043082
done
Min=0, Max=1, range=1
Max absolute error = 0.0001955032
Max relative error = 0.000196
Max pw relative error = 0.000196
PSNR = 84.787659, NRMSE= 5.7625813678875428489E-05
acEff=1.000000
compressionRatio = 2.156010
  ✓ Compression and decompression successful (ratio: 2.15x)

[8/90] Processing: FLDS_1_768_1152.dat

compression time=0.037222, total fastmode1 topology
compression size = 1186767, CR = 2.982004
done
decompression time=0.039398
done
Min=0, Max=1, range=1
Max absolute error = 0.0001942515
Max relative error = 0.000194
Max pw relative error = 0.000194
PSNR = 84.763332, NRMSE= 5.7787432865241108917E-05
acEff=1.000000
compressionRatio = 2.982004
  ✓ Compression and decompression successful (ratio: 2.98x)

[9/90] Processing: FLDSC_1_768_1152.dat

compression time=0.009441, total fastmode1 topology
compression size = 1020961, CR = 3.466287
done
decompression time=0.030442
done
Min=0, Max=1, range=1
Max absolute error = 0.0001937747
Max relative error = 0.000194
Max pw relative error = 0.000194
PSNR = 84.767479, NRMSE= 5.775985075577268809E-05
acEff=1.000000
compressionRatio = 3.466287
  ✓ Compression and decompression successful (ratio: 3.46x)

[10/90] Processing: FLNS_1_768_1152.dat

compression time=0.049172, total fastmode1 topology
compression size = 1448090, CR = 2.443870
done
decompression time=0.041765
done
Min=0, Max=1, range=1
Max absolute error = 0.0001943707
Max relative error = 0.000194
Max pw relative error = 0.000194
PSNR = 84.761818, NRMSE= 5.7797505697555407096E-05
acEff=1.000000
compressionRatio = 2.443870
  ✓ Compression and decompression successful (ratio: 2.44x)

[11/90] Processing: FLNSC_1_768_1152.dat

compression time=0.040812, total fastmode1 topology
compression size = 1347837, CR = 2.625647
done
decompression time=0.037081
done
Min=0, Max=1, range=1
Max absolute error = 0.0001972318
Max relative error = 0.000197
Max pw relative error = 0.000197
PSNR = 84.735808, NRMSE= 5.7970843091693147794E-05
acEff=1.000000
compressionRatio = 2.625647
  ✓ Compression and decompression successful (ratio: 2.62x)

[12/90] Processing: FLNT_1_768_1152.dat

compression time=0.038245, total fastmode1 topology
compression size = 1268994, CR = 2.788779
done
decompression time=0.038415
done
Min=0, Max=1, range=1
Max absolute error = 0.0001953244
Max relative error = 0.000195
Max pw relative error = 0.000195
PSNR = 84.765979, NRMSE= 5.7769822859686884855E-05
acEff=1.000000
compressionRatio = 2.788779
  ✓ Compression and decompression successful (ratio: 2.78x)

[13/90] Processing: FLNTC_1_768_1152.dat

compression time=0.014937, total fastmode1 topology
compression size = 1022211, CR = 3.462049
done
decompression time=0.035870
done
Min=0, Max=1, range=1
Max absolute error = 0.0001993775
Max relative error = 0.000199
Max pw relative error = 0.000199
PSNR = 84.760225, NRMSE= 5.7808109432046120117E-05
acEff=1.000000
compressionRatio = 3.462048
  ✓ Compression and decompression successful (ratio: 3.46x)

[14/90] Processing: FLUT_1_768_1152.dat

compression time=0.038485, total fastmode1 topology
compression size = 1268393, CR = 2.790101
done
decompression time=0.039258
done
Min=0, Max=1, range=1
Max absolute error = 0.0001974702
Max relative error = 0.000197
Max pw relative error = 0.000197
PSNR = 84.765371, NRMSE= 5.777386748193359396E-05
acEff=1.000000
compressionRatio = 2.790101
  ✓ Compression and decompression successful (ratio: 2.79x)

[15/90] Processing: FLUTC_1_768_1152.dat

compression time=0.014974, total fastmode1 topology
compression size = 1021942, CR = 3.462960
done
decompression time=0.034187
done
Min=0, Max=1, range=1
Max absolute error = 0.0001937151
Max relative error = 0.000194
Max pw relative error = 0.000194
PSNR = 84.763628, NRMSE= 5.7785466658989841928E-05
acEff=1.000000
compressionRatio = 3.462960
  ✓ Compression and decompression successful (ratio: 3.46x)

[16/90] Processing: FREQSH_1_768_1152.dat

compression time=0.037902, total fastmode1 topology
compression size = 1542601, CR = 2.294141
done
decompression time=0.037955
done
Min=0, Max=1, range=1
Max absolute error = 0.0000999868
Max relative error = 0.000100
Max pw relative error = 0.000100
PSNR = 84.860908, NRMSE= 5.7141889288954148874E-05
acEff=1.000000
compressionRatio = 2.294141
  ✓ Compression and decompression successful (ratio: 2.29x)

[17/90] Processing: FREQZM_1_768_1152.dat

compression time=0.020453, total fastmode1 topology
compression size = 1246892, CR = 2.838212
done
decompression time=0.031352
done
Min=0, Max=1, range=1
Max absolute error = 0.0000999868
Max relative error = 0.000100
Max pw relative error = 0.000100
PSNR = 86.206557, NRMSE= 4.8940923930213345045E-05
acEff=1.000000
compressionRatio = 2.838212
  ✓ Compression and decompression successful (ratio: 2.83x)

[18/90] Processing: FSDS_1_768_1152.dat

compression time=0.035210, total fastmode1 topology
compression size = 1337506, CR = 2.645928
done
decompression time=0.037830
done
Min=0, Max=1, range=1
Max absolute error = 0.0001971126
Max relative error = 0.000197
Max pw relative error = 0.000197
PSNR = 84.764155, NRMSE= 5.7781959016162158993E-05
acEff=1.000000
compressionRatio = 2.645928
  ✓ Compression and decompression successful (ratio: 2.64x)

[19/90] Processing: FSDSC_1_768_1152.dat

compression time=0.006421, total fastmode1 topology
compression size = 862975, CR = 4.100865
done
decompression time=0.029153
done
Min=0, Max=1, range=1
Max absolute error = 0.0001876950
Max relative error = 0.000188
Max pw relative error = 0.000188
PSNR = 84.767656, NRMSE= 5.7758672102484491431E-05
acEff=1.000000
compressionRatio = 4.100865
  ✓ Compression and decompression successful (ratio: 4.10x)

[20/90] Processing: FSDTOA_1_768_1152.dat

compression time=0.004308, total fastmode1 topology
compression size = 676517, CR = 5.231123
done
decompression time=0.024959
done
Min=0, Max=1, range=1
Max absolute error = 0.0001000166
Max relative error = 0.000100
Max pw relative error = 0.000100
PSNR = 84.774546, NRMSE= 5.7712872099703839337E-05
acEff=1.000000
compressionRatio = 5.231124
  ✓ Compression and decompression successful (ratio: 5.23x)

[21/90] Processing: FSNS_1_768_1152.dat

compression time=0.074148, total fastmode1 topology
compression size = 1397850, CR = 2.531705
done
decompression time=0.039921
done
Min=0, Max=1, range=1
Max absolute error = 0.0001984537
Max relative error = 0.000198
Max pw relative error = 0.000198
PSNR = 84.768197, NRMSE= 5.7755072441995305879E-05
acEff=1.000000
compressionRatio = 2.531705
  ✓ Compression and decompression successful (ratio: 2.53x)

[22/90] Processing: FSNSC_1_768_1152.dat

compression time=0.023349, total fastmode1 topology
compression size = 1067169, CR = 3.316198
done
decompression time=0.034300
done
Min=0, Max=1, range=1
Max absolute error = 0.0001984835
Max relative error = 0.000198
Max pw relative error = 0.000198
PSNR = 84.759641, NRMSE= 5.7811996776852415773E-05
acEff=1.000000
compressionRatio = 3.316198
  ✓ Compression and decompression successful (ratio: 3.31x)

[23/90] Processing: FSNT_1_768_1152.dat

compression time=0.036461, total fastmode1 topology
compression size = 1295690, CR = 2.731320
done
decompression time=0.039873
done
Min=0, Max=1, range=1
Max absolute error = 0.0001978278
Max relative error = 0.000198
Max pw relative error = 0.000198
PSNR = 84.759195, NRMSE= 5.7814965224334770766E-05
acEff=1.000000
compressionRatio = 2.731320
  ✓ Compression and decompression successful (ratio: 2.73x)

[24/90] Processing: FSNTC_1_768_1152.dat

compression time=0.015101, total fastmode1 topology
compression size = 992769, CR = 3.564720
done
decompression time=0.030832
done
Min=0, Max=1, range=1
Max absolute error = 0.0001986027
Max relative error = 0.000199
Max pw relative error = 0.000199
PSNR = 84.761547, NRMSE= 5.7799306463295062363E-05
acEff=1.000000
compressionRatio = 3.564720
  ✓ Compression and decompression successful (ratio: 3.56x)

[25/90] Processing: FSNTOA_1_768_1152.dat

compression time=0.036038, total fastmode1 topology
compression size = 1292360, CR = 2.738358
done
decompression time=0.038710
done
Min=0, Max=1, range=1
Max absolute error = 0.0001975298
Max relative error = 0.000198
Max pw relative error = 0.000198
PSNR = 84.768862, NRMSE= 5.7750652726387596207E-05
acEff=1.000000
compressionRatio = 2.738358
  ✓ Compression and decompression successful (ratio: 2.73x)

[26/90] Processing: FSNTOAC_1_768_1152.dat

compression time=0.014650, total fastmode1 topology
compression size = 990757, CR = 3.571960
done
decompression time=0.032170
done
Min=0, Max=1, range=1
Max absolute error = 0.0001969337
Max relative error = 0.000197
Max pw relative error = 0.000197
PSNR = 84.766699, NRMSE= 5.7765033544713170158E-05
acEff=1.000000
compressionRatio = 3.571960
  ✓ Compression and decompression successful (ratio: 3.57x)

[27/90] Processing: FSUTOA_1_768_1152.dat

compression time=0.034418, total fastmode1 topology
compression size = 1407186, CR = 2.514909
done
decompression time=0.039173
done
Min=0, Max=1, range=1
Max absolute error = 0.0001959205
Max relative error = 0.000196
Max pw relative error = 0.000196
PSNR = 84.767189, NRMSE= 5.7761776915746286878E-05
acEff=1.000000
compressionRatio = 2.514908
  ✓ Compression and decompression successful (ratio: 2.51x)

[28/90] Processing: ICEFRAC_1_768_1152.dat

compression time=0.005050, total fastmode1 topology
compression size = 618464, CR = 5.722150
done
decompression time=0.024545
done
Min=0, Max=1, range=1
Max absolute error = 0.0001716018
Max relative error = 0.000172
Max pw relative error = 0.000172
PSNR = 93.410215, NRMSE= 2.1354491459817648416E-05
acEff=1.000000
compressionRatio = 5.722150
  ✓ Compression and decompression successful (ratio: 5.72x)

[29/90] Processing: LANDFRAC_1_768_1152.dat

compression time=0.003919, total fastmode1 topology
compression size = 664375, CR = 5.326726
done
decompression time=0.018739
done
Min=0, Max=1, range=1
Max absolute error = 0.0000999868
Max relative error = 0.000100
Max pw relative error = 0.000100
PSNR = 102.074523, NRMSE= 7.87542194364520839E-06
acEff=1.000000
compressionRatio = 5.326727
  ✓ Compression and decompression successful (ratio: 5.32x)

[30/90] Processing: LHFLX_1_768_1152.dat

compression time=0.024159, total fastmode1 topology
compression size = 1385166, CR = 2.554888
done
decompression time=0.033095
done
Min=0, Max=1, range=1
Max absolute error = 0.0001985431
Max relative error = 0.000199
Max pw relative error = 0.000199
PSNR = 84.774630, NRMSE= 5.7712314689110448789E-05
acEff=1.000000
compressionRatio = 2.554888
  ✓ Compression and decompression successful (ratio: 2.55x)

[31/90] Processing: LWCF_1_768_1152.dat

compression time=0.060956, total fastmode1 topology
compression size = 1489722, CR = 2.375573
done
decompression time=0.041702
done
Min=0, Max=1, range=1
Max absolute error = 0.0001964569
Max relative error = 0.000196
Max pw relative error = 0.000196
PSNR = 84.768883, NRMSE= 5.7750510737538661183E-05
acEff=1.000000
compressionRatio = 2.375573
  ✓ Compression and decompression successful (ratio: 2.37x)

[32/90] Processing: MSKtem_1_768_1152.dat

compression time=0.008642, total fastmode1 topology
compression size = 967497, CR = 3.657835
done
decompression time=0.027742
done
Min=0, Max=1, range=1
Max absolute error = 0.0001789927
Max relative error = 0.000179
Max pw relative error = 0.000179
PSNR = 86.503272, NRMSE= 4.7297302891449807415E-05
acEff=1.000000
compressionRatio = 3.657835
  ✓ Compression and decompression successful (ratio: 3.65x)

[33/90] Processing: OCNFRAC_1_768_1152.dat

compression time=0.005760, total fastmode1 topology
compression size = 767916, CR = 4.608504
done
decompression time=0.024199
done
Min=0, Max=1, range=1
Max absolute error = 0.0001723170
Max relative error = 0.000172
Max pw relative error = 0.000172
PSNR = 92.871193, NRMSE= 2.2721676166223934984E-05
acEff=1.000000
compressionRatio = 4.608504
  ✓ Compression and decompression successful (ratio: 4.60x)

[34/90] Processing: ODV_bcar1_1_768_1152.dat

compression time=0.007265, total fastmode1 topology
compression size = 784480, CR = 4.511197
done
decompression time=0.026725
done
Min=0, Max=1, range=1
Max absolute error = 0.0001844522
Max relative error = 0.000184
Max pw relative error = 0.000184
PSNR = 85.239457, NRMSE= 5.4705016840925029236E-05
acEff=1.000000
compressionRatio = 4.511197
  ✓ Compression and decompression successful (ratio: 4.51x)

[35/90] Processing: ODV_bcar2_1_768_1152.dat

compression time=0.008100, total fastmode1 topology
compression size = 863989, CR = 4.096052
done
decompression time=0.025926
done
Min=0, Max=1, range=1
Max absolute error = 0.0001962185
Max relative error = 0.000196
Max pw relative error = 0.000196
PSNR = 84.810871, NRMSE= 5.7472016610565809075E-05
acEff=1.000000
compressionRatio = 4.096052
  ✓ Compression and decompression successful (ratio: 4.09x)

[36/90] Processing: ODV_dust1_1_768_1152.dat

compression time=0.007298, total fastmode1 topology
compression size = 749275, CR = 4.723158
done
decompression time=0.024602
done
Min=0, Max=1, range=1
Max absolute error = 0.0001794696
Max relative error = 0.000179
Max pw relative error = 0.000179
PSNR = 84.951636, NRMSE= 5.6548127028131985625E-05
acEff=1.000000
compressionRatio = 4.723158
  ✓ Compression and decompression successful (ratio: 4.72x)

[37/90] Processing: ODV_dust2_1_768_1152.dat

compression time=0.006690, total fastmode1 topology
compression size = 746418, CR = 4.741236
done
decompression time=0.027241
done
Min=0, Max=1, range=1
Max absolute error = 0.0001744181
Max relative error = 0.000174
Max pw relative error = 0.000174
PSNR = 84.979827, NRMSE= 5.6364885198477050212E-05
acEff=1.000000
compressionRatio = 4.741236
  ✓ Compression and decompression successful (ratio: 4.74x)

[38/90] Processing: ODV_dust3_1_768_1152.dat

compression time=0.005926, total fastmode1 topology
compression size = 721792, CR = 4.902997
done
decompression time=0.024461
done
Min=0, Max=1, range=1
Max absolute error = 0.0001880713
Max relative error = 0.000188
Max pw relative error = 0.000188
PSNR = 85.016495, NRMSE= 5.6127443991946161068E-05
acEff=1.000000
compressionRatio = 4.902997
  ✓ Compression and decompression successful (ratio: 4.90x)

[39/90] Processing: ODV_dust4_1_768_1152.dat

compression time=0.005966, total fastmode1 topology
compression size = 690108, CR = 5.128102
done
decompression time=0.025633
done
Min=0, Max=1, range=1
Max absolute error = 0.0001558959
Max relative error = 0.000156
Max pw relative error = 0.000156
PSNR = 85.098933, NRMSE= 5.5597254834738939568E-05
acEff=1.000000
compressionRatio = 5.128102
  ✓ Compression and decompression successful (ratio: 5.12x)

[40/90] Processing: ODV_ocar1_1_768_1152.dat

compression time=0.005636, total fastmode1 topology
compression size = 711029, CR = 4.977215
done
decompression time=0.026551
done
Min=0, Max=1, range=1
Max absolute error = 0.0001945756
Max relative error = 0.000195
Max pw relative error = 0.000195
PSNR = 85.511649, NRMSE= 5.301729529014345628E-05
acEff=0.999999
compressionRatio = 4.977215
  ✓ Compression and decompression successful (ratio: 4.97x)

[41/90] Processing: ODV_ocar2_1_768_1152.dat

compression time=0.015475, total fastmode1 topology
compression size = 958952, CR = 3.690429
done
decompression time=0.038435
done
Min=0, Max=1, range=1
Max absolute error = 0.0001892745
Max relative error = 0.000189
Max pw relative error = 0.000189
PSNR = 84.782548, NRMSE= 5.7659731422414481415E-05
acEff=1.000000
compressionRatio = 3.690429
  ✓ Compression and decompression successful (ratio: 3.69x)

[42/90] Processing: ODV_SSLTA_1_768_1152.dat

compression time=0.045871, total fastmode1 topology
compression size = 1325868, CR = 2.669152
done
decompression time=0.037429
done
Min=0, Max=1, range=1
Max absolute error = 0.0001934990
Max relative error = 0.000193
Max pw relative error = 0.000193
PSNR = 84.750519, NRMSE= 5.7872738144546236484E-05
acEff=1.000000
compressionRatio = 2.669153
  ✓ Compression and decompression successful (ratio: 2.66x)

[43/90] Processing: ODV_SSLTC_1_768_1152.dat

compression time=0.055740, total fastmode1 topology
compression size = 1333689, CR = 2.653500
done
decompression time=0.036342
done
Min=0, Max=1, range=1
Max absolute error = 0.0001966804
Max relative error = 0.000197
Max pw relative error = 0.000197
PSNR = 84.762963, NRMSE= 5.7789884851649002374E-05
acEff=1.000000
compressionRatio = 2.653500
  ✓ Compression and decompression successful (ratio: 2.65x)

[44/90] Processing: ODV_sulf_1_768_1152.dat

compression time=0.034581, total fastmode1 topology
compression size = 1220025, CR = 2.900714
done
decompression time=0.039976
done
Min=0, Max=1, range=1
Max absolute error = 0.0001937002
Max relative error = 0.000194
Max pw relative error = 0.000194
PSNR = 84.773751, NRMSE= 5.7718159165432887116E-05
acEff=1.000000
compressionRatio = 2.900714
  ✓ Compression and decompression successful (ratio: 2.90x)

[45/90] Processing: ODV_VOLC_MMR_1_768_1152.dat

compression time=0.007218, total fastmode1 topology
compression size = 741770, CR = 4.770945
done
decompression time=0.028961
done
Min=0, Max=1, range=1
Max absolute error = 0.0001306534
Max relative error = 0.000131
Max pw relative error = 0.000131
PSNR = 87.508019, NRMSE= 4.2130738751450351476E-05
acEff=1.000000
compressionRatio = 4.770945
  ✓ Compression and decompression successful (ratio: 4.77x)

[46/90] Processing: PBLH_1_768_1152.dat

compression time=0.035609, total fastmode1 topology
compression size = 1370594, CR = 2.582051
done
decompression time=0.037125
done
Min=0, Max=1, range=1
Max absolute error = 0.0001971126
Max relative error = 0.000197
Max pw relative error = 0.000197
PSNR = 84.759445, NRMSE= 5.7813295430191984905E-05
acEff=1.000000
compressionRatio = 2.582051
  ✓ Compression and decompression successful (ratio: 2.58x)

[47/90] Processing: PCONVB_1_768_1152.dat

compression time=0.010291, total fastmode1 topology
compression size = 918293, CR = 3.853829
done
decompression time=0.034154
done
Min=0, Max=1, range=1
Max absolute error = 0.0001859665
Max relative error = 0.000186
Max pw relative error = 0.000186
PSNR = 84.788430, NRMSE= 5.7620699090156160148E-05
acEff=1.000000
compressionRatio = 3.853829
  ✓ Compression and decompression successful (ratio: 3.85x)

[48/90] Processing: PCONVT_1_768_1152.dat

compression time=0.015075, total fastmode1 topology
compression size = 1073595, CR = 3.296349
done
decompression time=0.035215
done
Min=0, Max=1, range=1
Max absolute error = 0.0001949668
Max relative error = 0.000195
Max pw relative error = 0.000195
PSNR = 84.806111, NRMSE= 5.7503521365466832456E-05
acEff=0.999999
compressionRatio = 3.296349
  ✓ Compression and decompression successful (ratio: 3.29x)

[49/90] Processing: PHIS_1_768_1152.dat

compression time=0.008649, total fastmode1 topology
compression size = 880213, CR = 4.020554
done
decompression time=0.027411
done
Min=0, Max=1, range=1
Max absolute error = 0.0001835823
Max relative error = 0.000184
Max pw relative error = 0.000184
PSNR = 85.549342, NRMSE= 5.2787716799273570387E-05
acEff=1.000000
compressionRatio = 4.020554
  ✓ Compression and decompression successful (ratio: 4.02x)

[50/90] Processing: PRECC_1_768_1152.dat

compression time=0.003856, total fastmode1 topology
compression size = 560966, CR = 6.308661
done
decompression time=0.020351
done
Min=0, Max=1, range=1
Max absolute error = 0.0000000596
Max relative error = 0.000000
Max pw relative error = 0.000000
PSNR = 160.403042, NRMSE= 9.5465821897897658081E-09
acEff=1.000000
compressionRatio = 6.308660
  ✓ Compression and decompression successful (ratio: 6.30x)

[51/90] Processing: PRECCDZM_1_768_1152.dat

compression time=0.003695, total fastmode1 topology
compression size = 552834, CR = 6.401459
done
decompression time=0.019571
done
Min=0, Max=1, range=1
Max absolute error = 0.0000000000
Max relative error = 0.000000
Max pw relative error = 0.000000
PSNR = inf, NRMSE= 0
acEff=1.000000
compressionRatio = 6.401459
  ✓ Compression and decompression successful (ratio: 6.40x)

[52/90] Processing: PRECL_1_768_1152.dat

compression time=0.003618, total fastmode1 topology
compression size = 617901, CR = 5.727364
done
decompression time=0.019073
done
Min=0, Max=1, range=1
Max absolute error = 0.0000858307
Max relative error = 0.000086
Max pw relative error = 0.000086
PSNR = 99.084673, NRMSE= 1.1111337938008428831E-05
acEff=1.000000
compressionRatio = 5.727364
  ✓ Compression and decompression successful (ratio: 5.72x)

[53/90] Processing: PRECSC_1_768_1152.dat
Error: No critical points found!
  ✗ Compression failed

[54/90] Processing: PRECSH_1_768_1152.dat
Error: No critical points found!
  ✗ Compression failed

[55/90] Processing: PRECSL_1_768_1152.dat

compression time=0.003491, total fastmode1 topology
compression size = 501361, CR = 7.058674
done
decompression time=0.018069
done
Min=0, Max=1, range=1
Max absolute error = 0.0000000596
Max relative error = 0.000000
Max pw relative error = 0.000000
PSNR = 178.596950, NRMSE= 1.1753101203591197027E-09
acEff=1.000000
compressionRatio = 7.058674
  ✓ Compression and decompression successful (ratio: 7.05x)

[56/90] Processing: PRECT_1_768_1152.dat

compression time=0.004430, total fastmode1 topology
compression size = 678096, CR = 5.218943
done
decompression time=0.020920
done
Min=0, Max=1, range=1
Max absolute error = 0.0000889897
Max relative error = 0.000089
Max pw relative error = 0.000089
PSNR = 107.880805, NRMSE= 4.0360799922760510464E-06
acEff=1.000000
compressionRatio = 5.218942
  ✓ Compression and decompression successful (ratio: 5.21x)

[57/90] Processing: PS_1_768_1152.dat

compression time=0.006473, total fastmode1 topology
compression size = 847162, CR = 4.177411
done
decompression time=0.028014
done
Min=0, Max=1, range=1
Max absolute error = 0.0001947284
Max relative error = 0.000195
Max pw relative error = 0.000195
PSNR = 84.765516, NRMSE= 5.7772905007604184854E-05
acEff=1.000000
compressionRatio = 4.177411
  ✓ Compression and decompression successful (ratio: 4.17x)

[58/90] Processing: PSL_1_768_1152.dat

compression time=0.008939, total fastmode1 topology
compression size = 902112, CR = 3.922954
done
decompression time=0.029876
done
Min=0, Max=1, range=1
Max absolute error = 0.0001916289
Max relative error = 0.000192
Max pw relative error = 0.000192
PSNR = 84.776871, NRMSE= 5.7697428823540445242E-05
acEff=1.000000
compressionRatio = 3.922954
  ✓ Compression and decompression successful (ratio: 3.92x)

[59/90] Processing: QFLX_1_768_1152.dat

compression time=0.007908, total fastmode1 topology
compression size = 1288573, CR = 2.746406
done
decompression time=0.026910
done
Min=0, Max=1, range=1
Max absolute error = 0.0001000091
Max relative error = 0.000100
Max pw relative error = 0.000100
PSNR = 84.989974, NRMSE= 5.629908153819996328E-05
acEff=1.000000
compressionRatio = 2.746406
  ✓ Compression and decompression successful (ratio: 2.74x)

[60/90] Processing: QREFHT_1_768_1152.dat

compression time=0.016003, total fastmode1 topology
compression size = 1201370, CR = 2.945757
done
decompression time=0.030806
done
Min=0, Max=1, range=1
Max absolute error = 0.0001862794
Max relative error = 0.000186
Max pw relative error = 0.000186
PSNR = 84.745297, NRMSE= 5.7907543055446158476E-05
acEff=1.000000
compressionRatio = 2.945757
  ✓ Compression and decompression successful (ratio: 2.94x)

[61/90] Processing: RHREFHT_1_768_1152.dat

compression time=0.027652, total fastmode1 topology
compression size = 1220611, CR = 2.899322
done
decompression time=0.040308
done
Min=0, Max=1, range=1
Max absolute error = 0.0001989007
Max relative error = 0.000199
Max pw relative error = 0.000199
PSNR = 84.725634, NRMSE= 5.8038786002412389548E-05
acEff=1.000000
compressionRatio = 2.899322
  ✓ Compression and decompression successful (ratio: 2.89x)

[62/90] Processing: SFCLDICE_1_768_1152.dat
Error: No critical points found!
  ✗ Compression failed

[63/90] Processing: SFCLDLIQ_1_768_1152.dat
Error: No critical points found!
  ✗ Compression failed

[64/90] Processing: SHFLX_1_768_1152.dat

compression time=0.019322, total fastmode1 topology
compression size = 1246162, CR = 2.839875
done
decompression time=0.035677
done
Min=0, Max=1, range=1
Max absolute error = 0.0001920462
Max relative error = 0.000192
Max pw relative error = 0.000192
PSNR = 84.751557, NRMSE= 5.7865826283578724828E-05
acEff=1.000000
compressionRatio = 2.839875
  ✓ Compression and decompression successful (ratio: 2.83x)

[65/90] Processing: SNOWHICE_1_768_1152.dat

compression time=0.005220, total fastmode1 topology
compression size = 592959, CR = 5.968278
done
decompression time=0.025521
done
Min=0, Max=1, range=1
Max absolute error = 0.0001707077
Max relative error = 0.000171
Max pw relative error = 0.000171
PSNR = 92.713733, NRMSE= 2.3137336670144222387E-05
acEff=1.000000
compressionRatio = 5.968278
  ✓ Compression and decompression successful (ratio: 5.96x)

[66/90] Processing: SNOWHLND_1_768_1152.dat

compression time=0.017008, total fastmode1 topology
compression size = 610171, CR = 5.799922
done
decompression time=0.027702
done
Min=0, Max=1, range=1
Max absolute error = 0.0001980662
Max relative error = 0.000198
Max pw relative error = 0.000198
PSNR = 94.420581, NRMSE= 1.9009511301652923574E-05
acEff=1.000000
compressionRatio = 5.799922
  ✓ Compression and decompression successful (ratio: 5.79x)

[67/90] Processing: SOLIN_1_768_1152.dat

compression time=0.003721, total fastmode1 topology
compression size = 676517, CR = 5.231123
done
decompression time=0.023357
done
Min=0, Max=1, range=1
Max absolute error = 0.0001000166
Max relative error = 0.000100
Max pw relative error = 0.000100
PSNR = 84.774546, NRMSE= 5.7712872099703839337E-05
acEff=1.000000
compressionRatio = 5.231124
  ✓ Compression and decompression successful (ratio: 5.23x)

[68/90] Processing: SRFRAD_1_768_1152.dat

compression time=0.038668, total fastmode1 topology
compression size = 1220745, CR = 2.899004
done
decompression time=0.040409
done
Min=0, Max=1, range=1
Max absolute error = 0.0001991391
Max relative error = 0.000199
Max pw relative error = 0.000199
PSNR = 84.758802, NRMSE= 5.7817581370807525796E-05
acEff=1.000000
compressionRatio = 2.899003
  ✓ Compression and decompression successful (ratio: 2.89x)

[69/90] Processing: SWCF_1_768_1152.dat

compression time=0.026279, total fastmode1 topology
compression size = 1276885, CR = 2.771545
done
decompression time=0.043098
done
Min=0, Max=1, range=1
Max absolute error = 0.0001984239
Max relative error = 0.000198
Max pw relative error = 0.000198
PSNR = 84.823766, NRMSE= 5.7386760364097066391E-05
acEff=1.000000
compressionRatio = 2.771545
  ✓ Compression and decompression successful (ratio: 2.77x)

[70/90] Processing: TAUX_1_768_1152.dat

compression time=0.009411, total fastmode1 topology
compression size = 1091345, CR = 3.242736
done
decompression time=0.031593
done
Min=0, Max=1, range=1
Max absolute error = 0.0001948476
Max relative error = 0.000195
Max pw relative error = 0.000195
PSNR = 84.759168, NRMSE= 5.7815139904972760287E-05
acEff=0.999999
compressionRatio = 3.242736
  ✓ Compression and decompression successful (ratio: 3.24x)

[71/90] Processing: TAUY_1_768_1152.dat

compression time=0.010317, total fastmode1 topology
compression size = 1165421, CR = 3.036623
done
decompression time=0.029959
done
Min=0, Max=1, range=1
Max absolute error = 0.0001980066
Max relative error = 0.000198
Max pw relative error = 0.000198
PSNR = 84.772773, NRMSE= 5.7724656924975834265E-05
acEff=0.999999
compressionRatio = 3.036623
  ✓ Compression and decompression successful (ratio: 3.03x)

[72/90] Processing: TGCLDIWP_1_768_1152.dat

compression time=0.057145, total fastmode1 topology
compression size = 1473724, CR = 2.401361
done
decompression time=0.037112
done
Min=0, Max=1, range=1
Max absolute error = 0.0001965165
Max relative error = 0.000197
Max pw relative error = 0.000197
PSNR = 84.779091, NRMSE= 5.7682683591669700975E-05
acEff=1.000000
compressionRatio = 2.401361
  ✓ Compression and decompression successful (ratio: 2.40x)

[73/90] Processing: TGCLDLWP_1_768_1152.dat

compression time=0.046392, total fastmode1 topology
compression size = 1445935, CR = 2.447513
done
decompression time=0.036714
done
Min=0, Max=1, range=1
Max absolute error = 0.0001999736
Max relative error = 0.000200
Max pw relative error = 0.000200
PSNR = 84.767348, NRMSE= 5.7760722084711410269E-05
acEff=1.000000
compressionRatio = 2.447513
  ✓ Compression and decompression successful (ratio: 2.44x)

[74/90] Processing: TH2d_1_768_1152.dat

compression time=0.004506, total fastmode1 topology
compression size = 525804, CR = 6.730538
done
decompression time=0.024850
done
Min=0, Max=1, range=1
Max absolute error = 0.0001335144
Max relative error = 0.000134
Max pw relative error = 0.000134
PSNR = 101.104858, NRMSE= 8.8055624012132035973E-06
acEff=1.000000
compressionRatio = 6.730538
  ✓ Compression and decompression successful (ratio: 6.73x)

[75/90] Processing: TMQ_1_768_1152.dat

compression time=0.010554, total fastmode1 topology
compression size = 1133603, CR = 3.121855
done
decompression time=0.030651
done
Min=0, Max=1, range=1
Max absolute error = 0.0001906157
Max relative error = 0.000191
Max pw relative error = 0.000191
PSNR = 84.770021, NRMSE= 5.7742945733134644847E-05
acEff=1.000000
compressionRatio = 3.121855
  ✓ Compression and decompression successful (ratio: 3.12x)

[76/90] Processing: TREFHT_1_768_1152.dat

compression time=0.013135, total fastmode1 topology
compression size = 1007231, CR = 3.513538
done
decompression time=0.031213
done
Min=0, Max=1, range=1
Max absolute error = 0.0001932383
Max relative error = 0.000193
Max pw relative error = 0.000193
PSNR = 84.764806, NRMSE= 5.7777627027513982596E-05
acEff=1.000000
compressionRatio = 3.513538
  ✓ Compression and decompression successful (ratio: 3.51x)

[77/90] Processing: TREFMNAV_1_768_1152.dat

compression time=0.020818, total fastmode1 topology
compression size = 1070405, CR = 3.306173
done
decompression time=0.035273
done
Min=0, Max=1, range=1
Max absolute error = 0.0001973510
Max relative error = 0.000197
Max pw relative error = 0.000197
PSNR = 84.752441, NRMSE= 5.7859936806733088042E-05
acEff=1.000000
compressionRatio = 3.306173
  ✓ Compression and decompression successful (ratio: 3.30x)

[78/90] Processing: TREFMXAV_1_768_1152.dat

compression time=0.016406, total fastmode1 topology
compression size = 1048741, CR = 3.374469
done
decompression time=0.033204
done
Min=0, Max=1, range=1
Max absolute error = 0.0001941919
Max relative error = 0.000194
Max pw relative error = 0.000194
PSNR = 84.773832, NRMSE= 5.7717614925063414092E-05
acEff=1.000000
compressionRatio = 3.374469
  ✓ Compression and decompression successful (ratio: 3.37x)

[79/90] Processing: TROP_P_1_768_1152.dat

compression time=0.015067, total fastmode1 topology
compression size = 997781, CR = 3.546814
done
decompression time=0.032202
done
Min=0, Max=1, range=1
Max absolute error = 0.0001974702
Max relative error = 0.000197
Max pw relative error = 0.000197
PSNR = 84.734730, NRMSE= 5.7978036846762247064E-05
acEff=1.000000
compressionRatio = 3.546814
  ✓ Compression and decompression successful (ratio: 3.54x)

[80/90] Processing: TROP_T_1_768_1152.dat

compression time=0.012150, total fastmode1 topology
compression size = 1050101, CR = 3.370099
done
decompression time=0.030338
done
Min=0, Max=1, range=1
Max absolute error = 0.0001908392
Max relative error = 0.000191
Max pw relative error = 0.000191
PSNR = 84.753120, NRMSE= 5.7855414775089180691E-05
acEff=1.000000
compressionRatio = 3.370099
  ✓ Compression and decompression successful (ratio: 3.37x)

[81/90] Processing: TROP_Z_1_768_1152.dat

compression time=0.009630, total fastmode1 topology
compression size = 941052, CR = 3.760625
done
decompression time=0.030924
done
Min=0, Max=1, range=1
Max absolute error = 0.0001938939
Max relative error = 0.000194
Max pw relative error = 0.000194
PSNR = 84.758249, NRMSE= 5.782126012182989272E-05
acEff=1.000000
compressionRatio = 3.760625
  ✓ Compression and decompression successful (ratio: 3.76x)

[82/90] Processing: TS_1_768_1152.dat

compression time=0.013201, total fastmode1 topology
compression size = 1032859, CR = 3.426357
done
decompression time=0.031738
done
Min=0, Max=1, range=1
Max absolute error = 0.0001977086
Max relative error = 0.000198
Max pw relative error = 0.000198
PSNR = 84.761113, NRMSE= 5.7802200164581497063E-05
acEff=1.000000
compressionRatio = 3.426357
  ✓ Compression and decompression successful (ratio: 3.42x)

[83/90] Processing: TSMN_1_768_1152.dat

compression time=0.021233, total fastmode1 topology
compression size = 1114706, CR = 3.174778
done
decompression time=0.032191
done
Min=0, Max=1, range=1
Max absolute error = 0.0001979470
Max relative error = 0.000198
Max pw relative error = 0.000198
PSNR = 84.767927, NRMSE= 5.7756867579498565599E-05
acEff=1.000000
compressionRatio = 3.174778
  ✓ Compression and decompression successful (ratio: 3.17x)

[84/90] Processing: TSMX_1_768_1152.dat

compression time=0.020924, total fastmode1 topology
compression size = 1099811, CR = 3.217775
done
decompression time=0.032646
done
Min=0, Max=1, range=1
Max absolute error = 0.0001946092
Max relative error = 0.000195
Max pw relative error = 0.000195
PSNR = 84.779999, NRMSE= 5.7676650108662901799E-05
acEff=1.000000
compressionRatio = 3.217775
  ✓ Compression and decompression successful (ratio: 3.21x)

[85/90] Processing: U2d_1_768_1152.dat

compression time=0.004030, total fastmode1 topology
compression size = 520625, CR = 6.797492
done
decompression time=0.023293
done
Min=0, Max=1, range=1
Max absolute error = 0.0001335144
Max relative error = 0.000134
Max pw relative error = 0.000134
PSNR = 80.358511, NRMSE= 9.5956513430636114991E-05
acEff=1.000000
compressionRatio = 6.797491
  ✓ Compression and decompression successful (ratio: 6.79x)

[86/90] Processing: UV2d_1_768_1152.dat

compression time=0.004294, total fastmode1 topology
compression size = 516279, CR = 6.854712
done
decompression time=0.023786
done
Min=0, Max=1, range=1
Max absolute error = 0.0001335144
Max relative error = 0.000134
Max pw relative error = 0.000134
PSNR = 84.209101, NRMSE= 6.1594929981522014359E-05
acEff=1.000000
compressionRatio = 6.854712
  ✓ Compression and decompression successful (ratio: 6.85x)

[87/90] Processing: UW2d_1_768_1152.dat

compression time=0.004291, total fastmode1 topology
compression size = 514314, CR = 6.880901
done
decompression time=0.025385
done
Min=0, Max=1, range=1
Max absolute error = 0.0001694027
Max relative error = 0.000169
Max pw relative error = 0.000169
PSNR = 98.012097, NRMSE= 1.2571733428258217126E-05
acEff=1.000000
compressionRatio = 6.880902
  ✓ Compression and decompression successful (ratio: 6.88x)

[88/90] Processing: V2d_1_768_1152.dat

compression time=0.004247, total fastmode1 topology
compression size = 520463, CR = 6.799607
done
decompression time=0.025320
done
Min=0, Max=1, range=1
Max absolute error = 0.0001616422
Max relative error = 0.000162
Max pw relative error = 0.000162
PSNR = 81.475597, NRMSE= 8.4376236975542236911E-05
acEff=1.000000
compressionRatio = 6.799607
  ✓ Compression and decompression successful (ratio: 6.79x)

[89/90] Processing: VTH2d_1_768_1152.dat

compression time=0.005004, total fastmode1 topology
compression size = 515736, CR = 6.861929
done
decompression time=0.025759
done
Min=0, Max=1, range=1
Max absolute error = 0.0001335144
Max relative error = 0.000134
Max pw relative error = 0.000134
PSNR = 88.935750, NRMSE= 3.5744770993873740397E-05
acEff=1.000000
compressionRatio = 6.861929
  ✓ Compression and decompression successful (ratio: 6.86x)

[90/90] Processing: W2d_1_768_1152.dat

compression time=0.004507, total fastmode1 topology
compression size = 510431, CR = 6.933247
done
decompression time=0.023872
done
Min=0, Max=1, range=1
Max absolute error = 0.0001335144
Max relative error = 0.000134
Max pw relative error = 0.000134
PSNR = 94.688147, NRMSE= 1.8432857049142286813E-05
acEff=1.000000
compressionRatio = 6.933247
  ✓ Compression and decompression successful (ratio: 6.93x)

=== Summary ===
Total files processed: 86
Total files skipped: 0
Total files failed: 4

