Found 130 .dat file(s) to process

[1/130] Processing: aeroiceint001_1_384_320.dat
  False Negatives: 0
  False Positives: 0
  False Types: 0
  Grand Total: 0

[2/130] Processing: aeroiceint002_1_384_320.dat
  False Negatives: 0
  False Positives: 0
  False Types: 0
  Grand Total: 0

[3/130] Processing: aeroiceint003_1_384_320.dat
  False Negatives: 0
  False Positives: 0
  False Types: 0
  Grand Total: 0

[4/130] Processing: aeroicessl001_1_384_320.dat
  False Negatives: 0
  False Positives: 0
  False Types: 0
  Grand Total: 0

[5/130] Processing: aeroicessl002_1_384_320.dat
  False Negatives: 0
  False Positives: 0
  False Types: 0
  Grand Total: 0

[6/130] Processing: aeroicessl003_1_384_320.dat
  False Negatives: 0
  False Positives: 0
  False Types: 0
  Grand Total: 0

[7/130] Processing: aerosnoint001_1_384_320.dat
  False Negatives: 0
  False Positives: 0
  False Types: 0
  Grand Total: 0

[8/130] Processing: aerosnoint002_1_384_320.dat
  False Negatives: 0
  False Positives: 0
  False Types: 0
  Grand Total: 0

[9/130] Processing: aerosnoint003_1_384_320.dat
  False Negatives: 32
  False Positives: 130
  False Types: 0
  Grand Total: 162

[10/130] Processing: aerosnossl001_1_384_320.dat
  False Negatives: 0
  False Positives: 0
  False Types: 0
  Grand Total: 0

[11/130] Processing: aerosnossl002_1_384_320.dat
  False Negatives: 0
  False Positives: 0
  False Types: 0
  Grand Total: 0

[12/130] Processing: aerosnossl003_1_384_320.dat
  False Negatives: 88
  False Positives: 124
  False Types: 0
  Grand Total: 212

[13/130] Processing: aice_1_384_320.dat
  False Negatives: 85
  False Positives: 35253
  False Types: 9
  Grand Total: 35347

[14/130] Processing: aicen001_1_384_320.dat
  False Negatives: 35
  False Positives: 34157
  False Types: 3
  Grand Total: 34195

[15/130] Processing: aicen002_1_384_320.dat
  False Negatives: 16
  False Positives: 33902
  False Types: 1
  Grand Total: 33919

[16/130] Processing: aicen003_1_384_320.dat
  False Negatives: 15
  False Positives: 36679
  False Types: 1
  Grand Total: 36695

[17/130] Processing: aicen004_1_384_320.dat
  False Negatives: 13
  False Positives: 36224
  False Types: 1
  Grand Total: 36238

[18/130] Processing: aicen005_1_384_320.dat
  False Negatives: 16
  False Positives: 36006
  False Types: 1
  Grand Total: 36023

[19/130] Processing: aisnap_1_384_320.dat
  False Negatives: 212
  False Positives: 34291
  False Types: 31
  Grand Total: 34534

[20/130] Processing: albice_1_384_320.dat
  False Negatives: 133
  False Positives: 34396
  False Types: 35
  Grand Total: 34564

[21/130] Processing: albpnd_1_384_320.dat
  False Negatives: 103
  False Positives: 33258
  False Types: 21
  Grand Total: 33382

[22/130] Processing: albsno_1_384_320.dat
  False Negatives: 28
  False Positives: 36016
  False Types: 2
  Grand Total: 36046

[23/130] Processing: alidr_1_384_320.dat
  False Negatives: 66
  False Positives: 34004
  False Types: 3
  Grand Total: 34073

[24/130] Processing: alvdr_1_384_320.dat
  False Negatives: 87
  False Positives: 34511
  False Types: 3
  Grand Total: 34601

[25/130] Processing: ANGLE_384_320.dat
  False Negatives: 0
  False Positives: 203
  False Types: 0
  Grand Total: 203

[26/130] Processing: ANGLET_384_320.dat
  False Negatives: 0
  False Positives: 180
  False Types: 0
  Grand Total: 180

[27/130] Processing: apond001_1_384_320.dat
  False Negatives: 33
  False Positives: 33359
  False Types: 2
  Grand Total: 33394

[28/130] Processing: apond002_1_384_320.dat
  False Negatives: 43
  False Positives: 29765
  False Types: 1
  Grand Total: 29809

[29/130] Processing: apond003_1_384_320.dat
  False Negatives: 32
  False Positives: 28771
  False Types: 1
  Grand Total: 28804

[30/130] Processing: apond004_1_384_320.dat
  False Negatives: 28
  False Positives: 2310
  False Types: 0
  Grand Total: 2338

[31/130] Processing: apond005_1_384_320.dat
  False Negatives: 27
  False Positives: 23937
  False Types: 3
  Grand Total: 23967

[32/130] Processing: congel_1_384_320.dat
  False Negatives: 39
  False Positives: 29010
  False Types: 1
  Grand Total: 29050

[33/130] Processing: coszen_1_384_320.dat
  False Negatives: 131
  False Positives: 13367
  False Types: 1
  Grand Total: 13499

[34/130] Processing: daidtd_1_384_320.dat
  False Negatives: 203
  False Positives: 34901
  False Types: 15
  Grand Total: 35119

[35/130] Processing: daidtt_1_384_320.dat
  False Negatives: 101
  False Positives: 38546
  False Types: 6
  Grand Total: 38653

[36/130] Processing: dardg1dt_1_384_320.dat
  False Negatives: 84
  False Positives: 34423
  False Types: 6
  Grand Total: 34513

[37/130] Processing: dardg2dt_1_384_320.dat
  False Negatives: 239
  False Positives: 33199
  False Types: 18
  Grand Total: 33456

[38/130] Processing: divu_1_384_320.dat
  False Negatives: 343
  False Positives: 35736
  False Types: 26
  Grand Total: 36105

[39/130] Processing: dvidtd_1_384_320.dat
  False Negatives: 142
  False Positives: 36207
  False Types: 9
  Grand Total: 36358

[40/130] Processing: dvidtt_1_384_320.dat
  False Negatives: 83
  False Positives: 37475
  False Types: 11
  Grand Total: 37569

[41/130] Processing: dvirdgdt_1_384_320.dat
  False Negatives: 139
  False Positives: 34102
  False Types: 7
  Grand Total: 34248

[42/130] Processing: dxt_384_320.dat
  False Negatives: 0
  False Positives: 834
  False Types: 0
  Grand Total: 834

[43/130] Processing: dxu_384_320.dat
  False Negatives: 0
  False Positives: 1246
  False Types: 0
  Grand Total: 1246

[44/130] Processing: dyt_384_320.dat
  False Negatives: 0
  False Positives: 2312
  False Types: 0
  Grand Total: 2312

[45/130] Processing: dyu_384_320.dat
  False Negatives: 0
  False Positives: 2973
  False Types: 0
  Grand Total: 2973

[46/130] Processing: evap_1_384_320.dat
  False Negatives: 596
  False Positives: 37615
  False Types: 72
  Grand Total: 38283

[47/130] Processing: evap_ai_1_384_320.dat
  False Negatives: 540
  False Positives: 36646
  False Types: 93
  Grand Total: 37279

[48/130] Processing: faero_atm001_1_384_320.dat
  False Negatives: 0
  False Positives: 0
  False Types: 0
  Grand Total: 0

[49/130] Processing: faero_atm002_1_384_320.dat
  False Negatives: 0
  False Positives: 0
  False Types: 0
  Grand Total: 0

[50/130] Processing: faero_atm003_1_384_320.dat
  False Negatives: 0
  False Positives: 0
  False Types: 0
  Grand Total: 0

[51/130] Processing: faero_ocn001_1_384_320.dat
  False Negatives: 0
  False Positives: 0
  False Types: 0
  Grand Total: 0

[52/130] Processing: faero_ocn002_1_384_320.dat
  False Negatives: 0
  False Positives: 0
  False Types: 0
  Grand Total: 0

[53/130] Processing: faero_ocn003_1_384_320.dat
  False Negatives: 0
  False Positives: 0
  False Types: 0
  Grand Total: 0

[54/130] Processing: fcondtop_ai_1_384_320.dat
  False Negatives: 130
  False Positives: 35148
  False Types: 11
  Grand Total: 35289

[55/130] Processing: fhocn_1_384_320.dat
  False Negatives: 313
  False Positives: 35867
  False Types: 56
  Grand Total: 36236

[56/130] Processing: fhocn_ai_1_384_320.dat
  False Negatives: 184
  False Positives: 36042
  False Types: 27
  Grand Total: 36253

[57/130] Processing: flat_1_384_320.dat
  False Negatives: 75
  False Positives: 34564
  False Types: 1
  Grand Total: 34640

[58/130] Processing: flat_ai_1_384_320.dat
  False Negatives: 127
  False Positives: 37448
  False Types: 20
  Grand Total: 37595

[59/130] Processing: flwdn_1_384_320.dat
  False Negatives: 668
  False Positives: 16411
  False Types: 20
  Grand Total: 17099

[60/130] Processing: flwup_1_384_320.dat
  False Negatives: 26
  False Positives: 36746
  False Types: 1
  Grand Total: 36773

[61/130] Processing: flwup_ai_1_384_320.dat
  False Negatives: 31
  False Positives: 35567
  False Types: 2
  Grand Total: 35600

[62/130] Processing: frazil_1_384_320.dat
  False Negatives: 51
  False Positives: 24561
  False Types: 6
  Grand Total: 24618

[63/130] Processing: fresh_1_384_320.dat
  False Negatives: 56
  False Positives: 36607
  False Types: 1
  Grand Total: 36664

[64/130] Processing: fresh_ai_1_384_320.dat
  False Negatives: 83
  False Positives: 36094
  False Types: 6
  Grand Total: 36183

[65/130] Processing: fs_1_384_320.dat
  False Negatives: 101
  False Positives: 35179
  False Types: 13
  Grand Total: 35293

[66/130] Processing: fsalt_1_384_320.dat
  False Negatives: 171
  False Positives: 36140
  False Types: 22
  Grand Total: 36333

[67/130] Processing: fsalt_ai_1_384_320.dat
  False Negatives: 245
  False Positives: 37071
  False Types: 36
  Grand Total: 37352

[68/130] Processing: fsens_1_384_320.dat
  False Negatives: 56
  False Positives: 38037
  False Types: 2
  Grand Total: 38095

[69/130] Processing: fsens_ai_1_384_320.dat
  False Negatives: 110
  False Positives: 37271
  False Types: 5
  Grand Total: 37386

[70/130] Processing: fsurf_ai_1_384_320.dat
  False Negatives: 101
  False Positives: 34950
  False Types: 7
  Grand Total: 35058

[71/130] Processing: fswabs_1_384_320.dat
  False Negatives: 31
  False Positives: 34789
  False Types: 1
  Grand Total: 34821

[72/130] Processing: fswabs_ai_1_384_320.dat
  False Negatives: 19
  False Positives: 35419
  False Types: 2
  Grand Total: 35440

[73/130] Processing: fswdn_1_384_320.dat
  False Negatives: 756
  False Positives: 19577
  False Types: 24
  Grand Total: 20357

[74/130] Processing: fswfac_1_384_320.dat
  False Negatives: 77
  False Positives: 36582
  False Types: 1
  Grand Total: 36660

[75/130] Processing: fswthru_1_384_320.dat
  False Negatives: 11
  False Positives: 34658
  False Types: 1
  Grand Total: 34670

[76/130] Processing: fswthru_ai_1_384_320.dat
  False Negatives: 24
  False Positives: 35681
  False Types: 2
  Grand Total: 35707

[77/130] Processing: fswup_1_384_320.dat
  False Negatives: 719
  False Positives: 19196
  False Types: 17
  Grand Total: 19932

[78/130] Processing: FYarea_1_384_320.dat
  False Negatives: 129
  False Positives: 36909
  False Types: 17
  Grand Total: 37055

[79/130] Processing: hi_1_384_320.dat
  False Negatives: 29
  False Positives: 34232
  False Types: 1
  Grand Total: 34262

[80/130] Processing: hisnap_1_384_320.dat
  False Negatives: 36
  False Positives: 35936
  False Types: 5
  Grand Total: 35977

[81/130] Processing: hs_1_384_320.dat
  False Negatives: 60
  False Positives: 35791
  False Types: 10
  Grand Total: 35861

[82/130] Processing: HTE_384_320.dat
  False Negatives: 1
  False Positives: 3067
  False Types: 0
  Grand Total: 3068

[83/130] Processing: HTN_384_320.dat
  False Negatives: 0
  False Positives: 1246
  False Types: 0
  Grand Total: 1246

[84/130] Processing: iage_1_384_320.dat
  False Negatives: 76
  False Positives: 35497
  False Types: 5
  Grand Total: 35578

[85/130] Processing: ice_present_1_384_320.dat
  False Negatives: 0
  False Positives: 22228
  False Types: 0
  Grand Total: 22228

[86/130] Processing: meltb_1_384_320.dat
  False Negatives: 267
  False Positives: 36124
  False Types: 59
  Grand Total: 36450

[87/130] Processing: meltl_1_384_320.dat
  False Negatives: 342
  False Positives: 34697
  False Types: 60
  Grand Total: 35099

[88/130] Processing: melts_1_384_320.dat
  False Negatives: 50
  False Positives: 36116
  False Types: 4
  Grand Total: 36170

[89/130] Processing: meltt_1_384_320.dat
  False Negatives: 95
  False Positives: 24978
  False Types: 9
  Grand Total: 25082

[90/130] Processing: opening_1_384_320.dat
  False Negatives: 20
  False Positives: 33017
  False Types: 0
  Grand Total: 33037

[91/130] Processing: qi_1_384_320.dat
  False Negatives: 134
  False Positives: 9837
  False Types: 5
  Grand Total: 9976

[92/130] Processing: Qref_1_384_320.dat
  False Negatives: 216
  False Positives: 13383
  False Types: 21
  Grand Total: 13620

[93/130] Processing: qs_1_384_320.dat
  False Negatives: 139
  False Positives: 39021
  False Types: 24
  Grand Total: 39184

[94/130] Processing: rain_1_384_320.dat
  False Negatives: 1098
  False Positives: 17668
  False Types: 73
  Grand Total: 18839

[95/130] Processing: rain_ai_1_384_320.dat
  False Negatives: 378
  False Positives: 31891
  False Types: 35
  Grand Total: 32304

[96/130] Processing: shear_1_384_320.dat
  False Negatives: 12
  False Positives: 34278
  False Types: 0
  Grand Total: 34290

[97/130] Processing: sig1_1_384_320.dat
  False Negatives: 82
  False Positives: 2550
  False Types: 4
  Grand Total: 2636

[98/130] Processing: sig2_1_384_320.dat
  False Negatives: 47
  False Positives: 2547
  False Types: 0
  Grand Total: 2594

[99/130] Processing: snoice_1_384_320.dat
  False Negatives: 188
  False Positives: 34838
  False Types: 30
  Grand Total: 35056

[100/130] Processing: snow_1_384_320.dat
  False Negatives: 781
  False Positives: 33494
  False Types: 144
  Grand Total: 34419

[101/130] Processing: snow_ai_1_384_320.dat
  False Negatives: 160
  False Positives: 33031
  False Types: 11
  Grand Total: 33202

[102/130] Processing: strairx_1_384_320.dat
  False Negatives: 143
  False Positives: 37307
  False Types: 30
  Grand Total: 37480

[103/130] Processing: strairy_1_384_320.dat
  False Negatives: 170
  False Positives: 35546
  False Types: 20
  Grand Total: 35736

[104/130] Processing: strcorx_1_384_320.dat
  False Negatives: 335
  False Positives: 37230
  False Types: 53
  Grand Total: 37618

[105/130] Processing: strcory_1_384_320.dat
  False Negatives: 232
  False Positives: 38111
  False Types: 32
  Grand Total: 38375

[106/130] Processing: strength_1_384_320.dat
  False Negatives: 25
  False Positives: 35798
  False Types: 0
  Grand Total: 35823

[107/130] Processing: strintx_1_384_320.dat
  False Negatives: 480
  False Positives: 35227
  False Types: 86
  Grand Total: 35793

[108/130] Processing: strinty_1_384_320.dat
  False Negatives: 396
  False Positives: 37063
  False Types: 53
  Grand Total: 37512

[109/130] Processing: strocnx_1_384_320.dat
  False Negatives: 175
  False Positives: 34967
  False Types: 29
  Grand Total: 35171

[110/130] Processing: strocny_1_384_320.dat
  False Negatives: 243
  False Positives: 38810
  False Types: 42
  Grand Total: 39095

[111/130] Processing: Tair_1_384_320.dat
  False Negatives: 351
  False Positives: 14954
  False Types: 57
  Grand Total: 15362

[112/130] Processing: tarea_384_320.dat
  False Negatives: 0
  False Positives: 1276
  False Types: 0
  Grand Total: 1276

[113/130] Processing: TLAT_384_320.dat
  False Negatives: 0
  False Positives: 0
  False Types: 0
  Grand Total: 0

[114/130] Processing: TLON_384_320.dat
  False Negatives: 1
  False Positives: 201
  False Types: 1
  Grand Total: 203

[115/130] Processing: tmask_384_320.dat
  False Negatives: 0
  False Positives: 0
  False Types: 0
  Grand Total: 0

[116/130] Processing: transix_1_384_320.dat
  False Negatives: 85
  False Positives: 35952
  False Types: 7
  Grand Total: 36044

[117/130] Processing: transiy_1_384_320.dat
  False Negatives: 98
  False Positives: 35129
  False Types: 7
  Grand Total: 35234

[118/130] Processing: Tref_1_384_320.dat
  False Negatives: 347
  False Positives: 15011
  False Types: 49
  Grand Total: 15407

[119/130] Processing: trsig_1_384_320.dat
  False Negatives: 147
  False Positives: 31905
  False Types: 10
  Grand Total: 32062

[120/130] Processing: Tsfc_1_384_320.dat
  False Negatives: 78
  False Positives: 36016
  False Types: 8
  Grand Total: 36102

[121/130] Processing: uarea_384_320.dat
  False Negatives: 0
  False Positives: 1078
  False Types: 0
  Grand Total: 1078

[122/130] Processing: ULAT_384_320.dat
  False Negatives: 0
  False Positives: 0
  False Types: 0
  Grand Total: 0

[123/130] Processing: ULON_384_320.dat
  False Negatives: 1
  False Positives: 200
  False Types: 0
  Grand Total: 201

[124/130] Processing: uvel_1_384_320.dat
  False Negatives: 50
  False Positives: 37296
  False Types: 2
  Grand Total: 37348

[125/130] Processing: vicen001_1_384_320.dat
  False Negatives: 130
  False Positives: 36038
  False Types: 23
  Grand Total: 36191

[126/130] Processing: vicen002_1_384_320.dat
  False Negatives: 66
  False Positives: 35243
  False Types: 7
  Grand Total: 35316

[127/130] Processing: vicen003_1_384_320.dat
  False Negatives: 63
  False Positives: 36496
  False Types: 9
  Grand Total: 36568

[128/130] Processing: vicen004_1_384_320.dat
  False Negatives: 60
  False Positives: 35902
  False Types: 7
  Grand Total: 35969

[129/130] Processing: vicen005_1_384_320.dat
  False Negatives: 51
  False Positives: 36967
  False Types: 4
  Grand Total: 37022

[130/130] Processing: vvel_1_384_320.dat
  False Negatives: 47
  False Positives: 35823
  False Types: 3
  Grand Total: 35873

=== Summary ===
Total files processed: 130
Total files failed: 0
Total false cases across all files: 3141329
Average false cases per file: 24164.06
