Found 176 .dat file(s) to process

[1/176] Processing: ACTUAL_IMMOB_1_192_288.dat
  False Negatives: 734
  False Positives: 669
  False Types: 19
  Grand Total: 1422

[2/176] Processing: AGNPP_1_192_288.dat
  False Negatives: 1206
  False Positives: 8554
  False Types: 159
  Grand Total: 9919

[3/176] Processing: ANN_FAREA_BURNED_1_192_288.dat
  False Negatives: 833
  False Positives: 9887
  False Types: 119
  Grand Total: 10839

[4/176] Processing: AR_1_192_288.dat
  False Negatives: 2132
  False Positives: 8786
  False Types: 380
  Grand Total: 11298

[5/176] Processing: area_192_288.dat
  False Negatives: 0
  False Positives: 7363
  False Types: 0
  Grand Total: 7363

[6/176] Processing: areaatm_192_288.dat
  False Negatives: 0
  False Positives: 8932
  False Types: 0
  Grand Total: 8932

[7/176] Processing: areaupsc_192_288.dat
  False Negatives: 0
  False Positives: 7363
  False Types: 0
  Grand Total: 7363

[8/176] Processing: BCDEP_1_192_288.dat
  False Negatives: 0
  False Positives: 0
  False Types: 0
  Grand Total: 0

[9/176] Processing: BGNPP_1_192_288.dat
  False Negatives: 1305
  False Positives: 6950
  False Types: 145
  Grand Total: 8400

[10/176] Processing: BTRAN_1_192_288.dat
  False Negatives: 175
  False Positives: 8668
  False Types: 18
  Grand Total: 8861

[11/176] Processing: BUILDHEAT_1_192_288.dat
  False Negatives: 490
  False Positives: 10075
  False Types: 64
  Grand Total: 10629

[12/176] Processing: COL_CTRUNC_1_192_288.dat
  False Negatives: 674
  False Positives: 7616
  False Types: 130
  Grand Total: 8420

[13/176] Processing: COL_FIRE_CLOSS_1_192_288.dat
  False Negatives: 449
  False Positives: 2327
  False Types: 6
  Grand Total: 2782

[14/176] Processing: COL_FIRE_NLOSS_1_192_288.dat
  False Negatives: 35
  False Positives: 2
  False Types: 0
  Grand Total: 37

[15/176] Processing: COL_NTRUNC_1_192_288.dat
  False Negatives: 253
  False Positives: 5375
  False Types: 38
  Grand Total: 5666

[16/176] Processing: CPOOL_1_192_288.dat
  False Negatives: 0
  False Positives: 0
  False Types: 0
  Grand Total: 0

[17/176] Processing: CWDC_1_192_288.dat
  False Negatives: 14
  False Positives: 2181
  False Types: 0
  Grand Total: 2195

[18/176] Processing: CWDC_HR_1_192_288.dat
  False Negatives: 0
  False Positives: 0
  False Types: 0
  Grand Total: 0

[19/176] Processing: CWDC_LOSS_1_192_288.dat
  False Negatives: 1198
  False Positives: 7508
  False Types: 191
  Grand Total: 8897

[20/176] Processing: CWDN_1_192_288.dat
  False Negatives: 61
  False Positives: 2256
  False Types: 1
  Grand Total: 2318

[21/176] Processing: DEADCROOTC_1_192_288.dat
  False Negatives: 7
  False Positives: 2189
  False Types: 0
  Grand Total: 2196

[22/176] Processing: DEADCROOTN_1_192_288.dat
  False Negatives: 53
  False Positives: 2213
  False Types: 0
  Grand Total: 2266

[23/176] Processing: DEADSTEMC_1_192_288.dat
  False Negatives: 10
  False Positives: 2104
  False Types: 0
  Grand Total: 2114

[24/176] Processing: DEADSTEMN_1_192_288.dat
  False Negatives: 29
  False Positives: 2091
  False Types: 0
  Grand Total: 2120

[25/176] Processing: DENIT_1_192_288.dat
  False Negatives: 167
  False Positives: 170
  False Types: 1
  Grand Total: 338

[26/176] Processing: DISPVEGC_1_192_288.dat
  False Negatives: 8
  False Positives: 2207
  False Types: 0
  Grand Total: 2215

[27/176] Processing: DISPVEGN_1_192_288.dat
  False Negatives: 26
  False Positives: 2197
  False Types: 0
  Grand Total: 2223

[28/176] Processing: DSTDEP_1_192_288.dat
  False Negatives: 0
  False Positives: 0
  False Types: 0
  Grand Total: 0

[29/176] Processing: DSTFLXT_1_192_288.dat
  False Negatives: 64
  False Positives: 9
  False Types: 0
  Grand Total: 73

[30/176] Processing: DWT_CLOSS_1_192_288.dat
  False Negatives: 0
  False Positives: 0
  False Types: 0
  Grand Total: 0

[31/176] Processing: DWT_CONV_CFLUX_1_192_288.dat
  False Negatives: 0
  False Positives: 0
  False Types: 0
  Grand Total: 0

[32/176] Processing: DWT_CONV_NFLUX_1_192_288.dat
  False Negatives: 0
  False Positives: 0
  False Types: 0
  Grand Total: 0

[33/176] Processing: DWT_NLOSS_1_192_288.dat
  False Negatives: 0
  False Positives: 0
  False Types: 0
  Grand Total: 0

[34/176] Processing: DWT_PROD100C_GAIN_1_192_288.dat
  False Negatives: 0
  False Positives: 0
  False Types: 0
  Grand Total: 0

[35/176] Processing: DWT_PROD100N_GAIN_1_192_288.dat
  False Negatives: 0
  False Positives: 0
  False Types: 0
  Grand Total: 0

[36/176] Processing: DWT_PROD10C_GAIN_1_192_288.dat
  False Negatives: 0
  False Positives: 0
  False Types: 0
  Grand Total: 0

[37/176] Processing: DWT_PROD10N_GAIN_1_192_288.dat
  False Negatives: 0
  False Positives: 0
  False Types: 0
  Grand Total: 0

[38/176] Processing: DWT_SEEDC_TO_DEADSTEM_1_192_288.dat
  False Negatives: 0
  False Positives: 0
  False Types: 0
  Grand Total: 0

[39/176] Processing: DWT_SEEDC_TO_LEAF_1_192_288.dat
  False Negatives: 0
  False Positives: 0
  False Types: 0
  Grand Total: 0

[40/176] Processing: DWT_SEEDN_TO_DEADSTEM_1_192_288.dat
  False Negatives: 0
  False Positives: 0
  False Types: 0
  Grand Total: 0

[41/176] Processing: DWT_SEEDN_TO_LEAF_1_192_288.dat
  False Negatives: 0
  False Positives: 0
  False Types: 0
  Grand Total: 0

[42/176] Processing: EFLX_DYNBAL_1_192_288.dat
  False Negatives: 0
  False Positives: 0
  False Types: 0
  Grand Total: 0

[43/176] Processing: EFLX_LH_TOT_R_1_192_288.dat
  False Negatives: 26
  False Positives: 2308
  False Types: 0
  Grand Total: 2334

[44/176] Processing: EFLX_LH_TOT_U_1_192_288.dat
  False Negatives: 3
  False Positives: 2037
  False Types: 0
  Grand Total: 2040

[45/176] Processing: ELAI_1_192_288.dat
  False Negatives: 30
  False Positives: 2231
  False Types: 1
  Grand Total: 2262

[46/176] Processing: ER_1_192_288.dat
  False Negatives: 2151
  False Positives: 9117
  False Types: 413
  Grand Total: 11681

[47/176] Processing: ERRH2O_1_192_288.dat
  False Negatives: 0
  False Positives: 0
  False Types: 0
  Grand Total: 0

[48/176] Processing: ERRSEB_1_192_288.dat
  False Negatives: 0
  False Positives: 0
  False Types: 0
  Grand Total: 0

[49/176] Processing: ERRSOI_1_192_288.dat
  False Negatives: 0
  False Positives: 0
  False Types: 0
  Grand Total: 0

[50/176] Processing: ERRSOL_1_192_288.dat
  False Negatives: 0
  False Positives: 0
  False Types: 0
  Grand Total: 0

[51/176] Processing: ESAI_1_192_288.dat
  False Negatives: 104
  False Positives: 8267
  False Types: 9
  Grand Total: 8380

[52/176] Processing: FCEV_1_192_288.dat
  False Negatives: 177
  False Positives: 2305
  False Types: 9
  Grand Total: 2491

[53/176] Processing: FCOV_1_192_288.dat
  False Negatives: 384
  False Positives: 7882
  False Types: 44
  Grand Total: 8310

[54/176] Processing: FCTR_1_192_288.dat
  False Negatives: 261
  False Positives: 2431
  False Types: 14
  Grand Total: 2706

[55/176] Processing: FGEV_1_192_288.dat
  False Negatives: 75
  False Positives: 12903
  False Types: 1
  Grand Total: 12979

[56/176] Processing: FGR_1_192_288.dat
  False Negatives: 355
  False Positives: 13449
  False Types: 6
  Grand Total: 13810

[57/176] Processing: FGR12_1_192_288.dat
  False Negatives: 266
  False Positives: 13677
  False Types: 2
  Grand Total: 13945

[58/176] Processing: FGR_R_1_192_288.dat
  False Negatives: 102
  False Positives: 7458
  False Types: 2
  Grand Total: 7562

[59/176] Processing: FGR_U_1_192_288.dat
  False Negatives: 83
  False Positives: 6598
  False Types: 1
  Grand Total: 6682

[60/176] Processing: FIRA_1_192_288.dat
  False Negatives: 72
  False Positives: 12701
  False Types: 1
  Grand Total: 12774

[61/176] Processing: FIRA_R_1_192_288.dat
  False Negatives: 20
  False Positives: 2317
  False Types: 0
  Grand Total: 2337

[62/176] Processing: FIRA_U_1_192_288.dat
  False Negatives: 2
  False Positives: 2093
  False Types: 0
  Grand Total: 2095

[63/176] Processing: FIRE_1_192_288.dat
  False Negatives: 85
  False Positives: 13473
  False Types: 0
  Grand Total: 13558

[64/176] Processing: FIRESEASONL_1_192_288.dat
  False Negatives: 22
  False Positives: 2145
  False Types: 0
  Grand Total: 2167

[65/176] Processing: FLDS_1_192_288.dat
  False Negatives: 78
  False Positives: 13786
  False Types: 1
  Grand Total: 13865

[66/176] Processing: FLUXFM2A_1_192_288.dat
  False Negatives: 0
  False Positives: 0
  False Types: 0
  Grand Total: 0

[67/176] Processing: FLUXFMLND_1_192_288.dat
  False Negatives: 0
  False Positives: 0
  False Types: 0
  Grand Total: 0

[68/176] Processing: FPG_1_192_288.dat
  False Negatives: 86
  False Positives: 10295
  False Types: 8
  Grand Total: 10389

[69/176] Processing: FPI_1_192_288.dat
  False Negatives: 94
  False Positives: 9270
  False Types: 7
  Grand Total: 9371

[70/176] Processing: FPSN_1_192_288.dat
  False Negatives: 108
  False Positives: 2204
  False Types: 6
  Grand Total: 2318

[71/176] Processing: FROOTC_1_192_288.dat
  False Negatives: 11
  False Positives: 2247
  False Types: 0
  Grand Total: 2258

[72/176] Processing: FROOTC_ALLOC_1_192_288.dat
  False Negatives: 1287
  False Positives: 7502
  False Types: 139
  Grand Total: 8928

[73/176] Processing: FROOTC_LOSS_1_192_288.dat
  False Negatives: 1793
  False Positives: 7601
  False Types: 244
  Grand Total: 9638

[74/176] Processing: FROOTN_1_192_288.dat
  False Negatives: 16
  False Positives: 2257
  False Types: 1
  Grand Total: 2274

[75/176] Processing: FSA_1_192_288.dat
  False Negatives: 69
  False Positives: 13339
  False Types: 1
  Grand Total: 13409

[76/176] Processing: FSA_R_1_192_288.dat
  False Negatives: 24
  False Positives: 8498
  False Types: 0
  Grand Total: 8522

[77/176] Processing: FSAT_1_192_288.dat
  False Negatives: 390
  False Positives: 8167
  False Types: 31
  Grand Total: 8588

[78/176] Processing: FSA_U_1_192_288.dat
  False Negatives: 8
  False Positives: 1987
  False Types: 0
  Grand Total: 1995

[79/176] Processing: FSDS_1_192_288.dat
  False Negatives: 179
  False Positives: 13808
  False Types: 9
  Grand Total: 13996

[80/176] Processing: FSDSND_1_192_288.dat
  False Negatives: 83
  False Positives: 13231
  False Types: 1
  Grand Total: 13315

[81/176] Processing: FSDSNDLN_1_192_288.dat
  False Negatives: 63
  False Positives: 12901
  False Types: 0
  Grand Total: 12964

[82/176] Processing: FSDSNI_1_192_288.dat
  False Negatives: 66
  False Positives: 13322
  False Types: 1
  Grand Total: 13389

[83/176] Processing: FSDSVD_1_192_288.dat
  False Negatives: 68
  False Positives: 13745
  False Types: 3
  Grand Total: 13816

[84/176] Processing: FSDSVDLN_1_192_288.dat
  False Negatives: 71
  False Positives: 13406
  False Types: 0
  Grand Total: 13477

[85/176] Processing: FSDSVI_1_192_288.dat
  False Negatives: 72
  False Positives: 13017
  False Types: 0
  Grand Total: 13089

[86/176] Processing: FSH_1_192_288.dat
  False Negatives: 148
  False Positives: 13236
  False Types: 1
  Grand Total: 13385

[87/176] Processing: FSH_G_1_192_288.dat
  False Negatives: 293
  False Positives: 12841
  False Types: 18
  Grand Total: 13152

[88/176] Processing: FSH_NODYNLNDUSE_1_192_288.dat
  False Negatives: 148
  False Positives: 13236
  False Types: 1
  Grand Total: 13385

[89/176] Processing: FSH_R_1_192_288.dat
  False Negatives: 63
  False Positives: 7682
  False Types: 0
  Grand Total: 7745

[90/176] Processing: FSH_U_1_192_288.dat
  False Negatives: 5
  False Positives: 7014
  False Types: 0
  Grand Total: 7019

[91/176] Processing: FSH_V_1_192_288.dat
  False Negatives: 147
  False Positives: 9614
  False Types: 20
  Grand Total: 9781

[92/176] Processing: FSM_1_192_288.dat
  False Negatives: 852
  False Positives: 2140
  False Types: 36
  Grand Total: 3028

[93/176] Processing: FSM_R_1_192_288.dat
  False Negatives: 865
  False Positives: 8632
  False Types: 90
  Grand Total: 9587

[94/176] Processing: FSM_U_1_192_288.dat
  False Negatives: 300
  False Positives: 1054
  False Types: 16
  Grand Total: 1370

[95/176] Processing: FSNO_1_192_288.dat
  False Negatives: 407
  False Positives: 10141
  False Types: 76
  Grand Total: 10624

[96/176] Processing: FSR_1_192_288.dat
  False Negatives: 144
  False Positives: 13677
  False Types: 1
  Grand Total: 13822

[97/176] Processing: FSRND_1_192_288.dat
  False Negatives: 66
  False Positives: 13666
  False Types: 3
  Grand Total: 13735

[98/176] Processing: FSRNDLN_1_192_288.dat
  False Negatives: 64
  False Positives: 13116
  False Types: 0
  Grand Total: 13180

[99/176] Processing: FSRNI_1_192_288.dat
  False Negatives: 46
  False Positives: 13742
  False Types: 0
  Grand Total: 13788

[100/176] Processing: FSRVD_1_192_288.dat
  False Negatives: 83
  False Positives: 12816
  False Types: 0
  Grand Total: 12899

[101/176] Processing: FSRVDLN_1_192_288.dat
  False Negatives: 50
  False Positives: 13687
  False Types: 0
  Grand Total: 13737

[102/176] Processing: FSRVI_1_192_288.dat
  False Negatives: 108
  False Positives: 14288
  False Types: 0
  Grand Total: 14396

[103/176] Processing: GC_HEAT1_1_192_288.dat
  False Negatives: 416
  False Positives: 14061
  False Types: 23
  Grand Total: 14500

[104/176] Processing: GC_HEAT2_1_192_288.dat
  False Negatives: 0
  False Positives: 0
  False Types: 0
  Grand Total: 0

[105/176] Processing: GC_ICE1_1_192_288.dat
  False Negatives: 626
  False Positives: 12753
  False Types: 40
  Grand Total: 13419

[106/176] Processing: GC_ICE2_1_192_288.dat
  False Negatives: 0
  False Positives: 0
  False Types: 0
  Grand Total: 0

[107/176] Processing: GC_LIQ1_1_192_288.dat
  False Negatives: 2443
  False Positives: 10385
  False Types: 425
  Grand Total: 13253

[108/176] Processing: GC_LIQ2_1_192_288.dat
  False Negatives: 0
  False Positives: 0
  False Types: 0
  Grand Total: 0

[109/176] Processing: GPP_1_192_288.dat
  False Negatives: 1697
  False Positives: 9397
  False Types: 302
  Grand Total: 11396

[110/176] Processing: GR_1_192_288.dat
  False Negatives: 1236
  False Positives: 8443
  False Types: 134
  Grand Total: 9813

[111/176] Processing: GROSS_NMIN_1_192_288.dat
  False Negatives: 698
  False Positives: 2628
  False Types: 31
  Grand Total: 3357

[112/176] Processing: H2OCAN_1_192_288.dat
  False Negatives: 583
  False Positives: 8291
  False Types: 72
  Grand Total: 8946

[113/176] Processing: H2OSNO_1_192_288.dat
  False Negatives: 819
  False Positives: 1723
  False Types: 55
  Grand Total: 2597

[114/176] Processing: H2OSNO_TOP_1_192_288.dat
  False Negatives: 48
  False Positives: 14740
  False Types: 1
  Grand Total: 14789

[115/176] Processing: HC_1_192_288.dat
  False Negatives: 111
  False Positives: 13984
  False Types: 4
  Grand Total: 14099

[116/176] Processing: HCSOI_1_192_288.dat
  False Negatives: 116
  False Positives: 13466
  False Types: 6
  Grand Total: 13588

[117/176] Processing: HEAT_FROM_AC_1_192_288.dat
  False Negatives: 26
  False Positives: 3602
  False Types: 0
  Grand Total: 3628

[118/176] Processing: HR_1_192_288.dat
  False Negatives: 2183
  False Positives: 8210
  False Types: 393
  Grand Total: 10786

[119/176] Processing: HTOP_1_192_288.dat
  False Negatives: 85
  False Positives: 2379
  False Types: 2
  Grand Total: 2466

[120/176] Processing: LAISHA_1_192_288.dat
  False Negatives: 29
  False Positives: 2279
  False Types: 1
  Grand Total: 2309

[121/176] Processing: LAISUN_1_192_288.dat
  False Negatives: 248
  False Positives: 8533
  False Types: 21
  Grand Total: 8802

[122/176] Processing: landfrac_192_288.dat
  False Negatives: 11
  False Positives: 13784
  False Types: 0
  Grand Total: 13795

[123/176] Processing: latixy_192_288.dat
  False Negatives: 0
  False Positives: 8234
  False Types: 0
  Grand Total: 8234

[124/176] Processing: latixyatm_192_288.dat
  False Negatives: 0
  False Positives: 13198
  False Types: 0
  Grand Total: 13198

[125/176] Processing: LEAFC_1_192_288.dat
  False Negatives: 9
  False Positives: 2298
  False Types: 0
  Grand Total: 2307

[126/176] Processing: LEAFC_ALLOC_1_192_288.dat
  False Negatives: 1212
  False Positives: 6232
  False Types: 107
  Grand Total: 7551

[127/176] Processing: LEAFC_LOSS_1_192_288.dat
  False Negatives: 1722
  False Positives: 6776
  False Types: 254
  Grand Total: 8752

[128/176] Processing: LEAFN_1_192_288.dat
  False Negatives: 16
  False Positives: 2312
  False Types: 1
  Grand Total: 2329

[129/176] Processing: LITFALL_1_192_288.dat
  False Negatives: 2134
  False Positives: 8523
  False Types: 396
  Grand Total: 11053

[130/176] Processing: LITHR_1_192_288.dat
  False Negatives: 2092
  False Positives: 7765
  False Types: 325
  Grand Total: 10182

[131/176] Processing: LITR1C_1_192_288.dat
  False Negatives: 76
  False Positives: 8304
  False Types: 4
  Grand Total: 8384

[132/176] Processing: LITR1C_TO_SOIL1C_1_192_288.dat
  False Negatives: 1535
  False Positives: 5621
  False Types: 193
  Grand Total: 7349

[133/176] Processing: LITR1N_1_192_288.dat
  False Negatives: 894
  False Positives: 9245
  False Types: 108
  Grand Total: 10247

[134/176] Processing: LITR2C_1_192_288.dat
  False Negatives: 21
  False Positives: 2229
  False Types: 0
  Grand Total: 2250

[135/176] Processing: LITR2C_TO_SOIL2C_1_192_288.dat
  False Negatives: 1800
  False Positives: 7243
  False Types: 237
  Grand Total: 9280

[136/176] Processing: LITR2N_1_192_288.dat
  False Negatives: 78
  False Positives: 8536
  False Types: 6
  Grand Total: 8620

[137/176] Processing: LITR3C_1_192_288.dat
  False Negatives: 28
  False Positives: 2195
  False Types: 0
  Grand Total: 2223

[138/176] Processing: LITR3C_TO_SOIL3C_1_192_288.dat
  False Negatives: 1544
  False Positives: 6400
  False Types: 192
  Grand Total: 8136

[139/176] Processing: LITR3N_1_192_288.dat
  False Negatives: 45
  False Positives: 2185
  False Types: 0
  Grand Total: 2230

[140/176] Processing: LITTERC_1_192_288.dat
  False Negatives: 29
  False Positives: 2168
  False Types: 1
  Grand Total: 2198

[141/176] Processing: LITTERC_HR_1_192_288.dat
  False Negatives: 2092
  False Positives: 7765
  False Types: 325
  Grand Total: 10182

[142/176] Processing: LITTERC_LOSS_1_192_288.dat
  False Negatives: 2300
  False Positives: 8695
  False Types: 447
  Grand Total: 11442

[143/176] Processing: LIVECROOTC_1_192_288.dat
  False Negatives: 42
  False Positives: 2185
  False Types: 0
  Grand Total: 2227

[144/176] Processing: LIVECROOTN_1_192_288.dat
  False Negatives: 354
  False Positives: 9484
  False Types: 38
  Grand Total: 9876

[145/176] Processing: LIVESTEMC_1_192_288.dat
  False Negatives: 16
  False Positives: 2182
  False Types: 0
  Grand Total: 2198

[146/176] Processing: LIVESTEMN_1_192_288.dat
  False Negatives: 173
  False Positives: 2326
  False Types: 8
  Grand Total: 2507

[147/176] Processing: longxy_192_288.dat
  False Negatives: 0
  False Positives: 14975
  False Types: 0
  Grand Total: 14975

[148/176] Processing: longxyatm_192_288.dat
  False Negatives: 0
  False Positives: 2720
  False Types: 0
  Grand Total: 2720

[149/176] Processing: MEAN_FIRE_PROB_1_192_288.dat
  False Negatives: 131
  False Positives: 2198
  False Types: 6
  Grand Total: 2335

[150/176] Processing: MR_1_192_288.dat
  False Negatives: 2147
  False Positives: 8366
  False Types: 403
  Grand Total: 10916

[151/176] Processing: NBP_1_192_288.dat
  False Negatives: 2415
  False Positives: 14557
  False Types: 645
  Grand Total: 17617

[152/176] Processing: NDEPLOY_1_192_288.dat
  False Negatives: 443
  False Positives: 345
  False Types: 3
  Grand Total: 791

[153/176] Processing: NDEP_TO_SMINN_1_192_288.dat
  False Negatives: 0
  False Positives: 0
  False Types: 0
  Grand Total: 0

[154/176] Processing: NEE_1_192_288.dat
  False Negatives: 2452
  False Positives: 10827
  False Types: 491
  Grand Total: 13770

[155/176] Processing: NEP_1_192_288.dat
  False Negatives: 2351
  False Positives: 14235
  False Types: 611
  Grand Total: 17197

[156/176] Processing: NET_NMIN_1_192_288.dat
  False Negatives: 532
  False Positives: 579
  False Types: 16
  Grand Total: 1127

[157/176] Processing: NFIX_TO_SMINN_1_192_288.dat
  False Negatives: 0
  False Positives: 0
  False Types: 0
  Grand Total: 0

[158/176] Processing: NPP_1_192_288.dat
  False Negatives: 1951
  False Positives: 11816
  False Types: 458
  Grand Total: 14225

[159/176] Processing: OCDEP_1_192_288.dat
  False Negatives: 0
  False Positives: 0
  False Types: 0
  Grand Total: 0

[160/176] Processing: PBOT_1_192_288.dat
  False Negatives: 109
  False Positives: 15090
  False Types: 6
  Grand Total: 15205

[161/176] Processing: PCO2_1_192_288.dat
  False Negatives: 113
  False Positives: 14314
  False Types: 11
  Grand Total: 14438

[162/176] Processing: PFT_CTRUNC_1_192_288.dat
  False Negatives: 2068
  False Positives: 8260
  False Types: 409
  Grand Total: 10737

[163/176] Processing: PFT_FIRE_CLOSS_1_192_288.dat
  False Negatives: 429
  False Positives: 2639
  False Types: 5
  Grand Total: 3073

[164/176] Processing: PFT_FIRE_NLOSS_1_192_288.dat
  False Negatives: 28
  False Positives: 2
  False Types: 0
  Grand Total: 30

[165/176] Processing: PFT_NTRUNC_1_192_288.dat
  False Negatives: 1980
  False Positives: 7928
  False Types: 370
  Grand Total: 10278

[166/176] Processing: PLANT_NDEMAND_1_192_288.dat
  False Negatives: 770
  False Positives: 3829
  False Types: 18
  Grand Total: 4617

[167/176] Processing: POTENTIAL_IMMOB_1_192_288.dat
  False Negatives: 1187
  False Positives: 3645
  False Types: 83
  Grand Total: 4915

[168/176] Processing: PROD100C_1_192_288.dat
  False Negatives: 0
  False Positives: 0
  False Types: 0
  Grand Total: 0

[169/176] Processing: PROD100C_LOSS_1_192_288.dat
  False Negatives: 0
  False Positives: 0
  False Types: 0
  Grand Total: 0

[170/176] Processing: PROD100N_1_192_288.dat
  False Negatives: 0
  False Positives: 0
  False Types: 0
  Grand Total: 0

[171/176] Processing: PROD100N_LOSS_1_192_288.dat
  False Negatives: 0
  False Positives: 0
  False Types: 0
  Grand Total: 0

[172/176] Processing: PROD10C_1_192_288.dat
  False Negatives: 0
  False Positives: 0
  False Types: 0
  Grand Total: 0

[173/176] Processing: PROD10C_LOSS_1_192_288.dat
  False Negatives: 0
  False Positives: 0
  False Types: 0
  Grand Total: 0

[174/176] Processing: PROD10N_1_192_288.dat
  False Negatives: 0
  False Positives: 0
  False Types: 0
  Grand Total: 0

[175/176] Processing: topo_192_288.dat
  False Negatives: 0
  False Positives: 0
  False Types: 0
  Grand Total: 0

[176/176] Processing: topodnsc_192_288.dat
  False Negatives: 0
  False Positives: 0
  False Types: 0
  Grand Total: 0

=== Summary ===
Total files processed: 176
Total files failed: 0
Total false cases across all files: 1110697
Average false cases per file: 6310.77
