Found 130 .dat file(s) to process

[1/130] Processing: aeroiceint001_1_384_320.dat
  False Negatives: 0
  False Positives: 0
  False Types: 0
  Grand Total: 0

[2/130] Processing: aeroiceint002_1_384_320.dat
  False Negatives: 0
  False Positives: 0
  False Types: 0
  Grand Total: 0

[3/130] Processing: aeroiceint003_1_384_320.dat
  False Negatives: 0
  False Positives: 0
  False Types: 0
  Grand Total: 0

[4/130] Processing: aeroicessl001_1_384_320.dat
  False Negatives: 0
  False Positives: 0
  False Types: 0
  Grand Total: 0

[5/130] Processing: aeroicessl002_1_384_320.dat
  False Negatives: 0
  False Positives: 0
  False Types: 0
  Grand Total: 0

[6/130] Processing: aeroicessl003_1_384_320.dat
  False Negatives: 0
  False Positives: 0
  False Types: 0
  Grand Total: 0

[7/130] Processing: aerosnoint001_1_384_320.dat
  False Negatives: 0
  False Positives: 0
  False Types: 0
  Grand Total: 0

[8/130] Processing: aerosnoint002_1_384_320.dat
  False Negatives: 0
  False Positives: 0
  False Types: 0
  Grand Total: 0

[9/130] Processing: aerosnoint003_1_384_320.dat
  False Negatives: 33
  False Positives: 0
  False Types: 0
  Grand Total: 33

[10/130] Processing: aerosnossl001_1_384_320.dat
  False Negatives: 0
  False Positives: 0
  False Types: 0
  Grand Total: 0

[11/130] Processing: aerosnossl002_1_384_320.dat
  False Negatives: 0
  False Positives: 0
  False Types: 0
  Grand Total: 0

[12/130] Processing: aerosnossl003_1_384_320.dat
  False Negatives: 90
  False Positives: 0
  False Types: 0
  Grand Total: 90

[13/130] Processing: aice_1_384_320.dat
  False Negatives: 81
  False Positives: 4434
  False Types: 8
  Grand Total: 4523

[14/130] Processing: aicen001_1_384_320.dat
  False Negatives: 26
  False Positives: 4460
  False Types: 2
  Grand Total: 4488

[15/130] Processing: aicen002_1_384_320.dat
  False Negatives: 13
  False Positives: 4374
  False Types: 1
  Grand Total: 4388

[16/130] Processing: aicen003_1_384_320.dat
  False Negatives: 14
  False Positives: 4152
  False Types: 0
  Grand Total: 4166

[17/130] Processing: aicen004_1_384_320.dat
  False Negatives: 10
  False Positives: 4182
  False Types: 0
  Grand Total: 4192

[18/130] Processing: aicen005_1_384_320.dat
  False Negatives: 15
  False Positives: 4116
  False Types: 0
  Grand Total: 4131

[19/130] Processing: aisnap_1_384_320.dat
  False Negatives: 187
  False Positives: 4234
  False Types: 23
  Grand Total: 4444

[20/130] Processing: albice_1_384_320.dat
  False Negatives: 142
  False Positives: 2447
  False Types: 13
  Grand Total: 2602

[21/130] Processing: albpnd_1_384_320.dat
  False Negatives: 105
  False Positives: 2085
  False Types: 8
  Grand Total: 2198

[22/130] Processing: albsno_1_384_320.dat
  False Negatives: 22
  False Positives: 2436
  False Types: 1
  Grand Total: 2459

[23/130] Processing: alidr_1_384_320.dat
  False Negatives: 48
  False Positives: 2706
  False Types: 3
  Grand Total: 2757

[24/130] Processing: alvdr_1_384_320.dat
  False Negatives: 64
  False Positives: 2694
  False Types: 5
  Grand Total: 2763

[25/130] Processing: ANGLE_384_320.dat
  False Negatives: 0
  False Positives: 164
  False Types: 0
  Grand Total: 164

[26/130] Processing: ANGLET_384_320.dat
  False Negatives: 0
  False Positives: 150
  False Types: 0
  Grand Total: 150

[27/130] Processing: apond001_1_384_320.dat
  False Negatives: 27
  False Positives: 5591
  False Types: 5
  Grand Total: 5623

[28/130] Processing: apond002_1_384_320.dat
  False Negatives: 34
  False Positives: 8362
  False Types: 0
  Grand Total: 8396

[29/130] Processing: apond003_1_384_320.dat
  False Negatives: 36
  False Positives: 7922
  False Types: 1
  Grand Total: 7959

[30/130] Processing: apond004_1_384_320.dat
  False Negatives: 34
  False Positives: 6948
  False Types: 2
  Grand Total: 6984

[31/130] Processing: apond005_1_384_320.dat
  False Negatives: 23
  False Positives: 5891
  False Types: 0
  Grand Total: 5914

[32/130] Processing: congel_1_384_320.dat
  False Negatives: 36
  False Positives: 3262
  False Types: 2
  Grand Total: 3300

[33/130] Processing: coszen_1_384_320.dat
  False Negatives: 171
  False Positives: 6296
  False Types: 0
  Grand Total: 6467

[34/130] Processing: daidtd_1_384_320.dat
  False Negatives: 166
  False Positives: 14672
  False Types: 9
  Grand Total: 14847

[35/130] Processing: daidtt_1_384_320.dat
  False Negatives: 102
  False Positives: 13607
  False Types: 8
  Grand Total: 13717

[36/130] Processing: dardg1dt_1_384_320.dat
  False Negatives: 90
  False Positives: 4134
  False Types: 6
  Grand Total: 4230

[37/130] Processing: dardg2dt_1_384_320.dat
  False Negatives: 210
  False Positives: 3704
  False Types: 17
  Grand Total: 3931

[38/130] Processing: divu_1_384_320.dat
  False Negatives: 304
  False Positives: 13515
  False Types: 24
  Grand Total: 13843

[39/130] Processing: dvidtd_1_384_320.dat
  False Negatives: 125
  False Positives: 12717
  False Types: 10
  Grand Total: 12852

[40/130] Processing: dvidtt_1_384_320.dat
  False Negatives: 74
  False Positives: 14205
  False Types: 7
  Grand Total: 14286

[41/130] Processing: dvirdgdt_1_384_320.dat
  False Negatives: 125
  False Positives: 3858
  False Types: 6
  Grand Total: 3989

[42/130] Processing: dxt_384_320.dat
  False Negatives: 0
  False Positives: 0
  False Types: 0
  Grand Total: 0

[43/130] Processing: dxu_384_320.dat
  False Negatives: 0
  False Positives: 0
  False Types: 0
  Grand Total: 0

[44/130] Processing: dyt_384_320.dat
  False Negatives: 0
  False Positives: 70
  False Types: 0
  Grand Total: 70

[45/130] Processing: dyu_384_320.dat
  False Negatives: 1
  False Positives: 265
  False Types: 1
  Grand Total: 267

[46/130] Processing: evap_1_384_320.dat
  False Negatives: 546
  False Positives: 13787
  False Types: 51
  Grand Total: 14384

[47/130] Processing: evap_ai_1_384_320.dat
  False Negatives: 553
  False Positives: 13402
  False Types: 38
  Grand Total: 13993

[48/130] Processing: faero_atm001_1_384_320.dat
  False Negatives: 0
  False Positives: 0
  False Types: 0
  Grand Total: 0

[49/130] Processing: faero_atm002_1_384_320.dat
  False Negatives: 0
  False Positives: 0
  False Types: 0
  Grand Total: 0

[50/130] Processing: faero_atm003_1_384_320.dat
  False Negatives: 0
  False Positives: 0
  False Types: 0
  Grand Total: 0

[51/130] Processing: faero_ocn001_1_384_320.dat
  False Negatives: 0
  False Positives: 0
  False Types: 0
  Grand Total: 0

[52/130] Processing: faero_ocn002_1_384_320.dat
  False Negatives: 0
  False Positives: 0
  False Types: 0
  Grand Total: 0

[53/130] Processing: faero_ocn003_1_384_320.dat
  False Negatives: 0
  False Positives: 0
  False Types: 0
  Grand Total: 0

[54/130] Processing: fcondtop_ai_1_384_320.dat
  False Negatives: 125
  False Positives: 13063
  False Types: 9
  Grand Total: 13197

[55/130] Processing: fhocn_1_384_320.dat
  False Negatives: 335
  False Positives: 13496
  False Types: 31
  Grand Total: 13862

[56/130] Processing: fhocn_ai_1_384_320.dat
  False Negatives: 175
  False Positives: 13443
  False Types: 19
  Grand Total: 13637

[57/130] Processing: flat_1_384_320.dat
  False Negatives: 53
  False Positives: 14048
  False Types: 3
  Grand Total: 14104

[58/130] Processing: flat_ai_1_384_320.dat
  False Negatives: 114
  False Positives: 14183
  False Types: 8
  Grand Total: 14305

[59/130] Processing: flwdn_1_384_320.dat
  False Negatives: 698
  False Positives: 15958
  False Types: 25
  Grand Total: 16681

[60/130] Processing: flwup_1_384_320.dat
  False Negatives: 21
  False Positives: 13690
  False Types: 0
  Grand Total: 13711

[61/130] Processing: flwup_ai_1_384_320.dat
  False Negatives: 23
  False Positives: 13918
  False Types: 1
  Grand Total: 13942

[62/130] Processing: frazil_1_384_320.dat
  False Negatives: 45
  False Positives: 3194
  False Types: 3
  Grand Total: 3242

[63/130] Processing: fresh_1_384_320.dat
  False Negatives: 29
  False Positives: 14186
  False Types: 0
  Grand Total: 14215

[64/130] Processing: fresh_ai_1_384_320.dat
  False Negatives: 76
  False Positives: 4305
  False Types: 3
  Grand Total: 4384

[65/130] Processing: fs_1_384_320.dat
  False Negatives: 101
  False Positives: 4128
  False Types: 10
  Grand Total: 4239

[66/130] Processing: fsalt_1_384_320.dat
  False Negatives: 159
  False Positives: 14700
  False Types: 14
  Grand Total: 14873

[67/130] Processing: fsalt_ai_1_384_320.dat
  False Negatives: 229
  False Positives: 4157
  False Types: 21
  Grand Total: 4407

[68/130] Processing: fsens_1_384_320.dat
  False Negatives: 44
  False Positives: 14750
  False Types: 0
  Grand Total: 14794

[69/130] Processing: fsens_ai_1_384_320.dat
  False Negatives: 99
  False Positives: 13622
  False Types: 4
  Grand Total: 13725

[70/130] Processing: fsurf_ai_1_384_320.dat
  False Negatives: 73
  False Positives: 13264
  False Types: 5
  Grand Total: 13342

[71/130] Processing: fswabs_1_384_320.dat
  False Negatives: 22
  False Positives: 2693
  False Types: 0
  Grand Total: 2715

[72/130] Processing: fswabs_ai_1_384_320.dat
  False Negatives: 14
  False Positives: 2424
  False Types: 0
  Grand Total: 2438

[73/130] Processing: fswdn_1_384_320.dat
  False Negatives: 722
  False Positives: 17495
  False Types: 26
  Grand Total: 18243

[74/130] Processing: fswfac_1_384_320.dat
  False Negatives: 64
  False Positives: 12841
  False Types: 2
  Grand Total: 12907

[75/130] Processing: fswthru_1_384_320.dat
  False Negatives: 10
  False Positives: 2557
  False Types: 0
  Grand Total: 2567

[76/130] Processing: fswthru_ai_1_384_320.dat
  False Negatives: 21
  False Positives: 2320
  False Types: 0
  Grand Total: 2341

[77/130] Processing: fswup_1_384_320.dat
  False Negatives: 739
  False Positives: 17484
  False Types: 25
  Grand Total: 18248

[78/130] Processing: FYarea_1_384_320.dat
  False Negatives: 121
  False Positives: 4172
  False Types: 18
  Grand Total: 4311

[79/130] Processing: hi_1_384_320.dat
  False Negatives: 24
  False Positives: 4127
  False Types: 1
  Grand Total: 4152

[80/130] Processing: hisnap_1_384_320.dat
  False Negatives: 31
  False Positives: 4234
  False Types: 1
  Grand Total: 4266

[81/130] Processing: hs_1_384_320.dat
  False Negatives: 57
  False Positives: 3691
  False Types: 2
  Grand Total: 3750

[82/130] Processing: HTE_384_320.dat
  False Negatives: 1
  False Positives: 75
  False Types: 0
  Grand Total: 76

[83/130] Processing: HTN_384_320.dat
  False Negatives: 0
  False Positives: 0
  False Types: 0
  Grand Total: 0

[84/130] Processing: iage_1_384_320.dat
  False Negatives: 87
  False Positives: 4135
  False Types: 6
  Grand Total: 4228

[85/130] Processing: ice_present_1_384_320.dat
  False Negatives: 0
  False Positives: 3645
  False Types: 0
  Grand Total: 3645

[86/130] Processing: meltb_1_384_320.dat
  False Negatives: 307
  False Positives: 3788
  False Types: 25
  Grand Total: 4120

[87/130] Processing: meltl_1_384_320.dat
  False Negatives: 365
  False Positives: 2045
  False Types: 11
  Grand Total: 2421

[88/130] Processing: melts_1_384_320.dat
  False Negatives: 48
  False Positives: 2695
  False Types: 1
  Grand Total: 2744

[89/130] Processing: meltt_1_384_320.dat
  False Negatives: 102
  False Positives: 684
  False Types: 4
  Grand Total: 790

[90/130] Processing: opening_1_384_320.dat
  False Negatives: 21
  False Positives: 4543
  False Types: 0
  Grand Total: 4564

[91/130] Processing: qi_1_384_320.dat
  False Negatives: 124
  False Positives: 13188
  False Types: 10
  Grand Total: 13322

[92/130] Processing: Qref_1_384_320.dat
  False Negatives: 196
  False Positives: 13026
  False Types: 12
  Grand Total: 13234

[93/130] Processing: qs_1_384_320.dat
  False Negatives: 146
  False Positives: 12209
  False Types: 9
  Grand Total: 12364

[94/130] Processing: rain_1_384_320.dat
  False Negatives: 1045
  False Positives: 16928
  False Types: 62
  Grand Total: 18035

[95/130] Processing: rain_ai_1_384_320.dat
  False Negatives: 376
  False Positives: 3486
  False Types: 17
  Grand Total: 3879

[96/130] Processing: shear_1_384_320.dat
  False Negatives: 17
  False Positives: 4517
  False Types: 0
  Grand Total: 4534

[97/130] Processing: sig1_1_384_320.dat
  False Negatives: 114
  False Positives: 4539
  False Types: 7
  Grand Total: 4660

[98/130] Processing: sig2_1_384_320.dat
  False Negatives: 59
  False Positives: 4623
  False Types: 0
  Grand Total: 4682

[99/130] Processing: snoice_1_384_320.dat
  False Negatives: 199
  False Positives: 3046
  False Types: 13
  Grand Total: 3258

[100/130] Processing: snow_1_384_320.dat
  False Negatives: 817
  False Positives: 6119
  False Types: 38
  Grand Total: 6974

[101/130] Processing: snow_ai_1_384_320.dat
  False Negatives: 121
  False Positives: 3957
  False Types: 6
  Grand Total: 4084

[102/130] Processing: strairx_1_384_320.dat
  False Negatives: 129
  False Positives: 13335
  False Types: 16
  Grand Total: 13480

[103/130] Processing: strairy_1_384_320.dat
  False Negatives: 168
  False Positives: 14419
  False Types: 8
  Grand Total: 14595

[104/130] Processing: strcorx_1_384_320.dat
  False Negatives: 372
  False Positives: 11703
  False Types: 32
  Grand Total: 12107

[105/130] Processing: strcory_1_384_320.dat
  False Negatives: 237
  False Positives: 11725
  False Types: 18
  Grand Total: 11980

[106/130] Processing: strength_1_384_320.dat
  False Negatives: 20
  False Positives: 4237
  False Types: 2
  Grand Total: 4259

[107/130] Processing: strintx_1_384_320.dat
  False Negatives: 451
  False Positives: 13727
  False Types: 54
  Grand Total: 14232

[108/130] Processing: strinty_1_384_320.dat
  False Negatives: 410
  False Positives: 13233
  False Types: 42
  Grand Total: 13685

[109/130] Processing: strocnx_1_384_320.dat
  False Negatives: 181
  False Positives: 13056
  False Types: 20
  Grand Total: 13257

[110/130] Processing: strocny_1_384_320.dat
  False Negatives: 215
  False Positives: 13887
  False Types: 12
  Grand Total: 14114

[111/130] Processing: Tair_1_384_320.dat
  False Negatives: 327
  False Positives: 12677
  False Types: 42
  Grand Total: 13046

[112/130] Processing: tarea_384_320.dat
  False Negatives: 0
  False Positives: 21
  False Types: 0
  Grand Total: 21

[113/130] Processing: TLAT_384_320.dat
  False Negatives: 1
  False Positives: 1
  False Types: 0
  Grand Total: 2

[114/130] Processing: TLON_384_320.dat
  False Negatives: 0
  False Positives: 232
  False Types: 0
  Grand Total: 232

[115/130] Processing: tmask_384_320.dat
  False Negatives: 0
  False Positives: 0
  False Types: 0
  Grand Total: 0

[116/130] Processing: transix_1_384_320.dat
  False Negatives: 63
  False Positives: 13703
  False Types: 4
  Grand Total: 13770

[117/130] Processing: transiy_1_384_320.dat
  False Negatives: 104
  False Positives: 13423
  False Types: 8
  Grand Total: 13535

[118/130] Processing: Tref_1_384_320.dat
  False Negatives: 350
  False Positives: 12982
  False Types: 43
  Grand Total: 13375

[119/130] Processing: trsig_1_384_320.dat
  False Negatives: 142
  False Positives: 13227
  False Types: 13
  Grand Total: 13382

[120/130] Processing: Tsfc_1_384_320.dat
  False Negatives: 59
  False Positives: 14117
  False Types: 3
  Grand Total: 14179

[121/130] Processing: uarea_384_320.dat
  False Negatives: 1
  False Positives: 22
  False Types: 0
  Grand Total: 23

[122/130] Processing: ULAT_384_320.dat
  False Negatives: 0
  False Positives: 0
  False Types: 0
  Grand Total: 0

[123/130] Processing: ULON_384_320.dat
  False Negatives: 1
  False Positives: 245
  False Types: 0
  Grand Total: 246

[124/130] Processing: uvel_1_384_320.dat
  False Negatives: 41
  False Positives: 14735
  False Types: 1
  Grand Total: 14777

[125/130] Processing: vicen001_1_384_320.dat
  False Negatives: 112
  False Positives: 3932
  False Types: 10
  Grand Total: 4054

[126/130] Processing: vicen002_1_384_320.dat
  False Negatives: 68
  False Positives: 3566
  False Types: 5
  Grand Total: 3639

[127/130] Processing: vicen003_1_384_320.dat
  False Negatives: 60
  False Positives: 3439
  False Types: 4
  Grand Total: 3503

[128/130] Processing: vicen004_1_384_320.dat
  False Negatives: 59
  False Positives: 3622
  False Types: 4
  Grand Total: 3685

[129/130] Processing: vicen005_1_384_320.dat
  False Negatives: 45
  False Positives: 3697
  False Types: 4
  Grand Total: 3746

[130/130] Processing: vvel_1_384_320.dat
  False Negatives: 46
  False Positives: 13358
  False Types: 4
  Grand Total: 13408

=== Summary ===
Total files processed: 130
Total files failed: 0
Total false cases across all files: 827144
Average false cases per file: 6362.64
