Input directory: /lcrc/project/ECP-EZ/tripti/CESM-LAND-MODELS/4/log_normalized
Output directory: /lcrc/project/ECP-EZ/tripti/CESM-LAND-MODELS/4/log_normalized/ZFP_1e-4
Dimensions: 192x288
Error bound: 1E-4

Found 176 .dat file(s) to process

[1/176] Processing: ACTUAL_IMMOB_1_192_288.dat
type=float nx=192 ny=288 nz=1 nw=1 raw=221184 zfp=68448 ratio=3.23 rate=9.903 rmse=3.665e-09 nrmse=3.665e-09 maxe=3.308e-08 psnr=162.70
compressionTime = 0.001427
decompressionTime = 0.000834
  ✓ Compression successful (ratio: 3.23x)

[2/176] Processing: AGNPP_1_192_288.dat
type=float nx=192 ny=288 nz=1 nw=1 raw=221184 zfp=68448 ratio=3.23 rate=9.903 rmse=7.496e-08 nrmse=7.496e-08 maxe=1.655e-06 psnr=136.48
compressionTime = 0.001509
decompressionTime = 0.000821
  ✓ Compression successful (ratio: 3.23x)

[3/176] Processing: ANN_FAREA_BURNED_1_192_288.dat
type=float nx=192 ny=288 nz=1 nw=1 raw=221184 zfp=69096 ratio=3.2 rate=9.997 rmse=3.444e-06 nrmse=3.444e-06 maxe=2.801e-05 psnr=103.24
compressionTime = 0.001606
decompressionTime = 0.001304
  ✓ Compression successful (ratio: 3.20x)

[4/176] Processing: AR_1_192_288.dat
type=float nx=192 ny=288 nz=1 nw=1 raw=221184 zfp=68448 ratio=3.23 rate=9.903 rmse=2.294e-07 nrmse=2.294e-07 maxe=1.718e-06 psnr=126.77
compressionTime = 0.001377
decompressionTime = 0.000845
  ✓ Compression successful (ratio: 3.23x)

[5/176] Processing: area_192_288.dat
type=float nx=192 ny=288 nz=1 nw=1 raw=221184 zfp=74216 ratio=2.98 rate=10.74 rmse=3.122e-06 nrmse=3.122e-06 maxe=2.188e-05 psnr=104.09
compressionTime = 0.001561
decompressionTime = 0.001344
  ✓ Compression successful (ratio: 2.98x)

[6/176] Processing: areaatm_192_288.dat
type=float nx=192 ny=288 nz=1 nw=1 raw=221184 zfp=70608 ratio=3.13 rate=10.22 rmse=3.089e-06 nrmse=3.089e-06 maxe=2.027e-05 psnr=104.18
compressionTime = 0.001176
decompressionTime = 0.001240
  ✓ Compression successful (ratio: 3.13x)

[7/176] Processing: areaupsc_192_288.dat
type=float nx=192 ny=288 nz=1 nw=1 raw=221184 zfp=74216 ratio=2.98 rate=10.74 rmse=3.122e-06 nrmse=3.122e-06 maxe=2.188e-05 psnr=104.09
compressionTime = 0.001507
decompressionTime = 0.001347
  ✓ Compression successful (ratio: 2.98x)

[8/176] Processing: BCDEP_1_192_288.dat
type=float nx=192 ny=288 nz=1 nw=1 raw=221184 zfp=68448 ratio=3.23 rate=9.903 rmse=0 nrmse=0 maxe=0 psnr=inf
compressionTime = 0.001498
decompressionTime = 0.000777
  ✓ Compression successful (ratio: 3.23x)

[9/176] Processing: BGNPP_1_192_288.dat
type=float nx=192 ny=288 nz=1 nw=1 raw=221184 zfp=68448 ratio=3.23 rate=9.903 rmse=6.24e-08 nrmse=6.24e-08 maxe=1.759e-06 psnr=138.08
compressionTime = 0.001667
decompressionTime = 0.000905
  ✓ Compression successful (ratio: 3.23x)

[10/176] Processing: BTRAN_1_192_288.dat
type=float nx=192 ny=288 nz=1 nw=1 raw=221184 zfp=75184 ratio=2.94 rate=10.88 rmse=3.791e-06 nrmse=3.791e-06 maxe=3.171e-05 psnr=102.40
compressionTime = 0.001460
decompressionTime = 0.001290
  ✓ Compression successful (ratio: 2.94x)

[11/176] Processing: BUILDHEAT_1_192_288.dat
type=float nx=192 ny=288 nz=1 nw=1 raw=221184 zfp=71960 ratio=3.07 rate=10.41 rmse=3.581e-06 nrmse=3.581e-06 maxe=2.613e-05 psnr=102.90
compressionTime = 0.001469
decompressionTime = 0.001233
  ✓ Compression successful (ratio: 3.07x)

[12/176] Processing: COL_CTRUNC_1_192_288.dat
type=float nx=192 ny=288 nz=1 nw=1 raw=221184 zfp=68536 ratio=3.23 rate=9.916 rmse=9.255e-07 nrmse=9.255e-07 maxe=1.917e-05 psnr=114.65
compressionTime = 0.001307
decompressionTime = 0.000818
  ✓ Compression successful (ratio: 3.22x)

[13/176] Processing: COL_FIRE_CLOSS_1_192_288.dat
type=float nx=192 ny=288 nz=1 nw=1 raw=221184 zfp=68448 ratio=3.23 rate=9.903 rmse=7.032e-09 nrmse=7.032e-09 maxe=2.502e-07 psnr=157.04
compressionTime = 0.001348
decompressionTime = 0.000844
  ✓ Compression successful (ratio: 3.23x)

[14/176] Processing: COL_FIRE_NLOSS_1_192_288.dat
type=float nx=192 ny=288 nz=1 nw=1 raw=221184 zfp=68448 ratio=3.23 rate=9.903 rmse=9.071e-11 nrmse=9.071e-11 maxe=2.876e-09 psnr=194.83
compressionTime = 0.001402
decompressionTime = 0.000874
  ✓ Compression successful (ratio: 3.23x)

[15/176] Processing: COL_NTRUNC_1_192_288.dat
type=float nx=192 ny=288 nz=1 nw=1 raw=221184 zfp=69000 ratio=3.21 rate=9.983 rmse=1.42e-06 nrmse=1.42e-06 maxe=2.17e-05 psnr=110.94
compressionTime = 0.001432
decompressionTime = 0.000857
  ✓ Compression successful (ratio: 3.20x)

[16/176] Processing: CPOOL_1_192_288.dat
type=float nx=192 ny=288 nz=1 nw=1 raw=221184 zfp=68448 ratio=3.23 rate=9.903 rmse=0 nrmse=0 maxe=0 psnr=inf
compressionTime = 0.001386
decompressionTime = 0.000876
  ✓ Compression successful (ratio: 3.23x)

[17/176] Processing: CWDC_1_192_288.dat
type=float nx=192 ny=288 nz=1 nw=1 raw=221184 zfp=78616 ratio=2.81 rate=11.37 rmse=3.716e-06 nrmse=3.716e-06 maxe=2.84e-05 psnr=102.58
compressionTime = 0.001452
decompressionTime = 0.001386
  ✓ Compression successful (ratio: 2.81x)

[18/176] Processing: CWDC_HR_1_192_288.dat
type=float nx=192 ny=288 nz=1 nw=1 raw=221184 zfp=68448 ratio=3.23 rate=9.903 rmse=0 nrmse=0 maxe=0 psnr=inf
compressionTime = 0.001379
decompressionTime = 0.000814
  ✓ Compression successful (ratio: 3.23x)

[19/176] Processing: CWDC_LOSS_1_192_288.dat
type=float nx=192 ny=288 nz=1 nw=1 raw=221184 zfp=68448 ratio=3.23 rate=9.903 rmse=4.676e-08 nrmse=4.676e-08 maxe=4.587e-07 psnr=140.58
compressionTime = 0.001451
decompressionTime = 0.000842
  ✓ Compression successful (ratio: 3.23x)

[20/176] Processing: CWDN_1_192_288.dat
type=float nx=192 ny=288 nz=1 nw=1 raw=221184 zfp=76224 ratio=2.9 rate=11.03 rmse=3.702e-06 nrmse=3.702e-06 maxe=2.36e-05 psnr=102.61
compressionTime = 0.001540
decompressionTime = 0.001192
  ✓ Compression successful (ratio: 2.90x)

[21/176] Processing: DEADCROOTC_1_192_288.dat
type=float nx=192 ny=288 nz=1 nw=1 raw=221184 zfp=78632 ratio=2.81 rate=11.38 rmse=3.714e-06 nrmse=3.714e-06 maxe=2.432e-05 psnr=102.58
compressionTime = 0.001546
decompressionTime = 0.001536
  ✓ Compression successful (ratio: 2.81x)

[22/176] Processing: DEADCROOTN_1_192_288.dat
type=float nx=192 ny=288 nz=1 nw=1 raw=221184 zfp=76320 ratio=2.9 rate=11.04 rmse=3.71e-06 nrmse=3.71e-06 maxe=2.716e-05 psnr=102.59
compressionTime = 0.001401
decompressionTime = 0.001232
  ✓ Compression successful (ratio: 2.89x)

[23/176] Processing: DEADSTEMC_1_192_288.dat
type=float nx=192 ny=288 nz=1 nw=1 raw=221184 zfp=78640 ratio=2.81 rate=11.38 rmse=3.745e-06 nrmse=3.745e-06 maxe=2.67e-05 psnr=102.51
compressionTime = 0.001561
decompressionTime = 0.001413
  ✓ Compression successful (ratio: 2.81x)

[24/176] Processing: DEADSTEMN_1_192_288.dat
type=float nx=192 ny=288 nz=1 nw=1 raw=221184 zfp=77144 ratio=2.87 rate=11.16 rmse=3.707e-06 nrmse=3.707e-06 maxe=2.766e-05 psnr=102.60
compressionTime = 0.001673
decompressionTime = 0.001303
  ✓ Compression successful (ratio: 2.86x)

[25/176] Processing: DENIT_1_192_288.dat
type=float nx=192 ny=288 nz=1 nw=1 raw=221184 zfp=68448 ratio=3.23 rate=9.903 rmse=2.874e-10 nrmse=2.874e-10 maxe=4.314e-09 psnr=184.81
compressionTime = 0.001399
decompressionTime = 0.000735
  ✓ Compression successful (ratio: 3.23x)

[26/176] Processing: DISPVEGC_1_192_288.dat
type=float nx=192 ny=288 nz=1 nw=1 raw=221184 zfp=78880 ratio=2.8 rate=11.41 rmse=3.791e-06 nrmse=3.791e-06 maxe=2.503e-05 psnr=102.40
compressionTime = 0.001484
decompressionTime = 0.001273
  ✓ Compression successful (ratio: 2.80x)

[27/176] Processing: DISPVEGN_1_192_288.dat
type=float nx=192 ny=288 nz=1 nw=1 raw=221184 zfp=77872 ratio=2.84 rate=11.27 rmse=3.804e-06 nrmse=3.804e-06 maxe=2.646e-05 psnr=102.37
compressionTime = 0.001480
decompressionTime = 0.001229
  ✓ Compression successful (ratio: 2.84x)

[28/176] Processing: DSTDEP_1_192_288.dat
type=float nx=192 ny=288 nz=1 nw=1 raw=221184 zfp=68448 ratio=3.23 rate=9.903 rmse=0 nrmse=0 maxe=0 psnr=inf
compressionTime = 0.001449
decompressionTime = 0.000770
  ✓ Compression successful (ratio: 3.23x)

[29/176] Processing: DSTFLXT_1_192_288.dat
type=float nx=192 ny=288 nz=1 nw=1 raw=221184 zfp=68448 ratio=3.23 rate=9.903 rmse=3.892e-10 nrmse=3.892e-10 maxe=4.602e-08 psnr=182.17
compressionTime = 0.001397
decompressionTime = 0.000758
  ✓ Compression successful (ratio: 3.23x)

[30/176] Processing: DWT_CLOSS_1_192_288.dat
type=float nx=192 ny=288 nz=1 nw=1 raw=221184 zfp=68448 ratio=3.23 rate=9.903 rmse=0 nrmse=0 maxe=0 psnr=inf
compressionTime = 0.001435
decompressionTime = 0.000942
  ✓ Compression successful (ratio: 3.23x)

[31/176] Processing: DWT_CONV_CFLUX_1_192_288.dat
type=float nx=192 ny=288 nz=1 nw=1 raw=221184 zfp=68448 ratio=3.23 rate=9.903 rmse=0 nrmse=0 maxe=0 psnr=inf
compressionTime = 0.001471
decompressionTime = 0.000801
  ✓ Compression successful (ratio: 3.23x)

[32/176] Processing: DWT_CONV_NFLUX_1_192_288.dat
type=float nx=192 ny=288 nz=1 nw=1 raw=221184 zfp=68448 ratio=3.23 rate=9.903 rmse=0 nrmse=0 maxe=0 psnr=inf
compressionTime = 0.001423
decompressionTime = 0.000861
  ✓ Compression successful (ratio: 3.23x)

[33/176] Processing: DWT_NLOSS_1_192_288.dat
type=float nx=192 ny=288 nz=1 nw=1 raw=221184 zfp=68448 ratio=3.23 rate=9.903 rmse=0 nrmse=0 maxe=0 psnr=inf
compressionTime = 0.001425
decompressionTime = 0.000755
  ✓ Compression successful (ratio: 3.23x)

[34/176] Processing: DWT_PROD100C_GAIN_1_192_288.dat
type=float nx=192 ny=288 nz=1 nw=1 raw=221184 zfp=68448 ratio=3.23 rate=9.903 rmse=0 nrmse=0 maxe=0 psnr=inf
compressionTime = 0.001439
decompressionTime = 0.000992
  ✓ Compression successful (ratio: 3.23x)

[35/176] Processing: DWT_PROD100N_GAIN_1_192_288.dat
type=float nx=192 ny=288 nz=1 nw=1 raw=221184 zfp=68448 ratio=3.23 rate=9.903 rmse=0 nrmse=0 maxe=0 psnr=inf
compressionTime = 0.001373
decompressionTime = 0.000834
  ✓ Compression successful (ratio: 3.23x)

[36/176] Processing: DWT_PROD10C_GAIN_1_192_288.dat
type=float nx=192 ny=288 nz=1 nw=1 raw=221184 zfp=68448 ratio=3.23 rate=9.903 rmse=0 nrmse=0 maxe=0 psnr=inf
compressionTime = 0.001347
decompressionTime = 0.000886
  ✓ Compression successful (ratio: 3.23x)

[37/176] Processing: DWT_PROD10N_GAIN_1_192_288.dat
type=float nx=192 ny=288 nz=1 nw=1 raw=221184 zfp=68448 ratio=3.23 rate=9.903 rmse=0 nrmse=0 maxe=0 psnr=inf
compressionTime = 0.001406
decompressionTime = 0.000758
  ✓ Compression successful (ratio: 3.23x)

[38/176] Processing: DWT_SEEDC_TO_DEADSTEM_1_192_288.dat
type=float nx=192 ny=288 nz=1 nw=1 raw=221184 zfp=68448 ratio=3.23 rate=9.903 rmse=0 nrmse=0 maxe=0 psnr=inf
compressionTime = 0.001377
decompressionTime = 0.000730
  ✓ Compression successful (ratio: 3.23x)

[39/176] Processing: DWT_SEEDC_TO_LEAF_1_192_288.dat
type=float nx=192 ny=288 nz=1 nw=1 raw=221184 zfp=68448 ratio=3.23 rate=9.903 rmse=0 nrmse=0 maxe=0 psnr=inf
compressionTime = 0.001421
decompressionTime = 0.000752
  ✓ Compression successful (ratio: 3.23x)

[40/176] Processing: DWT_SEEDN_TO_DEADSTEM_1_192_288.dat
type=float nx=192 ny=288 nz=1 nw=1 raw=221184 zfp=68448 ratio=3.23 rate=9.903 rmse=0 nrmse=0 maxe=0 psnr=inf
compressionTime = 0.001343
decompressionTime = 0.000752
  ✓ Compression successful (ratio: 3.23x)

[41/176] Processing: DWT_SEEDN_TO_LEAF_1_192_288.dat
type=float nx=192 ny=288 nz=1 nw=1 raw=221184 zfp=68448 ratio=3.23 rate=9.903 rmse=0 nrmse=0 maxe=0 psnr=inf
compressionTime = 0.001401
decompressionTime = 0.000898
  ✓ Compression successful (ratio: 3.23x)

[42/176] Processing: EFLX_DYNBAL_1_192_288.dat
type=float nx=192 ny=288 nz=1 nw=1 raw=221184 zfp=68448 ratio=3.23 rate=9.903 rmse=0 nrmse=0 maxe=0 psnr=inf
compressionTime = 0.001431
decompressionTime = 0.000777
  ✓ Compression successful (ratio: 3.23x)

[43/176] Processing: EFLX_LH_TOT_R_1_192_288.dat
type=float nx=192 ny=288 nz=1 nw=1 raw=221184 zfp=74480 ratio=2.97 rate=10.78 rmse=3.964e-06 nrmse=3.964e-06 maxe=2.503e-05 psnr=102.02
compressionTime = 0.001862
decompressionTime = 0.001510
  ✓ Compression successful (ratio: 2.96x)

[44/176] Processing: EFLX_LH_TOT_U_1_192_288.dat
type=float nx=192 ny=288 nz=1 nw=1 raw=221184 zfp=57032 ratio=3.88 rate=8.251 rmse=3.055e-06 nrmse=3.055e-06 maxe=2.599e-05 psnr=104.28
compressionTime = 0.001857
decompressionTime = 0.001199
  ✓ Compression successful (ratio: 3.87x)

[45/176] Processing: ELAI_1_192_288.dat
type=float nx=192 ny=288 nz=1 nw=1 raw=221184 zfp=76904 ratio=2.88 rate=11.13 rmse=3.74e-06 nrmse=3.74e-06 maxe=2.384e-05 psnr=102.52
compressionTime = 0.001474
decompressionTime = 0.001235
  ✓ Compression successful (ratio: 2.87x)

[46/176] Processing: ER_1_192_288.dat
type=float nx=192 ny=288 nz=1 nw=1 raw=221184 zfp=68448 ratio=3.23 rate=9.903 rmse=3.307e-07 nrmse=3.307e-07 maxe=2.445e-06 psnr=123.59
compressionTime = 0.001343
decompressionTime = 0.000772
  ✓ Compression successful (ratio: 3.23x)

[47/176] Processing: ERRH2O_1_192_288.dat
type=float nx=192 ny=288 nz=1 nw=1 raw=221184 zfp=68448 ratio=3.23 rate=9.903 rmse=0 nrmse=0 maxe=0 psnr=inf
compressionTime = 0.001630
decompressionTime = 0.000895
  ✓ Compression successful (ratio: 3.23x)

[48/176] Processing: ERRSEB_1_192_288.dat
type=float nx=192 ny=288 nz=1 nw=1 raw=221184 zfp=68448 ratio=3.23 rate=9.903 rmse=0 nrmse=0 maxe=0 psnr=inf
compressionTime = 0.001455
decompressionTime = 0.000748
  ✓ Compression successful (ratio: 3.23x)

[49/176] Processing: ERRSOI_1_192_288.dat
type=float nx=192 ny=288 nz=1 nw=1 raw=221184 zfp=68448 ratio=3.23 rate=9.903 rmse=0 nrmse=0 maxe=0 psnr=inf
compressionTime = 0.001433
decompressionTime = 0.000820
  ✓ Compression successful (ratio: 3.23x)

[50/176] Processing: ERRSOL_1_192_288.dat
type=float nx=192 ny=288 nz=1 nw=1 raw=221184 zfp=68448 ratio=3.23 rate=9.903 rmse=0 nrmse=0 maxe=0 psnr=inf
compressionTime = 0.001428
decompressionTime = 0.001010
  ✓ Compression successful (ratio: 3.23x)

[51/176] Processing: ESAI_1_192_288.dat
type=float nx=192 ny=288 nz=1 nw=1 raw=221184 zfp=76368 ratio=2.9 rate=11.05 rmse=3.839e-06 nrmse=3.839e-06 maxe=2.312e-05 psnr=102.30
compressionTime = 0.001418
decompressionTime = 0.001128
  ✓ Compression successful (ratio: 2.89x)

[52/176] Processing: FCEV_1_192_288.dat
type=float nx=192 ny=288 nz=1 nw=1 raw=221184 zfp=77480 ratio=2.85 rate=11.21 rmse=3.96e-06 nrmse=3.96e-06 maxe=2.48e-05 psnr=102.03
compressionTime = 0.001667
decompressionTime = 0.001491
  ✓ Compression successful (ratio: 2.85x)

[53/176] Processing: FCOV_1_192_288.dat
type=float nx=192 ny=288 nz=1 nw=1 raw=221184 zfp=72936 ratio=3.03 rate=10.55 rmse=3.982e-06 nrmse=3.982e-06 maxe=2.48e-05 psnr=101.98
compressionTime = 0.002066
decompressionTime = 0.001296
  ✓ Compression successful (ratio: 3.03x)

[54/176] Processing: FCTR_1_192_288.dat
type=float nx=192 ny=288 nz=1 nw=1 raw=221184 zfp=75688 ratio=2.92 rate=10.95 rmse=3.691e-06 nrmse=3.691e-06 maxe=2.527e-05 psnr=102.64
compressionTime = 0.001439
decompressionTime = 0.001194
  ✓ Compression successful (ratio: 2.92x)

[55/176] Processing: FGEV_1_192_288.dat
type=float nx=192 ny=288 nz=1 nw=1 raw=221184 zfp=84560 ratio=2.62 rate=12.23 rmse=4.435e-06 nrmse=4.435e-06 maxe=2.551e-05 psnr=101.04
compressionTime = 0.001596
decompressionTime = 0.001438
  ✓ Compression successful (ratio: 2.61x)

[56/176] Processing: FGR_1_192_288.dat
type=float nx=192 ny=288 nz=1 nw=1 raw=221184 zfp=80744 ratio=2.74 rate=11.68 rmse=4.469e-06 nrmse=4.469e-06 maxe=2.551e-05 psnr=100.98
compressionTime = 0.001721
decompressionTime = 0.001656
  ✓ Compression successful (ratio: 2.73x)

[57/176] Processing: FGR12_1_192_288.dat
type=float nx=192 ny=288 nz=1 nw=1 raw=221184 zfp=81520 ratio=2.71 rate=11.79 rmse=4.467e-06 nrmse=4.467e-06 maxe=2.623e-05 psnr=100.98
compressionTime = 0.001620
decompressionTime = 0.001498
  ✓ Compression successful (ratio: 2.71x)

[58/176] Processing: FGR_R_1_192_288.dat
type=float nx=192 ny=288 nz=1 nw=1 raw=221184 zfp=72976 ratio=3.03 rate=10.56 rmse=3.979e-06 nrmse=3.979e-06 maxe=2.456e-05 psnr=101.98
compressionTime = 0.001490
decompressionTime = 0.001215
  ✓ Compression successful (ratio: 3.03x)

[59/176] Processing: FGR_U_1_192_288.dat
type=float nx=192 ny=288 nz=1 nw=1 raw=221184 zfp=56416 ratio=3.92 rate=8.162 rmse=3.05e-06 nrmse=3.05e-06 maxe=2.718e-05 psnr=104.29
compressionTime = 0.001433
decompressionTime = 0.001120
  ✓ Compression successful (ratio: 3.92x)

[60/176] Processing: FIRA_1_192_288.dat
type=float nx=192 ny=288 nz=1 nw=1 raw=221184 zfp=83536 ratio=2.65 rate=12.09 rmse=4.475e-06 nrmse=4.475e-06 maxe=2.48e-05 psnr=100.96
compressionTime = 0.001647
decompressionTime = 0.001536
  ✓ Compression successful (ratio: 2.64x)

[61/176] Processing: FIRA_R_1_192_288.dat
type=float nx=192 ny=288 nz=1 nw=1 raw=221184 zfp=74160 ratio=2.98 rate=10.73 rmse=3.975e-06 nrmse=3.975e-06 maxe=2.337e-05 psnr=101.99
compressionTime = 0.001548
decompressionTime = 0.001344
  ✓ Compression successful (ratio: 2.98x)

[62/176] Processing: FIRA_U_1_192_288.dat
type=float nx=192 ny=288 nz=1 nw=1 raw=221184 zfp=56880 ratio=3.89 rate=8.229 rmse=3.079e-06 nrmse=3.079e-06 maxe=2.623e-05 psnr=104.21
compressionTime = 0.001551
decompressionTime = 0.001295
  ✓ Compression successful (ratio: 3.88x)

[63/176] Processing: FIRE_1_192_288.dat
type=float nx=192 ny=288 nz=1 nw=1 raw=221184 zfp=82912 ratio=2.67 rate=12 rmse=4.435e-06 nrmse=4.435e-06 maxe=2.495e-05 psnr=101.04
compressionTime = 0.001598
decompressionTime = 0.001551
  ✓ Compression successful (ratio: 2.66x)

[64/176] Processing: FIRESEASONL_1_192_288.dat
type=float nx=192 ny=288 nz=1 nw=1 raw=221184 zfp=75320 ratio=2.94 rate=10.9 rmse=3.617e-06 nrmse=3.617e-06 maxe=2.4e-05 psnr=102.81
compressionTime = 0.001540
decompressionTime = 0.001281
  ✓ Compression successful (ratio: 2.93x)

[65/176] Processing: FLDS_1_192_288.dat
type=float nx=192 ny=288 nz=1 nw=1 raw=221184 zfp=82752 ratio=2.67 rate=11.97 rmse=4.5e-06 nrmse=4.5e-06 maxe=2.36e-05 psnr=100.91
compressionTime = 0.001661
decompressionTime = 0.001549
  ✓ Compression successful (ratio: 2.67x)

[66/176] Processing: FLUXFM2A_1_192_288.dat
type=float nx=192 ny=288 nz=1 nw=1 raw=221184 zfp=68448 ratio=3.23 rate=9.903 rmse=0 nrmse=0 maxe=0 psnr=inf
compressionTime = 0.001366
decompressionTime = 0.000684
  ✓ Compression successful (ratio: 3.23x)

[67/176] Processing: FLUXFMLND_1_192_288.dat
type=float nx=192 ny=288 nz=1 nw=1 raw=221184 zfp=68448 ratio=3.23 rate=9.903 rmse=0 nrmse=0 maxe=0 psnr=inf
compressionTime = 0.001323
decompressionTime = 0.000702
  ✓ Compression successful (ratio: 3.23x)

[68/176] Processing: FPG_1_192_288.dat
type=float nx=192 ny=288 nz=1 nw=1 raw=221184 zfp=70144 ratio=3.15 rate=10.15 rmse=3.722e-06 nrmse=3.722e-06 maxe=2.743e-05 psnr=102.56
compressionTime = 0.001501
decompressionTime = 0.001196
  ✓ Compression successful (ratio: 3.15x)

[69/176] Processing: FPI_1_192_288.dat
type=float nx=192 ny=288 nz=1 nw=1 raw=221184 zfp=72744 ratio=3.04 rate=10.52 rmse=3.902e-06 nrmse=3.902e-06 maxe=2.371e-05 psnr=102.15
compressionTime = 0.001932
decompressionTime = 0.001420
  ✓ Compression successful (ratio: 3.04x)

[70/176] Processing: FPSN_1_192_288.dat
type=float nx=192 ny=288 nz=1 nw=1 raw=221184 zfp=75248 ratio=2.94 rate=10.89 rmse=3.646e-06 nrmse=3.646e-06 maxe=2.456e-05 psnr=102.74
compressionTime = 0.001484
decompressionTime = 0.001450
  ✓ Compression successful (ratio: 2.93x)

[71/176] Processing: FROOTC_1_192_288.dat
type=float nx=192 ny=288 nz=1 nw=1 raw=221184 zfp=78272 ratio=2.83 rate=11.32 rmse=3.744e-06 nrmse=3.744e-06 maxe=2.551e-05 psnr=102.51
compressionTime = 0.001398
decompressionTime = 0.001210
  ✓ Compression successful (ratio: 2.82x)

[72/176] Processing: FROOTC_ALLOC_1_192_288.dat
type=float nx=192 ny=288 nz=1 nw=1 raw=221184 zfp=68448 ratio=3.23 rate=9.903 rmse=5.317e-08 nrmse=5.317e-08 maxe=1.586e-06 psnr=139.47
compressionTime = 0.001391
decompressionTime = 0.000747
  ✓ Compression successful (ratio: 3.23x)

[73/176] Processing: FROOTC_LOSS_1_192_288.dat
type=float nx=192 ny=288 nz=1 nw=1 raw=221184 zfp=68448 ratio=3.23 rate=9.903 rmse=6.074e-08 nrmse=6.074e-08 maxe=1.622e-06 psnr=138.31
compressionTime = 0.001363
decompressionTime = 0.000841
  ✓ Compression successful (ratio: 3.23x)

[74/176] Processing: FROOTN_1_192_288.dat
type=float nx=192 ny=288 nz=1 nw=1 raw=221184 zfp=77112 ratio=2.87 rate=11.16 rmse=3.782e-06 nrmse=3.782e-06 maxe=3.171e-05 psnr=102.42
compressionTime = 0.001561
decompressionTime = 0.001307
  ✓ Compression successful (ratio: 2.86x)

[75/176] Processing: FSA_1_192_288.dat
type=float nx=192 ny=288 nz=1 nw=1 raw=221184 zfp=82136 ratio=2.69 rate=11.88 rmse=4.21e-06 nrmse=4.21e-06 maxe=2.316e-05 psnr=101.49
compressionTime = 0.001523
decompressionTime = 0.001259
  ✓ Compression successful (ratio: 2.69x)

[76/176] Processing: FSA_R_1_192_288.dat
type=float nx=192 ny=288 nz=1 nw=1 raw=221184 zfp=73128 ratio=3.02 rate=10.58 rmse=3.723e-06 nrmse=3.723e-06 maxe=2.464e-05 psnr=102.56
compressionTime = 0.001575
decompressionTime = 0.001274
  ✓ Compression successful (ratio: 3.02x)

[77/176] Processing: FSAT_1_192_288.dat
type=float nx=192 ny=288 nz=1 nw=1 raw=221184 zfp=71928 ratio=3.08 rate=10.41 rmse=3.97e-06 nrmse=3.97e-06 maxe=2.48e-05 psnr=102.00
compressionTime = 0.001526
decompressionTime = 0.001147
  ✓ Compression successful (ratio: 3.07x)

[78/176] Processing: FSA_U_1_192_288.dat
type=float nx=192 ny=288 nz=1 nw=1 raw=221184 zfp=56720 ratio=3.9 rate=8.206 rmse=3.094e-06 nrmse=3.094e-06 maxe=2.67e-05 psnr=104.17
compressionTime = 0.001646
decompressionTime = 0.001109
  ✓ Compression successful (ratio: 3.89x)

[79/176] Processing: FSDS_1_192_288.dat
type=float nx=192 ny=288 nz=1 nw=1 raw=221184 zfp=80280 ratio=2.76 rate=11.61 rmse=4.234e-06 nrmse=4.234e-06 maxe=2.374e-05 psnr=101.44
compressionTime = 0.001522
decompressionTime = 0.001390
  ✓ Compression successful (ratio: 2.75x)

[80/176] Processing: FSDSND_1_192_288.dat
type=float nx=192 ny=288 nz=1 nw=1 raw=221184 zfp=81648 ratio=2.71 rate=11.81 rmse=4.206e-06 nrmse=4.206e-06 maxe=2.337e-05 psnr=101.50
compressionTime = 0.001647
decompressionTime = 0.001416
  ✓ Compression successful (ratio: 2.70x)

[81/176] Processing: FSDSNDLN_1_192_288.dat
type=float nx=192 ny=288 nz=1 nw=1 raw=221184 zfp=82008 ratio=2.7 rate=11.86 rmse=4.212e-06 nrmse=4.212e-06 maxe=2.813e-05 psnr=101.49
compressionTime = 0.001578
decompressionTime = 0.001403
  ✓ Compression successful (ratio: 2.69x)

[82/176] Processing: FSDSNI_1_192_288.dat
type=float nx=192 ny=288 nz=1 nw=1 raw=221184 zfp=82584 ratio=2.68 rate=11.95 rmse=4.231e-06 nrmse=4.231e-06 maxe=2.456e-05 psnr=101.45
compressionTime = 0.001602
decompressionTime = 0.001452
  ✓ Compression successful (ratio: 2.67x)

[83/176] Processing: FSDSVD_1_192_288.dat
type=float nx=192 ny=288 nz=1 nw=1 raw=221184 zfp=81248 ratio=2.72 rate=11.75 rmse=4.196e-06 nrmse=4.196e-06 maxe=3.171e-05 psnr=101.52
compressionTime = 0.001542
decompressionTime = 0.001333
  ✓ Compression successful (ratio: 2.72x)

[84/176] Processing: FSDSVDLN_1_192_288.dat
type=float nx=192 ny=288 nz=1 nw=1 raw=221184 zfp=81816 ratio=2.7 rate=11.84 rmse=4.225e-06 nrmse=4.225e-06 maxe=2.527e-05 psnr=101.46
compressionTime = 0.001631
decompressionTime = 0.001412
  ✓ Compression successful (ratio: 2.70x)

[85/176] Processing: FSDSVI_1_192_288.dat
type=float nx=192 ny=288 nz=1 nw=1 raw=221184 zfp=81624 ratio=2.71 rate=11.81 rmse=4.253e-06 nrmse=4.253e-06 maxe=2.623e-05 psnr=101.40
compressionTime = 0.001652
decompressionTime = 0.001514
  ✓ Compression successful (ratio: 2.70x)

[86/176] Processing: FSH_1_192_288.dat
type=float nx=192 ny=288 nz=1 nw=1 raw=221184 zfp=82208 ratio=2.69 rate=11.89 rmse=4.491e-06 nrmse=4.491e-06 maxe=2.48e-05 psnr=100.93
compressionTime = 0.001614
decompressionTime = 0.001528
  ✓ Compression successful (ratio: 2.69x)

[87/176] Processing: FSH_G_1_192_288.dat
type=float nx=192 ny=288 nz=1 nw=1 raw=221184 zfp=81640 ratio=2.71 rate=11.81 rmse=4.471e-06 nrmse=4.471e-06 maxe=2.533e-05 psnr=100.97
compressionTime = 0.001602
decompressionTime = 0.001535
  ✓ Compression successful (ratio: 2.70x)

[88/176] Processing: FSH_NODYNLNDUSE_1_192_288.dat
type=float nx=192 ny=288 nz=1 nw=1 raw=221184 zfp=82208 ratio=2.69 rate=11.89 rmse=4.491e-06 nrmse=4.491e-06 maxe=2.48e-05 psnr=100.93
compressionTime = 0.001562
decompressionTime = 0.001357
  ✓ Compression successful (ratio: 2.69x)

[89/176] Processing: FSH_R_1_192_288.dat
type=float nx=192 ny=288 nz=1 nw=1 raw=221184 zfp=73416 ratio=3.01 rate=10.62 rmse=3.989e-06 nrmse=3.989e-06 maxe=2.635e-05 psnr=101.96
compressionTime = 0.001607
decompressionTime = 0.001401
  ✓ Compression successful (ratio: 3.01x)

[90/176] Processing: FSH_U_1_192_288.dat
type=float nx=192 ny=288 nz=1 nw=1 raw=221184 zfp=56832 ratio=3.89 rate=8.222 rmse=3.06e-06 nrmse=3.06e-06 maxe=2.384e-05 psnr=104.27
compressionTime = 0.001517
decompressionTime = 0.001039
  ✓ Compression successful (ratio: 3.89x)

[91/176] Processing: FSH_V_1_192_288.dat
type=float nx=192 ny=288 nz=1 nw=1 raw=221184 zfp=77112 ratio=2.87 rate=11.16 rmse=4.06e-06 nrmse=4.06e-06 maxe=2.503e-05 psnr=101.81
compressionTime = 0.001535
decompressionTime = 0.001409
  ✓ Compression successful (ratio: 2.86x)

[92/176] Processing: FSM_1_192_288.dat
type=float nx=192 ny=288 nz=1 nw=1 raw=221184 zfp=78960 ratio=2.8 rate=11.42 rmse=3.067e-06 nrmse=3.067e-06 maxe=2.257e-05 psnr=104.24
compressionTime = 0.001477
decompressionTime = 0.001075
  ✓ Compression successful (ratio: 2.80x)

[93/176] Processing: FSM_R_1_192_288.dat
type=float nx=192 ny=288 nz=1 nw=1 raw=221184 zfp=70768 ratio=3.13 rate=10.24 rmse=2.52e-06 nrmse=2.52e-06 maxe=2.313e-05 psnr=105.95
compressionTime = 0.001548
decompressionTime = 0.001202
  ✓ Compression successful (ratio: 3.12x)

[94/176] Processing: FSM_U_1_192_288.dat
type=float nx=192 ny=288 nz=1 nw=1 raw=221184 zfp=56232 ratio=3.93 rate=8.135 rmse=1.779e-06 nrmse=1.779e-06 maxe=2.599e-05 psnr=108.98
compressionTime = 0.001519
decompressionTime = 0.000952
  ✓ Compression successful (ratio: 3.93x)

[95/176] Processing: FSNO_1_192_288.dat
type=float nx=192 ny=288 nz=1 nw=1 raw=221184 zfp=73640 ratio=3 rate=10.65 rmse=2.529e-06 nrmse=2.529e-06 maxe=2.496e-05 psnr=105.92
compressionTime = 0.001465
decompressionTime = 0.001060
  ✓ Compression successful (ratio: 3.00x)

[96/176] Processing: FSR_1_192_288.dat
type=float nx=192 ny=288 nz=1 nw=1 raw=221184 zfp=82120 ratio=2.69 rate=11.88 rmse=4.216e-06 nrmse=4.216e-06 maxe=2.599e-05 psnr=101.48
compressionTime = 0.001649
decompressionTime = 0.001483
  ✓ Compression successful (ratio: 2.69x)

[97/176] Processing: FSRND_1_192_288.dat
type=float nx=192 ny=288 nz=1 nw=1 raw=221184 zfp=82592 ratio=2.68 rate=11.95 rmse=4.219e-06 nrmse=4.219e-06 maxe=2.531e-05 psnr=101.48
compressionTime = 0.001573
decompressionTime = 0.001574
  ✓ Compression successful (ratio: 2.67x)

[98/176] Processing: FSRNDLN_1_192_288.dat
type=float nx=192 ny=288 nz=1 nw=1 raw=221184 zfp=83056 ratio=2.66 rate=12.02 rmse=4.213e-06 nrmse=4.213e-06 maxe=2.48e-05 psnr=101.49
compressionTime = 0.001603
decompressionTime = 0.001360
  ✓ Compression successful (ratio: 2.66x)

[99/176] Processing: FSRNI_1_192_288.dat
type=float nx=192 ny=288 nz=1 nw=1 raw=221184 zfp=83144 ratio=2.66 rate=12.03 rmse=4.225e-06 nrmse=4.225e-06 maxe=2.408e-05 psnr=101.46
compressionTime = 0.001534
decompressionTime = 0.001431
  ✓ Compression successful (ratio: 2.66x)

[100/176] Processing: FSRVD_1_192_288.dat
type=float nx=192 ny=288 nz=1 nw=1 raw=221184 zfp=82496 ratio=2.68 rate=11.94 rmse=4.227e-06 nrmse=4.227e-06 maxe=2.175e-05 psnr=101.46
compressionTime = 0.001688
decompressionTime = 0.001471
  ✓ Compression successful (ratio: 2.68x)

[101/176] Processing: FSRVDLN_1_192_288.dat
type=float nx=192 ny=288 nz=1 nw=1 raw=221184 zfp=83184 ratio=2.66 rate=12.03 rmse=4.221e-06 nrmse=4.221e-06 maxe=2.309e-05 psnr=101.47
compressionTime = 0.001626
decompressionTime = 0.001334
  ✓ Compression successful (ratio: 2.65x)

[102/176] Processing: FSRVI_1_192_288.dat
type=float nx=192 ny=288 nz=1 nw=1 raw=221184 zfp=82840 ratio=2.67 rate=11.98 rmse=4.227e-06 nrmse=4.227e-06 maxe=2.432e-05 psnr=101.46
compressionTime = 0.001762
decompressionTime = 0.001500
  ✓ Compression successful (ratio: 2.67x)

[103/176] Processing: GC_HEAT1_1_192_288.dat
type=float nx=192 ny=288 nz=1 nw=1 raw=221184 zfp=78936 ratio=2.8 rate=11.42 rmse=4.415e-06 nrmse=4.415e-06 maxe=2.503e-05 psnr=101.08
compressionTime = 0.001715
decompressionTime = 0.001505
  ✓ Compression successful (ratio: 2.80x)

[104/176] Processing: GC_HEAT2_1_192_288.dat
type=float nx=192 ny=288 nz=1 nw=1 raw=221184 zfp=68448 ratio=3.23 rate=9.903 rmse=0 nrmse=0 maxe=0 psnr=inf
compressionTime = 0.001336
decompressionTime = 0.000843
  ✓ Compression successful (ratio: 3.23x)

[105/176] Processing: GC_ICE1_1_192_288.dat
type=float nx=192 ny=288 nz=1 nw=1 raw=221184 zfp=76576 ratio=2.89 rate=11.08 rmse=2.982e-06 nrmse=2.982e-06 maxe=2.447e-05 psnr=104.49
compressionTime = 0.001518
decompressionTime = 0.001035
  ✓ Compression successful (ratio: 2.88x)

[106/176] Processing: GC_ICE2_1_192_288.dat
type=float nx=192 ny=288 nz=1 nw=1 raw=221184 zfp=68448 ratio=3.23 rate=9.903 rmse=0 nrmse=0 maxe=0 psnr=inf
compressionTime = 0.001395
decompressionTime = 0.000823
  ✓ Compression successful (ratio: 3.23x)

[107/176] Processing: GC_LIQ1_1_192_288.dat
type=float nx=192 ny=288 nz=1 nw=1 raw=221184 zfp=71160 ratio=3.11 rate=10.3 rmse=3.595e-06 nrmse=3.595e-06 maxe=2.292e-05 psnr=102.86
compressionTime = 0.001492
decompressionTime = 0.001442
  ✓ Compression successful (ratio: 3.10x)

[108/176] Processing: GC_LIQ2_1_192_288.dat
type=float nx=192 ny=288 nz=1 nw=1 raw=221184 zfp=68448 ratio=3.23 rate=9.903 rmse=0 nrmse=0 maxe=0 psnr=inf
compressionTime = 0.001352
decompressionTime = 0.000943
  ✓ Compression successful (ratio: 3.23x)

[109/176] Processing: GPP_1_192_288.dat
type=float nx=192 ny=288 nz=1 nw=1 raw=221184 zfp=68448 ratio=3.23 rate=9.903 rmse=3.35e-07 nrmse=3.35e-07 maxe=2.486e-06 psnr=123.48
compressionTime = 0.001349
decompressionTime = 0.000752
  ✓ Compression successful (ratio: 3.23x)

[110/176] Processing: GR_1_192_288.dat
type=float nx=192 ny=288 nz=1 nw=1 raw=221184 zfp=68448 ratio=3.23 rate=9.903 rmse=3.247e-08 nrmse=3.247e-08 maxe=3.207e-07 psnr=143.75
compressionTime = 0.001504
decompressionTime = 0.000895
  ✓ Compression successful (ratio: 3.23x)

[111/176] Processing: GROSS_NMIN_1_192_288.dat
type=float nx=192 ny=288 nz=1 nw=1 raw=221184 zfp=68448 ratio=3.23 rate=9.903 rmse=4.873e-09 nrmse=4.873e-09 maxe=3.739e-08 psnr=160.22
compressionTime = 0.001469
decompressionTime = 0.000846
  ✓ Compression successful (ratio: 3.23x)

[112/176] Processing: H2OCAN_1_192_288.dat
type=float nx=192 ny=288 nz=1 nw=1 raw=221184 zfp=73504 ratio=3.01 rate=10.63 rmse=3.622e-06 nrmse=3.622e-06 maxe=2.909e-05 psnr=102.80
compressionTime = 0.001523
decompressionTime = 0.001105
  ✓ Compression successful (ratio: 3.00x)

[113/176] Processing: H2OSNO_1_192_288.dat
type=float nx=192 ny=288 nz=1 nw=1 raw=221184 zfp=77776 ratio=2.84 rate=11.25 rmse=3.156e-06 nrmse=3.156e-06 maxe=2.313e-05 psnr=104.00
compressionTime = 0.001553
decompressionTime = 0.001208
  ✓ Compression successful (ratio: 2.84x)

[114/176] Processing: H2OSNO_TOP_1_192_288.dat
type=float nx=192 ny=288 nz=1 nw=1 raw=221184 zfp=80176 ratio=2.76 rate=11.6 rmse=3.293e-06 nrmse=3.293e-06 maxe=2.483e-05 psnr=103.63
compressionTime = 0.001619
decompressionTime = 0.001283
  ✓ Compression successful (ratio: 2.75x)

[115/176] Processing: HC_1_192_288.dat
type=float nx=192 ny=288 nz=1 nw=1 raw=221184 zfp=83880 ratio=2.64 rate=12.14 rmse=4.468e-06 nrmse=4.468e-06 maxe=2.631e-05 psnr=100.98
compressionTime = 0.001972
decompressionTime = 0.001646
  ✓ Compression successful (ratio: 2.63x)

[116/176] Processing: HCSOI_1_192_288.dat
type=float nx=192 ny=288 nz=1 nw=1 raw=221184 zfp=83632 ratio=2.64 rate=12.1 rmse=4.47e-06 nrmse=4.47e-06 maxe=2.337e-05 psnr=100.97
compressionTime = 0.001856
decompressionTime = 0.001616
  ✓ Compression successful (ratio: 2.64x)

[117/176] Processing: HEAT_FROM_AC_1_192_288.dat
type=float nx=192 ny=288 nz=1 nw=1 raw=221184 zfp=68504 ratio=3.23 rate=9.911 rmse=6.859e-07 nrmse=6.859e-07 maxe=1.693e-05 psnr=117.25
compressionTime = 0.001360
decompressionTime = 0.000867
  ✓ Compression successful (ratio: 3.22x)

[118/176] Processing: HR_1_192_288.dat
type=float nx=192 ny=288 nz=1 nw=1 raw=221184 zfp=68448 ratio=3.23 rate=9.903 rmse=1.066e-07 nrmse=1.066e-07 maxe=1.061e-06 psnr=133.42
compressionTime = 0.001434
decompressionTime = 0.000877
  ✓ Compression successful (ratio: 3.23x)

[119/176] Processing: HTOP_1_192_288.dat
type=float nx=192 ny=288 nz=1 nw=1 raw=221184 zfp=77632 ratio=2.85 rate=11.23 rmse=3.954e-06 nrmse=3.954e-06 maxe=2.687e-05 psnr=102.04
compressionTime = 0.001570
decompressionTime = 0.001260
  ✓ Compression successful (ratio: 2.84x)

[120/176] Processing: LAISHA_1_192_288.dat
type=float nx=192 ny=288 nz=1 nw=1 raw=221184 zfp=76896 ratio=2.88 rate=11.12 rmse=3.752e-06 nrmse=3.752e-06 maxe=3.219e-05 psnr=102.49
compressionTime = 0.001457
decompressionTime = 0.001217
  ✓ Compression successful (ratio: 2.87x)

[121/176] Processing: LAISUN_1_192_288.dat
type=float nx=192 ny=288 nz=1 nw=1 raw=221184 zfp=73232 ratio=3.02 rate=10.59 rmse=3.595e-06 nrmse=3.595e-06 maxe=2.599e-05 psnr=102.86
compressionTime = 0.001550
decompressionTime = 0.001248
  ✓ Compression successful (ratio: 3.02x)

[122/176] Processing: landfrac_192_288.dat
type=float nx=192 ny=288 nz=1 nw=1 raw=221184 zfp=73456 ratio=3.01 rate=10.63 rmse=3.516e-06 nrmse=3.516e-06 maxe=2.338e-05 psnr=103.06
compressionTime = 0.001515
decompressionTime = 0.001262
  ✓ Compression successful (ratio: 3.01x)

[123/176] Processing: latixy_192_288.dat
type=float nx=192 ny=288 nz=1 nw=1 raw=221184 zfp=74328 ratio=2.98 rate=10.75 rmse=3.126e-06 nrmse=3.126e-06 maxe=2.289e-05 psnr=104.08
compressionTime = 0.001491
decompressionTime = 0.001329
  ✓ Compression successful (ratio: 2.97x)

[124/176] Processing: latixyatm_192_288.dat
type=float nx=192 ny=288 nz=1 nw=1 raw=221184 zfp=65176 ratio=3.39 rate=9.429 rmse=3.117e-06 nrmse=3.117e-06 maxe=1.979e-05 psnr=104.10
compressionTime = 0.001466
decompressionTime = 0.001271
  ✓ Compression successful (ratio: 3.39x)

[125/176] Processing: LEAFC_1_192_288.dat
type=float nx=192 ny=288 nz=1 nw=1 raw=221184 zfp=78280 ratio=2.83 rate=11.33 rmse=3.753e-06 nrmse=3.753e-06 maxe=2.67e-05 psnr=102.49
compressionTime = 0.001550
decompressionTime = 0.001414
  ✓ Compression successful (ratio: 2.82x)

[126/176] Processing: LEAFC_ALLOC_1_192_288.dat
type=float nx=192 ny=288 nz=1 nw=1 raw=221184 zfp=68448 ratio=3.23 rate=9.903 rmse=3.459e-08 nrmse=3.459e-08 maxe=9.39e-07 psnr=143.20
compressionTime = 0.001348
decompressionTime = 0.000892
  ✓ Compression successful (ratio: 3.23x)

[127/176] Processing: LEAFC_LOSS_1_192_288.dat
type=float nx=192 ny=288 nz=1 nw=1 raw=221184 zfp=68448 ratio=3.23 rate=9.903 rmse=4.555e-08 nrmse=4.555e-08 maxe=1.112e-06 psnr=140.81
compressionTime = 0.001424
decompressionTime = 0.000841
  ✓ Compression successful (ratio: 3.23x)

[128/176] Processing: LEAFN_1_192_288.dat
type=float nx=192 ny=288 nz=1 nw=1 raw=221184 zfp=77168 ratio=2.87 rate=11.16 rmse=3.742e-06 nrmse=3.742e-06 maxe=2.472e-05 psnr=102.52
compressionTime = 0.001534
decompressionTime = 0.001330
  ✓ Compression successful (ratio: 2.86x)

[129/176] Processing: LITFALL_1_192_288.dat
type=float nx=192 ny=288 nz=1 nw=1 raw=221184 zfp=68464 ratio=3.23 rate=9.905 rmse=1.287e-07 nrmse=1.287e-07 maxe=2.439e-06 psnr=131.79
compressionTime = 0.001439
decompressionTime = 0.000855
  ✓ Compression successful (ratio: 3.23x)

[130/176] Processing: LITHR_1_192_288.dat
type=float nx=192 ny=288 nz=1 nw=1 raw=221184 zfp=68448 ratio=3.23 rate=9.903 rmse=5.242e-08 nrmse=5.242e-08 maxe=6.586e-07 psnr=139.59
compressionTime = 0.001416
decompressionTime = 0.000796
  ✓ Compression successful (ratio: 3.23x)

[131/176] Processing: LITR1C_1_192_288.dat
type=float nx=192 ny=288 nz=1 nw=1 raw=221184 zfp=77440 ratio=2.86 rate=11.2 rmse=3.794e-06 nrmse=3.794e-06 maxe=2.423e-05 psnr=102.40
compressionTime = 0.001465
decompressionTime = 0.001265
  ✓ Compression successful (ratio: 2.85x)

[132/176] Processing: LITR1C_TO_SOIL1C_1_192_288.dat
type=float nx=192 ny=288 nz=1 nw=1 raw=221184 zfp=68448 ratio=3.23 rate=9.903 rmse=1.219e-08 nrmse=1.219e-08 maxe=3.739e-07 psnr=152.26
compressionTime = 0.001327
decompressionTime = 0.000936
  ✓ Compression successful (ratio: 3.23x)

[133/176] Processing: LITR1N_1_192_288.dat
type=float nx=192 ny=288 nz=1 nw=1 raw=221184 zfp=73624 ratio=3 rate=10.65 rmse=3.675e-06 nrmse=3.675e-06 maxe=2.408e-05 psnr=102.67
compressionTime = 0.001446
decompressionTime = 0.001104
  ✓ Compression successful (ratio: 3.00x)

[134/176] Processing: LITR2C_1_192_288.dat
type=float nx=192 ny=288 nz=1 nw=1 raw=221184 zfp=78696 ratio=2.81 rate=11.39 rmse=3.795e-06 nrmse=3.795e-06 maxe=2.517e-05 psnr=102.40
compressionTime = 0.001424
decompressionTime = 0.001223
  ✓ Compression successful (ratio: 2.81x)

[135/176] Processing: LITR2C_TO_SOIL2C_1_192_288.dat
type=float nx=192 ny=288 nz=1 nw=1 raw=221184 zfp=68448 ratio=3.23 rate=9.903 rmse=3.25e-08 nrmse=3.25e-08 maxe=4.401e-07 psnr=143.74
compressionTime = 0.001322
decompressionTime = 0.000722
  ✓ Compression successful (ratio: 3.23x)

[136/176] Processing: LITR2N_1_192_288.dat
type=float nx=192 ny=288 nz=1 nw=1 raw=221184 zfp=76584 ratio=2.89 rate=11.08 rmse=3.777e-06 nrmse=3.777e-06 maxe=2.742e-05 psnr=102.44
compressionTime = 0.001513
decompressionTime = 0.001179
  ✓ Compression successful (ratio: 2.88x)

[137/176] Processing: LITR3C_1_192_288.dat
type=float nx=192 ny=288 nz=1 nw=1 raw=221184 zfp=78432 ratio=2.82 rate=11.35 rmse=3.823e-06 nrmse=3.823e-06 maxe=2.618e-05 psnr=102.33
compressionTime = 0.001706
decompressionTime = 0.001460
  ✓ Compression successful (ratio: 2.82x)

[138/176] Processing: LITR3C_TO_SOIL3C_1_192_288.dat
type=float nx=192 ny=288 nz=1 nw=1 raw=221184 zfp=68448 ratio=3.23 rate=9.903 rmse=1.893e-08 nrmse=1.893e-08 maxe=2.128e-07 psnr=148.43
compressionTime = 0.001405
decompressionTime = 0.000863
  ✓ Compression successful (ratio: 3.23x)

[139/176] Processing: LITR3N_1_192_288.dat
type=float nx=192 ny=288 nz=1 nw=1 raw=221184 zfp=76832 ratio=2.88 rate=11.12 rmse=3.813e-06 nrmse=3.813e-06 maxe=3.219e-05 psnr=102.36
compressionTime = 0.001454
decompressionTime = 0.001296
  ✓ Compression successful (ratio: 2.87x)

[140/176] Processing: LITTERC_1_192_288.dat
type=float nx=192 ny=288 nz=1 nw=1 raw=221184 zfp=78656 ratio=2.81 rate=11.38 rmse=3.809e-06 nrmse=3.809e-06 maxe=2.408e-05 psnr=102.36
compressionTime = 0.001956
decompressionTime = 0.001426
  ✓ Compression successful (ratio: 2.81x)

[141/176] Processing: LITTERC_HR_1_192_288.dat
type=float nx=192 ny=288 nz=1 nw=1 raw=221184 zfp=68448 ratio=3.23 rate=9.903 rmse=5.242e-08 nrmse=5.242e-08 maxe=6.586e-07 psnr=139.59
compressionTime = 0.001479
decompressionTime = 0.000797
  ✓ Compression successful (ratio: 3.23x)

[142/176] Processing: LITTERC_LOSS_1_192_288.dat
type=float nx=192 ny=288 nz=1 nw=1 raw=221184 zfp=68448 ratio=3.23 rate=9.903 rmse=1.117e-07 nrmse=1.117e-07 maxe=1.385e-06 psnr=133.02
compressionTime = 0.001307
decompressionTime = 0.000717
  ✓ Compression successful (ratio: 3.23x)

[143/176] Processing: LIVECROOTC_1_192_288.dat
type=float nx=192 ny=288 nz=1 nw=1 raw=221184 zfp=77024 ratio=2.87 rate=11.14 rmse=3.705e-06 nrmse=3.705e-06 maxe=2.527e-05 psnr=102.60
compressionTime = 0.001487
decompressionTime = 0.001391
  ✓ Compression successful (ratio: 2.87x)

[144/176] Processing: LIVECROOTN_1_192_288.dat
type=float nx=192 ny=288 nz=1 nw=1 raw=221184 zfp=73424 ratio=3.01 rate=10.62 rmse=3.621e-06 nrmse=3.621e-06 maxe=2.646e-05 psnr=102.80
compressionTime = 0.001431
decompressionTime = 0.001090
  ✓ Compression successful (ratio: 3.01x)

[145/176] Processing: LIVESTEMC_1_192_288.dat
type=float nx=192 ny=288 nz=1 nw=1 raw=221184 zfp=77648 ratio=2.85 rate=11.23 rmse=3.692e-06 nrmse=3.692e-06 maxe=2.551e-05 psnr=102.63
compressionTime = 0.001523
decompressionTime = 0.001285
  ✓ Compression successful (ratio: 2.84x)

[146/176] Processing: LIVESTEMN_1_192_288.dat
type=float nx=192 ny=288 nz=1 nw=1 raw=221184 zfp=74760 ratio=2.96 rate=10.82 rmse=3.701e-06 nrmse=3.701e-06 maxe=2.384e-05 psnr=102.61
compressionTime = 0.001386
decompressionTime = 0.001092
  ✓ Compression successful (ratio: 2.95x)

[147/176] Processing: longxy_192_288.dat
type=float nx=192 ny=288 nz=1 nw=1 raw=221184 zfp=80288 ratio=2.75 rate=11.62 rmse=3.77e-06 nrmse=3.77e-06 maxe=2.148e-05 psnr=102.45
compressionTime = 0.001601
decompressionTime = 0.001406
  ✓ Compression successful (ratio: 2.75x)

[148/176] Processing: longxyatm_192_288.dat
type=float nx=192 ny=288 nz=1 nw=1 raw=221184 zfp=78256 ratio=2.83 rate=11.32 rmse=3.964e-06 nrmse=3.964e-06 maxe=2.021e-05 psnr=102.02
compressionTime = 0.001195
decompressionTime = 0.001360
  ✓ Compression successful (ratio: 2.82x)

[149/176] Processing: MEAN_FIRE_PROB_1_192_288.dat
type=float nx=192 ny=288 nz=1 nw=1 raw=221184 zfp=72296 ratio=3.06 rate=10.46 rmse=3.591e-06 nrmse=3.591e-06 maxe=2.623e-05 psnr=102.87
compressionTime = 0.001671
decompressionTime = 0.001268
  ✓ Compression successful (ratio: 3.05x)

[150/176] Processing: MR_1_192_288.dat
type=float nx=192 ny=288 nz=1 nw=1 raw=221184 zfp=68448 ratio=3.23 rate=9.903 rmse=1.987e-07 nrmse=1.987e-07 maxe=1.496e-06 psnr=128.01
compressionTime = 0.001355
decompressionTime = 0.000770
  ✓ Compression successful (ratio: 3.23x)

[151/176] Processing: NBP_1_192_288.dat
type=float nx=192 ny=288 nz=1 nw=1 raw=221184 zfp=68448 ratio=3.23 rate=9.903 rmse=5.256e-07 nrmse=5.256e-07 maxe=1.419e-06 psnr=119.57
compressionTime = 0.001387
decompressionTime = 0.000738
  ✓ Compression successful (ratio: 3.23x)

[152/176] Processing: NDEPLOY_1_192_288.dat
type=float nx=192 ny=288 nz=1 nw=1 raw=221184 zfp=68448 ratio=3.23 rate=9.903 rmse=1.952e-09 nrmse=1.952e-09 maxe=1.87e-08 psnr=168.17
compressionTime = 0.001430
decompressionTime = 0.000777
  ✓ Compression successful (ratio: 3.23x)

[153/176] Processing: NDEP_TO_SMINN_1_192_288.dat
type=float nx=192 ny=288 nz=1 nw=1 raw=221184 zfp=68448 ratio=3.23 rate=9.903 rmse=0 nrmse=0 maxe=0 psnr=inf
compressionTime = 0.001413
decompressionTime = 0.000782
  ✓ Compression successful (ratio: 3.23x)

[154/176] Processing: NEE_1_192_288.dat
type=float nx=192 ny=288 nz=1 nw=1 raw=221184 zfp=68448 ratio=3.23 rate=9.903 rmse=3.581e-07 nrmse=3.581e-07 maxe=1.419e-06 psnr=122.90
compressionTime = 0.001314
decompressionTime = 0.000777
  ✓ Compression successful (ratio: 3.23x)

[155/176] Processing: NEP_1_192_288.dat
type=float nx=192 ny=288 nz=1 nw=1 raw=221184 zfp=68448 ratio=3.23 rate=9.903 rmse=5.269e-07 nrmse=5.269e-07 maxe=1.422e-06 psnr=119.55
compressionTime = 0.001360
decompressionTime = 0.000773
  ✓ Compression successful (ratio: 3.23x)

[156/176] Processing: NET_NMIN_1_192_288.dat
type=float nx=192 ny=288 nz=1 nw=1 raw=221184 zfp=68448 ratio=3.23 rate=9.903 rmse=1.637e-09 nrmse=1.637e-09 maxe=1.582e-08 psnr=169.70
compressionTime = 0.001368
decompressionTime = 0.000799
  ✓ Compression successful (ratio: 3.23x)

[157/176] Processing: NFIX_TO_SMINN_1_192_288.dat
type=float nx=192 ny=288 nz=1 nw=1 raw=221184 zfp=68448 ratio=3.23 rate=9.903 rmse=0 nrmse=0 maxe=0 psnr=inf
compressionTime = 0.001374
decompressionTime = 0.000792
  ✓ Compression successful (ratio: 3.23x)

[158/176] Processing: NPP_1_192_288.dat
type=float nx=192 ny=288 nz=1 nw=1 raw=221184 zfp=68448 ratio=3.23 rate=9.903 rmse=2.326e-07 nrmse=2.326e-07 maxe=1.347e-06 psnr=126.65
compressionTime = 0.001371
decompressionTime = 0.001022
  ✓ Compression successful (ratio: 3.23x)

[159/176] Processing: OCDEP_1_192_288.dat
type=float nx=192 ny=288 nz=1 nw=1 raw=221184 zfp=68448 ratio=3.23 rate=9.903 rmse=0 nrmse=0 maxe=0 psnr=inf
compressionTime = 0.001335
decompressionTime = 0.000834
  ✓ Compression successful (ratio: 3.23x)

[160/176] Processing: PBOT_1_192_288.dat
type=float nx=192 ny=288 nz=1 nw=1 raw=221184 zfp=80792 ratio=2.74 rate=11.69 rmse=4.394e-06 nrmse=4.394e-06 maxe=2.444e-05 psnr=101.12
compressionTime = 0.001533
decompressionTime = 0.001632
  ✓ Compression successful (ratio: 2.73x)

[161/176] Processing: PCO2_1_192_288.dat
type=float nx=192 ny=288 nz=1 nw=1 raw=221184 zfp=81720 ratio=2.71 rate=11.82 rmse=4.416e-06 nrmse=4.416e-06 maxe=2.518e-05 psnr=101.08
compressionTime = 0.001554
decompressionTime = 0.001475
  ✓ Compression successful (ratio: 2.70x)

[162/176] Processing: PFT_CTRUNC_1_192_288.dat
type=float nx=192 ny=288 nz=1 nw=1 raw=221184 zfp=68472 ratio=3.23 rate=9.906 rmse=4.384e-07 nrmse=4.384e-07 maxe=1.669e-05 psnr=121.14
compressionTime = 0.001541
decompressionTime = 0.000929
  ✓ Compression successful (ratio: 3.23x)

[163/176] Processing: PFT_FIRE_CLOSS_1_192_288.dat
type=float nx=192 ny=288 nz=1 nw=1 raw=221184 zfp=68448 ratio=3.23 rate=9.903 rmse=5.555e-09 nrmse=5.555e-09 maxe=2.128e-07 psnr=159.09
compressionTime = 0.001545
decompressionTime = 0.000777
  ✓ Compression successful (ratio: 3.23x)

[164/176] Processing: PFT_FIRE_NLOSS_1_192_288.dat
type=float nx=192 ny=288 nz=1 nw=1 raw=221184 zfp=68448 ratio=3.23 rate=9.903 rmse=8.067e-11 nrmse=8.067e-11 maxe=2.876e-09 psnr=195.85
compressionTime = 0.001305
decompressionTime = 0.000764
  ✓ Compression successful (ratio: 3.23x)

[165/176] Processing: PFT_NTRUNC_1_192_288.dat
type=float nx=192 ny=288 nz=1 nw=1 raw=221184 zfp=68504 ratio=3.23 rate=9.911 rmse=3.468e-07 nrmse=3.468e-07 maxe=1.86e-05 psnr=123.18
compressionTime = 0.001730
decompressionTime = 0.000809
  ✓ Compression successful (ratio: 3.22x)

[166/176] Processing: PLANT_NDEMAND_1_192_288.dat
type=float nx=192 ny=288 nz=1 nw=1 raw=221184 zfp=68448 ratio=3.23 rate=9.903 rmse=6.513e-09 nrmse=6.513e-09 maxe=7.047e-08 psnr=157.70
compressionTime = 0.001284
decompressionTime = 0.000723
  ✓ Compression successful (ratio: 3.23x)

[167/176] Processing: POTENTIAL_IMMOB_1_192_288.dat
type=float nx=192 ny=288 nz=1 nw=1 raw=221184 zfp=68448 ratio=3.23 rate=9.903 rmse=9.126e-09 nrmse=9.126e-09 maxe=5.378e-07 psnr=154.77
compressionTime = 0.001341
decompressionTime = 0.000785
  ✓ Compression successful (ratio: 3.23x)

[168/176] Processing: PROD100C_1_192_288.dat
type=float nx=192 ny=288 nz=1 nw=1 raw=221184 zfp=68448 ratio=3.23 rate=9.903 rmse=0 nrmse=0 maxe=0 psnr=inf
compressionTime = 0.001328
decompressionTime = 0.000789
  ✓ Compression successful (ratio: 3.23x)

[169/176] Processing: PROD100C_LOSS_1_192_288.dat
type=float nx=192 ny=288 nz=1 nw=1 raw=221184 zfp=68448 ratio=3.23 rate=9.903 rmse=0 nrmse=0 maxe=0 psnr=inf
compressionTime = 0.001311
decompressionTime = 0.000828
  ✓ Compression successful (ratio: 3.23x)

[170/176] Processing: PROD100N_1_192_288.dat
type=float nx=192 ny=288 nz=1 nw=1 raw=221184 zfp=68448 ratio=3.23 rate=9.903 rmse=0 nrmse=0 maxe=0 psnr=inf
compressionTime = 0.001354
decompressionTime = 0.000832
  ✓ Compression successful (ratio: 3.23x)

[171/176] Processing: PROD100N_LOSS_1_192_288.dat
type=float nx=192 ny=288 nz=1 nw=1 raw=221184 zfp=68448 ratio=3.23 rate=9.903 rmse=0 nrmse=0 maxe=0 psnr=inf
compressionTime = 0.001352
decompressionTime = 0.000765
  ✓ Compression successful (ratio: 3.23x)

[172/176] Processing: PROD10C_1_192_288.dat
type=float nx=192 ny=288 nz=1 nw=1 raw=221184 zfp=68448 ratio=3.23 rate=9.903 rmse=0 nrmse=0 maxe=0 psnr=inf
compressionTime = 0.001336
decompressionTime = 0.000749
  ✓ Compression successful (ratio: 3.23x)

[173/176] Processing: PROD10C_LOSS_1_192_288.dat
type=float nx=192 ny=288 nz=1 nw=1 raw=221184 zfp=68448 ratio=3.23 rate=9.903 rmse=0 nrmse=0 maxe=0 psnr=inf
compressionTime = 0.001328
decompressionTime = 0.000860
  ✓ Compression successful (ratio: 3.23x)

[174/176] Processing: PROD10N_1_192_288.dat
type=float nx=192 ny=288 nz=1 nw=1 raw=221184 zfp=68448 ratio=3.23 rate=9.903 rmse=0 nrmse=0 maxe=0 psnr=inf
compressionTime = 0.001323
decompressionTime = 0.000922
  ✓ Compression successful (ratio: 3.23x)

[175/176] Processing: topo_192_288.dat
type=float nx=192 ny=288 nz=1 nw=1 raw=221184 zfp=68448 ratio=3.23 rate=9.903 rmse=0 nrmse=0 maxe=0 psnr=inf
compressionTime = 0.001306
decompressionTime = 0.000801
  ✓ Compression successful (ratio: 3.23x)

[176/176] Processing: topodnsc_192_288.dat
type=float nx=192 ny=288 nz=1 nw=1 raw=221184 zfp=68448 ratio=3.23 rate=9.903 rmse=0 nrmse=0 maxe=0 psnr=inf
compressionTime = 0.001427
decompressionTime = 0.000977
  ✓ Compression successful (ratio: 3.23x)

=== Summary ===
Total files processed: 176
Total files skipped: 0
Total files failed: 0

