Input directory: ../../CESM-ICE-MODELS/4/log_normalized/
Output directory: ../../CESM-ICE-MODELS/4/log_normalized/topoSZp_8_thread/
Dimensions: 384x320 (122880 elements)
Error bound: 1E-3
Block size: 16

Found 130 .dat file(s) to process

[1/130] Processing: aeroiceint001_1_384_320.dat

compression time=0.000854, total fastmode1 topology
compression size = 114999, CR = 4.274124
done
decompression time=0.003135
done
Min=0, Max=1, range=1
Max absolute error = 0.0009999275
Max relative error = 0.001000
Max pw relative error = 0.001000
PSNR = 65.252569, NRMSE= 0.00054622494739052604874
acEff=1.000000
compressionRatio = 4.274124
  ✓ Compression and decompression successful (ratio: 4.27x)

[2/130] Processing: aeroiceint002_1_384_320.dat

compression time=0.000914, total fastmode1 topology
compression size = 114999, CR = 4.274124
done
decompression time=0.002791
done
Min=0, Max=1, range=1
Max absolute error = 0.0009999275
Max relative error = 0.001000
Max pw relative error = 0.001000
PSNR = 65.252569, NRMSE= 0.00054622494739052604874
acEff=1.000000
compressionRatio = 4.274124
  ✓ Compression and decompression successful (ratio: 4.27x)

[3/130] Processing: aeroiceint003_1_384_320.dat

compression time=0.000854, total fastmode1 topology
compression size = 114999, CR = 4.274124
done
decompression time=0.002739
done
Min=0, Max=1, range=1
Max absolute error = 0.0009999275
Max relative error = 0.001000
Max pw relative error = 0.001000
PSNR = 65.252569, NRMSE= 0.00054622494739052604874
acEff=1.000000
compressionRatio = 4.274124
  ✓ Compression and decompression successful (ratio: 4.27x)

[4/130] Processing: aeroicessl001_1_384_320.dat

compression time=0.000811, total fastmode1 topology
compression size = 114999, CR = 4.274124
done
decompression time=0.002735
done
Min=0, Max=1, range=1
Max absolute error = 0.0009999275
Max relative error = 0.001000
Max pw relative error = 0.001000
PSNR = 65.252569, NRMSE= 0.00054622494739052604874
acEff=1.000000
compressionRatio = 4.274124
  ✓ Compression and decompression successful (ratio: 4.27x)

[5/130] Processing: aeroicessl002_1_384_320.dat

compression time=0.000830, total fastmode1 topology
compression size = 114999, CR = 4.274124
done
decompression time=0.002709
done
Min=0, Max=1, range=1
Max absolute error = 0.0009999275
Max relative error = 0.001000
Max pw relative error = 0.001000
PSNR = 65.252569, NRMSE= 0.00054622494739052604874
acEff=1.000000
compressionRatio = 4.274124
  ✓ Compression and decompression successful (ratio: 4.27x)

[6/130] Processing: aeroicessl003_1_384_320.dat

compression time=0.000866, total fastmode1 topology
compression size = 114999, CR = 4.274124
done
decompression time=0.002734
done
Min=0, Max=1, range=1
Max absolute error = 0.0009999275
Max relative error = 0.001000
Max pw relative error = 0.001000
PSNR = 65.252569, NRMSE= 0.00054622494739052604874
acEff=1.000000
compressionRatio = 4.274124
  ✓ Compression and decompression successful (ratio: 4.27x)

[7/130] Processing: aerosnoint001_1_384_320.dat
  ✗ Compression failed (exit code: 1)

[8/130] Processing: aerosnoint002_1_384_320.dat

compression time=0.000879, total fastmode1 topology
compression size = 114999, CR = 4.274124
done
decompression time=0.002808
done
Min=0, Max=1, range=1
Max absolute error = 0.0009999275
Max relative error = 0.001000
Max pw relative error = 0.001000
PSNR = 65.252569, NRMSE= 0.00054622494739052604874
acEff=1.000000
compressionRatio = 4.274124
  ✓ Compression and decompression successful (ratio: 4.27x)

[9/130] Processing: aerosnoint003_1_384_320.dat

compression time=0.000852, total fastmode1 topology
compression size = 115031, CR = 4.272935
done
decompression time=0.003481
done
Min=0, Max=1, range=1
Max absolute error = 0.0009999275
Max relative error = 0.001000
Max pw relative error = 0.001000
PSNR = 65.252570, NRMSE= 0.00054622492149780600603
acEff=1.000000
compressionRatio = 4.272935
  ✓ Compression and decompression successful (ratio: 4.27x)

[10/130] Processing: aerosnossl001_1_384_320.dat

compression time=0.000887, total fastmode1 topology
compression size = 114999, CR = 4.274124
done
decompression time=0.002756
done
Min=0, Max=1, range=1
Max absolute error = 0.0009999275
Max relative error = 0.001000
Max pw relative error = 0.001000
PSNR = 65.252569, NRMSE= 0.00054622494739052604874
acEff=1.000000
compressionRatio = 4.274124
  ✓ Compression and decompression successful (ratio: 4.27x)

[11/130] Processing: aerosnossl002_1_384_320.dat

compression time=0.001006, total fastmode1 topology
compression size = 114999, CR = 4.274124
done
decompression time=0.002731
done
Min=0, Max=1, range=1
Max absolute error = 0.0009999275
Max relative error = 0.001000
Max pw relative error = 0.001000
PSNR = 65.252569, NRMSE= 0.00054622494739052604874
acEff=1.000000
compressionRatio = 4.274124
  ✓ Compression and decompression successful (ratio: 4.27x)

[12/130] Processing: aerosnossl003_1_384_320.dat

compression time=0.000819, total fastmode1 topology
compression size = 115084, CR = 4.270967
done
decompression time=0.003433
done
Min=0, Max=1, range=1
Max absolute error = 0.0009999275
Max relative error = 0.001000
Max pw relative error = 0.001000
PSNR = 65.252568, NRMSE= 0.00054622500912490483393
acEff=1.000000
compressionRatio = 4.270967
  ✓ Compression and decompression successful (ratio: 4.27x)

[13/130] Processing: aice_1_384_320.dat
  ✗ Compression failed (exit code: 1)

[14/130] Processing: aicen001_1_384_320.dat

compression time=0.001181, total fastmode1 topology
compression size = 118962, CR = 4.131740
done
decompression time=0.003615
done
Min=0, Max=1, range=1
Max absolute error = 0.0017039217
Max relative error = 0.001704
Max pw relative error = 0.001704
PSNR = 64.829130, NRMSE= 0.00057351329453279636852
acEff=1.000000
compressionRatio = 4.131740
  ✓ Compression and decompression successful (ratio: 4.13x)

[15/130] Processing: aicen002_1_384_320.dat

compression time=0.001383, total fastmode1 topology
compression size = 118417, CR = 4.150755
done
decompression time=0.003596
done
Min=0, Max=1, range=1
Max absolute error = 0.0012026690
Max relative error = 0.001203
Max pw relative error = 0.001203
PSNR = 64.872180, NRMSE= 0.00057067784594396094282
acEff=1.000000
compressionRatio = 4.150755
  ✓ Compression and decompression successful (ratio: 4.15x)

[16/130] Processing: aicen003_1_384_320.dat

compression time=0.001035, total fastmode1 topology
compression size = 118113, CR = 4.161438
done
decompression time=0.003612
done
Min=0, Max=1, range=1
Max absolute error = 0.0015152413
Max relative error = 0.001515
Max pw relative error = 0.001515
PSNR = 64.879093, NRMSE= 0.00057022380660699117927
acEff=1.000000
compressionRatio = 4.161439
  ✓ Compression and decompression successful (ratio: 4.16x)

[17/130] Processing: aicen004_1_384_320.dat

compression time=0.001176, total fastmode1 topology
compression size = 117934, CR = 4.167755
done
decompression time=0.003596
done
Min=0, Max=1, range=1
Max absolute error = 0.0015191156
Max relative error = 0.001519
Max pw relative error = 0.001519
PSNR = 64.883369, NRMSE= 0.00056994315389920018836
acEff=1.000000
compressionRatio = 4.167755
  ✓ Compression and decompression successful (ratio: 4.16x)

[18/130] Processing: aicen005_1_384_320.dat

compression time=0.001001, total fastmode1 topology
compression size = 117781, CR = 4.173169
done
decompression time=0.003570
done
Min=0, Max=1, range=1
Max absolute error = 0.0011459999
Max relative error = 0.001146
Max pw relative error = 0.001146
PSNR = 64.908030, NRMSE= 0.00056832728893492338602
acEff=1.000000
compressionRatio = 4.173169
  ✓ Compression and decompression successful (ratio: 4.17x)

[19/130] Processing: aisnap_1_384_320.dat

compression time=0.001419, total fastmode1 topology
compression size = 117364, CR = 4.187996
done
decompression time=0.003571
done
Min=0, Max=1, range=1
Max absolute error = 0.0009999275
Max relative error = 0.001000
Max pw relative error = 0.001000
PSNR = 64.889099, NRMSE= 0.00056956731589863634092
acEff=1.000000
compressionRatio = 4.187996
  ✓ Compression and decompression successful (ratio: 4.18x)

[20/130] Processing: albice_1_384_320.dat

compression time=0.001257, total fastmode1 topology
compression size = 115943, CR = 4.239325
done
decompression time=0.003561
done
Min=0, Max=1, range=1
Max absolute error = 0.0013142424
Max relative error = 0.001314
Max pw relative error = 0.001314
PSNR = 65.194075, NRMSE= 0.00054991587228735594895
acEff=1.000000
compressionRatio = 4.239324
  ✓ Compression and decompression successful (ratio: 4.23x)

[21/130] Processing: albpnd_1_384_320.dat

compression time=0.001066, total fastmode1 topology
compression size = 115595, CR = 4.252087
done
decompression time=0.003573
done
Min=0, Max=1, range=1
Max absolute error = 0.0009999275
Max relative error = 0.001000
Max pw relative error = 0.001000
PSNR = 65.212242, NRMSE= 0.00054876688089553686371
acEff=1.000000
compressionRatio = 4.252087
  ✓ Compression and decompression successful (ratio: 4.25x)

[22/130] Processing: albsno_1_384_320.dat

compression time=0.001171, total fastmode1 topology
compression size = 116704, CR = 4.211681
done
decompression time=0.003467
done
Min=0, Max=1, range=1
Max absolute error = 0.0009999722
Max relative error = 0.001000
Max pw relative error = 0.001000
PSNR = 65.030176, NRMSE= 0.00056039103953003910862
acEff=1.000000
compressionRatio = 4.211681
  ✓ Compression and decompression successful (ratio: 4.21x)

[23/130] Processing: alidr_1_384_320.dat

compression time=0.001716, total fastmode1 topology
compression size = 117298, CR = 4.190353
done
decompression time=0.003496
done
Min=0, Max=1, range=1
Max absolute error = 0.0009999275
Max relative error = 0.001000
Max pw relative error = 0.001000
PSNR = 64.963000, NRMSE= 0.00056474189989872921637
acEff=1.000000
compressionRatio = 4.190353
  ✓ Compression and decompression successful (ratio: 4.19x)

[24/130] Processing: alvdr_1_384_320.dat
  ✗ Compression failed (exit code: 1)

[25/130] Processing: ANGLE_384_320.dat

compression time=0.001038, total fastmode1 topology
compression size = 80465, CR = 6.108494
done
decompression time=0.003555
done
Min=0, Max=1, range=1
Max absolute error = 0.0019998550
Max relative error = 0.002000
Max pw relative error = 0.002000
PSNR = 65.108158, NRMSE= 0.00055538236741904363838
acEff=0.999993
compressionRatio = 6.108494
  ✓ Compression and decompression successful (ratio: 6.10x)

[26/130] Processing: ANGLET_384_320.dat
Error: No critical points found!
  ✗ Compression failed

[27/130] Processing: apond001_1_384_320.dat

compression time=0.001802, total fastmode1 topology
compression size = 118277, CR = 4.155668
done
decompression time=0.003590
done
Min=0, Max=1, range=1
Max absolute error = 0.0014789701
Max relative error = 0.001479
Max pw relative error = 0.001479
PSNR = 65.059664, NRMSE= 0.00055849180675533402225
acEff=1.000000
compressionRatio = 4.155668
  ✓ Compression and decompression successful (ratio: 4.15x)

[28/130] Processing: apond002_1_384_320.dat

compression time=0.001548, total fastmode1 topology
compression size = 125027, CR = 3.931311
done
decompression time=0.003941
done
Min=0, Max=1, range=1
Max absolute error = 0.0019339211
Max relative error = 0.001934
Max pw relative error = 0.001934
PSNR = 64.848294, NRMSE= 0.00057224936602999606963
acEff=1.000000
compressionRatio = 3.931311
  ✓ Compression and decompression successful (ratio: 3.93x)

[29/130] Processing: apond003_1_384_320.dat

compression time=0.001255, total fastmode1 topology
compression size = 123735, CR = 3.972360
done
decompression time=0.003769
done
Min=0, Max=1, range=1
Max absolute error = 0.0019840635
Max relative error = 0.001984
Max pw relative error = 0.001984
PSNR = 64.944034, NRMSE= 0.00056597636702831934791
acEff=1.000000
compressionRatio = 3.972360
  ✓ Compression and decompression successful (ratio: 3.97x)

[30/130] Processing: apond004_1_384_320.dat

compression time=0.001007, total fastmode1 topology
compression size = 121145, CR = 4.057287
done
decompression time=0.003698
done
Min=0, Max=1, range=1
Max absolute error = 0.0016271845
Max relative error = 0.001627
Max pw relative error = 0.001627
PSNR = 65.008633, NRMSE= 0.00056178269536770247469
acEff=1.000000
compressionRatio = 4.057287
  ✓ Compression and decompression successful (ratio: 4.05x)

[31/130] Processing: apond005_1_384_320.dat

compression time=0.001059, total fastmode1 topology
compression size = 119575, CR = 4.110558
done
decompression time=0.003621
done
Min=0, Max=1, range=1
Max absolute error = 0.0019328184
Max relative error = 0.001933
Max pw relative error = 0.001933
PSNR = 65.049238, NRMSE= 0.00055916256266642342006
acEff=1.000000
compressionRatio = 4.110558
  ✓ Compression and decompression successful (ratio: 4.11x)

[32/130] Processing: congel_1_384_320.dat

compression time=0.001077, total fastmode1 topology
compression size = 116017, CR = 4.236620
done
decompression time=0.003540
done
Min=0, Max=1, range=1
Max absolute error = 0.0009999275
Max relative error = 0.001000
Max pw relative error = 0.001000
PSNR = 65.079249, NRMSE= 0.00055723393139995485226
acEff=1.000000
compressionRatio = 4.236620
  ✓ Compression and decompression successful (ratio: 4.23x)

[33/130] Processing: coszen_1_384_320.dat

compression time=0.001104, total fastmode1 topology
compression size = 115466, CR = 4.256837
done
decompression time=0.002787
done
Min=0, Max=1, range=1
Max absolute error = 0.0010004179
Max relative error = 0.001000
Max pw relative error = 0.001000
PSNR = 62.824865, NRMSE= 0.00072236511271032521724
acEff=1.000000
compressionRatio = 4.256838
  ✓ Compression and decompression successful (ratio: 4.25x)

[34/130] Processing: daidtd_1_384_320.dat

compression time=0.001529, total fastmode1 topology
compression size = 117787, CR = 4.172956
done
decompression time=0.003600
done
Min=0, Max=1, range=1
Max absolute error = 0.0009999275
Max relative error = 0.001000
Max pw relative error = 0.001000
PSNR = 62.107954, NRMSE= 0.00078451689059568234692
acEff=1.000000
compressionRatio = 4.172956
  ✓ Compression and decompression successful (ratio: 4.17x)

[35/130] Processing: daidtt_1_384_320.dat

compression time=0.001589, total fastmode1 topology
compression size = 118118, CR = 4.161263
done
decompression time=0.003672
done
Min=0, Max=1, range=1
Max absolute error = 0.0015081875
Max relative error = 0.001508
Max pw relative error = 0.001508
PSNR = 63.245193, NRMSE= 0.00068824070476601563115
acEff=1.000000
compressionRatio = 4.161262
  ✓ Compression and decompression successful (ratio: 4.16x)

[36/130] Processing: dardg1dt_1_384_320.dat

compression time=0.001653, total fastmode1 topology
compression size = 117131, CR = 4.196327
done
decompression time=0.003551
done
Min=0, Max=1, range=1
Max absolute error = 0.0009999599
Max relative error = 0.001000
Max pw relative error = 0.001000
PSNR = 65.040919, NRMSE= 0.00055969835585836791303
acEff=1.000000
compressionRatio = 4.196327
  ✓ Compression and decompression successful (ratio: 4.19x)

[37/130] Processing: dardg2dt_1_384_320.dat

compression time=0.001442, total fastmode1 topology
compression size = 116303, CR = 4.226202
done
decompression time=0.003526
done
Min=0, Max=1, range=1
Max absolute error = 0.0009999275
Max relative error = 0.001000
Max pw relative error = 0.001000
PSNR = 65.157393, NRMSE= 0.00055224313914723648956
acEff=1.000000
compressionRatio = 4.226202
  ✓ Compression and decompression successful (ratio: 4.22x)

[38/130] Processing: divu_1_384_320.dat
  ✗ Compression failed (exit code: 1)

[39/130] Processing: dvidtd_1_384_320.dat

compression time=0.001593, total fastmode1 topology
compression size = 118214, CR = 4.157883
done
decompression time=0.003604
done
Min=0, Max=1, range=1
Max absolute error = 0.0012038089
Max relative error = 0.001204
Max pw relative error = 0.001204
PSNR = 60.388188, NRMSE= 0.00095629213119001520247
acEff=1.000000
compressionRatio = 4.157883
  ✓ Compression and decompression successful (ratio: 4.15x)

[40/130] Processing: dvidtt_1_384_320.dat

compression time=0.001619, total fastmode1 topology
compression size = 117474, CR = 4.184075
done
decompression time=0.003551
done
Min=0, Max=1, range=1
Max absolute error = 0.0009999704
Max relative error = 0.001000
Max pw relative error = 0.001000
PSNR = 62.259067, NRMSE= 0.00077098627193671216955
acEff=1.000000
compressionRatio = 4.184075
  ✓ Compression and decompression successful (ratio: 4.18x)

[41/130] Processing: dvirdgdt_1_384_320.dat

compression time=0.001244, total fastmode1 topology
compression size = 116652, CR = 4.213558
done
decompression time=0.003509
done
Min=0, Max=1, range=1
Max absolute error = 0.0009999275
Max relative error = 0.001000
Max pw relative error = 0.001000
PSNR = 65.076473, NRMSE= 0.00055741203076659464385
acEff=1.000000
compressionRatio = 4.213558
  ✓ Compression and decompression successful (ratio: 4.21x)

[42/130] Processing: dxt_384_320.dat
Error: No critical points found!
  ✗ Compression failed

[43/130] Processing: dxu_384_320.dat
Error: No critical points found!
  ✗ Compression failed

[44/130] Processing: dyt_384_320.dat
Error: No critical points found!
  ✗ Compression failed

[45/130] Processing: dyu_384_320.dat

compression time=0.001157, total fastmode1 topology
compression size = 86103, CR = 5.708512
done
decompression time=0.003038
done
Min=0, Max=1, range=1
Max absolute error = 0.0009999871
Max relative error = 0.001000
Max pw relative error = 0.001000
PSNR = 65.256021, NRMSE= 0.00054600791520362538731
acEff=0.999998
compressionRatio = 5.708512
  ✓ Compression and decompression successful (ratio: 5.70x)

[46/130] Processing: evap_1_384_320.dat
  ✗ Compression failed (exit code: 1)

[47/130] Processing: evap_ai_1_384_320.dat

compression time=0.001298, total fastmode1 topology
compression size = 116132, CR = 4.232425
done
decompression time=0.003715
done
Min=0, Max=1, range=1
Max absolute error = 0.0009999275
Max relative error = 0.001000
Max pw relative error = 0.001000
PSNR = 62.531249, NRMSE= 0.0007472011436282057547
acEff=1.000000
compressionRatio = 4.232425
  ✓ Compression and decompression successful (ratio: 4.23x)

[48/130] Processing: faero_atm001_1_384_320.dat

compression time=0.001098, total fastmode1 topology
compression size = 114999, CR = 4.274124
done
decompression time=0.002860
done
Min=0, Max=1, range=1
Max absolute error = 0.0009999275
Max relative error = 0.001000
Max pw relative error = 0.001000
PSNR = 65.252569, NRMSE= 0.00054622494739052604874
acEff=1.000000
compressionRatio = 4.274124
  ✓ Compression and decompression successful (ratio: 4.27x)

[49/130] Processing: faero_atm002_1_384_320.dat

compression time=0.001079, total fastmode1 topology
compression size = 114999, CR = 4.274124
done
decompression time=0.002674
done
Min=0, Max=1, range=1
Max absolute error = 0.0009999275
Max relative error = 0.001000
Max pw relative error = 0.001000
PSNR = 65.252569, NRMSE= 0.00054622494739052604874
acEff=1.000000
compressionRatio = 4.274124
  ✓ Compression and decompression successful (ratio: 4.27x)

[50/130] Processing: faero_atm003_1_384_320.dat
  ✗ Compression failed (exit code: 1)

[51/130] Processing: faero_ocn001_1_384_320.dat

compression time=0.000916, total fastmode1 topology
compression size = 114999, CR = 4.274124
done
decompression time=0.002719
done
Min=0, Max=1, range=1
Max absolute error = 0.0009999275
Max relative error = 0.001000
Max pw relative error = 0.001000
PSNR = 65.252569, NRMSE= 0.00054622494739052604874
acEff=1.000000
compressionRatio = 4.274124
  ✓ Compression and decompression successful (ratio: 4.27x)

[52/130] Processing: faero_ocn002_1_384_320.dat

compression time=0.000953, total fastmode1 topology
compression size = 114999, CR = 4.274124
done
decompression time=0.002741
done
Min=0, Max=1, range=1
Max absolute error = 0.0009999275
Max relative error = 0.001000
Max pw relative error = 0.001000
PSNR = 65.252569, NRMSE= 0.00054622494739052604874
acEff=1.000000
compressionRatio = 4.274124
  ✓ Compression and decompression successful (ratio: 4.27x)

[53/130] Processing: faero_ocn003_1_384_320.dat

compression time=0.063792, total fastmode1 topology
compression size = 114999, CR = 4.274124
done
decompression time=0.002972
done
Min=0, Max=1, range=1
Max absolute error = 0.0009999275
Max relative error = 0.001000
Max pw relative error = 0.001000
PSNR = 65.252569, NRMSE= 0.00054622494739052604874
acEff=1.000000
compressionRatio = 4.274124
  ✓ Compression and decompression successful (ratio: 4.27x)

[54/130] Processing: fcondtop_ai_1_384_320.dat

compression time=0.001188, total fastmode1 topology
compression size = 116892, CR = 4.204907
done
decompression time=0.003661
done
Min=0, Max=1, range=1
Max absolute error = 0.0009999275
Max relative error = 0.001000
Max pw relative error = 0.001000
PSNR = 64.196074, NRMSE= 0.00061687376826806460464
acEff=1.000000
compressionRatio = 4.204907
  ✓ Compression and decompression successful (ratio: 4.20x)

[55/130] Processing: fhocn_1_384_320.dat

compression time=0.001494, total fastmode1 topology
compression size = 117752, CR = 4.174197
done
decompression time=0.003619
done
Min=0, Max=1, range=1
Max absolute error = 0.0010000020
Max relative error = 0.001000
Max pw relative error = 0.001000
PSNR = 64.462377, NRMSE= 0.00059824784697519721877
acEff=1.000000
compressionRatio = 4.174197
  ✓ Compression and decompression successful (ratio: 4.17x)

[56/130] Processing: fhocn_ai_1_384_320.dat

compression time=0.001316, total fastmode1 topology
compression size = 117483, CR = 4.183754
done
decompression time=0.003926
done
Min=0, Max=1, range=1
Max absolute error = 0.0009999275
Max relative error = 0.001000
Max pw relative error = 0.001000
PSNR = 62.074734, NRMSE= 0.00078752308070252673503
acEff=1.000000
compressionRatio = 4.183754
  ✓ Compression and decompression successful (ratio: 4.18x)

[57/130] Processing: flat_1_384_320.dat

compression time=0.001480, total fastmode1 topology
compression size = 118873, CR = 4.134833
done
decompression time=0.003663
done
Min=0, Max=1, range=1
Max absolute error = 0.0013413802
Max relative error = 0.001341
Max pw relative error = 0.001341
PSNR = 63.228256, NRMSE= 0.00068958406640900668776
acEff=1.000000
compressionRatio = 4.134833
  ✓ Compression and decompression successful (ratio: 4.13x)

[58/130] Processing: flat_ai_1_384_320.dat

compression time=0.001301, total fastmode1 topology
compression size = 117935, CR = 4.167719
done
decompression time=0.003621
done
Min=0, Max=1, range=1
Max absolute error = 0.0009999499
Max relative error = 0.001000
Max pw relative error = 0.001000
PSNR = 62.474053, NRMSE= 0.00075213768194259305114
acEff=1.000000
compressionRatio = 4.167720
  ✓ Compression and decompression successful (ratio: 4.16x)

[59/130] Processing: flwdn_1_384_320.dat

compression time=0.001541, total fastmode1 topology
compression size = 131467, CR = 3.738733
done
decompression time=0.004346
done
Min=0, Max=1, range=1
Max absolute error = 0.0011446774
Max relative error = 0.001145
Max pw relative error = 0.001145
PSNR = 62.781144, NRMSE= 0.0007260103251370014386
acEff=1.000000
compressionRatio = 3.738733
  ✓ Compression and decompression successful (ratio: 3.73x)

[60/130] Processing: flwup_1_384_320.dat

compression time=0.001953, total fastmode1 topology
compression size = 118342, CR = 4.153386
done
decompression time=0.003532
done
Min=0, Max=1, range=1
Max absolute error = 0.0009999275
Max relative error = 0.001000
Max pw relative error = 0.001000
PSNR = 64.667241, NRMSE= 0.00058430280185106544914
acEff=1.000000
compressionRatio = 4.153386
  ✓ Compression and decompression successful (ratio: 4.15x)

[61/130] Processing: flwup_ai_1_384_320.dat

compression time=0.001421, total fastmode1 topology
compression size = 118087, CR = 4.162355
done
decompression time=0.003781
done
Min=0, Max=1, range=1
Max absolute error = 0.0009999536
Max relative error = 0.001000
Max pw relative error = 0.001000
PSNR = 61.387139, NRMSE= 0.0008523992242150372654
acEff=1.000000
compressionRatio = 4.162355
  ✓ Compression and decompression successful (ratio: 4.16x)

[62/130] Processing: frazil_1_384_320.dat

compression time=0.001006, total fastmode1 topology
compression size = 116009, CR = 4.236913
done
decompression time=0.003468
done
Min=0, Max=1, range=1
Max absolute error = 0.0009999275
Max relative error = 0.001000
Max pw relative error = 0.001000
PSNR = 65.089592, NRMSE= 0.00055657077753581811214
acEff=1.000000
compressionRatio = 4.236913
  ✓ Compression and decompression successful (ratio: 4.23x)

[63/130] Processing: fresh_1_384_320.dat

compression time=0.001769, total fastmode1 topology
compression size = 119013, CR = 4.129969
done
decompression time=0.003642
done
Min=0, Max=1, range=1
Max absolute error = 0.0012184121
Max relative error = 0.001218
Max pw relative error = 0.001218
PSNR = 63.800611, NRMSE= 0.00064560882554999966115
acEff=1.000000
compressionRatio = 4.129969
  ✓ Compression and decompression successful (ratio: 4.12x)

[64/130] Processing: fresh_ai_1_384_320.dat

compression time=0.001347, total fastmode1 topology
compression size = 117705, CR = 4.175863
done
decompression time=0.003633
done
Min=0, Max=1, range=1
Max absolute error = 0.0012005381
Max relative error = 0.001201
Max pw relative error = 0.001201
PSNR = 62.320373, NRMSE= 0.0007655636973949649397
acEff=1.000000
compressionRatio = 4.175863
  ✓ Compression and decompression successful (ratio: 4.17x)

[65/130] Processing: fs_1_384_320.dat

compression time=0.001526, total fastmode1 topology
compression size = 117164, CR = 4.195145
done
decompression time=0.003576
done
Min=0, Max=1, range=1
Max absolute error = 0.0009999722
Max relative error = 0.001000
Max pw relative error = 0.001000
PSNR = 64.857227, NRMSE= 0.00057166112617250267654
acEff=1.000000
compressionRatio = 4.195145
  ✓ Compression and decompression successful (ratio: 4.19x)

[66/130] Processing: fsalt_1_384_320.dat

compression time=0.001472, total fastmode1 topology
compression size = 117748, CR = 4.174338
done
decompression time=0.003553
done
Min=0, Max=1, range=1
Max absolute error = 0.0010924796
Max relative error = 0.001092
Max pw relative error = 0.001092
PSNR = 63.613061, NRMSE= 0.00065970067491165817943
acEff=1.000000
compressionRatio = 4.174338
  ✓ Compression and decompression successful (ratio: 4.17x)

[67/130] Processing: fsalt_ai_1_384_320.dat

compression time=0.001346, total fastmode1 topology
compression size = 116256, CR = 4.227911
done
decompression time=0.003544
done
Min=0, Max=1, range=1
Max absolute error = 0.0010059321
Max relative error = 0.001006
Max pw relative error = 0.001006
PSNR = 60.354171, NRMSE= 0.00096004469788653790541
acEff=1.000000
compressionRatio = 4.227911
  ✓ Compression and decompression successful (ratio: 4.22x)

[68/130] Processing: fsens_1_384_320.dat

compression time=0.002189, total fastmode1 topology
compression size = 119058, CR = 4.128408
done
decompression time=0.003686
done
Min=0, Max=1, range=1
Max absolute error = 0.0016929395
Max relative error = 0.001693
Max pw relative error = 0.001693
PSNR = 62.370154, NRMSE= 0.00076118865643904623161
acEff=1.000000
compressionRatio = 4.128408
  ✓ Compression and decompression successful (ratio: 4.12x)

[69/130] Processing: fsens_ai_1_384_320.dat

compression time=0.001345, total fastmode1 topology
compression size = 117721, CR = 4.175296
done
decompression time=0.003641
done
Min=0, Max=1, range=1
Max absolute error = 0.0010012947
Max relative error = 0.001001
Max pw relative error = 0.001001
PSNR = 64.187391, NRMSE= 0.00061749074775150757533
acEff=1.000000
compressionRatio = 4.175296
  ✓ Compression and decompression successful (ratio: 4.17x)

[70/130] Processing: fsurf_ai_1_384_320.dat

compression time=0.001661, total fastmode1 topology
compression size = 117126, CR = 4.196507
done
decompression time=0.003557
done
Min=0, Max=1, range=1
Max absolute error = 0.0009999275
Max relative error = 0.001000
Max pw relative error = 0.001000
PSNR = 64.201604, NRMSE= 0.00061648114102286731553
acEff=1.000000
compressionRatio = 4.196506
  ✓ Compression and decompression successful (ratio: 4.19x)

[71/130] Processing: fswabs_1_384_320.dat

compression time=0.001794, total fastmode1 topology
compression size = 118114, CR = 4.161403
done
decompression time=0.003541
done
Min=0, Max=1, range=1
Max absolute error = 0.0017466173
Max relative error = 0.001747
Max pw relative error = 0.001747
PSNR = 64.966118, NRMSE= 0.00056453921431284933771
acEff=1.000000
compressionRatio = 4.161403
  ✓ Compression and decompression successful (ratio: 4.16x)

[72/130] Processing: fswabs_ai_1_384_320.dat

compression time=0.001818, total fastmode1 topology
compression size = 117283, CR = 4.190889
done
decompression time=0.003509
done
Min=0, Max=1, range=1
Max absolute error = 0.0009999275
Max relative error = 0.001000
Max pw relative error = 0.001000
PSNR = 65.006412, NRMSE= 0.00056192634862835689601
acEff=1.000000
compressionRatio = 4.190889
  ✓ Compression and decompression successful (ratio: 4.19x)

[73/130] Processing: fswdn_1_384_320.dat

compression time=0.002089, total fastmode1 topology
compression size = 132954, CR = 3.696918
done
decompression time=0.004374
done
Min=0, Max=1, range=1
Max absolute error = 0.0010239407
Max relative error = 0.001024
Max pw relative error = 0.001024
PSNR = 62.911734, NRMSE= 0.00071517662878389028254
acEff=1.000000
compressionRatio = 3.696918
  ✓ Compression and decompression successful (ratio: 3.69x)

[74/130] Processing: fswfac_1_384_320.dat

compression time=0.001600, total fastmode1 topology
compression size = 120510, CR = 4.078666
done
decompression time=0.003530
done
Min=0, Max=1, range=1
Max absolute error = 0.0017415080
Max relative error = 0.001742
Max pw relative error = 0.001742
PSNR = 64.031907, NRMSE= 0.00062864385438310757537
acEff=1.000000
compressionRatio = 4.078666
  ✓ Compression and decompression successful (ratio: 4.07x)

[75/130] Processing: fswthru_1_384_320.dat

compression time=0.001398, total fastmode1 topology
compression size = 118555, CR = 4.145924
done
decompression time=0.003475
done
Min=0, Max=1, range=1
Max absolute error = 0.0017630868
Max relative error = 0.001763
Max pw relative error = 0.001763
PSNR = 64.979403, NRMSE= 0.00056367638176496386807
acEff=1.000000
compressionRatio = 4.145924
  ✓ Compression and decompression successful (ratio: 4.14x)

[76/130] Processing: fswthru_ai_1_384_320.dat

compression time=0.001057, total fastmode1 topology
compression size = 117179, CR = 4.194608
done
decompression time=0.003467
done
Min=0, Max=1, range=1
Max absolute error = 0.0015817564
Max relative error = 0.001582
Max pw relative error = 0.001582
PSNR = 65.032314, NRMSE= 0.0005602531289166274046
acEff=1.000000
compressionRatio = 4.194608
  ✓ Compression and decompression successful (ratio: 4.19x)

[77/130] Processing: fswup_1_384_320.dat

compression time=0.001652, total fastmode1 topology
compression size = 133136, CR = 3.691864
done
decompression time=0.004465
done
Min=0, Max=1, range=1
Max absolute error = 0.0010239445
Max relative error = 0.001024
Max pw relative error = 0.001024
PSNR = 62.911758, NRMSE= 0.00071517460740121705821
acEff=1.000000
compressionRatio = 3.691864
  ✓ Compression and decompression successful (ratio: 3.69x)

[78/130] Processing: FYarea_1_384_320.dat

compression time=0.001117, total fastmode1 topology
compression size = 117483, CR = 4.183754
done
decompression time=0.003442
done
Min=0, Max=1, range=1
Max absolute error = 0.0009999741
Max relative error = 0.001000
Max pw relative error = 0.001000
PSNR = 64.859257, NRMSE= 0.00057152753517683064534
acEff=1.000000
compressionRatio = 4.183754
  ✓ Compression and decompression successful (ratio: 4.18x)

[79/130] Processing: hi_1_384_320.dat

compression time=0.001317, total fastmode1 topology
compression size = 117281, CR = 4.190960
done
decompression time=0.003479
done
Min=0, Max=1, range=1
Max absolute error = 0.0009999322
Max relative error = 0.001000
Max pw relative error = 0.001000
PSNR = 64.893265, NRMSE= 0.0005692942128718152554
acEff=1.000000
compressionRatio = 4.190960
  ✓ Compression and decompression successful (ratio: 4.19x)

[80/130] Processing: hisnap_1_384_320.dat

compression time=0.001604, total fastmode1 topology
compression size = 117361, CR = 4.188103
done
decompression time=0.003530
done
Min=0, Max=1, range=1
Max absolute error = 0.0011873692
Max relative error = 0.001187
Max pw relative error = 0.001187
PSNR = 64.892284, NRMSE= 0.0005693585060830277586
acEff=1.000000
compressionRatio = 4.188103
  ✓ Compression and decompression successful (ratio: 4.18x)

[81/130] Processing: hs_1_384_320.dat

compression time=0.001078, total fastmode1 topology
compression size = 116537, CR = 4.217716
done
decompression time=0.003476
done
Min=0, Max=1, range=1
Max absolute error = 0.0009999479
Max relative error = 0.001000
Max pw relative error = 0.001000
PSNR = 64.957595, NRMSE= 0.00056509341025763636709
acEff=1.000000
compressionRatio = 4.217716
  ✓ Compression and decompression successful (ratio: 4.21x)

[82/130] Processing: HTE_384_320.dat

compression time=0.000914, total fastmode1 topology
compression size = 85983, CR = 5.716479
done
decompression time=0.002858
done
Min=0, Max=1, range=1
Max absolute error = 0.0009999871
Max relative error = 0.001000
Max pw relative error = 0.001000
PSNR = 65.017388, NRMSE= 0.00056121674974861542051
acEff=0.999998
compressionRatio = 5.716479
  ✓ Compression and decompression successful (ratio: 5.71x)

[83/130] Processing: HTN_384_320.dat
Error: No critical points found!
  ✗ Compression failed

[84/130] Processing: iage_1_384_320.dat

compression time=0.001149, total fastmode1 topology
compression size = 118017, CR = 4.164824
done
decompression time=0.003528
done
Min=0, Max=1, range=1
Max absolute error = 0.0016180594
Max relative error = 0.001618
Max pw relative error = 0.001618
PSNR = 64.822102, NRMSE= 0.00057397756742936178152
acEff=1.000000
compressionRatio = 4.164824
  ✓ Compression and decompression successful (ratio: 4.16x)

[85/130] Processing: ice_present_1_384_320.dat

compression time=0.000817, total fastmode1 topology
compression size = 116203, CR = 4.229839
done
decompression time=0.002776
done
Min=0, Max=1, range=1
Max absolute error = 0.0009999275
Max relative error = 0.001000
Max pw relative error = 0.001000
PSNR = 65.181639, NRMSE= 0.0005507037502687000749
acEff=1.000000
compressionRatio = 4.229839
  ✓ Compression and decompression successful (ratio: 4.22x)

[86/130] Processing: meltb_1_384_320.dat

compression time=0.001143, total fastmode1 topology
compression size = 117522, CR = 4.182366
done
decompression time=0.003569
done
Min=0, Max=1, range=1
Max absolute error = 0.0017512455
Max relative error = 0.001751
Max pw relative error = 0.001751
PSNR = 65.001927, NRMSE= 0.00056221656315395991937
acEff=1.000000
compressionRatio = 4.182366
  ✓ Compression and decompression successful (ratio: 4.18x)

[87/130] Processing: meltl_1_384_320.dat
  ✗ Compression failed (exit code: 1)

[88/130] Processing: melts_1_384_320.dat

compression time=0.001081, total fastmode1 topology
compression size = 116629, CR = 4.214389
done
decompression time=0.003634
done
Min=0, Max=1, range=1
Max absolute error = 0.0009999275
Max relative error = 0.001000
Max pw relative error = 0.001000
PSNR = 65.041016, NRMSE= 0.00055969209832608445097
acEff=1.000000
compressionRatio = 4.214389
  ✓ Compression and decompression successful (ratio: 4.21x)

[89/130] Processing: meltt_1_384_320.dat

compression time=0.000908, total fastmode1 topology
compression size = 115170, CR = 4.267778
done
decompression time=0.003489
done
Min=0, Max=1, range=1
Max absolute error = 0.0009999275
Max relative error = 0.001000
Max pw relative error = 0.001000
PSNR = 65.245841, NRMSE= 0.00054664823684990118419
acEff=1.000000
compressionRatio = 4.267778
  ✓ Compression and decompression successful (ratio: 4.26x)

[90/130] Processing: opening_1_384_320.dat

compression time=0.001687, total fastmode1 topology
compression size = 121414, CR = 4.048297
done
decompression time=0.003804
done
Min=0, Max=1, range=1
Max absolute error = 0.0017261449
Max relative error = 0.001726
Max pw relative error = 0.001726
PSNR = 64.817245, NRMSE= 0.0005742986224590255085
acEff=1.000000
compressionRatio = 4.048298
  ✓ Compression and decompression successful (ratio: 4.04x)

[91/130] Processing: qi_1_384_320.dat

compression time=0.001071, total fastmode1 topology
compression size = 111593, CR = 4.404577
done
decompression time=0.003642
done
Min=0, Max=1, range=1
Max absolute error = 0.0010014176
Max relative error = 0.001001
Max pw relative error = 0.001001
PSNR = 63.754849, NRMSE= 0.00064901918278599079852
acEff=1.000000
compressionRatio = 4.404577
  ✓ Compression and decompression successful (ratio: 4.40x)

[92/130] Processing: Qref_1_384_320.dat

compression time=0.001186, total fastmode1 topology
compression size = 129492, CR = 3.795756
done
decompression time=0.004007
done
Min=0, Max=1, range=1
Max absolute error = 0.0010020137
Max relative error = 0.001002
Max pw relative error = 0.001002
PSNR = 62.733210, NRMSE= 0.00073002796501657398354
acEff=1.000000
compressionRatio = 3.795756
  ✓ Compression and decompression successful (ratio: 3.79x)

[93/130] Processing: qs_1_384_320.dat

compression time=0.001161, total fastmode1 topology
compression size = 111408, CR = 4.411891
done
decompression time=0.003512
done
Min=0, Max=1, range=1
Max absolute error = 0.0009999275
Max relative error = 0.001000
Max pw relative error = 0.001000
PSNR = 63.560209, NRMSE= 0.00066372712790084824764
acEff=1.000000
compressionRatio = 4.411891
  ✓ Compression and decompression successful (ratio: 4.41x)

[94/130] Processing: rain_1_384_320.dat

compression time=0.001642, total fastmode1 topology
compression size = 132770, CR = 3.702041
done
decompression time=0.004341
done
Min=0, Max=1, range=1
Max absolute error = 0.0013737623
Max relative error = 0.001374
Max pw relative error = 0.001374
PSNR = 63.070362, NRMSE= 0.00070223408748692941594
acEff=1.000000
compressionRatio = 3.702041
  ✓ Compression and decompression successful (ratio: 3.70x)

[95/130] Processing: rain_ai_1_384_320.dat

compression time=0.001269, total fastmode1 topology
compression size = 115904, CR = 4.240751
done
decompression time=0.003627
done
Min=0, Max=1, range=1
Max absolute error = 0.0009999275
Max relative error = 0.001000
Max pw relative error = 0.001000
PSNR = 65.159131, NRMSE= 0.00055213268290521685076
acEff=1.000000
compressionRatio = 4.240751
  ✓ Compression and decompression successful (ratio: 4.24x)

[96/130] Processing: shear_1_384_320.dat

compression time=0.001311, total fastmode1 topology
compression size = 121670, CR = 4.039780
done
decompression time=0.003772
done
Min=0, Max=1, range=1
Max absolute error = 0.0019265357
Max relative error = 0.001927
Max pw relative error = 0.001927
PSNR = 64.805580, NRMSE= 0.0005750704115011284279
acEff=1.000000
compressionRatio = 4.039780
  ✓ Compression and decompression successful (ratio: 4.03x)

[97/130] Processing: sig1_1_384_320.dat

compression time=0.001870, total fastmode1 topology
compression size = 83648, CR = 5.876052
done
decompression time=0.003708
done
Min=0, Max=1, range=1
Max absolute error = 0.0015628655
Max relative error = 0.001563
Max pw relative error = 0.001563
PSNR = 60.289737, NRMSE= 0.00096719296842666824948
acEff=1.000000
compressionRatio = 5.876052
  ✓ Compression and decompression successful (ratio: 5.87x)

[98/130] Processing: sig2_1_384_320.dat

compression time=0.001532, total fastmode1 topology
compression size = 83741, CR = 5.869526
done
decompression time=0.003812
done
Min=0, Max=1, range=1
Max absolute error = 0.0019051731
Max relative error = 0.001905
Max pw relative error = 0.001905
PSNR = 60.267892, NRMSE= 0.00096962860576294853093
acEff=1.000000
compressionRatio = 5.869526
  ✓ Compression and decompression successful (ratio: 5.86x)

[99/130] Processing: snoice_1_384_320.dat

compression time=0.001821, total fastmode1 topology
compression size = 115975, CR = 4.238155
done
decompression time=0.003570
done
Min=0, Max=1, range=1
Max absolute error = 0.0009999275
Max relative error = 0.001000
Max pw relative error = 0.001000
PSNR = 65.144495, NRMSE= 0.00055306381939112809597
acEff=1.000000
compressionRatio = 4.238155
  ✓ Compression and decompression successful (ratio: 4.23x)

[100/130] Processing: snow_1_384_320.dat

compression time=0.001175, total fastmode1 topology
compression size = 117995, CR = 4.165600
done
decompression time=0.003738
done
Min=0, Max=1, range=1
Max absolute error = 0.0009999751
Max relative error = 0.001000
Max pw relative error = 0.001000
PSNR = 64.703233, NRMSE= 0.00058188658795650357106
acEff=1.000000
compressionRatio = 4.165600
  ✓ Compression and decompression successful (ratio: 4.16x)

[101/130] Processing: snow_ai_1_384_320.dat

compression time=0.001586, total fastmode1 topology
compression size = 116243, CR = 4.228384
done
decompression time=0.003629
done
Min=0, Max=1, range=1
Max absolute error = 0.0009999275
Max relative error = 0.001000
Max pw relative error = 0.001000
PSNR = 64.929879, NRMSE= 0.00056689944072459347909
acEff=1.000000
compressionRatio = 4.228384
  ✓ Compression and decompression successful (ratio: 4.22x)

[102/130] Processing: strairx_1_384_320.dat

compression time=0.000923, total fastmode1 topology
compression size = 115861, CR = 4.242325
done
decompression time=0.003466
done
Min=0, Max=1, range=1
Max absolute error = 0.0010034381
Max relative error = 0.001003
Max pw relative error = 0.001003
PSNR = 64.532901, NRMSE= 0.00059341008827066470208
acEff=1.000000
compressionRatio = 4.242325
  ✓ Compression and decompression successful (ratio: 4.24x)

[103/130] Processing: strairy_1_384_320.dat

compression time=0.001362, total fastmode1 topology
compression size = 116032, CR = 4.236073
done
decompression time=0.003478
done
Min=0, Max=1, range=1
Max absolute error = 0.0010050122
Max relative error = 0.001005
Max pw relative error = 0.001005
PSNR = 64.762388, NRMSE= 0.00057793711769457158361
acEff=1.000000
compressionRatio = 4.236073
  ✓ Compression and decompression successful (ratio: 4.23x)

[104/130] Processing: strcorx_1_384_320.dat

compression time=0.001710, total fastmode1 topology
compression size = 115701, CR = 4.248191
done
decompression time=0.003541
done
Min=0, Max=1, range=1
Max absolute error = 0.0009999275
Max relative error = 0.001000
Max pw relative error = 0.001000
PSNR = 63.203913, NRMSE= 0.00069151936197253205743
acEff=1.000000
compressionRatio = 4.248191
  ✓ Compression and decompression successful (ratio: 4.24x)

[105/130] Processing: strcory_1_384_320.dat

compression time=0.001102, total fastmode1 topology
compression size = 115453, CR = 4.257317
done
decompression time=0.003452
done
Min=0, Max=1, range=1
Max absolute error = 0.0009999275
Max relative error = 0.001000
Max pw relative error = 0.001000
PSNR = 63.204857, NRMSE= 0.00069144420871902561275
acEff=1.000000
compressionRatio = 4.257317
  ✓ Compression and decompression successful (ratio: 4.25x)

[106/130] Processing: strength_1_384_320.dat

compression time=0.001026, total fastmode1 topology
compression size = 119469, CR = 4.114205
done
decompression time=0.003572
done
Min=0, Max=1, range=1
Max absolute error = 0.0013351627
Max relative error = 0.001335
Max pw relative error = 0.001335
PSNR = 64.924401, NRMSE= 0.00056725708243242974494
acEff=1.000000
compressionRatio = 4.114205
  ✓ Compression and decompression successful (ratio: 4.11x)

[107/130] Processing: strintx_1_384_320.dat

compression time=0.001260, total fastmode1 topology
compression size = 116274, CR = 4.227256
done
decompression time=0.003600
done
Min=0, Max=1, range=1
Max absolute error = 0.0009999275
Max relative error = 0.001000
Max pw relative error = 0.001000
PSNR = 61.936953, NRMSE= 0.00080011491207109637289
acEff=1.000000
compressionRatio = 4.227256
  ✓ Compression and decompression successful (ratio: 4.22x)

[108/130] Processing: strinty_1_384_320.dat

compression time=0.001539, total fastmode1 topology
compression size = 116509, CR = 4.218730
done
decompression time=0.003656
done
Min=0, Max=1, range=1
Max absolute error = 0.0010077911
Max relative error = 0.001008
Max pw relative error = 0.001008
PSNR = 65.058538, NRMSE= 0.00055856420917673257637
acEff=1.000000
compressionRatio = 4.218730
  ✓ Compression and decompression successful (ratio: 4.21x)

[109/130] Processing: strocnx_1_384_320.dat

compression time=0.001018, total fastmode1 topology
compression size = 116174, CR = 4.230895
done
decompression time=0.003512
done
Min=0, Max=1, range=1
Max absolute error = 0.0010024310
Max relative error = 0.001002
Max pw relative error = 0.001002
PSNR = 64.916473, NRMSE= 0.00056777509815853920323
acEff=1.000000
compressionRatio = 4.230895
  ✓ Compression and decompression successful (ratio: 4.23x)

[110/130] Processing: strocny_1_384_320.dat
  ✗ Compression failed (exit code: 1)

[111/130] Processing: Tair_1_384_320.dat

compression time=0.001646, total fastmode1 topology
compression size = 124028, CR = 3.962976
done
decompression time=0.003893
done
Min=0, Max=1, range=1
Max absolute error = 0.0009999909
Max relative error = 0.001000
Max pw relative error = 0.001000
PSNR = 62.737393, NRMSE= 0.00072967646407791808723
acEff=1.000000
compressionRatio = 3.962976
  ✓ Compression and decompression successful (ratio: 3.96x)

[112/130] Processing: tarea_384_320.dat
Error: No critical points found!
  ✗ Compression failed

[113/130] Processing: TLAT_384_320.dat

compression time=0.001097, total fastmode1 topology
compression size = 78157, CR = 6.288880
done
decompression time=0.002985
done
Min=0, Max=1, range=1
Max absolute error = 0.0009999871
Max relative error = 0.001000
Max pw relative error = 0.001000
PSNR = 64.760778, NRMSE= 0.00057804425989330034553
acEff=0.999998
compressionRatio = 6.288880
  ✓ Compression and decompression successful (ratio: 6.28x)

[114/130] Processing: TLON_384_320.dat

compression time=0.000906, total fastmode1 topology
compression size = 116514, CR = 4.218549
done
decompression time=0.002786
done
Min=0, Max=1, range=1
Max absolute error = 0.0009999871
Max relative error = 0.001000
Max pw relative error = 0.001000
PSNR = 64.509853, NRMSE= 0.00059498680615624965039
acEff=0.999998
compressionRatio = 4.218549
  ✓ Compression and decompression successful (ratio: 4.21x)

[115/130] Processing: tmask_384_320.dat

compression time=0.000958, total fastmode1 topology
compression size = 114999, CR = 4.274124
done
decompression time=0.002705
done
Min=0, Max=1, range=1
Max absolute error = 0.0009999275
Max relative error = 0.001000
Max pw relative error = 0.001000
PSNR = 61.539764, NRMSE= 0.00083755200053809472204
acEff=1.000000
compressionRatio = 4.274124
  ✓ Compression and decompression successful (ratio: 4.27x)

[116/130] Processing: transix_1_384_320.dat

compression time=0.001394, total fastmode1 topology
compression size = 117154, CR = 4.195503
done
decompression time=0.003497
done
Min=0, Max=1, range=1
Max absolute error = 0.0009999275
Max relative error = 0.001000
Max pw relative error = 0.001000
PSNR = 62.220583, NRMSE= 0.00077440984371132605586
acEff=1.000000
compressionRatio = 4.195503
  ✓ Compression and decompression successful (ratio: 4.19x)

[117/130] Processing: transiy_1_384_320.dat

compression time=0.001046, total fastmode1 topology
compression size = 117068, CR = 4.198586
done
decompression time=0.003604
done
Min=0, Max=1, range=1
Max absolute error = 0.0009999275
Max relative error = 0.001000
Max pw relative error = 0.001000
PSNR = 64.114855, NRMSE= 0.00062266902603447498842
acEff=1.000000
compressionRatio = 4.198585
  ✓ Compression and decompression successful (ratio: 4.19x)

[118/130] Processing: Tref_1_384_320.dat

compression time=0.001885, total fastmode1 topology
compression size = 124905, CR = 3.935151
done
decompression time=0.003934
done
Min=0, Max=1, range=1
Max absolute error = 0.0014443211
Max relative error = 0.001444
Max pw relative error = 0.001444
PSNR = 62.815511, NRMSE= 0.00072314345869824180925
acEff=1.000000
compressionRatio = 3.935151
  ✓ Compression and decompression successful (ratio: 3.93x)

[119/130] Processing: trsig_1_384_320.dat

compression time=0.001028, total fastmode1 topology
compression size = 116431, CR = 4.221556
done
decompression time=0.003559
done
Min=0, Max=1, range=1
Max absolute error = 0.0009999275
Max relative error = 0.001000
Max pw relative error = 0.001000
PSNR = 62.265979, NRMSE= 0.00077037300604110162464
acEff=1.000000
compressionRatio = 4.221556
  ✓ Compression and decompression successful (ratio: 4.22x)

[120/130] Processing: Tsfc_1_384_320.dat

compression time=0.001513, total fastmode1 topology
compression size = 117531, CR = 4.182045
done
decompression time=0.003582
done
Min=0, Max=1, range=1
Max absolute error = 0.0009999275
Max relative error = 0.001000
Max pw relative error = 0.001000
PSNR = 63.653778, NRMSE= 0.00065661541771543942801
acEff=1.000000
compressionRatio = 4.182046
  ✓ Compression and decompression successful (ratio: 4.18x)

[121/130] Processing: uarea_384_320.dat

compression time=0.001067, total fastmode1 topology
compression size = 79174, CR = 6.208098
done
decompression time=0.002814
done
Min=0, Max=1, range=1
Max absolute error = 0.0009999871
Max relative error = 0.001000
Max pw relative error = 0.001000
PSNR = 64.957587, NRMSE= 0.00056509394774340157216
acEff=0.999937
compressionRatio = 6.208099
  ✓ Compression and decompression successful (ratio: 6.20x)

[122/130] Processing: ULAT_384_320.dat

compression time=0.001039, total fastmode1 topology
compression size = 78165, CR = 6.288237
done
decompression time=0.002814
done
Min=0, Max=1, range=1
Max absolute error = 0.0009999871
Max relative error = 0.001000
Max pw relative error = 0.001000
PSNR = 64.978019, NRMSE= 0.00056376621106452810134
acEff=0.999999
compressionRatio = 6.288236
  ✓ Compression and decompression successful (ratio: 6.28x)

[123/130] Processing: ULON_384_320.dat

compression time=0.000991, total fastmode1 topology
compression size = 116449, CR = 4.220903
done
decompression time=0.003752
done
Min=0, Max=1, range=1
Max absolute error = 0.0009999871
Max relative error = 0.001000
Max pw relative error = 0.001000
PSNR = 64.897390, NRMSE= 0.00056902387184719880903
acEff=0.999998
compressionRatio = 4.220904
  ✓ Compression and decompression successful (ratio: 4.22x)

[124/130] Processing: uvel_1_384_320.dat
  ✗ Compression failed (exit code: 1)

[125/130] Processing: vicen001_1_384_320.dat

compression time=0.001247, total fastmode1 topology
compression size = 116687, CR = 4.212295
done
decompression time=0.003634
done
Min=0, Max=1, range=1
Max absolute error = 0.0010045965
Max relative error = 0.001005
Max pw relative error = 0.001005
PSNR = 64.944797, NRMSE= 0.0005659266601507782421
acEff=1.000000
compressionRatio = 4.212294
  ✓ Compression and decompression successful (ratio: 4.21x)

[126/130] Processing: vicen002_1_384_320.dat

compression time=0.001462, total fastmode1 topology
compression size = 116667, CR = 4.213017
done
decompression time=0.003550
done
Min=0, Max=1, range=1
Max absolute error = 0.0009999312
Max relative error = 0.001000
Max pw relative error = 0.001000
PSNR = 64.961048, NRMSE= 0.00056486880440575809505
acEff=1.000000
compressionRatio = 4.213017
  ✓ Compression and decompression successful (ratio: 4.21x)

[127/130] Processing: vicen003_1_384_320.dat
  ✗ Compression failed (exit code: 1)

[128/130] Processing: vicen004_1_384_320.dat

compression time=0.001390, total fastmode1 topology
compression size = 116448, CR = 4.220940
done
decompression time=0.003590
done
Min=0, Max=1, range=1
Max absolute error = 0.0009999275
Max relative error = 0.001000
Max pw relative error = 0.001000
PSNR = 65.009007, NRMSE= 0.00056175848419241867365
acEff=1.000000
compressionRatio = 4.220940
  ✓ Compression and decompression successful (ratio: 4.22x)

[129/130] Processing: vicen005_1_384_320.dat

compression time=0.001319, total fastmode1 topology
compression size = 116695, CR = 4.212006
done
decompression time=0.003523
done
Min=0, Max=1, range=1
Max absolute error = 0.0009999792
Max relative error = 0.001000
Max pw relative error = 0.001000
PSNR = 64.985313, NRMSE= 0.0005632929936779957486
acEff=1.000000
compressionRatio = 4.212006
  ✓ Compression and decompression successful (ratio: 4.21x)

[130/130] Processing: vvel_1_384_320.dat

compression time=0.001184, total fastmode1 topology
compression size = 118035, CR = 4.164188
done
decompression time=0.003586
done
Min=0, Max=1, range=1
Max absolute error = 0.0010713041
Max relative error = 0.001071
Max pw relative error = 0.001071
PSNR = 62.059697, NRMSE= 0.00078888762270717092701
acEff=1.000000
compressionRatio = 4.164189
  ✓ Compression and decompression successful (ratio: 4.16x)

=== Summary ===
Total files processed: 114
Total files skipped: 0
Total files failed: 16

