Input directory: ../../CESM-ICE-MODELS/4/log_normalized/
Output directory: ../../CESM-ICE-MODELS/4/log_normalized/topoSZp_8_thread/
Dimensions: 384x320 (122880 elements)
Error bound: 1E-4
Block size: 8

Found 130 .dat file(s) to process

[1/130] Processing: aeroiceint001_1_384_320.dat

compression time=0.001966, total fastmode1 topology
compression size = 143011, CR = 3.436939
done
decompression time=0.004590
done
Min=0, Max=1, range=1
Max absolute error = 0.0000000000
Max relative error = 0.000000
Max pw relative error = 0.000000
PSNR = inf, NRMSE= 0
acEff=1.000000
compressionRatio = 3.436938
  ✓ Compression and decompression successful (ratio: 3.43x)

[2/130] Processing: aeroiceint002_1_384_320.dat

compression time=0.002260, total fastmode1 topology
compression size = 143011, CR = 3.436939
done
decompression time=0.003852
done
Min=0, Max=1, range=1
Max absolute error = 0.0000000000
Max relative error = 0.000000
Max pw relative error = 0.000000
PSNR = inf, NRMSE= 0
acEff=1.000000
compressionRatio = 3.436938
  ✓ Compression and decompression successful (ratio: 3.43x)

[3/130] Processing: aeroiceint003_1_384_320.dat

compression time=0.001384, total fastmode1 topology
compression size = 143011, CR = 3.436939
done
decompression time=0.003821
done
Min=0, Max=1, range=1
Max absolute error = 0.0000000000
Max relative error = 0.000000
Max pw relative error = 0.000000
PSNR = inf, NRMSE= 0
acEff=1.000000
compressionRatio = 3.436938
  ✓ Compression and decompression successful (ratio: 3.43x)

[4/130] Processing: aeroicessl001_1_384_320.dat

compression time=0.001765, total fastmode1 topology
compression size = 143011, CR = 3.436939
done
decompression time=0.003574
done
Min=0, Max=1, range=1
Max absolute error = 0.0000000000
Max relative error = 0.000000
Max pw relative error = 0.000000
PSNR = inf, NRMSE= 0
acEff=1.000000
compressionRatio = 3.436938
  ✓ Compression and decompression successful (ratio: 3.43x)

[5/130] Processing: aeroicessl002_1_384_320.dat

compression time=0.001532, total fastmode1 topology
compression size = 143011, CR = 3.436939
done
decompression time=0.003779
done
Min=0, Max=1, range=1
Max absolute error = 0.0000000000
Max relative error = 0.000000
Max pw relative error = 0.000000
PSNR = inf, NRMSE= 0
acEff=1.000000
compressionRatio = 3.436938
  ✓ Compression and decompression successful (ratio: 3.43x)

[6/130] Processing: aeroicessl003_1_384_320.dat

compression time=0.002169, total fastmode1 topology
compression size = 143011, CR = 3.436939
done
decompression time=0.003690
done
Min=0, Max=1, range=1
Max absolute error = 0.0000000000
Max relative error = 0.000000
Max pw relative error = 0.000000
PSNR = inf, NRMSE= 0
acEff=1.000000
compressionRatio = 3.436938
  ✓ Compression and decompression successful (ratio: 3.43x)

[7/130] Processing: aerosnoint001_1_384_320.dat

compression time=0.001493, total fastmode1 topology
compression size = 143011, CR = 3.436939
done
decompression time=0.003903
done
Min=0, Max=1, range=1
Max absolute error = 0.0000000000
Max relative error = 0.000000
Max pw relative error = 0.000000
PSNR = inf, NRMSE= 0
acEff=1.000000
compressionRatio = 3.436938
  ✓ Compression and decompression successful (ratio: 3.43x)

[8/130] Processing: aerosnoint002_1_384_320.dat

compression time=0.001809, total fastmode1 topology
compression size = 143011, CR = 3.436939
done
decompression time=0.003861
done
Min=0, Max=1, range=1
Max absolute error = 0.0000000000
Max relative error = 0.000000
Max pw relative error = 0.000000
PSNR = inf, NRMSE= 0
acEff=1.000000
compressionRatio = 3.436938
  ✓ Compression and decompression successful (ratio: 3.43x)

[9/130] Processing: aerosnoint003_1_384_320.dat

compression time=0.001642, total fastmode1 topology
compression size = 143026, CR = 3.436578
done
decompression time=0.004560
done
Min=0, Max=1, range=1
Max absolute error = 0.0000010052
Max relative error = 0.000001
Max pw relative error = 0.000001
PSNR = 155.596361, NRMSE= 1.6602822837806683242E-08
acEff=1.000000
compressionRatio = 3.436578
  ✓ Compression and decompression successful (ratio: 3.43x)

[10/130] Processing: aerosnossl001_1_384_320.dat

compression time=0.001660, total fastmode1 topology
compression size = 143011, CR = 3.436939
done
decompression time=0.003715
done
Min=0, Max=1, range=1
Max absolute error = 0.0000000000
Max relative error = 0.000000
Max pw relative error = 0.000000
PSNR = inf, NRMSE= 0
acEff=1.000000
compressionRatio = 3.436938
  ✓ Compression and decompression successful (ratio: 3.43x)

[11/130] Processing: aerosnossl002_1_384_320.dat

compression time=0.001794, total fastmode1 topology
compression size = 143011, CR = 3.436939
done
decompression time=0.003708
done
Min=0, Max=1, range=1
Max absolute error = 0.0000000000
Max relative error = 0.000000
Max pw relative error = 0.000000
PSNR = inf, NRMSE= 0
acEff=1.000000
compressionRatio = 3.436938
  ✓ Compression and decompression successful (ratio: 3.43x)

[12/130] Processing: aerosnossl003_1_384_320.dat

compression time=0.002232, total fastmode1 topology
compression size = 143094, CR = 3.434945
done
decompression time=0.004481
done
Min=0, Max=1, range=1
Max absolute error = 0.0000013113
Max relative error = 0.000001
Max pw relative error = 0.000001
PSNR = 151.561833, NRMSE= 2.6418512517789910362E-08
acEff=1.000000
compressionRatio = 3.434945
  ✓ Compression and decompression successful (ratio: 3.43x)

[13/130] Processing: aice_1_384_320.dat

compression time=0.001805, total fastmode1 topology
compression size = 149437, CR = 3.289145
done
decompression time=0.005068
done
Min=0, Max=1, range=1
Max absolute error = 0.0001852438
Max relative error = 0.000185
Max pw relative error = 0.000185
PSNR = 95.009704, NRMSE= 1.7762938174764478992E-05
acEff=1.000000
compressionRatio = 3.289145
  ✓ Compression and decompression successful (ratio: 3.28x)

[14/130] Processing: aicen001_1_384_320.dat

compression time=0.001872, total fastmode1 topology
compression size = 150017, CR = 3.276429
done
decompression time=0.004682
done
Min=0, Max=1, range=1
Max absolute error = 0.0001801550
Max relative error = 0.000180
Max pw relative error = 0.000180
PSNR = 95.046157, NRMSE= 1.7688546442694625294E-05
acEff=1.000000
compressionRatio = 3.276429
  ✓ Compression and decompression successful (ratio: 3.27x)

[15/130] Processing: aicen002_1_384_320.dat

compression time=0.002257, total fastmode1 topology
compression size = 149436, CR = 3.289167
done
decompression time=0.004617
done
Min=0, Max=1, range=1
Max absolute error = 0.0001365952
Max relative error = 0.000137
Max pw relative error = 0.000137
PSNR = 95.288456, NRMSE= 1.7201930908705555885E-05
acEff=1.000000
compressionRatio = 3.289167
  ✓ Compression and decompression successful (ratio: 3.28x)

[16/130] Processing: aicen003_1_384_320.dat

compression time=0.001964, total fastmode1 topology
compression size = 148948, CR = 3.299944
done
decompression time=0.004673
done
Min=0, Max=1, range=1
Max absolute error = 0.0001926422
Max relative error = 0.000193
Max pw relative error = 0.000193
PSNR = 95.359848, NRMSE= 1.7061122238379589766E-05
acEff=1.000000
compressionRatio = 3.299944
  ✓ Compression and decompression successful (ratio: 3.29x)

[17/130] Processing: aicen004_1_384_320.dat

compression time=0.001846, total fastmode1 topology
compression size = 148723, CR = 3.304936
done
decompression time=0.004791
done
Min=0, Max=1, range=1
Max absolute error = 0.0001578331
Max relative error = 0.000158
Max pw relative error = 0.000158
PSNR = 95.431016, NRMSE= 1.6921903051580450381E-05
acEff=1.000000
compressionRatio = 3.304936
  ✓ Compression and decompression successful (ratio: 3.30x)

[18/130] Processing: aicen005_1_384_320.dat

compression time=0.001596, total fastmode1 topology
compression size = 148424, CR = 3.311594
done
decompression time=0.004785
done
Min=0, Max=1, range=1
Max absolute error = 0.0001908503
Max relative error = 0.000191
Max pw relative error = 0.000191
PSNR = 95.608215, NRMSE= 1.6580181236494453999E-05
acEff=1.000000
compressionRatio = 3.311594
  ✓ Compression and decompression successful (ratio: 3.31x)

[19/130] Processing: aisnap_1_384_320.dat

compression time=0.002424, total fastmode1 topology
compression size = 147343, CR = 3.335890
done
decompression time=0.004820
done
Min=0, Max=1, range=1
Max absolute error = 0.0001680958
Max relative error = 0.000168
Max pw relative error = 0.000168
PSNR = 95.656189, NRMSE= 1.6488856130365018372E-05
acEff=1.000000
compressionRatio = 3.335890
  ✓ Compression and decompression successful (ratio: 3.33x)

[20/130] Processing: albice_1_384_320.dat

compression time=0.001390, total fastmode1 topology
compression size = 144599, CR = 3.399194
done
decompression time=0.004631
done
Min=0, Max=1, range=1
Max absolute error = 0.0001142425
Max relative error = 0.000114
Max pw relative error = 0.000114
PSNR = 102.860374, NRMSE= 7.194179987549020514E-06
acEff=1.000000
compressionRatio = 3.399194
  ✓ Compression and decompression successful (ratio: 3.39x)

[21/130] Processing: albpnd_1_384_320.dat

compression time=0.001427, total fastmode1 topology
compression size = 144167, CR = 3.409379
done
decompression time=0.004509
done
Min=0, Max=1, range=1
Max absolute error = 0.0001480058
Max relative error = 0.000148
Max pw relative error = 0.000148
PSNR = 104.081649, NRMSE= 6.2505400993807281812E-06
acEff=1.000000
compressionRatio = 3.409379
  ✓ Compression and decompression successful (ratio: 3.40x)

[22/130] Processing: albsno_1_384_320.dat

compression time=0.001572, total fastmode1 topology
compression size = 146149, CR = 3.363143
done
decompression time=0.004361
done
Min=0, Max=1, range=1
Max absolute error = 0.0001099575
Max relative error = 0.000110
Max pw relative error = 0.000110
PSNR = 97.525191, NRMSE= 1.3296595524297475594E-05
acEff=1.000000
compressionRatio = 3.363143
  ✓ Compression and decompression successful (ratio: 3.36x)

[23/130] Processing: alidr_1_384_320.dat

compression time=0.001962, total fastmode1 topology
compression size = 146618, CR = 3.352385
done
decompression time=0.004692
done
Min=0, Max=1, range=1
Max absolute error = 0.0001240708
Max relative error = 0.000124
Max pw relative error = 0.000124
PSNR = 97.072807, NRMSE= 1.4007469020273429852E-05
acEff=1.000000
compressionRatio = 3.352385
  ✓ Compression and decompression successful (ratio: 3.35x)

[24/130] Processing: alvdr_1_384_320.dat

compression time=0.001872, total fastmode1 topology
compression size = 146550, CR = 3.353941
done
decompression time=0.004584
done
Min=0, Max=1, range=1
Max absolute error = 0.0001290962
Max relative error = 0.000129
Max pw relative error = 0.000129
PSNR = 97.011519, NRMSE= 1.4106655523277044669E-05
acEff=1.000000
compressionRatio = 3.353941
  ✓ Compression and decompression successful (ratio: 3.35x)

[25/130] Processing: ANGLE_384_320.dat

compression time=0.001351, total fastmode1 topology
compression size = 128306, CR = 3.830842
done
decompression time=0.003589
done
Min=0, Max=1, range=1
Max absolute error = 0.0001000166
Max relative error = 0.000100
Max pw relative error = 0.000100
PSNR = 86.363857, NRMSE= 4.8062585421374647693E-05
acEff=1.000000
compressionRatio = 3.830842
  ✓ Compression and decompression successful (ratio: 3.83x)

[26/130] Processing: ANGLET_384_320.dat
Error: No critical points found!
  ✗ Compression failed

[27/130] Processing: apond001_1_384_320.dat

compression time=0.001828, total fastmode1 topology
compression size = 147712, CR = 3.327556
done
decompression time=0.004606
done
Min=0, Max=1, range=1
Max absolute error = 0.0001645242
Max relative error = 0.000165
Max pw relative error = 0.000165
PSNR = 98.123521, NRMSE= 1.2411491100991236912E-05
acEff=1.000000
compressionRatio = 3.327556
  ✓ Compression and decompression successful (ratio: 3.32x)

[28/130] Processing: apond002_1_384_320.dat

compression time=0.001987, total fastmode1 topology
compression size = 155386, CR = 3.163219
done
decompression time=0.005225
done
Min=0, Max=1, range=1
Max absolute error = 0.0001754612
Max relative error = 0.000175
Max pw relative error = 0.000175
PSNR = 95.352834, NRMSE= 1.7074904548029326578E-05
acEff=1.000000
compressionRatio = 3.163219
  ✓ Compression and decompression successful (ratio: 3.16x)

[29/130] Processing: apond003_1_384_320.dat

compression time=0.002634, total fastmode1 topology
compression size = 153217, CR = 3.207999
done
decompression time=0.004917
done
Min=0, Max=1, range=1
Max absolute error = 0.0001840703
Max relative error = 0.000184
Max pw relative error = 0.000184
PSNR = 96.531758, NRMSE= 1.4907750762038920024E-05
acEff=1.000000
compressionRatio = 3.207999
  ✓ Compression and decompression successful (ratio: 3.20x)

[30/130] Processing: apond004_1_384_320.dat

compression time=0.002141, total fastmode1 topology
compression size = 150451, CR = 3.266977
done
decompression time=0.004778
done
Min=0, Max=1, range=1
Max absolute error = 0.0001748390
Max relative error = 0.000175
Max pw relative error = 0.000175
PSNR = 97.566186, NRMSE= 1.3233986601740675088E-05
acEff=1.000000
compressionRatio = 3.266977
  ✓ Compression and decompression successful (ratio: 3.26x)

[31/130] Processing: apond005_1_384_320.dat

compression time=0.001969, total fastmode1 topology
compression size = 148810, CR = 3.303004
done
decompression time=0.004879
done
Min=0, Max=1, range=1
Max absolute error = 0.0001790747
Max relative error = 0.000179
Max pw relative error = 0.000179
PSNR = 98.396086, NRMSE= 1.2028063122049254896E-05
acEff=1.000000
compressionRatio = 3.303004
  ✓ Compression and decompression successful (ratio: 3.30x)

[32/130] Processing: congel_1_384_320.dat

compression time=0.001577, total fastmode1 topology
compression size = 144956, CR = 3.390822
done
decompression time=0.004703
done
Min=0, Max=1, range=1
Max absolute error = 0.0001339922
Max relative error = 0.000134
Max pw relative error = 0.000134
PSNR = 98.760423, NRMSE= 1.1533970217844301988E-05
acEff=1.000000
compressionRatio = 3.390822
  ✓ Compression and decompression successful (ratio: 3.39x)

[33/130] Processing: coszen_1_384_320.dat

compression time=0.001629, total fastmode1 topology
compression size = 144197, CR = 3.408670
done
decompression time=0.003711
done
Min=0, Max=1, range=1
Max absolute error = 0.0001006883
Max relative error = 0.000101
Max pw relative error = 0.000101
PSNR = 86.406374, NRMSE= 4.7827897212772584241E-05
acEff=1.000000
compressionRatio = 3.408670
  ✓ Compression and decompression successful (ratio: 3.40x)

[34/130] Processing: daidtd_1_384_320.dat

compression time=0.002414, total fastmode1 topology
compression size = 147734, CR = 3.327061
done
decompression time=0.004810
done
Min=0, Max=1, range=1
Max absolute error = 0.0001664832
Max relative error = 0.000166
Max pw relative error = 0.000166
PSNR = 83.165271, NRMSE= 6.946026545577441624E-05
acEff=1.000000
compressionRatio = 3.327061
  ✓ Compression and decompression successful (ratio: 3.32x)

[35/130] Processing: daidtt_1_384_320.dat

compression time=0.001742, total fastmode1 topology
compression size = 148236, CR = 3.315794
done
decompression time=0.004947
done
Min=0, Max=1, range=1
Max absolute error = 0.0001523327
Max relative error = 0.000152
Max pw relative error = 0.000152
PSNR = 82.515426, NRMSE= 7.485635930491778495E-05
acEff=1.000000
compressionRatio = 3.315794
  ✓ Compression and decompression successful (ratio: 3.31x)

[36/130] Processing: dardg1dt_1_384_320.dat

compression time=0.001866, total fastmode1 topology
compression size = 146892, CR = 3.346132
done
decompression time=0.004707
done
Min=0, Max=1, range=1
Max absolute error = 0.0001381723
Max relative error = 0.000138
Max pw relative error = 0.000138
PSNR = 96.933848, NRMSE= 1.4233365218442091692E-05
acEff=1.000000
compressionRatio = 3.346132
  ✓ Compression and decompression successful (ratio: 3.34x)

[37/130] Processing: dardg2dt_1_384_320.dat

compression time=0.002301, total fastmode1 topology
compression size = 145419, CR = 3.380026
done
decompression time=0.004684
done
Min=0, Max=1, range=1
Max absolute error = 0.0000999980
Max relative error = 0.000100
Max pw relative error = 0.000100
PSNR = 98.260449, NRMSE= 1.221736450842037368E-05
acEff=1.000000
compressionRatio = 3.380026
  ✓ Compression and decompression successful (ratio: 3.38x)

[38/130] Processing: divu_1_384_320.dat

compression time=0.002696, total fastmode1 topology
compression size = 149398, CR = 3.290004
done
decompression time=0.004907
done
Min=0, Max=1, range=1
Max absolute error = 0.0001671426
Max relative error = 0.000167
Max pw relative error = 0.000167
PSNR = 91.545712, NRMSE= 2.6467590345157909483E-05
acEff=1.000000
compressionRatio = 3.290004
  ✓ Compression and decompression successful (ratio: 3.29x)

[39/130] Processing: dvidtd_1_384_320.dat

compression time=0.001886, total fastmode1 topology
compression size = 147892, CR = 3.323506
done
decompression time=0.005012
done
Min=0, Max=1, range=1
Max absolute error = 0.0001615174
Max relative error = 0.000162
Max pw relative error = 0.000162
PSNR = 84.048340, NRMSE= 6.2745561857796721176E-05
acEff=1.000000
compressionRatio = 3.323506
  ✓ Compression and decompression successful (ratio: 3.32x)

[40/130] Processing: dvidtt_1_384_320.dat

compression time=0.001760, total fastmode1 topology
compression size = 147512, CR = 3.332068
done
decompression time=0.004755
done
Min=0, Max=1, range=1
Max absolute error = 0.0001450107
Max relative error = 0.000145
Max pw relative error = 0.000145
PSNR = 86.129710, NRMSE= 4.9375842336448449966E-05
acEff=1.000000
compressionRatio = 3.332068
  ✓ Compression and decompression successful (ratio: 3.33x)

[41/130] Processing: dvirdgdt_1_384_320.dat

compression time=0.001663, total fastmode1 topology
compression size = 146061, CR = 3.365169
done
decompression time=0.004641
done
Min=0, Max=1, range=1
Max absolute error = 0.0001760251
Max relative error = 0.000176
Max pw relative error = 0.000176
PSNR = 97.319339, NRMSE= 1.3615483340308038397E-05
acEff=1.000000
compressionRatio = 3.365169
  ✓ Compression and decompression successful (ratio: 3.36x)

[42/130] Processing: dxt_384_320.dat
Error: No critical points found!
  ✗ Compression failed

[43/130] Processing: dxu_384_320.dat
Error: No critical points found!
  ✗ Compression failed

[44/130] Processing: dyt_384_320.dat
Error: No critical points found!
  ✗ Compression failed

[45/130] Processing: dyu_384_320.dat

compression time=0.001796, total fastmode1 topology
compression size = 138737, CR = 3.542818
done
decompression time=0.003772
done
Min=0, Max=1, range=1
Max absolute error = 0.0001000166
Max relative error = 0.000100
Max pw relative error = 0.000100
PSNR = 83.226216, NRMSE= 6.8974599351123277308E-05
acEff=1.000000
compressionRatio = 3.542818
  ✓ Compression and decompression successful (ratio: 3.54x)

[46/130] Processing: evap_1_384_320.dat

compression time=0.001438, total fastmode1 topology
compression size = 146301, CR = 3.359649
done
decompression time=0.004968
done
Min=0, Max=1, range=1
Max absolute error = 0.0001073880
Max relative error = 0.000107
Max pw relative error = 0.000107
PSNR = 88.518196, NRMSE= 3.7505087898421432134E-05
acEff=1.000000
compressionRatio = 3.359649
  ✓ Compression and decompression successful (ratio: 3.35x)

[47/130] Processing: evap_ai_1_384_320.dat

compression time=0.002194, total fastmode1 topology
compression size = 145241, CR = 3.384168
done
decompression time=0.004755
done
Min=0, Max=1, range=1
Max absolute error = 0.0000999930
Max relative error = 0.000100
Max pw relative error = 0.000100
PSNR = 92.806433, NRMSE= 2.2891717340745084422E-05
acEff=1.000000
compressionRatio = 3.384168
  ✓ Compression and decompression successful (ratio: 3.38x)

[48/130] Processing: faero_atm001_1_384_320.dat

compression time=0.001475, total fastmode1 topology
compression size = 143011, CR = 3.436939
done
decompression time=0.003638
done
Min=0, Max=1, range=1
Max absolute error = 0.0000000000
Max relative error = 0.000000
Max pw relative error = 0.000000
PSNR = inf, NRMSE= 0
acEff=1.000000
compressionRatio = 3.436938
  ✓ Compression and decompression successful (ratio: 3.43x)

[49/130] Processing: faero_atm002_1_384_320.dat

compression time=0.001781, total fastmode1 topology
compression size = 143011, CR = 3.436939
done
decompression time=0.003676
done
Min=0, Max=1, range=1
Max absolute error = 0.0000000000
Max relative error = 0.000000
Max pw relative error = 0.000000
PSNR = inf, NRMSE= 0
acEff=1.000000
compressionRatio = 3.436938
  ✓ Compression and decompression successful (ratio: 3.43x)

[50/130] Processing: faero_atm003_1_384_320.dat

compression time=0.001893, total fastmode1 topology
compression size = 143011, CR = 3.436939
done
decompression time=0.003631
done
Min=0, Max=1, range=1
Max absolute error = 0.0000000000
Max relative error = 0.000000
Max pw relative error = 0.000000
PSNR = inf, NRMSE= 0
acEff=1.000000
compressionRatio = 3.436938
  ✓ Compression and decompression successful (ratio: 3.43x)

[51/130] Processing: faero_ocn001_1_384_320.dat

compression time=0.001631, total fastmode1 topology
compression size = 143011, CR = 3.436939
done
decompression time=0.003749
done
Min=0, Max=1, range=1
Max absolute error = 0.0000000000
Max relative error = 0.000000
Max pw relative error = 0.000000
PSNR = inf, NRMSE= 0
acEff=1.000000
compressionRatio = 3.436938
  ✓ Compression and decompression successful (ratio: 3.43x)

[52/130] Processing: faero_ocn002_1_384_320.dat

compression time=0.001382, total fastmode1 topology
compression size = 143011, CR = 3.436939
done
decompression time=0.003671
done
Min=0, Max=1, range=1
Max absolute error = 0.0000000000
Max relative error = 0.000000
Max pw relative error = 0.000000
PSNR = inf, NRMSE= 0
acEff=1.000000
compressionRatio = 3.436938
  ✓ Compression and decompression successful (ratio: 3.43x)

[53/130] Processing: faero_ocn003_1_384_320.dat

compression time=0.002225, total fastmode1 topology
compression size = 143011, CR = 3.436939
done
decompression time=0.003806
done
Min=0, Max=1, range=1
Max absolute error = 0.0000000000
Max relative error = 0.000000
Max pw relative error = 0.000000
PSNR = inf, NRMSE= 0
acEff=1.000000
compressionRatio = 3.436938
  ✓ Compression and decompression successful (ratio: 3.43x)

[54/130] Processing: fcondtop_ai_1_384_320.dat

compression time=0.001661, total fastmode1 topology
compression size = 146300, CR = 3.359672
done
decompression time=0.004916
done
Min=0, Max=1, range=1
Max absolute error = 0.0001525842
Max relative error = 0.000153
Max pw relative error = 0.000153
PSNR = 81.950357, NRMSE= 7.9888110766859678647E-05
acEff=1.000000
compressionRatio = 3.359672
  ✓ Compression and decompression successful (ratio: 3.35x)

[55/130] Processing: fhocn_1_384_320.dat

compression time=0.002201, total fastmode1 topology
compression size = 147598, CR = 3.330127
done
decompression time=0.004991
done
Min=0, Max=1, range=1
Max absolute error = 0.0001507178
Max relative error = 0.000151
Max pw relative error = 0.000151
PSNR = 90.487349, NRMSE= 2.9897340485337676709E-05
acEff=1.000000
compressionRatio = 3.330126
  ✓ Compression and decompression successful (ratio: 3.33x)

[56/130] Processing: fhocn_ai_1_384_320.dat

compression time=0.002249, total fastmode1 topology
compression size = 147690, CR = 3.328052
done
decompression time=0.004712
done
Min=0, Max=1, range=1
Max absolute error = 0.0001634583
Max relative error = 0.000163
Max pw relative error = 0.000163
PSNR = 82.617810, NRMSE= 7.3979175428558010034E-05
acEff=1.000000
compressionRatio = 3.328052
  ✓ Compression and decompression successful (ratio: 3.32x)

[57/130] Processing: flat_1_384_320.dat

compression time=0.002228, total fastmode1 topology
compression size = 149618, CR = 3.285166
done
decompression time=0.004728
done
Min=0, Max=1, range=1
Max absolute error = 0.0001933463
Max relative error = 0.000193
Max pw relative error = 0.000193
PSNR = 82.841136, NRMSE= 7.2101318231900717124E-05
acEff=1.000000
compressionRatio = 3.285166
  ✓ Compression and decompression successful (ratio: 3.28x)

[58/130] Processing: flat_ai_1_384_320.dat

compression time=0.001766, total fastmode1 topology
compression size = 148238, CR = 3.315749
done
decompression time=0.005051
done
Min=0, Max=1, range=1
Max absolute error = 0.0001677051
Max relative error = 0.000168
Max pw relative error = 0.000168
PSNR = 92.225681, NRMSE= 2.4474619447016159035E-05
acEff=1.000000
compressionRatio = 3.315749
  ✓ Compression and decompression successful (ratio: 3.31x)

[59/130] Processing: flwdn_1_384_320.dat

compression time=0.002585, total fastmode1 topology
compression size = 173664, CR = 2.830293
done
decompression time=0.005772
done
Min=0, Max=1, range=1
Max absolute error = 0.0001823008
Max relative error = 0.000182
Max pw relative error = 0.000182
PSNR = 86.306810, NRMSE= 4.8379291364496635613E-05
acEff=1.000000
compressionRatio = 2.830293
  ✓ Compression and decompression successful (ratio: 2.83x)

[60/130] Processing: flwup_1_384_320.dat

compression time=0.002490, total fastmode1 topology
compression size = 148994, CR = 3.298925
done
decompression time=0.004883
done
Min=0, Max=1, range=1
Max absolute error = 0.0001647286
Max relative error = 0.000165
Max pw relative error = 0.000165
PSNR = 91.053585, NRMSE= 2.8010492345094362246E-05
acEff=1.000000
compressionRatio = 3.298925
  ✓ Compression and decompression successful (ratio: 3.29x)

[61/130] Processing: flwup_ai_1_384_320.dat

compression time=0.002129, total fastmode1 topology
compression size = 148902, CR = 3.300963
done
decompression time=0.004650
done
Min=0, Max=1, range=1
Max absolute error = 0.0001321696
Max relative error = 0.000132
Max pw relative error = 0.000132
PSNR = 94.682446, NRMSE= 1.8444959262855006318E-05
acEff=1.000000
compressionRatio = 3.300963
  ✓ Compression and decompression successful (ratio: 3.30x)

[62/130] Processing: frazil_1_384_320.dat

compression time=0.002360, total fastmode1 topology
compression size = 144877, CR = 3.392671
done
decompression time=0.004432
done
Min=0, Max=1, range=1
Max absolute error = 0.0001440940
Max relative error = 0.000144
Max pw relative error = 0.000144
PSNR = 98.965540, NRMSE= 1.1264787971655697318E-05
acEff=1.000000
compressionRatio = 3.392671
  ✓ Compression and decompression successful (ratio: 3.39x)

[63/130] Processing: fresh_1_384_320.dat

compression time=0.001925, total fastmode1 topology
compression size = 149517, CR = 3.287385
done
decompression time=0.004758
done
Min=0, Max=1, range=1
Max absolute error = 0.0001532249
Max relative error = 0.000153
Max pw relative error = 0.000153
PSNR = 84.187826, NRMSE= 6.1745979758988430038E-05
acEff=1.000000
compressionRatio = 3.287385
  ✓ Compression and decompression successful (ratio: 3.28x)

[64/130] Processing: fresh_ai_1_384_320.dat

compression time=0.001826, total fastmode1 topology
compression size = 147681, CR = 3.328255
done
decompression time=0.004852
done
Min=0, Max=1, range=1
Max absolute error = 0.0001884643
Max relative error = 0.000188
Max pw relative error = 0.000188
PSNR = 87.767727, NRMSE= 4.0889674429850373977E-05
acEff=1.000000
compressionRatio = 3.328255
  ✓ Compression and decompression successful (ratio: 3.32x)

[65/130] Processing: fs_1_384_320.dat

compression time=0.001620, total fastmode1 topology
compression size = 146962, CR = 3.344538
done
decompression time=0.004734
done
Min=0, Max=1, range=1
Max absolute error = 0.0001843525
Max relative error = 0.000184
Max pw relative error = 0.000184
PSNR = 95.468211, NRMSE= 1.6849595247983632063E-05
acEff=1.000000
compressionRatio = 3.344538
  ✓ Compression and decompression successful (ratio: 3.34x)

[66/130] Processing: fsalt_1_384_320.dat

compression time=0.001676, total fastmode1 topology
compression size = 147525, CR = 3.331774
done
decompression time=0.004703
done
Min=0, Max=1, range=1
Max absolute error = 0.0001768521
Max relative error = 0.000177
Max pw relative error = 0.000177
PSNR = 92.892463, NRMSE= 2.2666102113862619268E-05
acEff=1.000000
compressionRatio = 3.331774
  ✓ Compression and decompression successful (ratio: 3.33x)

[67/130] Processing: fsalt_ai_1_384_320.dat

compression time=0.001863, total fastmode1 topology
compression size = 145533, CR = 3.377378
done
decompression time=0.004860
done
Min=0, Max=1, range=1
Max absolute error = 0.0001182730
Max relative error = 0.000118
Max pw relative error = 0.000118
PSNR = 83.485722, NRMSE= 6.6944347650637771167E-05
acEff=1.000000
compressionRatio = 3.377378
  ✓ Compression and decompression successful (ratio: 3.37x)

[68/130] Processing: fsens_1_384_320.dat

compression time=0.002282, total fastmode1 topology
compression size = 149472, CR = 3.288375
done
decompression time=0.004988
done
Min=0, Max=1, range=1
Max absolute error = 0.0001805760
Max relative error = 0.000181
Max pw relative error = 0.000181
PSNR = 88.705047, NRMSE= 3.6706893175603557073E-05
acEff=1.000000
compressionRatio = 3.288375
  ✓ Compression and decompression successful (ratio: 3.28x)

[69/130] Processing: fsens_ai_1_384_320.dat

compression time=0.002418, total fastmode1 topology
compression size = 147685, CR = 3.328165
done
decompression time=0.005144
done
Min=0, Max=1, range=1
Max absolute error = 0.0001639687
Max relative error = 0.000164
Max pw relative error = 0.000164
PSNR = 95.352101, NRMSE= 1.7076346175015621602E-05
acEff=1.000000
compressionRatio = 3.328165
  ✓ Compression and decompression successful (ratio: 3.32x)

[70/130] Processing: fsurf_ai_1_384_320.dat

compression time=0.002447, total fastmode1 topology
compression size = 146876, CR = 3.346496
done
decompression time=0.005594
done
Min=0, Max=1, range=1
Max absolute error = 0.0001525842
Max relative error = 0.000153
Max pw relative error = 0.000153
PSNR = 81.979513, NRMSE= 7.962039933451218088E-05
acEff=1.000000
compressionRatio = 3.346496
  ✓ Compression and decompression successful (ratio: 3.34x)

[71/130] Processing: fswabs_1_384_320.dat

compression time=0.001902, total fastmode1 topology
compression size = 147705, CR = 3.327714
done
decompression time=0.004780
done
Min=0, Max=1, range=1
Max absolute error = 0.0001577064
Max relative error = 0.000158
Max pw relative error = 0.000158
PSNR = 96.948949, NRMSE= 1.4208640543686822601E-05
acEff=1.000000
compressionRatio = 3.327714
  ✓ Compression and decompression successful (ratio: 3.32x)

[72/130] Processing: fswabs_ai_1_384_320.dat

compression time=0.002048, total fastmode1 topology
compression size = 147208, CR = 3.338949
done
decompression time=0.004307
done
Min=0, Max=1, range=1
Max absolute error = 0.0001644157
Max relative error = 0.000164
Max pw relative error = 0.000164
PSNR = 97.329865, NRMSE= 1.3598993567772875009E-05
acEff=1.000000
compressionRatio = 3.338949
  ✓ Compression and decompression successful (ratio: 3.33x)

[73/130] Processing: fswdn_1_384_320.dat

compression time=0.002314, total fastmode1 topology
compression size = 178548, CR = 2.752873
done
decompression time=0.005810
done
Min=0, Max=1, range=1
Max absolute error = 0.0001983643
Max relative error = 0.000198
Max pw relative error = 0.000198
PSNR = 86.707962, NRMSE= 4.6195737063590032988E-05
acEff=1.000000
compressionRatio = 2.752873
  ✓ Compression and decompression successful (ratio: 2.75x)

[74/130] Processing: fswfac_1_384_320.dat

compression time=0.003243, total fastmode1 topology
compression size = 149705, CR = 3.283257
done
decompression time=0.004840
done
Min=0, Max=1, range=1
Max absolute error = 0.0001415089
Max relative error = 0.000142
Max pw relative error = 0.000142
PSNR = 88.036468, NRMSE= 3.9643922755060133074E-05
acEff=1.000000
compressionRatio = 3.283257
  ✓ Compression and decompression successful (ratio: 3.28x)

[75/130] Processing: fswthru_1_384_320.dat

compression time=0.002170, total fastmode1 topology
compression size = 148556, CR = 3.308651
done
decompression time=0.004556
done
Min=0, Max=1, range=1
Max absolute error = 0.0001268126
Max relative error = 0.000127
Max pw relative error = 0.000127
PSNR = 96.991835, NRMSE= 1.413865952857427858E-05
acEff=1.000000
compressionRatio = 3.308651
  ✓ Compression and decompression successful (ratio: 3.30x)

[76/130] Processing: fswthru_ai_1_384_320.dat

compression time=0.001763, total fastmode1 topology
compression size = 147084, CR = 3.341764
done
decompression time=0.004582
done
Min=0, Max=1, range=1
Max absolute error = 0.0001344737
Max relative error = 0.000134
Max pw relative error = 0.000134
PSNR = 97.457005, NRMSE= 1.3401387471668420911E-05
acEff=1.000000
compressionRatio = 3.341764
  ✓ Compression and decompression successful (ratio: 3.34x)

[77/130] Processing: fswup_1_384_320.dat

compression time=0.002618, total fastmode1 topology
compression size = 178700, CR = 2.750532
done
decompression time=0.005775
done
Min=0, Max=1, range=1
Max absolute error = 0.0001983643
Max relative error = 0.000198
Max pw relative error = 0.000198
PSNR = 86.710422, NRMSE= 4.6182653144319010677E-05
acEff=1.000000
compressionRatio = 2.750532
  ✓ Compression and decompression successful (ratio: 2.75x)

[78/130] Processing: FYarea_1_384_320.dat

compression time=0.001531, total fastmode1 topology
compression size = 146591, CR = 3.353003
done
decompression time=0.004710
done
Min=0, Max=1, range=1
Max absolute error = 0.0001379671
Max relative error = 0.000138
Max pw relative error = 0.000138
PSNR = 96.061943, NRMSE= 1.5736308489325321838E-05
acEff=1.000000
compressionRatio = 3.353003
  ✓ Compression and decompression successful (ratio: 3.35x)

[79/130] Processing: hi_1_384_320.dat

compression time=0.002023, total fastmode1 topology
compression size = 147341, CR = 3.335935
done
decompression time=0.004613
done
Min=0, Max=1, range=1
Max absolute error = 0.0001665521
Max relative error = 0.000167
Max pw relative error = 0.000167
PSNR = 95.414459, NRMSE= 1.6954190526052532946E-05
acEff=1.000000
compressionRatio = 3.335935
  ✓ Compression and decompression successful (ratio: 3.33x)

[80/130] Processing: hisnap_1_384_320.dat

compression time=0.001984, total fastmode1 topology
compression size = 147522, CR = 3.331842
done
decompression time=0.004709
done
Min=0, Max=1, range=1
Max absolute error = 0.0001445357
Max relative error = 0.000145
Max pw relative error = 0.000145
PSNR = 95.546605, NRMSE= 1.6698203462001297358E-05
acEff=1.000000
compressionRatio = 3.331842
  ✓ Compression and decompression successful (ratio: 3.33x)

[81/130] Processing: hs_1_384_320.dat

compression time=0.001764, total fastmode1 topology
compression size = 146041, CR = 3.365630
done
decompression time=0.004885
done
Min=0, Max=1, range=1
Max absolute error = 0.0001254128
Max relative error = 0.000125
Max pw relative error = 0.000125
PSNR = 95.711761, NRMSE= 1.6383698076483773287E-05
acEff=1.000000
compressionRatio = 3.365630
  ✓ Compression and decompression successful (ratio: 3.36x)

[82/130] Processing: HTE_384_320.dat

compression time=0.001615, total fastmode1 topology
compression size = 138642, CR = 3.545246
done
decompression time=0.003657
done
Min=0, Max=1, range=1
Max absolute error = 0.0000999570
Max relative error = 0.000100
Max pw relative error = 0.000100
PSNR = 83.839565, NRMSE= 6.4271987698896678202E-05
acEff=1.000000
compressionRatio = 3.545246
  ✓ Compression and decompression successful (ratio: 3.54x)

[83/130] Processing: HTN_384_320.dat
Error: No critical points found!
  ✗ Compression failed

[84/130] Processing: iage_1_384_320.dat

compression time=0.001997, total fastmode1 topology
compression size = 148034, CR = 3.320318
done
decompression time=0.004607
done
Min=0, Max=1, range=1
Max absolute error = 0.0001805359
Max relative error = 0.000181
Max pw relative error = 0.000181
PSNR = 94.976674, NRMSE= 1.7830613469799211644E-05
acEff=1.000000
compressionRatio = 3.320318
  ✓ Compression and decompression successful (ratio: 3.32x)

[85/130] Processing: ice_present_1_384_320.dat

compression time=0.001351, total fastmode1 topology
compression size = 144692, CR = 3.397009
done
decompression time=0.003658
done
Min=0, Max=1, range=1
Max absolute error = 0.0000998984
Max relative error = 0.000100
Max pw relative error = 0.000100
PSNR = 98.358108, NRMSE= 1.2080769047940519628E-05
acEff=1.000000
compressionRatio = 3.397009
  ✓ Compression and decompression successful (ratio: 3.39x)

[86/130] Processing: meltb_1_384_320.dat

compression time=0.001942, total fastmode1 topology
compression size = 147401, CR = 3.334577
done
decompression time=0.004774
done
Min=0, Max=1, range=1
Max absolute error = 0.0001739776
Max relative error = 0.000174
Max pw relative error = 0.000174
PSNR = 96.700973, NRMSE= 1.4620134482331812812E-05
acEff=1.000000
compressionRatio = 3.334577
  ✓ Compression and decompression successful (ratio: 3.33x)

[87/130] Processing: meltl_1_384_320.dat

compression time=0.001529, total fastmode1 topology
compression size = 145150, CR = 3.386290
done
decompression time=0.004804
done
Min=0, Max=1, range=1
Max absolute error = 0.0001323973
Max relative error = 0.000132
Max pw relative error = 0.000132
PSNR = 97.745784, NRMSE= 1.296315770907974269E-05
acEff=1.000000
compressionRatio = 3.386290
  ✓ Compression and decompression successful (ratio: 3.38x)

[88/130] Processing: melts_1_384_320.dat

compression time=0.001577, total fastmode1 topology
compression size = 146124, CR = 3.363719
done
decompression time=0.004604
done
Min=0, Max=1, range=1
Max absolute error = 0.0001536882
Max relative error = 0.000154
Max pw relative error = 0.000154
PSNR = 97.412935, NRMSE= 1.3469554482308915053E-05
acEff=1.000000
compressionRatio = 3.363718
  ✓ Compression and decompression successful (ratio: 3.36x)

[89/130] Processing: meltt_1_384_320.dat

compression time=0.002819, total fastmode1 topology
compression size = 143314, CR = 3.429672
done
decompression time=0.004606
done
Min=0, Max=1, range=1
Max absolute error = 0.0001425361
Max relative error = 0.000143
Max pw relative error = 0.000143
PSNR = 109.744163, NRMSE= 3.2568055632279076112E-06
acEff=1.000000
compressionRatio = 3.429672
  ✓ Compression and decompression successful (ratio: 3.42x)

[90/130] Processing: opening_1_384_320.dat

compression time=0.002686, total fastmode1 topology
compression size = 152701, CR = 3.218839
done
decompression time=0.004781
done
Min=0, Max=1, range=1
Max absolute error = 0.0001740437
Max relative error = 0.000174
Max pw relative error = 0.000174
PSNR = 94.937598, NRMSE= 1.7911011187379278635E-05
acEff=1.000000
compressionRatio = 3.218839
  ✓ Compression and decompression successful (ratio: 3.21x)

[91/130] Processing: qi_1_384_320.dat

compression time=0.001392, total fastmode1 topology
compression size = 140020, CR = 3.510356
done
decompression time=0.004806
done
Min=0, Max=1, range=1
Max absolute error = 0.0000999570
Max relative error = 0.000100
Max pw relative error = 0.000100
PSNR = 95.023164, NRMSE= 1.7735433142870788624E-05
acEff=1.000000
compressionRatio = 3.510356
  ✓ Compression and decompression successful (ratio: 3.51x)

[92/130] Processing: Qref_1_384_320.dat

compression time=0.002230, total fastmode1 topology
compression size = 169143, CR = 2.905943
done
decompression time=0.005349
done
Min=0, Max=1, range=1
Max absolute error = 0.0000999980
Max relative error = 0.000100
Max pw relative error = 0.000100
PSNR = 86.293605, NRMSE= 4.8452898369497197537E-05
acEff=1.000000
compressionRatio = 2.905943
  ✓ Compression and decompression successful (ratio: 2.90x)

[93/130] Processing: qs_1_384_320.dat

compression time=0.001874, total fastmode1 topology
compression size = 142243, CR = 3.455495
done
decompression time=0.004600
done
Min=0, Max=1, range=1
Max absolute error = 0.0000999570
Max relative error = 0.000100
Max pw relative error = 0.000100
PSNR = 87.844370, NRMSE= 4.0530455206308126515E-05
acEff=1.000000
compressionRatio = 3.455495
  ✓ Compression and decompression successful (ratio: 3.45x)

[94/130] Processing: rain_1_384_320.dat

compression time=0.002384, total fastmode1 topology
compression size = 178083, CR = 2.760061
done
decompression time=0.005493
done
Min=0, Max=1, range=1
Max absolute error = 0.0001858096
Max relative error = 0.000186
Max pw relative error = 0.000186
PSNR = 86.341719, NRMSE= 4.8185243769578579138E-05
acEff=1.000000
compressionRatio = 2.760061
  ✓ Compression and decompression successful (ratio: 2.76x)

[95/130] Processing: rain_ai_1_384_320.dat

compression time=0.002042, total fastmode1 topology
compression size = 145108, CR = 3.387270
done
decompression time=0.004745
done
Min=0, Max=1, range=1
Max absolute error = 0.0001178419
Max relative error = 0.000118
Max pw relative error = 0.000118
PSNR = 96.055005, NRMSE= 1.5748883655248466739E-05
acEff=1.000000
compressionRatio = 3.387270
  ✓ Compression and decompression successful (ratio: 3.38x)

[96/130] Processing: shear_1_384_320.dat

compression time=0.002487, total fastmode1 topology
compression size = 153031, CR = 3.211898
done
decompression time=0.004667
done
Min=0, Max=1, range=1
Max absolute error = 0.0001813099
Max relative error = 0.000181
Max pw relative error = 0.000181
PSNR = 94.910578, NRMSE= 1.7966814143594229855E-05
acEff=1.000000
compressionRatio = 3.211898
  ✓ Compression and decompression successful (ratio: 3.21x)

[97/130] Processing: sig1_1_384_320.dat

compression time=0.001874, total fastmode1 topology
compression size = 123012, CR = 3.995708
done
decompression time=0.004762
done
Min=0, Max=1, range=1
Max absolute error = 0.0001704535
Max relative error = 0.000170
Max pw relative error = 0.000170
PSNR = 95.053622, NRMSE= 1.7673351647094904637E-05
acEff=1.000000
compressionRatio = 3.995708
  ✓ Compression and decompression successful (ratio: 3.99x)

[98/130] Processing: sig2_1_384_320.dat

compression time=0.001906, total fastmode1 topology
compression size = 123488, CR = 3.980306
done
decompression time=0.004906
done
Min=0, Max=1, range=1
Max absolute error = 0.0001792773
Max relative error = 0.000179
Max pw relative error = 0.000179
PSNR = 95.228260, NRMSE= 1.7321559729523515724E-05
acEff=1.000000
compressionRatio = 3.980306
  ✓ Compression and decompression successful (ratio: 3.98x)

[99/130] Processing: snoice_1_384_320.dat

compression time=0.001527, total fastmode1 topology
compression size = 145282, CR = 3.383213
done
decompression time=0.004477
done
Min=0, Max=1, range=1
Max absolute error = 0.0001497160
Max relative error = 0.000150
Max pw relative error = 0.000150
PSNR = 98.429693, NRMSE= 1.1981614843443765998E-05
acEff=1.000000
compressionRatio = 3.383213
  ✓ Compression and decompression successful (ratio: 3.38x)

[100/130] Processing: snow_1_384_320.dat

compression time=0.001812, total fastmode1 topology
compression size = 148732, CR = 3.304736
done
decompression time=0.004884
done
Min=0, Max=1, range=1
Max absolute error = 0.0000999967
Max relative error = 0.000100
Max pw relative error = 0.000100
PSNR = 93.525579, NRMSE= 2.1072742704286944024E-05
acEff=1.000000
compressionRatio = 3.304736
  ✓ Compression and decompression successful (ratio: 3.30x)

[101/130] Processing: snow_ai_1_384_320.dat

compression time=0.002025, total fastmode1 topology
compression size = 145798, CR = 3.371240
done
decompression time=0.004934
done
Min=0, Max=1, range=1
Max absolute error = 0.0000999763
Max relative error = 0.000100
Max pw relative error = 0.000100
PSNR = 95.927018, NRMSE= 1.5982661666608900596E-05
acEff=1.000000
compressionRatio = 3.371240
  ✓ Compression and decompression successful (ratio: 3.37x)

[102/130] Processing: strairx_1_384_320.dat

compression time=0.001568, total fastmode1 topology
compression size = 145066, CR = 3.388251
done
decompression time=0.004776
done
Min=0, Max=1, range=1
Max absolute error = 0.0001002352
Max relative error = 0.000100
Max pw relative error = 0.000100
PSNR = 90.231939, NRMSE= 3.0789529779148602892E-05
acEff=1.000000
compressionRatio = 3.388251
  ✓ Compression and decompression successful (ratio: 3.38x)

[103/130] Processing: strairy_1_384_320.dat

compression time=0.002153, total fastmode1 topology
compression size = 145079, CR = 3.387947
done
decompression time=0.004633
done
Min=0, Max=1, range=1
Max absolute error = 0.0001005777
Max relative error = 0.000101
Max pw relative error = 0.000101
PSNR = 84.196803, NRMSE= 6.1682198531882174086E-05
acEff=1.000000
compressionRatio = 3.387947
  ✓ Compression and decompression successful (ratio: 3.38x)

[104/130] Processing: strcorx_1_384_320.dat

compression time=0.002374, total fastmode1 topology
compression size = 144599, CR = 3.399194
done
decompression time=0.004687
done
Min=0, Max=1, range=1
Max absolute error = 0.0001004967
Max relative error = 0.000100
Max pw relative error = 0.000100
PSNR = 96.153030, NRMSE= 1.5572146962175369118E-05
acEff=1.000000
compressionRatio = 3.399194
  ✓ Compression and decompression successful (ratio: 3.39x)

[105/130] Processing: strcory_1_384_320.dat

compression time=0.001488, total fastmode1 topology
compression size = 144105, CR = 3.410846
done
decompression time=0.004923
done
Min=0, Max=1, range=1
Max absolute error = 0.0000999786
Max relative error = 0.000100
Max pw relative error = 0.000100
PSNR = 96.596306, NRMSE= 1.4797376389411667107E-05
acEff=1.000000
compressionRatio = 3.410846
  ✓ Compression and decompression successful (ratio: 3.41x)

[106/130] Processing: strength_1_384_320.dat

compression time=0.002113, total fastmode1 topology
compression size = 150094, CR = 3.274748
done
decompression time=0.004606
done
Min=0, Max=1, range=1
Max absolute error = 0.0001639724
Max relative error = 0.000164
Max pw relative error = 0.000164
PSNR = 96.111735, NRMSE= 1.5646357892779091546E-05
acEff=1.000000
compressionRatio = 3.274748
  ✓ Compression and decompression successful (ratio: 3.27x)

[107/130] Processing: strintx_1_384_320.dat

compression time=0.001985, total fastmode1 topology
compression size = 145251, CR = 3.383935
done
decompression time=0.004692
done
Min=0, Max=1, range=1
Max absolute error = 0.0001008635
Max relative error = 0.000101
Max pw relative error = 0.000101
PSNR = 81.834257, NRMSE= 8.0963099722071844877E-05
acEff=1.000000
compressionRatio = 3.383935
  ✓ Compression and decompression successful (ratio: 3.38x)

[108/130] Processing: strinty_1_384_320.dat

compression time=0.001639, total fastmode1 topology
compression size = 144930, CR = 3.391430
done
decompression time=0.004709
done
Min=0, Max=1, range=1
Max absolute error = 0.0000999814
Max relative error = 0.000100
Max pw relative error = 0.000100
PSNR = 88.301212, NRMSE= 3.845381350104844513E-05
acEff=1.000000
compressionRatio = 3.391430
  ✓ Compression and decompression successful (ratio: 3.39x)

[109/130] Processing: strocnx_1_384_320.dat

compression time=0.001565, total fastmode1 topology
compression size = 145361, CR = 3.381375
done
decompression time=0.004951
done
Min=0, Max=1, range=1
Max absolute error = 0.0000999967
Max relative error = 0.000100
Max pw relative error = 0.000100
PSNR = 88.043495, NRMSE= 3.9611863049313314369E-05
acEff=1.000000
compressionRatio = 3.381375
  ✓ Compression and decompression successful (ratio: 3.38x)

[110/130] Processing: strocny_1_384_320.dat

compression time=0.001675, total fastmode1 topology
compression size = 145409, CR = 3.380259
done
decompression time=0.004634
done
Min=0, Max=1, range=1
Max absolute error = 0.0000999954
Max relative error = 0.000100
Max pw relative error = 0.000100
PSNR = 94.543935, NRMSE= 1.8741452271573496598E-05
acEff=1.000000
compressionRatio = 3.380258
  ✓ Compression and decompression successful (ratio: 3.38x)

[111/130] Processing: Tair_1_384_320.dat

compression time=0.002012, total fastmode1 topology
compression size = 163129, CR = 3.013076
done
decompression time=0.005070
done
Min=0, Max=1, range=1
Max absolute error = 0.0000999980
Max relative error = 0.000100
Max pw relative error = 0.000100
PSNR = 86.284144, NRMSE= 4.8505701304029636941E-05
acEff=1.000000
compressionRatio = 3.013076
  ✓ Compression and decompression successful (ratio: 3.01x)

[112/130] Processing: tarea_384_320.dat
Error: No critical points found!
  ✗ Compression failed

[113/130] Processing: TLAT_384_320.dat

compression time=0.001585, total fastmode1 topology
compression size = 122077, CR = 4.026311
done
decompression time=0.003679
done
Min=0, Max=1, range=1
Max absolute error = 0.0001000166
Max relative error = 0.000100
Max pw relative error = 0.000100
PSNR = 84.878610, NRMSE= 5.7025550667994002335E-05
acEff=1.000000
compressionRatio = 4.026311
  ✓ Compression and decompression successful (ratio: 4.02x)

[114/130] Processing: TLON_384_320.dat

compression time=0.001547, total fastmode1 topology
compression size = 192107, CR = 2.558574
done
decompression time=0.003668
done
Min=0, Max=1, range=1
Max absolute error = 0.0001000166
Max relative error = 0.000100
Max pw relative error = 0.000100
PSNR = 84.906256, NRMSE= 5.6844335955122973726E-05
acEff=1.000000
compressionRatio = 2.558574
  ✓ Compression and decompression successful (ratio: 2.55x)

[115/130] Processing: tmask_384_320.dat

compression time=0.002017, total fastmode1 topology
compression size = 143011, CR = 3.436939
done
decompression time=0.004152
done
Min=0, Max=1, range=1
Max absolute error = 0.0000000000
Max relative error = 0.000000
Max pw relative error = 0.000000
PSNR = inf, NRMSE= 0
acEff=1.000000
compressionRatio = 3.436938
  ✓ Compression and decompression successful (ratio: 3.43x)

[116/130] Processing: transix_1_384_320.dat

compression time=0.002285, total fastmode1 topology
compression size = 144394, CR = 3.404020
done
decompression time=0.005348
done
Min=0, Max=1, range=1
Max absolute error = 0.0001144856
Max relative error = 0.000114
Max pw relative error = 0.000114
PSNR = 85.528925, NRMSE= 5.2911949635222809091E-05
acEff=1.000000
compressionRatio = 3.404020
  ✓ Compression and decompression successful (ratio: 3.40x)

[117/130] Processing: transiy_1_384_320.dat

compression time=0.001915, total fastmode1 topology
compression size = 144566, CR = 3.399970
done
decompression time=0.004635
done
Min=0, Max=1, range=1
Max absolute error = 0.0001005530
Max relative error = 0.000101
Max pw relative error = 0.000101
PSNR = 91.182026, NRMSE= 2.7599341233986133691E-05
acEff=1.000000
compressionRatio = 3.399970
  ✓ Compression and decompression successful (ratio: 3.39x)

[118/130] Processing: Tref_1_384_320.dat

compression time=0.002314, total fastmode1 topology
compression size = 164522, CR = 2.987564
done
decompression time=0.005155
done
Min=0, Max=1, range=1
Max absolute error = 0.0001870841
Max relative error = 0.000187
Max pw relative error = 0.000187
PSNR = 86.308307, NRMSE= 4.8370954728886388606E-05
acEff=1.000000
compressionRatio = 2.987564
  ✓ Compression and decompression successful (ratio: 2.98x)

[119/130] Processing: trsig_1_384_320.dat

compression time=0.002955, total fastmode1 topology
compression size = 145496, CR = 3.378237
done
decompression time=0.004843
done
Min=0, Max=1, range=1
Max absolute error = 0.0001000017
Max relative error = 0.000100
Max pw relative error = 0.000100
PSNR = 86.659239, NRMSE= 4.6455597968373738677E-05
acEff=1.000000
compressionRatio = 3.378237
  ✓ Compression and decompression successful (ratio: 3.37x)

[120/130] Processing: Tsfc_1_384_320.dat

compression time=0.002266, total fastmode1 topology
compression size = 147735, CR = 3.327038
done
decompression time=0.004731
done
Min=0, Max=1, range=1
Max absolute error = 0.0001525879
Max relative error = 0.000153
Max pw relative error = 0.000153
PSNR = 94.309586, NRMSE= 1.9253988367979599168E-05
acEff=1.000000
compressionRatio = 3.327038
  ✓ Compression and decompression successful (ratio: 3.32x)

[121/130] Processing: uarea_384_320.dat

compression time=0.001406, total fastmode1 topology
compression size = 123627, CR = 3.975831
done
decompression time=0.003683
done
Min=0, Max=1, range=1
Max absolute error = 0.0001000166
Max relative error = 0.000100
Max pw relative error = 0.000100
PSNR = 84.620231, NRMSE= 5.8747369898978578882E-05
acEff=0.999999
compressionRatio = 3.975831
  ✓ Compression and decompression successful (ratio: 3.97x)

[122/130] Processing: ULAT_384_320.dat

compression time=0.002255, total fastmode1 topology
compression size = 122073, CR = 4.026443
done
decompression time=0.003823
done
Min=0, Max=1, range=1
Max absolute error = 0.0001000166
Max relative error = 0.000100
Max pw relative error = 0.000100
PSNR = 85.025990, NRMSE= 5.6066117585499932233E-05
acEff=1.000000
compressionRatio = 4.026443
  ✓ Compression and decompression successful (ratio: 4.02x)

[123/130] Processing: ULON_384_320.dat

compression time=0.001464, total fastmode1 topology
compression size = 191774, CR = 2.563017
done
decompression time=0.004597
done
Min=0, Max=1, range=1
Max absolute error = 0.0001000166
Max relative error = 0.000100
Max pw relative error = 0.000100
PSNR = 84.838604, NRMSE= 5.7288807385415669833E-05
acEff=1.000000
compressionRatio = 2.563017
  ✓ Compression and decompression successful (ratio: 2.56x)

[124/130] Processing: uvel_1_384_320.dat

compression time=0.001823, total fastmode1 topology
compression size = 147436, CR = 3.333786
done
decompression time=0.004794
done
Min=0, Max=1, range=1
Max absolute error = 0.0001277663
Max relative error = 0.000128
Max pw relative error = 0.000128
PSNR = 83.499867, NRMSE= 6.6835416822995911577E-05
acEff=1.000000
compressionRatio = 3.333786
  ✓ Compression and decompression successful (ratio: 3.33x)

[125/130] Processing: vicen001_1_384_320.dat

compression time=0.002263, total fastmode1 topology
compression size = 146082, CR = 3.364686
done
decompression time=0.004507
done
Min=0, Max=1, range=1
Max absolute error = 0.0000999938
Max relative error = 0.000100
Max pw relative error = 0.000100
PSNR = 95.819715, NRMSE= 1.61813304793738741E-05
acEff=1.000000
compressionRatio = 3.364686
  ✓ Compression and decompression successful (ratio: 3.36x)

[126/130] Processing: vicen002_1_384_320.dat

compression time=0.002456, total fastmode1 topology
compression size = 146155, CR = 3.363005
done
decompression time=0.004835
done
Min=0, Max=1, range=1
Max absolute error = 0.0001550807
Max relative error = 0.000155
Max pw relative error = 0.000155
PSNR = 96.128602, NRMSE= 1.5616004093313999763E-05
acEff=1.000000
compressionRatio = 3.363005
  ✓ Compression and decompression successful (ratio: 3.36x)

[127/130] Processing: vicen003_1_384_320.dat

compression time=0.002202, total fastmode1 topology
compression size = 145698, CR = 3.373554
done
decompression time=0.005087
done
Min=0, Max=1, range=1
Max absolute error = 0.0001296210
Max relative error = 0.000130
Max pw relative error = 0.000130
PSNR = 96.254683, NRMSE= 1.539096534877136557E-05
acEff=1.000000
compressionRatio = 3.373554
  ✓ Compression and decompression successful (ratio: 3.37x)

[128/130] Processing: vicen004_1_384_320.dat

compression time=0.001505, total fastmode1 topology
compression size = 145915, CR = 3.368536
done
decompression time=0.005335
done
Min=0, Max=1, range=1
Max absolute error = 0.0001499949
Max relative error = 0.000150
Max pw relative error = 0.000150
PSNR = 96.157493, NRMSE= 1.5564148344309508185E-05
acEff=1.000000
compressionRatio = 3.368536
  ✓ Compression and decompression successful (ratio: 3.36x)

[129/130] Processing: vicen005_1_384_320.dat

compression time=0.001771, total fastmode1 topology
compression size = 146283, CR = 3.360062
done
decompression time=0.004659
done
Min=0, Max=1, range=1
Max absolute error = 0.0000999845
Max relative error = 0.000100
Max pw relative error = 0.000100
PSNR = 96.229491, NRMSE= 1.5435668028091842021E-05
acEff=1.000000
compressionRatio = 3.360062
  ✓ Compression and decompression successful (ratio: 3.36x)

[130/130] Processing: vvel_1_384_320.dat

compression time=0.002291, total fastmode1 topology
compression size = 148279, CR = 3.314832
done
decompression time=0.004797
done
Min=0, Max=1, range=1
Max absolute error = 0.0001771674
Max relative error = 0.000177
Max pw relative error = 0.000177
PSNR = 82.632285, NRMSE= 7.3855996879345608952E-05
acEff=1.000000
compressionRatio = 3.314832
  ✓ Compression and decompression successful (ratio: 3.31x)

=== Summary ===
Total files processed: 124
Total files skipped: 0
Total files failed: 6

