Input directory: ../../CESM-OCEAN-MODELS/4/log_normalized/
Output directory: ../../CESM-OCEAN-MODELS/4/log_normalized/topoSZp_2_thread/
Dimensions: 384x320 (122880 elements)
Error bound: 1E-3
Block size: 16

Found 54 .dat file(s) to process

[1/54] Processing: ADVS_1_384_320.dat

compression time=0.003495, total fastmode1 topology
compression size = 121541, CR = 4.044067
done
decompression time=0.004067
done
Min=0, Max=1, range=1
Max absolute error = 0.0009999275
Max relative error = 0.001000
Max pw relative error = 0.001000
PSNR = 65.252498, NRMSE= 0.00054622946627506420436
acEff=1.000000
compressionRatio = 4.044067
  ✓ Compression and decompression successful (ratio: 4.04x)

[2/54] Processing: ADVS_ISOP_1_384_320.dat

compression time=0.004657, total fastmode1 topology
compression size = 121834, CR = 4.034342
done
decompression time=0.004047
done
Min=0, Max=1, range=1
Max absolute error = 0.0009999275
Max relative error = 0.001000
Max pw relative error = 0.001000
PSNR = 65.252491, NRMSE= 0.00054622986877926604787
acEff=1.000000
compressionRatio = 4.034342
  ✓ Compression and decompression successful (ratio: 4.03x)

[3/54] Processing: ADVS_SUBM_1_384_320.dat

compression time=0.001223, total fastmode1 topology
compression size = 115342, CR = 4.261414
done
decompression time=0.003442
done
Min=0, Max=1, range=1
Max absolute error = 0.0009999275
Max relative error = 0.001000
Max pw relative error = 0.001000
PSNR = 65.252564, NRMSE= 0.00054622527065757492046
acEff=1.000000
compressionRatio = 4.261414
  ✓ Compression and decompression successful (ratio: 4.26x)

[4/54] Processing: ADVT_1_384_320.dat

compression time=0.004210, total fastmode1 topology
compression size = 142937, CR = 3.438718
done
decompression time=0.005303
done
Min=0, Max=1, range=1
Max absolute error = 0.0009999275
Max relative error = 0.001000
Max pw relative error = 0.001000
PSNR = 62.736525, NRMSE= 0.00072974937018918174022
acEff=1.000000
compressionRatio = 3.438718
  ✓ Compression and decompression successful (ratio: 3.43x)

[5/54] Processing: ADVT_ISOP_1_384_320.dat

compression time=0.006749, total fastmode1 topology
compression size = 168238, CR = 2.921575
done
decompression time=0.006238
done
Min=0, Max=1, range=1
Max absolute error = 0.0009999275
Max relative error = 0.001000
Max pw relative error = 0.001000
PSNR = 64.972327, NRMSE= 0.00056413576077604470592
acEff=1.000000
compressionRatio = 2.921575
  ✓ Compression and decompression successful (ratio: 2.92x)

[6/54] Processing: ADVT_SUBM_1_384_320.dat

compression time=0.004600, total fastmode1 topology
compression size = 135816, CR = 3.619014
done
decompression time=0.005300
done
Min=0, Max=1, range=1
Max absolute error = 0.0009999275
Max relative error = 0.001000
Max pw relative error = 0.001000
PSNR = 64.266305, NRMSE= 0.00061190606175578414038
acEff=1.000000
compressionRatio = 3.619014
  ✓ Compression and decompression successful (ratio: 3.61x)

[7/54] Processing: BSF_1_384_320.dat

compression time=0.001715, total fastmode1 topology
compression size = 128111, CR = 3.836673
done
decompression time=0.003965
done
Min=0, Max=1, range=1
Max absolute error = 0.0009999983
Max relative error = 0.001000
Max pw relative error = 0.001000
PSNR = 63.005851, NRMSE= 0.0007074690649434595309
acEff=1.000000
compressionRatio = 3.836673
  ✓ Compression and decompression successful (ratio: 3.83x)

[8/54] Processing: DIA_DEPTH_1_384_320.dat

compression time=0.001792, total fastmode1 topology
compression size = 136161, CR = 3.609844
done
decompression time=0.004535
done
Min=0, Max=1, range=1
Max absolute error = 0.0015748218
Max relative error = 0.001575
Max pw relative error = 0.001575
PSNR = 62.738166, NRMSE= 0.00072961157815730514394
acEff=1.000000
compressionRatio = 3.609844
  ✓ Compression and decompression successful (ratio: 3.60x)

[9/54] Processing: dTEMP_NEG_2D_1_384_320.dat

compression time=0.005837, total fastmode1 topology
compression size = 158794, CR = 3.095331
done
decompression time=0.006220
done
Min=0, Max=1, range=1
Max absolute error = 0.0012827460
Max relative error = 0.001283
Max pw relative error = 0.001283
PSNR = 62.242255, NRMSE= 0.00077247998184506213703
acEff=1.000000
compressionRatio = 3.095331
  ✓ Compression and decompression successful (ratio: 3.09x)

[10/54] Processing: dTEMP_POS_2D_1_384_320.dat

compression time=0.005547, total fastmode1 topology
compression size = 162530, CR = 3.024180
done
decompression time=0.006390
done
Min=0, Max=1, range=1
Max absolute error = 0.0015253532
Max relative error = 0.001525
Max pw relative error = 0.001525
PSNR = 62.912821, NRMSE= 0.00071508711131179050671
acEff=1.000000
compressionRatio = 3.024180
  ✓ Compression and decompression successful (ratio: 3.02x)

[11/54] Processing: EVAP_F_1_384_320.dat

compression time=0.001437, total fastmode1 topology
compression size = 117153, CR = 4.195539
done
decompression time=0.003691
done
Min=0, Max=1, range=1
Max absolute error = 0.0009999275
Max relative error = 0.001000
Max pw relative error = 0.001000
PSNR = 65.252801, NRMSE= 0.00054621038491299762387
acEff=1.000000
compressionRatio = 4.195539
  ✓ Compression and decompression successful (ratio: 4.19x)

[12/54] Processing: FW_1_384_320.dat

compression time=0.000952, total fastmode1 topology
compression size = 114903, CR = 4.277695
done
decompression time=0.002592
done
Min=0, Max=1, range=1
Max absolute error = 0.0009999275
Max relative error = 0.001000
Max pw relative error = 0.001000
PSNR = 65.252569, NRMSE= 0.00054622494739052604874
acEff=1.000000
compressionRatio = 4.277695
  ✓ Compression and decompression successful (ratio: 4.27x)

[13/54] Processing: HBLT_1_384_320.dat

compression time=0.002136, total fastmode1 topology
compression size = 137627, CR = 3.571392
done
decompression time=0.004832
done
Min=0, Max=1, range=1
Max absolute error = 0.0011669472
Max relative error = 0.001167
Max pw relative error = 0.001167
PSNR = 62.734134, NRMSE= 0.00072995031057484886794
acEff=1.000000
compressionRatio = 3.571392
  ✓ Compression and decompression successful (ratio: 3.57x)

[14/54] Processing: HDIFS_1_384_320.dat

compression time=0.003194, total fastmode1 topology
compression size = 121102, CR = 4.058727
done
decompression time=0.004135
done
Min=0, Max=1, range=1
Max absolute error = 0.0009999275
Max relative error = 0.001000
Max pw relative error = 0.001000
PSNR = 65.252502, NRMSE= 0.00054622916868558033313
acEff=1.000000
compressionRatio = 4.058727
  ✓ Compression and decompression successful (ratio: 4.05x)

[15/54] Processing: HDIFT_1_384_320.dat

compression time=0.006466, total fastmode1 topology
compression size = 161740, CR = 3.038951
done
decompression time=0.005933
done
Min=0, Max=1, range=1
Max absolute error = 0.0009999275
Max relative error = 0.001000
Max pw relative error = 0.001000
PSNR = 62.886890, NRMSE= 0.00071722516163601624916
acEff=1.000000
compressionRatio = 3.038951
  ✓ Compression and decompression successful (ratio: 3.03x)

[16/54] Processing: HLS_SUBM_1_384_320.dat

compression time=0.001742, total fastmode1 topology
compression size = 134531, CR = 3.653582
done
decompression time=0.004114
done
Min=0, Max=1, range=1
Max absolute error = 0.0016840026
Max relative error = 0.001684
Max pw relative error = 0.001684
PSNR = 64.061436, NRMSE= 0.00062651026539296730388
acEff=1.000000
compressionRatio = 3.653582
  ✓ Compression and decompression successful (ratio: 3.65x)

[17/54] Processing: HMXL_1_384_320.dat

compression time=0.002203, total fastmode1 topology
compression size = 138343, CR = 3.552908
done
decompression time=0.004622
done
Min=0, Max=1, range=1
Max absolute error = 0.0015018582
Max relative error = 0.001502
Max pw relative error = 0.001502
PSNR = 62.741914, NRMSE= 0.00072929674642317103908
acEff=1.000000
compressionRatio = 3.552908
  ✓ Compression and decompression successful (ratio: 3.55x)

[18/54] Processing: IFRAC_1_384_320.dat

compression time=0.001308, total fastmode1 topology
compression size = 117004, CR = 4.200882
done
decompression time=0.003426
done
Min=0, Max=1, range=1
Max absolute error = 0.0010066517
Max relative error = 0.001007
Max pw relative error = 0.001007
PSNR = 64.819681, NRMSE= 0.0005741375778013219338
acEff=1.000000
compressionRatio = 4.200882
  ✓ Compression and decompression successful (ratio: 4.20x)

[19/54] Processing: INT_DEPTH_1_384_320.dat

compression time=0.002314, total fastmode1 topology
compression size = 137276, CR = 3.580524
done
decompression time=0.004549
done
Min=0, Max=1, range=1
Max absolute error = 0.0019206852
Max relative error = 0.001921
Max pw relative error = 0.001921
PSNR = 62.684221, NRMSE= 0.00073415699037133487753
acEff=1.000000
compressionRatio = 3.580524
  ✓ Compression and decompression successful (ratio: 3.58x)

[20/54] Processing: IOFF_F_1_384_320.dat

compression time=0.001114, total fastmode1 topology
compression size = 115240, CR = 4.265186
done
decompression time=0.003806
done
Min=0, Max=1, range=1
Max absolute error = 0.0009999275
Max relative error = 0.001000
Max pw relative error = 0.001000
PSNR = 65.252566, NRMSE= 0.00054622513743691320474
acEff=1.000000
compressionRatio = 4.265186
  ✓ Compression and decompression successful (ratio: 4.26x)

[21/54] Processing: LWDN_F_1_384_320.dat

compression time=0.001768, total fastmode1 topology
compression size = 126119, CR = 3.897272
done
decompression time=0.004179
done
Min=0, Max=1, range=1
Max absolute error = 0.0010050535
Max relative error = 0.001005
Max pw relative error = 0.001005
PSNR = 62.618192, NRMSE= 0.00073975921850597513036
acEff=1.000000
compressionRatio = 3.897272
  ✓ Compression and decompression successful (ratio: 3.89x)

[22/54] Processing: LWUP_F_1_384_320.dat

compression time=0.001462, total fastmode1 topology
compression size = 129287, CR = 3.801774
done
decompression time=0.003951
done
Min=0, Max=1, range=1
Max absolute error = 0.0010094345
Max relative error = 0.001009
Max pw relative error = 0.001009
PSNR = 62.693602, NRMSE= 0.00073336449771695350151
acEff=1.000000
compressionRatio = 3.801774
  ✓ Compression and decompression successful (ratio: 3.80x)

[23/54] Processing: MELT_F_1_384_320.dat

compression time=0.001272, total fastmode1 topology
compression size = 115592, CR = 4.252197
done
decompression time=0.003632
done
Min=0, Max=1, range=1
Max absolute error = 0.0009999275
Max relative error = 0.001000
Max pw relative error = 0.001000
PSNR = 65.252499, NRMSE= 0.0005462293912249766405
acEff=1.000000
compressionRatio = 4.252197
  ✓ Compression and decompression successful (ratio: 4.25x)

[24/54] Processing: MELTH_F_1_384_320.dat

compression time=0.001434, total fastmode1 topology
compression size = 117237, CR = 4.192533
done
decompression time=0.003587
done
Min=0, Max=1, range=1
Max absolute error = 0.0009999275
Max relative error = 0.001000
Max pw relative error = 0.001000
PSNR = 60.353473, NRMSE= 0.00096012178984756374207
acEff=1.000000
compressionRatio = 4.192533
  ✓ Compression and decompression successful (ratio: 4.19x)

[25/54] Processing: PREC_F_1_384_320.dat

compression time=0.001763, total fastmode1 topology
compression size = 117368, CR = 4.187854
done
decompression time=0.003852
done
Min=0, Max=1, range=1
Max absolute error = 0.0009999275
Max relative error = 0.001000
Max pw relative error = 0.001000
PSNR = 65.252545, NRMSE= 0.00054622649394640420285
acEff=1.000000
compressionRatio = 4.187854
  ✓ Compression and decompression successful (ratio: 4.18x)

[26/54] Processing: QFLUX_1_384_320.dat

compression time=0.001121, total fastmode1 topology
compression size = 116689, CR = 4.212222
done
decompression time=0.003733
done
Min=0, Max=1, range=1
Max absolute error = 0.0015906356
Max relative error = 0.001591
Max pw relative error = 0.001591
PSNR = 65.071968, NRMSE= 0.0005577012048988749587
acEff=1.000000
compressionRatio = 4.212222
  ✓ Compression and decompression successful (ratio: 4.21x)

[27/54] Processing: QSW_HBL_1_384_320.dat

compression time=0.002396, total fastmode1 topology
compression size = 137045, CR = 3.586559
done
decompression time=0.005158
done
Min=0, Max=1, range=1
Max absolute error = 0.0010054074
Max relative error = 0.001005
Max pw relative error = 0.001005
PSNR = 62.900375, NRMSE= 0.00071611250985283896129
acEff=1.000000
compressionRatio = 3.586559
  ✓ Compression and decompression successful (ratio: 3.58x)

[28/54] Processing: QSW_HTP_1_384_320.dat

compression time=0.002657, total fastmode1 topology
compression size = 138541, CR = 3.547831
done
decompression time=0.005143
done
Min=0, Max=1, range=1
Max absolute error = 0.0010485202
Max relative error = 0.001049
Max pw relative error = 0.001049
PSNR = 62.901363, NRMSE= 0.00071603107826788935097
acEff=1.000000
compressionRatio = 3.547831
  ✓ Compression and decompression successful (ratio: 3.54x)

[29/54] Processing: RESID_S_1_384_320.dat

compression time=0.001079, total fastmode1 topology
compression size = 114903, CR = 4.277695
done
decompression time=0.002665
done
Min=0, Max=1, range=1
Max absolute error = 0.0009999275
Max relative error = 0.001000
Max pw relative error = 0.001000
PSNR = 65.252569, NRMSE= 0.00054622494739052604874
acEff=1.000000
compressionRatio = 4.277695
  ✓ Compression and decompression successful (ratio: 4.27x)

[30/54] Processing: RESID_T_1_384_320.dat

compression time=0.001202, total fastmode1 topology
compression size = 114903, CR = 4.277695
done
decompression time=0.002780
done
Min=0, Max=1, range=1
Max absolute error = 0.0009999275
Max relative error = 0.001000
Max pw relative error = 0.001000
PSNR = 65.252569, NRMSE= 0.00054622494739052604874
acEff=1.000000
compressionRatio = 4.277695
  ✓ Compression and decompression successful (ratio: 4.27x)

[31/54] Processing: RHO_VINT_1_384_320.dat

compression time=0.002745, total fastmode1 topology
compression size = 149454, CR = 3.288771
done
decompression time=0.005177
done
Min=0, Max=1, range=1
Max absolute error = 0.0010081977
Max relative error = 0.001008
Max pw relative error = 0.001008
PSNR = 62.781006, NRMSE= 0.00072602185118932776892
acEff=1.000000
compressionRatio = 3.288771
  ✓ Compression and decompression successful (ratio: 3.28x)

[32/54] Processing: ROFF_F_1_384_320.dat

compression time=0.001723, total fastmode1 topology
compression size = 117341, CR = 4.188817
done
decompression time=0.003597
done
Min=0, Max=1, range=1
Max absolute error = 0.0009999275
Max relative error = 0.001000
Max pw relative error = 0.001000
PSNR = 65.252548, NRMSE= 0.00054622627970117251274
acEff=1.000000
compressionRatio = 4.188817
  ✓ Compression and decompression successful (ratio: 4.18x)

[33/54] Processing: SALT_F_1_384_320.dat

compression time=0.001316, total fastmode1 topology
compression size = 114985, CR = 4.274644
done
decompression time=0.003443
done
Min=0, Max=1, range=1
Max absolute error = 0.0009999275
Max relative error = 0.001000
Max pw relative error = 0.001000
PSNR = 65.252568, NRMSE= 0.00054622501159552370401
acEff=1.000000
compressionRatio = 4.274645
  ✓ Compression and decompression successful (ratio: 4.27x)

[34/54] Processing: SENH_F_1_384_320.dat

compression time=0.002335, total fastmode1 topology
compression size = 124414, CR = 3.950681
done
decompression time=0.004178
done
Min=0, Max=1, range=1
Max absolute error = 0.0010047406
Max relative error = 0.001005
Max pw relative error = 0.001005
PSNR = 62.366844, NRMSE= 0.00076147873024414553748
acEff=1.000000
compressionRatio = 3.950681
  ✓ Compression and decompression successful (ratio: 3.95x)

[35/54] Processing: SFWF_1_384_320.dat

compression time=0.002386, total fastmode1 topology
compression size = 120932, CR = 4.064433
done
decompression time=0.004042
done
Min=0, Max=1, range=1
Max absolute error = 0.0009999275
Max relative error = 0.001000
Max pw relative error = 0.001000
PSNR = 65.252411, NRMSE= 0.00054623488978121728134
acEff=1.000000
compressionRatio = 4.064433
  ✓ Compression and decompression successful (ratio: 4.06x)

[36/54] Processing: SFWF_WRST_1_384_320.dat

compression time=0.001045, total fastmode1 topology
compression size = 114903, CR = 4.277695
done
decompression time=0.002657
done
Min=0, Max=1, range=1
Max absolute error = 0.0009999275
Max relative error = 0.001000
Max pw relative error = 0.001000
PSNR = 65.252569, NRMSE= 0.00054622494739052604874
acEff=1.000000
compressionRatio = 4.277695
  ✓ Compression and decompression successful (ratio: 4.27x)

[37/54] Processing: SHF_1_384_320.dat

compression time=0.002434, total fastmode1 topology
compression size = 130425, CR = 3.768603
done
decompression time=0.004755
done
Min=0, Max=1, range=1
Max absolute error = 0.0010067075
Max relative error = 0.001007
Max pw relative error = 0.001007
PSNR = 62.672691, NRMSE= 0.00073513222856988458525
acEff=1.000000
compressionRatio = 3.768603
  ✓ Compression and decompression successful (ratio: 3.76x)

[38/54] Processing: SHF_QSW_1_384_320.dat

compression time=0.002077, total fastmode1 topology
compression size = 133864, CR = 3.671786
done
decompression time=0.004491
done
Min=0, Max=1, range=1
Max absolute error = 0.0010083169
Max relative error = 0.001008
Max pw relative error = 0.001008
PSNR = 62.919208, NRMSE= 0.00071456150850850619523
acEff=1.000000
compressionRatio = 3.671786
  ✓ Compression and decompression successful (ratio: 3.67x)

[39/54] Processing: SNOW_F_1_384_320.dat

compression time=0.001202, total fastmode1 topology
compression size = 115506, CR = 4.255363
done
decompression time=0.003422
done
Min=0, Max=1, range=1
Max absolute error = 0.0009999275
Max relative error = 0.001000
Max pw relative error = 0.001000
PSNR = 65.252564, NRMSE= 0.0005462252889158939308
acEff=1.000000
compressionRatio = 4.255363
  ✓ Compression and decompression successful (ratio: 4.25x)

[40/54] Processing: SSH_1_384_320.dat

compression time=0.002515, total fastmode1 topology
compression size = 143430, CR = 3.426898
done
decompression time=0.004632
done
Min=0, Max=1, range=1
Max absolute error = 0.0010056645
Max relative error = 0.001006
Max pw relative error = 0.001006
PSNR = 62.826909, NRMSE= 0.00072219512830757899135
acEff=1.000000
compressionRatio = 3.426898
  ✓ Compression and decompression successful (ratio: 3.42x)

[41/54] Processing: SSH2_1_384_320.dat

compression time=0.002742, total fastmode1 topology
compression size = 154677, CR = 3.177719
done
decompression time=0.004985
done
Min=0, Max=1, range=1
Max absolute error = 0.0018543787
Max relative error = 0.001854
Max pw relative error = 0.001854
PSNR = 62.742767, NRMSE= 0.00072922516431011489679
acEff=1.000000
compressionRatio = 3.177719
  ✓ Compression and decompression successful (ratio: 3.17x)

[42/54] Processing: SU_1_384_320.dat

compression time=0.004110, total fastmode1 topology
compression size = 151273, CR = 3.249225
done
decompression time=0.005320
done
Min=0, Max=1, range=1
Max absolute error = 0.0014354587
Max relative error = 0.001435
Max pw relative error = 0.001435
PSNR = 63.249558, NRMSE= 0.00068789494004836194453
acEff=1.000000
compressionRatio = 3.249225
  ✓ Compression and decompression successful (ratio: 3.24x)

[43/54] Processing: SV_1_384_320.dat

compression time=0.005050, total fastmode1 topology
compression size = 155593, CR = 3.159011
done
decompression time=0.005614
done
Min=0, Max=1, range=1
Max absolute error = 0.0014018118
Max relative error = 0.001402
Max pw relative error = 0.001402
PSNR = 64.103875, NRMSE= 0.00062345664874523221925
acEff=1.000000
compressionRatio = 3.159011
  ✓ Compression and decompression successful (ratio: 3.15x)

[44/54] Processing: TAUX_1_384_320.dat

compression time=0.001627, total fastmode1 topology
compression size = 120666, CR = 4.073393
done
decompression time=0.003751
done
Min=0, Max=1, range=1
Max absolute error = 0.0009999890
Max relative error = 0.001000
Max pw relative error = 0.001000
PSNR = 62.937392, NRMSE= 0.00071306708861568093676
acEff=1.000000
compressionRatio = 4.073393
  ✓ Compression and decompression successful (ratio: 4.07x)

[45/54] Processing: TAUX2_1_384_320.dat

compression time=0.001956, total fastmode1 topology
compression size = 133015, CR = 3.695222
done
decompression time=0.004485
done
Min=0, Max=1, range=1
Max absolute error = 0.0013061380
Max relative error = 0.001306
Max pw relative error = 0.001306
PSNR = 62.991409, NRMSE= 0.00070864630683195421745
acEff=1.000000
compressionRatio = 3.695222
  ✓ Compression and decompression successful (ratio: 3.69x)

[46/54] Processing: TAUY_1_384_320.dat

compression time=0.001643, total fastmode1 topology
compression size = 121886, CR = 4.032620
done
decompression time=0.003794
done
Min=0, Max=1, range=1
Max absolute error = 0.0010016263
Max relative error = 0.001002
Max pw relative error = 0.001002
PSNR = 62.954445, NRMSE= 0.00071166852395891980719
acEff=1.000000
compressionRatio = 4.032621
  ✓ Compression and decompression successful (ratio: 4.03x)

[47/54] Processing: TAUY2_1_384_320.dat

compression time=0.002100, total fastmode1 topology
compression size = 131793, CR = 3.729485
done
decompression time=0.004376
done
Min=0, Max=1, range=1
Max absolute error = 0.0014481400
Max relative error = 0.001448
Max pw relative error = 0.001448
PSNR = 63.120638, NRMSE= 0.00069818108751070319471
acEff=1.000000
compressionRatio = 3.729485
  ✓ Compression and decompression successful (ratio: 3.72x)

[48/54] Processing: TBLT_1_384_320.dat

compression time=0.003601, total fastmode1 topology
compression size = 165036, CR = 2.978259
done
decompression time=0.006312
done
Min=0, Max=1, range=1
Max absolute error = 0.0019330159
Max relative error = 0.001933
Max pw relative error = 0.001933
PSNR = 62.739002, NRMSE= 0.0007295412981483820683
acEff=1.000000
compressionRatio = 2.978259
  ✓ Compression and decompression successful (ratio: 2.97x)

[49/54] Processing: TFW_S_1_384_320.dat

compression time=0.000909, total fastmode1 topology
compression size = 114903, CR = 4.277695
done
decompression time=0.002574
done
Min=0, Max=1, range=1
Max absolute error = 0.0009999275
Max relative error = 0.001000
Max pw relative error = 0.001000
PSNR = 65.252569, NRMSE= 0.00054622494739052604874
acEff=1.000000
compressionRatio = 4.277695
  ✓ Compression and decompression successful (ratio: 4.27x)

[50/54] Processing: TFW_T_1_384_320.dat

compression time=0.001203, total fastmode1 topology
compression size = 114903, CR = 4.277695
done
decompression time=0.002705
done
Min=0, Max=1, range=1
Max absolute error = 0.0009999275
Max relative error = 0.001000
Max pw relative error = 0.001000
PSNR = 65.252569, NRMSE= 0.00054622494739052604874
acEff=1.000000
compressionRatio = 4.277695
  ✓ Compression and decompression successful (ratio: 4.27x)

[51/54] Processing: TLT_1_384_320.dat

compression time=0.005414, total fastmode1 topology
compression size = 182341, CR = 2.695609
done
decompression time=0.007385
done
Min=0, Max=1, range=1
Max absolute error = 0.0019542873
Max relative error = 0.001954
Max pw relative error = 0.001954
PSNR = 62.728669, NRMSE= 0.00073040972667333175714
acEff=1.000000
compressionRatio = 2.695609
  ✓ Compression and decompression successful (ratio: 2.69x)

[52/54] Processing: TMXL_1_384_320.dat

compression time=0.002357, total fastmode1 topology
compression size = 151322, CR = 3.248173
done
decompression time=0.004851
done
Min=0, Max=1, range=1
Max absolute error = 0.0018949658
Max relative error = 0.001895
Max pw relative error = 0.001895
PSNR = 62.914118, NRMSE= 0.00071498034303330796485
acEff=1.000000
compressionRatio = 3.248173
  ✓ Compression and decompression successful (ratio: 3.24x)

[53/54] Processing: XBLT_1_384_320.dat

compression time=0.002154, total fastmode1 topology
compression size = 138751, CR = 3.542461
done
decompression time=0.004654
done
Min=0, Max=1, range=1
Max absolute error = 0.0014233068
Max relative error = 0.001423
Max pw relative error = 0.001423
PSNR = 62.780120, NRMSE= 0.00072609593439735772586
acEff=1.000000
compressionRatio = 3.542461
  ✓ Compression and decompression successful (ratio: 3.54x)

[54/54] Processing: XMXL_1_384_320.dat

compression time=0.002190, total fastmode1 topology
compression size = 140512, CR = 3.498064
done
decompression time=0.004790
done
Min=0, Max=1, range=1
Max absolute error = 0.0017934814
Max relative error = 0.001793
Max pw relative error = 0.001793
PSNR = 62.704714, NRMSE= 0.00073242693632046321738
acEff=1.000000
compressionRatio = 3.498064
  ✓ Compression and decompression successful (ratio: 3.49x)

=== Summary ===
Total files processed: 54
Total files skipped: 0
Total files failed: 0

