Input directory: ../../CESM-ICE-MODELS/4/log_normalized
Output directory: ../../CESM-ICE-MODELS/4/log_normalized/tthresh_1E-7
Dimensions: 384x320
Error bound: 0.0000001

Found 130 .dat file(s) to process

[1/130] Processing: aeroiceint001_1_384_320.dat
oldbits = 3932160, newbits = 3027472, compressionratio = 1.29883, bpv = 24.6376
Total compression time: 371.92ms
eps = 3.46372e-05, rmse = 1.89211e-05, psnr = 88.4405
Total decompression time: 43.942ms
Total time: 415.895ms
  ✓ Compression successful (ratio: 1.29x)

[2/130] Processing: aeroiceint002_1_384_320.dat
oldbits = 3932160, newbits = 3027472, compressionratio = 1.29883, bpv = 24.6376
Total compression time: 449.706ms
eps = 3.46372e-05, rmse = 1.89211e-05, psnr = 88.4405
Total decompression time: 72.884ms
Total time: 522.642ms
  ✓ Compression successful (ratio: 1.29x)

[3/130] Processing: aeroiceint003_1_384_320.dat
oldbits = 3932160, newbits = 3027472, compressionratio = 1.29883, bpv = 24.6376
Total compression time: 369.843ms
eps = 3.46372e-05, rmse = 1.89211e-05, psnr = 88.4405
Total decompression time: 40.968ms
Total time: 410.862ms
  ✓ Compression successful (ratio: 1.29x)

[4/130] Processing: aeroicessl001_1_384_320.dat
oldbits = 3932160, newbits = 3027472, compressionratio = 1.29883, bpv = 24.6376
Total compression time: 361.173ms
eps = 3.46372e-05, rmse = 1.89211e-05, psnr = 88.4405
Total decompression time: 41.323ms
Total time: 402.532ms
  ✓ Compression successful (ratio: 1.29x)

[5/130] Processing: aeroicessl002_1_384_320.dat
oldbits = 3932160, newbits = 3027472, compressionratio = 1.29883, bpv = 24.6376
Total compression time: 369.883ms
eps = 3.46372e-05, rmse = 1.89211e-05, psnr = 88.4405
Total decompression time: 40.303ms
Total time: 410.217ms
  ✓ Compression successful (ratio: 1.29x)

[6/130] Processing: aeroicessl003_1_384_320.dat
oldbits = 3932160, newbits = 3027472, compressionratio = 1.29883, bpv = 24.6376
Total compression time: 371.501ms
eps = 3.46372e-05, rmse = 1.89211e-05, psnr = 88.4405
Total decompression time: 44.299ms
Total time: 415.832ms
  ✓ Compression successful (ratio: 1.29x)

[7/130] Processing: aerosnoint001_1_384_320.dat
oldbits = 3932160, newbits = 3027472, compressionratio = 1.29883, bpv = 24.6376
Total compression time: 365.806ms
eps = 3.46372e-05, rmse = 1.89211e-05, psnr = 88.4405
Total decompression time: 40.162ms
Total time: 405.999ms
  ✓ Compression successful (ratio: 1.29x)

[8/130] Processing: aerosnoint002_1_384_320.dat
oldbits = 3932160, newbits = 3027472, compressionratio = 1.29883, bpv = 24.6376
Total compression time: 382.108ms
eps = 3.46372e-05, rmse = 1.89211e-05, psnr = 88.4405
Total decompression time: 41.291ms
Total time: 423.435ms
  ✓ Compression successful (ratio: 1.29x)

[9/130] Processing: aerosnoint003_1_384_320.dat
oldbits = 3932160, newbits = 3027472, compressionratio = 1.29883, bpv = 24.6376
Total compression time: 372.623ms
eps = 3.46372e-05, rmse = 1.89211e-05, psnr = 88.4405
Total decompression time: 40.28ms
Total time: 412.946ms
  ✓ Compression successful (ratio: 1.29x)

[10/130] Processing: aerosnossl001_1_384_320.dat
oldbits = 3932160, newbits = 3027472, compressionratio = 1.29883, bpv = 24.6376
Total compression time: 359.563ms
eps = 3.46372e-05, rmse = 1.89211e-05, psnr = 88.4405
Total decompression time: 40.206ms
Total time: 399.805ms
  ✓ Compression successful (ratio: 1.29x)

[11/130] Processing: aerosnossl002_1_384_320.dat
oldbits = 3932160, newbits = 3027472, compressionratio = 1.29883, bpv = 24.6376
Total compression time: 373.317ms
eps = 3.46372e-05, rmse = 1.89211e-05, psnr = 88.4405
Total decompression time: 40.523ms
Total time: 413.879ms
  ✓ Compression successful (ratio: 1.29x)

[12/130] Processing: aerosnossl003_1_384_320.dat
oldbits = 3932160, newbits = 3027472, compressionratio = 1.29883, bpv = 24.6376
Total compression time: 365.246ms
eps = 3.46384e-05, rmse = 1.89217e-05, psnr = 88.4402
Total decompression time: 41.689ms
Total time: 406.988ms
  ✓ Compression successful (ratio: 1.29x)

[13/130] Processing: aice_1_384_320.dat
oldbits = 3932160, newbits = 3546704, compressionratio = 1.10868, bpv = 28.8632
Total compression time: 473.842ms
eps = 8.88343e-06, rmse = 4.85497e-06, psnr = 100.256
Total decompression time: 74.105ms
Total time: 547.996ms
  ✓ Compression successful (ratio: 1.10x)

[14/130] Processing: aicen001_1_384_320.dat
oldbits = 3932160, newbits = 3093008, compressionratio = 1.27131, bpv = 25.171
Total compression time: 382.118ms
eps = 3.57377e-05, rmse = 1.95286e-05, psnr = 88.166
Total decompression time: 43.095ms
Total time: 425.257ms
  ✓ Compression successful (ratio: 1.27x)

[15/130] Processing: aicen002_1_384_320.dat
oldbits = 3932160, newbits = 3545040, compressionratio = 1.1092, bpv = 28.8496
Total compression time: 389.387ms
eps = 8.87339e-06, rmse = 4.84816e-06, psnr = 100.268
Total decompression time: 43.889ms
Total time: 433.332ms
  ✓ Compression successful (ratio: 1.10x)

[16/130] Processing: aicen003_1_384_320.dat
oldbits = 3932160, newbits = 3763728, compressionratio = 1.04475, bpv = 30.6293
Total compression time: 397.85ms
eps = 4.44749e-06, rmse = 2.42969e-06, psnr = 106.268
Total decompression time: 46.193ms
Total time: 444.086ms
  ✓ Compression successful (ratio: 1.04x)

[17/130] Processing: aicen004_1_384_320.dat
oldbits = 3932160, newbits = 3415248, compressionratio = 1.15135, bpv = 27.7934
Total compression time: 394.258ms
eps = 1.65979e-05, rmse = 9.06734e-06, psnr = 94.8298
Total decompression time: 43.473ms
Total time: 437.769ms
  ✓ Compression successful (ratio: 1.15x)

[18/130] Processing: aicen005_1_384_320.dat
oldbits = 3932160, newbits = 3409168, compressionratio = 1.15341, bpv = 27.7439
Total compression time: 381.534ms
eps = 1.65416e-05, rmse = 9.03649e-06, psnr = 94.8594
Total decompression time: 43.439ms
Total time: 425.012ms
  ✓ Compression successful (ratio: 1.15x)

[19/130] Processing: aisnap_1_384_320.dat
oldbits = 3932160, newbits = 3856080, compressionratio = 1.01973, bpv = 31.3809
Total compression time: 399.208ms
eps = 4.1489e-06, rmse = 2.26642e-06, psnr = 106.873
Total decompression time: 44.683ms
Total time: 443.952ms
  ✓ Compression successful (ratio: 1.01x)

[20/130] Processing: albice_1_384_320.dat
oldbits = 3932160, newbits = 3404496, compressionratio = 1.15499, bpv = 27.7059
Total compression time: 392.001ms
eps = 1.65254e-05, rmse = 9.02722e-06, psnr = 94.8683
Total decompression time: 43.805ms
Total time: 435.846ms
  ✓ Compression successful (ratio: 1.15x)

[21/130] Processing: albpnd_1_384_320.dat
oldbits = 3932160, newbits = 3395664, compressionratio = 1.15799, bpv = 27.634
Total compression time: 392.663ms
eps = 1.64788e-05, rmse = 9.00177e-06, psnr = 94.8928
Total decompression time: 44.078ms
Total time: 436.809ms
  ✓ Compression successful (ratio: 1.15x)

[22/130] Processing: albsno_1_384_320.dat
oldbits = 3932160, newbits = 3989072, compressionratio = 0.985733, bpv = 32.4632
Total compression time: 401.431ms
eps = 2.22092e-06, rmse = 1.21325e-06, psnr = 112.3
Total decompression time: 46.584ms
Total time: 448.061ms
  ✓ Compression successful (ratio: .98x)

[23/130] Processing: alidr_1_384_320.dat
oldbits = 3932160, newbits = 3432464, compressionratio = 1.14558, bpv = 27.9335
Total compression time: 402.996ms
eps = 1.6528e-05, rmse = 9.03147e-06, psnr = 94.8642
Total decompression time: 44.474ms
Total time: 447.519ms
  ✓ Compression successful (ratio: 1.14x)

[24/130] Processing: alvdr_1_384_320.dat
oldbits = 3932160, newbits = 3659664, compressionratio = 1.07446, bpv = 29.7824
Total compression time: 397.961ms
eps = 8.28221e-06, rmse = 4.52599e-06, psnr = 100.865
Total decompression time: 44.729ms
Total time: 442.736ms
  ✓ Compression successful (ratio: 1.07x)

[25/130] Processing: ANGLE_384_320.dat
oldbits = 3932160, newbits = 213392, compressionratio = 18.4269, bpv = 1.73659
Total compression time: 150.33ms
eps = 6.26387e-06, rmse = 4.47323e-06, psnr = 100.967
Total decompression time: 17ms
Total time: 167.37ms
  ✓ Compression successful (ratio: 18.42x)

[26/130] Processing: ANGLET_384_320.dat
oldbits = 3932160, newbits = 223184, compressionratio = 17.6185, bpv = 1.81628
Total compression time: 144.738ms
eps = 5.00335e-06, rmse = 3.57775e-06, psnr = 102.907
Total decompression time: 13.204ms
Total time: 157.979ms
  ✓ Compression successful (ratio: 17.61x)

[27/130] Processing: apond001_1_384_320.dat
oldbits = 3932160, newbits = 3556496, compressionratio = 1.10563, bpv = 28.9428
Total compression time: 386.934ms
eps = 8.86347e-06, rmse = 4.84188e-06, psnr = 100.279
Total decompression time: 43.339ms
Total time: 430.314ms
  ✓ Compression successful (ratio: 1.10x)

[28/130] Processing: apond002_1_384_320.dat
oldbits = 3932160, newbits = 3110864, compressionratio = 1.26401, bpv = 25.3163
Total compression time: 368.84ms
eps = 3.55922e-05, rmse = 1.94493e-05, psnr = 88.2013
Total decompression time: 45.789ms
Total time: 414.666ms
  ✓ Compression successful (ratio: 1.26x)

[29/130] Processing: apond003_1_384_320.dat
oldbits = 3932160, newbits = 3562192, compressionratio = 1.10386, bpv = 28.9892
Total compression time: 412.694ms
eps = 8.88046e-06, rmse = 4.85237e-06, psnr = 100.26
Total decompression time: 124.631ms
Total time: 537.366ms
  ✓ Compression successful (ratio: 1.10x)

[30/130] Processing: apond004_1_384_320.dat
oldbits = 3932160, newbits = 3435984, compressionratio = 1.14441, bpv = 27.9621
Total compression time: 405.598ms
eps = 1.65588e-05, rmse = 9.04739e-06, psnr = 94.8489
Total decompression time: 41.625ms
Total time: 447.256ms
  ✓ Compression successful (ratio: 1.14x)

[31/130] Processing: apond005_1_384_320.dat
oldbits = 3932160, newbits = 3765648, compressionratio = 1.04422, bpv = 30.6449
Total compression time: 417.556ms
eps = 4.41109e-06, rmse = 2.41001e-06, psnr = 106.339
Total decompression time: 46.203ms
Total time: 463.84ms
  ✓ Compression successful (ratio: 1.04x)

[32/130] Processing: congel_1_384_320.dat
oldbits = 3932160, newbits = 3680208, compressionratio = 1.06846, bpv = 29.9496
Total compression time: 383.469ms
eps = 4.32491e-06, rmse = 2.36256e-06, psnr = 106.512
Total decompression time: 42.664ms
Total time: 426.19ms
  ✓ Compression successful (ratio: 1.06x)

[33/130] Processing: coszen_1_384_320.dat
oldbits = 3932160, newbits = 3054864, compressionratio = 1.28718, bpv = 24.8605
Total compression time: 519.746ms
eps = 3.48383e-05, rmse = 1.90316e-05, psnr = 88.3899
Total decompression time: 75.527ms
Total time: 595.318ms
  ✓ Compression successful (ratio: 1.28x)

[34/130] Processing: daidtd_1_384_320.dat
oldbits = 3932160, newbits = 3885968, compressionratio = 1.01189, bpv = 31.6241
Total compression time: 387.192ms
eps = 3.74623e-06, rmse = 2.05041e-06, psnr = 107.743
Total decompression time: 45.298ms
Total time: 432.527ms
  ✓ Compression successful (ratio: 1.01x)

[35/130] Processing: daidtt_1_384_320.dat
oldbits = 3932160, newbits = 3631952, compressionratio = 1.08266, bpv = 29.5569
Total compression time: 407.811ms
eps = 8.33262e-06, rmse = 4.55504e-06, psnr = 100.81
Total decompression time: 44.748ms
Total time: 452.602ms
  ✓ Compression successful (ratio: 1.08x)

[36/130] Processing: dardg1dt_1_384_320.dat
oldbits = 3932160, newbits = 3053008, compressionratio = 1.28796, bpv = 24.8454
Total compression time: 496.737ms
eps = 3.4811e-05, rmse = 1.90161e-05, psnr = 88.397
Total decompression time: 73.936ms
Total time: 570.717ms
  ✓ Compression successful (ratio: 1.28x)

[37/130] Processing: dardg2dt_1_384_320.dat
oldbits = 3932160, newbits = 3488848, compressionratio = 1.12707, bpv = 28.3923
Total compression time: 380.293ms
eps = 8.6768e-06, rmse = 4.73983e-06, psnr = 100.464
Total decompression time: 44.336ms
Total time: 424.671ms
  ✓ Compression successful (ratio: 1.12x)

[38/130] Processing: divu_1_384_320.dat
oldbits = 3932160, newbits = 3897744, compressionratio = 1.00883, bpv = 31.7199
Total compression time: 393.055ms
eps = 3.74998e-06, rmse = 2.05605e-06, psnr = 107.719
Total decompression time: 46.514ms
Total time: 439.647ms
  ✓ Compression successful (ratio: 1.00x)

[39/130] Processing: dvidtd_1_384_320.dat
oldbits = 3932160, newbits = 4011920, compressionratio = 0.980119, bpv = 32.6491
Total compression time: 394.523ms
eps = 3.65001e-06, rmse = 1.99627e-06, psnr = 107.975
Total decompression time: 49.404ms
Total time: 443.97ms
  ✓ Compression successful (ratio: .98x)

[40/130] Processing: dvidtt_1_384_320.dat
oldbits = 3932160, newbits = 3408400, compressionratio = 1.15367, bpv = 27.7376
Total compression time: 392.444ms
eps = 1.6652e-05, rmse = 9.10049e-06, psnr = 94.7981
Total decompression time: 44.783ms
Total time: 437.264ms
  ✓ Compression successful (ratio: 1.15x)

[41/130] Processing: dvirdgdt_1_384_320.dat
oldbits = 3932160, newbits = 3495504, compressionratio = 1.12492, bpv = 28.4465
Total compression time: 385.876ms
eps = 8.70668e-06, rmse = 4.75616e-06, psnr = 100.434
Total decompression time: 45.035ms
Total time: 430.956ms
  ✓ Compression successful (ratio: 1.12x)

[42/130] Processing: dxt_384_320.dat
oldbits = 3932160, newbits = 122192, compressionratio = 32.1802, bpv = 0.994401
Total compression time: 154.686ms
eps = 3.47254e-06, rmse = 3.33979e-06, psnr = 103.505
Total decompression time: 10.676ms
Total time: 165.416ms
  ✓ Compression successful (ratio: 32.18x)

[43/130] Processing: dxu_384_320.dat
oldbits = 3932160, newbits = 121936, compressionratio = 32.2477, bpv = 0.992318
Total compression time: 140.882ms
eps = 3.50292e-06, rmse = 3.36938e-06, psnr = 103.428
Total decompression time: 11.145ms
Total time: 152.069ms
  ✓ Compression successful (ratio: 32.24x)

[44/130] Processing: dyt_384_320.dat
oldbits = 3932160, newbits = 175760, compressionratio = 22.3723, bpv = 1.43034
Total compression time: 145.149ms
eps = 9.71021e-06, rmse = 8.51347e-06, psnr = 95.3773
Total decompression time: 11.518ms
Total time: 156.705ms
  ✓ Compression successful (ratio: 22.37x)

[45/130] Processing: dyu_384_320.dat
oldbits = 3932160, newbits = 248848, compressionratio = 15.8015, bpv = 2.02513
Total compression time: 142.12ms
eps = 1.23961e-06, rmse = 1.0868e-06, psnr = 113.256
Total decompression time: 14.651ms
Total time: 156.813ms
  ✓ Compression successful (ratio: 15.80x)

[46/130] Processing: evap_1_384_320.dat
oldbits = 3932160, newbits = 3540112, compressionratio = 1.11074, bpv = 28.8095
Total compression time: 387.056ms
eps = 9.02552e-06, rmse = 4.93032e-06, psnr = 100.122
Total decompression time: 44.364ms
Total time: 431.457ms
  ✓ Compression successful (ratio: 1.11x)

[47/130] Processing: evap_ai_1_384_320.dat
oldbits = 3932160, newbits = 3510608, compressionratio = 1.12008, bpv = 28.5694
Total compression time: 396.385ms
eps = 8.7812e-06, rmse = 4.79686e-06, psnr = 100.36
Total decompression time: 42.442ms
Total time: 438.882ms
  ✓ Compression successful (ratio: 1.12x)

[48/130] Processing: faero_atm001_1_384_320.dat
oldbits = 3932160, newbits = 3027472, compressionratio = 1.29883, bpv = 24.6376
Total compression time: 366.802ms
eps = 3.46372e-05, rmse = 1.89211e-05, psnr = 88.4405
Total decompression time: 42.396ms
Total time: 409.233ms
  ✓ Compression successful (ratio: 1.29x)

[49/130] Processing: faero_atm002_1_384_320.dat
oldbits = 3932160, newbits = 3027472, compressionratio = 1.29883, bpv = 24.6376
Total compression time: 360.595ms
eps = 3.46372e-05, rmse = 1.89211e-05, psnr = 88.4405
Total decompression time: 40.3ms
Total time: 400.932ms
  ✓ Compression successful (ratio: 1.29x)

[50/130] Processing: faero_atm003_1_384_320.dat
oldbits = 3932160, newbits = 3027472, compressionratio = 1.29883, bpv = 24.6376
Total compression time: 360.955ms
eps = 3.46372e-05, rmse = 1.89211e-05, psnr = 88.4405
Total decompression time: 39.989ms
Total time: 401.009ms
  ✓ Compression successful (ratio: 1.29x)

[51/130] Processing: faero_ocn001_1_384_320.dat
oldbits = 3932160, newbits = 3027472, compressionratio = 1.29883, bpv = 24.6376
Total compression time: 374.442ms
eps = 3.46372e-05, rmse = 1.89211e-05, psnr = 88.4405
Total decompression time: 40.086ms
Total time: 414.567ms
  ✓ Compression successful (ratio: 1.29x)

[52/130] Processing: faero_ocn002_1_384_320.dat
oldbits = 3932160, newbits = 3027472, compressionratio = 1.29883, bpv = 24.6376
Total compression time: 365.941ms
eps = 3.46372e-05, rmse = 1.89211e-05, psnr = 88.4405
Total decompression time: 48.244ms
Total time: 414.234ms
  ✓ Compression successful (ratio: 1.29x)

[53/130] Processing: faero_ocn003_1_384_320.dat
oldbits = 3932160, newbits = 3027472, compressionratio = 1.29883, bpv = 24.6376
Total compression time: 372.33ms
eps = 3.46372e-05, rmse = 1.89211e-05, psnr = 88.4405
Total decompression time: 40.961ms
Total time: 413.329ms
  ✓ Compression successful (ratio: 1.29x)

[54/130] Processing: fcondtop_ai_1_384_320.dat
oldbits = 3932160, newbits = 3721360, compressionratio = 1.05665, bpv = 30.2845
Total compression time: 386.538ms
eps = 4.11103e-06, rmse = 2.25518e-06, psnr = 106.916
Total decompression time: 46.144ms
Total time: 432.722ms
  ✓ Compression successful (ratio: 1.05x)

[55/130] Processing: fhocn_1_384_320.dat
oldbits = 3932160, newbits = 3185360, compressionratio = 1.23445, bpv = 25.9225
Total compression time: 378.82ms
eps = 2.16945e-05, rmse = 1.20005e-05, psnr = 92.3954
Total decompression time: 43.722ms
Total time: 422.583ms
  ✓ Compression successful (ratio: 1.23x)

[56/130] Processing: fhocn_ai_1_384_320.dat
oldbits = 3932160, newbits = 3764432, compressionratio = 1.04456, bpv = 30.635
Total compression time: 391.92ms
eps = 4.20228e-06, rmse = 2.30739e-06, psnr = 106.717
Total decompression time: 44.251ms
Total time: 436.213ms
  ✓ Compression successful (ratio: 1.04x)

[57/130] Processing: flat_1_384_320.dat
oldbits = 3932160, newbits = 3901200, compressionratio = 1.00794, bpv = 31.748
Total compression time: 382.403ms
eps = 3.8087e-06, rmse = 2.0855e-06, psnr = 107.595
Total decompression time: 46.01ms
Total time: 428.455ms
  ✓ Compression successful (ratio: 1.00x)

[58/130] Processing: flat_ai_1_384_320.dat
oldbits = 3932160, newbits = 3886224, compressionratio = 1.01182, bpv = 31.6262
Total compression time: 389.497ms
eps = 3.75543e-06, rmse = 2.05516e-06, psnr = 107.722
Total decompression time: 44.858ms
Total time: 434.391ms
  ✓ Compression successful (ratio: 1.01x)

[59/130] Processing: flwdn_1_384_320.dat
oldbits = 3932160, newbits = 3645776, compressionratio = 1.07855, bpv = 29.6694
Total compression time: 383.073ms
eps = 5.40717e-06, rmse = 2.97209e-06, psnr = 104.518
Total decompression time: 44.533ms
Total time: 427.644ms
  ✓ Compression successful (ratio: 1.07x)

[60/130] Processing: flwup_1_384_320.dat
oldbits = 3932160, newbits = 3904144, compressionratio = 1.00718, bpv = 31.772
Total compression time: 382.05ms
eps = 3.86099e-06, rmse = 2.11375e-06, psnr = 107.478
Total decompression time: 45.818ms
Total time: 427.91ms
  ✓ Compression successful (ratio: 1.00x)

[61/130] Processing: flwup_ai_1_384_320.dat
oldbits = 3932160, newbits = 3629328, compressionratio = 1.08344, bpv = 29.5355
Total compression time: 374.936ms
eps = 5.40753e-06, rmse = 2.97669e-06, psnr = 104.505
Total decompression time: 46.764ms
Total time: 421.737ms
  ✓ Compression successful (ratio: 1.08x)

[62/130] Processing: frazil_1_384_320.dat
oldbits = 3932160, newbits = 3679696, compressionratio = 1.06861, bpv = 29.9454
Total compression time: 381.818ms
eps = 4.32419e-06, rmse = 2.36215e-06, psnr = 106.513
Total decompression time: 44.167ms
Total time: 426.021ms
  ✓ Compression successful (ratio: 1.06x)

[63/130] Processing: fresh_1_384_320.dat
oldbits = 3932160, newbits = 3546768, compressionratio = 1.10866, bpv = 28.8637
Total compression time: 410.922ms
eps = 8.8806e-06, rmse = 4.85342e-06, psnr = 100.258
Total decompression time: 44.829ms
Total time: 455.791ms
  ✓ Compression successful (ratio: 1.10x)

[64/130] Processing: fresh_ai_1_384_320.dat
oldbits = 3932160, newbits = 3534160, compressionratio = 1.11262, bpv = 28.7611
Total compression time: 389.129ms
eps = 8.84637e-06, rmse = 4.83371e-06, psnr = 100.294
Total decompression time: 45.895ms
Total time: 435.068ms
  ✓ Compression successful (ratio: 1.11x)

[65/130] Processing: fs_1_384_320.dat
oldbits = 3932160, newbits = 3529104, compressionratio = 1.11421, bpv = 28.7199
Total compression time: 390.279ms
eps = 8.85916e-06, rmse = 4.83948e-06, psnr = 100.283
Total decompression time: 43.288ms
Total time: 433.606ms
  ✓ Compression successful (ratio: 1.11x)

[66/130] Processing: fsalt_1_384_320.dat
oldbits = 3932160, newbits = 3545232, compressionratio = 1.10914, bpv = 28.8512
Total compression time: 397.548ms
eps = 8.91569e-06, rmse = 4.87035e-06, psnr = 100.228
Total decompression time: 43.303ms
Total time: 440.892ms
  ✓ Compression successful (ratio: 1.10x)

[67/130] Processing: fsalt_ai_1_384_320.dat
oldbits = 3932160, newbits = 3076496, compressionratio = 1.27813, bpv = 25.0366
Total compression time: 375.737ms
eps = 3.53844e-05, rmse = 1.93293e-05, psnr = 88.2551
Total decompression time: 45.976ms
Total time: 421.75ms
  ✓ Compression successful (ratio: 1.27x)

[68/130] Processing: fsens_1_384_320.dat
oldbits = 3932160, newbits = 3901968, compressionratio = 1.00774, bpv = 31.7543
Total compression time: 511.434ms
eps = 3.8735e-06, rmse = 2.12218e-06, psnr = 107.444
Total decompression time: 45.275ms
Total time: 556.754ms
  ✓ Compression successful (ratio: 1.00x)

[69/130] Processing: fsens_ai_1_384_320.dat
oldbits = 3932160, newbits = 3883856, compressionratio = 1.01244, bpv = 31.6069
Total compression time: 382.884ms
eps = 3.75075e-06, rmse = 2.05455e-06, psnr = 107.725
Total decompression time: 45.157ms
Total time: 428.08ms
  ✓ Compression successful (ratio: 1.01x)

[70/130] Processing: fsurf_ai_1_384_320.dat
oldbits = 3932160, newbits = 3749136, compressionratio = 1.04882, bpv = 30.5105
Total compression time: 386.39ms
eps = 4.11273e-06, rmse = 2.25613e-06, psnr = 106.912
Total decompression time: 46.072ms
Total time: 432.512ms
  ✓ Compression successful (ratio: 1.04x)

[71/130] Processing: fswabs_1_384_320.dat
oldbits = 3932160, newbits = 3106064, compressionratio = 1.26596, bpv = 25.2772
Total compression time: 383.074ms
eps = 3.55773e-05, rmse = 1.94415e-05, psnr = 88.2048
Total decompression time: 75.786ms
Total time: 458.94ms
  ✓ Compression successful (ratio: 1.26x)

[72/130] Processing: fswabs_ai_1_384_320.dat
oldbits = 3932160, newbits = 3546960, compressionratio = 1.1086, bpv = 28.8652
Total compression time: 402.256ms
eps = 8.88193e-06, rmse = 4.8528e-06, psnr = 100.26
Total decompression time: 44.771ms
Total time: 447.065ms
  ✓ Compression successful (ratio: 1.10x)

[73/130] Processing: fswdn_1_384_320.dat
oldbits = 3932160, newbits = 3874512, compressionratio = 1.01488, bpv = 31.5309
Total compression time: 379.598ms
eps = 2.70189e-06, rmse = 1.4851e-06, psnr = 110.544
Total decompression time: 47.051ms
Total time: 426.687ms
  ✓ Compression successful (ratio: 1.01x)

[74/130] Processing: fswfac_1_384_320.dat
oldbits = 3932160, newbits = 3575504, compressionratio = 1.09975, bpv = 29.0975
Total compression time: 400.119ms
eps = 8.85603e-06, rmse = 4.83829e-06, psnr = 100.286
Total decompression time: 49.083ms
Total time: 449.239ms
  ✓ Compression successful (ratio: 1.09x)

[75/130] Processing: fswthru_1_384_320.dat
oldbits = 3932160, newbits = 3432976, compressionratio = 1.14541, bpv = 27.9376
Total compression time: 398.248ms
eps = 1.65587e-05, rmse = 9.04635e-06, psnr = 94.8499
Total decompression time: 44.37ms
Total time: 442.674ms
  ✓ Compression successful (ratio: 1.14x)

[76/130] Processing: fswthru_ai_1_384_320.dat
oldbits = 3932160, newbits = 3420432, compressionratio = 1.14961, bpv = 27.8355
Total compression time: 387.939ms
eps = 1.66142e-05, rmse = 9.07608e-06, psnr = 94.8214
Total decompression time: 42.543ms
Total time: 430.516ms
  ✓ Compression successful (ratio: 1.14x)

[77/130] Processing: fswup_1_384_320.dat
oldbits = 3932160, newbits = 3771792, compressionratio = 1.04252, bpv = 30.6949
Total compression time: 377.682ms
eps = 4.10772e-06, rmse = 2.25775e-06, psnr = 106.906
Total decompression time: 43.899ms
Total time: 421.622ms
  ✓ Compression successful (ratio: 1.04x)

[78/130] Processing: FYarea_1_384_320.dat
oldbits = 3932160, newbits = 3082768, compressionratio = 1.27553, bpv = 25.0876
Total compression time: 366.618ms
eps = 3.56206e-05, rmse = 1.94585e-05, psnr = 88.1972
Total decompression time: 43.898ms
Total time: 410.556ms
  ✓ Compression successful (ratio: 1.27x)

[79/130] Processing: hi_1_384_320.dat
oldbits = 3932160, newbits = 3078480, compressionratio = 1.27731, bpv = 25.0527
Total compression time: 380.542ms
eps = 3.56071e-05, rmse = 1.94511e-05, psnr = 88.2005
Total decompression time: 43.423ms
Total time: 424.004ms
  ✓ Compression successful (ratio: 1.27x)

[80/130] Processing: hisnap_1_384_320.dat
oldbits = 3932160, newbits = 3528784, compressionratio = 1.11431, bpv = 28.7173
Total compression time: 398.861ms
eps = 8.86017e-06, rmse = 4.84004e-06, psnr = 100.282
Total decompression time: 51.595ms
Total time: 450.493ms
  ✓ Compression successful (ratio: 1.11x)

[81/130] Processing: hs_1_384_320.dat
oldbits = 3932160, newbits = 3528848, compressionratio = 1.11429, bpv = 28.7178
Total compression time: 383.06ms
eps = 8.89594e-06, rmse = 4.85954e-06, psnr = 100.247
Total decompression time: 42.881ms
Total time: 425.976ms
  ✓ Compression successful (ratio: 1.11x)

[82/130] Processing: HTE_384_320.dat
oldbits = 3932160, newbits = 175952, compressionratio = 22.3479, bpv = 1.4319
Total compression time: 135.522ms
eps = 9.76523e-06, rmse = 8.56171e-06, psnr = 95.3282
Total decompression time: 12.173ms
Total time: 147.736ms
  ✓ Compression successful (ratio: 22.34x)

[83/130] Processing: HTN_384_320.dat
oldbits = 3932160, newbits = 122320, compressionratio = 32.1465, bpv = 0.995443
Total compression time: 155.146ms
eps = 3.50223e-06, rmse = 3.36872e-06, psnr = 103.43
Total decompression time: 11.112ms
Total time: 166.298ms
  ✓ Compression successful (ratio: 32.14x)

[84/130] Processing: iage_1_384_320.dat
oldbits = 3932160, newbits = 3082384, compressionratio = 1.27569, bpv = 25.0845
Total compression time: 365.529ms
eps = 3.5562e-05, rmse = 1.94265e-05, psnr = 88.2115
Total decompression time: 44.998ms
Total time: 410.565ms
  ✓ Compression successful (ratio: 1.27x)

[85/130] Processing: ice_present_1_384_320.dat
oldbits = 3932160, newbits = 3545680, compressionratio = 1.109, bpv = 28.8548
Total compression time: 398.644ms
eps = 8.92892e-06, rmse = 4.87763e-06, psnr = 100.215
Total decompression time: 44.126ms
Total time: 442.817ms
  ✓ Compression successful (ratio: 1.10x)

[86/130] Processing: meltb_1_384_320.dat
oldbits = 3932160, newbits = 3538320, compressionratio = 1.11131, bpv = 28.7949
Total compression time: 383.209ms
eps = 8.87147e-06, rmse = 4.84621e-06, psnr = 100.271
Total decompression time: 43.531ms
Total time: 426.776ms
  ✓ Compression successful (ratio: 1.11x)

[87/130] Processing: meltl_1_384_320.dat
oldbits = 3932160, newbits = 3405264, compressionratio = 1.15473, bpv = 27.7121
Total compression time: 395.927ms
eps = 1.67875e-05, rmse = 9.17039e-06, psnr = 94.7316
Total decompression time: 43.276ms
Total time: 439.247ms
  ✓ Compression successful (ratio: 1.15x)

[88/130] Processing: melts_1_384_320.dat
oldbits = 3932160, newbits = 3639312, compressionratio = 1.08047, bpv = 29.6168
Total compression time: 389.873ms
eps = 8.33799e-06, rmse = 4.55476e-06, psnr = 100.81
Total decompression time: 47.571ms
Total time: 437.483ms
  ✓ Compression successful (ratio: 1.08x)

[89/130] Processing: meltt_1_384_320.dat
oldbits = 3932160, newbits = 3515856, compressionratio = 1.11841, bpv = 28.6121
Total compression time: 386.414ms
eps = 8.81927e-06, rmse = 4.81765e-06, psnr = 100.323
Total decompression time: 43.927ms
Total time: 430.381ms
  ✓ Compression successful (ratio: 1.11x)

[90/130] Processing: opening_1_384_320.dat
oldbits = 3932160, newbits = 3652304, compressionratio = 1.07662, bpv = 29.7225
Total compression time: 389.641ms
eps = 8.3034e-06, rmse = 4.53599e-06, psnr = 100.846
Total decompression time: 43.871ms
Total time: 433.553ms
  ✓ Compression successful (ratio: 1.07x)

[91/130] Processing: qi_1_384_320.dat
oldbits = 3932160, newbits = 2763472, compressionratio = 1.42291, bpv = 22.4892
Total compression time: 353.872ms
eps = 2.52697e-05, rmse = 1.90516e-05, psnr = 88.3808
Total decompression time: 41.125ms
Total time: 395.035ms
  ✓ Compression successful (ratio: 1.42x)

[92/130] Processing: Qref_1_384_320.dat
oldbits = 3932160, newbits = 3575376, compressionratio = 1.09979, bpv = 29.0965
Total compression time: 380.374ms
eps = 1.46109e-05, rmse = 7.99292e-06, psnr = 95.9253
Total decompression time: 47.109ms
Total time: 427.523ms
  ✓ Compression successful (ratio: 1.09x)

[93/130] Processing: qs_1_384_320.dat
oldbits = 3932160, newbits = 2786704, compressionratio = 1.41104, bpv = 22.6783
Total compression time: 335.549ms
eps = 2.58408e-05, rmse = 1.90266e-05, psnr = 88.3922
Total decompression time: 40.976ms
Total time: 376.569ms
  ✓ Compression successful (ratio: 1.41x)

[94/130] Processing: rain_1_384_320.dat
oldbits = 3932160, newbits = 3419536, compressionratio = 1.14991, bpv = 27.8283
Total compression time: 402.306ms
eps = 1.68801e-05, rmse = 9.22127e-06, psnr = 94.6836
Total decompression time: 44.352ms
Total time: 446.702ms
  ✓ Compression successful (ratio: 1.14x)

[95/130] Processing: rain_ai_1_384_320.dat
oldbits = 3932160, newbits = 3629584, compressionratio = 1.08336, bpv = 29.5376
Total compression time: 400.442ms
eps = 8.31852e-06, rmse = 4.54411e-06, psnr = 100.83
Total decompression time: 44.135ms
Total time: 444.656ms
  ✓ Compression successful (ratio: 1.08x)

[96/130] Processing: shear_1_384_320.dat
oldbits = 3932160, newbits = 3430352, compressionratio = 1.14628, bpv = 27.9163
Total compression time: 399.838ms
eps = 1.65976e-05, rmse = 9.06782e-06, psnr = 94.8293
Total decompression time: 46.154ms
Total time: 446.048ms
  ✓ Compression successful (ratio: 1.14x)

[97/130] Processing: sig1_1_384_320.dat
oldbits = 3932160, newbits = 699792, compressionratio = 5.61904, bpv = 5.69492
Total compression time: 164.585ms
eps = 9.87536e-06, rmse = 9.42176e-06, psnr = 94.4968
Total decompression time: 15.605ms
Total time: 180.228ms
  ✓ Compression successful (ratio: 5.61x)

[98/130] Processing: sig2_1_384_320.dat
oldbits = 3932160, newbits = 675344, compressionratio = 5.82245, bpv = 5.49596
Total compression time: 174.412ms
eps = 1.23805e-05, rmse = 1.18119e-05, psnr = 92.533
Total decompression time: 15.753ms
Total time: 190.196ms
  ✓ Compression successful (ratio: 5.82x)

[99/130] Processing: snoice_1_384_320.dat
oldbits = 3932160, newbits = 3753680, compressionratio = 1.04755, bpv = 30.5475
Total compression time: 445.146ms
eps = 4.479e-06, rmse = 2.44672e-06, psnr = 106.208
Total decompression time: 53.258ms
Total time: 498.444ms
  ✓ Compression successful (ratio: 1.04x)

[100/130] Processing: snow_1_384_320.dat
oldbits = 3932160, newbits = 3541776, compressionratio = 1.11022, bpv = 28.823
Total compression time: 396.101ms
eps = 8.96709e-06, rmse = 4.8984e-06, psnr = 100.178
Total decompression time: 46.042ms
Total time: 442.189ms
  ✓ Compression successful (ratio: 1.11x)

[101/130] Processing: snow_ai_1_384_320.dat
oldbits = 3932160, newbits = 3397584, compressionratio = 1.15734, bpv = 27.6496
Total compression time: 403.198ms
eps = 1.6526e-05, rmse = 9.02758e-06, psnr = 94.868
Total decompression time: 43.684ms
Total time: 446.925ms
  ✓ Compression successful (ratio: 1.15x)

[102/130] Processing: strairx_1_384_320.dat
oldbits = 3932160, newbits = 3527056, compressionratio = 1.11486, bpv = 28.7033
Total compression time: 399.126ms
eps = 8.84917e-06, rmse = 4.83402e-06, psnr = 100.293
Total decompression time: 44.996ms
Total time: 444.17ms
  ✓ Compression successful (ratio: 1.11x)

[103/130] Processing: strairy_1_384_320.dat
oldbits = 3932160, newbits = 3064464, compressionratio = 1.28315, bpv = 24.9387
Total compression time: 368.255ms
eps = 3.49844e-05, rmse = 1.91107e-05, psnr = 88.3538
Total decompression time: 45.034ms
Total time: 413.325ms
  ✓ Compression successful (ratio: 1.28x)

[104/130] Processing: strcorx_1_384_320.dat
oldbits = 3932160, newbits = 3517200, compressionratio = 1.11798, bpv = 28.623
Total compression time: 401.539ms
eps = 8.74152e-06, rmse = 4.77519e-06, psnr = 100.4
Total decompression time: 42.2ms
Total time: 443.782ms
  ✓ Compression successful (ratio: 1.11x)

[105/130] Processing: strcory_1_384_320.dat
oldbits = 3932160, newbits = 3520528, compressionratio = 1.11692, bpv = 28.6501
Total compression time: 406.636ms
eps = 8.73029e-06, rmse = 4.76905e-06, psnr = 100.411
Total decompression time: 43.794ms
Total time: 450.485ms
  ✓ Compression successful (ratio: 1.11x)

[106/130] Processing: strength_1_384_320.dat
oldbits = 3932160, newbits = 3515984, compressionratio = 1.11837, bpv = 28.6132
Total compression time: 391.385ms
eps = 8.77919e-06, rmse = 4.80184e-06, psnr = 100.351
Total decompression time: 42.722ms
Total time: 434.146ms
  ✓ Compression successful (ratio: 1.11x)

[107/130] Processing: strintx_1_384_320.dat
oldbits = 3932160, newbits = 3484624, compressionratio = 1.12843, bpv = 28.3579
Total compression time: 389.202ms
eps = 8.70814e-06, rmse = 4.75695e-06, psnr = 100.433
Total decompression time: 44.349ms
Total time: 433.593ms
  ✓ Compression successful (ratio: 1.12x)

[108/130] Processing: strinty_1_384_320.dat
oldbits = 3932160, newbits = 3049296, compressionratio = 1.28953, bpv = 24.8152
Total compression time: 368.731ms
eps = 3.50335e-05, rmse = 1.91376e-05, psnr = 88.3417
Total decompression time: 45.463ms
Total time: 414.235ms
  ✓ Compression successful (ratio: 1.28x)

[109/130] Processing: strocnx_1_384_320.dat
oldbits = 3932160, newbits = 3527312, compressionratio = 1.11478, bpv = 28.7053
Total compression time: 388.409ms
eps = 8.86768e-06, rmse = 4.8441e-06, psnr = 100.275
Total decompression time: 44.364ms
Total time: 432.814ms
  ✓ Compression successful (ratio: 1.11x)

[110/130] Processing: strocny_1_384_320.dat
oldbits = 3932160, newbits = 3058512, compressionratio = 1.28564, bpv = 24.8902
Total compression time: 374.736ms
eps = 3.503e-05, rmse = 1.91357e-05, psnr = 88.3425
Total decompression time: 41.458ms
Total time: 416.241ms
  ✓ Compression successful (ratio: 1.28x)

[111/130] Processing: Tair_1_384_320.dat
oldbits = 3932160, newbits = 3774736, compressionratio = 1.0417, bpv = 30.7189
Total compression time: 402.151ms
eps = 4.13167e-06, rmse = 2.26409e-06, psnr = 106.882
Total decompression time: 44.468ms
Total time: 446.656ms
  ✓ Compression successful (ratio: 1.04x)

[112/130] Processing: tarea_384_320.dat
oldbits = 3932160, newbits = 125328, compressionratio = 31.375, bpv = 1.01992
Total compression time: 152.872ms
eps = 3.48674e-06, rmse = 3.37684e-06, psnr = 103.409
Total decompression time: 16.758ms
Total time: 169.69ms
  ✓ Compression successful (ratio: 31.37x)

[113/130] Processing: TLAT_384_320.dat
oldbits = 3932160, newbits = 117328, compressionratio = 33.5143, bpv = 0.954818
Total compression time: 141.061ms
eps = 7.53188e-06, rmse = 6.26076e-06, psnr = 98.0469
Total decompression time: 10.779ms
Total time: 151.882ms
  ✓ Compression successful (ratio: 33.51x)

[114/130] Processing: TLON_384_320.dat
oldbits = 3932160, newbits = 409360, compressionratio = 9.60563, bpv = 3.33138
Total compression time: 145.147ms
eps = 1.43428e-05, rmse = 1.22358e-05, psnr = 92.2268
Total decompression time: 12.827ms
Total time: 158.007ms
  ✓ Compression successful (ratio: 9.60x)

[115/130] Processing: tmask_384_320.dat
oldbits = 3932160, newbits = 3038352, compressionratio = 1.29418, bpv = 24.7262
Total compression time: 391.961ms
eps = 2.27899e-05, rmse = 1.90891e-05, psnr = 88.3637
Total decompression time: 41.855ms
Total time: 433.86ms
  ✓ Compression successful (ratio: 1.29x)

[116/130] Processing: transix_1_384_320.dat
oldbits = 3932160, newbits = 2998736, compressionratio = 1.31127, bpv = 24.4038
Total compression time: 507.233ms
eps = 3.36363e-05, rmse = 1.95453e-05, psnr = 88.1586
Total decompression time: 62.683ms
Total time: 569.984ms
  ✓ Compression successful (ratio: 1.31x)

[117/130] Processing: transiy_1_384_320.dat
oldbits = 3932160, newbits = 3331344, compressionratio = 1.18035, bpv = 27.1105
Total compression time: 385.864ms
eps = 1.57297e-05, rmse = 9.09094e-06, psnr = 94.8072
Total decompression time: 44.419ms
Total time: 430.325ms
  ✓ Compression successful (ratio: 1.18x)

[118/130] Processing: Tref_1_384_320.dat
oldbits = 3932160, newbits = 3898832, compressionratio = 1.00855, bpv = 31.7288
Total compression time: 379.231ms
eps = 3.76801e-06, rmse = 2.06475e-06, psnr = 107.682
Total decompression time: 45.421ms
Total time: 424.689ms
  ✓ Compression successful (ratio: 1.00x)

[119/130] Processing: trsig_1_384_320.dat
oldbits = 3932160, newbits = 2977744, compressionratio = 1.32052, bpv = 24.2329
Total compression time: 350.163ms
eps = 3.37888e-05, rmse = 1.90364e-05, psnr = 88.3877
Total decompression time: 42.762ms
Total time: 392.975ms
  ✓ Compression successful (ratio: 1.32x)

[120/130] Processing: Tsfc_1_384_320.dat
oldbits = 3932160, newbits = 3448912, compressionratio = 1.14012, bpv = 28.0673
Total compression time: 387.146ms
eps = 1.50346e-05, rmse = 8.22981e-06, psnr = 95.6716
Total decompression time: 44.88ms
Total time: 432.067ms
  ✓ Compression successful (ratio: 1.14x)

[121/130] Processing: uarea_384_320.dat
oldbits = 3932160, newbits = 125200, compressionratio = 31.407, bpv = 1.01888
Total compression time: 158.319ms
eps = 3.49444e-06, rmse = 3.38477e-06, psnr = 103.389
Total decompression time: 12.539ms
Total time: 170.899ms
  ✓ Compression successful (ratio: 31.40x)

[122/130] Processing: ULAT_384_320.dat
oldbits = 3932160, newbits = 118032, compressionratio = 33.3144, bpv = 0.960547
Total compression time: 162.155ms
eps = 7.72428e-06, rmse = 6.41952e-06, psnr = 97.8293
Total decompression time: 13.556ms
Total time: 175.743ms
  ✓ Compression successful (ratio: 33.31x)

[123/130] Processing: ULON_384_320.dat
oldbits = 3932160, newbits = 436752, compressionratio = 9.00319, bpv = 3.5543
Total compression time: 163.275ms
eps = 1.48427e-05, rmse = 1.26559e-05, psnr = 91.9335
Total decompression time: 12.891ms
Total time: 176.202ms
  ✓ Compression successful (ratio: 9.00x)

[124/130] Processing: uvel_1_384_320.dat
oldbits = 3932160, newbits = 3992528, compressionratio = 0.98488, bpv = 32.4913
Total compression time: 385.219ms
eps = 2.09719e-06, rmse = 1.14961e-06, psnr = 112.768
Total decompression time: 46.097ms
Total time: 431.356ms
  ✓ Compression successful (ratio: .98x)

[125/130] Processing: vicen001_1_384_320.dat
oldbits = 3932160, newbits = 3629392, compressionratio = 1.08342, bpv = 29.5361
Total compression time: 385.436ms
eps = 8.275e-06, rmse = 4.52034e-06, psnr = 100.876
Total decompression time: 42.99ms
Total time: 428.465ms
  ✓ Compression successful (ratio: 1.08x)

[126/130] Processing: vicen002_1_384_320.dat
oldbits = 3932160, newbits = 3527056, compressionratio = 1.11486, bpv = 28.7033
Total compression time: 393.46ms
eps = 8.82076e-06, rmse = 4.81847e-06, psnr = 100.321
Total decompression time: 42.876ms
Total time: 436.372ms
  ✓ Compression successful (ratio: 1.11x)

[127/130] Processing: vicen003_1_384_320.dat
oldbits = 3932160, newbits = 3076304, compressionratio = 1.27821, bpv = 25.035
Total compression time: 382.808ms
eps = 3.51559e-05, rmse = 1.92045e-05, psnr = 88.3114
Total decompression time: 43.537ms
Total time: 426.404ms
  ✓ Compression successful (ratio: 1.27x)

[128/130] Processing: vicen004_1_384_320.dat
oldbits = 3932160, newbits = 3076560, compressionratio = 1.2781, bpv = 25.0371
Total compression time: 384.177ms
eps = 3.5585e-05, rmse = 1.94389e-05, psnr = 88.206
Total decompression time: 42.87ms
Total time: 427.118ms
  ✓ Compression successful (ratio: 1.27x)

[129/130] Processing: vicen005_1_384_320.dat
oldbits = 3932160, newbits = 3528784, compressionratio = 1.11431, bpv = 28.7173
Total compression time: 395.511ms
eps = 8.86763e-06, rmse = 4.84409e-06, psnr = 100.275
Total decompression time: 44.183ms
Total time: 439.729ms
  ✓ Compression successful (ratio: 1.11x)

[130/130] Processing: vvel_1_384_320.dat
oldbits = 3932160, newbits = 3891344, compressionratio = 1.01049, bpv = 31.6678
Total compression time: 376.949ms
eps = 3.75956e-06, rmse = 2.05943e-06, psnr = 107.704
Total decompression time: 45.973ms
Total time: 422.959ms
  ✓ Compression successful (ratio: 1.01x)

=== Summary ===
Total files processed: 130
Total files skipped: 0
Total files failed: 0

