Input directory: ../../CESM-OCEAN-MODELS/4/log_normalized/
Output directory: ../../CESM-OCEAN-MODELS/4/log_normalized/topoSZp_4_thread/
Dimensions: 384x320 (122880 elements)
Error bound: 1E-3
Block size: 16

Found 54 .dat file(s) to process

[1/54] Processing: ADVS_1_384_320.dat

compression time=0.012110, total fastmode1 topology
compression size = 121575, CR = 4.042936
done
decompression time=0.005062
done
Min=0, Max=1, range=1
Max absolute error = 0.0009999275
Max relative error = 0.001000
Max pw relative error = 0.001000
PSNR = 65.252533, NRMSE= 0.00054622726195638219085
acEff=1.000000
compressionRatio = 4.042936
  ✓ Compression and decompression successful (ratio: 4.04x)

[2/54] Processing: ADVS_ISOP_1_384_320.dat

compression time=0.006192, total fastmode1 topology
compression size = 121866, CR = 4.033282
done
decompression time=0.004940
done
Min=0, Max=1, range=1
Max absolute error = 0.0009999275
Max relative error = 0.001000
Max pw relative error = 0.001000
PSNR = 65.252491, NRMSE= 0.00054622986877926604787
acEff=1.000000
compressionRatio = 4.033282
  ✓ Compression and decompression successful (ratio: 4.03x)

[3/54] Processing: ADVS_SUBM_1_384_320.dat

compression time=0.001582, total fastmode1 topology
compression size = 115374, CR = 4.260232
done
decompression time=0.004301
done
Min=0, Max=1, range=1
Max absolute error = 0.0009999275
Max relative error = 0.001000
Max pw relative error = 0.001000
PSNR = 65.252572, NRMSE= 0.00054622475256959864606
acEff=1.000000
compressionRatio = 4.260232
  ✓ Compression and decompression successful (ratio: 4.26x)

[4/54] Processing: ADVT_1_384_320.dat

compression time=0.005220, total fastmode1 topology
compression size = 142955, CR = 3.438285
done
decompression time=0.006236
done
Min=0, Max=1, range=1
Max absolute error = 0.0009999275
Max relative error = 0.001000
Max pw relative error = 0.001000
PSNR = 62.737186, NRMSE= 0.00072969383485597374885
acEff=1.000000
compressionRatio = 3.438285
  ✓ Compression and decompression successful (ratio: 3.43x)

[5/54] Processing: ADVT_ISOP_1_384_320.dat

compression time=0.007882, total fastmode1 topology
compression size = 168278, CR = 2.920881
done
decompression time=0.007442
done
Min=0, Max=1, range=1
Max absolute error = 0.0009999275
Max relative error = 0.001000
Max pw relative error = 0.001000
PSNR = 64.974264, NRMSE= 0.00056400996833733682903
acEff=1.000000
compressionRatio = 2.920881
  ✓ Compression and decompression successful (ratio: 2.92x)

[6/54] Processing: ADVT_SUBM_1_384_320.dat

compression time=0.005638, total fastmode1 topology
compression size = 135875, CR = 3.617443
done
decompression time=0.006341
done
Min=0, Max=1, range=1
Max absolute error = 0.0009999275
Max relative error = 0.001000
Max pw relative error = 0.001000
PSNR = 64.266254, NRMSE= 0.00061190963429079566708
acEff=1.000000
compressionRatio = 3.617443
  ✓ Compression and decompression successful (ratio: 3.61x)

[7/54] Processing: BSF_1_384_320.dat

compression time=0.002179, total fastmode1 topology
compression size = 128153, CR = 3.835415
done
decompression time=0.028818
done
Min=0, Max=1, range=1
Max absolute error = 0.0009999983
Max relative error = 0.001000
Max pw relative error = 0.001000
PSNR = 63.005852, NRMSE= 0.00070746896089178188359
acEff=1.000000
compressionRatio = 3.835415
  ✓ Compression and decompression successful (ratio: 3.83x)

[8/54] Processing: DIA_DEPTH_1_384_320.dat

compression time=0.002073, total fastmode1 topology
compression size = 136189, CR = 3.609102
done
decompression time=0.005306
done
Min=0, Max=1, range=1
Max absolute error = 0.0015748218
Max relative error = 0.001575
Max pw relative error = 0.001575
PSNR = 62.738179, NRMSE= 0.00072961041627836063436
acEff=1.000000
compressionRatio = 3.609102
  ✓ Compression and decompression successful (ratio: 3.60x)

[9/54] Processing: dTEMP_NEG_2D_1_384_320.dat

compression time=0.007561, total fastmode1 topology
compression size = 158813, CR = 3.094961
done
decompression time=0.007230
done
Min=0, Max=1, range=1
Max absolute error = 0.0012827460
Max relative error = 0.001283
Max pw relative error = 0.001283
PSNR = 62.240691, NRMSE= 0.00077261907391363866121
acEff=1.000000
compressionRatio = 3.094961
  ✓ Compression and decompression successful (ratio: 3.09x)

[10/54] Processing: dTEMP_POS_2D_1_384_320.dat

compression time=0.006933, total fastmode1 topology
compression size = 162580, CR = 3.023250
done
decompression time=0.007279
done
Min=0, Max=1, range=1
Max absolute error = 0.0015253532
Max relative error = 0.001525
Max pw relative error = 0.001525
PSNR = 62.913826, NRMSE= 0.00071500435248196981403
acEff=1.000000
compressionRatio = 3.023250
  ✓ Compression and decompression successful (ratio: 3.02x)

[11/54] Processing: EVAP_F_1_384_320.dat

compression time=0.001938, total fastmode1 topology
compression size = 117183, CR = 4.194465
done
decompression time=0.004366
done
Min=0, Max=1, range=1
Max absolute error = 0.0009999275
Max relative error = 0.001000
Max pw relative error = 0.001000
PSNR = 65.252720, NRMSE= 0.00054621545431653671654
acEff=1.000000
compressionRatio = 4.194465
  ✓ Compression and decompression successful (ratio: 4.19x)

[12/54] Processing: FW_1_384_320.dat

compression time=0.001313, total fastmode1 topology
compression size = 114935, CR = 4.276504
done
decompression time=0.003482
done
Min=0, Max=1, range=1
Max absolute error = 0.0009999275
Max relative error = 0.001000
Max pw relative error = 0.001000
PSNR = 65.252569, NRMSE= 0.00054622494739052604874
acEff=1.000000
compressionRatio = 4.276504
  ✓ Compression and decompression successful (ratio: 4.27x)

[13/54] Processing: HBLT_1_384_320.dat

compression time=0.002617, total fastmode1 topology
compression size = 137653, CR = 3.570718
done
decompression time=0.005460
done
Min=0, Max=1, range=1
Max absolute error = 0.0011669472
Max relative error = 0.001167
Max pw relative error = 0.001167
PSNR = 62.734159, NRMSE= 0.0007299481857807893102
acEff=1.000000
compressionRatio = 3.570718
  ✓ Compression and decompression successful (ratio: 3.57x)

[14/54] Processing: HDIFS_1_384_320.dat

compression time=0.004448, total fastmode1 topology
compression size = 121138, CR = 4.057521
done
decompression time=0.004715
done
Min=0, Max=1, range=1
Max absolute error = 0.0009999275
Max relative error = 0.001000
Max pw relative error = 0.001000
PSNR = 65.252533, NRMSE= 0.00054622725575259535764
acEff=1.000000
compressionRatio = 4.057521
  ✓ Compression and decompression successful (ratio: 4.05x)

[15/54] Processing: HDIFT_1_384_320.dat

compression time=0.007481, total fastmode1 topology
compression size = 161730, CR = 3.039139
done
decompression time=0.006662
done
Min=0, Max=1, range=1
Max absolute error = 0.0009999275
Max relative error = 0.001000
Max pw relative error = 0.001000
PSNR = 62.888129, NRMSE= 0.0007171228128938698888
acEff=1.000000
compressionRatio = 3.039139
  ✓ Compression and decompression successful (ratio: 3.03x)

[16/54] Processing: HLS_SUBM_1_384_320.dat

compression time=0.002210, total fastmode1 topology
compression size = 134563, CR = 3.652713
done
decompression time=0.004947
done
Min=0, Max=1, range=1
Max absolute error = 0.0016840026
Max relative error = 0.001684
Max pw relative error = 0.001684
PSNR = 64.061439, NRMSE= 0.00062651007979470734431
acEff=1.000000
compressionRatio = 3.652713
  ✓ Compression and decompression successful (ratio: 3.65x)

[17/54] Processing: HMXL_1_384_320.dat

compression time=0.002226, total fastmode1 topology
compression size = 138371, CR = 3.552189
done
decompression time=0.005403
done
Min=0, Max=1, range=1
Max absolute error = 0.0015018582
Max relative error = 0.001502
Max pw relative error = 0.001502
PSNR = 62.741925, NRMSE= 0.00072929582412842807425
acEff=1.000000
compressionRatio = 3.552189
  ✓ Compression and decompression successful (ratio: 3.55x)

[18/54] Processing: IFRAC_1_384_320.dat

compression time=0.001493, total fastmode1 topology
compression size = 117036, CR = 4.199733
done
decompression time=0.004220
done
Min=0, Max=1, range=1
Max absolute error = 0.0010066517
Max relative error = 0.001007
Max pw relative error = 0.001007
PSNR = 64.819681, NRMSE= 0.0005741375778013219338
acEff=1.000000
compressionRatio = 4.199733
  ✓ Compression and decompression successful (ratio: 4.19x)

[19/54] Processing: INT_DEPTH_1_384_320.dat

compression time=0.002371, total fastmode1 topology
compression size = 137310, CR = 3.579637
done
decompression time=0.005391
done
Min=0, Max=1, range=1
Max absolute error = 0.0019206852
Max relative error = 0.001921
Max pw relative error = 0.001921
PSNR = 62.684220, NRMSE= 0.0007341570621147725656
acEff=1.000000
compressionRatio = 3.579637
  ✓ Compression and decompression successful (ratio: 3.57x)

[20/54] Processing: IOFF_F_1_384_320.dat

compression time=0.001593, total fastmode1 topology
compression size = 115285, CR = 4.263521
done
decompression time=0.004223
done
Min=0, Max=1, range=1
Max absolute error = 0.0009999275
Max relative error = 0.001000
Max pw relative error = 0.001000
PSNR = 65.252580, NRMSE= 0.00054622430390200229795
acEff=1.000000
compressionRatio = 4.263521
  ✓ Compression and decompression successful (ratio: 4.26x)

[21/54] Processing: LWDN_F_1_384_320.dat

compression time=0.002057, total fastmode1 topology
compression size = 126151, CR = 3.896283
done
decompression time=0.004988
done
Min=0, Max=1, range=1
Max absolute error = 0.0010050535
Max relative error = 0.001005
Max pw relative error = 0.001005
PSNR = 62.618192, NRMSE= 0.00073975921850597513036
acEff=1.000000
compressionRatio = 3.896283
  ✓ Compression and decompression successful (ratio: 3.89x)

[22/54] Processing: LWUP_F_1_384_320.dat

compression time=0.001751, total fastmode1 topology
compression size = 129319, CR = 3.800834
done
decompression time=0.004934
done
Min=0, Max=1, range=1
Max absolute error = 0.0010094345
Max relative error = 0.001009
Max pw relative error = 0.001009
PSNR = 62.693635, NRMSE= 0.00073336173069728520426
acEff=1.000000
compressionRatio = 3.800834
  ✓ Compression and decompression successful (ratio: 3.80x)

[23/54] Processing: MELT_F_1_384_320.dat

compression time=0.001822, total fastmode1 topology
compression size = 115622, CR = 4.251094
done
decompression time=0.004329
done
Min=0, Max=1, range=1
Max absolute error = 0.0009999275
Max relative error = 0.001000
Max pw relative error = 0.001000
PSNR = 65.252520, NRMSE= 0.00054622804245384811057
acEff=1.000000
compressionRatio = 4.251094
  ✓ Compression and decompression successful (ratio: 4.25x)

[24/54] Processing: MELTH_F_1_384_320.dat

compression time=0.001614, total fastmode1 topology
compression size = 117269, CR = 4.191389
done
decompression time=0.004454
done
Min=0, Max=1, range=1
Max absolute error = 0.0009999275
Max relative error = 0.001000
Max pw relative error = 0.001000
PSNR = 60.353473, NRMSE= 0.00096012178984756374207
acEff=1.000000
compressionRatio = 4.191389
  ✓ Compression and decompression successful (ratio: 4.19x)

[25/54] Processing: PREC_F_1_384_320.dat

compression time=0.001736, total fastmode1 topology
compression size = 117398, CR = 4.186783
done
decompression time=0.004973
done
Min=0, Max=1, range=1
Max absolute error = 0.0009999275
Max relative error = 0.001000
Max pw relative error = 0.001000
PSNR = 65.252695, NRMSE= 0.00054621705215112336361
acEff=1.000000
compressionRatio = 4.186783
  ✓ Compression and decompression successful (ratio: 4.18x)

[26/54] Processing: QFLUX_1_384_320.dat

compression time=0.001371, total fastmode1 topology
compression size = 116721, CR = 4.211067
done
decompression time=0.004829
done
Min=0, Max=1, range=1
Max absolute error = 0.0015906356
Max relative error = 0.001591
Max pw relative error = 0.001591
PSNR = 65.071968, NRMSE= 0.0005577012048988749587
acEff=1.000000
compressionRatio = 4.211067
  ✓ Compression and decompression successful (ratio: 4.21x)

[27/54] Processing: QSW_HBL_1_384_320.dat

compression time=0.003008, total fastmode1 topology
compression size = 137081, CR = 3.585617
done
decompression time=0.006287
done
Min=0, Max=1, range=1
Max absolute error = 0.0010054074
Max relative error = 0.001005
Max pw relative error = 0.001005
PSNR = 62.900372, NRMSE= 0.00071611273857150167712
acEff=1.000000
compressionRatio = 3.585617
  ✓ Compression and decompression successful (ratio: 3.58x)

[28/54] Processing: QSW_HTP_1_384_320.dat

compression time=0.003336, total fastmode1 topology
compression size = 138587, CR = 3.546653
done
decompression time=0.007025
done
Min=0, Max=1, range=1
Max absolute error = 0.0010485202
Max relative error = 0.001049
Max pw relative error = 0.001049
PSNR = 62.901373, NRMSE= 0.00071603021734461028656
acEff=1.000000
compressionRatio = 3.546653
  ✓ Compression and decompression successful (ratio: 3.54x)

[29/54] Processing: RESID_S_1_384_320.dat

compression time=0.001402, total fastmode1 topology
compression size = 114935, CR = 4.276504
done
decompression time=0.004065
done
Min=0, Max=1, range=1
Max absolute error = 0.0009999275
Max relative error = 0.001000
Max pw relative error = 0.001000
PSNR = 65.252569, NRMSE= 0.00054622494739052604874
acEff=1.000000
compressionRatio = 4.276504
  ✓ Compression and decompression successful (ratio: 4.27x)

[30/54] Processing: RESID_T_1_384_320.dat

compression time=0.001516, total fastmode1 topology
compression size = 114935, CR = 4.276504
done
decompression time=0.003959
done
Min=0, Max=1, range=1
Max absolute error = 0.0009999275
Max relative error = 0.001000
Max pw relative error = 0.001000
PSNR = 65.252569, NRMSE= 0.00054622494739052604874
acEff=1.000000
compressionRatio = 4.276504
  ✓ Compression and decompression successful (ratio: 4.27x)

[31/54] Processing: RHO_VINT_1_384_320.dat

compression time=0.003288, total fastmode1 topology
compression size = 149500, CR = 3.287759
done
decompression time=0.006563
done
Min=0, Max=1, range=1
Max absolute error = 0.0010081977
Max relative error = 0.001008
Max pw relative error = 0.001008
PSNR = 62.780990, NRMSE= 0.000726023209439280383
acEff=1.000000
compressionRatio = 3.287759
  ✓ Compression and decompression successful (ratio: 3.28x)

[32/54] Processing: ROFF_F_1_384_320.dat

compression time=0.002021, total fastmode1 topology
compression size = 117376, CR = 4.187568
done
decompression time=0.006152
done
Min=0, Max=1, range=1
Max absolute error = 0.0009999275
Max relative error = 0.001000
Max pw relative error = 0.001000
PSNR = 65.252635, NRMSE= 0.0005462207974540917322
acEff=1.000000
compressionRatio = 4.187568
  ✓ Compression and decompression successful (ratio: 4.18x)

[33/54] Processing: SALT_F_1_384_320.dat

compression time=0.001752, total fastmode1 topology
compression size = 115014, CR = 4.273567
done
decompression time=0.005134
done
Min=0, Max=1, range=1
Max absolute error = 0.0009999275
Max relative error = 0.001000
Max pw relative error = 0.001000
PSNR = 65.252569, NRMSE= 0.00054622494057271746976
acEff=1.000000
compressionRatio = 4.273567
  ✓ Compression and decompression successful (ratio: 4.27x)

[34/54] Processing: SENH_F_1_384_320.dat

compression time=0.005842, total fastmode1 topology
compression size = 124442, CR = 3.949792
done
decompression time=0.005831
done
Min=0, Max=1, range=1
Max absolute error = 0.0010047406
Max relative error = 0.001005
Max pw relative error = 0.001005
PSNR = 62.366823, NRMSE= 0.00076148063824964891313
acEff=1.000000
compressionRatio = 3.949792
  ✓ Compression and decompression successful (ratio: 3.94x)

[35/54] Processing: SFWF_1_384_320.dat

compression time=0.002437, total fastmode1 topology
compression size = 120964, CR = 4.063358
done
decompression time=0.004867
done
Min=0, Max=1, range=1
Max absolute error = 0.0009999275
Max relative error = 0.001000
Max pw relative error = 0.001000
PSNR = 65.252411, NRMSE= 0.00054623488978121728134
acEff=1.000000
compressionRatio = 4.063358
  ✓ Compression and decompression successful (ratio: 4.06x)

[36/54] Processing: SFWF_WRST_1_384_320.dat
  ✗ Compression failed (exit code: 1)

[37/54] Processing: SHF_1_384_320.dat

compression time=0.003155, total fastmode1 topology
compression size = 130451, CR = 3.767852
done
decompression time=0.006255
done
Min=0, Max=1, range=1
Max absolute error = 0.0010067075
Max relative error = 0.001007
Max pw relative error = 0.001007
PSNR = 62.672852, NRMSE= 0.00073511858003322413328
acEff=1.000000
compressionRatio = 3.767852
  ✓ Compression and decompression successful (ratio: 3.76x)

[38/54] Processing: SHF_QSW_1_384_320.dat

compression time=0.002285, total fastmode1 topology
compression size = 133892, CR = 3.671018
done
decompression time=0.006128
done
Min=0, Max=1, range=1
Max absolute error = 0.0010083169
Max relative error = 0.001008
Max pw relative error = 0.001008
PSNR = 62.919248, NRMSE= 0.00071455816533540000499
acEff=1.000000
compressionRatio = 3.671018
  ✓ Compression and decompression successful (ratio: 3.67x)

[39/54] Processing: SNOW_F_1_384_320.dat

compression time=0.001560, total fastmode1 topology
compression size = 115530, CR = 4.254479
done
decompression time=0.005069
done
Min=0, Max=1, range=1
Max absolute error = 0.0009999275
Max relative error = 0.001000
Max pw relative error = 0.001000
PSNR = 65.252606, NRMSE= 0.00054622264685974639305
acEff=1.000000
compressionRatio = 4.254479
  ✓ Compression and decompression successful (ratio: 4.25x)

[40/54] Processing: SSH_1_384_320.dat

compression time=0.003644, total fastmode1 topology
compression size = 143458, CR = 3.426229
done
decompression time=0.006503
done
Min=0, Max=1, range=1
Max absolute error = 0.0010056645
Max relative error = 0.001006
Max pw relative error = 0.001006
PSNR = 62.827009, NRMSE= 0.00072218681761747967503
acEff=1.000000
compressionRatio = 3.426229
  ✓ Compression and decompression successful (ratio: 3.42x)

[41/54] Processing: SSH2_1_384_320.dat

compression time=0.003556, total fastmode1 topology
compression size = 154679, CR = 3.177678
done
decompression time=0.007010
done
Min=0, Max=1, range=1
Max absolute error = 0.0018543787
Max relative error = 0.001854
Max pw relative error = 0.001854
PSNR = 62.742765, NRMSE= 0.0007292253257745775737
acEff=1.000000
compressionRatio = 3.177678
  ✓ Compression and decompression successful (ratio: 3.17x)

[42/54] Processing: SU_1_384_320.dat

compression time=0.021916, total fastmode1 topology
compression size = 151273, CR = 3.249225
done
decompression time=0.006850
done
Min=0, Max=1, range=1
Max absolute error = 0.0014354587
Max relative error = 0.001435
Max pw relative error = 0.001435
PSNR = 63.254616, NRMSE= 0.00068749445400206670928
acEff=1.000000
compressionRatio = 3.249225
  ✓ Compression and decompression successful (ratio: 3.24x)

[43/54] Processing: SV_1_384_320.dat

compression time=0.007093, total fastmode1 topology
compression size = 155631, CR = 3.158240
done
decompression time=0.007104
done
Min=0, Max=1, range=1
Max absolute error = 0.0014018118
Max relative error = 0.001402
Max pw relative error = 0.001402
PSNR = 64.120582, NRMSE= 0.00062225855462813399206
acEff=1.000000
compressionRatio = 3.158240
  ✓ Compression and decompression successful (ratio: 3.15x)

[44/54] Processing: TAUX_1_384_320.dat

compression time=0.001970, total fastmode1 topology
compression size = 120694, CR = 4.072448
done
decompression time=0.004979
done
Min=0, Max=1, range=1
Max absolute error = 0.0009999890
Max relative error = 0.001000
Max pw relative error = 0.001000
PSNR = 62.937463, NRMSE= 0.00071306125893596692886
acEff=1.000000
compressionRatio = 4.072448
  ✓ Compression and decompression successful (ratio: 4.07x)

[45/54] Processing: TAUX2_1_384_320.dat

compression time=0.002355, total fastmode1 topology
compression size = 133040, CR = 3.694528
done
decompression time=0.005443
done
Min=0, Max=1, range=1
Max absolute error = 0.0013061380
Max relative error = 0.001306
Max pw relative error = 0.001306
PSNR = 62.991481, NRMSE= 0.00070864049417949069587
acEff=1.000000
compressionRatio = 3.694528
  ✓ Compression and decompression successful (ratio: 3.69x)

[46/54] Processing: TAUY_1_384_320.dat

compression time=0.001893, total fastmode1 topology
compression size = 121918, CR = 4.031562
done
decompression time=0.004450
done
Min=0, Max=1, range=1
Max absolute error = 0.0010016263
Max relative error = 0.001002
Max pw relative error = 0.001002
PSNR = 62.954445, NRMSE= 0.00071166852395891980719
acEff=1.000000
compressionRatio = 4.031562
  ✓ Compression and decompression successful (ratio: 4.03x)

[47/54] Processing: TAUY2_1_384_320.dat

compression time=0.002974, total fastmode1 topology
compression size = 131825, CR = 3.728580
done
decompression time=0.005690
done
Min=0, Max=1, range=1
Max absolute error = 0.0014481400
Max relative error = 0.001448
Max pw relative error = 0.001448
PSNR = 63.120787, NRMSE= 0.00069816914922012725166
acEff=1.000000
compressionRatio = 3.728580
  ✓ Compression and decompression successful (ratio: 3.72x)

[48/54] Processing: TBLT_1_384_320.dat

compression time=0.005277, total fastmode1 topology
compression size = 165058, CR = 2.977862
done
decompression time=0.007529
done
Min=0, Max=1, range=1
Max absolute error = 0.0019330159
Max relative error = 0.001933
Max pw relative error = 0.001933
PSNR = 62.739005, NRMSE= 0.00072954110234260303395
acEff=1.000000
compressionRatio = 2.977862
  ✓ Compression and decompression successful (ratio: 2.97x)

[49/54] Processing: TFW_S_1_384_320.dat

compression time=0.001821, total fastmode1 topology
compression size = 114935, CR = 4.276504
done
decompression time=0.003311
done
Min=0, Max=1, range=1
Max absolute error = 0.0009999275
Max relative error = 0.001000
Max pw relative error = 0.001000
PSNR = 65.252569, NRMSE= 0.00054622494739052604874
acEff=1.000000
compressionRatio = 4.276504
  ✓ Compression and decompression successful (ratio: 4.27x)

[50/54] Processing: TFW_T_1_384_320.dat

compression time=0.001278, total fastmode1 topology
compression size = 114935, CR = 4.276504
done
decompression time=0.004104
done
Min=0, Max=1, range=1
Max absolute error = 0.0009999275
Max relative error = 0.001000
Max pw relative error = 0.001000
PSNR = 65.252569, NRMSE= 0.00054622494739052604874
acEff=1.000000
compressionRatio = 4.276504
  ✓ Compression and decompression successful (ratio: 4.27x)

[51/54] Processing: TLT_1_384_320.dat

compression time=0.008187, total fastmode1 topology
compression size = 182348, CR = 2.695505
done
decompression time=0.008584
done
Min=0, Max=1, range=1
Max absolute error = 0.0019542873
Max relative error = 0.001954
Max pw relative error = 0.001954
PSNR = 62.727933, NRMSE= 0.00073047161573003012002
acEff=1.000000
compressionRatio = 2.695505
  ✓ Compression and decompression successful (ratio: 2.69x)

[52/54] Processing: TMXL_1_384_320.dat

compression time=0.002712, total fastmode1 topology
compression size = 151354, CR = 3.247486
done
decompression time=0.006102
done
Min=0, Max=1, range=1
Max absolute error = 0.0018949658
Max relative error = 0.001895
Max pw relative error = 0.001895
PSNR = 62.914132, NRMSE= 0.0007149792094990423813
acEff=1.000000
compressionRatio = 3.247486
  ✓ Compression and decompression successful (ratio: 3.24x)

[53/54] Processing: XBLT_1_384_320.dat

compression time=0.003094, total fastmode1 topology
compression size = 138789, CR = 3.541491
done
decompression time=0.005975
done
Min=0, Max=1, range=1
Max absolute error = 0.0014233068
Max relative error = 0.001423
Max pw relative error = 0.001423
PSNR = 62.780146, NRMSE= 0.00072609375882454717244
acEff=1.000000
compressionRatio = 3.541491
  ✓ Compression and decompression successful (ratio: 3.54x)

[54/54] Processing: XMXL_1_384_320.dat

compression time=0.002951, total fastmode1 topology
compression size = 140542, CR = 3.497318
done
decompression time=0.005355
done
Min=0, Max=1, range=1
Max absolute error = 0.0017934814
Max relative error = 0.001793
Max pw relative error = 0.001793
PSNR = 62.704741, NRMSE= 0.00073242462052841681049
acEff=1.000000
compressionRatio = 3.497318
  ✓ Compression and decompression successful (ratio: 3.49x)

=== Summary ===
Total files processed: 53
Total files skipped: 0
Total files failed: 1

