Input directory: ../../CESM-OCEAN-MODELS/4/log_normalized/
Output directory: ../../CESM-OCEAN-MODELS/4/log_normalized/topoSZp_4_thread/
Dimensions: 384x320 (122880 elements)
Error bound: 1E-4
Block size: 8

Found 54 .dat file(s) to process

[1/54] Processing: ADVS_1_384_320.dat

compression time=0.003716, total fastmode1 topology
compression size = 150935, CR = 3.256501
done
decompression time=0.005583
done
Min=0, Max=1, range=1
Max absolute error = 0.0000162125
Max relative error = 0.000016
Max pw relative error = 0.000016
PSNR = 126.340069, NRMSE= 4.81943972693807594E-07
acEff=1.000000
compressionRatio = 3.256501
  ✓ Compression and decompression successful (ratio: 3.25x)

[2/54] Processing: ADVS_ISOP_1_384_320.dat

compression time=0.005681, total fastmode1 topology
compression size = 151285, CR = 3.248967
done
decompression time=0.005220
done
Min=0, Max=1, range=1
Max absolute error = 0.0000115633
Max relative error = 0.000012
Max pw relative error = 0.000012
PSNR = 129.013636, NRMSE= 3.542568219615954301E-07
acEff=1.000000
compressionRatio = 3.248967
  ✓ Compression and decompression successful (ratio: 3.24x)

[3/54] Processing: ADVS_SUBM_1_384_320.dat

compression time=0.001530, total fastmode1 topology
compression size = 143462, CR = 3.426134
done
decompression time=0.004617
done
Min=0, Max=1, range=1
Max absolute error = 0.0000010746
Max relative error = 0.000001
Max pw relative error = 0.000001
PSNR = 141.343966, NRMSE= 8.5664663651070777965E-08
acEff=1.000000
compressionRatio = 3.426134
  ✓ Compression and decompression successful (ratio: 3.42x)

[4/54] Processing: ADVT_1_384_320.dat

compression time=0.003849, total fastmode1 topology
compression size = 182494, CR = 2.693349
done
decompression time=0.007104
done
Min=0, Max=1, range=1
Max absolute error = 0.0011754036
Max relative error = 0.001175
Max pw relative error = 0.001175
PSNR = 85.239107, NRMSE= 5.4707218578532467487E-05
acEff=1.000000
compressionRatio = 2.693349
  ✓ Compression and decompression successful (ratio: 2.69x)

[5/54] Processing: ADVT_ISOP_1_384_320.dat

compression time=0.005943, total fastmode1 topology
compression size = 202750, CR = 2.424266
done
decompression time=0.007714
done
Min=0, Max=1, range=1
Max absolute error = 0.0017931461
Max relative error = 0.001793
Max pw relative error = 0.001793
PSNR = 85.646465, NRMSE= 5.2200753103695916185E-05
acEff=1.000000
compressionRatio = 2.424266
  ✓ Compression and decompression successful (ratio: 2.42x)

[6/54] Processing: ADVT_SUBM_1_384_320.dat

compression time=0.004756, total fastmode1 topology
compression size = 165945, CR = 2.961945
done
decompression time=0.006604
done
Min=0, Max=1, range=1
Max absolute error = 0.0002762079
Max relative error = 0.000276
Max pw relative error = 0.000276
PSNR = 92.110087, NRMSE= 2.4802510223541883867E-05
acEff=1.000000
compressionRatio = 2.961945
  ✓ Compression and decompression successful (ratio: 2.96x)

[7/54] Processing: BSF_1_384_320.dat

compression time=0.002767, total fastmode1 topology
compression size = 170671, CR = 2.879927
done
decompression time=0.005061
done
Min=0, Max=1, range=1
Max absolute error = 0.0001329072
Max relative error = 0.000133
Max pw relative error = 0.000133
PSNR = 86.422995, NRMSE= 4.7736466724982499186E-05
acEff=1.000000
compressionRatio = 2.879927
  ✓ Compression and decompression successful (ratio: 2.87x)

[8/54] Processing: DIA_DEPTH_1_384_320.dat

compression time=0.002925, total fastmode1 topology
compression size = 184381, CR = 2.665784
done
decompression time=0.005347
done
Min=0, Max=1, range=1
Max absolute error = 0.0001760796
Max relative error = 0.000176
Max pw relative error = 0.000176
PSNR = 86.291017, NRMSE= 4.8467333542745264505E-05
acEff=1.000000
compressionRatio = 2.665784
  ✓ Compression and decompression successful (ratio: 2.66x)

[9/54] Processing: dTEMP_NEG_2D_1_384_320.dat

compression time=0.004085, total fastmode1 topology
compression size = 205873, CR = 2.387491
done
decompression time=0.008091
done
Min=0, Max=1, range=1
Max absolute error = 0.0006823540
Max relative error = 0.000682
Max pw relative error = 0.000682
PSNR = 86.485823, NRMSE= 4.7392413699312270839E-05
acEff=1.000000
compressionRatio = 2.387491
  ✓ Compression and decompression successful (ratio: 2.38x)

[10/54] Processing: dTEMP_POS_2D_1_384_320.dat

compression time=0.004712, total fastmode1 topology
compression size = 208867, CR = 2.353268
done
decompression time=0.008976
done
Min=0, Max=1, range=1
Max absolute error = 0.0004676580
Max relative error = 0.000468
Max pw relative error = 0.000468
PSNR = 86.338432, NRMSE= 4.8203480509938288583E-05
acEff=1.000000
compressionRatio = 2.353268
  ✓ Compression and decompression successful (ratio: 2.35x)

[11/54] Processing: EVAP_F_1_384_320.dat

compression time=0.002159, total fastmode1 topology
compression size = 145517, CR = 3.377750
done
decompression time=0.004744
done
Min=0, Max=1, range=1
Max absolute error = 0.0000890493
Max relative error = 0.000089
Max pw relative error = 0.000089
PSNR = 113.306854, NRMSE= 2.1610126513379241986E-06
acEff=1.000000
compressionRatio = 3.377750
  ✓ Compression and decompression successful (ratio: 3.37x)

[12/54] Processing: FW_1_384_320.dat

compression time=0.001654, total fastmode1 topology
compression size = 142922, CR = 3.439079
done
decompression time=0.003283
done
Min=0, Max=1, range=1
Max absolute error = 0.0000000000
Max relative error = 0.000000
Max pw relative error = 0.000000
PSNR = inf, NRMSE= 0
acEff=1.000000
compressionRatio = 3.439079
  ✓ Compression and decompression successful (ratio: 3.43x)

[13/54] Processing: HBLT_1_384_320.dat

compression time=0.003378, total fastmode1 topology
compression size = 187436, CR = 2.622335
done
decompression time=0.005485
done
Min=0, Max=1, range=1
Max absolute error = 0.0001768842
Max relative error = 0.000177
Max pw relative error = 0.000177
PSNR = 86.319163, NRMSE= 4.8310537934010422683E-05
acEff=1.000000
compressionRatio = 2.622335
  ✓ Compression and decompression successful (ratio: 2.62x)

[14/54] Processing: HDIFS_1_384_320.dat

compression time=0.004117, total fastmode1 topology
compression size = 150381, CR = 3.268498
done
decompression time=0.004935
done
Min=0, Max=1, range=1
Max absolute error = 0.0000175238
Max relative error = 0.000018
Max pw relative error = 0.000018
PSNR = 127.806063, NRMSE= 4.0709600236694773746E-07
acEff=1.000000
compressionRatio = 3.268498
  ✓ Compression and decompression successful (ratio: 3.26x)

[15/54] Processing: HDIFT_1_384_320.dat

compression time=0.005485, total fastmode1 topology
compression size = 196375, CR = 2.502966
done
decompression time=0.007405
done
Min=0, Max=1, range=1
Max absolute error = 0.0017303228
Max relative error = 0.001730
Max pw relative error = 0.001730
PSNR = 86.473308, NRMSE= 4.7460747864211120703E-05
acEff=1.000000
compressionRatio = 2.502966
  ✓ Compression and decompression successful (ratio: 2.50x)

[16/54] Processing: HLS_SUBM_1_384_320.dat

compression time=0.004209, total fastmode1 topology
compression size = 174447, CR = 2.817589
done
decompression time=0.005027
done
Min=0, Max=1, range=1
Max absolute error = 0.0001830012
Max relative error = 0.000183
Max pw relative error = 0.000183
PSNR = 90.232137, NRMSE= 3.0788829050429182294E-05
acEff=1.000000
compressionRatio = 2.817589
  ✓ Compression and decompression successful (ratio: 2.81x)

[17/54] Processing: HMXL_1_384_320.dat

compression time=0.004453, total fastmode1 topology
compression size = 187273, CR = 2.624618
done
decompression time=0.005714
done
Min=0, Max=1, range=1
Max absolute error = 0.0001745746
Max relative error = 0.000175
Max pw relative error = 0.000175
PSNR = 86.298131, NRMSE= 4.8427658519836610715E-05
acEff=1.000000
compressionRatio = 2.624618
  ✓ Compression and decompression successful (ratio: 2.62x)

[18/54] Processing: IFRAC_1_384_320.dat

compression time=0.001860, total fastmode1 topology
compression size = 146641, CR = 3.351859
done
decompression time=0.005349
done
Min=0, Max=1, range=1
Max absolute error = 0.0001547830
Max relative error = 0.000155
Max pw relative error = 0.000155
PSNR = 95.543472, NRMSE= 1.6704226710090826278E-05
acEff=1.000000
compressionRatio = 3.351859
  ✓ Compression and decompression successful (ratio: 3.35x)

[19/54] Processing: INT_DEPTH_1_384_320.dat

compression time=0.003115, total fastmode1 topology
compression size = 186814, CR = 2.631066
done
decompression time=0.005358
done
Min=0, Max=1, range=1
Max absolute error = 0.0001605153
Max relative error = 0.000161
Max pw relative error = 0.000161
PSNR = 86.292064, NRMSE= 4.8461493398198283718E-05
acEff=1.000000
compressionRatio = 2.631066
  ✓ Compression and decompression successful (ratio: 2.63x)

[20/54] Processing: IOFF_F_1_384_320.dat

compression time=0.001745, total fastmode1 topology
compression size = 143334, CR = 3.429193
done
decompression time=0.004477
done
Min=0, Max=1, range=1
Max absolute error = 0.0000091791
Max relative error = 0.000009
Max pw relative error = 0.000009
PSNR = 141.985225, NRMSE= 7.9568055331566020445E-08
acEff=1.000000
compressionRatio = 3.429193
  ✓ Compression and decompression successful (ratio: 3.42x)

[21/54] Processing: LWDN_F_1_384_320.dat

compression time=0.003312, total fastmode1 topology
compression size = 167596, CR = 2.932767
done
decompression time=0.005331
done
Min=0, Max=1, range=1
Max absolute error = 0.0001808796
Max relative error = 0.000181
Max pw relative error = 0.000181
PSNR = 86.320874, NRMSE= 4.8301021569863846026E-05
acEff=1.000000
compressionRatio = 2.932767
  ✓ Compression and decompression successful (ratio: 2.93x)

[22/54] Processing: LWUP_F_1_384_320.dat

compression time=0.002326, total fastmode1 topology
compression size = 170972, CR = 2.874857
done
decompression time=0.005093
done
Min=0, Max=1, range=1
Max absolute error = 0.0001685843
Max relative error = 0.000169
Max pw relative error = 0.000169
PSNR = 86.295810, NRMSE= 4.8440599771653156558E-05
acEff=1.000000
compressionRatio = 2.874857
  ✓ Compression and decompression successful (ratio: 2.87x)

[23/54] Processing: MELT_F_1_384_320.dat

compression time=0.002291, total fastmode1 topology
compression size = 143717, CR = 3.420055
done
decompression time=0.004357
done
Min=0, Max=1, range=1
Max absolute error = 0.0000252724
Max relative error = 0.000025
Max pw relative error = 0.000025
PSNR = 113.489461, NRMSE= 2.1160550297663629892E-06
acEff=1.000000
compressionRatio = 3.420055
  ✓ Compression and decompression successful (ratio: 3.42x)

[24/54] Processing: MELTH_F_1_384_320.dat

compression time=0.002084, total fastmode1 topology
compression size = 147383, CR = 3.334984
done
decompression time=0.004497
done
Min=0, Max=1, range=1
Max absolute error = 0.0001337938
Max relative error = 0.000134
Max pw relative error = 0.000134
PSNR = 84.635907, NRMSE= 5.8641440465155508864E-05
acEff=1.000000
compressionRatio = 3.334984
  ✓ Compression and decompression successful (ratio: 3.33x)

[25/54] Processing: PREC_F_1_384_320.dat

compression time=0.002254, total fastmode1 topology
compression size = 145761, CR = 3.372095
done
decompression time=0.004719
done
Min=0, Max=1, range=1
Max absolute error = 0.0000054392
Max relative error = 0.000005
Max pw relative error = 0.000005
PSNR = 124.439176, NRMSE= 5.9984800156391791799E-07
acEff=1.000000
compressionRatio = 3.372095
  ✓ Compression and decompression successful (ratio: 3.37x)

[26/54] Processing: QFLUX_1_384_320.dat

compression time=0.001747, total fastmode1 topology
compression size = 146076, CR = 3.364824
done
decompression time=0.004202
done
Min=0, Max=1, range=1
Max absolute error = 0.0001942534
Max relative error = 0.000194
Max pw relative error = 0.000194
PSNR = 98.918034, NRMSE= 1.13265675489030444E-05
acEff=1.000000
compressionRatio = 3.364824
  ✓ Compression and decompression successful (ratio: 3.36x)

[27/54] Processing: QSW_HBL_1_384_320.dat

compression time=0.003417, total fastmode1 topology
compression size = 182504, CR = 2.693201
done
decompression time=0.006146
done
Min=0, Max=1, range=1
Max absolute error = 0.0001739413
Max relative error = 0.000174
Max pw relative error = 0.000174
PSNR = 86.665920, NRMSE= 4.6419880311263348762E-05
acEff=1.000000
compressionRatio = 2.693201
  ✓ Compression and decompression successful (ratio: 2.69x)

[28/54] Processing: QSW_HTP_1_384_320.dat

compression time=0.004434, total fastmode1 topology
compression size = 184763, CR = 2.660273
done
decompression time=0.006327
done
Min=0, Max=1, range=1
Max absolute error = 0.0001730248
Max relative error = 0.000173
Max pw relative error = 0.000173
PSNR = 86.669689, NRMSE= 4.6399738717194457952E-05
acEff=1.000000
compressionRatio = 2.660273
  ✓ Compression and decompression successful (ratio: 2.66x)

[29/54] Processing: RESID_S_1_384_320.dat

compression time=0.001801, total fastmode1 topology
compression size = 142922, CR = 3.439079
done
decompression time=0.003450
done
Min=0, Max=1, range=1
Max absolute error = 0.0000000000
Max relative error = 0.000000
Max pw relative error = 0.000000
PSNR = inf, NRMSE= 0
acEff=1.000000
compressionRatio = 3.439079
  ✓ Compression and decompression successful (ratio: 3.43x)

[30/54] Processing: RESID_T_1_384_320.dat

compression time=0.001573, total fastmode1 topology
compression size = 142922, CR = 3.439079
done
decompression time=0.003196
done
Min=0, Max=1, range=1
Max absolute error = 0.0000000000
Max relative error = 0.000000
Max pw relative error = 0.000000
PSNR = inf, NRMSE= 0
acEff=1.000000
compressionRatio = 3.439079
  ✓ Compression and decompression successful (ratio: 3.43x)

[31/54] Processing: RHO_VINT_1_384_320.dat

compression time=0.004265, total fastmode1 topology
compression size = 202406, CR = 2.428386
done
decompression time=0.005974
done
Min=0, Max=1, range=1
Max absolute error = 0.0001166165
Max relative error = 0.000117
Max pw relative error = 0.000117
PSNR = 86.230661, NRMSE= 4.8805295195555429709E-05
acEff=1.000000
compressionRatio = 2.428387
  ✓ Compression and decompression successful (ratio: 2.42x)

[32/54] Processing: ROFF_F_1_384_320.dat

compression time=0.001830, total fastmode1 topology
compression size = 145739, CR = 3.372604
done
decompression time=0.004475
done
Min=0, Max=1, range=1
Max absolute error = 0.0000554323
Max relative error = 0.000055
Max pw relative error = 0.000055
PSNR = 128.295616, NRMSE= 3.8478593758704594987E-07
acEff=1.000000
compressionRatio = 3.372604
  ✓ Compression and decompression successful (ratio: 3.37x)

[33/54] Processing: SALT_F_1_384_320.dat

compression time=0.001894, total fastmode1 topology
compression size = 143028, CR = 3.436530
done
decompression time=0.004717
done
Min=0, Max=1, range=1
Max absolute error = 0.0000010182
Max relative error = 0.000001
Max pw relative error = 0.000001
PSNR = 151.084709, NRMSE= 2.7910303962442950281E-08
acEff=1.000000
compressionRatio = 3.436530
  ✓ Compression and decompression successful (ratio: 3.43x)

[34/54] Processing: SENH_F_1_384_320.dat

compression time=0.002430, total fastmode1 topology
compression size = 163828, CR = 3.000220
done
decompression time=0.005434
done
Min=0, Max=1, range=1
Max absolute error = 0.0001266599
Max relative error = 0.000127
Max pw relative error = 0.000127
PSNR = 86.387289, NRMSE= 4.7933104760943467341E-05
acEff=1.000000
compressionRatio = 3.000220
  ✓ Compression and decompression successful (ratio: 3.00x)

[35/54] Processing: SFWF_1_384_320.dat

compression time=0.002141, total fastmode1 topology
compression size = 149676, CR = 3.283893
done
decompression time=0.005014
done
Min=0, Max=1, range=1
Max absolute error = 0.0001996756
Max relative error = 0.000200
Max pw relative error = 0.000200
PSNR = 110.363469, NRMSE= 3.0326798387582521584E-06
acEff=1.000000
compressionRatio = 3.283893
  ✓ Compression and decompression successful (ratio: 3.28x)

[36/54] Processing: SFWF_WRST_1_384_320.dat

compression time=0.001556, total fastmode1 topology
compression size = 142922, CR = 3.439079
done
decompression time=0.003188
done
Min=0, Max=1, range=1
Max absolute error = 0.0000000000
Max relative error = 0.000000
Max pw relative error = 0.000000
PSNR = inf, NRMSE= 0
acEff=1.000000
compressionRatio = 3.439079
  ✓ Compression and decompression successful (ratio: 3.43x)

[37/54] Processing: SHF_1_384_320.dat

compression time=0.002520, total fastmode1 topology
compression size = 171521, CR = 2.865655
done
decompression time=0.006383
done
Min=0, Max=1, range=1
Max absolute error = 0.0001088902
Max relative error = 0.000109
Max pw relative error = 0.000109
PSNR = 86.326718, NRMSE= 4.8268532191590946077E-05
acEff=1.000000
compressionRatio = 2.865655
  ✓ Compression and decompression successful (ratio: 2.86x)

[38/54] Processing: SHF_QSW_1_384_320.dat

compression time=0.003183, total fastmode1 topology
compression size = 178549, CR = 2.752858
done
decompression time=0.005521
done
Min=0, Max=1, range=1
Max absolute error = 0.0001894012
Max relative error = 0.000189
Max pw relative error = 0.000189
PSNR = 86.666189, NRMSE= 4.6418443273885521996E-05
acEff=1.000000
compressionRatio = 2.752858
  ✓ Compression and decompression successful (ratio: 2.75x)

[39/54] Processing: SNOW_F_1_384_320.dat

compression time=0.001781, total fastmode1 topology
compression size = 143633, CR = 3.422055
done
decompression time=0.004426
done
Min=0, Max=1, range=1
Max absolute error = 0.0000017140
Max relative error = 0.000002
Max pw relative error = 0.000002
PSNR = 143.437259, NRMSE= 6.7318908630339148002E-08
acEff=1.000000
compressionRatio = 3.422055
  ✓ Compression and decompression successful (ratio: 3.42x)

[40/54] Processing: SSH_1_384_320.dat

compression time=0.004014, total fastmode1 topology
compression size = 185245, CR = 2.653351
done
decompression time=0.005846
done
Min=0, Max=1, range=1
Max absolute error = 0.0001243278
Max relative error = 0.000124
Max pw relative error = 0.000124
PSNR = 86.298714, NRMSE= 4.8424408364286202606E-05
acEff=1.000000
compressionRatio = 2.653351
  ✓ Compression and decompression successful (ratio: 2.65x)

[41/54] Processing: SSH2_1_384_320.dat

compression time=0.006324, total fastmode1 topology
compression size = 205365, CR = 2.393397
done
decompression time=0.005875
done
Min=0, Max=1, range=1
Max absolute error = 0.0001669154
Max relative error = 0.000167
Max pw relative error = 0.000167
PSNR = 86.305744, NRMSE= 4.838522751417609661E-05
acEff=1.000000
compressionRatio = 2.393397
  ✓ Compression and decompression successful (ratio: 2.39x)

[42/54] Processing: SU_1_384_320.dat

compression time=0.003532, total fastmode1 topology
compression size = 193886, CR = 2.535098
done
decompression time=0.006844
done
Min=0, Max=1, range=1
Max absolute error = 0.0001919270
Max relative error = 0.000192
Max pw relative error = 0.000192
PSNR = 85.778996, NRMSE= 5.1410307068297862894E-05
acEff=1.000000
compressionRatio = 2.535098
  ✓ Compression and decompression successful (ratio: 2.53x)

[43/54] Processing: SV_1_384_320.dat

compression time=0.003751, total fastmode1 topology
compression size = 201787, CR = 2.435836
done
decompression time=0.008672
done
Min=0, Max=1, range=1
Max absolute error = 0.0002275705
Max relative error = 0.000228
Max pw relative error = 0.000228
PSNR = 86.513177, NRMSE= 4.7243401145634377793E-05
acEff=1.000000
compressionRatio = 2.435836
  ✓ Compression and decompression successful (ratio: 2.43x)

[44/54] Processing: TAUX_1_384_320.dat

compression time=0.002990, total fastmode1 topology
compression size = 160838, CR = 3.055994
done
decompression time=0.005536
done
Min=0, Max=1, range=1
Max absolute error = 0.0001120642
Max relative error = 0.000112
Max pw relative error = 0.000112
PSNR = 86.160636, NRMSE= 4.9200352212997797824E-05
acEff=1.000000
compressionRatio = 3.055994
  ✓ Compression and decompression successful (ratio: 3.05x)

[45/54] Processing: TAUX2_1_384_320.dat

compression time=0.002867, total fastmode1 topology
compression size = 179045, CR = 2.745232
done
decompression time=0.005442
done
Min=0, Max=1, range=1
Max absolute error = 0.0001956820
Max relative error = 0.000196
Max pw relative error = 0.000196
PSNR = 86.200830, NRMSE= 4.8973204180924304507E-05
acEff=1.000000
compressionRatio = 2.745232
  ✓ Compression and decompression successful (ratio: 2.74x)

[46/54] Processing: TAUY_1_384_320.dat

compression time=0.002627, total fastmode1 topology
compression size = 162604, CR = 3.022804
done
decompression time=0.005458
done
Min=0, Max=1, range=1
Max absolute error = 0.0001047254
Max relative error = 0.000105
Max pw relative error = 0.000105
PSNR = 86.174008, NRMSE= 4.912466363842696006E-05
acEff=1.000000
compressionRatio = 3.022804
  ✓ Compression and decompression successful (ratio: 3.02x)

[47/54] Processing: TAUY2_1_384_320.dat

compression time=0.003322, total fastmode1 topology
compression size = 178985, CR = 2.746152
done
decompression time=0.005341
done
Min=0, Max=1, range=1
Max absolute error = 0.0001824046
Max relative error = 0.000182
Max pw relative error = 0.000182
PSNR = 86.193560, NRMSE= 4.9014211647536182355E-05
acEff=1.000000
compressionRatio = 2.746152
  ✓ Compression and decompression successful (ratio: 2.74x)

[48/54] Processing: TBLT_1_384_320.dat

compression time=0.006215, total fastmode1 topology
compression size = 222915, CR = 2.204966
done
decompression time=0.007138
done
Min=0, Max=1, range=1
Max absolute error = 0.0001928248
Max relative error = 0.000193
Max pw relative error = 0.000193
PSNR = 86.290867, NRMSE= 4.8468170670017144883E-05
acEff=1.000000
compressionRatio = 2.204966
  ✓ Compression and decompression successful (ratio: 2.20x)

[49/54] Processing: TFW_S_1_384_320.dat

compression time=0.001707, total fastmode1 topology
compression size = 142922, CR = 3.439079
done
decompression time=0.003243
done
Min=0, Max=1, range=1
Max absolute error = 0.0000000000
Max relative error = 0.000000
Max pw relative error = 0.000000
PSNR = inf, NRMSE= 0
acEff=1.000000
compressionRatio = 3.439079
  ✓ Compression and decompression successful (ratio: 3.43x)

[50/54] Processing: TFW_T_1_384_320.dat

compression time=0.001874, total fastmode1 topology
compression size = 142922, CR = 3.439079
done
decompression time=0.003514
done
Min=0, Max=1, range=1
Max absolute error = 0.0000000000
Max relative error = 0.000000
Max pw relative error = 0.000000
PSNR = inf, NRMSE= 0
acEff=1.000000
compressionRatio = 3.439079
  ✓ Compression and decompression successful (ratio: 3.43x)

[51/54] Processing: TLT_1_384_320.dat

compression time=0.007064, total fastmode1 topology
compression size = 236837, CR = 2.075351
done
decompression time=0.007633
done
Min=0, Max=1, range=1
Max absolute error = 0.0001962483
Max relative error = 0.000196
Max pw relative error = 0.000196
PSNR = 86.291094, NRMSE= 4.8466904092938751473E-05
acEff=1.000000
compressionRatio = 2.075351
  ✓ Compression and decompression successful (ratio: 2.07x)

[52/54] Processing: TMXL_1_384_320.dat

compression time=0.004294, total fastmode1 topology
compression size = 199442, CR = 2.464476
done
decompression time=0.006577
done
Min=0, Max=1, range=1
Max absolute error = 0.0001916811
Max relative error = 0.000192
Max pw relative error = 0.000192
PSNR = 86.728133, NRMSE= 4.6088580908253279909E-05
acEff=1.000000
compressionRatio = 2.464476
  ✓ Compression and decompression successful (ratio: 2.46x)

[53/54] Processing: XBLT_1_384_320.dat

compression time=0.003442, total fastmode1 topology
compression size = 188466, CR = 2.608004
done
decompression time=0.006154
done
Min=0, Max=1, range=1
Max absolute error = 0.0001739934
Max relative error = 0.000174
Max pw relative error = 0.000174
PSNR = 86.207209, NRMSE= 4.8937246103138006762E-05
acEff=1.000000
compressionRatio = 2.608004
  ✓ Compression and decompression successful (ratio: 2.60x)

[54/54] Processing: XMXL_1_384_320.dat

compression time=0.003733, total fastmode1 topology
compression size = 189484, CR = 2.593992
done
decompression time=0.006196
done
Min=0, Max=1, range=1
Max absolute error = 0.0001931712
Max relative error = 0.000193
Max pw relative error = 0.000193
PSNR = 86.308160, NRMSE= 4.8371774348188782092E-05
acEff=1.000000
compressionRatio = 2.593992
  ✓ Compression and decompression successful (ratio: 2.59x)

=== Summary ===
Total files processed: 54
Total files skipped: 0
Total files failed: 0

