Auto-detected decompressed suffix: .tthresh.out

Found 54 .dat file(s) to process

[1/54] Processing: ADVS_1_384_320.dat
  False Negatives: 5336
  False Positives: 47644
  False Types: 1347
  Grand Total: 54327

[2/54] Processing: ADVS_ISOP_1_384_320.dat
  False Negatives: 5838
  False Positives: 47650
  False Types: 1623
  Grand Total: 55111

[3/54] Processing: ADVS_SUBM_1_384_320.dat
  False Negatives: 375
  False Positives: 48634
  False Types: 92
  Grand Total: 49101

[4/54] Processing: ADVT_1_384_320.dat
  False Negatives: 13540
  False Positives: 46415
  False Types: 3887
  Grand Total: 63842

[5/54] Processing: ADVT_ISOP_1_384_320.dat
  False Negatives: 23737
  False Positives: 44282
  False Types: 6985
  Grand Total: 75004

[6/54] Processing: ADVT_SUBM_1_384_320.dat
  False Negatives: 13205
  False Positives: 46393
  False Types: 3837
  Grand Total: 63435

[7/54] Processing: BSF_1_384_320.dat
  False Negatives: 1707
  False Positives: 47338
  False Types: 518
  Grand Total: 49563

[8/54] Processing: DIA_DEPTH_1_384_320.dat
  False Negatives: 2314
  False Positives: 49315
  False Types: 489
  Grand Total: 52118

[9/54] Processing: dTEMP_NEG_2D_1_384_320.dat
  False Negatives: 19469
  False Positives: 45350
  False Types: 5668
  Grand Total: 70487

[10/54] Processing: dTEMP_POS_2D_1_384_320.dat
  False Negatives: 18611
  False Positives: 45374
  False Types: 5553
  Grand Total: 69538

[11/54] Processing: EVAP_F_1_384_320.dat
  False Negatives: 1662
  False Positives: 48467
  False Types: 297
  Grand Total: 50426

[12/54] Processing: FW_1_384_320.dat
  False Negatives: 0
  False Positives: 48701
  False Types: 0
  Grand Total: 48701

[13/54] Processing: HBLT_1_384_320.dat
  False Negatives: 3816
  False Positives: 48994
  False Types: 935
  Grand Total: 53745

[14/54] Processing: HDIFS_1_384_320.dat
  False Negatives: 5036
  False Positives: 47784
  False Types: 1315
  Grand Total: 54135

[15/54] Processing: HDIFT_1_384_320.dat
  False Negatives: 21051
  False Positives: 44738
  False Types: 6180
  Grand Total: 71969

[16/54] Processing: HLS_SUBM_1_384_320.dat
  False Negatives: 2223
  False Positives: 48369
  False Types: 628
  Grand Total: 51220

[17/54] Processing: HMXL_1_384_320.dat
  False Negatives: 3199
  False Positives: 48994
  False Types: 706
  Grand Total: 52899

[18/54] Processing: IFRAC_1_384_320.dat
  False Negatives: 517
  False Positives: 48766
  False Types: 108
  Grand Total: 49391

[19/54] Processing: INT_DEPTH_1_384_320.dat
  False Negatives: 2988
  False Positives: 49076
  False Types: 683
  Grand Total: 52747

[20/54] Processing: IOFF_F_1_384_320.dat
  False Negatives: 253
  False Positives: 48662
  False Types: 41
  Grand Total: 48956

[21/54] Processing: LWDN_F_1_384_320.dat
  False Negatives: 2934
  False Positives: 48865
  False Types: 638
  Grand Total: 52437

[22/54] Processing: LWUP_F_1_384_320.dat
  False Negatives: 995
  False Positives: 49013
  False Types: 216
  Grand Total: 50224

[23/54] Processing: MELT_F_1_384_320.dat
  False Negatives: 492
  False Positives: 48612
  False Types: 82
  Grand Total: 49186

[24/54] Processing: MELTH_F_1_384_320.dat
  False Negatives: 603
  False Positives: 48869
  False Types: 159
  Grand Total: 49631

[25/54] Processing: PREC_F_1_384_320.dat
  False Negatives: 1645
  False Positives: 48400
  False Types: 346
  Grand Total: 50391

[26/54] Processing: QFLUX_1_384_320.dat
  False Negatives: 306
  False Positives: 48706
  False Types: 79
  Grand Total: 49091

[27/54] Processing: QSW_HBL_1_384_320.dat
  False Negatives: 5925
  False Positives: 48335
  False Types: 1761
  Grand Total: 56021

[28/54] Processing: QSW_HTP_1_384_320.dat
  False Negatives: 6752
  False Positives: 48291
  False Types: 2029
  Grand Total: 57072

[29/54] Processing: RESID_S_1_384_320.dat
  False Negatives: 0
  False Positives: 48701
  False Types: 0
  Grand Total: 48701

[30/54] Processing: RESID_T_1_384_320.dat
  False Negatives: 0
  False Positives: 48701
  False Types: 0
  Grand Total: 48701

[31/54] Processing: RHO_VINT_1_384_320.dat
  False Negatives: 6508
  False Positives: 48937
  False Types: 1720
  Grand Total: 57165

[32/54] Processing: ROFF_F_1_384_320.dat
  False Negatives: 1698
  False Positives: 48472
  False Types: 236
  Grand Total: 50406

[33/54] Processing: SALT_F_1_384_320.dat
  False Negatives: 74
  False Positives: 48687
  False Types: 2
  Grand Total: 48763

[34/54] Processing: SENH_F_1_384_320.dat
  False Negatives: 3664
  False Positives: 48904
  False Types: 920
  Grand Total: 53488

[35/54] Processing: SFWF_1_384_320.dat
  False Negatives: 4261
  False Positives: 48026
  False Types: 1079
  Grand Total: 53366

[36/54] Processing: SFWF_WRST_1_384_320.dat
  False Negatives: 0
  False Positives: 48701
  False Types: 0
  Grand Total: 48701

[37/54] Processing: SHF_1_384_320.dat
  False Negatives: 6201
  False Positives: 48450
  False Types: 1718
  Grand Total: 56369

[38/54] Processing: SHF_QSW_1_384_320.dat
  False Negatives: 3834
  False Positives: 48820
  False Types: 1048
  Grand Total: 53702

[39/54] Processing: SNOW_F_1_384_320.dat
  False Negatives: 459
  False Positives: 48615
  False Types: 91
  Grand Total: 49165

[40/54] Processing: SSH_1_384_320.dat
  False Negatives: 9707
  False Positives: 47532
  False Types: 2592
  Grand Total: 59831

[41/54] Processing: SSH2_1_384_320.dat
  False Negatives: 10164
  False Positives: 47354
  False Types: 2674
  Grand Total: 60192

[42/54] Processing: SU_1_384_320.dat
  False Negatives: 12239
  False Positives: 45256
  False Types: 3522
  Grand Total: 61017

[43/54] Processing: SV_1_384_320.dat
  False Negatives: 15047
  False Positives: 44820
  False Types: 4369
  Grand Total: 64236

[44/54] Processing: TAUX_1_384_320.dat
  False Negatives: 1494
  False Positives: 47706
  False Types: 250
  Grand Total: 49450

[45/54] Processing: TAUX2_1_384_320.dat
  False Negatives: 2635
  False Positives: 47784
  False Types: 406
  Grand Total: 50825

[46/54] Processing: TAUY_1_384_320.dat
  False Negatives: 1728
  False Positives: 47812
  False Types: 354
  Grand Total: 49894

[47/54] Processing: TAUY2_1_384_320.dat
  False Negatives: 2890
  False Positives: 47738
  False Types: 505
  Grand Total: 51133

[48/54] Processing: TBLT_1_384_320.dat
  False Negatives: 12403
  False Positives: 47364
  False Types: 3434
  Grand Total: 63201

[49/54] Processing: TFW_S_1_384_320.dat
  False Negatives: 0
  False Positives: 48701
  False Types: 0
  Grand Total: 48701

[50/54] Processing: TFW_T_1_384_320.dat
  False Negatives: 0
  False Positives: 48701
  False Types: 0
  Grand Total: 48701

[51/54] Processing: TLT_1_384_320.dat
  False Negatives: 19796
  False Positives: 45813
  False Types: 5757
  Grand Total: 71366

[52/54] Processing: TMXL_1_384_320.dat
  False Negatives: 4189
  False Positives: 49595
  False Types: 1138
  Grand Total: 54922

[53/54] Processing: XBLT_1_384_320.dat
  False Negatives: 3741
  False Positives: 48878
  False Types: 1007
  Grand Total: 53626

[54/54] Processing: XMXL_1_384_320.dat
  False Negatives: 3800
  False Positives: 48776
  False Types: 951
  Grand Total: 53527

=== Summary ===
Total files processed: 54
Total files failed: 0
Total false cases across all files: 2959917
Average false cases per file: 54813.27
