Input directory: ../../../../CESM-CLIMATE-65G/4/log_normalized/
Output directory: ../../../../CESM-CLIMATE-65G/4/log_normalized/SZ3_1e-5
Dimensions: 768x1152
Error bound: 1e-5

Found 90 .dat file(s) to process

[1/90] Processing: AEROD_v_1_768_1152.dat
compression ratio = 3.29 
compression time = 0.093819
compressed data file = ../../../../CESM-CLIMATE-65G/4/log_normalized/AEROD_v_1_768_1152.dat.sz.tmp
compression ratio = 3.293165
decompression time = 0.066248 seconds.
decompressed file = ../../../../CESM-CLIMATE-65G/4/log_normalized/SZ3_1e-5/AEROD_v_1_768_1152.dat.SZ3.out
  ✓ Compression successful (ratio: 1.00x)

[2/90] Processing: cb_ozone_c_1_768_1152.dat
compression ratio = 4.74 
compression time = 0.095041
compressed data file = ../../../../CESM-CLIMATE-65G/4/log_normalized/cb_ozone_c_1_768_1152.dat.sz.tmp
compression ratio = 4.740252
decompression time = 0.066352 seconds.
decompressed file = ../../../../CESM-CLIMATE-65G/4/log_normalized/SZ3_1e-5/cb_ozone_c_1_768_1152.dat.SZ3.out
  ✓ Compression successful (ratio: 1.00x)

[3/90] Processing: cb_sulf_c_1_768_1152.dat
compression ratio = 12.43 
compression time = 0.073175
compressed data file = ../../../../CESM-CLIMATE-65G/4/log_normalized/cb_sulf_c_1_768_1152.dat.sz.tmp
compression ratio = 12.427246
decompression time = 0.046374 seconds.
decompressed file = ../../../../CESM-CLIMATE-65G/4/log_normalized/SZ3_1e-5/cb_sulf_c_1_768_1152.dat.SZ3.out
  ✓ Compression successful (ratio: 1.00x)

[4/90] Processing: CLDHGH_1_768_1152.dat
compression ratio = 2.48 
compression time = 0.131425
compressed data file = ../../../../CESM-CLIMATE-65G/4/log_normalized/CLDHGH_1_768_1152.dat.sz.tmp
compression ratio = 2.475996
decompression time = 0.094065 seconds.
decompressed file = ../../../../CESM-CLIMATE-65G/4/log_normalized/SZ3_1e-5/CLDHGH_1_768_1152.dat.SZ3.out
  ✓ Compression successful (ratio: 1.00x)

[5/90] Processing: CLDLOW_1_768_1152.dat
compression ratio = 2.36 
compression time = 0.110697
compressed data file = ../../../../CESM-CLIMATE-65G/4/log_normalized/CLDLOW_1_768_1152.dat.sz.tmp
compression ratio = 2.355524
decompression time = 0.090533 seconds.
decompressed file = ../../../../CESM-CLIMATE-65G/4/log_normalized/SZ3_1e-5/CLDLOW_1_768_1152.dat.SZ3.out
  ✓ Compression successful (ratio: 1.00x)

[6/90] Processing: CLDMED_1_768_1152.dat
compression ratio = 2.57 
compression time = 0.103719
compressed data file = ../../../../CESM-CLIMATE-65G/4/log_normalized/CLDMED_1_768_1152.dat.sz.tmp
compression ratio = 2.571956
decompression time = 0.077718 seconds.
decompressed file = ../../../../CESM-CLIMATE-65G/4/log_normalized/SZ3_1e-5/CLDMED_1_768_1152.dat.SZ3.out
  ✓ Compression successful (ratio: 1.00x)

[7/90] Processing: CLDTOT_1_768_1152.dat
compression ratio = 2.42 
compression time = 0.110092
compressed data file = ../../../../CESM-CLIMATE-65G/4/log_normalized/CLDTOT_1_768_1152.dat.sz.tmp
compression ratio = 2.422879
decompression time = 0.085179 seconds.
decompressed file = ../../../../CESM-CLIMATE-65G/4/log_normalized/SZ3_1e-5/CLDTOT_1_768_1152.dat.SZ3.out
  ✓ Compression successful (ratio: 1.00x)

[8/90] Processing: FLDS_1_768_1152.dat
compression ratio = 3.65 
compression time = 0.080120
compressed data file = ../../../../CESM-CLIMATE-65G/4/log_normalized/FLDS_1_768_1152.dat.sz.tmp
compression ratio = 3.646956
decompression time = 0.060606 seconds.
decompressed file = ../../../../CESM-CLIMATE-65G/4/log_normalized/SZ3_1e-5/FLDS_1_768_1152.dat.SZ3.out
  ✓ Compression successful (ratio: 1.00x)

[9/90] Processing: FLDSC_1_768_1152.dat
compression ratio = 3.92 
compression time = 0.089571
compressed data file = ../../../../CESM-CLIMATE-65G/4/log_normalized/FLDSC_1_768_1152.dat.sz.tmp
compression ratio = 3.917730
decompression time = 0.062787 seconds.
decompressed file = ../../../../CESM-CLIMATE-65G/4/log_normalized/SZ3_1e-5/FLDSC_1_768_1152.dat.SZ3.out
  ✓ Compression successful (ratio: 1.00x)

[10/90] Processing: FLNS_1_768_1152.dat
compression ratio = 2.84 
compression time = 0.089575
compressed data file = ../../../../CESM-CLIMATE-65G/4/log_normalized/FLNS_1_768_1152.dat.sz.tmp
compression ratio = 2.843777
decompression time = 0.072606 seconds.
decompressed file = ../../../../CESM-CLIMATE-65G/4/log_normalized/SZ3_1e-5/FLNS_1_768_1152.dat.SZ3.out
  ✓ Compression successful (ratio: 1.00x)

[11/90] Processing: FLNSC_1_768_1152.dat
compression ratio = 2.92 
compression time = 0.096091
compressed data file = ../../../../CESM-CLIMATE-65G/4/log_normalized/FLNSC_1_768_1152.dat.sz.tmp
compression ratio = 2.922658
decompression time = 0.070630 seconds.
decompressed file = ../../../../CESM-CLIMATE-65G/4/log_normalized/SZ3_1e-5/FLNSC_1_768_1152.dat.SZ3.out
  ✓ Compression successful (ratio: 1.00x)

[12/90] Processing: FLNT_1_768_1152.dat
compression ratio = 3.40 
compression time = 0.082012
compressed data file = ../../../../CESM-CLIMATE-65G/4/log_normalized/FLNT_1_768_1152.dat.sz.tmp
compression ratio = 3.403485
decompression time = 0.062448 seconds.
decompressed file = ../../../../CESM-CLIMATE-65G/4/log_normalized/SZ3_1e-5/FLNT_1_768_1152.dat.SZ3.out
  ✓ Compression successful (ratio: 1.00x)

[13/90] Processing: FLNTC_1_768_1152.dat
compression ratio = 4.12 
compression time = 0.080308
compressed data file = ../../../../CESM-CLIMATE-65G/4/log_normalized/FLNTC_1_768_1152.dat.sz.tmp
compression ratio = 4.115161
decompression time = 0.061261 seconds.
decompressed file = ../../../../CESM-CLIMATE-65G/4/log_normalized/SZ3_1e-5/FLNTC_1_768_1152.dat.SZ3.out
  ✓ Compression successful (ratio: 1.00x)

[14/90] Processing: FLUT_1_768_1152.dat
compression ratio = 3.40 
compression time = 0.083692
compressed data file = ../../../../CESM-CLIMATE-65G/4/log_normalized/FLUT_1_768_1152.dat.sz.tmp
compression ratio = 3.404618
decompression time = 0.062514 seconds.
decompressed file = ../../../../CESM-CLIMATE-65G/4/log_normalized/SZ3_1e-5/FLUT_1_768_1152.dat.SZ3.out
  ✓ Compression successful (ratio: 1.00x)

[15/90] Processing: FLUTC_1_768_1152.dat
compression ratio = 4.12 
compression time = 0.078312
compressed data file = ../../../../CESM-CLIMATE-65G/4/log_normalized/FLUTC_1_768_1152.dat.sz.tmp
compression ratio = 4.121507
decompression time = 0.059217 seconds.
decompressed file = ../../../../CESM-CLIMATE-65G/4/log_normalized/SZ3_1e-5/FLUTC_1_768_1152.dat.SZ3.out
  ✓ Compression successful (ratio: 1.00x)

[16/90] Processing: FREQSH_1_768_1152.dat
compression ratio = 2.28 
compression time = 0.112681
compressed data file = ../../../../CESM-CLIMATE-65G/4/log_normalized/FREQSH_1_768_1152.dat.sz.tmp
compression ratio = 2.281579
decompression time = 0.090500 seconds.
decompressed file = ../../../../CESM-CLIMATE-65G/4/log_normalized/SZ3_1e-5/FREQSH_1_768_1152.dat.SZ3.out
  ✓ Compression successful (ratio: 1.00x)

[17/90] Processing: FREQZM_1_768_1152.dat
compression ratio = 2.93 
compression time = 0.097035
compressed data file = ../../../../CESM-CLIMATE-65G/4/log_normalized/FREQZM_1_768_1152.dat.sz.tmp
compression ratio = 2.930266
decompression time = 0.075797 seconds.
decompressed file = ../../../../CESM-CLIMATE-65G/4/log_normalized/SZ3_1e-5/FREQZM_1_768_1152.dat.SZ3.out
  ✓ Compression successful (ratio: 1.00x)

[18/90] Processing: FSDS_1_768_1152.dat
compression ratio = 3.13 
compression time = 0.084114
compressed data file = ../../../../CESM-CLIMATE-65G/4/log_normalized/FSDS_1_768_1152.dat.sz.tmp
compression ratio = 3.127723
decompression time = 0.065622 seconds.
decompressed file = ../../../../CESM-CLIMATE-65G/4/log_normalized/SZ3_1e-5/FSDS_1_768_1152.dat.SZ3.out
  ✓ Compression successful (ratio: 1.00x)

[19/90] Processing: FSDSC_1_768_1152.dat
compression ratio = 5.03 
compression time = 0.073761
compressed data file = ../../../../CESM-CLIMATE-65G/4/log_normalized/FSDSC_1_768_1152.dat.sz.tmp
compression ratio = 5.029402
decompression time = 0.057093 seconds.
decompressed file = ../../../../CESM-CLIMATE-65G/4/log_normalized/SZ3_1e-5/FSDSC_1_768_1152.dat.SZ3.out
  ✓ Compression successful (ratio: 1.00x)

[20/90] Processing: FSDTOA_1_768_1152.dat
compression ratio = 18.61 
compression time = 0.067899
compressed data file = ../../../../CESM-CLIMATE-65G/4/log_normalized/FSDTOA_1_768_1152.dat.sz.tmp
compression ratio = 18.609371
decompression time = 0.043879 seconds.
decompressed file = ../../../../CESM-CLIMATE-65G/4/log_normalized/SZ3_1e-5/FSDTOA_1_768_1152.dat.SZ3.out
  ✓ Compression successful (ratio: 1.00x)

[21/90] Processing: FSNS_1_768_1152.dat
compression ratio = 2.95 
compression time = 0.084598
compressed data file = ../../../../CESM-CLIMATE-65G/4/log_normalized/FSNS_1_768_1152.dat.sz.tmp
compression ratio = 2.951230
decompression time = 0.068495 seconds.
decompressed file = ../../../../CESM-CLIMATE-65G/4/log_normalized/SZ3_1e-5/FSNS_1_768_1152.dat.SZ3.out
  ✓ Compression successful (ratio: 1.00x)

[22/90] Processing: FSNSC_1_768_1152.dat
compression ratio = 3.62 
compression time = 0.085862
compressed data file = ../../../../CESM-CLIMATE-65G/4/log_normalized/FSNSC_1_768_1152.dat.sz.tmp
compression ratio = 3.615185
decompression time = 0.064611 seconds.
decompressed file = ../../../../CESM-CLIMATE-65G/4/log_normalized/SZ3_1e-5/FSNSC_1_768_1152.dat.SZ3.out
  ✓ Compression successful (ratio: 1.00x)

[23/90] Processing: FSNT_1_768_1152.dat
compression ratio = 3.28 
compression time = 0.085419
compressed data file = ../../../../CESM-CLIMATE-65G/4/log_normalized/FSNT_1_768_1152.dat.sz.tmp
compression ratio = 3.284909
decompression time = 0.065818 seconds.
decompressed file = ../../../../CESM-CLIMATE-65G/4/log_normalized/SZ3_1e-5/FSNT_1_768_1152.dat.SZ3.out
  ✓ Compression successful (ratio: 1.00x)

[24/90] Processing: FSNTC_1_768_1152.dat
compression ratio = 4.22 
compression time = 0.078435
compressed data file = ../../../../CESM-CLIMATE-65G/4/log_normalized/FSNTC_1_768_1152.dat.sz.tmp
compression ratio = 4.223053
decompression time = 0.059040 seconds.
decompressed file = ../../../../CESM-CLIMATE-65G/4/log_normalized/SZ3_1e-5/FSNTC_1_768_1152.dat.SZ3.out
  ✓ Compression successful (ratio: 1.00x)

[25/90] Processing: FSNTOA_1_768_1152.dat
compression ratio = 3.30 
compression time = 0.078259
compressed data file = ../../../../CESM-CLIMATE-65G/4/log_normalized/FSNTOA_1_768_1152.dat.sz.tmp
compression ratio = 3.297304
decompression time = 0.063711 seconds.
decompressed file = ../../../../CESM-CLIMATE-65G/4/log_normalized/SZ3_1e-5/FSNTOA_1_768_1152.dat.SZ3.out
  ✓ Compression successful (ratio: 1.00x)

[26/90] Processing: FSNTOAC_1_768_1152.dat
compression ratio = 4.24 
compression time = 0.077476
compressed data file = ../../../../CESM-CLIMATE-65G/4/log_normalized/FSNTOAC_1_768_1152.dat.sz.tmp
compression ratio = 4.242102
decompression time = 0.059454 seconds.
decompressed file = ../../../../CESM-CLIMATE-65G/4/log_normalized/SZ3_1e-5/FSNTOAC_1_768_1152.dat.SZ3.out
  ✓ Compression successful (ratio: 1.00x)

[27/90] Processing: FSUTOA_1_768_1152.dat
compression ratio = 2.88 
compression time = 0.095373
compressed data file = ../../../../CESM-CLIMATE-65G/4/log_normalized/FSUTOA_1_768_1152.dat.sz.tmp
compression ratio = 2.879827
decompression time = 0.080751 seconds.
decompressed file = ../../../../CESM-CLIMATE-65G/4/log_normalized/SZ3_1e-5/FSUTOA_1_768_1152.dat.SZ3.out
  ✓ Compression successful (ratio: 1.00x)

[28/90] Processing: ICEFRAC_1_768_1152.dat
compression ratio = 12.14 
compression time = 0.082699
compressed data file = ../../../../CESM-CLIMATE-65G/4/log_normalized/ICEFRAC_1_768_1152.dat.sz.tmp
compression ratio = 12.143126
decompression time = 0.044170 seconds.
decompressed file = ../../../../CESM-CLIMATE-65G/4/log_normalized/SZ3_1e-5/ICEFRAC_1_768_1152.dat.SZ3.out
  ✓ Compression successful (ratio: 1.00x)

[29/90] Processing: LANDFRAC_1_768_1152.dat
compression ratio = 14.23 
compression time = 0.043381
compressed data file = ../../../../CESM-CLIMATE-65G/4/log_normalized/LANDFRAC_1_768_1152.dat.sz.tmp
compression ratio = 14.226739
decompression time = 0.011331 seconds.
decompressed file = ../../../../CESM-CLIMATE-65G/4/log_normalized/SZ3_1e-5/LANDFRAC_1_768_1152.dat.SZ3.out
  ✓ Compression successful (ratio: 1.00x)

[30/90] Processing: LHFLX_1_768_1152.dat
compression ratio = 2.70 
compression time = 0.094149
compressed data file = ../../../../CESM-CLIMATE-65G/4/log_normalized/LHFLX_1_768_1152.dat.sz.tmp
compression ratio = 2.703748
decompression time = 0.074839 seconds.
decompressed file = ../../../../CESM-CLIMATE-65G/4/log_normalized/SZ3_1e-5/LHFLX_1_768_1152.dat.SZ3.out
  ✓ Compression successful (ratio: 1.00x)

[31/90] Processing: LWCF_1_768_1152.dat
compression ratio = 2.80 
compression time = 0.090139
compressed data file = ../../../../CESM-CLIMATE-65G/4/log_normalized/LWCF_1_768_1152.dat.sz.tmp
compression ratio = 2.803506
decompression time = 0.070065 seconds.
decompressed file = ../../../../CESM-CLIMATE-65G/4/log_normalized/SZ3_1e-5/LWCF_1_768_1152.dat.SZ3.out
  ✓ Compression successful (ratio: 1.00x)

[32/90] Processing: MSKtem_1_768_1152.dat
compression ratio = 3.69 
compression time = 0.103705
compressed data file = ../../../../CESM-CLIMATE-65G/4/log_normalized/MSKtem_1_768_1152.dat.sz.tmp
compression ratio = 3.694466
decompression time = 0.068265 seconds.
decompressed file = ../../../../CESM-CLIMATE-65G/4/log_normalized/SZ3_1e-5/MSKtem_1_768_1152.dat.SZ3.out
  ✓ Compression successful (ratio: 1.00x)

[33/90] Processing: OCNFRAC_1_768_1152.dat
compression ratio = 6.23 
compression time = 0.092921
compressed data file = ../../../../CESM-CLIMATE-65G/4/log_normalized/OCNFRAC_1_768_1152.dat.sz.tmp
compression ratio = 6.229274
decompression time = 0.051754 seconds.
decompressed file = ../../../../CESM-CLIMATE-65G/4/log_normalized/SZ3_1e-5/OCNFRAC_1_768_1152.dat.SZ3.out
  ✓ Compression successful (ratio: 1.00x)

[34/90] Processing: ODV_bcar1_1_768_1152.dat
compression ratio = 5.37 
compression time = 0.080779
compressed data file = ../../../../CESM-CLIMATE-65G/4/log_normalized/ODV_bcar1_1_768_1152.dat.sz.tmp
compression ratio = 5.368267
decompression time = 0.058305 seconds.
decompressed file = ../../../../CESM-CLIMATE-65G/4/log_normalized/SZ3_1e-5/ODV_bcar1_1_768_1152.dat.SZ3.out
  ✓ Compression successful (ratio: 1.00x)

[35/90] Processing: ODV_bcar2_1_768_1152.dat
compression ratio = 4.88 
compression time = 0.085879
compressed data file = ../../../../CESM-CLIMATE-65G/4/log_normalized/ODV_bcar2_1_768_1152.dat.sz.tmp
compression ratio = 4.879054
decompression time = 0.059038 seconds.
decompressed file = ../../../../CESM-CLIMATE-65G/4/log_normalized/SZ3_1e-5/ODV_bcar2_1_768_1152.dat.SZ3.out
  ✓ Compression successful (ratio: 1.00x)

[36/90] Processing: ODV_dust1_1_768_1152.dat
compression ratio = 6.37 
compression time = 0.085225
compressed data file = ../../../../CESM-CLIMATE-65G/4/log_normalized/ODV_dust1_1_768_1152.dat.sz.tmp
compression ratio = 6.374385
decompression time = 0.056933 seconds.
decompressed file = ../../../../CESM-CLIMATE-65G/4/log_normalized/SZ3_1e-5/ODV_dust1_1_768_1152.dat.SZ3.out
  ✓ Compression successful (ratio: 1.00x)

[37/90] Processing: ODV_dust2_1_768_1152.dat
compression ratio = 6.46 
compression time = 0.083399
compressed data file = ../../../../CESM-CLIMATE-65G/4/log_normalized/ODV_dust2_1_768_1152.dat.sz.tmp
compression ratio = 6.458457
decompression time = 0.054849 seconds.
decompressed file = ../../../../CESM-CLIMATE-65G/4/log_normalized/SZ3_1e-5/ODV_dust2_1_768_1152.dat.SZ3.out
  ✓ Compression successful (ratio: 1.00x)

[38/90] Processing: ODV_dust3_1_768_1152.dat
compression ratio = 6.78 
compression time = 0.087218
compressed data file = ../../../../CESM-CLIMATE-65G/4/log_normalized/ODV_dust3_1_768_1152.dat.sz.tmp
compression ratio = 6.779859
decompression time = 0.055365 seconds.
decompressed file = ../../../../CESM-CLIMATE-65G/4/log_normalized/SZ3_1e-5/ODV_dust3_1_768_1152.dat.SZ3.out
  ✓ Compression successful (ratio: 1.00x)

[39/90] Processing: ODV_dust4_1_768_1152.dat
compression ratio = 7.31 
compression time = 0.082678
compressed data file = ../../../../CESM-CLIMATE-65G/4/log_normalized/ODV_dust4_1_768_1152.dat.sz.tmp
compression ratio = 7.313787
decompression time = 0.052633 seconds.
decompressed file = ../../../../CESM-CLIMATE-65G/4/log_normalized/SZ3_1e-5/ODV_dust4_1_768_1152.dat.SZ3.out
  ✓ Compression successful (ratio: 1.00x)

[40/90] Processing: ODV_ocar1_1_768_1152.dat
compression ratio = 6.83 
compression time = 0.075511
compressed data file = ../../../../CESM-CLIMATE-65G/4/log_normalized/ODV_ocar1_1_768_1152.dat.sz.tmp
compression ratio = 6.827589
decompression time = 0.054349 seconds.
decompressed file = ../../../../CESM-CLIMATE-65G/4/log_normalized/SZ3_1e-5/ODV_ocar1_1_768_1152.dat.SZ3.out
  ✓ Compression successful (ratio: 1.00x)

[41/90] Processing: ODV_ocar2_1_768_1152.dat
compression ratio = 4.57 
compression time = 0.073780
compressed data file = ../../../../CESM-CLIMATE-65G/4/log_normalized/ODV_ocar2_1_768_1152.dat.sz.tmp
compression ratio = 4.571747
decompression time = 0.058646 seconds.
decompressed file = ../../../../CESM-CLIMATE-65G/4/log_normalized/SZ3_1e-5/ODV_ocar2_1_768_1152.dat.SZ3.out
  ✓ Compression successful (ratio: 1.00x)

[42/90] Processing: ODV_SSLTA_1_768_1152.dat
compression ratio = 2.93 
compression time = 0.094126
compressed data file = ../../../../CESM-CLIMATE-65G/4/log_normalized/ODV_SSLTA_1_768_1152.dat.sz.tmp
compression ratio = 2.931766
decompression time = 0.071880 seconds.
decompressed file = ../../../../CESM-CLIMATE-65G/4/log_normalized/SZ3_1e-5/ODV_SSLTA_1_768_1152.dat.SZ3.out
  ✓ Compression successful (ratio: 1.00x)

[43/90] Processing: ODV_SSLTC_1_768_1152.dat
compression ratio = 2.92 
compression time = 0.096238
compressed data file = ../../../../CESM-CLIMATE-65G/4/log_normalized/ODV_SSLTC_1_768_1152.dat.sz.tmp
compression ratio = 2.915269
decompression time = 0.069215 seconds.
decompressed file = ../../../../CESM-CLIMATE-65G/4/log_normalized/SZ3_1e-5/ODV_SSLTC_1_768_1152.dat.SZ3.out
  ✓ Compression successful (ratio: 1.00x)

[44/90] Processing: ODV_sulf_1_768_1152.dat
compression ratio = 3.29 
compression time = 0.086963
compressed data file = ../../../../CESM-CLIMATE-65G/4/log_normalized/ODV_sulf_1_768_1152.dat.sz.tmp
compression ratio = 3.285711
decompression time = 0.066427 seconds.
decompressed file = ../../../../CESM-CLIMATE-65G/4/log_normalized/SZ3_1e-5/ODV_sulf_1_768_1152.dat.SZ3.out
  ✓ Compression successful (ratio: 1.00x)

[45/90] Processing: ODV_VOLC_MMR_1_768_1152.dat
compression ratio = 8.98 
compression time = 0.070772
compressed data file = ../../../../CESM-CLIMATE-65G/4/log_normalized/ODV_VOLC_MMR_1_768_1152.dat.sz.tmp
compression ratio = 8.976441
decompression time = 0.047131 seconds.
decompressed file = ../../../../CESM-CLIMATE-65G/4/log_normalized/SZ3_1e-5/ODV_VOLC_MMR_1_768_1152.dat.SZ3.out
  ✓ Compression successful (ratio: 1.00x)

[46/90] Processing: PBLH_1_768_1152.dat
compression ratio = 2.83 
compression time = 0.093693
compressed data file = ../../../../CESM-CLIMATE-65G/4/log_normalized/PBLH_1_768_1152.dat.sz.tmp
compression ratio = 2.825495
decompression time = 0.077912 seconds.
decompressed file = ../../../../CESM-CLIMATE-65G/4/log_normalized/SZ3_1e-5/PBLH_1_768_1152.dat.SZ3.out
  ✓ Compression successful (ratio: 1.00x)

[47/90] Processing: PCONVB_1_768_1152.dat
compression ratio = 4.69 
compression time = 0.081806
compressed data file = ../../../../CESM-CLIMATE-65G/4/log_normalized/PCONVB_1_768_1152.dat.sz.tmp
compression ratio = 4.685413
decompression time = 0.059482 seconds.
decompressed file = ../../../../CESM-CLIMATE-65G/4/log_normalized/SZ3_1e-5/PCONVB_1_768_1152.dat.SZ3.out
  ✓ Compression successful (ratio: 1.00x)

[48/90] Processing: PCONVT_1_768_1152.dat
compression ratio = 3.83 
compression time = 0.082905
compressed data file = ../../../../CESM-CLIMATE-65G/4/log_normalized/PCONVT_1_768_1152.dat.sz.tmp
compression ratio = 3.831104
decompression time = 0.062648 seconds.
decompressed file = ../../../../CESM-CLIMATE-65G/4/log_normalized/SZ3_1e-5/PCONVT_1_768_1152.dat.SZ3.out
  ✓ Compression successful (ratio: 1.00x)

[49/90] Processing: PHIS_1_768_1152.dat
compression ratio = 3.77 
compression time = 0.095098
compressed data file = ../../../../CESM-CLIMATE-65G/4/log_normalized/PHIS_1_768_1152.dat.sz.tmp
compression ratio = 3.766689
decompression time = 0.066746 seconds.
decompressed file = ../../../../CESM-CLIMATE-65G/4/log_normalized/SZ3_1e-5/PHIS_1_768_1152.dat.SZ3.out
  ✓ Compression successful (ratio: 1.00x)

[50/90] Processing: PRECC_1_768_1152.dat
compression ratio = 213.91 
compression time = 0.026645
compressed data file = ../../../../CESM-CLIMATE-65G/4/log_normalized/PRECC_1_768_1152.dat.sz.tmp
compression ratio = 213.911025
decompression time = 0.006916 seconds.
decompressed file = ../../../../CESM-CLIMATE-65G/4/log_normalized/SZ3_1e-5/PRECC_1_768_1152.dat.SZ3.out
  ✓ Compression successful (ratio: 1.00x)

[51/90] Processing: PRECCDZM_1_768_1152.dat
compression ratio = 244.35 
compression time = 0.022162
compressed data file = ../../../../CESM-CLIMATE-65G/4/log_normalized/PRECCDZM_1_768_1152.dat.sz.tmp
compression ratio = 244.351585
decompression time = 0.006603 seconds.
decompressed file = ../../../../CESM-CLIMATE-65G/4/log_normalized/SZ3_1e-5/PRECCDZM_1_768_1152.dat.SZ3.out
  ✓ Compression successful (ratio: 1.00x)

[52/90] Processing: PRECL_1_768_1152.dat
compression ratio = 90.24 
compression time = 0.024830
compressed data file = ../../../../CESM-CLIMATE-65G/4/log_normalized/PRECL_1_768_1152.dat.sz.tmp
compression ratio = 90.235447
decompression time = 0.007879 seconds.
decompressed file = ../../../../CESM-CLIMATE-65G/4/log_normalized/SZ3_1e-5/PRECL_1_768_1152.dat.SZ3.out
  ✓ Compression successful (ratio: 1.00x)

[53/90] Processing: PRECSC_1_768_1152.dat
compression ratio = 25831.71 
compression time = 0.021755
compressed data file = ../../../../CESM-CLIMATE-65G/4/log_normalized/PRECSC_1_768_1152.dat.sz.tmp
compression ratio = 25831.708029
decompression time = 0.004565 seconds.
decompressed file = ../../../../CESM-CLIMATE-65G/4/log_normalized/SZ3_1e-5/PRECSC_1_768_1152.dat.SZ3.out
  ✓ Compression successful (ratio: 1.00x)

[54/90] Processing: PRECSH_1_768_1152.dat
compression ratio = 17347.76 
compression time = 0.023236
compressed data file = ../../../../CESM-CLIMATE-65G/4/log_normalized/PRECSH_1_768_1152.dat.sz.tmp
compression ratio = 17347.764706
decompression time = 0.007292 seconds.
decompressed file = ../../../../CESM-CLIMATE-65G/4/log_normalized/SZ3_1e-5/PRECSH_1_768_1152.dat.SZ3.out
  ✓ Compression successful (ratio: 1.00x)

[55/90] Processing: PRECSL_1_768_1152.dat
compression ratio = 2280.25 
compression time = 0.021653
compressed data file = ../../../../CESM-CLIMATE-65G/4/log_normalized/PRECSL_1_768_1152.dat.sz.tmp
compression ratio = 2280.247423
decompression time = 0.007681 seconds.
decompressed file = ../../../../CESM-CLIMATE-65G/4/log_normalized/SZ3_1e-5/PRECSL_1_768_1152.dat.SZ3.out
  ✓ Compression successful (ratio: 1.00x)

[56/90] Processing: PRECT_1_768_1152.dat
compression ratio = 115.39 
compression time = 0.067860
compressed data file = ../../../../CESM-CLIMATE-65G/4/log_normalized/PRECT_1_768_1152.dat.sz.tmp
compression ratio = 115.387806
decompression time = 0.039378 seconds.
decompressed file = ../../../../CESM-CLIMATE-65G/4/log_normalized/SZ3_1e-5/PRECT_1_768_1152.dat.SZ3.out
  ✓ Compression successful (ratio: 1.00x)

[57/90] Processing: PS_1_768_1152.dat
compression ratio = 4.83 
compression time = 0.079633
compressed data file = ../../../../CESM-CLIMATE-65G/4/log_normalized/PS_1_768_1152.dat.sz.tmp
compression ratio = 4.830439
decompression time = 0.059260 seconds.
decompressed file = ../../../../CESM-CLIMATE-65G/4/log_normalized/SZ3_1e-5/PS_1_768_1152.dat.SZ3.out
  ✓ Compression successful (ratio: 1.00x)

[58/90] Processing: PSL_1_768_1152.dat
compression ratio = 5.02 
compression time = 0.093014
compressed data file = ../../../../CESM-CLIMATE-65G/4/log_normalized/PSL_1_768_1152.dat.sz.tmp
compression ratio = 5.023363
decompression time = 0.068854 seconds.
decompressed file = ../../../../CESM-CLIMATE-65G/4/log_normalized/SZ3_1e-5/PSL_1_768_1152.dat.SZ3.out
  ✓ Compression successful (ratio: 1.00x)

[59/90] Processing: QFLX_1_768_1152.dat
compression ratio = 4.93 
compression time = 0.079175
compressed data file = ../../../../CESM-CLIMATE-65G/4/log_normalized/QFLX_1_768_1152.dat.sz.tmp
compression ratio = 4.930539
decompression time = 0.057632 seconds.
decompressed file = ../../../../CESM-CLIMATE-65G/4/log_normalized/SZ3_1e-5/QFLX_1_768_1152.dat.SZ3.out
  ✓ Compression successful (ratio: 1.00x)

[60/90] Processing: QREFHT_1_768_1152.dat
compression ratio = 3.07 
compression time = 0.092375
compressed data file = ../../../../CESM-CLIMATE-65G/4/log_normalized/QREFHT_1_768_1152.dat.sz.tmp
compression ratio = 3.072208
decompression time = 0.070927 seconds.
decompressed file = ../../../../CESM-CLIMATE-65G/4/log_normalized/SZ3_1e-5/QREFHT_1_768_1152.dat.SZ3.out
  ✓ Compression successful (ratio: 1.00x)

[61/90] Processing: RHREFHT_1_768_1152.dat
compression ratio = 3.17 
compression time = 0.082953
compressed data file = ../../../../CESM-CLIMATE-65G/4/log_normalized/RHREFHT_1_768_1152.dat.sz.tmp
compression ratio = 3.167481
decompression time = 0.067838 seconds.
decompressed file = ../../../../CESM-CLIMATE-65G/4/log_normalized/SZ3_1e-5/RHREFHT_1_768_1152.dat.SZ3.out
  ✓ Compression successful (ratio: 1.00x)

[62/90] Processing: SFCLDICE_1_768_1152.dat
compression ratio = 25831.71 
compression time = 0.021721
compressed data file = ../../../../CESM-CLIMATE-65G/4/log_normalized/SFCLDICE_1_768_1152.dat.sz.tmp
compression ratio = 25831.708029
decompression time = 0.004663 seconds.
decompressed file = ../../../../CESM-CLIMATE-65G/4/log_normalized/SZ3_1e-5/SFCLDICE_1_768_1152.dat.SZ3.out
  ✓ Compression successful (ratio: 1.00x)

[63/90] Processing: SFCLDLIQ_1_768_1152.dat
compression ratio = 25831.71 
compression time = 0.020604
compressed data file = ../../../../CESM-CLIMATE-65G/4/log_normalized/SFCLDLIQ_1_768_1152.dat.sz.tmp
compression ratio = 25831.708029
decompression time = 0.005127 seconds.
decompressed file = ../../../../CESM-CLIMATE-65G/4/log_normalized/SZ3_1e-5/SFCLDLIQ_1_768_1152.dat.SZ3.out
  ✓ Compression successful (ratio: 1.00x)

[64/90] Processing: SHFLX_1_768_1152.dat
compression ratio = 3.17 
compression time = 0.086163
compressed data file = ../../../../CESM-CLIMATE-65G/4/log_normalized/SHFLX_1_768_1152.dat.sz.tmp
compression ratio = 3.165769
decompression time = 0.066787 seconds.
decompressed file = ../../../../CESM-CLIMATE-65G/4/log_normalized/SZ3_1e-5/SHFLX_1_768_1152.dat.SZ3.out
  ✓ Compression successful (ratio: 1.00x)

[65/90] Processing: SNOWHICE_1_768_1152.dat
compression ratio = 17.64 
compression time = 0.072225
compressed data file = ../../../../CESM-CLIMATE-65G/4/log_normalized/SNOWHICE_1_768_1152.dat.sz.tmp
compression ratio = 17.644081
decompression time = 0.043507 seconds.
decompressed file = ../../../../CESM-CLIMATE-65G/4/log_normalized/SZ3_1e-5/SNOWHICE_1_768_1152.dat.SZ3.out
  ✓ Compression successful (ratio: 1.00x)

[66/90] Processing: SNOWHLND_1_768_1152.dat
compression ratio = 14.87 
compression time = 0.074578
compressed data file = ../../../../CESM-CLIMATE-65G/4/log_normalized/SNOWHLND_1_768_1152.dat.sz.tmp
compression ratio = 14.871325
decompression time = 0.043672 seconds.
decompressed file = ../../../../CESM-CLIMATE-65G/4/log_normalized/SZ3_1e-5/SNOWHLND_1_768_1152.dat.SZ3.out
  ✓ Compression successful (ratio: 1.00x)

[67/90] Processing: SOLIN_1_768_1152.dat
compression ratio = 18.61 
compression time = 0.069592
compressed data file = ../../../../CESM-CLIMATE-65G/4/log_normalized/SOLIN_1_768_1152.dat.sz.tmp
compression ratio = 18.609371
decompression time = 0.043385 seconds.
decompressed file = ../../../../CESM-CLIMATE-65G/4/log_normalized/SZ3_1e-5/SOLIN_1_768_1152.dat.SZ3.out
  ✓ Compression successful (ratio: 1.00x)

[68/90] Processing: SRFRAD_1_768_1152.dat
compression ratio = 3.58 
compression time = 0.084275
compressed data file = ../../../../CESM-CLIMATE-65G/4/log_normalized/SRFRAD_1_768_1152.dat.sz.tmp
compression ratio = 3.575930
decompression time = 0.062886 seconds.
decompressed file = ../../../../CESM-CLIMATE-65G/4/log_normalized/SZ3_1e-5/SRFRAD_1_768_1152.dat.SZ3.out
  ✓ Compression successful (ratio: 1.00x)

[69/90] Processing: SWCF_1_768_1152.dat
compression ratio = 3.33 
compression time = 0.083793
compressed data file = ../../../../CESM-CLIMATE-65G/4/log_normalized/SWCF_1_768_1152.dat.sz.tmp
compression ratio = 3.331922
decompression time = 0.065366 seconds.
decompressed file = ../../../../CESM-CLIMATE-65G/4/log_normalized/SZ3_1e-5/SWCF_1_768_1152.dat.SZ3.out
  ✓ Compression successful (ratio: 1.00x)

[70/90] Processing: TAUX_1_768_1152.dat
compression ratio = 3.62 
compression time = 0.079781
compressed data file = ../../../../CESM-CLIMATE-65G/4/log_normalized/TAUX_1_768_1152.dat.sz.tmp
compression ratio = 3.622130
decompression time = 0.064845 seconds.
decompressed file = ../../../../CESM-CLIMATE-65G/4/log_normalized/SZ3_1e-5/TAUX_1_768_1152.dat.SZ3.out
  ✓ Compression successful (ratio: 1.00x)

[71/90] Processing: TAUY_1_768_1152.dat
compression ratio = 3.37 
compression time = 0.089938
compressed data file = ../../../../CESM-CLIMATE-65G/4/log_normalized/TAUY_1_768_1152.dat.sz.tmp
compression ratio = 3.372417
decompression time = 0.067713 seconds.
decompressed file = ../../../../CESM-CLIMATE-65G/4/log_normalized/SZ3_1e-5/TAUY_1_768_1152.dat.SZ3.out
  ✓ Compression successful (ratio: 1.00x)

[72/90] Processing: TGCLDIWP_1_768_1152.dat
compression ratio = 2.63 
compression time = 0.098046
compressed data file = ../../../../CESM-CLIMATE-65G/4/log_normalized/TGCLDIWP_1_768_1152.dat.sz.tmp
compression ratio = 2.632822
decompression time = 0.076983 seconds.
decompressed file = ../../../../CESM-CLIMATE-65G/4/log_normalized/SZ3_1e-5/TGCLDIWP_1_768_1152.dat.SZ3.out
  ✓ Compression successful (ratio: 1.00x)

[73/90] Processing: TGCLDLWP_1_768_1152.dat
compression ratio = 2.59 
compression time = 0.104233
compressed data file = ../../../../CESM-CLIMATE-65G/4/log_normalized/TGCLDLWP_1_768_1152.dat.sz.tmp
compression ratio = 2.585520
decompression time = 0.077037 seconds.
decompressed file = ../../../../CESM-CLIMATE-65G/4/log_normalized/SZ3_1e-5/TGCLDLWP_1_768_1152.dat.SZ3.out
  ✓ Compression successful (ratio: 1.00x)

[74/90] Processing: TH2d_1_768_1152.dat
compression ratio = 57.20 
compression time = 0.023178
compressed data file = ../../../../CESM-CLIMATE-65G/4/log_normalized/TH2d_1_768_1152.dat.sz.tmp
compression ratio = 57.198752
decompression time = 0.007284 seconds.
decompressed file = ../../../../CESM-CLIMATE-65G/4/log_normalized/SZ3_1e-5/TH2d_1_768_1152.dat.SZ3.out
  ✓ Compression successful (ratio: 1.00x)

[75/90] Processing: TMQ_1_768_1152.dat
compression ratio = 3.28 
compression time = 0.096552
compressed data file = ../../../../CESM-CLIMATE-65G/4/log_normalized/TMQ_1_768_1152.dat.sz.tmp
compression ratio = 3.283099
decompression time = 0.069904 seconds.
decompressed file = ../../../../CESM-CLIMATE-65G/4/log_normalized/SZ3_1e-5/TMQ_1_768_1152.dat.SZ3.out
  ✓ Compression successful (ratio: 1.00x)

[76/90] Processing: TREFHT_1_768_1152.dat
compression ratio = 4.09 
compression time = 0.085576
compressed data file = ../../../../CESM-CLIMATE-65G/4/log_normalized/TREFHT_1_768_1152.dat.sz.tmp
compression ratio = 4.088018
decompression time = 0.063758 seconds.
decompressed file = ../../../../CESM-CLIMATE-65G/4/log_normalized/SZ3_1e-5/TREFHT_1_768_1152.dat.SZ3.out
  ✓ Compression successful (ratio: 1.00x)

[77/90] Processing: TREFMNAV_1_768_1152.dat
compression ratio = 3.93 
compression time = 0.085593
compressed data file = ../../../../CESM-CLIMATE-65G/4/log_normalized/TREFMNAV_1_768_1152.dat.sz.tmp
compression ratio = 3.925495
decompression time = 0.060047 seconds.
decompressed file = ../../../../CESM-CLIMATE-65G/4/log_normalized/SZ3_1e-5/TREFMNAV_1_768_1152.dat.SZ3.out
  ✓ Compression successful (ratio: 1.00x)

[78/90] Processing: TREFMXAV_1_768_1152.dat
compression ratio = 3.98 
compression time = 0.082463
compressed data file = ../../../../CESM-CLIMATE-65G/4/log_normalized/TREFMXAV_1_768_1152.dat.sz.tmp
compression ratio = 3.977164
decompression time = 0.060598 seconds.
decompressed file = ../../../../CESM-CLIMATE-65G/4/log_normalized/SZ3_1e-5/TREFMXAV_1_768_1152.dat.SZ3.out
  ✓ Compression successful (ratio: 1.00x)

[79/90] Processing: TROP_P_1_768_1152.dat
compression ratio = 4.06 
compression time = 0.087077
compressed data file = ../../../../CESM-CLIMATE-65G/4/log_normalized/TROP_P_1_768_1152.dat.sz.tmp
compression ratio = 4.059656
decompression time = 0.060997 seconds.
decompressed file = ../../../../CESM-CLIMATE-65G/4/log_normalized/SZ3_1e-5/TROP_P_1_768_1152.dat.SZ3.out
  ✓ Compression successful (ratio: 1.00x)

[80/90] Processing: TROP_T_1_768_1152.dat
compression ratio = 3.82 
compression time = 0.094943
compressed data file = ../../../../CESM-CLIMATE-65G/4/log_normalized/TROP_T_1_768_1152.dat.sz.tmp
compression ratio = 3.822245
decompression time = 0.063437 seconds.
decompressed file = ../../../../CESM-CLIMATE-65G/4/log_normalized/SZ3_1e-5/TROP_T_1_768_1152.dat.SZ3.out
  ✓ Compression successful (ratio: 1.00x)

[81/90] Processing: TROP_Z_1_768_1152.dat
compression ratio = 4.40 
compression time = 0.082281
compressed data file = ../../../../CESM-CLIMATE-65G/4/log_normalized/TROP_Z_1_768_1152.dat.sz.tmp
compression ratio = 4.395161
decompression time = 0.060982 seconds.
decompressed file = ../../../../CESM-CLIMATE-65G/4/log_normalized/SZ3_1e-5/TROP_Z_1_768_1152.dat.SZ3.out
  ✓ Compression successful (ratio: 1.00x)

[82/90] Processing: TS_1_768_1152.dat
compression ratio = 3.99 
compression time = 0.083659
compressed data file = ../../../../CESM-CLIMATE-65G/4/log_normalized/TS_1_768_1152.dat.sz.tmp
compression ratio = 3.986191
decompression time = 0.061775 seconds.
decompressed file = ../../../../CESM-CLIMATE-65G/4/log_normalized/SZ3_1e-5/TS_1_768_1152.dat.SZ3.out
  ✓ Compression successful (ratio: 1.00x)

[83/90] Processing: TSMN_1_768_1152.dat
compression ratio = 3.59 
compression time = 0.091689
compressed data file = ../../../../CESM-CLIMATE-65G/4/log_normalized/TSMN_1_768_1152.dat.sz.tmp
compression ratio = 3.586763
decompression time = 0.064209 seconds.
decompressed file = ../../../../CESM-CLIMATE-65G/4/log_normalized/SZ3_1e-5/TSMN_1_768_1152.dat.SZ3.out
  ✓ Compression successful (ratio: 1.00x)

[84/90] Processing: TSMX_1_768_1152.dat
compression ratio = 3.63 
compression time = 0.084975
compressed data file = ../../../../CESM-CLIMATE-65G/4/log_normalized/TSMX_1_768_1152.dat.sz.tmp
compression ratio = 3.626621
decompression time = 0.063083 seconds.
decompressed file = ../../../../CESM-CLIMATE-65G/4/log_normalized/SZ3_1e-5/TSMX_1_768_1152.dat.SZ3.out
  ✓ Compression successful (ratio: 1.00x)

[85/90] Processing: U2d_1_768_1152.dat
compression ratio = 45.17 
compression time = 0.024672
compressed data file = ../../../../CESM-CLIMATE-65G/4/log_normalized/U2d_1_768_1152.dat.sz.tmp
compression ratio = 45.166669
decompression time = 0.009084 seconds.
decompressed file = ../../../../CESM-CLIMATE-65G/4/log_normalized/SZ3_1e-5/U2d_1_768_1152.dat.SZ3.out
  ✓ Compression successful (ratio: 1.00x)

[86/90] Processing: UV2d_1_768_1152.dat
compression ratio = 65.73 
compression time = 0.026583
compressed data file = ../../../../CESM-CLIMATE-65G/4/log_normalized/UV2d_1_768_1152.dat.sz.tmp
compression ratio = 65.733200
decompression time = 0.008999 seconds.
decompressed file = ../../../../CESM-CLIMATE-65G/4/log_normalized/SZ3_1e-5/UV2d_1_768_1152.dat.SZ3.out
  ✓ Compression successful (ratio: 1.00x)

[87/90] Processing: UW2d_1_768_1152.dat
compression ratio = 98.87 
compression time = 0.023852
compressed data file = ../../../../CESM-CLIMATE-65G/4/log_normalized/UW2d_1_768_1152.dat.sz.tmp
compression ratio = 98.869755
decompression time = 0.007829 seconds.
decompressed file = ../../../../CESM-CLIMATE-65G/4/log_normalized/SZ3_1e-5/UW2d_1_768_1152.dat.SZ3.out
  ✓ Compression successful (ratio: 1.00x)

[88/90] Processing: V2d_1_768_1152.dat
compression ratio = 55.76 
compression time = 0.024820
compressed data file = ../../../../CESM-CLIMATE-65G/4/log_normalized/V2d_1_768_1152.dat.sz.tmp
compression ratio = 55.763894
decompression time = 0.008641 seconds.
decompressed file = ../../../../CESM-CLIMATE-65G/4/log_normalized/SZ3_1e-5/V2d_1_768_1152.dat.SZ3.out
  ✓ Compression successful (ratio: 1.00x)

[89/90] Processing: VTH2d_1_768_1152.dat
compression ratio = 65.58 
compression time = 0.025591
compressed data file = ../../../../CESM-CLIMATE-65G/4/log_normalized/VTH2d_1_768_1152.dat.sz.tmp
compression ratio = 65.583366
decompression time = 0.008216 seconds.
decompressed file = ../../../../CESM-CLIMATE-65G/4/log_normalized/SZ3_1e-5/VTH2d_1_768_1152.dat.SZ3.out
  ✓ Compression successful (ratio: 1.00x)

[90/90] Processing: W2d_1_768_1152.dat
compression ratio = 241.24 
compression time = 0.023325
compressed data file = ../../../../CESM-CLIMATE-65G/4/log_normalized/W2d_1_768_1152.dat.sz.tmp
compression ratio = 241.236810
decompression time = 0.007937 seconds.
decompressed file = ../../../../CESM-CLIMATE-65G/4/log_normalized/SZ3_1e-5/W2d_1_768_1152.dat.SZ3.out
  ✓ Compression successful (ratio: 1.00x)

=== Summary ===
Total files processed: 90
Total files skipped: 0
Total files failed: 0

