Input directory: ../../CESM-LAND-MODELS/4/log_normalized/
Output directory: ../../CESM-LAND-MODELS/4/log_normalized/topoSZp_36_thread/
Dimensions: 192x288 (55296 elements)
Error bound: 1E-3
Block size: 16

Found 176 .dat file(s) to process

[1/176] Processing: ACTUAL_IMMOB_1_192_288.dat
  ✗ Compression failed (exit code: 1)

[2/176] Processing: AGNPP_1_192_288.dat
  ✗ Compression failed (exit code: 1)

[3/176] Processing: ANN_FAREA_BURNED_1_192_288.dat
  ✗ Compression failed (exit code: 1)

[4/176] Processing: AR_1_192_288.dat
  ✗ Compression failed (exit code: 1)

[5/176] Processing: area_192_288.dat
  ✗ Compression failed (exit code: 1)

[6/176] Processing: areaatm_192_288.dat
  ✗ Compression failed (exit code: 1)

[7/176] Processing: areaupsc_192_288.dat
  ✗ Compression failed (exit code: 1)

[8/176] Processing: BCDEP_1_192_288.dat
  ✗ Compression failed (exit code: 1)

[9/176] Processing: BGNPP_1_192_288.dat
  ✗ Compression failed (exit code: 1)

[10/176] Processing: BTRAN_1_192_288.dat
  ✗ Compression failed (exit code: 1)

[11/176] Processing: BUILDHEAT_1_192_288.dat
  ✗ Compression failed (exit code: 1)

[12/176] Processing: COL_CTRUNC_1_192_288.dat
  ✗ Compression failed (exit code: 1)

[13/176] Processing: COL_FIRE_CLOSS_1_192_288.dat
  ✗ Compression failed (exit code: 1)

[14/176] Processing: COL_FIRE_NLOSS_1_192_288.dat
  ✗ Compression failed (exit code: 1)

[15/176] Processing: COL_NTRUNC_1_192_288.dat
  ✗ Compression failed (exit code: 1)

[16/176] Processing: CPOOL_1_192_288.dat
  ✗ Compression failed (exit code: 1)

[17/176] Processing: CWDC_1_192_288.dat
  ✗ Compression failed (exit code: 1)

[18/176] Processing: CWDC_HR_1_192_288.dat
  ✗ Compression failed (exit code: 1)

[19/176] Processing: CWDC_LOSS_1_192_288.dat
  ✗ Compression failed (exit code: 1)

[20/176] Processing: CWDN_1_192_288.dat
  ✗ Compression failed (exit code: 1)

[21/176] Processing: DEADCROOTC_1_192_288.dat
  ✗ Compression failed (exit code: 1)

[22/176] Processing: DEADCROOTN_1_192_288.dat
  ✗ Compression failed (exit code: 1)

[23/176] Processing: DEADSTEMC_1_192_288.dat
  ✗ Compression failed (exit code: 1)

[24/176] Processing: DEADSTEMN_1_192_288.dat
  ✗ Compression failed (exit code: 1)

[25/176] Processing: DENIT_1_192_288.dat
  ✗ Compression failed (exit code: 1)

[26/176] Processing: DISPVEGC_1_192_288.dat
  ✗ Compression failed (exit code: 1)

[27/176] Processing: DISPVEGN_1_192_288.dat
  ✗ Compression failed (exit code: 1)

[28/176] Processing: DSTDEP_1_192_288.dat
  ✗ Compression failed (exit code: 1)

[29/176] Processing: DSTFLXT_1_192_288.dat
  ✗ Compression failed (exit code: 1)

[30/176] Processing: DWT_CLOSS_1_192_288.dat
  ✗ Compression failed (exit code: 1)

[31/176] Processing: DWT_CONV_CFLUX_1_192_288.dat
  ✗ Compression failed (exit code: 1)

[32/176] Processing: DWT_CONV_NFLUX_1_192_288.dat
  ✗ Compression failed (exit code: 1)

[33/176] Processing: DWT_NLOSS_1_192_288.dat
  ✗ Compression failed (exit code: 1)

[34/176] Processing: DWT_PROD100C_GAIN_1_192_288.dat
  ✗ Compression failed (exit code: 1)

[35/176] Processing: DWT_PROD100N_GAIN_1_192_288.dat
  ✗ Compression failed (exit code: 1)

[36/176] Processing: DWT_PROD10C_GAIN_1_192_288.dat
  ✗ Compression failed (exit code: 1)

[37/176] Processing: DWT_PROD10N_GAIN_1_192_288.dat
  ✗ Compression failed (exit code: 1)

[38/176] Processing: DWT_SEEDC_TO_DEADSTEM_1_192_288.dat
  ✗ Compression failed (exit code: 1)

[39/176] Processing: DWT_SEEDC_TO_LEAF_1_192_288.dat
  ✗ Compression failed (exit code: 1)

[40/176] Processing: DWT_SEEDN_TO_DEADSTEM_1_192_288.dat
  ✗ Compression failed (exit code: 1)

[41/176] Processing: DWT_SEEDN_TO_LEAF_1_192_288.dat
  ✗ Compression failed (exit code: 1)

[42/176] Processing: EFLX_DYNBAL_1_192_288.dat
  ✗ Compression failed (exit code: 1)

[43/176] Processing: EFLX_LH_TOT_R_1_192_288.dat
  ✗ Compression failed (exit code: 1)

[44/176] Processing: EFLX_LH_TOT_U_1_192_288.dat
  ✗ Compression failed (exit code: 1)

[45/176] Processing: ELAI_1_192_288.dat
  ✗ Compression failed (exit code: 1)

[46/176] Processing: ER_1_192_288.dat
  ✗ Compression failed (exit code: 1)

[47/176] Processing: ERRH2O_1_192_288.dat
  ✗ Compression failed (exit code: 1)

[48/176] Processing: ERRSEB_1_192_288.dat
  ✗ Compression failed (exit code: 1)

[49/176] Processing: ERRSOI_1_192_288.dat
  ✗ Compression failed (exit code: 1)

[50/176] Processing: ERRSOL_1_192_288.dat
  ✗ Compression failed (exit code: 1)

[51/176] Processing: ESAI_1_192_288.dat
  ✗ Compression failed (exit code: 1)

[52/176] Processing: FCEV_1_192_288.dat
  ✗ Compression failed (exit code: 1)

[53/176] Processing: FCOV_1_192_288.dat
  ✗ Compression failed (exit code: 1)

[54/176] Processing: FCTR_1_192_288.dat

compression time=0.045251, total fastmode1 topology
compression size = 58121, CR = 3.805578
done
decompression time=0.005543
done
Min=0, Max=1, range=1
Max absolute error = 0.0017816611
Max relative error = 0.001782
Max pw relative error = 0.001782
PSNR = 61.723001, NRMSE= 0.00082006815861381269963
acEff=1.000000
compressionRatio = 3.805578
  ✓ Compression and decompression successful (ratio: 3.80x)

[55/176] Processing: FGEV_1_192_288.dat
  ✗ Compression failed (exit code: 1)

[56/176] Processing: FGR_1_192_288.dat
  ✗ Compression failed (exit code: 1)

[57/176] Processing: FGR12_1_192_288.dat
  ✗ Compression failed (exit code: 1)

[58/176] Processing: FGR_R_1_192_288.dat
  ✗ Compression failed (exit code: 1)

[59/176] Processing: FGR_U_1_192_288.dat
  ✗ Compression failed (exit code: 1)

[60/176] Processing: FIRA_1_192_288.dat
  ✗ Compression failed (exit code: 1)

[61/176] Processing: FIRA_R_1_192_288.dat
  ✗ Compression failed (exit code: 1)

[62/176] Processing: FIRA_U_1_192_288.dat
  ✗ Compression failed (exit code: 1)

[63/176] Processing: FIRE_1_192_288.dat
  ✗ Compression failed (exit code: 1)

[64/176] Processing: FIRESEASONL_1_192_288.dat
  ✗ Compression failed (exit code: 1)

[65/176] Processing: FLDS_1_192_288.dat
  ✗ Compression failed (exit code: 1)

[66/176] Processing: FLUXFM2A_1_192_288.dat
  ✗ Compression failed (exit code: 1)

[67/176] Processing: FLUXFMLND_1_192_288.dat
  ✗ Compression failed (exit code: 1)

[68/176] Processing: FPG_1_192_288.dat
  ✗ Compression failed (exit code: 1)

[69/176] Processing: FPI_1_192_288.dat
  ✗ Compression failed (exit code: 1)

[70/176] Processing: FPSN_1_192_288.dat
  ✗ Compression failed (exit code: 1)

[71/176] Processing: FROOTC_1_192_288.dat
  ✗ Compression failed (exit code: 1)

[72/176] Processing: FROOTC_ALLOC_1_192_288.dat
  ✗ Compression failed (exit code: 1)

[73/176] Processing: FROOTC_LOSS_1_192_288.dat
  ✗ Compression failed (exit code: 1)

[74/176] Processing: FROOTN_1_192_288.dat
  ✗ Compression failed (exit code: 1)

[75/176] Processing: FSA_1_192_288.dat
  ✗ Compression failed (exit code: 1)

[76/176] Processing: FSA_R_1_192_288.dat
  ✗ Compression failed (exit code: 1)

[77/176] Processing: FSAT_1_192_288.dat
  ✗ Compression failed (exit code: 1)

[78/176] Processing: FSA_U_1_192_288.dat
  ✗ Compression failed (exit code: 1)

[79/176] Processing: FSDS_1_192_288.dat

compression time=0.004666, total fastmode1 topology
compression size = 56984, CR = 3.881510
done
decompression time=0.003755
done
Min=0, Max=1, range=1
Max absolute error = 0.0012363791
Max relative error = 0.001236
Max pw relative error = 0.001236
PSNR = 61.345552, NRMSE= 0.00085649022001774177161
acEff=1.000000
compressionRatio = 3.881511
  ✓ Compression and decompression successful (ratio: 3.88x)

[80/176] Processing: FSDSND_1_192_288.dat
  ✗ Compression failed (exit code: 1)

[81/176] Processing: FSDSNDLN_1_192_288.dat
  ✗ Compression failed (exit code: 1)

[82/176] Processing: FSDSNI_1_192_288.dat
  ✗ Compression failed (exit code: 1)

[83/176] Processing: FSDSVD_1_192_288.dat
  ✗ Compression failed (exit code: 1)

[84/176] Processing: FSDSVDLN_1_192_288.dat
  ✗ Compression failed (exit code: 1)

[85/176] Processing: FSDSVI_1_192_288.dat
  ✗ Compression failed (exit code: 1)

[86/176] Processing: FSH_1_192_288.dat
  ✗ Compression failed (exit code: 1)

[87/176] Processing: FSH_G_1_192_288.dat
  ✗ Compression failed (exit code: 1)

[88/176] Processing: FSH_NODYNLNDUSE_1_192_288.dat
  ✗ Compression failed (exit code: 1)

[89/176] Processing: FSH_R_1_192_288.dat
  ✗ Compression failed (exit code: 1)

[90/176] Processing: FSH_U_1_192_288.dat
  ✗ Compression failed (exit code: 1)

[91/176] Processing: FSH_V_1_192_288.dat
  ✗ Compression failed (exit code: 1)

[92/176] Processing: FSM_1_192_288.dat
  ✗ Compression failed (exit code: 1)

[93/176] Processing: FSM_R_1_192_288.dat
  ✗ Compression failed (exit code: 1)

[94/176] Processing: FSM_U_1_192_288.dat
  ✗ Compression failed (exit code: 1)

[95/176] Processing: FSNO_1_192_288.dat
  ✗ Compression failed (exit code: 1)

[96/176] Processing: FSR_1_192_288.dat
  ✗ Compression failed (exit code: 1)

[97/176] Processing: FSRND_1_192_288.dat
  ✗ Compression failed (exit code: 1)

[98/176] Processing: FSRNDLN_1_192_288.dat
  ✗ Compression failed (exit code: 1)

[99/176] Processing: FSRNI_1_192_288.dat

compression time=0.004467, total fastmode1 topology
compression size = 61241, CR = 3.611698
done
decompression time=0.004935
done
Min=0, Max=1, range=1
Max absolute error = 0.0015351344
Max relative error = 0.001535
Max pw relative error = 0.001535
PSNR = 61.355610, NRMSE= 0.00085549894540317523387
acEff=1.000000
compressionRatio = 3.611698
  ✓ Compression and decompression successful (ratio: 3.61x)

[100/176] Processing: FSRVD_1_192_288.dat
  ✗ Compression failed (exit code: 1)

[101/176] Processing: FSRVDLN_1_192_288.dat
  ✗ Compression failed (exit code: 1)

[102/176] Processing: FSRVI_1_192_288.dat
  ✗ Compression failed (exit code: 1)

[103/176] Processing: GC_HEAT1_1_192_288.dat
  ✗ Compression failed (exit code: 1)

[104/176] Processing: GC_HEAT2_1_192_288.dat
  ✗ Compression failed (exit code: 1)

[105/176] Processing: GC_ICE1_1_192_288.dat
  ✗ Compression failed (exit code: 1)

[106/176] Processing: GC_ICE2_1_192_288.dat
  ✗ Compression failed (exit code: 1)

[107/176] Processing: GC_LIQ1_1_192_288.dat
  ✗ Compression failed (exit code: 1)

[108/176] Processing: GC_LIQ2_1_192_288.dat
  ✗ Compression failed (exit code: 1)

[109/176] Processing: GPP_1_192_288.dat
  ✗ Compression failed (exit code: 1)

[110/176] Processing: GR_1_192_288.dat
  ✗ Compression failed (exit code: 1)

[111/176] Processing: GROSS_NMIN_1_192_288.dat
  ✗ Compression failed (exit code: 1)

[112/176] Processing: H2OCAN_1_192_288.dat
  ✗ Compression failed (exit code: 1)

[113/176] Processing: H2OSNO_1_192_288.dat
  ✗ Compression failed (exit code: 1)

[114/176] Processing: H2OSNO_TOP_1_192_288.dat
  ✗ Compression failed (exit code: 1)

[115/176] Processing: HC_1_192_288.dat
  ✗ Compression failed (exit code: 1)

[116/176] Processing: HCSOI_1_192_288.dat
  ✗ Compression failed (exit code: 1)

[117/176] Processing: HEAT_FROM_AC_1_192_288.dat
  ✗ Compression failed (exit code: 1)

[118/176] Processing: HR_1_192_288.dat
  ✗ Compression failed (exit code: 1)

[119/176] Processing: HTOP_1_192_288.dat
  ✗ Compression failed (exit code: 1)

[120/176] Processing: LAISHA_1_192_288.dat
  ✗ Compression failed (exit code: 1)

[121/176] Processing: LAISUN_1_192_288.dat
  ✗ Compression failed (exit code: 1)

[122/176] Processing: landfrac_192_288.dat
  ✗ Compression failed (exit code: 1)

[123/176] Processing: latixy_192_288.dat
  ✗ Compression failed (exit code: 1)

[124/176] Processing: latixyatm_192_288.dat
  ✗ Compression failed (exit code: 1)

[125/176] Processing: LEAFC_1_192_288.dat
  ✗ Compression failed (exit code: 1)

[126/176] Processing: LEAFC_ALLOC_1_192_288.dat
  ✗ Compression failed (exit code: 1)

[127/176] Processing: LEAFC_LOSS_1_192_288.dat
  ✗ Compression failed (exit code: 1)

[128/176] Processing: LEAFN_1_192_288.dat
  ✗ Compression failed (exit code: 1)

[129/176] Processing: LITFALL_1_192_288.dat
  ✗ Compression failed (exit code: 1)

[130/176] Processing: LITHR_1_192_288.dat
  ✗ Compression failed (exit code: 1)

[131/176] Processing: LITR1C_1_192_288.dat
  ✗ Compression failed (exit code: 1)

[132/176] Processing: LITR1C_TO_SOIL1C_1_192_288.dat
  ✗ Compression failed (exit code: 1)

[133/176] Processing: LITR1N_1_192_288.dat
  ✗ Compression failed (exit code: 1)

[134/176] Processing: LITR2C_1_192_288.dat
  ✗ Compression failed (exit code: 1)

[135/176] Processing: LITR2C_TO_SOIL2C_1_192_288.dat
  ✗ Compression failed (exit code: 1)

[136/176] Processing: LITR2N_1_192_288.dat
  ✗ Compression failed (exit code: 1)

[137/176] Processing: LITR3C_1_192_288.dat
  ✗ Compression failed (exit code: 1)

[138/176] Processing: LITR3C_TO_SOIL3C_1_192_288.dat
  ✗ Compression failed (exit code: 1)

[139/176] Processing: LITR3N_1_192_288.dat
  ✗ Compression failed (exit code: 1)

[140/176] Processing: LITTERC_1_192_288.dat
  ✗ Compression failed (exit code: 1)

[141/176] Processing: LITTERC_HR_1_192_288.dat
  ✗ Compression failed (exit code: 1)

[142/176] Processing: LITTERC_LOSS_1_192_288.dat
  ✗ Compression failed (exit code: 1)

[143/176] Processing: LIVECROOTC_1_192_288.dat
  ✗ Compression failed (exit code: 1)

[144/176] Processing: LIVECROOTN_1_192_288.dat
  ✗ Compression failed (exit code: 1)

[145/176] Processing: LIVESTEMC_1_192_288.dat
  ✗ Compression failed (exit code: 1)

[146/176] Processing: LIVESTEMN_1_192_288.dat
  ✗ Compression failed (exit code: 1)

[147/176] Processing: longxy_192_288.dat
  ✗ Compression failed (exit code: 1)

[148/176] Processing: longxyatm_192_288.dat
  ✗ Compression failed (exit code: 1)

[149/176] Processing: MEAN_FIRE_PROB_1_192_288.dat
  ✗ Compression failed (exit code: 1)

[150/176] Processing: MR_1_192_288.dat
  ✗ Compression failed (exit code: 1)

[151/176] Processing: NBP_1_192_288.dat
  ✗ Compression failed (exit code: 1)

[152/176] Processing: NDEPLOY_1_192_288.dat
  ✗ Compression failed (exit code: 1)

[153/176] Processing: NDEP_TO_SMINN_1_192_288.dat
  ✗ Compression failed (exit code: 1)

[154/176] Processing: NEE_1_192_288.dat
  ✗ Compression failed (exit code: 1)

[155/176] Processing: NEP_1_192_288.dat
  ✗ Compression failed (exit code: 1)

[156/176] Processing: NET_NMIN_1_192_288.dat
  ✗ Compression failed (exit code: 1)

[157/176] Processing: NFIX_TO_SMINN_1_192_288.dat
  ✗ Compression failed (exit code: 1)

[158/176] Processing: NPP_1_192_288.dat
  ✗ Compression failed (exit code: 1)

[159/176] Processing: OCDEP_1_192_288.dat
  ✗ Compression failed (exit code: 1)

[160/176] Processing: PBOT_1_192_288.dat
  ✗ Compression failed (exit code: 1)

[161/176] Processing: PCO2_1_192_288.dat
  ✗ Compression failed (exit code: 1)

[162/176] Processing: PFT_CTRUNC_1_192_288.dat
  ✗ Compression failed (exit code: 1)

[163/176] Processing: PFT_FIRE_CLOSS_1_192_288.dat
  ✗ Compression failed (exit code: 1)

[164/176] Processing: PFT_FIRE_NLOSS_1_192_288.dat
  ✗ Compression failed (exit code: 1)

[165/176] Processing: PFT_NTRUNC_1_192_288.dat
  ✗ Compression failed (exit code: 1)

[166/176] Processing: PLANT_NDEMAND_1_192_288.dat
  ✗ Compression failed (exit code: 1)

[167/176] Processing: POTENTIAL_IMMOB_1_192_288.dat
  ✗ Compression failed (exit code: 1)

[168/176] Processing: PROD100C_1_192_288.dat
  ✗ Compression failed (exit code: 1)

[169/176] Processing: PROD100C_LOSS_1_192_288.dat
  ✗ Compression failed (exit code: 1)

[170/176] Processing: PROD100N_1_192_288.dat
  ✗ Compression failed (exit code: 1)

[171/176] Processing: PROD100N_LOSS_1_192_288.dat
  ✗ Compression failed (exit code: 1)

[172/176] Processing: PROD10C_1_192_288.dat
  ✗ Compression failed (exit code: 1)

[173/176] Processing: PROD10C_LOSS_1_192_288.dat
  ✗ Compression failed (exit code: 1)

[174/176] Processing: PROD10N_1_192_288.dat
  ✗ Compression failed (exit code: 1)

[175/176] Processing: topo_192_288.dat
  ✗ Compression failed (exit code: 1)

[176/176] Processing: topodnsc_192_288.dat
  ✗ Compression failed (exit code: 1)

=== Summary ===
Total files processed: 3
Total files skipped: 0
Total files failed: 173

