Input directory: ../../CESM-CLIMATE-65G/4/log_normalized/
Output directory: ../../CESM-CLIMATE-65G/4/log_normalized/topoSZp_36_thread/
Dimensions: 768x1152 (884736 elements)
Error bound: 1E-3
Block size: 16

Found 90 .dat file(s) to process

[1/90] Processing: AEROD_v_1_768_1152.dat

compression time=0.015201, total fastmode1 topology
compression size = 948394, CR = 3.731513
done
decompression time=0.045690
done
Min=0, Max=1, range=1
Max absolute error = 0.0019684210
Max relative error = 0.001968
Max pw relative error = 0.001968
PSNR = 64.760926, NRMSE= 0.0005780343980966572582
acEff=0.999995
compressionRatio = 3.731512
  ✓ Compression and decompression successful (ratio: 3.73x)

[2/90] Processing: cb_ozone_c_1_768_1152.dat

compression time=0.008525, total fastmode1 topology
compression size = 738426, CR = 4.792551
done
decompression time=0.030519
done
Min=0, Max=1, range=1
Max absolute error = 0.0016687810
Max relative error = 0.001669
Max pw relative error = 0.001669
PSNR = 64.775020, NRMSE= 0.0005770972453472503769
acEff=0.999999
compressionRatio = 4.792551
  ✓ Compression and decompression successful (ratio: 4.79x)

[3/90] Processing: cb_sulf_c_1_768_1152.dat

compression time=0.010129, total fastmode1 topology
compression size = 778699, CR = 4.544688
done
decompression time=0.026501
done
Min=0, Max=1, range=1
Max absolute error = 0.0009999275
Max relative error = 0.001000
Max pw relative error = 0.001000
PSNR = 65.147445, NRMSE= 0.0005528760023092901257
acEff=0.999998
compressionRatio = 4.544688
  ✓ Compression and decompression successful (ratio: 4.54x)

[4/90] Processing: CLDHGH_1_768_1152.dat

compression time=0.015364, total fastmode1 topology
compression size = 1388616, CR = 2.548540
done
decompression time=0.050155
done
Min=0, Max=1, range=1
Max absolute error = 0.0019908100
Max relative error = 0.001991
Max pw relative error = 0.001991
PSNR = 64.757573, NRMSE= 0.00057825763238908596542
acEff=0.999998
compressionRatio = 2.548540
  ✓ Compression and decompression successful (ratio: 2.54x)

[5/90] Processing: CLDLOW_1_768_1152.dat

compression time=0.014105, total fastmode1 topology
compression size = 1278240, CR = 2.768607
done
decompression time=0.046919
done
Min=0, Max=1, range=1
Max absolute error = 0.0019956827
Max relative error = 0.001996
Max pw relative error = 0.001996
PSNR = 64.994764, NRMSE= 0.00056268038603645017474
acEff=0.999999
compressionRatio = 2.768607
  ✓ Compression and decompression successful (ratio: 2.76x)

[6/90] Processing: CLDMED_1_768_1152.dat

compression time=0.014424, total fastmode1 topology
compression size = 1240125, CR = 2.853699
done
decompression time=0.047654
done
Min=0, Max=1, range=1
Max absolute error = 0.0019536614
Max relative error = 0.001954
Max pw relative error = 0.001954
PSNR = 64.891922, NRMSE= 0.00056938224993587094065
acEff=0.999998
compressionRatio = 2.853699
  ✓ Compression and decompression successful (ratio: 2.85x)

[7/90] Processing: CLDTOT_1_768_1152.dat

compression time=0.015403, total fastmode1 topology
compression size = 1372872, CR = 2.577767
done
decompression time=0.049105
done
Min=0, Max=1, range=1
Max absolute error = 0.0019716620
Max relative error = 0.001972
Max pw relative error = 0.001972
PSNR = 64.760609, NRMSE= 0.00057805554012237332119
acEff=0.999998
compressionRatio = 2.577767
  ✓ Compression and decompression successful (ratio: 2.57x)

[8/90] Processing: FLDS_1_768_1152.dat

compression time=0.012088, total fastmode1 topology
compression size = 911794, CR = 3.881298
done
decompression time=0.044628
done
Min=0, Max=1, range=1
Max absolute error = 0.0018861890
Max relative error = 0.001886
Max pw relative error = 0.001886
PSNR = 64.781406, NRMSE= 0.00057667311891039757347
acEff=0.999996
compressionRatio = 3.881298
  ✓ Compression and decompression successful (ratio: 3.88x)

[9/90] Processing: FLDSC_1_768_1152.dat

compression time=0.010111, total fastmode1 topology
compression size = 787283, CR = 4.495136
done
decompression time=0.036157
done
Min=0, Max=1, range=1
Max absolute error = 0.0018874407
Max relative error = 0.001887
Max pw relative error = 0.001887
PSNR = 64.771083, NRMSE= 0.00057735885703060494181
acEff=0.999997
compressionRatio = 4.495136
  ✓ Compression and decompression successful (ratio: 4.49x)

[10/90] Processing: FLNS_1_768_1152.dat

compression time=0.014690, total fastmode1 topology
compression size = 1142646, CR = 3.097148
done
decompression time=0.051040
done
Min=0, Max=1, range=1
Max absolute error = 0.0019701123
Max relative error = 0.001970
Max pw relative error = 0.001970
PSNR = 64.742332, NRMSE= 0.00057927317047560080744
acEff=0.999994
compressionRatio = 3.097148
  ✓ Compression and decompression successful (ratio: 3.09x)

[11/90] Processing: FLNSC_1_768_1152.dat

compression time=0.014345, total fastmode1 topology
compression size = 1039857, CR = 3.403299
done
decompression time=0.047846
done
Min=0, Max=1, range=1
Max absolute error = 0.0019949675
Max relative error = 0.001995
Max pw relative error = 0.001995
PSNR = 64.713909, NRMSE= 0.00058117182638943085376
acEff=0.999996
compressionRatio = 3.403299
  ✓ Compression and decompression successful (ratio: 3.40x)

[12/90] Processing: FLNT_1_768_1152.dat

compression time=0.013633, total fastmode1 topology
compression size = 972511, CR = 3.638976
done
decompression time=0.046402
done
Min=0, Max=1, range=1
Max absolute error = 0.0019338727
Max relative error = 0.001934
Max pw relative error = 0.001934
PSNR = 64.778408, NRMSE= 0.00057687216210222040224
acEff=0.999996
compressionRatio = 3.638976
  ✓ Compression and decompression successful (ratio: 3.63x)

[13/90] Processing: FLNTC_1_768_1152.dat

compression time=0.012262, total fastmode1 topology
compression size = 789662, CR = 4.481594
done
decompression time=0.037841
done
Min=0, Max=1, range=1
Max absolute error = 0.0019633770
Max relative error = 0.001963
Max pw relative error = 0.001963
PSNR = 64.776184, NRMSE= 0.00057701992814567252751
acEff=0.999996
compressionRatio = 4.481593
  ✓ Compression and decompression successful (ratio: 4.48x)

[14/90] Processing: FLUT_1_768_1152.dat

compression time=0.014048, total fastmode1 topology
compression size = 971922, CR = 3.641181
done
decompression time=0.046124
done
Min=0, Max=1, range=1
Max absolute error = 0.0019639134
Max relative error = 0.001964
Max pw relative error = 0.001964
PSNR = 64.780602, NRMSE= 0.00057672646680296613467
acEff=0.999996
compressionRatio = 3.641181
  ✓ Compression and decompression successful (ratio: 3.64x)

[15/90] Processing: FLUTC_1_768_1152.dat

compression time=0.013819, total fastmode1 topology
compression size = 789420, CR = 4.482967
done
decompression time=0.038238
done
Min=0, Max=1, range=1
Max absolute error = 0.0019873381
Max relative error = 0.001987
Max pw relative error = 0.001987
PSNR = 64.778938, NRMSE= 0.00057683699549790465495
acEff=0.999996
compressionRatio = 4.482967
  ✓ Compression and decompression successful (ratio: 4.48x)

[16/90] Processing: FREQSH_1_768_1152.dat

compression time=0.015829, total fastmode1 topology
compression size = 1267727, CR = 2.791566
done
decompression time=0.047191
done
Min=0, Max=1, range=1
Max absolute error = 0.0017428398
Max relative error = 0.001743
Max pw relative error = 0.001743
PSNR = 64.731741, NRMSE= 0.00057997989269629947502
acEff=0.999999
compressionRatio = 2.791566
  ✓ Compression and decompression successful (ratio: 2.79x)

[17/90] Processing: FREQZM_1_768_1152.dat

compression time=0.009079, total fastmode1 topology
compression size = 1026293, CR = 3.448278
done
decompression time=0.039649
done
Min=0, Max=1, range=1
Max absolute error = 0.0016619563
Max relative error = 0.001662
Max pw relative error = 0.001662
PSNR = 66.347825, NRMSE= 0.00048151380557860039115
acEff=0.999999
compressionRatio = 3.448278
  ✓ Compression and decompression successful (ratio: 3.44x)

[18/90] Processing: FSDS_1_768_1152.dat

compression time=0.013059, total fastmode1 topology
compression size = 1026672, CR = 3.447006
done
decompression time=0.047045
done
Min=0, Max=1, range=1
Max absolute error = 0.0019516349
Max relative error = 0.001952
Max pw relative error = 0.001952
PSNR = 64.766041, NRMSE= 0.00057769413533717735298
acEff=0.999998
compressionRatio = 3.447005
  ✓ Compression and decompression successful (ratio: 3.44x)

[19/90] Processing: FSDSC_1_768_1152.dat

compression time=0.010819, total fastmode1 topology
compression size = 680181, CR = 5.202944
done
decompression time=0.032781
done
Min=0, Max=1, range=1
Max absolute error = 0.0016098022
Max relative error = 0.001610
Max pw relative error = 0.001610
PSNR = 64.768205, NRMSE= 0.00057755020481775013342
acEff=0.999998
compressionRatio = 5.202945
  ✓ Compression and decompression successful (ratio: 5.20x)

[20/90] Processing: FSDTOA_1_768_1152.dat

compression time=0.004968, total fastmode1 topology
compression size = 559537, CR = 6.324772
done
decompression time=0.026997
done
Min=0, Max=1, range=1
Max absolute error = 0.0009999871
Max relative error = 0.001000
Max pw relative error = 0.001000
PSNR = 64.711047, NRMSE= 0.00058136337171228638209
acEff=0.999998
compressionRatio = 6.324772
  ✓ Compression and decompression successful (ratio: 6.32x)

[21/90] Processing: FSNS_1_768_1152.dat

compression time=0.014650, total fastmode1 topology
compression size = 1088309, CR = 3.251782
done
decompression time=0.049397
done
Min=0, Max=1, range=1
Max absolute error = 0.0019788146
Max relative error = 0.001979
Max pw relative error = 0.001979
PSNR = 64.756936, NRMSE= 0.00057830001157797102009
acEff=0.999999
compressionRatio = 3.251782
  ✓ Compression and decompression successful (ratio: 3.25x)

[22/90] Processing: FSNSC_1_768_1152.dat

compression time=0.010175, total fastmode1 topology
compression size = 839739, CR = 4.214338
done
decompression time=0.035402
done
Min=0, Max=1, range=1
Max absolute error = 0.0019823015
Max relative error = 0.001982
Max pw relative error = 0.001982
PSNR = 64.753726, NRMSE= 0.00057851375364224421477
acEff=0.999999
compressionRatio = 4.214338
  ✓ Compression and decompression successful (ratio: 4.21x)

[23/90] Processing: FSNT_1_768_1152.dat

compression time=0.013445, total fastmode1 topology
compression size = 991215, CR = 3.570309
done
decompression time=0.046915
done
Min=0, Max=1, range=1
Max absolute error = 0.0019847155
Max relative error = 0.001985
Max pw relative error = 0.001985
PSNR = 64.770468, NRMSE= 0.00057739974410044297027
acEff=0.999999
compressionRatio = 3.570309
  ✓ Compression and decompression successful (ratio: 3.57x)

[24/90] Processing: FSNTC_1_768_1152.dat

compression time=0.009601, total fastmode1 topology
compression size = 761933, CR = 4.644692
done
decompression time=0.034581
done
Min=0, Max=1, range=1
Max absolute error = 0.0019792914
Max relative error = 0.001979
Max pw relative error = 0.001979
PSNR = 64.740776, NRMSE= 0.00057937692662458255624
acEff=0.999999
compressionRatio = 4.644692
  ✓ Compression and decompression successful (ratio: 4.64x)

[25/90] Processing: FSNTOA_1_768_1152.dat

compression time=0.012395, total fastmode1 topology
compression size = 988143, CR = 3.581409
done
decompression time=0.045190
done
Min=0, Max=1, range=1
Max absolute error = 0.0019481778
Max relative error = 0.001948
Max pw relative error = 0.001948
PSNR = 64.774599, NRMSE= 0.00057712519315162094657
acEff=0.999999
compressionRatio = 3.581409
  ✓ Compression and decompression successful (ratio: 3.58x)

[26/90] Processing: FSNTOAC_1_768_1152.dat

compression time=0.010545, total fastmode1 topology
compression size = 760662, CR = 4.652453
done
decompression time=0.034589
done
Min=0, Max=1, range=1
Max absolute error = 0.0019685626
Max relative error = 0.001969
Max pw relative error = 0.001969
PSNR = 64.799461, NRMSE= 0.00057547562644555264651
acEff=0.999999
compressionRatio = 4.652453
  ✓ Compression and decompression successful (ratio: 4.65x)

[27/90] Processing: FSUTOA_1_768_1152.dat

compression time=0.015299, total fastmode1 topology
compression size = 1110394, CR = 3.187107
done
decompression time=0.046159
done
Min=0, Max=1, range=1
Max absolute error = 0.0019937754
Max relative error = 0.001994
Max pw relative error = 0.001994
PSNR = 64.751423, NRMSE= 0.00057866718545151909874
acEff=0.999997
compressionRatio = 3.187107
  ✓ Compression and decompression successful (ratio: 3.18x)

[28/90] Processing: ICEFRAC_1_768_1152.dat

compression time=0.006649, total fastmode1 topology
compression size = 574359, CR = 6.161554
done
decompression time=0.027106
done
Min=0, Max=1, range=1
Max absolute error = 0.0017518648
Max relative error = 0.001752
Max pw relative error = 0.001752
PSNR = 73.181728, NRMSE= 0.00021923686997094918847
acEff=1.000000
compressionRatio = 6.161554
  ✓ Compression and decompression successful (ratio: 6.16x)

[29/90] Processing: LANDFRAC_1_768_1152.dat

compression time=0.005155, total fastmode1 topology
compression size = 622849, CR = 5.681865
done
decompression time=0.025945
done
Min=0, Max=1, range=1
Max absolute error = 0.0015032887
Max relative error = 0.001503
Max pw relative error = 0.001503
PSNR = 64.678811, NRMSE= 0.00058352496328600627837
acEff=1.000000
compressionRatio = 5.681865
  ✓ Compression and decompression successful (ratio: 5.68x)

[30/90] Processing: LHFLX_1_768_1152.dat

compression time=0.012468, total fastmode1 topology
compression size = 1074792, CR = 3.292678
done
decompression time=0.037951
done
Min=0, Max=1, range=1
Max absolute error = 0.0019676685
Max relative error = 0.001968
Max pw relative error = 0.001968
PSNR = 64.754313, NRMSE= 0.00057847470027955650174
acEff=0.999999
compressionRatio = 3.292678
  ✓ Compression and decompression successful (ratio: 3.29x)

[31/90] Processing: LWCF_1_768_1152.dat

compression time=0.013947, total fastmode1 topology
compression size = 1183208, CR = 2.990974
done
decompression time=0.047946
done
Min=0, Max=1, range=1
Max absolute error = 0.0019686520
Max relative error = 0.001969
Max pw relative error = 0.001969
PSNR = 64.743164, NRMSE= 0.00057921764748233134888
acEff=0.999997
compressionRatio = 2.990974
  ✓ Compression and decompression successful (ratio: 2.99x)

[32/90] Processing: MSKtem_1_768_1152.dat

compression time=0.008684, total fastmode1 topology
compression size = 794918, CR = 4.451961
done
decompression time=0.030015
done
Min=0, Max=1, range=1
Max absolute error = 0.0019696951
Max relative error = 0.001970
Max pw relative error = 0.001970
PSNR = 62.435525, NRMSE= 0.00075548134098328003586
acEff=0.999998
compressionRatio = 4.451961
  ✓ Compression and decompression successful (ratio: 4.45x)

[33/90] Processing: OCNFRAC_1_768_1152.dat

compression time=0.007014, total fastmode1 topology
compression size = 687542, CR = 5.147241
done
decompression time=0.028404
done
Min=0, Max=1, range=1
Max absolute error = 0.0015106313
Max relative error = 0.001511
Max pw relative error = 0.001511
PSNR = 62.495284, NRMSE= 0.00075030150830133058963
acEff=1.000000
compressionRatio = 5.147240
  ✓ Compression and decompression successful (ratio: 5.14x)

[34/90] Processing: ODV_bcar1_1_768_1152.dat

compression time=0.010031, total fastmode1 topology
compression size = 645532, CR = 5.482213
done
decompression time=0.029461
done
Min=0, Max=1, range=1
Max absolute error = 0.0019117966
Max relative error = 0.001912
Max pw relative error = 0.001912
PSNR = 65.987805, NRMSE= 0.00050189137551747071194
acEff=0.999971
compressionRatio = 5.482213
  ✓ Compression and decompression successful (ratio: 5.48x)

[35/90] Processing: ODV_bcar2_1_768_1152.dat
  ✗ Compression failed (exit code: 1)

[36/90] Processing: ODV_dust1_1_768_1152.dat

compression time=0.014222, total fastmode1 topology
compression size = 619114, CR = 5.716143
done
decompression time=0.030816
done
Min=0, Max=1, range=1
Max absolute error = 0.0016282797
Max relative error = 0.001628
Max pw relative error = 0.001628
PSNR = 65.535020, NRMSE= 0.00052874834759784232821
acEff=0.999990
compressionRatio = 5.716143
  ✓ Compression and decompression successful (ratio: 5.71x)

[37/90] Processing: ODV_dust2_1_768_1152.dat

compression time=0.007317, total fastmode1 topology
compression size = 617675, CR = 5.729460
done
decompression time=0.030133
done
Min=0, Max=1, range=1
Max absolute error = 0.0016783569
Max relative error = 0.001678
Max pw relative error = 0.001678
PSNR = 65.526207, NRMSE= 0.00052928509472447186294
acEff=0.999989
compressionRatio = 5.729460
  ✓ Compression and decompression successful (ratio: 5.72x)

[38/90] Processing: ODV_dust3_1_768_1152.dat

compression time=0.010360, total fastmode1 topology
compression size = 602245, CR = 5.876253
done
decompression time=0.031732
done
Min=0, Max=1, range=1
Max absolute error = 0.0017021373
Max relative error = 0.001702
Max pw relative error = 0.001702
PSNR = 65.630214, NRMSE= 0.00052298505470200649589
acEff=0.999986
compressionRatio = 5.876253
  ✓ Compression and decompression successful (ratio: 5.87x)

[39/90] Processing: ODV_dust4_1_768_1152.dat

compression time=0.009858, total fastmode1 topology
compression size = 584014, CR = 6.059690
done
decompression time=0.028742
done
Min=0, Max=1, range=1
Max absolute error = 0.0019228607
Max relative error = 0.001923
Max pw relative error = 0.001923
PSNR = 66.128263, NRMSE= 0.00049384067804082319633
acEff=0.999980
compressionRatio = 6.059690
  ✓ Compression and decompression successful (ratio: 6.05x)

[40/90] Processing: ODV_ocar1_1_768_1152.dat

compression time=0.014014, total fastmode1 topology
compression size = 598201, CR = 5.915978
done
decompression time=0.029224
done
Min=0, Max=1, range=1
Max absolute error = 0.0018184409
Max relative error = 0.001818
Max pw relative error = 0.001818
PSNR = 66.909620, NRMSE= 0.00045135576796894290525
acEff=0.999924
compressionRatio = 5.915978
  ✓ Compression and decompression successful (ratio: 5.91x)

[41/90] Processing: ODV_ocar2_1_768_1152.dat

compression time=0.021503, total fastmode1 topology
compression size = 766393, CR = 4.617662
done
decompression time=0.040803
done
Min=0, Max=1, range=1
Max absolute error = 0.0016147494
Max relative error = 0.001615
Max pw relative error = 0.001615
PSNR = 65.184672, NRMSE= 0.00055051153479321898818
acEff=0.999980
compressionRatio = 4.617662
  ✓ Compression and decompression successful (ratio: 4.61x)

[42/90] Processing: ODV_SSLTA_1_768_1152.dat

compression time=0.012461, total fastmode1 topology
compression size = 1025879, CR = 3.449670
done
decompression time=0.042411
done
Min=0, Max=1, range=1
Max absolute error = 0.0019803345
Max relative error = 0.001980
Max pw relative error = 0.001980
PSNR = 64.772069, NRMSE= 0.0005772933369601753557
acEff=0.999999
compressionRatio = 3.449670
  ✓ Compression and decompression successful (ratio: 3.44x)

[43/90] Processing: ODV_SSLTC_1_768_1152.dat

compression time=0.013872, total fastmode1 topology
compression size = 1035685, CR = 3.417008
done
decompression time=0.042415
done
Min=0, Max=1, range=1
Max absolute error = 0.0019809827
Max relative error = 0.001981
Max pw relative error = 0.001981
PSNR = 64.754027, NRMSE= 0.0005784937472432073258
acEff=0.999999
compressionRatio = 3.417008
  ✓ Compression and decompression successful (ratio: 3.41x)

[44/90] Processing: ODV_sulf_1_768_1152.dat

compression time=0.014121, total fastmode1 topology
compression size = 955464, CR = 3.703901
done
decompression time=0.044169
done
Min=0, Max=1, range=1
Max absolute error = 0.0019306242
Max relative error = 0.001931
Max pw relative error = 0.001931
PSNR = 64.793223, NRMSE= 0.00057588908380556557039
acEff=0.999996
compressionRatio = 3.703901
  ✓ Compression and decompression successful (ratio: 3.70x)

[45/90] Processing: ODV_VOLC_MMR_1_768_1152.dat

compression time=0.011669, total fastmode1 topology
compression size = 620589, CR = 5.702557
done
decompression time=0.031443
done
Min=0, Max=1, range=1
Max absolute error = 0.0017669797
Max relative error = 0.001767
Max pw relative error = 0.001767
PSNR = 67.444267, NRMSE= 0.00042441100539411606143
acEff=1.000000
compressionRatio = 5.702557
  ✓ Compression and decompression successful (ratio: 5.70x)

[46/90] Processing: PBLH_1_768_1152.dat

compression time=0.013446, total fastmode1 topology
compression size = 1058491, CR = 3.343386
done
decompression time=0.045117
done
Min=0, Max=1, range=1
Max absolute error = 0.0019939542
Max relative error = 0.001994
Max pw relative error = 0.001994
PSNR = 64.750604, NRMSE= 0.00057872171053266420384
acEff=0.999997
compressionRatio = 3.343386
  ✓ Compression and decompression successful (ratio: 3.34x)

[47/90] Processing: PCONVB_1_768_1152.dat

compression time=0.015195, total fastmode1 topology
compression size = 720997, CR = 4.908403
done
decompression time=0.036692
done
Min=0, Max=1, range=1
Max absolute error = 0.0017439723
Max relative error = 0.001744
Max pw relative error = 0.001744
PSNR = 64.816382, NRMSE= 0.00057435563451510769119
acEff=0.999959
compressionRatio = 4.908403
  ✓ Compression and decompression successful (ratio: 4.90x)

[48/90] Processing: PCONVT_1_768_1152.dat

compression time=0.011894, total fastmode1 topology
compression size = 848644, CR = 4.170116
done
decompression time=0.041400
done
Min=0, Max=1, range=1
Max absolute error = 0.0019115210
Max relative error = 0.001912
Max pw relative error = 0.001912
PSNR = 64.772113, NRMSE= 0.00057729043689501327412
acEff=0.999941
compressionRatio = 4.170116
  ✓ Compression and decompression successful (ratio: 4.17x)

[49/90] Processing: PHIS_1_768_1152.dat

compression time=0.008985, total fastmode1 topology
compression size = 751163, CR = 4.711287
done
decompression time=0.030323
done
Min=0, Max=1, range=1
Max absolute error = 0.0019480586
Max relative error = 0.001948
Max pw relative error = 0.001948
PSNR = 63.227927, NRMSE= 0.00068961015280411029973
acEff=0.999999
compressionRatio = 4.711286
  ✓ Compression and decompression successful (ratio: 4.71x)

[50/90] Processing: PRECC_1_768_1152.dat

compression time=0.005040, total fastmode1 topology
compression size = 542583, CR = 6.522401
done
decompression time=0.022097
done
Min=0, Max=1, range=1
Max absolute error = 0.0009999275
Max relative error = 0.001000
Max pw relative error = 0.001000
PSNR = 105.666640, NRMSE= 5.207964587050809608E-06
acEff=1.000000
compressionRatio = 6.522401
  ✓ Compression and decompression successful (ratio: 6.52x)

[51/90] Processing: PRECCDZM_1_768_1152.dat

compression time=0.005729, total fastmode1 topology
compression size = 537984, CR = 6.578158
done
decompression time=0.021279
done
Min=0, Max=1, range=1
Max absolute error = 0.0009999275
Max relative error = 0.001000
Max pw relative error = 0.001000
PSNR = 77.154071, NRMSE= 0.00013877028083112067486
acEff=1.000000
compressionRatio = 6.578158
  ✓ Compression and decompression successful (ratio: 6.57x)

[52/90] Processing: PRECL_1_768_1152.dat

compression time=0.007844, total fastmode1 topology
compression size = 586964, CR = 6.029235
done
decompression time=0.022883
done
Min=0, Max=1, range=1
Max absolute error = 0.0009999275
Max relative error = 0.001000
Max pw relative error = 0.001000
PSNR = 75.495956, NRMSE= 0.00016795858014167998253
acEff=0.999999
compressionRatio = 6.029235
  ✓ Compression and decompression successful (ratio: 6.02x)

[53/90] Processing: PRECSC_1_768_1152.dat
Error: No critical points found!
  ✗ Compression failed

[54/90] Processing: PRECSH_1_768_1152.dat
Error: No critical points found!
  ✗ Compression failed

[55/90] Processing: PRECSL_1_768_1152.dat

compression time=0.004976, total fastmode1 topology
compression size = 500673, CR = 7.068374
done
decompression time=0.021908
done
Min=0, Max=1, range=1
Max absolute error = 0.0009999275
Max relative error = 0.001000
Max pw relative error = 0.001000
PSNR = 107.164277, NRMSE= 4.3831481323318371388E-06
acEff=1.000000
compressionRatio = 7.068374
  ✓ Compression and decompression successful (ratio: 7.06x)

[56/90] Processing: PRECT_1_768_1152.dat

compression time=0.005890, total fastmode1 topology
compression size = 623549, CR = 5.675487
done
decompression time=0.022349
done
Min=0, Max=1, range=1
Max absolute error = 0.0009999275
Max relative error = 0.001000
Max pw relative error = 0.001000
PSNR = 87.916470, NRMSE= 4.0195415460304346903E-05
acEff=1.000000
compressionRatio = 5.675487
  ✓ Compression and decompression successful (ratio: 5.67x)

[57/90] Processing: PS_1_768_1152.dat

compression time=0.010183, total fastmode1 topology
compression size = 658262, CR = 5.376194
done
decompression time=0.030411
done
Min=0, Max=1, range=1
Max absolute error = 0.0017410517
Max relative error = 0.001741
Max pw relative error = 0.001741
PSNR = 64.856186, NRMSE= 0.00057172961004899698276
acEff=0.999957
compressionRatio = 5.376194
  ✓ Compression and decompression successful (ratio: 5.37x)

[58/90] Processing: PSL_1_768_1152.dat

compression time=0.010129, total fastmode1 topology
compression size = 729797, CR = 4.849217
done
decompression time=0.033999
done
Min=0, Max=1, range=1
Max absolute error = 0.0018942356
Max relative error = 0.001894
Max pw relative error = 0.001894
PSNR = 64.776308, NRMSE= 0.00057701167021935743841
acEff=0.999988
compressionRatio = 4.849217
  ✓ Compression and decompression successful (ratio: 4.84x)

[59/90] Processing: QFLX_1_768_1152.dat

compression time=0.011129, total fastmode1 topology
compression size = 992888, CR = 3.564293
done
decompression time=0.035682
done
Min=0, Max=1, range=1
Max absolute error = 0.0013076365
Max relative error = 0.001308
Max pw relative error = 0.001308
PSNR = 64.999467, NRMSE= 0.00056237586086489395939
acEff=0.999997
compressionRatio = 3.564293
  ✓ Compression and decompression successful (ratio: 3.56x)

[60/90] Processing: QREFHT_1_768_1152.dat

compression time=0.026344, total fastmode1 topology
compression size = 908261, CR = 3.896395
done
decompression time=0.036373
done
Min=0, Max=1, range=1
Max absolute error = 0.0019856095
Max relative error = 0.001986
Max pw relative error = 0.001986
PSNR = 64.760623, NRMSE= 0.00057805460723083304519
acEff=0.999999
compressionRatio = 3.896395
  ✓ Compression and decompression successful (ratio: 3.89x)

[61/90] Processing: RHREFHT_1_768_1152.dat

compression time=0.013429, total fastmode1 topology
compression size = 935180, CR = 3.784238
done
decompression time=0.044419
done
Min=0, Max=1, range=1
Max absolute error = 0.0019306540
Max relative error = 0.001931
Max pw relative error = 0.001931
PSNR = 64.772044, NRMSE= 0.00057729501607127757697
acEff=0.999987
compressionRatio = 3.784238
  ✓ Compression and decompression successful (ratio: 3.78x)

[62/90] Processing: SFCLDICE_1_768_1152.dat
Error: No critical points found!
  ✗ Compression failed

[63/90] Processing: SFCLDLIQ_1_768_1152.dat
Error: No critical points found!
  ✗ Compression failed

[64/90] Processing: SHFLX_1_768_1152.dat

compression time=0.013821, total fastmode1 topology
compression size = 944045, CR = 3.748703
done
decompression time=0.039161
done
Min=0, Max=1, range=1
Max absolute error = 0.0019595623
Max relative error = 0.001960
Max pw relative error = 0.001960
PSNR = 64.765846, NRMSE= 0.00057770708701096766188
acEff=0.999979
compressionRatio = 3.748703
  ✓ Compression and decompression successful (ratio: 3.74x)

[65/90] Processing: SNOWHICE_1_768_1152.dat

compression time=0.008009, total fastmode1 topology
compression size = 558610, CR = 6.335268
done
decompression time=0.026706
done
Min=0, Max=1, range=1
Max absolute error = 0.0017438978
Max relative error = 0.001744
Max pw relative error = 0.001744
PSNR = 74.278347, NRMSE= 0.00019323360177354875506
acEff=1.000000
compressionRatio = 6.335268
  ✓ Compression and decompression successful (ratio: 6.33x)

[66/90] Processing: SNOWHLND_1_768_1152.dat

compression time=0.022024, total fastmode1 topology
compression size = 579726, CR = 6.104511
done
decompression time=0.031937
done
Min=0, Max=1, range=1
Max absolute error = 0.0018136241
Max relative error = 0.001814
Max pw relative error = 0.001814
PSNR = 74.704472, NRMSE= 0.00018398244280053247532
acEff=1.000000
compressionRatio = 6.104511
  ✓ Compression and decompression successful (ratio: 6.10x)

[67/90] Processing: SOLIN_1_768_1152.dat

compression time=0.007077, total fastmode1 topology
compression size = 559537, CR = 6.324772
done
decompression time=0.027981
done
Min=0, Max=1, range=1
Max absolute error = 0.0009999871
Max relative error = 0.001000
Max pw relative error = 0.001000
PSNR = 64.711047, NRMSE= 0.00058136337171228638209
acEff=0.999998
compressionRatio = 6.324772
  ✓ Compression and decompression successful (ratio: 6.32x)

[68/90] Processing: SRFRAD_1_768_1152.dat

compression time=0.015204, total fastmode1 topology
compression size = 930139, CR = 3.804748
done
decompression time=0.047645
done
Min=0, Max=1, range=1
Max absolute error = 0.0019572973
Max relative error = 0.001957
Max pw relative error = 0.001957
PSNR = 64.784526, NRMSE= 0.00057646601459311120393
acEff=0.999997
compressionRatio = 3.804747
  ✓ Compression and decompression successful (ratio: 3.80x)

[69/90] Processing: SWCF_1_768_1152.dat

compression time=0.020953, total fastmode1 topology
compression size = 1013467, CR = 3.491918
done
decompression time=0.049966
done
Min=0, Max=1, range=1
Max absolute error = 0.0019481778
Max relative error = 0.001948
Max pw relative error = 0.001948
PSNR = 64.640228, NRMSE= 0.0005861227777131738188
acEff=0.999959
compressionRatio = 3.491918
  ✓ Compression and decompression successful (ratio: 3.49x)

[70/90] Processing: TAUX_1_768_1152.dat

compression time=0.012909, total fastmode1 topology
compression size = 819607, CR = 4.317855
done
decompression time=0.035519
done
Min=0, Max=1, range=1
Max absolute error = 0.0019357204
Max relative error = 0.001936
Max pw relative error = 0.001936
PSNR = 64.775122, NRMSE= 0.00057709047768909448994
acEff=0.999930
compressionRatio = 4.317855
  ✓ Compression and decompression successful (ratio: 4.31x)

[71/90] Processing: TAUY_1_768_1152.dat

compression time=0.012611, total fastmode1 topology
compression size = 869004, CR = 4.072414
done
decompression time=0.033522
done
Min=0, Max=1, range=1
Max absolute error = 0.0019591451
Max relative error = 0.001959
Max pw relative error = 0.001959
PSNR = 64.759886, NRMSE= 0.00057810365470373149994
acEff=0.999942
compressionRatio = 4.072414
  ✓ Compression and decompression successful (ratio: 4.07x)

[72/90] Processing: TGCLDIWP_1_768_1152.dat

compression time=0.013948, total fastmode1 topology
compression size = 1164853, CR = 3.038104
done
decompression time=0.042085
done
Min=0, Max=1, range=1
Max absolute error = 0.0019736290
Max relative error = 0.001974
Max pw relative error = 0.001974
PSNR = 64.743400, NRMSE= 0.00057920190395805153279
acEff=0.999999
compressionRatio = 3.038104
  ✓ Compression and decompression successful (ratio: 3.03x)

[73/90] Processing: TGCLDLWP_1_768_1152.dat

compression time=0.015183, total fastmode1 topology
compression size = 1139360, CR = 3.106081
done
decompression time=0.044555
done
Min=0, Max=1, range=1
Max absolute error = 0.0019998550
Max relative error = 0.002000
Max pw relative error = 0.002000
PSNR = 64.758936, NRMSE= 0.00057816683656924938717
acEff=0.999998
compressionRatio = 3.106081
  ✓ Compression and decompression successful (ratio: 3.10x)

[74/90] Processing: TH2d_1_768_1152.dat

compression time=0.004977, total fastmode1 topology
compression size = 516660, CR = 6.849658
done
decompression time=0.027207
done
Min=0, Max=1, range=1
Max absolute error = 0.0019333959
Max relative error = 0.001933
Max pw relative error = 0.001933
PSNR = 80.600461, NRMSE= 9.3320479834363873365E-05
acEff=0.999996
compressionRatio = 6.849657
  ✓ Compression and decompression successful (ratio: 6.84x)

[75/90] Processing: TMQ_1_768_1152.dat

compression time=0.011950, total fastmode1 topology
compression size = 851205, CR = 4.157569
done
decompression time=0.033724
done
Min=0, Max=1, range=1
Max absolute error = 0.0019780993
Max relative error = 0.001978
Max pw relative error = 0.001978
PSNR = 64.760614, NRMSE= 0.00057805519755344013984
acEff=0.999999
compressionRatio = 4.157570
  ✓ Compression and decompression successful (ratio: 4.15x)

[76/90] Processing: TREFHT_1_768_1152.dat

compression time=0.013976, total fastmode1 topology
compression size = 761921, CR = 4.644765
done
decompression time=0.034584
done
Min=0, Max=1, range=1
Max absolute error = 0.0019390583
Max relative error = 0.001939
Max pw relative error = 0.001939
PSNR = 64.784585, NRMSE= 0.00057646209893424515264
acEff=0.999996
compressionRatio = 4.644765
  ✓ Compression and decompression successful (ratio: 4.64x)

[77/90] Processing: TREFMNAV_1_768_1152.dat

compression time=0.015182, total fastmode1 topology
compression size = 806463, CR = 4.388228
done
decompression time=0.038936
done
Min=0, Max=1, range=1
Max absolute error = 0.0019720793
Max relative error = 0.001972
Max pw relative error = 0.001972
PSNR = 64.771677, NRMSE= 0.00057731943041000523698
acEff=0.999996
compressionRatio = 4.388229
  ✓ Compression and decompression successful (ratio: 4.38x)

[78/90] Processing: TREFMXAV_1_768_1152.dat

compression time=0.014071, total fastmode1 topology
compression size = 789451, CR = 4.482791
done
decompression time=0.037909
done
Min=0, Max=1, range=1
Max absolute error = 0.0019683838
Max relative error = 0.001968
Max pw relative error = 0.001968
PSNR = 64.772300, NRMSE= 0.00057727797136335906071
acEff=0.999996
compressionRatio = 4.482791
  ✓ Compression and decompression successful (ratio: 4.48x)

[79/90] Processing: TROP_P_1_768_1152.dat

compression time=0.010878, total fastmode1 topology
compression size = 774804, CR = 4.567534
done
decompression time=0.035543
done
Min=0, Max=1, range=1
Max absolute error = 0.0016848445
Max relative error = 0.001685
Max pw relative error = 0.001685
PSNR = 64.792582, NRMSE= 0.00057593160248663936678
acEff=0.999998
compressionRatio = 4.567534
  ✓ Compression and decompression successful (ratio: 4.56x)

[80/90] Processing: TROP_T_1_768_1152.dat

compression time=0.011123, total fastmode1 topology
compression size = 790322, CR = 4.477851
done
decompression time=0.034480
done
Min=0, Max=1, range=1
Max absolute error = 0.0019723922
Max relative error = 0.001972
Max pw relative error = 0.001972
PSNR = 64.759121, NRMSE= 0.00057815453649074093241
acEff=0.999999
compressionRatio = 4.477851
  ✓ Compression and decompression successful (ratio: 4.47x)

[81/90] Processing: TROP_Z_1_768_1152.dat

compression time=0.013255, total fastmode1 topology
compression size = 742678, CR = 4.765112
done
decompression time=0.034848
done
Min=0, Max=1, range=1
Max absolute error = 0.0017414689
Max relative error = 0.001741
Max pw relative error = 0.001741
PSNR = 64.744790, NRMSE= 0.00057910923488935922565
acEff=0.999990
compressionRatio = 4.765112
  ✓ Compression and decompression successful (ratio: 4.76x)

[82/90] Processing: TS_1_768_1152.dat

compression time=0.012725, total fastmode1 topology
compression size = 781359, CR = 4.529216
done
decompression time=0.034401
done
Min=0, Max=1, range=1
Max absolute error = 0.0019676089
Max relative error = 0.001968
Max pw relative error = 0.001968
PSNR = 64.780503, NRMSE= 0.00057673304105856199563
acEff=0.999996
compressionRatio = 4.529216
  ✓ Compression and decompression successful (ratio: 4.52x)

[83/90] Processing: TSMN_1_768_1152.dat

compression time=0.013157, total fastmode1 topology
compression size = 861212, CR = 4.109260
done
decompression time=0.036643
done
Min=0, Max=1, range=1
Max absolute error = 0.0019685626
Max relative error = 0.001969
Max pw relative error = 0.001969
PSNR = 64.737843, NRMSE= 0.00057957263470325185665
acEff=0.999997
compressionRatio = 4.109260
  ✓ Compression and decompression successful (ratio: 4.10x)

[84/90] Processing: TSMX_1_768_1152.dat

compression time=0.013950, total fastmode1 topology
compression size = 847058, CR = 4.177924
done
decompression time=0.039037
done
Min=0, Max=1, range=1
Max absolute error = 0.0019732714
Max relative error = 0.001973
Max pw relative error = 0.001973
PSNR = 64.796248, NRMSE= 0.00057568856870178681563
acEff=0.999995
compressionRatio = 4.177924
  ✓ Compression and decompression successful (ratio: 4.17x)

[85/90] Processing: U2d_1_768_1152.dat

compression time=0.005433, total fastmode1 topology
compression size = 511369, CR = 6.920529
done
decompression time=0.026430
done
Min=0, Max=1, range=1
Max absolute error = 0.0019333959
Max relative error = 0.001933
Max pw relative error = 0.001933
PSNR = 61.005529, NRMSE= 0.00089068377052837349739
acEff=0.999996
compressionRatio = 6.920529
  ✓ Compression and decompression successful (ratio: 6.92x)

[86/90] Processing: UV2d_1_768_1152.dat

compression time=0.006163, total fastmode1 topology
compression size = 508985, CR = 6.952944
done
decompression time=0.027030
done
Min=0, Max=1, range=1
Max absolute error = 0.0019333959
Max relative error = 0.001933
Max pw relative error = 0.001933
PSNR = 66.657422, NRMSE= 0.00046465314392460388155
acEff=0.999999
compressionRatio = 6.952944
  ✓ Compression and decompression successful (ratio: 6.95x)

[87/90] Processing: UW2d_1_768_1152.dat

compression time=0.007772, total fastmode1 topology
compression size = 507477, CR = 6.973605
done
decompression time=0.026090
done
Min=0, Max=1, range=1
Max absolute error = 0.0019333959
Max relative error = 0.001933
Max pw relative error = 0.001933
PSNR = 67.708843, NRMSE= 0.00041167818246524675359
acEff=0.999999
compressionRatio = 6.973605
  ✓ Compression and decompression successful (ratio: 6.97x)

[88/90] Processing: V2d_1_768_1152.dat

compression time=0.006762, total fastmode1 topology
compression size = 511747, CR = 6.915417
done
decompression time=0.026474
done
Min=0, Max=1, range=1
Max absolute error = 0.0019333959
Max relative error = 0.001933
Max pw relative error = 0.001933
PSNR = 68.176505, NRMSE= 0.00039009892395914174497
acEff=0.999999
compressionRatio = 6.915417
  ✓ Compression and decompression successful (ratio: 6.91x)

[89/90] Processing: VTH2d_1_768_1152.dat

compression time=0.006248, total fastmode1 topology
compression size = 508023, CR = 6.966110
done
decompression time=0.027033
done
Min=0, Max=1, range=1
Max absolute error = 0.0019333959
Max relative error = 0.001933
Max pw relative error = 0.001933
PSNR = 76.360877, NRMSE= 0.00015203940853898497581
acEff=0.999998
compressionRatio = 6.966110
  ✓ Compression and decompression successful (ratio: 6.96x)

[90/90] Processing: W2d_1_768_1152.dat

compression time=0.007082, total fastmode1 topology
compression size = 506382, CR = 6.988685
done
decompression time=0.028750
done
Min=0, Max=1, range=1
Max absolute error = 0.0019333959
Max relative error = 0.001933
Max pw relative error = 0.001933
PSNR = 73.196846, NRMSE= 0.00021885560588060486023
acEff=1.000000
compressionRatio = 6.988684
  ✓ Compression and decompression successful (ratio: 6.98x)

=== Summary ===
Total files processed: 85
Total files skipped: 0
Total files failed: 5

