Input directory: ../../CESM-LAND-MODELS/4/log_normalized
Output directory: ../../CESM-LAND-MODELS/4/log_normalized/tthresh_1E-3
Dimensions: 192x288
Error bound: 0.001

Found 176 .dat file(s) to process

[1/176] Processing: ACTUAL_IMMOB_1_192_288.dat
oldbits = 1769472, newbits = 125008, compressionratio = 14.1549, bpv = 2.26071
Total compression time: 79.304ms
eps = 0.125042, rmse = 0.0985121, psnr = 14.1096
Total decompression time: 7.788ms
Total time: 87.127ms
  ✓ Compression successful (ratio: 14.15x)

[2/176] Processing: AGNPP_1_192_288.dat
oldbits = 1769472, newbits = 125008, compressionratio = 14.1549, bpv = 2.26071
Total compression time: 75.693ms
eps = 0.125042, rmse = 0.0985121, psnr = 14.1096
Total decompression time: 8.128ms
Total time: 83.856ms
  ✓ Compression successful (ratio: 14.15x)

[3/176] Processing: ANN_FAREA_BURNED_1_192_288.dat
oldbits = 1769472, newbits = 121424, compressionratio = 14.5727, bpv = 2.19589
Total compression time: 78.787ms
eps = 0.111346, rmse = 0.0956339, psnr = 14.3672
Total decompression time: 7.777ms
Total time: 86.599ms
  ✓ Compression successful (ratio: 14.57x)

[4/176] Processing: AR_1_192_288.dat
oldbits = 1769472, newbits = 125008, compressionratio = 14.1549, bpv = 2.26071
Total compression time: 70.704ms
eps = 0.125042, rmse = 0.0985121, psnr = 14.1096
Total decompression time: 8.095ms
Total time: 78.838ms
  ✓ Compression successful (ratio: 14.15x)

[5/176] Processing: area_192_288.dat
oldbits = 1769472, newbits = 115152, compressionratio = 15.3664, bpv = 2.08247
Total compression time: 73.562ms
eps = 0.119994, rmse = 0.0948525, psnr = 14.4384
Total decompression time: 8.32ms
Total time: 81.918ms
  ✓ Compression successful (ratio: 15.36x)

[6/176] Processing: areaatm_192_288.dat
oldbits = 1769472, newbits = 152848, compressionratio = 11.5767, bpv = 2.76418
Total compression time: 84.265ms
eps = 0.15262, rmse = 0.0853977, psnr = 15.3505
Total decompression time: 9.011ms
Total time: 93.311ms
  ✓ Compression successful (ratio: 11.57x)

[7/176] Processing: areaupsc_192_288.dat
oldbits = 1769472, newbits = 115152, compressionratio = 15.3664, bpv = 2.08247
Total compression time: 83.856ms
eps = 0.119994, rmse = 0.0948525, psnr = 14.4384
Total decompression time: 7.721ms
Total time: 91.613ms
  ✓ Compression successful (ratio: 15.36x)

[8/176] Processing: BCDEP_1_192_288.dat
oldbits = 1769472, newbits = 125008, compressionratio = 14.1549, bpv = 2.26071
Total compression time: 73.872ms
eps = 0.125042, rmse = 0.0985121, psnr = 14.1096
Total decompression time: 7.911ms
Total time: 81.815ms
  ✓ Compression successful (ratio: 14.15x)

[9/176] Processing: BGNPP_1_192_288.dat
oldbits = 1769472, newbits = 125008, compressionratio = 14.1549, bpv = 2.26071
Total compression time: 80.03ms
eps = 0.125042, rmse = 0.0985121, psnr = 14.1096
Total decompression time: 7.85ms
Total time: 87.92ms
  ✓ Compression successful (ratio: 14.15x)

[10/176] Processing: BTRAN_1_192_288.dat
oldbits = 1769472, newbits = 124688, compressionratio = 14.1912, bpv = 2.25492
Total compression time: 77.22ms
eps = 0.124797, rmse = 0.0983199, psnr = 14.1266
Total decompression time: 8.32ms
Total time: 85.577ms
  ✓ Compression successful (ratio: 14.19x)

[11/176] Processing: BUILDHEAT_1_192_288.dat
oldbits = 1769472, newbits = 122064, compressionratio = 14.4963, bpv = 2.20747
Total compression time: 83.889ms
eps = 0.123317, rmse = 0.0972032, psnr = 14.2258
Total decompression time: 7.658ms
Total time: 91.587ms
  ✓ Compression successful (ratio: 14.49x)

[12/176] Processing: COL_CTRUNC_1_192_288.dat
oldbits = 1769472, newbits = 125008, compressionratio = 14.1549, bpv = 2.26071
Total compression time: 84.174ms
eps = 0.125039, rmse = 0.0985095, psnr = 14.1098
Total decompression time: 8.087ms
Total time: 92.303ms
  ✓ Compression successful (ratio: 14.15x)

[13/176] Processing: COL_FIRE_CLOSS_1_192_288.dat
oldbits = 1769472, newbits = 125008, compressionratio = 14.1549, bpv = 2.26071
Total compression time: 89.574ms
eps = 0.125042, rmse = 0.0985121, psnr = 14.1096
Total decompression time: 8.365ms
Total time: 97.988ms
  ✓ Compression successful (ratio: 14.15x)

[14/176] Processing: COL_FIRE_NLOSS_1_192_288.dat
oldbits = 1769472, newbits = 125008, compressionratio = 14.1549, bpv = 2.26071
Total compression time: 82.016ms
eps = 0.125042, rmse = 0.0985121, psnr = 14.1096
Total decompression time: 7.962ms
Total time: 90.028ms
  ✓ Compression successful (ratio: 14.15x)

[15/176] Processing: COL_NTRUNC_1_192_288.dat
oldbits = 1769472, newbits = 125072, compressionratio = 14.1476, bpv = 2.26186
Total compression time: 73.124ms
eps = 0.125149, rmse = 0.0985962, psnr = 14.1022
Total decompression time: 7.95ms
Total time: 81.111ms
  ✓ Compression successful (ratio: 14.14x)

[16/176] Processing: CPOOL_1_192_288.dat
oldbits = 1769472, newbits = 125008, compressionratio = 14.1549, bpv = 2.26071
Total compression time: 75.179ms
eps = 0.125042, rmse = 0.0985121, psnr = 14.1096
Total decompression time: 7.828ms
Total time: 83.047ms
  ✓ Compression successful (ratio: 14.15x)

[17/176] Processing: CWDC_1_192_288.dat
oldbits = 1769472, newbits = 121872, compressionratio = 14.5191, bpv = 2.20399
Total compression time: 76.805ms
eps = 0.123312, rmse = 0.0972184, psnr = 14.2244
Total decompression time: 8.021ms
Total time: 84.873ms
  ✓ Compression successful (ratio: 14.51x)

[18/176] Processing: CWDC_HR_1_192_288.dat
oldbits = 1769472, newbits = 125008, compressionratio = 14.1549, bpv = 2.26071
Total compression time: 78.73ms
eps = 0.125042, rmse = 0.0985121, psnr = 14.1096
Total decompression time: 7.869ms
Total time: 86.641ms
  ✓ Compression successful (ratio: 14.15x)

[19/176] Processing: CWDC_LOSS_1_192_288.dat
oldbits = 1769472, newbits = 125008, compressionratio = 14.1549, bpv = 2.26071
Total compression time: 80.305ms
eps = 0.125042, rmse = 0.0985121, psnr = 14.1096
Total decompression time: 7.912ms
Total time: 88.261ms
  ✓ Compression successful (ratio: 14.15x)

[20/176] Processing: CWDN_1_192_288.dat
oldbits = 1769472, newbits = 124624, compressionratio = 14.1985, bpv = 2.25376
Total compression time: 79.281ms
eps = 0.12462, rmse = 0.0981809, psnr = 14.1389
Total decompression time: 8.408ms
Total time: 87.747ms
  ✓ Compression successful (ratio: 14.19x)

[21/176] Processing: DEADCROOTC_1_192_288.dat
oldbits = 1769472, newbits = 121232, compressionratio = 14.5958, bpv = 2.19242
Total compression time: 75.442ms
eps = 0.122998, rmse = 0.0969792, psnr = 14.2458
Total decompression time: 7.592ms
Total time: 83.072ms
  ✓ Compression successful (ratio: 14.59x)

[22/176] Processing: DEADCROOTN_1_192_288.dat
oldbits = 1769472, newbits = 124176, compressionratio = 14.2497, bpv = 2.24566
Total compression time: 73.765ms
eps = 0.125052, rmse = 0.0985235, psnr = 14.1086
Total decompression time: 8.056ms
Total time: 81.863ms
  ✓ Compression successful (ratio: 14.24x)

[23/176] Processing: DEADSTEMC_1_192_288.dat
oldbits = 1769472, newbits = 119952, compressionratio = 14.7515, bpv = 2.16927
Total compression time: 70.653ms
eps = 0.122654, rmse = 0.0967406, psnr = 14.2672
Total decompression time: 7.945ms
Total time: 78.638ms
  ✓ Compression successful (ratio: 14.75x)

[24/176] Processing: DEADSTEMN_1_192_288.dat
oldbits = 1769472, newbits = 123728, compressionratio = 14.3013, bpv = 2.23756
Total compression time: 83.18ms
eps = 0.124941, rmse = 0.0984405, psnr = 14.1159
Total decompression time: 7.685ms
Total time: 90.904ms
  ✓ Compression successful (ratio: 14.30x)

[25/176] Processing: DENIT_1_192_288.dat
oldbits = 1769472, newbits = 125008, compressionratio = 14.1549, bpv = 2.26071
Total compression time: 197.379ms
eps = 0.125042, rmse = 0.0985121, psnr = 14.1096
Total decompression time: 8.771ms
Total time: 206.201ms
  ✓ Compression successful (ratio: 14.15x)

[26/176] Processing: DISPVEGC_1_192_288.dat
oldbits = 1769472, newbits = 119760, compressionratio = 14.7752, bpv = 2.1658
Total compression time: 92.616ms
eps = 0.122354, rmse = 0.096521, psnr = 14.287
Total decompression time: 8.027ms
Total time: 100.683ms
  ✓ Compression successful (ratio: 14.77x)

[27/176] Processing: DISPVEGN_1_192_288.dat
oldbits = 1769472, newbits = 123088, compressionratio = 14.3757, bpv = 2.22598
Total compression time: 81.073ms
eps = 0.124485, rmse = 0.0980891, psnr = 14.147
Total decompression time: 8.687ms
Total time: 89.804ms
  ✓ Compression successful (ratio: 14.37x)

[28/176] Processing: DSTDEP_1_192_288.dat
oldbits = 1769472, newbits = 125008, compressionratio = 14.1549, bpv = 2.26071
Total compression time: 84.924ms
eps = 0.125042, rmse = 0.0985121, psnr = 14.1096
Total decompression time: 8.076ms
Total time: 93.046ms
  ✓ Compression successful (ratio: 14.15x)

[29/176] Processing: DSTFLXT_1_192_288.dat
oldbits = 1769472, newbits = 125008, compressionratio = 14.1549, bpv = 2.26071
Total compression time: 89.411ms
eps = 0.125042, rmse = 0.0985121, psnr = 14.1096
Total decompression time: 8.047ms
Total time: 97.501ms
  ✓ Compression successful (ratio: 14.15x)

[30/176] Processing: DWT_CLOSS_1_192_288.dat
oldbits = 1769472, newbits = 125008, compressionratio = 14.1549, bpv = 2.26071
Total compression time: 79.327ms
eps = 0.125042, rmse = 0.0985121, psnr = 14.1096
Total decompression time: 8.449ms
Total time: 87.82ms
  ✓ Compression successful (ratio: 14.15x)

[31/176] Processing: DWT_CONV_CFLUX_1_192_288.dat
oldbits = 1769472, newbits = 125008, compressionratio = 14.1549, bpv = 2.26071
Total compression time: 69.34ms
eps = 0.125042, rmse = 0.0985121, psnr = 14.1096
Total decompression time: 8.018ms
Total time: 77.422ms
  ✓ Compression successful (ratio: 14.15x)

[32/176] Processing: DWT_CONV_NFLUX_1_192_288.dat
oldbits = 1769472, newbits = 125008, compressionratio = 14.1549, bpv = 2.26071
Total compression time: 77.871ms
eps = 0.125042, rmse = 0.0985121, psnr = 14.1096
Total decompression time: 8.005ms
Total time: 85.915ms
  ✓ Compression successful (ratio: 14.15x)

[33/176] Processing: DWT_NLOSS_1_192_288.dat
oldbits = 1769472, newbits = 125008, compressionratio = 14.1549, bpv = 2.26071
Total compression time: 83.535ms
eps = 0.125042, rmse = 0.0985121, psnr = 14.1096
Total decompression time: 7.851ms
Total time: 91.443ms
  ✓ Compression successful (ratio: 14.15x)

[34/176] Processing: DWT_PROD100C_GAIN_1_192_288.dat
oldbits = 1769472, newbits = 125008, compressionratio = 14.1549, bpv = 2.26071
Total compression time: 72.7ms
eps = 0.125042, rmse = 0.0985121, psnr = 14.1096
Total decompression time: 7.899ms
Total time: 80.662ms
  ✓ Compression successful (ratio: 14.15x)

[35/176] Processing: DWT_PROD100N_GAIN_1_192_288.dat
oldbits = 1769472, newbits = 125008, compressionratio = 14.1549, bpv = 2.26071
Total compression time: 68.004ms
eps = 0.125042, rmse = 0.0985121, psnr = 14.1096
Total decompression time: 8.105ms
Total time: 76.148ms
  ✓ Compression successful (ratio: 14.15x)

[36/176] Processing: DWT_PROD10C_GAIN_1_192_288.dat
oldbits = 1769472, newbits = 125008, compressionratio = 14.1549, bpv = 2.26071
Total compression time: 71.562ms
eps = 0.125042, rmse = 0.0985121, psnr = 14.1096
Total decompression time: 8.096ms
Total time: 79.697ms
  ✓ Compression successful (ratio: 14.15x)

[37/176] Processing: DWT_PROD10N_GAIN_1_192_288.dat
oldbits = 1769472, newbits = 125008, compressionratio = 14.1549, bpv = 2.26071
Total compression time: 79.246ms
eps = 0.125042, rmse = 0.0985121, psnr = 14.1096
Total decompression time: 7.965ms
Total time: 87.248ms
  ✓ Compression successful (ratio: 14.15x)

[38/176] Processing: DWT_SEEDC_TO_DEADSTEM_1_192_288.dat
oldbits = 1769472, newbits = 125008, compressionratio = 14.1549, bpv = 2.26071
Total compression time: 86.308ms
eps = 0.125042, rmse = 0.0985121, psnr = 14.1096
Total decompression time: 8.054ms
Total time: 94.405ms
  ✓ Compression successful (ratio: 14.15x)

[39/176] Processing: DWT_SEEDC_TO_LEAF_1_192_288.dat
oldbits = 1769472, newbits = 125008, compressionratio = 14.1549, bpv = 2.26071
Total compression time: 74.674ms
eps = 0.125042, rmse = 0.0985121, psnr = 14.1096
Total decompression time: 8.115ms
Total time: 82.83ms
  ✓ Compression successful (ratio: 14.15x)

[40/176] Processing: DWT_SEEDN_TO_DEADSTEM_1_192_288.dat
oldbits = 1769472, newbits = 125008, compressionratio = 14.1549, bpv = 2.26071
Total compression time: 78.873ms
eps = 0.125042, rmse = 0.0985121, psnr = 14.1096
Total decompression time: 8.311ms
Total time: 87.226ms
  ✓ Compression successful (ratio: 14.15x)

[41/176] Processing: DWT_SEEDN_TO_LEAF_1_192_288.dat
oldbits = 1769472, newbits = 125008, compressionratio = 14.1549, bpv = 2.26071
Total compression time: 83.762ms
eps = 0.125042, rmse = 0.0985121, psnr = 14.1096
Total decompression time: 8.09ms
Total time: 91.897ms
  ✓ Compression successful (ratio: 14.15x)

[42/176] Processing: EFLX_DYNBAL_1_192_288.dat
oldbits = 1769472, newbits = 125008, compressionratio = 14.1549, bpv = 2.26071
Total compression time: 73.401ms
eps = 0.125042, rmse = 0.0985121, psnr = 14.1096
Total decompression time: 8.279ms
Total time: 81.722ms
  ✓ Compression successful (ratio: 14.15x)

[43/176] Processing: EFLX_LH_TOT_R_1_192_288.dat
oldbits = 1769472, newbits = 117904, compressionratio = 15.0077, bpv = 2.13223
Total compression time: 69.096ms
eps = 0.110108, rmse = 0.0945983, psnr = 14.4617
Total decompression time: 7.985ms
Total time: 77.119ms
  ✓ Compression successful (ratio: 15.00x)

[44/176] Processing: EFLX_LH_TOT_U_1_192_288.dat
oldbits = 1769472, newbits = 183248, compressionratio = 9.65616, bpv = 3.31395
Total compression time: 73.659ms
eps = 0.055471, rmse = 0.0532017, psnr = 19.4609
Total decompression time: 10.168ms
Total time: 83.886ms
  ✓ Compression successful (ratio: 9.65x)

[45/176] Processing: ELAI_1_192_288.dat
oldbits = 1769472, newbits = 123984, compressionratio = 14.2718, bpv = 2.24219
Total compression time: 85.483ms
eps = 0.125038, rmse = 0.0985126, psnr = 14.1096
Total decompression time: 8.224ms
Total time: 93.751ms
  ✓ Compression successful (ratio: 14.27x)

[46/176] Processing: ER_1_192_288.dat
oldbits = 1769472, newbits = 125008, compressionratio = 14.1549, bpv = 2.26071
Total compression time: 81.934ms
eps = 0.125042, rmse = 0.0985121, psnr = 14.1096
Total decompression time: 8.305ms
Total time: 90.282ms
  ✓ Compression successful (ratio: 14.15x)

[47/176] Processing: ERRH2O_1_192_288.dat
oldbits = 1769472, newbits = 125008, compressionratio = 14.1549, bpv = 2.26071
Total compression time: 92.259ms
eps = 0.125042, rmse = 0.0985121, psnr = 14.1096
Total decompression time: 8.272ms
Total time: 100.572ms
  ✓ Compression successful (ratio: 14.15x)

[48/176] Processing: ERRSEB_1_192_288.dat
oldbits = 1769472, newbits = 125008, compressionratio = 14.1549, bpv = 2.26071
Total compression time: 75.591ms
eps = 0.125042, rmse = 0.0985121, psnr = 14.1096
Total decompression time: 7.865ms
Total time: 83.512ms
  ✓ Compression successful (ratio: 14.15x)

[49/176] Processing: ERRSOI_1_192_288.dat
oldbits = 1769472, newbits = 125008, compressionratio = 14.1549, bpv = 2.26071
Total compression time: 72.04ms
eps = 0.125042, rmse = 0.0985121, psnr = 14.1096
Total decompression time: 7.688ms
Total time: 79.765ms
  ✓ Compression successful (ratio: 14.15x)

[50/176] Processing: ERRSOL_1_192_288.dat
oldbits = 1769472, newbits = 125008, compressionratio = 14.1549, bpv = 2.26071
Total compression time: 76.954ms
eps = 0.125042, rmse = 0.0985121, psnr = 14.1096
Total decompression time: 7.934ms
Total time: 84.927ms
  ✓ Compression successful (ratio: 14.15x)

[51/176] Processing: ESAI_1_192_288.dat
oldbits = 1769472, newbits = 124432, compressionratio = 14.2204, bpv = 2.25029
Total compression time: 75.359ms
eps = 0.124935, rmse = 0.0984284, psnr = 14.117
Total decompression time: 8.069ms
Total time: 83.468ms
  ✓ Compression successful (ratio: 14.22x)

[52/176] Processing: FCEV_1_192_288.dat
oldbits = 1769472, newbits = 122448, compressionratio = 14.4508, bpv = 2.21441
Total compression time: 89.099ms
eps = 0.124256, rmse = 0.0979122, psnr = 14.1627
Total decompression time: 8.113ms
Total time: 97.254ms
  ✓ Compression successful (ratio: 14.45x)

[53/176] Processing: FCOV_1_192_288.dat
oldbits = 1769472, newbits = 120976, compressionratio = 14.6266, bpv = 2.18779
Total compression time: 66.137ms
eps = 0.111085, rmse = 0.0954099, psnr = 14.3875
Total decompression time: 7.975ms
Total time: 74.174ms
  ✓ Compression successful (ratio: 14.62x)

[54/176] Processing: FCTR_1_192_288.dat
oldbits = 1769472, newbits = 123024, compressionratio = 14.3831, bpv = 2.22483
Total compression time: 73.031ms
eps = 0.124915, rmse = 0.0984249, psnr = 14.1173
Total decompression time: 8.468ms
Total time: 81.586ms
  ✓ Compression successful (ratio: 14.38x)

[55/176] Processing: FGEV_1_192_288.dat
oldbits = 1769472, newbits = 121680, compressionratio = 14.542, bpv = 2.20052
Total compression time: 69.267ms
eps = 0.123846, rmse = 0.0976029, psnr = 14.1901
Total decompression time: 7.815ms
Total time: 77.121ms
  ✓ Compression successful (ratio: 14.54x)

[56/176] Processing: FGR_1_192_288.dat
oldbits = 1769472, newbits = 120912, compressionratio = 14.6344, bpv = 2.18663
Total compression time: 66.243ms
eps = 0.122841, rmse = 0.0968469, psnr = 14.2577
Total decompression time: 7.921ms
Total time: 74.205ms
  ✓ Compression successful (ratio: 14.63x)

[57/176] Processing: FGR12_1_192_288.dat
oldbits = 1769472, newbits = 121616, compressionratio = 14.5497, bpv = 2.19936
Total compression time: 77.852ms
eps = 0.123351, rmse = 0.0972319, psnr = 14.2232
Total decompression time: 7.8ms
Total time: 85.694ms
  ✓ Compression successful (ratio: 14.54x)

[58/176] Processing: FGR_R_1_192_288.dat
oldbits = 1769472, newbits = 117840, compressionratio = 15.0159, bpv = 2.13108
Total compression time: 84.191ms
eps = 0.110038, rmse = 0.094537, psnr = 14.4674
Total decompression time: 7.633ms
Total time: 91.868ms
  ✓ Compression successful (ratio: 15.01x)

[59/176] Processing: FGR_U_1_192_288.dat
oldbits = 1769472, newbits = 181520, compressionratio = 9.74808, bpv = 3.2827
Total compression time: 72.505ms
eps = 0.0555272, rmse = 0.0532611, psnr = 19.4512
Total decompression time: 10.01ms
Total time: 82.559ms
  ✓ Compression successful (ratio: 9.74x)

[60/176] Processing: FIRA_1_192_288.dat
oldbits = 1769472, newbits = 121232, compressionratio = 14.5958, bpv = 2.19242
Total compression time: 79.153ms
eps = 0.123176, rmse = 0.0971045, psnr = 14.2346
Total decompression time: 7.736ms
Total time: 86.949ms
  ✓ Compression successful (ratio: 14.59x)

[61/176] Processing: FIRA_R_1_192_288.dat
oldbits = 1769472, newbits = 118416, compressionratio = 14.9428, bpv = 2.14149
Total compression time: 79.545ms
eps = 0.109804, rmse = 0.0943435, psnr = 14.4852
Total decompression time: 7.554ms
Total time: 87.139ms
  ✓ Compression successful (ratio: 14.94x)

[62/176] Processing: FIRA_U_1_192_288.dat
oldbits = 1769472, newbits = 149456, compressionratio = 11.8394, bpv = 2.70284
Total compression time: 84.679ms
eps = 0.0830655, rmse = 0.0796686, psnr = 15.9537
Total decompression time: 9.138ms
Total time: 93.875ms
  ✓ Compression successful (ratio: 11.83x)

[63/176] Processing: FIRE_1_192_288.dat
oldbits = 1769472, newbits = 119376, compressionratio = 14.8227, bpv = 2.15885
Total compression time: 85.083ms
eps = 0.122473, rmse = 0.0965856, psnr = 14.2812
Total decompression time: 7.943ms
Total time: 93.063ms
  ✓ Compression successful (ratio: 14.82x)

[64/176] Processing: FIRESEASONL_1_192_288.dat
oldbits = 1769472, newbits = 119760, compressionratio = 14.7752, bpv = 2.1658
Total compression time: 76.824ms
eps = 0.110146, rmse = 0.0946287, psnr = 14.4589
Total decompression time: 7.939ms
Total time: 84.805ms
  ✓ Compression successful (ratio: 14.77x)

[65/176] Processing: FLDS_1_192_288.dat
oldbits = 1769472, newbits = 119504, compressionratio = 14.8068, bpv = 2.16117
Total compression time: 83.113ms
eps = 0.122501, rmse = 0.0966089, psnr = 14.2791
Total decompression time: 7.69ms
Total time: 90.847ms
  ✓ Compression successful (ratio: 14.80x)

[66/176] Processing: FLUXFM2A_1_192_288.dat
oldbits = 1769472, newbits = 125008, compressionratio = 14.1549, bpv = 2.26071
Total compression time: 85.233ms
eps = 0.125042, rmse = 0.0985121, psnr = 14.1096
Total decompression time: 7.971ms
Total time: 93.243ms
  ✓ Compression successful (ratio: 14.15x)

[67/176] Processing: FLUXFMLND_1_192_288.dat
oldbits = 1769472, newbits = 125008, compressionratio = 14.1549, bpv = 2.26071
Total compression time: 74.917ms
eps = 0.125042, rmse = 0.0985121, psnr = 14.1096
Total decompression time: 7.971ms
Total time: 82.944ms
  ✓ Compression successful (ratio: 14.15x)

[68/176] Processing: FPG_1_192_288.dat
oldbits = 1769472, newbits = 120848, compressionratio = 14.6421, bpv = 2.18547
Total compression time: 82.728ms
eps = 0.111253, rmse = 0.0955541, psnr = 14.3744
Total decompression time: 7.623ms
Total time: 90.396ms
  ✓ Compression successful (ratio: 14.64x)

[69/176] Processing: FPI_1_192_288.dat
oldbits = 1769472, newbits = 120528, compressionratio = 14.681, bpv = 2.17969
Total compression time: 126.199ms
eps = 0.11104, rmse = 0.0953719, psnr = 14.391
Total decompression time: 8.14ms
Total time: 134.403ms
  ✓ Compression successful (ratio: 14.68x)

[70/176] Processing: FPSN_1_192_288.dat
oldbits = 1769472, newbits = 123536, compressionratio = 14.3235, bpv = 2.23409
Total compression time: 79.092ms
eps = 0.124925, rmse = 0.0984258, psnr = 14.1172
Total decompression time: 8.619ms
Total time: 87.814ms
  ✓ Compression successful (ratio: 14.32x)

[71/176] Processing: FROOTC_1_192_288.dat
oldbits = 1769472, newbits = 121168, compressionratio = 14.6035, bpv = 2.19126
Total compression time: 68.832ms
eps = 0.123912, rmse = 0.0976735, psnr = 14.1839
Total decompression time: 7.866ms
Total time: 76.74ms
  ✓ Compression successful (ratio: 14.60x)

[72/176] Processing: FROOTC_ALLOC_1_192_288.dat
oldbits = 1769472, newbits = 125008, compressionratio = 14.1549, bpv = 2.26071
Total compression time: 174.801ms
eps = 0.125042, rmse = 0.0985121, psnr = 14.1096
Total decompression time: 8.937ms
Total time: 183.788ms
  ✓ Compression successful (ratio: 14.15x)

[73/176] Processing: FROOTC_LOSS_1_192_288.dat
oldbits = 1769472, newbits = 125008, compressionratio = 14.1549, bpv = 2.26071
Total compression time: 76.335ms
eps = 0.125042, rmse = 0.0985121, psnr = 14.1096
Total decompression time: 7.861ms
Total time: 84.251ms
  ✓ Compression successful (ratio: 14.15x)

[74/176] Processing: FROOTN_1_192_288.dat
oldbits = 1769472, newbits = 123664, compressionratio = 14.3087, bpv = 2.2364
Total compression time: 72.893ms
eps = 0.125193, rmse = 0.098637, psnr = 14.0986
Total decompression time: 9.209ms
Total time: 82.147ms
  ✓ Compression successful (ratio: 14.30x)

[75/176] Processing: FSA_1_192_288.dat
oldbits = 1769472, newbits = 121488, compressionratio = 14.565, bpv = 2.19705
Total compression time: 87.513ms
eps = 0.123745, rmse = 0.0975614, psnr = 14.1938
Total decompression time: 8.497ms
Total time: 96.068ms
  ✓ Compression successful (ratio: 14.56x)

[76/176] Processing: FSA_R_1_192_288.dat
oldbits = 1769472, newbits = 118992, compressionratio = 14.8705, bpv = 2.15191
Total compression time: 79.284ms
eps = 0.109646, rmse = 0.0942118, psnr = 14.4973
Total decompression time: 7.836ms
Total time: 87.161ms
  ✓ Compression successful (ratio: 14.87x)

[77/176] Processing: FSAT_1_192_288.dat
oldbits = 1769472, newbits = 121168, compressionratio = 14.6035, bpv = 2.19126
Total compression time: 80.898ms
eps = 0.111274, rmse = 0.0955714, psnr = 14.3728
Total decompression time: 7.684ms
Total time: 88.622ms
  ✓ Compression successful (ratio: 14.60x)

[78/176] Processing: FSA_U_1_192_288.dat
oldbits = 1769472, newbits = 149264, compressionratio = 11.8546, bpv = 2.69936
Total compression time: 80.885ms
eps = 0.0829386, rmse = 0.0795502, psnr = 15.9666
Total decompression time: 9.802ms
Total time: 90.744ms
  ✓ Compression successful (ratio: 11.85x)

[79/176] Processing: FSDS_1_192_288.dat
oldbits = 1769472, newbits = 121104, compressionratio = 14.6112, bpv = 2.1901
Total compression time: 78.692ms
eps = 0.123564, rmse = 0.0974445, psnr = 14.2043
Total decompression time: 7.547ms
Total time: 86.277ms
  ✓ Compression successful (ratio: 14.61x)

[80/176] Processing: FSDSND_1_192_288.dat
oldbits = 1769472, newbits = 122000, compressionratio = 14.5039, bpv = 2.20631
Total compression time: 67.517ms
eps = 0.123695, rmse = 0.0975174, psnr = 14.1978
Total decompression time: 7.766ms
Total time: 75.321ms
  ✓ Compression successful (ratio: 14.50x)

[81/176] Processing: FSDSNDLN_1_192_288.dat
oldbits = 1769472, newbits = 120720, compressionratio = 14.6577, bpv = 2.18316
Total compression time: 82.672ms
eps = 0.123321, rmse = 0.097255, psnr = 14.2212
Total decompression time: 8.033ms
Total time: 90.741ms
  ✓ Compression successful (ratio: 14.65x)

[82/176] Processing: FSDSNI_1_192_288.dat
oldbits = 1769472, newbits = 122832, compressionratio = 14.4056, bpv = 2.22135
Total compression time: 86.34ms
eps = 0.124272, rmse = 0.0979347, psnr = 14.1607
Total decompression time: 7.903ms
Total time: 94.287ms
  ✓ Compression successful (ratio: 14.40x)

[83/176] Processing: FSDSVD_1_192_288.dat
oldbits = 1769472, newbits = 121680, compressionratio = 14.542, bpv = 2.20052
Total compression time: 83.382ms
eps = 0.123792, rmse = 0.0975889, psnr = 14.1914
Total decompression time: 7.759ms
Total time: 91.185ms
  ✓ Compression successful (ratio: 14.54x)

[84/176] Processing: FSDSVDLN_1_192_288.dat
oldbits = 1769472, newbits = 120720, compressionratio = 14.6577, bpv = 2.18316
Total compression time: 71.652ms
eps = 0.123624, rmse = 0.097489, psnr = 14.2003
Total decompression time: 7.524ms
Total time: 79.229ms
  ✓ Compression successful (ratio: 14.65x)

[85/176] Processing: FSDSVI_1_192_288.dat
oldbits = 1769472, newbits = 122384, compressionratio = 14.4584, bpv = 2.21325
Total compression time: 80.575ms
eps = 0.124173, rmse = 0.0978714, psnr = 14.1663
Total decompression time: 8.363ms
Total time: 88.981ms
  ✓ Compression successful (ratio: 14.45x)

[86/176] Processing: FSH_1_192_288.dat
oldbits = 1769472, newbits = 120208, compressionratio = 14.7201, bpv = 2.1739
Total compression time: 70.536ms
eps = 0.122822, rmse = 0.0968482, psnr = 14.2576
Total decompression time: 7.517ms
Total time: 78.108ms
  ✓ Compression successful (ratio: 14.72x)

[87/176] Processing: FSH_G_1_192_288.dat
oldbits = 1769472, newbits = 120528, compressionratio = 14.681, bpv = 2.17969
Total compression time: 73.387ms
eps = 0.122823, rmse = 0.0968475, psnr = 14.2576
Total decompression time: 7.949ms
Total time: 81.379ms
  ✓ Compression successful (ratio: 14.68x)

[88/176] Processing: FSH_NODYNLNDUSE_1_192_288.dat
oldbits = 1769472, newbits = 120208, compressionratio = 14.7201, bpv = 2.1739
Total compression time: 67.563ms
eps = 0.122822, rmse = 0.0968482, psnr = 14.2576
Total decompression time: 7.954ms
Total time: 75.559ms
  ✓ Compression successful (ratio: 14.72x)

[89/176] Processing: FSH_R_1_192_288.dat
oldbits = 1769472, newbits = 117648, compressionratio = 15.0404, bpv = 2.1276
Total compression time: 81.508ms
eps = 0.109442, rmse = 0.0940476, psnr = 14.5124
Total decompression time: 7.801ms
Total time: 89.349ms
  ✓ Compression successful (ratio: 15.04x)

[90/176] Processing: FSH_U_1_192_288.dat
oldbits = 1769472, newbits = 149520, compressionratio = 11.8343, bpv = 2.70399
Total compression time: 90.634ms
eps = 0.0829735, rmse = 0.079584, psnr = 15.9629
Total decompression time: 8.829ms
Total time: 99.514ms
  ✓ Compression successful (ratio: 11.83x)

[91/176] Processing: FSH_V_1_192_288.dat
oldbits = 1769472, newbits = 121040, compressionratio = 14.6189, bpv = 2.18895
Total compression time: 80.579ms
eps = 0.122887, rmse = 0.0968856, psnr = 14.2542
Total decompression time: 8.122ms
Total time: 88.756ms
  ✓ Compression successful (ratio: 14.61x)

[92/176] Processing: FSM_1_192_288.dat
oldbits = 1769472, newbits = 124816, compressionratio = 14.1766, bpv = 2.25723
Total compression time: 93.344ms
eps = 0.124845, rmse = 0.098359, psnr = 14.1231
Total decompression time: 8.217ms
Total time: 101.634ms
  ✓ Compression successful (ratio: 14.17x)

[93/176] Processing: FSM_R_1_192_288.dat
oldbits = 1769472, newbits = 121296, compressionratio = 14.588, bpv = 2.19358
Total compression time: 73.382ms
eps = 0.111274, rmse = 0.0955721, psnr = 14.3728
Total decompression time: 26.272ms
Total time: 99.696ms
  ✓ Compression successful (ratio: 14.58x)

[94/176] Processing: FSM_U_1_192_288.dat
oldbits = 1769472, newbits = 224656, compressionratio = 7.87636, bpv = 4.06279
Total compression time: 83.995ms
eps = 0.0456972, rmse = 0.0438247, psnr = 21.145
Total decompression time: 10.315ms
Total time: 94.351ms
  ✓ Compression successful (ratio: 7.87x)

[95/176] Processing: FSNO_1_192_288.dat
oldbits = 1769472, newbits = 125008, compressionratio = 14.1549, bpv = 2.26071
Total compression time: 75.134ms
eps = 0.124922, rmse = 0.0984183, psnr = 14.1179
Total decompression time: 7.837ms
Total time: 83.026ms
  ✓ Compression successful (ratio: 14.15x)

[96/176] Processing: FSR_1_192_288.dat
oldbits = 1769472, newbits = 122832, compressionratio = 14.4056, bpv = 2.22135
Total compression time: 78.568ms
eps = 0.123934, rmse = 0.0977042, psnr = 14.1811
Total decompression time: 7.705ms
Total time: 86.312ms
  ✓ Compression successful (ratio: 14.40x)

[97/176] Processing: FSRND_1_192_288.dat
oldbits = 1769472, newbits = 122576, compressionratio = 14.4357, bpv = 2.21672
Total compression time: 74.464ms
eps = 0.124036, rmse = 0.0977612, psnr = 14.1761
Total decompression time: 7.94ms
Total time: 82.458ms
  ✓ Compression successful (ratio: 14.43x)

[98/176] Processing: FSRNDLN_1_192_288.dat
oldbits = 1769472, newbits = 122192, compressionratio = 14.4811, bpv = 2.20978
Total compression time: 80.198ms
eps = 0.123806, rmse = 0.0976022, psnr = 14.1902
Total decompression time: 7.824ms
Total time: 88.097ms
  ✓ Compression successful (ratio: 14.48x)

[99/176] Processing: FSRNI_1_192_288.dat
oldbits = 1769472, newbits = 123536, compressionratio = 14.3235, bpv = 2.23409
Total compression time: 79.306ms
eps = 0.124502, rmse = 0.0981043, psnr = 14.1456
Total decompression time: 8.007ms
Total time: 87.354ms
  ✓ Compression successful (ratio: 14.32x)

[100/176] Processing: FSRVD_1_192_288.dat
oldbits = 1769472, newbits = 123344, compressionratio = 14.3458, bpv = 2.23061
Total compression time: 79.508ms
eps = 0.124388, rmse = 0.0980331, psnr = 14.1519
Total decompression time: 8.139ms
Total time: 87.726ms
  ✓ Compression successful (ratio: 14.34x)

[101/176] Processing: FSRVDLN_1_192_288.dat
oldbits = 1769472, newbits = 123024, compressionratio = 14.3831, bpv = 2.22483
Total compression time: 65.761ms
eps = 0.124068, rmse = 0.0977985, psnr = 14.1728
Total decompression time: 8.552ms
Total time: 74.353ms
  ✓ Compression successful (ratio: 14.38x)

[102/176] Processing: FSRVI_1_192_288.dat
oldbits = 1769472, newbits = 123792, compressionratio = 14.2939, bpv = 2.23872
Total compression time: 80.196ms
eps = 0.124798, rmse = 0.0983469, psnr = 14.1242
Total decompression time: 8.152ms
Total time: 88.413ms
  ✓ Compression successful (ratio: 14.29x)

[103/176] Processing: GC_HEAT1_1_192_288.dat
oldbits = 1769472, newbits = 115152, compressionratio = 15.3664, bpv = 2.08247
Total compression time: 78.474ms
eps = 0.119671, rmse = 0.0946751, psnr = 14.4547
Total decompression time: 7.4ms
Total time: 85.911ms
  ✓ Compression successful (ratio: 15.36x)

[104/176] Processing: GC_HEAT2_1_192_288.dat
oldbits = 1769472, newbits = 125008, compressionratio = 14.1549, bpv = 2.26071
Total compression time: 83.904ms
eps = 0.125042, rmse = 0.0985121, psnr = 14.1096
Total decompression time: 7.868ms
Total time: 91.817ms
  ✓ Compression successful (ratio: 14.15x)

[105/176] Processing: GC_ICE1_1_192_288.dat
oldbits = 1769472, newbits = 123152, compressionratio = 14.3682, bpv = 2.22714
Total compression time: 72.733ms
eps = 0.123445, rmse = 0.0974419, psnr = 14.2045
Total decompression time: 8.111ms
Total time: 80.916ms
  ✓ Compression successful (ratio: 14.36x)

[106/176] Processing: GC_ICE2_1_192_288.dat
oldbits = 1769472, newbits = 125008, compressionratio = 14.1549, bpv = 2.26071
Total compression time: 75.684ms
eps = 0.125042, rmse = 0.0985121, psnr = 14.1096
Total decompression time: 7.903ms
Total time: 83.628ms
  ✓ Compression successful (ratio: 14.15x)

[107/176] Processing: GC_LIQ1_1_192_288.dat
oldbits = 1769472, newbits = 110288, compressionratio = 16.0441, bpv = 1.9945
Total compression time: 82.624ms
eps = 0.116783, rmse = 0.0927565, psnr = 14.6325
Total decompression time: 7.852ms
Total time: 90.518ms
  ✓ Compression successful (ratio: 16.04x)

[108/176] Processing: GC_LIQ2_1_192_288.dat
oldbits = 1769472, newbits = 125008, compressionratio = 14.1549, bpv = 2.26071
Total compression time: 72.623ms
eps = 0.125042, rmse = 0.0985121, psnr = 14.1096
Total decompression time: 8.196ms
Total time: 80.871ms
  ✓ Compression successful (ratio: 14.15x)

[109/176] Processing: GPP_1_192_288.dat
oldbits = 1769472, newbits = 125008, compressionratio = 14.1549, bpv = 2.26071
Total compression time: 68.57ms
eps = 0.125042, rmse = 0.0985121, psnr = 14.1096
Total decompression time: 7.971ms
Total time: 76.603ms
  ✓ Compression successful (ratio: 14.15x)

[110/176] Processing: GR_1_192_288.dat
oldbits = 1769472, newbits = 125008, compressionratio = 14.1549, bpv = 2.26071
Total compression time: 68.017ms
eps = 0.125042, rmse = 0.0985121, psnr = 14.1096
Total decompression time: 7.637ms
Total time: 75.69ms
  ✓ Compression successful (ratio: 14.15x)

[111/176] Processing: GROSS_NMIN_1_192_288.dat
oldbits = 1769472, newbits = 125008, compressionratio = 14.1549, bpv = 2.26071
Total compression time: 77.968ms
eps = 0.125042, rmse = 0.0985121, psnr = 14.1096
Total decompression time: 8.149ms
Total time: 86.157ms
  ✓ Compression successful (ratio: 14.15x)

[112/176] Processing: H2OCAN_1_192_288.dat
oldbits = 1769472, newbits = 125072, compressionratio = 14.1476, bpv = 2.26186
Total compression time: 80.288ms
eps = 0.124831, rmse = 0.0983454, psnr = 14.1243
Total decompression time: 7.695ms
Total time: 88.025ms
  ✓ Compression successful (ratio: 14.14x)

[113/176] Processing: H2OSNO_1_192_288.dat
oldbits = 1769472, newbits = 123536, compressionratio = 14.3235, bpv = 2.23409
Total compression time: 76.321ms
eps = 0.123695, rmse = 0.0975302, psnr = 14.1966
Total decompression time: 7.97ms
Total time: 84.333ms
  ✓ Compression successful (ratio: 14.32x)

[114/176] Processing: H2OSNO_TOP_1_192_288.dat
oldbits = 1769472, newbits = 124752, compressionratio = 14.1839, bpv = 2.25608
Total compression time: 82.232ms
eps = 0.124994, rmse = 0.0984775, psnr = 14.1127
Total decompression time: 7.819ms
Total time: 90.106ms
  ✓ Compression successful (ratio: 14.18x)

[115/176] Processing: HC_1_192_288.dat
oldbits = 1769472, newbits = 116496, compressionratio = 15.1891, bpv = 2.10677
Total compression time: 70.624ms
eps = 0.120466, rmse = 0.0951777, psnr = 14.4087
Total decompression time: 7.872ms
Total time: 78.533ms
  ✓ Compression successful (ratio: 15.18x)

[116/176] Processing: HCSOI_1_192_288.dat
oldbits = 1769472, newbits = 116176, compressionratio = 15.231, bpv = 2.10098
Total compression time: 84.374ms
eps = 0.120741, rmse = 0.0953924, psnr = 14.3891
Total decompression time: 7.548ms
Total time: 91.959ms
  ✓ Compression successful (ratio: 15.23x)

[117/176] Processing: HEAT_FROM_AC_1_192_288.dat
oldbits = 1769472, newbits = 125008, compressionratio = 14.1549, bpv = 2.26071
Total compression time: 73.468ms
eps = 0.125049, rmse = 0.0985172, psnr = 14.1092
Total decompression time: 8.513ms
Total time: 82.025ms
  ✓ Compression successful (ratio: 14.15x)

[118/176] Processing: HR_1_192_288.dat
oldbits = 1769472, newbits = 125008, compressionratio = 14.1549, bpv = 2.26071
Total compression time: 78.532ms
eps = 0.125042, rmse = 0.0985121, psnr = 14.1096
Total decompression time: 7.899ms
Total time: 86.486ms
  ✓ Compression successful (ratio: 14.15x)

[119/176] Processing: HTOP_1_192_288.dat
oldbits = 1769472, newbits = 123536, compressionratio = 14.3235, bpv = 2.23409
Total compression time: 64.31ms
eps = 0.124788, rmse = 0.0983218, psnr = 14.1264
Total decompression time: 8.492ms
Total time: 72.84ms
  ✓ Compression successful (ratio: 14.32x)

[120/176] Processing: LAISHA_1_192_288.dat
oldbits = 1769472, newbits = 124048, compressionratio = 14.2644, bpv = 2.24334
Total compression time: 92.316ms
eps = 0.125137, rmse = 0.0985903, psnr = 14.1027
Total decompression time: 8.318ms
Total time: 100.673ms
  ✓ Compression successful (ratio: 14.26x)

[121/176] Processing: LAISUN_1_192_288.dat
oldbits = 1769472, newbits = 125008, compressionratio = 14.1549, bpv = 2.26071
Total compression time: 79.653ms
eps = 0.124897, rmse = 0.0983978, psnr = 14.1197
Total decompression time: 8.056ms
Total time: 87.798ms
  ✓ Compression successful (ratio: 14.15x)

[122/176] Processing: landfrac_192_288.dat
oldbits = 1769472, newbits = 124752, compressionratio = 14.1839, bpv = 2.25608
Total compression time: 81.467ms
eps = 0.125122, rmse = 0.0985766, psnr = 14.1039
Total decompression time: 7.825ms
Total time: 89.334ms
  ✓ Compression successful (ratio: 14.18x)

[123/176] Processing: latixy_192_288.dat
oldbits = 1769472, newbits = 120464, compressionratio = 14.6888, bpv = 2.17853
Total compression time: 81.502ms
eps = 0.122834, rmse = 0.0968491, psnr = 14.2575
Total decompression time: 8.117ms
Total time: 89.663ms
  ✓ Compression successful (ratio: 14.68x)

[124/176] Processing: latixyatm_192_288.dat
oldbits = 1769472, newbits = 46352, compressionratio = 38.1747, bpv = 0.838252
Total compression time: 74.385ms
eps = 0.0270434, rmse = 0.0230541, psnr = 26.7244
Total decompression time: 6.701ms
Total time: 81.129ms
  ✓ Compression successful (ratio: 38.17x)

[125/176] Processing: LEAFC_1_192_288.dat
oldbits = 1769472, newbits = 121680, compressionratio = 14.542, bpv = 2.20052
Total compression time: 73.154ms
eps = 0.124055, rmse = 0.0977816, psnr = 14.1743
Total decompression time: 8.571ms
Total time: 81.766ms
  ✓ Compression successful (ratio: 14.54x)

[126/176] Processing: LEAFC_ALLOC_1_192_288.dat
oldbits = 1769472, newbits = 125008, compressionratio = 14.1549, bpv = 2.26071
Total compression time: 82.052ms
eps = 0.125042, rmse = 0.0985121, psnr = 14.1096
Total decompression time: 8.409ms
Total time: 90.504ms
  ✓ Compression successful (ratio: 14.15x)

[127/176] Processing: LEAFC_LOSS_1_192_288.dat
oldbits = 1769472, newbits = 125008, compressionratio = 14.1549, bpv = 2.26071
Total compression time: 77.056ms
eps = 0.125042, rmse = 0.0985121, psnr = 14.1096
Total decompression time: 7.907ms
Total time: 85.02ms
  ✓ Compression successful (ratio: 14.15x)

[128/176] Processing: LEAFN_1_192_288.dat
oldbits = 1769472, newbits = 123536, compressionratio = 14.3235, bpv = 2.23409
Total compression time: 63.853ms
eps = 0.125025, rmse = 0.098505, psnr = 14.1102
Total decompression time: 8.216ms
Total time: 72.108ms
  ✓ Compression successful (ratio: 14.32x)

[129/176] Processing: LITFALL_1_192_288.dat
oldbits = 1769472, newbits = 125008, compressionratio = 14.1549, bpv = 2.26071
Total compression time: 65.37ms
eps = 0.125042, rmse = 0.0985121, psnr = 14.1096
Total decompression time: 8ms
Total time: 73.412ms
  ✓ Compression successful (ratio: 14.15x)

[130/176] Processing: LITHR_1_192_288.dat
oldbits = 1769472, newbits = 125008, compressionratio = 14.1549, bpv = 2.26071
Total compression time: 73.283ms
eps = 0.125042, rmse = 0.0985121, psnr = 14.1096
Total decompression time: 8.295ms
Total time: 81.62ms
  ✓ Compression successful (ratio: 14.15x)

[131/176] Processing: LITR1C_1_192_288.dat
oldbits = 1769472, newbits = 124368, compressionratio = 14.2277, bpv = 2.24913
Total compression time: 75.079ms
eps = 0.124989, rmse = 0.0984739, psnr = 14.113
Total decompression time: 8.601ms
Total time: 83.719ms
  ✓ Compression successful (ratio: 14.22x)

[132/176] Processing: LITR1C_TO_SOIL1C_1_192_288.dat
oldbits = 1769472, newbits = 125008, compressionratio = 14.1549, bpv = 2.26071
Total compression time: 79.399ms
eps = 0.125042, rmse = 0.0985121, psnr = 14.1096
Total decompression time: 7.964ms
Total time: 87.403ms
  ✓ Compression successful (ratio: 14.15x)

[133/176] Processing: LITR1N_1_192_288.dat
oldbits = 1769472, newbits = 124816, compressionratio = 14.1766, bpv = 2.25723
Total compression time: 96.342ms
eps = 0.125173, rmse = 0.0986155, psnr = 14.1005
Total decompression time: 9.064ms
Total time: 105.456ms
  ✓ Compression successful (ratio: 14.17x)

[134/176] Processing: LITR2C_1_192_288.dat
oldbits = 1769472, newbits = 122768, compressionratio = 14.4131, bpv = 2.2202
Total compression time: 76.342ms
eps = 0.12427, rmse = 0.0979287, psnr = 14.1612
Total decompression time: 9.412ms
Total time: 85.795ms
  ✓ Compression successful (ratio: 14.41x)

[135/176] Processing: LITR2C_TO_SOIL2C_1_192_288.dat
oldbits = 1769472, newbits = 125008, compressionratio = 14.1549, bpv = 2.26071
Total compression time: 78.329ms
eps = 0.125042, rmse = 0.0985121, psnr = 14.1096
Total decompression time: 7.761ms
Total time: 86.13ms
  ✓ Compression successful (ratio: 14.15x)

[136/176] Processing: LITR2N_1_192_288.dat
oldbits = 1769472, newbits = 124624, compressionratio = 14.1985, bpv = 2.25376
Total compression time: 65.418ms
eps = 0.12519, rmse = 0.0986291, psnr = 14.0993
Total decompression time: 7.901ms
Total time: 73.365ms
  ✓ Compression successful (ratio: 14.19x)

[137/176] Processing: LITR3C_1_192_288.dat
oldbits = 1769472, newbits = 122320, compressionratio = 14.4659, bpv = 2.21209
Total compression time: 64.627ms
eps = 0.124271, rmse = 0.0979392, psnr = 14.1603
Total decompression time: 7.716ms
Total time: 72.381ms
  ✓ Compression successful (ratio: 14.46x)

[138/176] Processing: LITR3C_TO_SOIL3C_1_192_288.dat
oldbits = 1769472, newbits = 125008, compressionratio = 14.1549, bpv = 2.26071
Total compression time: 75.296ms
eps = 0.125042, rmse = 0.0985121, psnr = 14.1096
Total decompression time: 8.036ms
Total time: 83.371ms
  ✓ Compression successful (ratio: 14.15x)

[139/176] Processing: LITR3N_1_192_288.dat
oldbits = 1769472, newbits = 124368, compressionratio = 14.2277, bpv = 2.24913
Total compression time: 82.991ms
eps = 0.12519, rmse = 0.09863, psnr = 14.0992
Total decompression time: 14.405ms
Total time: 97.451ms
  ✓ Compression successful (ratio: 14.22x)

[140/176] Processing: LITTERC_1_192_288.dat
oldbits = 1769472, newbits = 121488, compressionratio = 14.565, bpv = 2.19705
Total compression time: 76.544ms
eps = 0.12387, rmse = 0.0976322, psnr = 14.1875
Total decompression time: 7.977ms
Total time: 84.562ms
  ✓ Compression successful (ratio: 14.56x)

[141/176] Processing: LITTERC_HR_1_192_288.dat
oldbits = 1769472, newbits = 125008, compressionratio = 14.1549, bpv = 2.26071
Total compression time: 85.55ms
eps = 0.125042, rmse = 0.0985121, psnr = 14.1096
Total decompression time: 8.423ms
Total time: 94.018ms
  ✓ Compression successful (ratio: 14.15x)

[142/176] Processing: LITTERC_LOSS_1_192_288.dat
oldbits = 1769472, newbits = 125008, compressionratio = 14.1549, bpv = 2.26071
Total compression time: 84.158ms
eps = 0.125042, rmse = 0.0985121, psnr = 14.1096
Total decompression time: 7.706ms
Total time: 91.902ms
  ✓ Compression successful (ratio: 14.15x)

[143/176] Processing: LIVECROOTC_1_192_288.dat
oldbits = 1769472, newbits = 123920, compressionratio = 14.2791, bpv = 2.24103
Total compression time: 83.904ms
eps = 0.124698, rmse = 0.0982466, psnr = 14.133
Total decompression time: 7.723ms
Total time: 91.669ms
  ✓ Compression successful (ratio: 14.27x)

[144/176] Processing: LIVECROOTN_1_192_288.dat
oldbits = 1769472, newbits = 125008, compressionratio = 14.1549, bpv = 2.26071
Total compression time: 191.079ms
eps = 0.124756, rmse = 0.0982871, psnr = 14.1295
Total decompression time: 8.8ms
Total time: 199.929ms
  ✓ Compression successful (ratio: 14.15x)

[145/176] Processing: LIVESTEMC_1_192_288.dat
oldbits = 1769472, newbits = 123216, compressionratio = 14.3607, bpv = 2.2283
Total compression time: 85.476ms
eps = 0.124633, rmse = 0.0982026, psnr = 14.1369
Total decompression time: 8.356ms
Total time: 93.874ms
  ✓ Compression successful (ratio: 14.36x)

[146/176] Processing: LIVESTEMN_1_192_288.dat
oldbits = 1769472, newbits = 124944, compressionratio = 14.1621, bpv = 2.25955
Total compression time: 77.372ms
eps = 0.124943, rmse = 0.0984346, psnr = 14.1164
Total decompression time: 7.779ms
Total time: 85.193ms
  ✓ Compression successful (ratio: 14.16x)

[147/176] Processing: longxy_192_288.dat
oldbits = 1769472, newbits = 120080, compressionratio = 14.7358, bpv = 2.17159
Total compression time: 79.258ms
eps = 0.122152, rmse = 0.0963342, psnr = 14.3038
Total decompression time: 7.852ms
Total time: 87.182ms
  ✓ Compression successful (ratio: 14.73x)

[148/176] Processing: longxyatm_192_288.dat
oldbits = 1769472, newbits = 311504, compressionratio = 5.68042, bpv = 5.63339
Total compression time: 84.751ms
eps = 0.0501173, rmse = 0.0252802, psnr = 25.9238
Total decompression time: 11.494ms
Total time: 96.286ms
  ✓ Compression successful (ratio: 5.68x)

[149/176] Processing: MEAN_FIRE_PROB_1_192_288.dat
oldbits = 1769472, newbits = 121296, compressionratio = 14.588, bpv = 2.19358
Total compression time: 76.959ms
eps = 0.111328, rmse = 0.095618, psnr = 14.3686
Total decompression time: 7.507ms
Total time: 84.505ms
  ✓ Compression successful (ratio: 14.58x)

[150/176] Processing: MR_1_192_288.dat
oldbits = 1769472, newbits = 125008, compressionratio = 14.1549, bpv = 2.26071
Total compression time: 72.759ms
eps = 0.125042, rmse = 0.0985121, psnr = 14.1096
Total decompression time: 7.956ms
Total time: 80.754ms
  ✓ Compression successful (ratio: 14.15x)

[151/176] Processing: NBP_1_192_288.dat
oldbits = 1769472, newbits = 125008, compressionratio = 14.1549, bpv = 2.26071
Total compression time: 72.822ms
eps = 0.125042, rmse = 0.098512, psnr = 14.1096
Total decompression time: 7.833ms
Total time: 80.696ms
  ✓ Compression successful (ratio: 14.15x)

[152/176] Processing: NDEPLOY_1_192_288.dat
oldbits = 1769472, newbits = 125008, compressionratio = 14.1549, bpv = 2.26071
Total compression time: 76.441ms
eps = 0.125042, rmse = 0.0985121, psnr = 14.1096
Total decompression time: 7.824ms
Total time: 84.304ms
  ✓ Compression successful (ratio: 14.15x)

[153/176] Processing: NDEP_TO_SMINN_1_192_288.dat
oldbits = 1769472, newbits = 125008, compressionratio = 14.1549, bpv = 2.26071
Total compression time: 76.09ms
eps = 0.125042, rmse = 0.0985121, psnr = 14.1096
Total decompression time: 7.904ms
Total time: 84.054ms
  ✓ Compression successful (ratio: 14.15x)

[154/176] Processing: NEE_1_192_288.dat
oldbits = 1769472, newbits = 125008, compressionratio = 14.1549, bpv = 2.26071
Total compression time: 78.079ms
eps = 0.125042, rmse = 0.0985121, psnr = 14.1096
Total decompression time: 7.832ms
Total time: 85.951ms
  ✓ Compression successful (ratio: 14.15x)

[155/176] Processing: NEP_1_192_288.dat
oldbits = 1769472, newbits = 125008, compressionratio = 14.1549, bpv = 2.26071
Total compression time: 71.081ms
eps = 0.125042, rmse = 0.098512, psnr = 14.1096
Total decompression time: 7.585ms
Total time: 78.707ms
  ✓ Compression successful (ratio: 14.15x)

[156/176] Processing: NET_NMIN_1_192_288.dat
oldbits = 1769472, newbits = 125008, compressionratio = 14.1549, bpv = 2.26071
Total compression time: 81.737ms
eps = 0.125042, rmse = 0.0985121, psnr = 14.1096
Total decompression time: 8.093ms
Total time: 89.866ms
  ✓ Compression successful (ratio: 14.15x)

[157/176] Processing: NFIX_TO_SMINN_1_192_288.dat
oldbits = 1769472, newbits = 125008, compressionratio = 14.1549, bpv = 2.26071
Total compression time: 85.464ms
eps = 0.125042, rmse = 0.0985121, psnr = 14.1096
Total decompression time: 8.645ms
Total time: 94.15ms
  ✓ Compression successful (ratio: 14.15x)

[158/176] Processing: NPP_1_192_288.dat
oldbits = 1769472, newbits = 125008, compressionratio = 14.1549, bpv = 2.26071
Total compression time: 72.97ms
eps = 0.125042, rmse = 0.0985121, psnr = 14.1096
Total decompression time: 7.943ms
Total time: 80.95ms
  ✓ Compression successful (ratio: 14.15x)

[159/176] Processing: OCDEP_1_192_288.dat
oldbits = 1769472, newbits = 125008, compressionratio = 14.1549, bpv = 2.26071
Total compression time: 79.002ms
eps = 0.125042, rmse = 0.0985121, psnr = 14.1096
Total decompression time: 7.888ms
Total time: 86.929ms
  ✓ Compression successful (ratio: 14.15x)

[160/176] Processing: PBOT_1_192_288.dat
oldbits = 1769472, newbits = 113616, compressionratio = 15.5741, bpv = 2.05469
Total compression time: 75.616ms
eps = 0.118602, rmse = 0.0938882, psnr = 14.5272
Total decompression time: 8.484ms
Total time: 84.145ms
  ✓ Compression successful (ratio: 15.57x)

[161/176] Processing: PCO2_1_192_288.dat
oldbits = 1769472, newbits = 120976, compressionratio = 14.6266, bpv = 2.18779
Total compression time: 65.711ms
eps = 0.122942, rmse = 0.0969186, psnr = 14.2513
Total decompression time: 7.883ms
Total time: 73.632ms
  ✓ Compression successful (ratio: 14.62x)

[162/176] Processing: PFT_CTRUNC_1_192_288.dat
oldbits = 1769472, newbits = 125008, compressionratio = 14.1549, bpv = 2.26071
Total compression time: 80.566ms
eps = 0.125042, rmse = 0.0985121, psnr = 14.1096
Total decompression time: 7.894ms
Total time: 88.499ms
  ✓ Compression successful (ratio: 14.15x)

[163/176] Processing: PFT_FIRE_CLOSS_1_192_288.dat
oldbits = 1769472, newbits = 125008, compressionratio = 14.1549, bpv = 2.26071
Total compression time: 82.539ms
eps = 0.125042, rmse = 0.0985121, psnr = 14.1096
Total decompression time: 7.693ms
Total time: 90.272ms
  ✓ Compression successful (ratio: 14.15x)

[164/176] Processing: PFT_FIRE_NLOSS_1_192_288.dat
oldbits = 1769472, newbits = 125008, compressionratio = 14.1549, bpv = 2.26071
Total compression time: 79.219ms
eps = 0.125042, rmse = 0.0985121, psnr = 14.1096
Total decompression time: 9.477ms
Total time: 88.729ms
  ✓ Compression successful (ratio: 14.15x)

[165/176] Processing: PFT_NTRUNC_1_192_288.dat
oldbits = 1769472, newbits = 125008, compressionratio = 14.1549, bpv = 2.26071
Total compression time: 82.491ms
eps = 0.125042, rmse = 0.0985121, psnr = 14.1096
Total decompression time: 8.234ms
Total time: 90.767ms
  ✓ Compression successful (ratio: 14.15x)

[166/176] Processing: PLANT_NDEMAND_1_192_288.dat
oldbits = 1769472, newbits = 125008, compressionratio = 14.1549, bpv = 2.26071
Total compression time: 79.634ms
eps = 0.125042, rmse = 0.0985121, psnr = 14.1096
Total decompression time: 7.62ms
Total time: 87.291ms
  ✓ Compression successful (ratio: 14.15x)

[167/176] Processing: POTENTIAL_IMMOB_1_192_288.dat
oldbits = 1769472, newbits = 125008, compressionratio = 14.1549, bpv = 2.26071
Total compression time: 72.464ms
eps = 0.125042, rmse = 0.0985121, psnr = 14.1096
Total decompression time: 7.807ms
Total time: 80.309ms
  ✓ Compression successful (ratio: 14.15x)

[168/176] Processing: PROD100C_1_192_288.dat
oldbits = 1769472, newbits = 125008, compressionratio = 14.1549, bpv = 2.26071
Total compression time: 64.804ms
eps = 0.125042, rmse = 0.0985121, psnr = 14.1096
Total decompression time: 7.738ms
Total time: 72.58ms
  ✓ Compression successful (ratio: 14.15x)

[169/176] Processing: PROD100C_LOSS_1_192_288.dat
oldbits = 1769472, newbits = 125008, compressionratio = 14.1549, bpv = 2.26071
Total compression time: 81.711ms
eps = 0.125042, rmse = 0.0985121, psnr = 14.1096
Total decompression time: 7.727ms
Total time: 89.476ms
  ✓ Compression successful (ratio: 14.15x)

[170/176] Processing: PROD100N_1_192_288.dat
oldbits = 1769472, newbits = 125008, compressionratio = 14.1549, bpv = 2.26071
Total compression time: 66.878ms
eps = 0.125042, rmse = 0.0985121, psnr = 14.1096
Total decompression time: 7.867ms
Total time: 74.783ms
  ✓ Compression successful (ratio: 14.15x)

[171/176] Processing: PROD100N_LOSS_1_192_288.dat
oldbits = 1769472, newbits = 125008, compressionratio = 14.1549, bpv = 2.26071
Total compression time: 64.819ms
eps = 0.125042, rmse = 0.0985121, psnr = 14.1096
Total decompression time: 7.937ms
Total time: 72.8ms
  ✓ Compression successful (ratio: 14.15x)

[172/176] Processing: PROD10C_1_192_288.dat
oldbits = 1769472, newbits = 125008, compressionratio = 14.1549, bpv = 2.26071
Total compression time: 78.355ms
eps = 0.125042, rmse = 0.0985121, psnr = 14.1096
Total decompression time: 8.142ms
Total time: 86.541ms
  ✓ Compression successful (ratio: 14.15x)

[173/176] Processing: PROD10C_LOSS_1_192_288.dat
oldbits = 1769472, newbits = 125008, compressionratio = 14.1549, bpv = 2.26071
Total compression time: 77.773ms
eps = 0.125042, rmse = 0.0985121, psnr = 14.1096
Total decompression time: 17.233ms
Total time: 95.057ms
  ✓ Compression successful (ratio: 14.15x)

[174/176] Processing: PROD10N_1_192_288.dat
oldbits = 1769472, newbits = 125008, compressionratio = 14.1549, bpv = 2.26071
Total compression time: 68.342ms
eps = 0.125042, rmse = 0.0985121, psnr = 14.1096
Total decompression time: 8.44ms
Total time: 76.825ms
  ✓ Compression successful (ratio: 14.15x)

[175/176] Processing: topo_192_288.dat
oldbits = 1769472, newbits = 125008, compressionratio = 14.1549, bpv = 2.26071
Total compression time: 78.31ms
eps = 0.125042, rmse = 0.0985121, psnr = 14.1096
Total decompression time: 7.971ms
Total time: 86.325ms
  ✓ Compression successful (ratio: 14.15x)

[176/176] Processing: topodnsc_192_288.dat
oldbits = 1769472, newbits = 125008, compressionratio = 14.1549, bpv = 2.26071
Total compression time: 72.94ms
eps = 0.125042, rmse = 0.0985121, psnr = 14.1096
Total decompression time: 7.861ms
Total time: 80.851ms
  ✓ Compression successful (ratio: 14.15x)

=== Summary ===
Total files processed: 176
Total files skipped: 0
Total files failed: 0

