Input directory: ../../SDRBENCH-CESM-ATM-cleared-1800x3600/
Output directory: ../../SDRBENCH-CESM-ATM-cleared-1800x3600/topoSZp_4_thread/
Dimensions: 1800x3600 (6480000 elements)
Error bound: 1E-3
Block size: 16

Found 60 .dat file(s) to process

[1/60] Processing: AEROD_v_1_1800_3600.dat

compression time=0.060379, total fastmode1 topology
compression size = 5062260, CR = 5.120243
done
decompression time=0.193436
done
Min=0, Max=0.57155454158782958984, range=0.57155454158782958984
Max absolute error = 0.0019486547
Max relative error = 0.003409
Max pw relative error = 0.001949
PSNR = 60.478750, NRMSE= 0.00094637334856896993939
acEff=0.999982
compressionRatio = 5.120243
  ✓ Compression and decompression successful (ratio: 5.12x)

[2/60] Processing: CLDHGH_1_1800_3600.dat

compression time=0.119348, total fastmode1 topology
compression size = 6656277, CR = 3.894069
done
decompression time=0.236075
done
Min=3.374915706899628276E-07, Max=0.92075449228286743164, range=0.9207541346549987793
Max absolute error = 0.0019636154
Max relative error = 0.002133
Max pw relative error = 0.001964
PSNR = 64.048829, NRMSE= 0.00062742026913251678927
acEff=0.999998
compressionRatio = 3.894069
  ✓ Compression and decompression successful (ratio: 3.89x)

[3/60] Processing: CLDLOW_1_1800_3600.dat

compression time=0.086849, total fastmode1 topology
compression size = 6477727, CR = 4.001404
done
decompression time=0.208168
done
Min=-1.2620235048717439418E-16, Max=0.9765370488166809082, range=0.9765370488166809082
Max absolute error = 0.0019726604
Max relative error = 0.002020
Max pw relative error = 0.001973
PSNR = 64.804193, NRMSE= 0.00057516221610711445577
acEff=0.999999
compressionRatio = 4.001404
  ✓ Compression and decompression successful (ratio: 4.00x)

[4/60] Processing: CLDMED_1_1800_3600.dat

compression time=0.099552, total fastmode1 topology
compression size = 6335974, CR = 4.090926
done
decompression time=0.222015
done
Min=-8.7300302704795394065E-18, Max=0.83042794466018676758, range=0.83042794466018676758
Max absolute error = 0.0019799173
Max relative error = 0.002384
Max pw relative error = 0.001980
PSNR = 63.291617, NRMSE= 0.00068457199247505691984
acEff=0.999997
compressionRatio = 4.090926
  ✓ Compression and decompression successful (ratio: 4.09x)

[5/60] Processing: CLDTOT_1_1800_3600.dat

compression time=0.102996, total fastmode1 topology
compression size = 6838933, CR = 3.790065
done
decompression time=0.217994
done
Min=0.0089103020727634429932, Max=0.98004901409149169922, range=0.97113871574401855469
Max absolute error = 0.0019866228
Max relative error = 0.002046
Max pw relative error = 0.001987
PSNR = 64.510891, NRMSE= 0.00059491575671770391149
acEff=0.999999
compressionRatio = 3.790065
  ✓ Compression and decompression successful (ratio: 3.79x)

[6/60] Processing: FLDS_1_1800_3600.dat

compression time=0.964026, total fastmode1 topology
compression size = 11077238, CR = 2.339933
done
decompression time=0.182709
done
Min=111.13311767578125, Max=436.666412353515625, range=325.533294677734375
Max absolute error = 0.0019531250
Max relative error = 0.000006
Max pw relative error = 0.000014
PSNR = 115.019812, NRMSE= 1.7742278399082568812E-06
acEff=1.000000
compressionRatio = 2.339933
  ✓ Compression and decompression successful (ratio: 2.33x)

[7/60] Processing: FLDSC_1_1800_3600.dat

compression time=0.066231, total fastmode1 topology
compression size = 10208675, CR = 2.539017
done
decompression time=0.165007
done
Min=92.84610748291015625, Max=418.2393798828125, range=325.393280029296875
Max absolute error = 0.0019683838
Max relative error = 0.000006
Max pw relative error = 0.000017
PSNR = 115.019016, NRMSE= 1.7743904945711487453E-06
acEff=1.000000
compressionRatio = 2.539017
  ✓ Compression and decompression successful (ratio: 2.53x)

[8/60] Processing: FLNS_1_1800_3600.dat

compression time=1.275152, total fastmode1 topology
compression size = 11092097, CR = 2.336799
done
decompression time=0.192001
done
Min=2.3647515773773193359, Max=177.68426513671875, range=175.31951904296875
Max absolute error = 0.0019493103
Max relative error = 0.000011
Max pw relative error = 0.000318
PSNR = 109.644524, NRMSE= 3.2943806601587482695E-06
acEff=1.000000
compressionRatio = 2.336799
  ✓ Compression and decompression successful (ratio: 2.33x)

[9/60] Processing: FLNSC_1_1800_3600.dat

compression time=0.414943, total fastmode1 topology
compression size = 10285897, CR = 2.519955
done
decompression time=0.173383
done
Min=33.335693359375, Max=179.8714752197265625, range=146.5357818603515625
Max absolute error = 0.0019721985
Max relative error = 0.000013
Max pw relative error = 0.000053
PSNR = 108.090566, NRMSE= 3.9397776214462211763E-06
acEff=1.000000
compressionRatio = 2.519955
  ✓ Compression and decompression successful (ratio: 2.51x)

[10/60] Processing: FLNT_1_1800_3600.dat

compression time=1.068447, total fastmode1 topology
compression size = 10690692, CR = 2.424539
done
decompression time=0.186865
done
Min=140.1259002685546875, Max=320.225982666015625, range=180.1000823974609375
Max absolute error = 0.0019836426
Max relative error = 0.000011
Max pw relative error = 0.000012
PSNR = 109.877699, NRMSE= 3.2071189582981222651E-06
acEff=1.000000
compressionRatio = 2.424539
  ✓ Compression and decompression successful (ratio: 2.42x)

[11/60] Processing: FLNTC_1_1800_3600.dat

compression time=0.126552, total fastmode1 topology
compression size = 9748754, CR = 2.658801
done
decompression time=0.164708
done
Min=148.67449951171875, Max=324.029327392578125, range=175.354827880859375
Max absolute error = 0.0019531250
Max relative error = 0.000011
Max pw relative error = 0.000012
PSNR = 109.647181, NRMSE= 3.2933731185585659149E-06
acEff=1.000000
compressionRatio = 2.658801
  ✓ Compression and decompression successful (ratio: 2.65x)

[12/60] Processing: FLUT_1_1800_3600.dat

compression time=1.064092, total fastmode1 topology
compression size = 10690718, CR = 2.424533
done
decompression time=0.223866
done
Min=140.81109619140625, Max=321.594085693359375, range=180.782989501953125
Max absolute error = 0.0019531250
Max relative error = 0.000011
Max pw relative error = 0.000012
PSNR = 109.911063, NRMSE= 3.1948233911944996583E-06
acEff=1.000000
compressionRatio = 2.424533
  ✓ Compression and decompression successful (ratio: 2.42x)

[13/60] Processing: FLUTC_1_1800_3600.dat

compression time=0.121145, total fastmode1 topology
compression size = 9748358, CR = 2.658909
done
decompression time=0.165166
done
Min=149.345123291015625, Max=325.3800048828125, range=176.034881591796875
Max absolute error = 0.0019836426
Max relative error = 0.000011
Max pw relative error = 0.000011
PSNR = 109.679830, NRMSE= 3.2810172186368099586E-06
acEff=1.000000
compressionRatio = 2.658909
  ✓ Compression and decompression successful (ratio: 2.65x)

[14/60] Processing: FREQSH_1_1800_3600.dat

compression time=0.097704, total fastmode1 topology
compression size = 7015779, CR = 3.694529
done
decompression time=0.212071
done
Min=0.0055586360394954681396, Max=1, range=0.99444139003753662109
Max absolute error = 0.0019882917
Max relative error = 0.001999
Max pw relative error = 0.001988
PSNR = 64.687644, NRMSE= 0.00058293186125188097609
acEff=0.999999
compressionRatio = 3.694529
  ✓ Compression and decompression successful (ratio: 3.69x)

[15/60] Processing: FREQZM_1_1800_3600.dat

compression time=0.075172, total fastmode1 topology
compression size = 5718427, CR = 4.532715
done
decompression time=0.193909
done
Min=-1.2376302794798001768E-16, Max=0.94867545366287231445, range=0.94867545366287231445
Max absolute error = 0.0019914508
Max relative error = 0.002099
Max pw relative error = 0.001991
PSNR = 66.146603, NRMSE= 0.00049279900977567282078
acEff=0.999999
compressionRatio = 4.532715
  ✓ Compression and decompression successful (ratio: 4.53x)

[16/60] Processing: FSDS_1_1800_3600.dat

compression time=1.374284, total fastmode1 topology
compression size = 10943450, CR = 2.368540
done
decompression time=0.181489
done
Min=0, Max=458.06646728515625, range=458.06646728515625
Max absolute error = 0.0019531250
Max relative error = 0.000004
Max pw relative error = 0.001000
PSNR = 118.546021, NRMSE= 1.1822217025711952262E-06
acEff=1.000000
compressionRatio = 2.368540
  ✓ Compression and decompression successful (ratio: 2.36x)

[17/60] Processing: FSDSC_1_1800_3600.dat

compression time=0.060808, total fastmode1 topology
compression size = 8553994, CR = 3.030164
done
decompression time=0.159805
done
Min=0, Max=478.47100830078125, range=478.47100830078125
Max absolute error = 0.0019531250
Max relative error = 0.000004
Max pw relative error = 0.001000
PSNR = 118.927127, NRMSE= 1.1314715508450706011E-06
acEff=1.000000
compressionRatio = 3.030163
  ✓ Compression and decompression successful (ratio: 3.03x)

[18/60] Processing: FSDTOA_1_1800_3600.dat

compression time=0.044348, total fastmode1 topology
compression size = 7412029, CR = 3.497018
done
decompression time=0.156558
done
Min=0, Max=548.49273681640625, range=548.49273681640625
Max absolute error = 0.0013732910
Max relative error = 0.000003
Max pw relative error = 0.001000
PSNR = 120.108873, NRMSE= 9.8754371274565097104E-07
acEff=1.000000
compressionRatio = 3.497018
  ✓ Compression and decompression successful (ratio: 3.49x)

[19/60] Processing: FSNS_1_1800_3600.dat

compression time=1.641615, total fastmode1 topology
compression size = 11024355, CR = 2.351158
done
decompression time=0.186230
done
Min=0, Max=374.014617919921875, range=374.014617919921875
Max absolute error = 0.0019226074
Max relative error = 0.000005
Max pw relative error = 0.001793
PSNR = 116.787680, NRMSE= 1.4474914127117811483E-06
acEff=1.000000
compressionRatio = 2.351158
  ✓ Compression and decompression successful (ratio: 2.35x)

[20/60] Processing: FSNSC_1_1800_3600.dat

compression time=0.253512, total fastmode1 topology
compression size = 9309771, CR = 2.784172
done
decompression time=0.167497
done
Min=0, Max=378.979705810546875, range=378.979705810546875
Max absolute error = 0.0019531250
Max relative error = 0.000005
Max pw relative error = 0.001932
PSNR = 116.902950, NRMSE= 1.4284087274137571238E-06
acEff=1.000000
compressionRatio = 2.784172
  ✓ Compression and decompression successful (ratio: 2.78x)

[21/60] Processing: FSNT_1_1800_3600.dat

compression time=1.455663, total fastmode1 topology
compression size = 10935517, CR = 2.370258
done
decompression time=0.185382
done
Min=0, Max=458.6556396484375, range=458.6556396484375
Max absolute error = 0.0019531250
Max relative error = 0.000004
Max pw relative error = 0.001000
PSNR = 118.557087, NRMSE= 1.1807165753566259285E-06
acEff=1.000000
compressionRatio = 2.370258
  ✓ Compression and decompression successful (ratio: 2.37x)

[22/60] Processing: FSNTC_1_1800_3600.dat

compression time=0.192842, total fastmode1 topology
compression size = 9112296, CR = 2.844508
done
decompression time=0.169951
done
Min=0, Max=465.281341552734375, range=465.281341552734375
Max absolute error = 0.0019531250
Max relative error = 0.000004
Max pw relative error = 0.001000
PSNR = 118.681181, NRMSE= 1.1639676901636695272E-06
acEff=1.000000
compressionRatio = 2.844508
  ✓ Compression and decompression successful (ratio: 2.84x)

[23/60] Processing: FSNTOA_1_1800_3600.dat

compression time=1.419958, total fastmode1 topology
compression size = 10935809, CR = 2.370195
done
decompression time=0.187432
done
Min=0, Max=462.84429931640625, range=462.84429931640625
Max absolute error = 0.0019531250
Max relative error = 0.000004
Max pw relative error = 0.001000
PSNR = 118.632514, NRMSE= 1.1705077249179244364E-06
acEff=1.000000
compressionRatio = 2.370195
  ✓ Compression and decompression successful (ratio: 2.37x)

[24/60] Processing: FSNTOAC_1_1800_3600.dat

compression time=0.190389, total fastmode1 topology
compression size = 9121528, CR = 2.841629
done
decompression time=0.168089
done
Min=0, Max=469.5364990234375, range=469.5364990234375
Max absolute error = 0.0019836426
Max relative error = 0.000004
Max pw relative error = 0.001000
PSNR = 118.763019, NRMSE= 1.1530524508378236992E-06
acEff=1.000000
compressionRatio = 2.841629
  ✓ Compression and decompression successful (ratio: 2.84x)

[25/60] Processing: FSUTOA_1_1800_3600.dat

compression time=1.676354, total fastmode1 topology
compression size = 10943972, CR = 2.368427
done
decompression time=0.193944
done
Min=0, Max=393.674560546875, range=393.674560546875
Max absolute error = 0.0019607544
Max relative error = 0.000005
Max pw relative error = 0.001000
PSNR = 117.231230, NRMSE= 1.3754300820857617235E-06
acEff=1.000000
compressionRatio = 2.368427
  ✓ Compression and decompression successful (ratio: 2.36x)

[26/60] Processing: ICEFRAC_1_1800_3600.dat

compression time=0.039449, total fastmode1 topology
compression size = 4083207, CR = 6.347951
done
decompression time=0.152638
done
Min=0, Max=1, range=1
Max absolute error = 0.0019114614
Max relative error = 0.001911
Max pw relative error = 0.001911
PSNR = 72.004330, NRMSE= 0.00025106345304356792987
acEff=1.000000
compressionRatio = 6.347951
  ✓ Compression and decompression successful (ratio: 6.34x)

[27/60] Processing: LANDFRAC_1_1800_3600.dat

compression time=0.037632, total fastmode1 topology
compression size = 4222185, CR = 6.139001
done
decompression time=0.155772
done
Min=-2.1914590571359658655E-14, Max=1, range=1
Max absolute error = 0.0019786954
Max relative error = 0.001979
Max pw relative error = 0.001979
PSNR = 64.741068, NRMSE= 0.0005793574879891403781
acEff=1.000000
compressionRatio = 6.139001
  ✓ Compression and decompression successful (ratio: 6.13x)

[28/60] Processing: LHFLX_1_1800_3600.dat

compression time=0.393033, total fastmode1 topology
compression size = 10901056, CR = 2.377751
done
decompression time=0.175523
done
Min=-5.2279806137084960938, Max=543.463134765625, range=548.69110107421875
Max absolute error = 0.0019845068
Max relative error = 0.000004
Max pw relative error = 0.001985
PSNR = 119.555799, NRMSE= 1.0524707608765591438E-06
acEff=1.000000
compressionRatio = 2.377751
  ✓ Compression and decompression successful (ratio: 2.37x)

[29/60] Processing: LWCF_1_1800_3600.dat

compression time=1.234149, total fastmode1 topology
compression size = 10432585, CR = 2.484523
done
decompression time=0.191911
done
Min=-0.33079123497009277344, Max=112.6002197265625, range=112.93100738525390625
Max absolute error = 0.0019478798
Max relative error = 0.000017
Max pw relative error = 0.001948
PSNR = 105.824977, NRMSE= 5.1138870862855341967E-06
acEff=1.000000
compressionRatio = 2.484523
  ✓ Compression and decompression successful (ratio: 2.48x)

[30/60] Processing: OCNFRAC_1_1800_3600.dat

compression time=0.041218, total fastmode1 topology
compression size = 4376107, CR = 5.923073
done
decompression time=0.156154
done
Min=-2.189816829657829228E-14, Max=1, range=1
Max absolute error = 0.0019949079
Max relative error = 0.001995
Max pw relative error = 0.001995
PSNR = 62.661746, NRMSE= 0.0007360591410385294419
acEff=1.000000
compressionRatio = 5.923073
  ✓ Compression and decompression successful (ratio: 5.92x)

[31/60] Processing: ODV_bcar1_1_1800_3600.dat

compression time=0.034218, total fastmode1 topology
compression size = 3680699, CR = 7.042140
done
decompression time=0.153520
done
Min=0, Max=0.014418269507586956024, range=0.014418269507586956024
Max absolute error = 0.0010020561
Max relative error = 0.069499
Max pw relative error = 0.001002
PSNR = 37.799506, NRMSE= 0.012883228389838980582
acEff=0.969565
compressionRatio = 7.042141
  ✓ Compression and decompression successful (ratio: 7.04x)

[32/60] Processing: ODV_bcar2_1_1800_3600.dat

compression time=0.034218, total fastmode1 topology
compression size = 3694739, CR = 7.015380
done
decompression time=0.153732
done
Min=0, Max=0.018967432901263237, range=0.018967432901263237
Max absolute error = 0.0010054428
Max relative error = 0.053009
Max pw relative error = 0.001005
PSNR = 34.475866, NRMSE= 0.018888902450963005603
acEff=0.984481
compressionRatio = 7.015381
  ✓ Compression and decompression successful (ratio: 7.01x)

[33/60] Processing: ODV_dust1_1_1800_3600.dat

compression time=0.038438, total fastmode1 topology
compression size = 3976237, CR = 6.518726
done
decompression time=0.155653
done
Min=0, Max=0.18463411927223205566, range=0.18463411927223205566
Max absolute error = 0.0010069236
Max relative error = 0.005454
Max pw relative error = 0.001007
PSNR = 51.693730, NRMSE= 0.0026020371531902063665
acEff=0.999838
compressionRatio = 6.518726
  ✓ Compression and decompression successful (ratio: 6.51x)

[34/60] Processing: ODV_dust2_1_1800_3600.dat

compression time=0.039004, total fastmode1 topology
compression size = 3955719, CR = 6.552538
done
decompression time=0.157392
done
Min=0, Max=0.17442569136619567871, range=0.17442569136619567871
Max absolute error = 0.0010096559
Max relative error = 0.005788
Max pw relative error = 0.001010
PSNR = 51.262324, NRMSE= 0.0027345371286568104577
acEff=0.999792
compressionRatio = 6.552538
  ✓ Compression and decompression successful (ratio: 6.55x)

[35/60] Processing: ODV_dust3_1_1800_3600.dat

compression time=0.035779, total fastmode1 topology
compression size = 3821691, CR = 6.782338
done
decompression time=0.150203
done
Min=0, Max=0.096076495945453643799, range=0.096076495945453643799
Max absolute error = 0.0010055713
Max relative error = 0.010466
Max pw relative error = 0.001006
PSNR = 47.997286, NRMSE= 0.0039823160253479421289
acEff=0.998688
compressionRatio = 6.782338
  ✓ Compression and decompression successful (ratio: 6.78x)

[36/60] Processing: ODV_dust4_1_1800_3600.dat

compression time=0.035592, total fastmode1 topology
compression size = 3771038, CR = 6.873439
done
decompression time=0.153015
done
Min=0, Max=0.10546880215406417847, range=0.10546880215406417847
Max absolute error = 0.0010096007
Max relative error = 0.009573
Max pw relative error = 0.001010
PSNR = 51.253408, NRMSE= 0.0027373453093043559683
acEff=0.998065
compressionRatio = 6.873439
  ✓ Compression and decompression successful (ratio: 6.87x)

[37/60] Processing: ODV_ocar1_1_1800_3600.dat

compression time=0.034394, total fastmode1 topology
compression size = 3687769, CR = 7.028640
done
decompression time=0.153417
done
Min=0, Max=0.019741568714380264282, range=0.019741568714380264282
Max absolute error = 0.0009999990
Max relative error = 0.050654
Max pw relative error = 0.001000
PSNR = 40.086475, NRMSE= 0.0099009355203951016078
acEff=0.981775
compressionRatio = 7.028640
  ✓ Compression and decompression successful (ratio: 7.02x)

[38/60] Processing: ODV_ocar2_1_1800_3600.dat

compression time=0.044484, total fastmode1 topology
compression size = 3879750, CR = 6.680843
done
decompression time=0.168393
done
Min=0, Max=0.067497961223125457764, range=0.067497961223125457764
Max absolute error = 0.0010095410
Max relative error = 0.014957
Max pw relative error = 0.001010
PSNR = 43.666452, NRMSE= 0.006556580175371780686
acEff=0.996808
compressionRatio = 6.680843
  ✓ Compression and decompression successful (ratio: 6.68x)

[39/60] Processing: ODV_SSLTA_1_1800_3600.dat

compression time=0.047058, total fastmode1 topology
compression size = 4536038, CR = 5.714238
done
decompression time=0.177006
done
Min=0, Max=0.078465133905410766602, range=0.078465133905410766602
Max absolute error = 0.0018765815
Max relative error = 0.023916
Max pw relative error = 0.001877
PSNR = 43.301543, NRMSE= 0.0068379017477534671798
acEff=0.999769
compressionRatio = 5.714238
  ✓ Compression and decompression successful (ratio: 5.71x)

[40/60] Processing: ODV_SSLTC_1_1800_3600.dat

compression time=0.047009, total fastmode1 topology
compression size = 4403704, CR = 5.885954
done
decompression time=0.179403
done
Min=0, Max=0.051866430789232254028, range=0.051866430789232254028
Max absolute error = 0.0017109439
Max relative error = 0.032988
Max pw relative error = 0.001711
PSNR = 39.808293, NRMSE= 0.01022316465806539891
acEff=0.999440
compressionRatio = 5.885954
  ✓ Compression and decompression successful (ratio: 5.88x)

[41/60] Processing: ODV_sulf_1_1800_3600.dat

compression time=0.053620, total fastmode1 topology
compression size = 4690999, CR = 5.525476
done
decompression time=0.186777
done
Min=0, Max=0.19155621528625488281, range=0.19155621528625488281
Max absolute error = 0.0013958467
Max relative error = 0.007287
Max pw relative error = 0.001396
PSNR = 50.973665, NRMSE= 0.002826941078124766988
acEff=0.999824
compressionRatio = 5.525475
  ✓ Compression and decompression successful (ratio: 5.52x)

[42/60] Processing: QREFHT_1_1800_3600.dat

compression time=0.039671, total fastmode1 topology
compression size = 3892059, CR = 6.659714
done
decompression time=0.157819
done
Min=9.6609612228348851204E-05, Max=0.019656945019960403442, range=0.019560335204005241394
Max absolute error = 0.0010089866
Max relative error = 0.051583
Max pw relative error = 0.001009
PSNR = 30.976199, NRMSE= 0.028261163893837992073
acEff=0.998883
compressionRatio = 6.659714
  ✓ Compression and decompression successful (ratio: 6.65x)

[43/60] Processing: RHREFHT_1_1800_3600.dat

compression time=0.277730, total fastmode1 topology
compression size = 9771152, CR = 2.652707
done
decompression time=0.174733
done
Min=19.985654830932617188, Max=115.62657928466796875, range=95.64092254638671875
Max absolute error = 0.0019607544
Max relative error = 0.000021
Max pw relative error = 0.000048
PSNR = 104.382359, NRMSE= 6.0378463119220309284E-06
acEff=1.000000
compressionRatio = 2.652707
  ✓ Compression and decompression successful (ratio: 2.65x)

[44/60] Processing: SHFLX_1_1800_3600.dat

compression time=0.540824, total fastmode1 topology
compression size = 10735017, CR = 2.414528
done
decompression time=0.179125
done
Min=-78.49718475341796875, Max=326.216217041015625, range=404.713409423828125
Max absolute error = 0.0019378662
Max relative error = 0.000005
Max pw relative error = 0.001923
PSNR = 116.912801, NRMSE= 1.4267896757027220039E-06
acEff=1.000000
compressionRatio = 2.414528
  ✓ Compression and decompression successful (ratio: 2.41x)

[45/60] Processing: SNOWHICE_1_1800_3600.dat

compression time=0.041323, total fastmode1 topology
compression size = 4087686, CR = 6.340996
done
decompression time=0.160538
done
Min=0, Max=0.66062295436859130859, range=0.66062295436859130859
Max absolute error = 0.0019169450
Max relative error = 0.002902
Max pw relative error = 0.001917
PSNR = 68.484829, NRMSE= 0.00037649443789699687905
acEff=0.999999
compressionRatio = 6.340996
  ✓ Compression and decompression successful (ratio: 6.34x)

[46/60] Processing: SOLIN_1_1800_3600.dat

compression time=0.044250, total fastmode1 topology
compression size = 7412029, CR = 3.497018
done
decompression time=0.158703
done
Min=0, Max=548.49273681640625, range=548.49273681640625
Max absolute error = 0.0013732910
Max relative error = 0.000003
Max pw relative error = 0.001000
PSNR = 120.108873, NRMSE= 9.8754371274565097104E-07
acEff=1.000000
compressionRatio = 3.497018
  ✓ Compression and decompression successful (ratio: 3.49x)

[47/60] Processing: SRFRAD_1_1800_3600.dat

compression time=1.489302, total fastmode1 topology
compression size = 11920582, CR = 2.174391
done
decompression time=0.188175
done
Min=112.9439239501953125, Max=713.7137451171875, range=600.76983642578125
Max absolute error = 0.0019531250
Max relative error = 0.000003
Max pw relative error = 0.000014
PSNR = 120.340123, NRMSE= 9.6159867300283945149E-07
acEff=1.000000
compressionRatio = 2.174390
  ✓ Compression and decompression successful (ratio: 2.17x)

[48/60] Processing: SWCF_1_1800_3600.dat

compression time=1.569885, total fastmode1 topology
compression size = 10600730, CR = 2.445115
done
decompression time=0.191903
done
Min=-200.759490966796875, Max=9.9914715974591672421E-05, range=200.7595977783203125
Max absolute error = 0.0019869804
Max relative error = 0.000010
Max pw relative error = 0.001760
PSNR = 111.396134, NRMSE= 2.692732929194635025E-06
acEff=1.000000
compressionRatio = 2.445115
  ✓ Compression and decompression successful (ratio: 2.44x)

[49/60] Processing: TAUX_1_1800_3600.dat

compression time=0.059528, total fastmode1 topology
compression size = 5693964, CR = 4.552189
done
decompression time=0.185746
done
Min=-1.4790518283843994141, Max=1.1800894737243652344, range=2.6591413021087646484
Max absolute error = 0.0019279271
Max relative error = 0.000725
Max pw relative error = 0.001928
PSNR = 73.278128, NRMSE= 0.00021681713761386532517
acEff=0.999991
compressionRatio = 4.552189
  ✓ Compression and decompression successful (ratio: 4.55x)

[50/60] Processing: TAUY_1_1800_3600.dat

compression time=0.058474, total fastmode1 topology
compression size = 5625758, CR = 4.607379
done
decompression time=0.183963
done
Min=-1.1452076435089111328, Max=1.2904068231582641602, range=2.4356145858764648438
Max absolute error = 0.0019518137
Max relative error = 0.000801
Max pw relative error = 0.001952
PSNR = 72.528334, NRMSE= 0.00023636507147163941583
acEff=0.999978
compressionRatio = 4.607379
  ✓ Compression and decompression successful (ratio: 4.60x)

[51/60] Processing: TGCLDIWP_1_1800_3600.dat

compression time=1.052460, total fastmode1 topology
compression size = 10739401, CR = 2.413543
done
decompression time=0.196637
done
Min=1.4108197943230038618E-09, Max=108.541107177734375, range=108.541107177734375
Max absolute error = 0.0019721985
Max relative error = 0.000018
Max pw relative error = 0.001933
PSNR = 105.481138, NRMSE= 5.3203856178874344535E-06
acEff=1.000000
compressionRatio = 2.413542
  ✓ Compression and decompression successful (ratio: 2.41x)

[52/60] Processing: TGCLDLWP_1_1800_3600.dat

compression time=1.156883, total fastmode1 topology
compression size = 12481168, CR = 2.076729
done
decompression time=0.182289
done
Min=0.00016882304043974727392, Max=693.2628173828125, range=693.26263427734375
Max absolute error = 0.0018844604
Max relative error = 0.000003
Max pw relative error = 0.001473
PSNR = 121.586122, NRMSE= 8.3309383291658089819E-07
acEff=1.000000
compressionRatio = 2.076729
  ✓ Compression and decompression successful (ratio: 2.07x)

[53/60] Processing: TMQ_1_1800_3600.dat

compression time=0.052943, total fastmode1 topology
compression size = 8198446, CR = 3.161575
done
decompression time=0.164557
done
Min=0.43145361542701721191, Max=55.315334320068359375, range=54.883880615234375
Max absolute error = 0.0018944740
Max relative error = 0.000035
Max pw relative error = 0.001279
PSNR = 99.560838, NRMSE= 1.0518603962335150762E-05
acEff=1.000000
compressionRatio = 3.161575
  ✓ Compression and decompression successful (ratio: 3.16x)

[54/60] Processing: TREFHT_1_1800_3600.dat

compression time=0.069986, total fastmode1 topology
compression size = 8513059, CR = 3.044734
done
decompression time=0.165390
done
Min=231.5278472900390625, Max=305.8504638671875, range=74.3226165771484375
Max absolute error = 0.0019226074
Max relative error = 0.000026
Max pw relative error = 0.000008
PSNR = 102.193744, NRMSE= 7.7680639376440645288E-06
acEff=1.000000
compressionRatio = 3.044734
  ✓ Compression and decompression successful (ratio: 3.04x)

[55/60] Processing: TREFMNAV_1_1800_3600.dat

compression time=0.108400, total fastmode1 topology
compression size = 8818800, CR = 2.939175
done
decompression time=0.165825
done
Min=227.771759033203125, Max=301.67401123046875, range=73.902252197265625
Max absolute error = 0.0019836426
Max relative error = 0.000027
Max pw relative error = 0.000008
PSNR = 102.138439, NRMSE= 7.8176824405074874668E-06
acEff=1.000000
compressionRatio = 2.939175
  ✓ Compression and decompression successful (ratio: 2.93x)

[56/60] Processing: TREFMXAV_1_1800_3600.dat

compression time=0.080086, total fastmode1 topology
compression size = 8616889, CR = 3.008046
done
decompression time=0.165144
done
Min=233.2447509765625, Max=313.71270751953125, range=80.46795654296875
Max absolute error = 0.0019073486
Max relative error = 0.000024
Max pw relative error = 0.000008
PSNR = 102.879766, NRMSE= 7.1781364442181376634E-06
acEff=1.000000
compressionRatio = 3.008046
  ✓ Compression and decompression successful (ratio: 3.00x)

[57/60] Processing: TROP_T_1_1800_3600.dat

compression time=0.073595, total fastmode1 topology
compression size = 7751636, CR = 3.343810
done
decompression time=0.169330
done
Min=185.6568450927734375, Max=218.2051239013671875, range=32.54827880859375
Max absolute error = 0.0019683838
Max relative error = 0.000060
Max pw relative error = 0.000010
PSNR = 95.024066, NRMSE= 1.7733591759967529518E-05
acEff=1.000000
compressionRatio = 3.343810
  ✓ Compression and decompression successful (ratio: 3.34x)

[58/60] Processing: TS_1_1800_3600.dat

compression time=0.107852, total fastmode1 topology
compression size = 8593377, CR = 3.016276
done
decompression time=0.165231
done
Min=228.4328460693359375, Max=308.9439697265625, range=80.5111236572265625
Max absolute error = 0.0019683838
Max relative error = 0.000024
Max pw relative error = 0.000008
PSNR = 102.883795, NRMSE= 7.174807050634206875E-06
acEff=1.000000
compressionRatio = 3.016276
  ✓ Compression and decompression successful (ratio: 3.01x)

[59/60] Processing: TSMN_1_1800_3600.dat

compression time=0.281100, total fastmode1 topology
compression size = 9043452, CR = 2.866162
done
decompression time=0.171143
done
Min=211.0350189208984375, Max=303.356781005859375, range=92.3217620849609375
Max absolute error = 0.0019531250
Max relative error = 0.000021
Max pw relative error = 0.000008
PSNR = 104.073536, NRMSE= 6.2563812729195768443E-06
acEff=1.000000
compressionRatio = 2.866162
  ✓ Compression and decompression successful (ratio: 2.86x)

[60/60] Processing: TSMX_1_1800_3600.dat

compression time=0.242178, total fastmode1 topology
compression size = 8647932, CR = 2.997248
done
decompression time=0.169496
done
Min=241.6193389892578125, Max=336.633941650390625, range=95.0146026611328125
Max absolute error = 0.0019836426
Max relative error = 0.000021
Max pw relative error = 0.000008
PSNR = 104.325471, NRMSE= 6.0775207489203531005E-06
acEff=1.000000
compressionRatio = 2.997248
  ✓ Compression and decompression successful (ratio: 2.99x)

=== Summary ===
Total files processed: 60
Total files skipped: 0
Total files failed: 0

