Input directory: ../../CESM-OCEAN-MODELS/4/log_normalized/
Output directory: ../../CESM-OCEAN-MODELS/4/log_normalized/topoSZp_30_thread/
Dimensions: 384x320 (122880 elements)
Error bound: 1E-3
Block size: 16

Found 54 .dat file(s) to process

[1/54] Processing: ADVS_1_384_320.dat

compression time=0.018264, total fastmode1 topology
compression size = 122000, CR = 4.028852
done
decompression time=0.007175
done
Min=0, Max=1, range=1
Max absolute error = 0.0009999275
Max relative error = 0.001000
Max pw relative error = 0.001000
PSNR = 65.252565, NRMSE= 0.00054622520265797255227
acEff=1.000000
compressionRatio = 4.028852
  ✓ Compression and decompression successful (ratio: 4.02x)

[2/54] Processing: ADVS_ISOP_1_384_320.dat

compression time=0.006570, total fastmode1 topology
compression size = 122292, CR = 4.019233
done
decompression time=0.006564
done
Min=0, Max=1, range=1
Max absolute error = 0.0009999275
Max relative error = 0.001000
Max pw relative error = 0.001000
PSNR = 65.252536, NRMSE= 0.00054622705046902873642
acEff=1.000000
compressionRatio = 4.019233
  ✓ Compression and decompression successful (ratio: 4.01x)

[3/54] Processing: ADVS_SUBM_1_384_320.dat

compression time=0.002899, total fastmode1 topology
compression size = 115790, CR = 4.244926
done
decompression time=0.005728
done
Min=0, Max=1, range=1
Max absolute error = 0.0009999275
Max relative error = 0.001000
Max pw relative error = 0.001000
PSNR = 65.252572, NRMSE= 0.00054622477561350722425
acEff=1.000000
compressionRatio = 4.244926
  ✓ Compression and decompression successful (ratio: 4.24x)

[4/54] Processing: ADVT_1_384_320.dat

compression time=0.007832, total fastmode1 topology
compression size = 143384, CR = 3.427998
done
decompression time=0.008445
done
Min=0, Max=1, range=1
Max absolute error = 0.0009999275
Max relative error = 0.001000
Max pw relative error = 0.001000
PSNR = 62.737686, NRMSE= 0.00072965184403827828587
acEff=1.000000
compressionRatio = 3.427998
  ✓ Compression and decompression successful (ratio: 3.42x)

[5/54] Processing: ADVT_ISOP_1_384_320.dat

compression time=0.008375, total fastmode1 topology
compression size = 168694, CR = 2.913678
done
decompression time=0.009113
done
Min=0, Max=1, range=1
Max absolute error = 0.0009999275
Max relative error = 0.001000
Max pw relative error = 0.001000
PSNR = 64.974404, NRMSE= 0.00056400092811407370741
acEff=1.000000
compressionRatio = 2.913678
  ✓ Compression and decompression successful (ratio: 2.91x)

[6/54] Processing: ADVT_SUBM_1_384_320.dat

compression time=0.006500, total fastmode1 topology
compression size = 136342, CR = 3.605052
done
decompression time=0.007729
done
Min=0, Max=1, range=1
Max absolute error = 0.0009999275
Max relative error = 0.001000
Max pw relative error = 0.001000
PSNR = 64.266260, NRMSE= 0.0006119092499972169372
acEff=1.000000
compressionRatio = 3.605052
  ✓ Compression and decompression successful (ratio: 3.60x)

[7/54] Processing: BSF_1_384_320.dat

compression time=0.003055, total fastmode1 topology
compression size = 128567, CR = 3.823065
done
decompression time=0.006594
done
Min=0, Max=1, range=1
Max absolute error = 0.0009999983
Max relative error = 0.001000
Max pw relative error = 0.001000
PSNR = 63.005888, NRMSE= 0.00070746604255039194017
acEff=1.000000
compressionRatio = 3.823065
  ✓ Compression and decompression successful (ratio: 3.82x)

[8/54] Processing: DIA_DEPTH_1_384_320.dat

compression time=0.002847, total fastmode1 topology
compression size = 136609, CR = 3.598006
done
decompression time=0.007090
done
Min=0, Max=1, range=1
Max absolute error = 0.0015748218
Max relative error = 0.001575
Max pw relative error = 0.001575
PSNR = 62.738176, NRMSE= 0.000729610673594586253
acEff=1.000000
compressionRatio = 3.598006
  ✓ Compression and decompression successful (ratio: 3.59x)

[9/54] Processing: dTEMP_NEG_2D_1_384_320.dat

compression time=0.007014, total fastmode1 topology
compression size = 159274, CR = 3.086003
done
decompression time=0.008218
done
Min=0, Max=1, range=1
Max absolute error = 0.0012827460
Max relative error = 0.001283
Max pw relative error = 0.001283
PSNR = 62.241097, NRMSE= 0.00077258298721211420435
acEff=1.000000
compressionRatio = 3.086003
  ✓ Compression and decompression successful (ratio: 3.08x)

[10/54] Processing: dTEMP_POS_2D_1_384_320.dat

compression time=0.006673, total fastmode1 topology
compression size = 163020, CR = 3.015090
done
decompression time=0.009048
done
Min=0, Max=1, range=1
Max absolute error = 0.0015253532
Max relative error = 0.001525
Max pw relative error = 0.001525
PSNR = 62.913884, NRMSE= 0.00071499961402436760897
acEff=1.000000
compressionRatio = 3.015090
  ✓ Compression and decompression successful (ratio: 3.01x)

[11/54] Processing: EVAP_F_1_384_320.dat

compression time=0.003264, total fastmode1 topology
compression size = 117610, CR = 4.179236
done
decompression time=0.006136
done
Min=0, Max=1, range=1
Max absolute error = 0.0009999275
Max relative error = 0.001000
Max pw relative error = 0.001000
PSNR = 65.252739, NRMSE= 0.00054621430932776050739
acEff=1.000000
compressionRatio = 4.179236
  ✓ Compression and decompression successful (ratio: 4.17x)

[12/54] Processing: FW_1_384_320.dat

compression time=0.002855, total fastmode1 topology
compression size = 115351, CR = 4.261081
done
decompression time=0.005365
done
Min=0, Max=1, range=1
Max absolute error = 0.0009999275
Max relative error = 0.001000
Max pw relative error = 0.001000
PSNR = 65.252569, NRMSE= 0.00054622494739052604874
acEff=1.000000
compressionRatio = 4.261081
  ✓ Compression and decompression successful (ratio: 4.26x)

[13/54] Processing: HBLT_1_384_320.dat

compression time=0.002949, total fastmode1 topology
compression size = 138075, CR = 3.559804
done
decompression time=0.006866
done
Min=0, Max=1, range=1
Max absolute error = 0.0011669472
Max relative error = 0.001167
Max pw relative error = 0.001167
PSNR = 62.734167, NRMSE= 0.00072994751700726165106
acEff=1.000000
compressionRatio = 3.559804
  ✓ Compression and decompression successful (ratio: 3.55x)

[14/54] Processing: HDIFS_1_384_320.dat

compression time=0.005276, total fastmode1 topology
compression size = 121545, CR = 4.043934
done
decompression time=0.007124
done
Min=0, Max=1, range=1
Max absolute error = 0.0009999275
Max relative error = 0.001000
Max pw relative error = 0.001000
PSNR = 65.252558, NRMSE= 0.00054622568015206672976
acEff=1.000000
compressionRatio = 4.043934
  ✓ Compression and decompression successful (ratio: 4.04x)

[15/54] Processing: HDIFT_1_384_320.dat

compression time=0.010673, total fastmode1 topology
compression size = 162152, CR = 3.031230
done
decompression time=0.008865
done
Min=0, Max=1, range=1
Max absolute error = 0.0010393858
Max relative error = 0.001039
Max pw relative error = 0.001039
PSNR = 62.887990, NRMSE= 0.00071713433835242064787
acEff=1.000000
compressionRatio = 3.031230
  ✓ Compression and decompression successful (ratio: 3.03x)

[16/54] Processing: HLS_SUBM_1_384_320.dat

compression time=0.002850, total fastmode1 topology
compression size = 134983, CR = 3.641347
done
decompression time=0.006531
done
Min=0, Max=1, range=1
Max absolute error = 0.0016840026
Max relative error = 0.001684
Max pw relative error = 0.001684
PSNR = 64.061439, NRMSE= 0.00062651007652925747634
acEff=1.000000
compressionRatio = 3.641347
  ✓ Compression and decompression successful (ratio: 3.64x)

[17/54] Processing: HMXL_1_384_320.dat

compression time=0.002783, total fastmode1 topology
compression size = 138790, CR = 3.541466
done
decompression time=0.006976
done
Min=0, Max=1, range=1
Max absolute error = 0.0015018582
Max relative error = 0.001502
Max pw relative error = 0.001502
PSNR = 62.741927, NRMSE= 0.00072929567610941522897
acEff=1.000000
compressionRatio = 3.541466
  ✓ Compression and decompression successful (ratio: 3.54x)

[18/54] Processing: IFRAC_1_384_320.dat

compression time=0.002591, total fastmode1 topology
compression size = 117458, CR = 4.184645
done
decompression time=0.005955
done
Min=0, Max=1, range=1
Max absolute error = 0.0010066517
Max relative error = 0.001007
Max pw relative error = 0.001007
PSNR = 64.819761, NRMSE= 0.00057413228269276349661
acEff=1.000000
compressionRatio = 4.184645
  ✓ Compression and decompression successful (ratio: 4.18x)

[19/54] Processing: INT_DEPTH_1_384_320.dat

compression time=0.003284, total fastmode1 topology
compression size = 137724, CR = 3.568877
done
decompression time=0.006887
done
Min=0, Max=1, range=1
Max absolute error = 0.0019206852
Max relative error = 0.001921
Max pw relative error = 0.001921
PSNR = 62.684222, NRMSE= 0.00073415695535857742725
acEff=1.000000
compressionRatio = 3.568877
  ✓ Compression and decompression successful (ratio: 3.56x)

[20/54] Processing: IOFF_F_1_384_320.dat

compression time=0.002592, total fastmode1 topology
compression size = 115706, CR = 4.248008
done
decompression time=0.006085
done
Min=0, Max=1, range=1
Max absolute error = 0.0009999275
Max relative error = 0.001000
Max pw relative error = 0.001000
PSNR = 65.252633, NRMSE= 0.00054622097697536447104
acEff=1.000000
compressionRatio = 4.248008
  ✓ Compression and decompression successful (ratio: 4.24x)

[21/54] Processing: LWDN_F_1_384_320.dat

compression time=0.003067, total fastmode1 topology
compression size = 126570, CR = 3.883385
done
decompression time=0.006859
done
Min=0, Max=1, range=1
Max absolute error = 0.0010050535
Max relative error = 0.001005
Max pw relative error = 0.001005
PSNR = 62.618254, NRMSE= 0.00073975394907782197809
acEff=1.000000
compressionRatio = 3.883385
  ✓ Compression and decompression successful (ratio: 3.88x)

[22/54] Processing: LWUP_F_1_384_320.dat

compression time=0.002794, total fastmode1 topology
compression size = 129746, CR = 3.788325
done
decompression time=0.006252
done
Min=0, Max=1, range=1
Max absolute error = 0.0010094345
Max relative error = 0.001009
Max pw relative error = 0.001009
PSNR = 62.693633, NRMSE= 0.00073336193289572060815
acEff=1.000000
compressionRatio = 3.788325
  ✓ Compression and decompression successful (ratio: 3.78x)

[23/54] Processing: MELT_F_1_384_320.dat

compression time=0.002813, total fastmode1 topology
compression size = 116047, CR = 4.235525
done
decompression time=0.005636
done
Min=0, Max=1, range=1
Max absolute error = 0.0009999275
Max relative error = 0.001000
Max pw relative error = 0.001000
PSNR = 65.252661, NRMSE= 0.00054621917735920991546
acEff=1.000000
compressionRatio = 4.235525
  ✓ Compression and decompression successful (ratio: 4.23x)

[24/54] Processing: MELTH_F_1_384_320.dat

compression time=0.002582, total fastmode1 topology
compression size = 117698, CR = 4.176112
done
decompression time=0.006203
done
Min=0, Max=1, range=1
Max absolute error = 0.0009999275
Max relative error = 0.001000
Max pw relative error = 0.001000
PSNR = 60.353535, NRMSE= 0.00096011500577126887134
acEff=1.000000
compressionRatio = 4.176112
  ✓ Compression and decompression successful (ratio: 4.17x)

[25/54] Processing: PREC_F_1_384_320.dat

compression time=0.002975, total fastmode1 topology
compression size = 117835, CR = 4.171257
done
decompression time=0.006006
done
Min=0, Max=1, range=1
Max absolute error = 0.0009999275
Max relative error = 0.001000
Max pw relative error = 0.001000
PSNR = 65.252683, NRMSE= 0.00054621781967220640278
acEff=1.000000
compressionRatio = 4.171256
  ✓ Compression and decompression successful (ratio: 4.17x)

[26/54] Processing: QFLUX_1_384_320.dat

compression time=0.003264, total fastmode1 topology
compression size = 117137, CR = 4.196112
done
decompression time=0.006002
done
Min=0, Max=1, range=1
Max absolute error = 0.0015906356
Max relative error = 0.001591
Max pw relative error = 0.001591
PSNR = 65.071973, NRMSE= 0.00055770092315271773808
acEff=1.000000
compressionRatio = 4.196112
  ✓ Compression and decompression successful (ratio: 4.19x)

[27/54] Processing: QSW_HBL_1_384_320.dat

compression time=0.003971, total fastmode1 topology
compression size = 137543, CR = 3.573573
done
decompression time=0.007915
done
Min=0, Max=1, range=1
Max absolute error = 0.0010054074
Max relative error = 0.001005
Max pw relative error = 0.001005
PSNR = 62.900408, NRMSE= 0.00071610975849787045309
acEff=1.000000
compressionRatio = 3.573573
  ✓ Compression and decompression successful (ratio: 3.57x)

[28/54] Processing: QSW_HTP_1_384_320.dat

compression time=0.004224, total fastmode1 topology
compression size = 139035, CR = 3.535225
done
decompression time=0.007737
done
Min=0, Max=1, range=1
Max absolute error = 0.0010485202
Max relative error = 0.001049
Max pw relative error = 0.001049
PSNR = 62.901374, NRMSE= 0.00071603011466555709259
acEff=1.000000
compressionRatio = 3.535225
  ✓ Compression and decompression successful (ratio: 3.53x)

[29/54] Processing: RESID_S_1_384_320.dat

compression time=0.002599, total fastmode1 topology
compression size = 115351, CR = 4.261081
done
decompression time=0.004794
done
Min=0, Max=1, range=1
Max absolute error = 0.0009999275
Max relative error = 0.001000
Max pw relative error = 0.001000
PSNR = 65.252569, NRMSE= 0.00054622494739052604874
acEff=1.000000
compressionRatio = 4.261081
  ✓ Compression and decompression successful (ratio: 4.26x)

[30/54] Processing: RESID_T_1_384_320.dat

compression time=0.002613, total fastmode1 topology
compression size = 115351, CR = 4.261081
done
decompression time=0.005311
done
Min=0, Max=1, range=1
Max absolute error = 0.0009999275
Max relative error = 0.001000
Max pw relative error = 0.001000
PSNR = 65.252569, NRMSE= 0.00054622494739052604874
acEff=1.000000
compressionRatio = 4.261081
  ✓ Compression and decompression successful (ratio: 4.26x)

[31/54] Processing: RHO_VINT_1_384_320.dat

compression time=0.003670, total fastmode1 topology
compression size = 149904, CR = 3.278898
done
decompression time=0.008091
done
Min=0, Max=1, range=1
Max absolute error = 0.0010081977
Max relative error = 0.001008
Max pw relative error = 0.001008
PSNR = 62.781013, NRMSE= 0.0007260212716691307475
acEff=1.000000
compressionRatio = 3.278898
  ✓ Compression and decompression successful (ratio: 3.27x)

[32/54] Processing: ROFF_F_1_384_320.dat

compression time=0.003207, total fastmode1 topology
compression size = 117802, CR = 4.172425
done
decompression time=0.006237
done
Min=0, Max=1, range=1
Max absolute error = 0.0009999275
Max relative error = 0.001000
Max pw relative error = 0.001000
PSNR = 65.252602, NRMSE= 0.00054622287184340103782
acEff=1.000000
compressionRatio = 4.172425
  ✓ Compression and decompression successful (ratio: 4.17x)

[33/54] Processing: SALT_F_1_384_320.dat

compression time=0.002728, total fastmode1 topology
compression size = 115431, CR = 4.258128
done
decompression time=0.006202
done
Min=0, Max=1, range=1
Max absolute error = 0.0009999275
Max relative error = 0.001000
Max pw relative error = 0.001000
PSNR = 65.252570, NRMSE= 0.00054622492281595591383
acEff=1.000000
compressionRatio = 4.258128
  ✓ Compression and decompression successful (ratio: 4.25x)

[34/54] Processing: SENH_F_1_384_320.dat

compression time=0.003663, total fastmode1 topology
compression size = 124864, CR = 3.936443
done
decompression time=0.006681
done
Min=0, Max=1, range=1
Max absolute error = 0.0010047406
Max relative error = 0.001005
Max pw relative error = 0.001005
PSNR = 62.366686, NRMSE= 0.00076149262845068299305
acEff=1.000000
compressionRatio = 3.936443
  ✓ Compression and decompression successful (ratio: 3.93x)

[35/54] Processing: SFWF_1_384_320.dat

compression time=0.004015, total fastmode1 topology
compression size = 121380, CR = 4.049431
done
decompression time=0.007322
done
Min=0, Max=1, range=1
Max absolute error = 0.0009999275
Max relative error = 0.001000
Max pw relative error = 0.001000
PSNR = 65.252921, NRMSE= 0.00054620282620742189456
acEff=1.000000
compressionRatio = 4.049432
  ✓ Compression and decompression successful (ratio: 4.04x)

[36/54] Processing: SFWF_WRST_1_384_320.dat

compression time=0.002560, total fastmode1 topology
compression size = 115351, CR = 4.261081
done
decompression time=0.005395
done
Min=0, Max=1, range=1
Max absolute error = 0.0009999275
Max relative error = 0.001000
Max pw relative error = 0.001000
PSNR = 65.252569, NRMSE= 0.00054622494739052604874
acEff=1.000000
compressionRatio = 4.261081
  ✓ Compression and decompression successful (ratio: 4.26x)

[37/54] Processing: SHF_1_384_320.dat

compression time=0.004113, total fastmode1 topology
compression size = 130895, CR = 3.755071
done
decompression time=0.007686
done
Min=0, Max=1, range=1
Max absolute error = 0.0010067075
Max relative error = 0.001007
Max pw relative error = 0.001007
PSNR = 62.672871, NRMSE= 0.00073511695204201831389
acEff=1.000000
compressionRatio = 3.755071
  ✓ Compression and decompression successful (ratio: 3.75x)

[38/54] Processing: SHF_QSW_1_384_320.dat

compression time=0.004953, total fastmode1 topology
compression size = 134334, CR = 3.658940
done
decompression time=0.007180
done
Min=0, Max=1, range=1
Max absolute error = 0.0010083169
Max relative error = 0.001008
Max pw relative error = 0.001008
PSNR = 62.919272, NRMSE= 0.00071455623664022150428
acEff=1.000000
compressionRatio = 3.658940
  ✓ Compression and decompression successful (ratio: 3.65x)

[39/54] Processing: SNOW_F_1_384_320.dat

compression time=0.002997, total fastmode1 topology
compression size = 115958, CR = 4.238776
done
decompression time=0.006065
done
Min=0, Max=1, range=1
Max absolute error = 0.0009999275
Max relative error = 0.001000
Max pw relative error = 0.001000
PSNR = 65.252583, NRMSE= 0.00054622406957704886833
acEff=1.000000
compressionRatio = 4.238776
  ✓ Compression and decompression successful (ratio: 4.23x)

[40/54] Processing: SSH_1_384_320.dat

compression time=0.004033, total fastmode1 topology
compression size = 143899, CR = 3.415729
done
decompression time=0.007752
done
Min=0, Max=1, range=1
Max absolute error = 0.0010056645
Max relative error = 0.001006
Max pw relative error = 0.001006
PSNR = 62.827087, NRMSE= 0.00072218030493370816755
acEff=1.000000
compressionRatio = 3.415729
  ✓ Compression and decompression successful (ratio: 3.41x)

[41/54] Processing: SSH2_1_384_320.dat

compression time=0.003588, total fastmode1 topology
compression size = 155134, CR = 3.168358
done
decompression time=0.007340
done
Min=0, Max=1, range=1
Max absolute error = 0.0018543787
Max relative error = 0.001854
Max pw relative error = 0.001854
PSNR = 62.742795, NRMSE= 0.00072922281172740324902
acEff=1.000000
compressionRatio = 3.168358
  ✓ Compression and decompression successful (ratio: 3.16x)

[42/54] Processing: SU_1_384_320.dat

compression time=0.006027, total fastmode1 topology
compression size = 151693, CR = 3.240229
done
decompression time=0.008704
done
Min=0, Max=1, range=1
Max absolute error = 0.0014354587
Max relative error = 0.001435
Max pw relative error = 0.001435
PSNR = 63.250078, NRMSE= 0.00068785372344856178777
acEff=1.000000
compressionRatio = 3.240229
  ✓ Compression and decompression successful (ratio: 3.24x)

[43/54] Processing: SV_1_384_320.dat

compression time=0.007377, total fastmode1 topology
compression size = 156014, CR = 3.150486
done
decompression time=0.007896
done
Min=0, Max=1, range=1
Max absolute error = 0.0014018118
Max relative error = 0.001402
Max pw relative error = 0.001402
PSNR = 64.105208, NRMSE= 0.00062336098137374604256
acEff=1.000000
compressionRatio = 3.150486
  ✓ Compression and decompression successful (ratio: 3.15x)

[44/54] Processing: TAUX_1_384_320.dat

compression time=0.003322, total fastmode1 topology
compression size = 121114, CR = 4.058325
done
decompression time=0.006383
done
Min=0, Max=1, range=1
Max absolute error = 0.0009999890
Max relative error = 0.001000
Max pw relative error = 0.001000
PSNR = 62.937480, NRMSE= 0.00071305989106800653568
acEff=1.000000
compressionRatio = 4.058325
  ✓ Compression and decompression successful (ratio: 4.05x)

[45/54] Processing: TAUX2_1_384_320.dat

compression time=0.003387, total fastmode1 topology
compression size = 133473, CR = 3.682543
done
decompression time=0.007054
done
Min=0, Max=1, range=1
Max absolute error = 0.0013061380
Max relative error = 0.001306
Max pw relative error = 0.001306
PSNR = 62.991514, NRMSE= 0.00070863780281556947374
acEff=1.000000
compressionRatio = 3.682543
  ✓ Compression and decompression successful (ratio: 3.68x)

[46/54] Processing: TAUY_1_384_320.dat

compression time=0.003117, total fastmode1 topology
compression size = 122352, CR = 4.017262
done
decompression time=0.006440
done
Min=0, Max=1, range=1
Max absolute error = 0.0010016263
Max relative error = 0.001002
Max pw relative error = 0.001002
PSNR = 62.954567, NRMSE= 0.00071165849570217136304
acEff=1.000000
compressionRatio = 4.017262
  ✓ Compression and decompression successful (ratio: 4.01x)

[47/54] Processing: TAUY2_1_384_320.dat

compression time=0.003408, total fastmode1 topology
compression size = 132249, CR = 3.716625
done
decompression time=0.007139
done
Min=0, Max=1, range=1
Max absolute error = 0.0014481400
Max relative error = 0.001448
Max pw relative error = 0.001448
PSNR = 63.120722, NRMSE= 0.00069817435894645586518
acEff=1.000000
compressionRatio = 3.716625
  ✓ Compression and decompression successful (ratio: 3.71x)

[48/54] Processing: TBLT_1_384_320.dat

compression time=0.004322, total fastmode1 topology
compression size = 165469, CR = 2.970466
done
decompression time=0.008916
done
Min=0, Max=1, range=1
Max absolute error = 0.0019330159
Max relative error = 0.001933
Max pw relative error = 0.001933
PSNR = 62.739013, NRMSE= 0.00072954037520784394567
acEff=1.000000
compressionRatio = 2.970466
  ✓ Compression and decompression successful (ratio: 2.97x)

[49/54] Processing: TFW_S_1_384_320.dat

compression time=0.003033, total fastmode1 topology
compression size = 115351, CR = 4.261081
done
decompression time=0.005698
done
Min=0, Max=1, range=1
Max absolute error = 0.0009999275
Max relative error = 0.001000
Max pw relative error = 0.001000
PSNR = 65.252569, NRMSE= 0.00054622494739052604874
acEff=1.000000
compressionRatio = 4.261081
  ✓ Compression and decompression successful (ratio: 4.26x)

[50/54] Processing: TFW_T_1_384_320.dat

compression time=0.002685, total fastmode1 topology
compression size = 115351, CR = 4.261081
done
decompression time=0.005508
done
Min=0, Max=1, range=1
Max absolute error = 0.0009999275
Max relative error = 0.001000
Max pw relative error = 0.001000
PSNR = 65.252569, NRMSE= 0.00054622494739052604874
acEff=1.000000
compressionRatio = 4.261081
  ✓ Compression and decompression successful (ratio: 4.26x)

[51/54] Processing: TLT_1_384_320.dat

compression time=0.008712, total fastmode1 topology
compression size = 182772, CR = 2.689252
done
decompression time=0.010536
done
Min=0, Max=1, range=1
Max absolute error = 0.0019542873
Max relative error = 0.001954
Max pw relative error = 0.001954
PSNR = 62.727974, NRMSE= 0.00073046815270150829841
acEff=1.000000
compressionRatio = 2.689252
  ✓ Compression and decompression successful (ratio: 2.68x)

[52/54] Processing: TMXL_1_384_320.dat

compression time=0.003712, total fastmode1 topology
compression size = 151771, CR = 3.238563
done
decompression time=0.007495
done
Min=0, Max=1, range=1
Max absolute error = 0.0018949658
Max relative error = 0.001895
Max pw relative error = 0.001895
PSNR = 62.914141, NRMSE= 0.00071497845672283350058
acEff=1.000000
compressionRatio = 3.238563
  ✓ Compression and decompression successful (ratio: 3.23x)

[53/54] Processing: XBLT_1_384_320.dat

compression time=0.003436, total fastmode1 topology
compression size = 139199, CR = 3.531060
done
decompression time=0.007497
done
Min=0, Max=1, range=1
Max absolute error = 0.0014233068
Max relative error = 0.001423
Max pw relative error = 0.001423
PSNR = 62.780157, NRMSE= 0.00072609286556278899126
acEff=1.000000
compressionRatio = 3.531060
  ✓ Compression and decompression successful (ratio: 3.53x)

[54/54] Processing: XMXL_1_384_320.dat

compression time=0.003266, total fastmode1 topology
compression size = 140963, CR = 3.486872
done
decompression time=0.007651
done
Min=0, Max=1, range=1
Max absolute error = 0.0017934814
Max relative error = 0.001793
Max pw relative error = 0.001793
PSNR = 62.704747, NRMSE= 0.00073242415806280131152
acEff=1.000000
compressionRatio = 3.486872
  ✓ Compression and decompression successful (ratio: 3.48x)

=== Summary ===
Total files processed: 54
Total files skipped: 0
Total files failed: 0

