Input directory: ../../CESM-CLIMATE-65G/4/log_normalized
Output directory: ../../CESM-CLIMATE-65G/4/log_normalized/topoSZp_1E-5
Dimensions: 768x1152 (884736 elements)
Error bound: 1E-5
Block size: 16

Found 90 .dat file(s) to process

[1/90] Processing: AEROD_v_1_768_1152.dat

compression time=0.152359, total fastmode1 topology
compression size = 1535834, CR = 2.304249
done
decompression time=0.037846
done
Min=0, Max=1, range=1
Max absolute error = 0.0000195652
Max relative error = 0.000020
Max pw relative error = 0.000020
PSNR = 104.769703, NRMSE= 5.774506005174788654E-06
acEff=1.000000
compressionRatio = 2.304249
  ✓ Compression and decompression successful (ratio: 2.30x)

[2/90] Processing: cb_ozone_c_1_768_1152.dat

compression time=0.009275, total fastmode1 topology
compression size = 1252176, CR = 2.826235
done
decompression time=0.022888
done
Min=0, Max=1, range=1
Max absolute error = 0.0000100136
Max relative error = 0.000010
Max pw relative error = 0.000010
PSNR = 104.759847, NRMSE= 5.7810624673645993185E-06
acEff=1.000000
compressionRatio = 2.826235
  ✓ Compression and decompression successful (ratio: 2.82x)

[3/90] Processing: cb_sulf_c_1_768_1152.dat

compression time=0.006120, total fastmode1 topology
compression size = 1150945, CR = 3.074816
done
decompression time=0.023554
done
Min=0, Max=1, range=1
Max absolute error = 0.0000100732
Max relative error = 0.000010
Max pw relative error = 0.000010
PSNR = 110.342016, NRMSE= 3.0401794821999819675E-06
acEff=1.000000
compressionRatio = 3.074816
  ✓ Compression and decompression successful (ratio: 3.07x)

[4/90] Processing: CLDHGH_1_768_1152.dat

compression time=1.973171, total fastmode1 topology
compression size = 1957365, CR = 1.808014
done
decompression time=0.049116
done
Min=0, Max=1, range=1
Max absolute error = 0.0000185370
Max relative error = 0.000019
Max pw relative error = 0.000019
PSNR = 104.788697, NRMSE= 5.7618922265802906407E-06
acEff=1.000000
compressionRatio = 1.808014
  ✓ Compression and decompression successful (ratio: 1.80x)

[5/90] Processing: CLDLOW_1_768_1152.dat

compression time=1.813997, total fastmode1 topology
compression size = 1854394, CR = 1.908410
done
decompression time=0.044773
done
Min=0, Max=1, range=1
Max absolute error = 0.0000193245
Max relative error = 0.000019
Max pw relative error = 0.000019
PSNR = 105.021579, NRMSE= 5.6094597322378733994E-06
acEff=1.000000
compressionRatio = 1.908410
  ✓ Compression and decompression successful (ratio: 1.90x)

[6/90] Processing: CLDMED_1_768_1152.dat

compression time=1.331139, total fastmode1 topology
compression size = 1828379, CR = 1.935564
done
decompression time=0.045162
done
Min=0, Max=1, range=1
Max absolute error = 0.0000184178
Max relative error = 0.000018
Max pw relative error = 0.000018
PSNR = 104.888837, NRMSE= 5.6958451448990755249E-06
acEff=1.000000
compressionRatio = 1.935564
  ✓ Compression and decompression successful (ratio: 1.93x)

[7/90] Processing: CLDTOT_1_768_1152.dat

compression time=2.033143, total fastmode1 topology
compression size = 1952703, CR = 1.812331
done
decompression time=0.084901
done
Min=0, Max=1, range=1
Max absolute error = 0.0000168085
Max relative error = 0.000017
Max pw relative error = 0.000017
PSNR = 104.786339, NRMSE= 5.7634567478230914279E-06
acEff=1.000000
compressionRatio = 1.812331
  ✓ Compression and decompression successful (ratio: 1.81x)

[8/90] Processing: FLDS_1_768_1152.dat

compression time=0.290521, total fastmode1 topology
compression size = 1494781, CR = 2.367533
done
decompression time=0.071883
done
Min=0, Max=1, range=1
Max absolute error = 0.0000197291
Max relative error = 0.000020
Max pw relative error = 0.000020
PSNR = 104.779171, NRMSE= 5.7682148416947779724E-06
acEff=1.000000
compressionRatio = 2.367533
  ✓ Compression and decompression successful (ratio: 2.36x)

[9/90] Processing: FLDSC_1_768_1152.dat

compression time=0.016989, total fastmode1 topology
compression size = 1345552, CR = 2.630106
done
decompression time=0.030225
done
Min=0, Max=1, range=1
Max absolute error = 0.0000199676
Max relative error = 0.000020
Max pw relative error = 0.000020
PSNR = 104.761908, NRMSE= 5.7796908814900883604E-06
acEff=1.000000
compressionRatio = 2.630106
  ✓ Compression and decompression successful (ratio: 2.63x)

[10/90] Processing: FLNS_1_768_1152.dat

compression time=0.661128, total fastmode1 topology
compression size = 1733577, CR = 2.041411
done
decompression time=0.044510
done
Min=0, Max=1, range=1
Max absolute error = 0.0000195503
Max relative error = 0.000020
Max pw relative error = 0.000020
PSNR = 104.775440, NRMSE= 5.7706936136999982881E-06
acEff=1.000000
compressionRatio = 2.041411
  ✓ Compression and decompression successful (ratio: 2.04x)

[11/90] Processing: FLNSC_1_768_1152.dat

compression time=0.534220, total fastmode1 topology
compression size = 1648945, CR = 2.146187
done
decompression time=0.040912
done
Min=0, Max=1, range=1
Max absolute error = 0.0000197291
Max relative error = 0.000020
Max pw relative error = 0.000020
PSNR = 104.771309, NRMSE= 5.7734387119315930842E-06
acEff=1.000000
compressionRatio = 2.146187
  ✓ Compression and decompression successful (ratio: 2.14x)

[12/90] Processing: FLNT_1_768_1152.dat

compression time=0.327940, total fastmode1 topology
compression size = 1561130, CR = 2.266912
done
decompression time=0.041836
done
Min=0, Max=1, range=1
Max absolute error = 0.0000194907
Max relative error = 0.000019
Max pw relative error = 0.000019
PSNR = 104.773421, NRMSE= 5.7720351631890134288E-06
acEff=1.000000
compressionRatio = 2.266912
  ✓ Compression and decompression successful (ratio: 2.26x)

[13/90] Processing: FLNTC_1_768_1152.dat

compression time=0.049219, total fastmode1 topology
compression size = 1344718, CR = 2.631737
done
decompression time=0.031941
done
Min=0, Max=1, range=1
Max absolute error = 0.0000194311
Max relative error = 0.000019
Max pw relative error = 0.000019
PSNR = 104.770270, NRMSE= 5.7741290665203294771E-06
acEff=1.000000
compressionRatio = 2.631737
  ✓ Compression and decompression successful (ratio: 2.63x)

[14/90] Processing: FLUT_1_768_1152.dat

compression time=0.291092, total fastmode1 topology
compression size = 1560610, CR = 2.267667
done
decompression time=0.079685
done
Min=0, Max=1, range=1
Max absolute error = 0.0000191927
Max relative error = 0.000019
Max pw relative error = 0.000019
PSNR = 104.785252, NRMSE= 5.764178333467332513E-06
acEff=1.000000
compressionRatio = 2.267667
  ✓ Compression and decompression successful (ratio: 2.26x)

[15/90] Processing: FLUTC_1_768_1152.dat

compression time=0.074723, total fastmode1 topology
compression size = 1344144, CR = 2.632861
done
decompression time=0.034592
done
Min=0, Max=1, range=1
Max absolute error = 0.0000194907
Max relative error = 0.000019
Max pw relative error = 0.000019
PSNR = 104.762455, NRMSE= 5.7793265943527735484E-06
acEff=1.000000
compressionRatio = 2.632861
  ✓ Compression and decompression successful (ratio: 2.63x)

[16/90] Processing: FREQSH_1_768_1152.dat

compression time=0.049500, total fastmode1 topology
compression size = 1899515, CR = 1.863078
done
decompression time=0.039613
done
Min=0, Max=1, range=1
Max absolute error = 0.0000100732
Max relative error = 0.000010
Max pw relative error = 0.000010
PSNR = 104.920830, NRMSE= 5.6749037686283991162E-06
acEff=1.000000
compressionRatio = 1.863078
  ✓ Compression and decompression successful (ratio: 1.86x)

[17/90] Processing: FREQZM_1_768_1152.dat

compression time=0.014910, total fastmode1 topology
compression size = 1509926, CR = 2.343786
done
decompression time=0.033121
done
Min=0, Max=1, range=1
Max absolute error = 0.0000100732
Max relative error = 0.000010
Max pw relative error = 0.000010
PSNR = 106.209789, NRMSE= 4.892271755226404998E-06
acEff=1.000000
compressionRatio = 2.343786
  ✓ Compression and decompression successful (ratio: 2.34x)

[18/90] Processing: FSDS_1_768_1152.dat

compression time=0.502845, total fastmode1 topology
compression size = 1630826, CR = 2.170032
done
decompression time=0.043827
done
Min=0, Max=1, range=1
Max absolute error = 0.0000197291
Max relative error = 0.000020
Max pw relative error = 0.000020
PSNR = 104.781612, NRMSE= 5.7665943591134341818E-06
acEff=1.000000
compressionRatio = 2.170032
  ✓ Compression and decompression successful (ratio: 2.17x)

[19/90] Processing: FSDSC_1_768_1152.dat

compression time=0.009423, total fastmode1 topology
compression size = 1170691, CR = 3.022953
done
decompression time=0.029428
done
Min=0, Max=1, range=1
Max absolute error = 0.0000180006
Max relative error = 0.000018
Max pw relative error = 0.000018
PSNR = 104.774560, NRMSE= 5.7712778589223520228E-06
acEff=1.000000
compressionRatio = 3.022953
  ✓ Compression and decompression successful (ratio: 3.02x)

[20/90] Processing: FSDTOA_1_768_1152.dat

compression time=0.004620, total fastmode1 topology
compression size = 845585, CR = 4.185202
done
decompression time=0.025299
done
Min=0, Max=1, range=1
Max absolute error = 0.0000100136
Max relative error = 0.000010
Max pw relative error = 0.000010
PSNR = 104.774521, NRMSE= 5.7713037618136883318E-06
acEff=1.000000
compressionRatio = 4.185202
  ✓ Compression and decompression successful (ratio: 4.18x)

[21/90] Processing: FSNS_1_768_1152.dat

compression time=0.726193, total fastmode1 topology
compression size = 1693222, CR = 2.090065
done
decompression time=0.042715
done
Min=0, Max=1, range=1
Max absolute error = 0.0000188351
Max relative error = 0.000019
Max pw relative error = 0.000019
PSNR = 104.769410, NRMSE= 5.7747012720668981485E-06
acEff=1.000000
compressionRatio = 2.090065
  ✓ Compression and decompression successful (ratio: 2.09x)

[22/90] Processing: FSNSC_1_768_1152.dat

compression time=0.050428, total fastmode1 topology
compression size = 1371871, CR = 2.579648
done
decompression time=0.062354
done
Min=0, Max=1, range=1
Max absolute error = 0.0000194907
Max relative error = 0.000019
Max pw relative error = 0.000019
PSNR = 104.772956, NRMSE= 5.7723442326286434256E-06
acEff=1.000000
compressionRatio = 2.579648
  ✓ Compression and decompression successful (ratio: 2.57x)

[23/90] Processing: FSNT_1_768_1152.dat

compression time=0.418278, total fastmode1 topology
compression size = 1590343, CR = 2.225271
done
decompression time=0.040760
done
Min=0, Max=1, range=1
Max absolute error = 0.0000197291
Max relative error = 0.000020
Max pw relative error = 0.000020
PSNR = 104.775044, NRMSE= 5.7709565840714365862E-06
acEff=1.000000
compressionRatio = 2.225271
  ✓ Compression and decompression successful (ratio: 2.22x)

[24/90] Processing: FSNTC_1_768_1152.dat

compression time=0.030082, total fastmode1 topology
compression size = 1265778, CR = 2.795865
done
decompression time=0.032065
done
Min=0, Max=1, range=1
Max absolute error = 0.0000191331
Max relative error = 0.000019
Max pw relative error = 0.000019
PSNR = 104.766664, NRMSE= 5.7765268265557757899E-06
acEff=1.000000
compressionRatio = 2.795865
  ✓ Compression and decompression successful (ratio: 2.79x)

[25/90] Processing: FSNTOA_1_768_1152.dat

compression time=0.286423, total fastmode1 topology
compression size = 1587258, CR = 2.229596
done
decompression time=0.044111
done
Min=0, Max=1, range=1
Max absolute error = 0.0000191927
Max relative error = 0.000019
Max pw relative error = 0.000019
PSNR = 104.780655, NRMSE= 5.7672295461167811221E-06
acEff=1.000000
compressionRatio = 2.229596
  ✓ Compression and decompression successful (ratio: 2.22x)

[26/90] Processing: FSNTOAC_1_768_1152.dat

compression time=0.024020, total fastmode1 topology
compression size = 1263804, CR = 2.800232
done
decompression time=0.067302
done
Min=0, Max=1, range=1
Max absolute error = 0.0000197887
Max relative error = 0.000020
Max pw relative error = 0.000020
PSNR = 104.769413, NRMSE= 5.7746988642874347701E-06
acEff=1.000000
compressionRatio = 2.800232
  ✓ Compression and decompression successful (ratio: 2.80x)

[27/90] Processing: FSUTOA_1_768_1152.dat

compression time=0.297106, total fastmode1 topology
compression size = 1705634, CR = 2.074856
done
decompression time=0.041045
done
Min=0, Max=1, range=1
Max absolute error = 0.0000193715
Max relative error = 0.000019
Max pw relative error = 0.000019
PSNR = 104.776954, NRMSE= 5.7696875186715944645E-06
acEff=1.000000
compressionRatio = 2.074855
  ✓ Compression and decompression successful (ratio: 2.07x)

[28/90] Processing: ICEFRAC_1_768_1152.dat

compression time=0.005268, total fastmode1 topology
compression size = 666083, CR = 5.313067
done
decompression time=0.025639
done
Min=0, Max=1, range=1
Max absolute error = 0.0000181198
Max relative error = 0.000018
Max pw relative error = 0.000018
PSNR = 113.387275, NRMSE= 2.1410964192888614838E-06
acEff=1.000000
compressionRatio = 5.313068
  ✓ Compression and decompression successful (ratio: 5.31x)

[29/90] Processing: LANDFRAC_1_768_1152.dat

compression time=0.003897, total fastmode1 topology
compression size = 700324, CR = 5.053295
done
decompression time=0.020331
done
Min=0, Max=1, range=1
Max absolute error = 0.0000100136
Max relative error = 0.000010
Max pw relative error = 0.000010
PSNR = 122.082471, NRMSE= 7.8682188198166787605E-07
acEff=1.000000
compressionRatio = 5.053295
  ✓ Compression and decompression successful (ratio: 5.05x)

[30/90] Processing: LHFLX_1_768_1152.dat

compression time=0.116073, total fastmode1 topology
compression size = 1707706, CR = 2.072338
done
decompression time=0.033596
done
Min=0, Max=1, range=1
Max absolute error = 0.0000195503
Max relative error = 0.000020
Max pw relative error = 0.000020
PSNR = 104.771662, NRMSE= 5.7732041592154542645E-06
acEff=1.000000
compressionRatio = 2.072338
  ✓ Compression and decompression successful (ratio: 2.07x)

[31/90] Processing: LWCF_1_768_1152.dat

compression time=0.930056, total fastmode1 topology
compression size = 1785317, CR = 1.982250
done
decompression time=0.044919
done
Min=0, Max=1, range=1
Max absolute error = 0.0000187755
Max relative error = 0.000019
Max pw relative error = 0.000019
PSNR = 104.773725, NRMSE= 5.7718330917079537618E-06
acEff=1.000000
compressionRatio = 1.982250
  ✓ Compression and decompression successful (ratio: 1.98x)

[32/90] Processing: MSKtem_1_768_1152.dat

compression time=0.013523, total fastmode1 topology
compression size = 1195590, CR = 2.959998
done
decompression time=0.026249
done
Min=0, Max=1, range=1
Max absolute error = 0.0000101328
Max relative error = 0.000010
Max pw relative error = 0.000010
PSNR = 106.514283, NRMSE= 4.7237383117008536286E-06
acEff=1.000000
compressionRatio = 2.959998
  ✓ Compression and decompression successful (ratio: 2.95x)

[33/90] Processing: OCNFRAC_1_768_1152.dat

compression time=0.006407, total fastmode1 topology
compression size = 847043, CR = 4.177998
done
decompression time=0.024981
done
Min=0, Max=1, range=1
Max absolute error = 0.0000141785
Max relative error = 0.000014
Max pw relative error = 0.000014
PSNR = 112.902126, NRMSE= 2.2640901059179254263E-06
acEff=1.000000
compressionRatio = 4.177998
  ✓ Compression and decompression successful (ratio: 4.17x)

[34/90] Processing: ODV_bcar1_1_768_1152.dat

compression time=0.009048, total fastmode1 topology
compression size = 973848, CR = 3.633980
done
decompression time=0.028288
done
Min=0, Max=1, range=1
Max absolute error = 0.0000145584
Max relative error = 0.000015
Max pw relative error = 0.000015
PSNR = 104.868847, NRMSE= 5.7089682894637958029E-06
acEff=1.000000
compressionRatio = 3.633980
  ✓ Compression and decompression successful (ratio: 3.63x)

[35/90] Processing: ODV_bcar2_1_768_1152.dat

compression time=0.010188, total fastmode1 topology
compression size = 1105341, CR = 3.201676
done
decompression time=0.026894
done
Min=0, Max=1, range=1
Max absolute error = 0.0000162125
Max relative error = 0.000016
Max pw relative error = 0.000016
PSNR = 104.732932, NRMSE= 5.7990037102847572217E-06
acEff=1.000000
compressionRatio = 3.201676
  ✓ Compression and decompression successful (ratio: 3.20x)

[36/90] Processing: ODV_dust1_1_768_1152.dat

compression time=0.009304, total fastmode1 topology
compression size = 936337, CR = 3.779562
done
decompression time=0.027740
done
Min=0, Max=1, range=1
Max absolute error = 0.0000183703
Max relative error = 0.000018
Max pw relative error = 0.000018
PSNR = 104.789738, NRMSE= 5.7612021930461342978E-06
acEff=1.000000
compressionRatio = 3.779562
  ✓ Compression and decompression successful (ratio: 3.77x)

[37/90] Processing: ODV_dust2_1_768_1152.dat

compression time=0.008998, total fastmode1 topology
compression size = 930366, CR = 3.803819
done
decompression time=0.026407
done
Min=0, Max=1, range=1
Max absolute error = 0.0000173897
Max relative error = 0.000017
Max pw relative error = 0.000017
PSNR = 104.760567, NRMSE= 5.7805830876663213589E-06
acEff=1.000000
compressionRatio = 3.803819
  ✓ Compression and decompression successful (ratio: 3.80x)

[38/90] Processing: ODV_dust3_1_768_1152.dat

compression time=0.007688, total fastmode1 topology
compression size = 891354, CR = 3.970301
done
decompression time=0.024613
done
Min=0, Max=1, range=1
Max absolute error = 0.0000173517
Max relative error = 0.000017
Max pw relative error = 0.000017
PSNR = 104.774738, NRMSE= 5.7711596543280985089E-06
acEff=1.000000
compressionRatio = 3.970301
  ✓ Compression and decompression successful (ratio: 3.97x)

[39/90] Processing: ODV_dust4_1_768_1152.dat

compression time=0.007427, total fastmode1 topology
compression size = 848694, CR = 4.169870
done
decompression time=0.027045
done
Min=0, Max=1, range=1
Max absolute error = 0.0000150790
Max relative error = 0.000015
Max pw relative error = 0.000015
PSNR = 104.791780, NRMSE= 5.7598477276199141022E-06
acEff=1.000000
compressionRatio = 4.169870
  ✓ Compression and decompression successful (ratio: 4.16x)

[40/90] Processing: ODV_ocar1_1_768_1152.dat

compression time=0.007120, total fastmode1 topology
compression size = 875696, CR = 4.041293
done
decompression time=0.026847
done
Min=0, Max=1, range=1
Max absolute error = 0.0000181067
Max relative error = 0.000018
Max pw relative error = 0.000018
PSNR = 105.059402, NRMSE= 5.5850862736593369828E-06
acEff=1.000000
compressionRatio = 4.041293
  ✓ Compression and decompression successful (ratio: 4.04x)

[41/90] Processing: ODV_ocar2_1_768_1152.dat

compression time=0.025544, total fastmode1 topology
compression size = 1231883, CR = 2.872792
done
decompression time=0.056571
done
Min=0, Max=1, range=1
Max absolute error = 0.0000190698
Max relative error = 0.000019
Max pw relative error = 0.000019
PSNR = 104.761624, NRMSE= 5.7798797925166764308E-06
acEff=1.000000
compressionRatio = 2.872792
  ✓ Compression and decompression successful (ratio: 2.87x)

[42/90] Processing: ODV_SSLTA_1_768_1152.dat

compression time=0.384048, total fastmode1 topology
compression size = 1633861, CR = 2.166001
done
decompression time=0.039054
done
Min=0, Max=1, range=1
Max absolute error = 0.0000176700
Max relative error = 0.000018
Max pw relative error = 0.000018
PSNR = 104.771281, NRMSE= 5.7734571232962593788E-06
acEff=1.000000
compressionRatio = 2.166001
  ✓ Compression and decompression successful (ratio: 2.16x)

[43/90] Processing: ODV_SSLTC_1_768_1152.dat

compression time=0.528886, total fastmode1 topology
compression size = 1640572, CR = 2.157140
done
decompression time=0.041091
done
Min=0, Max=1, range=1
Max absolute error = 0.0000166893
Max relative error = 0.000017
Max pw relative error = 0.000017
PSNR = 104.770408, NRMSE= 5.7740372193499649205E-06
acEff=1.000000
compressionRatio = 2.157140
  ✓ Compression and decompression successful (ratio: 2.15x)

[44/90] Processing: ODV_sulf_1_768_1152.dat

compression time=0.246144, total fastmode1 topology
compression size = 1525844, CR = 2.319335
done
decompression time=0.039636
done
Min=0, Max=1, range=1
Max absolute error = 0.0000189766
Max relative error = 0.000019
Max pw relative error = 0.000019
PSNR = 104.762140, NRMSE= 5.7795360420223925653E-06
acEff=1.000000
compressionRatio = 2.319335
  ✓ Compression and decompression successful (ratio: 2.31x)

[45/90] Processing: ODV_VOLC_MMR_1_768_1152.dat

compression time=0.005808, total fastmode1 topology
compression size = 905236, CR = 3.909416
done
decompression time=0.025777
done
Min=0, Max=1, range=1
Max absolute error = 0.0000101328
Max relative error = 0.000010
Max pw relative error = 0.000010
PSNR = 107.390334, NRMSE= 4.2705450379344685828E-06
acEff=1.000000
compressionRatio = 3.909416
  ✓ Compression and decompression successful (ratio: 3.90x)

[46/90] Processing: PBLH_1_768_1152.dat

compression time=0.306150, total fastmode1 topology
compression size = 1676839, CR = 2.110485
done
decompression time=0.078335
done
Min=0, Max=1, range=1
Max absolute error = 0.0000192523
Max relative error = 0.000019
Max pw relative error = 0.000019
PSNR = 104.772297, NRMSE= 5.7727819370060554777E-06
acEff=1.000000
compressionRatio = 2.110485
  ✓ Compression and decompression successful (ratio: 2.11x)

[47/90] Processing: PCONVB_1_768_1152.dat

compression time=0.017110, total fastmode1 topology
compression size = 1148401, CR = 3.081627
done
decompression time=0.035476
done
Min=0, Max=1, range=1
Max absolute error = 0.0000188947
Max relative error = 0.000019
Max pw relative error = 0.000019
PSNR = 104.791247, NRMSE= 5.7602013995014596207E-06
acEff=1.000000
compressionRatio = 3.081627
  ✓ Compression and decompression successful (ratio: 3.08x)

[48/90] Processing: PCONVT_1_768_1152.dat

compression time=0.089898, total fastmode1 topology
compression size = 1348511, CR = 2.624335
done
decompression time=0.035951
done
Min=0, Max=1, range=1
Max absolute error = 0.0000195503
Max relative error = 0.000020
Max pw relative error = 0.000020
PSNR = 104.792334, NRMSE= 5.759480473685864894E-06
acEff=1.000000
compressionRatio = 2.624335
  ✓ Compression and decompression successful (ratio: 2.62x)

[49/90] Processing: PHIS_1_768_1152.dat

compression time=0.013156, total fastmode1 topology
compression size = 1033336, CR = 3.424776
done
decompression time=0.027001
done
Min=0, Max=1, range=1
Max absolute error = 0.0000156760
Max relative error = 0.000016
Max pw relative error = 0.000016
PSNR = 102.028983, NRMSE= 7.916821122981541271E-06
acEff=1.000000
compressionRatio = 3.424776
  ✓ Compression and decompression successful (ratio: 3.42x)

[50/90] Processing: PRECC_1_768_1152.dat

compression time=0.003991, total fastmode1 topology
compression size = 572957, CR = 6.176631
done
decompression time=0.018676
done
Min=0, Max=1, range=1
Max absolute error = 0.0000000596
Max relative error = 0.000000
Max pw relative error = 0.000000
PSNR = 160.403042, NRMSE= 9.5465821897897658081E-09
acEff=1.000000
compressionRatio = 6.176631
  ✓ Compression and decompression successful (ratio: 6.17x)

[51/90] Processing: PRECCDZM_1_768_1152.dat

compression time=0.004855, total fastmode1 topology
compression size = 562625, CR = 6.290058
done
decompression time=0.020512
done
Min=0, Max=1, range=1
Max absolute error = 0.0000000000
Max relative error = 0.000000
Max pw relative error = 0.000000
PSNR = inf, NRMSE= 0
acEff=1.000000
compressionRatio = 6.290058
  ✓ Compression and decompression successful (ratio: 6.29x)

[52/90] Processing: PRECL_1_768_1152.dat

compression time=0.004635, total fastmode1 topology
compression size = 649483, CR = 5.448863
done
decompression time=0.020082
done
Min=0, Max=1, range=1
Max absolute error = 0.0000086427
Max relative error = 0.000009
Max pw relative error = 0.000009
PSNR = 117.066492, NRMSE= 1.4017655516739050701E-06
acEff=1.000000
compressionRatio = 5.448863
  ✓ Compression and decompression successful (ratio: 5.44x)

[53/90] Processing: PRECSC_1_768_1152.dat
Error: No critical points found!
  ✗ Compression failed

[54/90] Processing: PRECSH_1_768_1152.dat
Error: No critical points found!
  ✗ Compression failed

[55/90] Processing: PRECSL_1_768_1152.dat

compression time=0.003634, total fastmode1 topology
compression size = 502247, CR = 7.046222
done
decompression time=0.021582
done
Min=0, Max=1, range=1
Max absolute error = 0.0000000596
Max relative error = 0.000000
Max pw relative error = 0.000000
PSNR = 178.596950, NRMSE= 1.1753101203591197027E-09
acEff=1.000000
compressionRatio = 7.046222
  ✓ Compression and decompression successful (ratio: 7.04x)

[56/90] Processing: PRECT_1_768_1152.dat

compression time=0.005680, total fastmode1 topology
compression size = 725280, CR = 4.879417
done
decompression time=0.019993
done
Min=0, Max=1, range=1
Max absolute error = 0.0000090003
Max relative error = 0.000009
Max pw relative error = 0.000009
PSNR = 127.504682, NRMSE= 4.2146927157798635571E-07
acEff=1.000000
compressionRatio = 4.879418
  ✓ Compression and decompression successful (ratio: 4.87x)

[57/90] Processing: PS_1_768_1152.dat

compression time=0.008955, total fastmode1 topology
compression size = 1041222, CR = 3.398837
done
decompression time=0.028651
done
Min=0, Max=1, range=1
Max absolute error = 0.0000196099
Max relative error = 0.000020
Max pw relative error = 0.000020
PSNR = 104.761128, NRMSE= 5.7802096684985340212E-06
acEff=1.000000
compressionRatio = 3.398837
  ✓ Compression and decompression successful (ratio: 3.39x)

[58/90] Processing: PSL_1_768_1152.dat

compression time=0.009556, total fastmode1 topology
compression size = 1195202, CR = 2.960959
done
decompression time=0.029265
done
Min=0, Max=1, range=1
Max absolute error = 0.0000189543
Max relative error = 0.000019
Max pw relative error = 0.000019
PSNR = 104.778434, NRMSE= 5.7687048000890477016E-06
acEff=1.000000
compressionRatio = 2.960959
  ✓ Compression and decompression successful (ratio: 2.96x)

[59/90] Processing: QFLX_1_768_1152.dat

compression time=0.008227, total fastmode1 topology
compression size = 1610179, CR = 2.197858
done
decompression time=0.028210
done
Min=0, Max=1, range=1
Max absolute error = 0.0000100136
Max relative error = 0.000010
Max pw relative error = 0.000010
PSNR = 105.050660, NRMSE= 5.5907105291951285172E-06
acEff=1.000000
compressionRatio = 2.197858
  ✓ Compression and decompression successful (ratio: 2.19x)

[60/90] Processing: QREFHT_1_768_1152.dat

compression time=0.017502, total fastmode1 topology
compression size = 1516019, CR = 2.334367
done
decompression time=0.029430
done
Min=0, Max=1, range=1
Max absolute error = 0.0000146925
Max relative error = 0.000015
Max pw relative error = 0.000015
PSNR = 104.773782, NRMSE= 5.7717947455229982138E-06
acEff=1.000000
compressionRatio = 2.334367
  ✓ Compression and decompression successful (ratio: 2.33x)

[61/90] Processing: RHREFHT_1_768_1152.dat

compression time=0.156985, total fastmode1 topology
compression size = 1531057, CR = 2.311438
done
decompression time=0.037215
done
Min=0, Max=1, range=1
Max absolute error = 0.0000197887
Max relative error = 0.000020
Max pw relative error = 0.000020
PSNR = 104.736788, NRMSE= 5.7964302780369205052E-06
acEff=1.000000
compressionRatio = 2.311438
  ✓ Compression and decompression successful (ratio: 2.31x)

[62/90] Processing: SFCLDICE_1_768_1152.dat
Error: No critical points found!
  ✗ Compression failed

[63/90] Processing: SFCLDLIQ_1_768_1152.dat
Error: No critical points found!
  ✗ Compression failed

[64/90] Processing: SHFLX_1_768_1152.dat

compression time=0.051492, total fastmode1 topology
compression size = 1563459, CR = 2.263535
done
decompression time=0.033721
done
Min=0, Max=1, range=1
Max absolute error = 0.0000198483
Max relative error = 0.000020
Max pw relative error = 0.000020
PSNR = 104.766289, NRMSE= 5.7767760747390317294E-06
acEff=1.000000
compressionRatio = 2.263535
  ✓ Compression and decompression successful (ratio: 2.26x)

[65/90] Processing: SNOWHICE_1_768_1152.dat

compression time=0.004837, total fastmode1 topology
compression size = 636359, CR = 5.561238
done
decompression time=0.024461
done
Min=0, Max=1, range=1
Max absolute error = 0.0000153519
Max relative error = 0.000015
Max pw relative error = 0.000015
PSNR = 113.365668, NRMSE= 2.1464293131589675766E-06
acEff=1.000000
compressionRatio = 5.561238
  ✓ Compression and decompression successful (ratio: 5.56x)

[66/90] Processing: SNOWHLND_1_768_1152.dat

compression time=0.018482, total fastmode1 topology
compression size = 654109, CR = 5.410327
done
decompression time=0.029743
done
Min=0, Max=1, range=1
Max absolute error = 0.0000190139
Max relative error = 0.000019
Max pw relative error = 0.000019
PSNR = 113.363763, NRMSE= 2.1469001248267602333E-06
acEff=1.000000
compressionRatio = 5.410328
  ✓ Compression and decompression successful (ratio: 5.41x)

[67/90] Processing: SOLIN_1_768_1152.dat

compression time=0.005845, total fastmode1 topology
compression size = 845585, CR = 4.185202
done
decompression time=0.024942
done
Min=0, Max=1, range=1
Max absolute error = 0.0000100136
Max relative error = 0.000010
Max pw relative error = 0.000010
PSNR = 104.774521, NRMSE= 5.7713037618136883318E-06
acEff=1.000000
compressionRatio = 4.185202
  ✓ Compression and decompression successful (ratio: 4.18x)

[68/90] Processing: SRFRAD_1_768_1152.dat

compression time=0.303096, total fastmode1 topology
compression size = 1525611, CR = 2.319690
done
decompression time=0.039438
done
Min=0, Max=1, range=1
Max absolute error = 0.0000193715
Max relative error = 0.000019
Max pw relative error = 0.000019
PSNR = 104.783808, NRMSE= 5.7651363288082089147E-06
acEff=1.000000
compressionRatio = 2.319690
  ✓ Compression and decompression successful (ratio: 2.31x)

[69/90] Processing: SWCF_1_768_1152.dat

compression time=0.152674, total fastmode1 topology
compression size = 1548468, CR = 2.285449
done
decompression time=0.084273
done
Min=0, Max=1, range=1
Max absolute error = 0.0000196695
Max relative error = 0.000020
Max pw relative error = 0.000020
PSNR = 104.817364, NRMSE= 5.7429070678284753156E-06
acEff=1.000000
compressionRatio = 2.285449
  ✓ Compression and decompression successful (ratio: 2.28x)

[70/90] Processing: TAUX_1_768_1152.dat

compression time=0.017071, total fastmode1 topology
compression size = 1417154, CR = 2.497219
done
decompression time=0.030938
done
Min=0, Max=1, range=1
Max absolute error = 0.0000193119
Max relative error = 0.000019
Max pw relative error = 0.000019
PSNR = 104.769060, NRMSE= 5.7749335894141069428E-06
acEff=1.000000
compressionRatio = 2.497219
  ✓ Compression and decompression successful (ratio: 2.49x)

[71/90] Processing: TAUY_1_768_1152.dat

compression time=0.016049, total fastmode1 topology
compression size = 1487529, CR = 2.379076
done
decompression time=0.031250
done
Min=0, Max=1, range=1
Max absolute error = 0.0000198483
Max relative error = 0.000020
Max pw relative error = 0.000020
PSNR = 104.761622, NRMSE= 5.7798807384668275265E-06
acEff=1.000000
compressionRatio = 2.379076
  ✓ Compression and decompression successful (ratio: 2.37x)

[72/90] Processing: TGCLDIWP_1_768_1152.dat

compression time=0.384335, total fastmode1 topology
compression size = 1790322, CR = 1.976708
done
decompression time=0.041195
done
Min=0, Max=1, range=1
Max absolute error = 0.0000187755
Max relative error = 0.000019
Max pw relative error = 0.000019
PSNR = 104.765495, NRMSE= 5.7773046808500108773E-06
acEff=1.000000
compressionRatio = 1.976708
  ✓ Compression and decompression successful (ratio: 1.97x)

[73/90] Processing: TGCLDLWP_1_768_1152.dat

compression time=0.494120, total fastmode1 topology
compression size = 1761325, CR = 2.009251
done
decompression time=0.039597
done
Min=0, Max=1, range=1
Max absolute error = 0.0000199676
Max relative error = 0.000020
Max pw relative error = 0.000020
PSNR = 104.763321, NRMSE= 5.778750664298785175E-06
acEff=1.000000
compressionRatio = 2.009251
  ✓ Compression and decompression successful (ratio: 2.00x)

[74/90] Processing: TH2d_1_768_1152.dat

compression time=0.006507, total fastmode1 topology
compression size = 535554, CR = 6.608006
done
decompression time=0.026055
done
Min=0, Max=1, range=1
Max absolute error = 0.0000099987
Max relative error = 0.000010
Max pw relative error = 0.000010
PSNR = 121.121141, NRMSE= 8.7890705602768224235E-07
acEff=1.000000
compressionRatio = 6.608006
  ✓ Compression and decompression successful (ratio: 6.60x)

[75/90] Processing: TMQ_1_768_1152.dat

compression time=0.013166, total fastmode1 topology
compression size = 1460260, CR = 2.423503
done
decompression time=0.028257
done
Min=0, Max=1, range=1
Max absolute error = 0.0000199080
Max relative error = 0.000020
Max pw relative error = 0.000020
PSNR = 104.762235, NRMSE= 5.7794728659461108475E-06
acEff=1.000000
compressionRatio = 2.423503
  ✓ Compression and decompression successful (ratio: 2.42x)

[76/90] Processing: TREFHT_1_768_1152.dat

compression time=0.015795, total fastmode1 topology
compression size = 1328875, CR = 2.663113
done
decompression time=0.029972
done
Min=0, Max=1, range=1
Max absolute error = 0.0000196695
Max relative error = 0.000020
Max pw relative error = 0.000020
PSNR = 104.780401, NRMSE= 5.7673985748686239794E-06
acEff=1.000000
compressionRatio = 2.663113
  ✓ Compression and decompression successful (ratio: 2.66x)

[77/90] Processing: TREFMNAV_1_768_1152.dat

compression time=0.080449, total fastmode1 topology
compression size = 1393258, CR = 2.540049
done
decompression time=0.034006
done
Min=0, Max=1, range=1
Max absolute error = 0.0000196099
Max relative error = 0.000020
Max pw relative error = 0.000020
PSNR = 104.742032, NRMSE= 5.7929314016473880549E-06
acEff=1.000000
compressionRatio = 2.540049
  ✓ Compression and decompression successful (ratio: 2.54x)

[78/90] Processing: TREFMXAV_1_768_1152.dat

compression time=0.022483, total fastmode1 topology
compression size = 1373617, CR = 2.576369
done
decompression time=0.033781
done
Min=0, Max=1, range=1
Max absolute error = 0.0000199676
Max relative error = 0.000020
Max pw relative error = 0.000020
PSNR = 104.774162, NRMSE= 5.7715424692446827586E-06
acEff=1.000000
compressionRatio = 2.576369
  ✓ Compression and decompression successful (ratio: 2.57x)

[79/90] Processing: TROP_P_1_768_1152.dat

compression time=0.019391, total fastmode1 topology
compression size = 1308539, CR = 2.704500
done
decompression time=0.030496
done
Min=0, Max=1, range=1
Max absolute error = 0.0000188351
Max relative error = 0.000019
Max pw relative error = 0.000019
PSNR = 104.757627, NRMSE= 5.7825397997291498522E-06
acEff=1.000000
compressionRatio = 2.704500
  ✓ Compression and decompression successful (ratio: 2.70x)

[80/90] Processing: TROP_T_1_768_1152.dat

compression time=0.013486, total fastmode1 topology
compression size = 1370399, CR = 2.582419
done
decompression time=0.029746
done
Min=0, Max=1, range=1
Max absolute error = 0.0000191331
Max relative error = 0.000019
Max pw relative error = 0.000019
PSNR = 104.767078, NRMSE= 5.7762517286804430464E-06
acEff=1.000000
compressionRatio = 2.582419
  ✓ Compression and decompression successful (ratio: 2.58x)

[81/90] Processing: TROP_Z_1_768_1152.dat

compression time=0.012214, total fastmode1 topology
compression size = 1247765, CR = 2.836226
done
decompression time=0.029471
done
Min=0, Max=1, range=1
Max absolute error = 0.0000195503
Max relative error = 0.000020
Max pw relative error = 0.000020
PSNR = 104.756880, NRMSE= 5.7830374748512915477E-06
acEff=1.000000
compressionRatio = 2.836226
  ✓ Compression and decompression successful (ratio: 2.83x)

[82/90] Processing: TS_1_768_1152.dat

compression time=0.017047, total fastmode1 topology
compression size = 1353274, CR = 2.615098
done
decompression time=0.030501
done
Min=0, Max=1, range=1
Max absolute error = 0.0000194907
Max relative error = 0.000019
Max pw relative error = 0.000019
PSNR = 104.776831, NRMSE= 5.7697695600743423026E-06
acEff=1.000000
compressionRatio = 2.615098
  ✓ Compression and decompression successful (ratio: 2.61x)

[83/90] Processing: TSMN_1_768_1152.dat

compression time=0.089392, total fastmode1 topology
compression size = 1430738, CR = 2.473510
done
decompression time=0.033810
done
Min=0, Max=1, range=1
Max absolute error = 0.0000194907
Max relative error = 0.000019
Max pw relative error = 0.000019
PSNR = 104.760095, NRMSE= 5.7808969510454031373E-06
acEff=1.000000
compressionRatio = 2.473509
  ✓ Compression and decompression successful (ratio: 2.47x)

[84/90] Processing: TSMX_1_768_1152.dat

compression time=0.045749, total fastmode1 topology
compression size = 1416854, CR = 2.497748
done
decompression time=0.032457
done
Min=0, Max=1, range=1
Max absolute error = 0.0000194311
Max relative error = 0.000019
Max pw relative error = 0.000019
PSNR = 104.770887, NRMSE= 5.7737192783599561099E-06
acEff=1.000000
compressionRatio = 2.497748
  ✓ Compression and decompression successful (ratio: 2.49x)

[85/90] Processing: U2d_1_768_1152.dat

compression time=0.004786, total fastmode1 topology
compression size = 529610, CR = 6.682170
done
decompression time=0.025771
done
Min=0, Max=1, range=1
Max absolute error = 0.0000177771
Max relative error = 0.000018
Max pw relative error = 0.000018
PSNR = 103.516853, NRMSE= 6.6704841638140682902E-06
acEff=1.000000
compressionRatio = 6.682170
  ✓ Compression and decompression successful (ratio: 6.68x)

[86/90] Processing: UV2d_1_768_1152.dat

compression time=0.003926, total fastmode1 topology
compression size = 525520, CR = 6.734176
done
decompression time=0.025466
done
Min=0, Max=1, range=1
Max absolute error = 0.0000186116
Max relative error = 0.000019
Max pw relative error = 0.000019
PSNR = 114.488343, NRMSE= 1.886178746906403839E-06
acEff=1.000000
compressionRatio = 6.734176
  ✓ Compression and decompression successful (ratio: 6.73x)

[87/90] Processing: UW2d_1_768_1152.dat

compression time=0.004337, total fastmode1 topology
compression size = 522218, CR = 6.776756
done
decompression time=0.023993
done
Min=0, Max=1, range=1
Max absolute error = 0.0000184297
Max relative error = 0.000018
Max pw relative error = 0.000018
PSNR = 100.264103, NRMSE= 9.7005163241564970112E-06
acEff=1.000000
compressionRatio = 6.776756
  ✓ Compression and decompression successful (ratio: 6.77x)

[88/90] Processing: V2d_1_768_1152.dat

compression time=0.003891, total fastmode1 topology
compression size = 529198, CR = 6.687372
done
decompression time=0.024692
done
Min=0, Max=1, range=1
Max absolute error = 0.0000188835
Max relative error = 0.000019
Max pw relative error = 0.000019
PSNR = 106.115209, NRMSE= 4.9458342588461161514E-06
acEff=1.000000
compressionRatio = 6.687372
  ✓ Compression and decompression successful (ratio: 6.68x)

[89/90] Processing: VTH2d_1_768_1152.dat

compression time=0.005459, total fastmode1 topology
compression size = 524593, CR = 6.746076
done
decompression time=0.025582
done
Min=0, Max=1, range=1
Max absolute error = 0.0000192598
Max relative error = 0.000019
Max pw relative error = 0.000019
PSNR = 105.801503, NRMSE= 5.127726623686635993E-06
acEff=1.000000
compressionRatio = 6.746076
  ✓ Compression and decompression successful (ratio: 6.74x)

[90/90] Processing: W2d_1_768_1152.dat

compression time=0.004880, total fastmode1 topology
compression size = 515226, CR = 6.868721
done
decompression time=0.025819
done
Min=0, Max=1, range=1
Max absolute error = 0.0000873208
Max relative error = 0.000087
Max pw relative error = 0.000087
PSNR = 102.312072, NRMSE= 7.6629575493641633984E-06
acEff=1.000000
compressionRatio = 6.868722
  ✓ Compression and decompression successful (ratio: 6.86x)

=== Summary ===
Total files processed: 86
Total files skipped: 0
Total files failed: 4

