Input directory: ../../CESM-OCEAN-MODELS/4/log_normalized
Output directory: ../../CESM-OCEAN-MODELS/4/log_normalized/tthresh_1E-8
Dimensions: 384x320
Error bound: 0.00000001

Found 54 .dat file(s) to process

[1/54] Processing: ADVS_1_384_320.dat
oldbits = 3932160, newbits = 3899408, compressionratio = 1.0084, bpv = 31.7335
Total compression time: 447.067ms
eps = 2.16899e-06, rmse = 1.18484e-06, psnr = 112.506
Total decompression time: 43.107ms
Total time: 490.211ms
  ✓ Compression successful (ratio: 1.00x)

[2/54] Processing: ADVS_ISOP_1_384_320.dat
oldbits = 3932160, newbits = 3899408, compressionratio = 1.0084, bpv = 31.7335
Total compression time: 443.228ms
eps = 2.16864e-06, rmse = 1.18465e-06, psnr = 112.508
Total decompression time: 43.281ms
Total time: 486.545ms
  ✓ Compression successful (ratio: 1.00x)

[3/54] Processing: ADVS_SUBM_1_384_320.dat
oldbits = 3932160, newbits = 3899408, compressionratio = 1.0084, bpv = 31.7335
Total compression time: 446.691ms
eps = 2.16794e-06, rmse = 1.18427e-06, psnr = 112.51
Total decompression time: 46.549ms
Total time: 493.277ms
  ✓ Compression successful (ratio: 1.00x)

[4/54] Processing: ADVT_1_384_320.dat
oldbits = 3932160, newbits = 3995664, compressionratio = 0.984107, bpv = 32.5168
Total compression time: 451.663ms
eps = 2.25242e-06, rmse = 1.23042e-06, psnr = 112.178
Total decompression time: 47.726ms
Total time: 499.426ms
  ✓ Compression successful (ratio: .98x)

[5/54] Processing: ADVT_ISOP_1_384_320.dat
oldbits = 3932160, newbits = 3995024, compressionratio = 0.984264, bpv = 32.5116
Total compression time: 461.47ms
eps = 2.24816e-06, rmse = 1.22809e-06, psnr = 112.195
Total decompression time: 45.364ms
Total time: 506.871ms
  ✓ Compression successful (ratio: .98x)

[6/54] Processing: ADVT_SUBM_1_384_320.dat
oldbits = 3932160, newbits = 3997072, compressionratio = 0.98376, bpv = 32.5283
Total compression time: 460.76ms
eps = 2.17377e-06, rmse = 1.18745e-06, psnr = 112.487
Total decompression time: 45.892ms
Total time: 506.684ms
  ✓ Compression successful (ratio: .98x)

[7/54] Processing: BSF_1_384_320.dat
oldbits = 3932160, newbits = 3951248, compressionratio = 0.995169, bpv = 32.1553
Total compression time: 456.576ms
eps = 2.3052e-06, rmse = 1.21018e-06, psnr = 112.322
Total decompression time: 45.436ms
Total time: 502.047ms
  ✓ Compression successful (ratio: .99x)

[8/54] Processing: DIA_DEPTH_1_384_320.dat
oldbits = 3932160, newbits = 4099024, compressionratio = 0.959292, bpv = 33.3579
Total compression time: 449.056ms
eps = 1.36064e-06, rmse = 7.5135e-07, psnr = 116.463
Total decompression time: 45.874ms
Total time: 494.964ms
  ✓ Compression successful (ratio: .95x)

[9/54] Processing: dTEMP_NEG_2D_1_384_320.dat
oldbits = 3932160, newbits = 3994896, compressionratio = 0.984296, bpv = 32.5105
Total compression time: 457.351ms
eps = 2.23105e-06, rmse = 1.21894e-06, psnr = 112.26
Total decompression time: 59.679ms
Total time: 517.084ms
  ✓ Compression successful (ratio: .98x)

[10/54] Processing: dTEMP_POS_2D_1_384_320.dat
oldbits = 3932160, newbits = 3998224, compressionratio = 0.983477, bpv = 32.5376
Total compression time: 450.398ms
eps = 2.22122e-06, rmse = 1.21338e-06, psnr = 112.299
Total decompression time: 45.533ms
Total time: 496.009ms
  ✓ Compression successful (ratio: .98x)

[11/54] Processing: EVAP_F_1_384_320.dat
oldbits = 3932160, newbits = 3899472, compressionratio = 1.00838, bpv = 31.734
Total compression time: 598.653ms
eps = 2.17074e-06, rmse = 1.1858e-06, psnr = 112.499
Total decompression time: 67.54ms
Total time: 666.246ms
  ✓ Compression successful (ratio: 1.00x)

[12/54] Processing: FW_1_384_320.dat
oldbits = 3932160, newbits = 3998288, compressionratio = 0.983461, bpv = 32.5382
Total compression time: 453.745ms
eps = 2.02824e-06, rmse = 1.10795e-06, psnr = 113.089
Total decompression time: 43.183ms
Total time: 496.968ms
  ✓ Compression successful (ratio: .98x)

[13/54] Processing: HBLT_1_384_320.dat
oldbits = 3932160, newbits = 4097680, compressionratio = 0.959606, bpv = 33.347
Total compression time: 434.823ms
eps = 1.36523e-06, rmse = 7.53073e-07, psnr = 116.443
Total decompression time: 45.004ms
Total time: 479.875ms
  ✓ Compression successful (ratio: .95x)

[14/54] Processing: HDIFS_1_384_320.dat
oldbits = 3932160, newbits = 3899472, compressionratio = 1.00838, bpv = 31.734
Total compression time: 454.856ms
eps = 2.1686e-06, rmse = 1.18463e-06, psnr = 112.508
Total decompression time: 43.901ms
Total time: 498.819ms
  ✓ Compression successful (ratio: 1.00x)

[15/54] Processing: HDIFT_1_384_320.dat
oldbits = 3932160, newbits = 3995728, compressionratio = 0.984091, bpv = 32.5173
Total compression time: 458.658ms
eps = 2.25095e-06, rmse = 1.22962e-06, psnr = 112.184
Total decompression time: 47.496ms
Total time: 506.195ms
  ✓ Compression successful (ratio: .98x)

[16/54] Processing: HLS_SUBM_1_384_320.dat
oldbits = 3932160, newbits = 4246608, compressionratio = 0.925953, bpv = 34.559
Total compression time: 593.312ms
eps = 6.61368e-07, rmse = 3.64776e-07, psnr = 122.739
Total decompression time: 44.174ms
Total time: 637.529ms
  ✓ Compression successful (ratio: .92x)

[17/54] Processing: HMXL_1_384_320.dat
oldbits = 3932160, newbits = 4100112, compressionratio = 0.959037, bpv = 33.3668
Total compression time: 438.148ms
eps = 1.35783e-06, rmse = 7.49779e-07, psnr = 116.481
Total decompression time: 46.101ms
Total time: 484.296ms
  ✓ Compression successful (ratio: .95x)

[18/54] Processing: IFRAC_1_384_320.dat
oldbits = 3932160, newbits = 3992528, compressionratio = 0.98488, bpv = 32.4913
Total compression time: 452.304ms
eps = 2.22543e-06, rmse = 1.21568e-06, psnr = 112.283
Total decompression time: 45.269ms
Total time: 497.609ms
  ✓ Compression successful (ratio: .98x)

[19/54] Processing: INT_DEPTH_1_384_320.dat
oldbits = 3932160, newbits = 4096848, compressionratio = 0.959801, bpv = 33.3402
Total compression time: 435.496ms
eps = 1.35951e-06, rmse = 7.50812e-07, psnr = 116.469
Total decompression time: 46.416ms
Total time: 481.981ms
  ✓ Compression successful (ratio: .95x)

[20/54] Processing: IOFF_F_1_384_320.dat
oldbits = 3932160, newbits = 3899472, compressionratio = 1.00838, bpv = 31.734
Total compression time: 438.779ms
eps = 2.16491e-06, rmse = 1.18261e-06, psnr = 112.523
Total decompression time: 43.601ms
Total time: 482.42ms
  ✓ Compression successful (ratio: 1.00x)

[21/54] Processing: LWDN_F_1_384_320.dat
oldbits = 3932160, newbits = 4225936, compressionratio = 0.930483, bpv = 34.3908
Total compression time: 439.601ms
eps = 1.04485e-06, rmse = 5.73816e-07, psnr = 118.804
Total decompression time: 45.57ms
Total time: 485.232ms
  ✓ Compression successful (ratio: .93x)

[22/54] Processing: LWUP_F_1_384_320.dat
oldbits = 3932160, newbits = 4354640, compressionratio = 0.902982, bpv = 35.4382
Total compression time: 437.905ms
eps = 9.52579e-07, rmse = 5.21923e-07, psnr = 119.627
Total decompression time: 47.747ms
Total time: 485.694ms
  ✓ Compression successful (ratio: .90x)

[23/54] Processing: MELT_F_1_384_320.dat
oldbits = 3932160, newbits = 3967888, compressionratio = 0.990996, bpv = 32.2908
Total compression time: 441.443ms
eps = 2.17063e-06, rmse = 1.18574e-06, psnr = 112.5
Total decompression time: 45.913ms
Total time: 487.408ms
  ✓ Compression successful (ratio: .99x)

[24/54] Processing: MELTH_F_1_384_320.dat
oldbits = 3932160, newbits = 4368528, compressionratio = 0.900111, bpv = 35.5512
Total compression time: 464.726ms
eps = 9.55788e-07, rmse = 5.23877e-07, psnr = 119.595
Total decompression time: 47.538ms
Total time: 512.306ms
  ✓ Compression successful (ratio: .90x)

[25/54] Processing: PREC_F_1_384_320.dat
oldbits = 3932160, newbits = 3899472, compressionratio = 1.00838, bpv = 31.734
Total compression time: 441.667ms
eps = 2.16381e-06, rmse = 1.18201e-06, psnr = 112.527
Total decompression time: 43.204ms
Total time: 484.915ms
  ✓ Compression successful (ratio: 1.00x)

[26/54] Processing: QFLUX_1_384_320.dat
oldbits = 3932160, newbits = 3898640, compressionratio = 1.0086, bpv = 31.7272
Total compression time: 449.008ms
eps = 2.16234e-06, rmse = 1.18124e-06, psnr = 112.533
Total decompression time: 43.299ms
Total time: 492.345ms
  ✓ Compression successful (ratio: 1.00x)

[27/54] Processing: QSW_HBL_1_384_320.dat
oldbits = 3932160, newbits = 4354704, compressionratio = 0.902968, bpv = 35.4387
Total compression time: 465.317ms
eps = 9.53579e-07, rmse = 5.22804e-07, psnr = 119.613
Total decompression time: 56.778ms
Total time: 522.148ms
  ✓ Compression successful (ratio: .90x)

[28/54] Processing: QSW_HTP_1_384_320.dat
oldbits = 3932160, newbits = 4354896, compressionratio = 0.902929, bpv = 35.4402
Total compression time: 498.961ms
eps = 9.64009e-07, rmse = 5.2842e-07, psnr = 119.52
Total decompression time: 45.863ms
Total time: 544.867ms
  ✓ Compression successful (ratio: .90x)

[29/54] Processing: RESID_S_1_384_320.dat
oldbits = 3932160, newbits = 3998288, compressionratio = 0.983461, bpv = 32.5382
Total compression time: 444.439ms
eps = 2.02824e-06, rmse = 1.10795e-06, psnr = 113.089
Total decompression time: 43.534ms
Total time: 488.014ms
  ✓ Compression successful (ratio: .98x)

[30/54] Processing: RESID_T_1_384_320.dat
oldbits = 3932160, newbits = 3998288, compressionratio = 0.983461, bpv = 32.5382
Total compression time: 450.881ms
eps = 2.02824e-06, rmse = 1.10795e-06, psnr = 113.089
Total decompression time: 42.877ms
Total time: 493.802ms
  ✓ Compression successful (ratio: .98x)

[31/54] Processing: RHO_VINT_1_384_320.dat
oldbits = 3932160, newbits = 4106000, compressionratio = 0.957662, bpv = 33.4147
Total compression time: 446.368ms
eps = 1.35888e-06, rmse = 7.51723e-07, psnr = 116.458
Total decompression time: 45.051ms
Total time: 491.478ms
  ✓ Compression successful (ratio: .95x)

[32/54] Processing: ROFF_F_1_384_320.dat
oldbits = 3932160, newbits = 3899408, compressionratio = 1.0084, bpv = 31.7335
Total compression time: 443.213ms
eps = 2.16452e-06, rmse = 1.1824e-06, psnr = 112.524
Total decompression time: 43.272ms
Total time: 486.529ms
  ✓ Compression successful (ratio: 1.00x)

[33/54] Processing: SALT_F_1_384_320.dat
oldbits = 3932160, newbits = 3899408, compressionratio = 1.0084, bpv = 31.7335
Total compression time: 450.98ms
eps = 2.16792e-06, rmse = 1.18426e-06, psnr = 112.51
Total decompression time: 43.178ms
Total time: 494.198ms
  ✓ Compression successful (ratio: 1.00x)

[34/54] Processing: SENH_F_1_384_320.dat
oldbits = 3932160, newbits = 4224528, compressionratio = 0.930793, bpv = 34.3793
Total compression time: 457.056ms
eps = 1.0314e-06, rmse = 5.66335e-07, psnr = 118.918
Total decompression time: 45.434ms
Total time: 502.533ms
  ✓ Compression successful (ratio: .93x)

[35/54] Processing: SFWF_1_384_320.dat
oldbits = 3932160, newbits = 3971856, compressionratio = 0.990006, bpv = 32.323
Total compression time: 446.088ms
eps = 2.16844e-06, rmse = 1.18454e-06, psnr = 112.508
Total decompression time: 46.323ms
Total time: 492.463ms
  ✓ Compression successful (ratio: .99x)

[36/54] Processing: SFWF_WRST_1_384_320.dat
oldbits = 3932160, newbits = 3998288, compressionratio = 0.983461, bpv = 32.5382
Total compression time: 455.791ms
eps = 2.02824e-06, rmse = 1.10795e-06, psnr = 113.089
Total decompression time: 43.276ms
Total time: 499.112ms
  ✓ Compression successful (ratio: .98x)

[37/54] Processing: SHF_1_384_320.dat
oldbits = 3932160, newbits = 4097424, compressionratio = 0.959666, bpv = 33.3449
Total compression time: 448.829ms
eps = 1.34339e-06, rmse = 7.3931e-07, psnr = 116.603
Total decompression time: 45.557ms
Total time: 494.479ms
  ✓ Compression successful (ratio: .95x)

[38/54] Processing: SHF_QSW_1_384_320.dat
oldbits = 3932160, newbits = 4353616, compressionratio = 0.903194, bpv = 35.4298
Total compression time: 441.936ms
eps = 9.52003e-07, rmse = 5.22068e-07, psnr = 119.625
Total decompression time: 47.353ms
Total time: 489.335ms
  ✓ Compression successful (ratio: .90x)

[39/54] Processing: SNOW_F_1_384_320.dat
oldbits = 3932160, newbits = 3899472, compressionratio = 1.00838, bpv = 31.734
Total compression time: 445.817ms
eps = 2.1626e-06, rmse = 1.18135e-06, psnr = 112.532
Total decompression time: 43.106ms
Total time: 488.977ms
  ✓ Compression successful (ratio: 1.00x)

[40/54] Processing: SSH_1_384_320.dat
oldbits = 3932160, newbits = 4230288, compressionratio = 0.929525, bpv = 34.4262
Total compression time: 442.031ms
eps = 1.05229e-06, rmse = 5.7744e-07, psnr = 118.749
Total decompression time: 46.576ms
Total time: 488.663ms
  ✓ Compression successful (ratio: .92x)

[41/54] Processing: SSH2_1_384_320.dat
oldbits = 3932160, newbits = 4100816, compressionratio = 0.958873, bpv = 33.3725
Total compression time: 438.35ms
eps = 1.35449e-06, rmse = 7.47133e-07, psnr = 116.511
Total decompression time: 45.623ms
Total time: 484.011ms
  ✓ Compression successful (ratio: .95x)

[42/54] Processing: SU_1_384_320.dat
oldbits = 3932160, newbits = 3909904, compressionratio = 1.00569, bpv = 31.8189
Total compression time: 439.815ms
eps = 2.22729e-06, rmse = 1.21528e-06, psnr = 112.286
Total decompression time: 44.755ms
Total time: 484.612ms
  ✓ Compression successful (ratio: 1.00x)

[43/54] Processing: SV_1_384_320.dat
oldbits = 3932160, newbits = 3910288, compressionratio = 1.00559, bpv = 31.822
Total compression time: 442.35ms
eps = 2.22074e-06, rmse = 1.21377e-06, psnr = 112.297
Total decompression time: 45.084ms
Total time: 487.485ms
  ✓ Compression successful (ratio: 1.00x)

[44/54] Processing: TAUX_1_384_320.dat
oldbits = 3932160, newbits = 3956816, compressionratio = 0.993769, bpv = 32.2007
Total compression time: 431.644ms
eps = 2.32523e-06, rmse = 1.21698e-06, psnr = 112.274
Total decompression time: 44.13ms
Total time: 475.825ms
  ✓ Compression successful (ratio: .99x)

[45/54] Processing: TAUX2_1_384_320.dat
oldbits = 3932160, newbits = 4069968, compressionratio = 0.96614, bpv = 33.1215
Total compression time: 438.362ms
eps = 2.16226e-06, rmse = 1.13104e-06, psnr = 112.91
Total decompression time: 44.528ms
Total time: 482.934ms
  ✓ Compression successful (ratio: .96x)

[46/54] Processing: TAUY_1_384_320.dat
oldbits = 3932160, newbits = 4060496, compressionratio = 0.968394, bpv = 33.0444
Total compression time: 441.015ms
eps = 2.17861e-06, rmse = 1.13998e-06, psnr = 112.841
Total decompression time: 45.153ms
Total time: 486.255ms
  ✓ Compression successful (ratio: .96x)

[47/54] Processing: TAUY2_1_384_320.dat
oldbits = 3932160, newbits = 4070160, compressionratio = 0.966095, bpv = 33.123
Total compression time: 444.218ms
eps = 2.16123e-06, rmse = 1.13042e-06, psnr = 112.915
Total decompression time: 44.756ms
Total time: 489.017ms
  ✓ Compression successful (ratio: .96x)

[48/54] Processing: TBLT_1_384_320.dat
oldbits = 3932160, newbits = 4233680, compressionratio = 0.928781, bpv = 34.4538
Total compression time: 447.848ms
eps = 1.04685e-06, rmse = 5.74792e-07, psnr = 118.789
Total decompression time: 47.535ms
Total time: 495.426ms
  ✓ Compression successful (ratio: .92x)

[49/54] Processing: TFW_S_1_384_320.dat
oldbits = 3932160, newbits = 3998288, compressionratio = 0.983461, bpv = 32.5382
Total compression time: 443.204ms
eps = 2.02824e-06, rmse = 1.10795e-06, psnr = 113.089
Total decompression time: 42.972ms
Total time: 486.215ms
  ✓ Compression successful (ratio: .98x)

[50/54] Processing: TFW_T_1_384_320.dat
oldbits = 3932160, newbits = 3998288, compressionratio = 0.983461, bpv = 32.5382
Total compression time: 444.755ms
eps = 2.02824e-06, rmse = 1.10795e-06, psnr = 113.089
Total decompression time: 46.875ms
Total time: 491.668ms
  ✓ Compression successful (ratio: .98x)

[51/54] Processing: TLT_1_384_320.dat
oldbits = 3932160, newbits = 4228240, compressionratio = 0.929976, bpv = 34.4095
Total compression time: 442.568ms
eps = 1.04289e-06, rmse = 5.72586e-07, psnr = 118.823
Total decompression time: 47.11ms
Total time: 489.723ms
  ✓ Compression successful (ratio: .92x)

[52/54] Processing: TMXL_1_384_320.dat
oldbits = 3932160, newbits = 4129040, compressionratio = 0.952318, bpv = 33.6022
Total compression time: 450.58ms
eps = 1.35425e-06, rmse = 7.46285e-07, psnr = 116.521
Total decompression time: 47.064ms
Total time: 497.717ms
  ✓ Compression successful (ratio: .95x)

[53/54] Processing: XBLT_1_384_320.dat
oldbits = 3932160, newbits = 4096080, compressionratio = 0.959981, bpv = 33.334
Total compression time: 447.011ms
eps = 1.36486e-06, rmse = 7.54123e-07, psnr = 116.431
Total decompression time: 45.285ms
Total time: 492.333ms
  ✓ Compression successful (ratio: .95x)

[54/54] Processing: XMXL_1_384_320.dat
oldbits = 3932160, newbits = 4098640, compressionratio = 0.959382, bpv = 33.3548
Total compression time: 435.525ms
eps = 1.35625e-06, rmse = 7.49524e-07, psnr = 116.484
Total decompression time: 46.085ms
Total time: 481.65ms
  ✓ Compression successful (ratio: .95x)

=== Summary ===
Total files processed: 54
Total files skipped: 0
Total files failed: 0

