Input directory: ../../../../CESM-OCEAN-MODELS/4/log_normalized
Output directory: ../../../../CESM-OCEAN-MODELS/4/log_normalized/SZ3_1e-8
Dimensions: 384x320
Error bound: 1e-8

Found 54 .dat file(s) to process

[1/54] Processing: ADVS_1_384_320.dat
compression ratio = 16.89 
compression time = 0.012659
compressed data file = ../../../../CESM-OCEAN-MODELS/4/log_normalized/ADVS_1_384_320.dat.sz.tmp
compression ratio = 16.888400
decompression time = 0.006785 seconds.
decompressed file = ../../../../CESM-OCEAN-MODELS/4/log_normalized/SZ3_1e-8/ADVS_1_384_320.dat.SZ3.out
  ✓ Compression successful (ratio: 1.00x)

[2/54] Processing: ADVS_ISOP_1_384_320.dat
compression ratio = 15.56 
compression time = 0.007017
compressed data file = ../../../../CESM-OCEAN-MODELS/4/log_normalized/ADVS_ISOP_1_384_320.dat.sz.tmp
compression ratio = 15.559847
decompression time = 0.001895 seconds.
decompressed file = ../../../../CESM-OCEAN-MODELS/4/log_normalized/SZ3_1e-8/ADVS_ISOP_1_384_320.dat.SZ3.out
  ✓ Compression successful (ratio: 1.00x)

[3/54] Processing: ADVS_SUBM_1_384_320.dat
compression ratio = 30.96 
compression time = 0.012734
compressed data file = ../../../../CESM-OCEAN-MODELS/4/log_normalized/ADVS_SUBM_1_384_320.dat.sz.tmp
compression ratio = 30.959940
decompression time = 0.006548 seconds.
decompressed file = ../../../../CESM-OCEAN-MODELS/4/log_normalized/SZ3_1e-8/ADVS_SUBM_1_384_320.dat.SZ3.out
  ✓ Compression successful (ratio: 1.00x)

[4/54] Processing: ADVT_1_384_320.dat
compression ratio = 1.73 
compression time = 0.020902
compressed data file = ../../../../CESM-OCEAN-MODELS/4/log_normalized/ADVT_1_384_320.dat.sz.tmp
compression ratio = 1.729553
decompression time = 0.006506 seconds.
decompressed file = ../../../../CESM-OCEAN-MODELS/4/log_normalized/SZ3_1e-8/ADVT_1_384_320.dat.SZ3.out
  ✓ Compression successful (ratio: 1.00x)

[5/54] Processing: ADVT_ISOP_1_384_320.dat
compression ratio = 2.15 
compression time = 0.016858
compressed data file = ../../../../CESM-OCEAN-MODELS/4/log_normalized/ADVT_ISOP_1_384_320.dat.sz.tmp
compression ratio = 2.152212
decompression time = 0.005883 seconds.
decompressed file = ../../../../CESM-OCEAN-MODELS/4/log_normalized/SZ3_1e-8/ADVT_ISOP_1_384_320.dat.SZ3.out
  ✓ Compression successful (ratio: 1.00x)

[6/54] Processing: ADVT_SUBM_1_384_320.dat
compression ratio = 4.21 
compression time = 0.010088
compressed data file = ../../../../CESM-OCEAN-MODELS/4/log_normalized/ADVT_SUBM_1_384_320.dat.sz.tmp
compression ratio = 4.213486
decompression time = 0.003399 seconds.
decompressed file = ../../../../CESM-OCEAN-MODELS/4/log_normalized/SZ3_1e-8/ADVT_SUBM_1_384_320.dat.SZ3.out
  ✓ Compression successful (ratio: 1.00x)

[7/54] Processing: BSF_1_384_320.dat
compression ratio = 1.27 
compression time = 0.025303
compressed data file = ../../../../CESM-OCEAN-MODELS/4/log_normalized/BSF_1_384_320.dat.sz.tmp
compression ratio = 1.267801
decompression time = 0.005616 seconds.
decompressed file = ../../../../CESM-OCEAN-MODELS/4/log_normalized/SZ3_1e-8/BSF_1_384_320.dat.SZ3.out
  ✓ Compression successful (ratio: 1.00x)

[8/54] Processing: DIA_DEPTH_1_384_320.dat
compression ratio = 1.26 
compression time = 0.023625
compressed data file = ../../../../CESM-OCEAN-MODELS/4/log_normalized/DIA_DEPTH_1_384_320.dat.sz.tmp
compression ratio = 1.259707
decompression time = 0.005041 seconds.
decompressed file = ../../../../CESM-OCEAN-MODELS/4/log_normalized/SZ3_1e-8/DIA_DEPTH_1_384_320.dat.SZ3.out
  ✓ Compression successful (ratio: 1.00x)

[9/54] Processing: dTEMP_NEG_2D_1_384_320.dat
compression ratio = 1.32 
compression time = 0.028291
compressed data file = ../../../../CESM-OCEAN-MODELS/4/log_normalized/dTEMP_NEG_2D_1_384_320.dat.sz.tmp
compression ratio = 1.320421
decompression time = 0.007550 seconds.
decompressed file = ../../../../CESM-OCEAN-MODELS/4/log_normalized/SZ3_1e-8/dTEMP_NEG_2D_1_384_320.dat.SZ3.out
  ✓ Compression successful (ratio: 1.00x)

[10/54] Processing: dTEMP_POS_2D_1_384_320.dat
compression ratio = 1.09 
compression time = 0.031339
compressed data file = ../../../../CESM-OCEAN-MODELS/4/log_normalized/dTEMP_POS_2D_1_384_320.dat.sz.tmp
compression ratio = 1.089685
decompression time = 0.006908 seconds.
decompressed file = ../../../../CESM-OCEAN-MODELS/4/log_normalized/SZ3_1e-8/dTEMP_POS_2D_1_384_320.dat.SZ3.out
  ✓ Compression successful (ratio: 1.00x)

[11/54] Processing: EVAP_F_1_384_320.dat
compression ratio = 8.38 
compression time = 0.012846
compressed data file = ../../../../CESM-OCEAN-MODELS/4/log_normalized/EVAP_F_1_384_320.dat.sz.tmp
compression ratio = 8.378563
decompression time = 0.007519 seconds.
decompressed file = ../../../../CESM-OCEAN-MODELS/4/log_normalized/SZ3_1e-8/EVAP_F_1_384_320.dat.SZ3.out
  ✓ Compression successful (ratio: 1.00x)

[12/54] Processing: FW_1_384_320.dat
compression ratio = 59.72 
compression time = 0.011821
compressed data file = ../../../../CESM-OCEAN-MODELS/4/log_normalized/FW_1_384_320.dat.sz.tmp
compression ratio = 59.722965
decompression time = 0.006300 seconds.
decompressed file = ../../../../CESM-OCEAN-MODELS/4/log_normalized/SZ3_1e-8/FW_1_384_320.dat.SZ3.out
  ✓ Compression successful (ratio: 1.00x)

[13/54] Processing: HBLT_1_384_320.dat
compression ratio = 1.20 
compression time = 0.025399
compressed data file = ../../../../CESM-OCEAN-MODELS/4/log_normalized/HBLT_1_384_320.dat.sz.tmp
compression ratio = 1.198034
decompression time = 0.005648 seconds.
decompressed file = ../../../../CESM-OCEAN-MODELS/4/log_normalized/SZ3_1e-8/HBLT_1_384_320.dat.SZ3.out
  ✓ Compression successful (ratio: 1.00x)

[14/54] Processing: HDIFS_1_384_320.dat
compression ratio = 17.76 
compression time = 0.012580
compressed data file = ../../../../CESM-OCEAN-MODELS/4/log_normalized/HDIFS_1_384_320.dat.sz.tmp
compression ratio = 17.755301
decompression time = 0.007669 seconds.
decompressed file = ../../../../CESM-OCEAN-MODELS/4/log_normalized/SZ3_1e-8/HDIFS_1_384_320.dat.SZ3.out
  ✓ Compression successful (ratio: 1.00x)

[15/54] Processing: HDIFT_1_384_320.dat
compression ratio = 2.06 
compression time = 0.018480
compressed data file = ../../../../CESM-OCEAN-MODELS/4/log_normalized/HDIFT_1_384_320.dat.sz.tmp
compression ratio = 2.055296
decompression time = 0.006421 seconds.
decompressed file = ../../../../CESM-OCEAN-MODELS/4/log_normalized/SZ3_1e-8/HDIFT_1_384_320.dat.SZ3.out
  ✓ Compression successful (ratio: 1.00x)

[16/54] Processing: HLS_SUBM_1_384_320.dat
compression ratio = 2.57 
compression time = 0.018097
compressed data file = ../../../../CESM-OCEAN-MODELS/4/log_normalized/HLS_SUBM_1_384_320.dat.sz.tmp
compression ratio = 2.569891
decompression time = 0.007638 seconds.
decompressed file = ../../../../CESM-OCEAN-MODELS/4/log_normalized/SZ3_1e-8/HLS_SUBM_1_384_320.dat.SZ3.out
  ✓ Compression successful (ratio: 1.00x)

[17/54] Processing: HMXL_1_384_320.dat
compression ratio = 1.23 
compression time = 0.030117
compressed data file = ../../../../CESM-OCEAN-MODELS/4/log_normalized/HMXL_1_384_320.dat.sz.tmp
compression ratio = 1.228794
decompression time = 0.008211 seconds.
decompressed file = ../../../../CESM-OCEAN-MODELS/4/log_normalized/SZ3_1e-8/HMXL_1_384_320.dat.SZ3.out
  ✓ Compression successful (ratio: 1.00x)

[18/54] Processing: IFRAC_1_384_320.dat
compression ratio = 4.67 
compression time = 0.018319
compressed data file = ../../../../CESM-OCEAN-MODELS/4/log_normalized/IFRAC_1_384_320.dat.sz.tmp
compression ratio = 4.665458
decompression time = 0.006889 seconds.
decompressed file = ../../../../CESM-OCEAN-MODELS/4/log_normalized/SZ3_1e-8/IFRAC_1_384_320.dat.SZ3.out
  ✓ Compression successful (ratio: 1.00x)

[19/54] Processing: INT_DEPTH_1_384_320.dat
compression ratio = 1.22 
compression time = 0.027429
compressed data file = ../../../../CESM-OCEAN-MODELS/4/log_normalized/INT_DEPTH_1_384_320.dat.sz.tmp
compression ratio = 1.216026
decompression time = 0.005059 seconds.
decompressed file = ../../../../CESM-OCEAN-MODELS/4/log_normalized/SZ3_1e-8/INT_DEPTH_1_384_320.dat.SZ3.out
  ✓ Compression successful (ratio: 1.00x)

[20/54] Processing: IOFF_F_1_384_320.dat
compression ratio = 38.73 
compression time = 0.012979
compressed data file = ../../../../CESM-OCEAN-MODELS/4/log_normalized/IOFF_F_1_384_320.dat.sz.tmp
compression ratio = 38.732861
decompression time = 0.006209 seconds.
decompressed file = ../../../../CESM-OCEAN-MODELS/4/log_normalized/SZ3_1e-8/IOFF_F_1_384_320.dat.SZ3.out
  ✓ Compression successful (ratio: 1.00x)

[21/54] Processing: LWDN_F_1_384_320.dat
compression ratio = 1.46 
compression time = 0.025336
compressed data file = ../../../../CESM-OCEAN-MODELS/4/log_normalized/LWDN_F_1_384_320.dat.sz.tmp
compression ratio = 1.459543
decompression time = 0.006551 seconds.
decompressed file = ../../../../CESM-OCEAN-MODELS/4/log_normalized/SZ3_1e-8/LWDN_F_1_384_320.dat.SZ3.out
  ✓ Compression successful (ratio: 1.00x)

[22/54] Processing: LWUP_F_1_384_320.dat
compression ratio = 1.32 
compression time = 0.023788
compressed data file = ../../../../CESM-OCEAN-MODELS/4/log_normalized/LWUP_F_1_384_320.dat.sz.tmp
compression ratio = 1.319379
decompression time = 0.005282 seconds.
decompressed file = ../../../../CESM-OCEAN-MODELS/4/log_normalized/SZ3_1e-8/LWUP_F_1_384_320.dat.SZ3.out
  ✓ Compression successful (ratio: 1.00x)

[23/54] Processing: MELT_F_1_384_320.dat
compression ratio = 13.32 
compression time = 0.006724
compressed data file = ../../../../CESM-OCEAN-MODELS/4/log_normalized/MELT_F_1_384_320.dat.sz.tmp
compression ratio = 13.318881
decompression time = 0.002170 seconds.
decompressed file = ../../../../CESM-OCEAN-MODELS/4/log_normalized/SZ3_1e-8/MELT_F_1_384_320.dat.SZ3.out
  ✓ Compression successful (ratio: 1.00x)

[24/54] Processing: MELTH_F_1_384_320.dat
compression ratio = 5.17 
compression time = 0.010486
compressed data file = ../../../../CESM-OCEAN-MODELS/4/log_normalized/MELTH_F_1_384_320.dat.sz.tmp
compression ratio = 5.167802
decompression time = 0.003294 seconds.
decompressed file = ../../../../CESM-OCEAN-MODELS/4/log_normalized/SZ3_1e-8/MELTH_F_1_384_320.dat.SZ3.out
  ✓ Compression successful (ratio: 1.00x)

[25/54] Processing: PREC_F_1_384_320.dat
compression ratio = 6.69 
compression time = 0.013845
compressed data file = ../../../../CESM-OCEAN-MODELS/4/log_normalized/PREC_F_1_384_320.dat.sz.tmp
compression ratio = 6.693266
decompression time = 0.007994 seconds.
decompressed file = ../../../../CESM-OCEAN-MODELS/4/log_normalized/SZ3_1e-8/PREC_F_1_384_320.dat.SZ3.out
  ✓ Compression successful (ratio: 1.00x)

[26/54] Processing: QFLUX_1_384_320.dat
compression ratio = 12.57 
compression time = 0.012576
compressed data file = ../../../../CESM-OCEAN-MODELS/4/log_normalized/QFLUX_1_384_320.dat.sz.tmp
compression ratio = 12.571487
decompression time = 0.006206 seconds.
decompressed file = ../../../../CESM-OCEAN-MODELS/4/log_normalized/SZ3_1e-8/QFLUX_1_384_320.dat.SZ3.out
  ✓ Compression successful (ratio: 1.00x)

[27/54] Processing: QSW_HBL_1_384_320.dat
compression ratio = 1.22 
compression time = 0.027265
compressed data file = ../../../../CESM-OCEAN-MODELS/4/log_normalized/QSW_HBL_1_384_320.dat.sz.tmp
compression ratio = 1.221052
decompression time = 0.005323 seconds.
decompressed file = ../../../../CESM-OCEAN-MODELS/4/log_normalized/SZ3_1e-8/QSW_HBL_1_384_320.dat.SZ3.out
  ✓ Compression successful (ratio: 1.00x)

[28/54] Processing: QSW_HTP_1_384_320.dat
compression ratio = 1.20 
compression time = 0.027032
compressed data file = ../../../../CESM-OCEAN-MODELS/4/log_normalized/QSW_HTP_1_384_320.dat.sz.tmp
compression ratio = 1.202875
decompression time = 0.005428 seconds.
decompressed file = ../../../../CESM-OCEAN-MODELS/4/log_normalized/SZ3_1e-8/QSW_HTP_1_384_320.dat.SZ3.out
  ✓ Compression successful (ratio: 1.00x)

[29/54] Processing: RESID_S_1_384_320.dat
compression ratio = 59.72 
compression time = 0.011947
compressed data file = ../../../../CESM-OCEAN-MODELS/4/log_normalized/RESID_S_1_384_320.dat.sz.tmp
compression ratio = 59.722965
decompression time = 0.006642 seconds.
decompressed file = ../../../../CESM-OCEAN-MODELS/4/log_normalized/SZ3_1e-8/RESID_S_1_384_320.dat.SZ3.out
  ✓ Compression successful (ratio: 1.00x)

[30/54] Processing: RESID_T_1_384_320.dat
compression ratio = 59.72 
compression time = 0.012196
compressed data file = ../../../../CESM-OCEAN-MODELS/4/log_normalized/RESID_T_1_384_320.dat.sz.tmp
compression ratio = 59.722965
decompression time = 0.006147 seconds.
decompressed file = ../../../../CESM-OCEAN-MODELS/4/log_normalized/SZ3_1e-8/RESID_T_1_384_320.dat.SZ3.out
  ✓ Compression successful (ratio: 1.00x)

[31/54] Processing: RHO_VINT_1_384_320.dat
compression ratio = 1.38 
compression time = 0.022032
compressed data file = ../../../../CESM-OCEAN-MODELS/4/log_normalized/RHO_VINT_1_384_320.dat.sz.tmp
compression ratio = 1.384072
decompression time = 0.005438 seconds.
decompressed file = ../../../../CESM-OCEAN-MODELS/4/log_normalized/SZ3_1e-8/RHO_VINT_1_384_320.dat.SZ3.out
  ✓ Compression successful (ratio: 1.00x)

[32/54] Processing: ROFF_F_1_384_320.dat
compression ratio = 11.41 
compression time = 0.013062
compressed data file = ../../../../CESM-OCEAN-MODELS/4/log_normalized/ROFF_F_1_384_320.dat.sz.tmp
compression ratio = 11.405499
decompression time = 0.007166 seconds.
decompressed file = ../../../../CESM-OCEAN-MODELS/4/log_normalized/SZ3_1e-8/ROFF_F_1_384_320.dat.SZ3.out
  ✓ Compression successful (ratio: 1.00x)

[33/54] Processing: SALT_F_1_384_320.dat
compression ratio = 40.92 
compression time = 0.013120
compressed data file = ../../../../CESM-OCEAN-MODELS/4/log_normalized/SALT_F_1_384_320.dat.sz.tmp
compression ratio = 40.915675
decompression time = 0.006384 seconds.
decompressed file = ../../../../CESM-OCEAN-MODELS/4/log_normalized/SZ3_1e-8/SALT_F_1_384_320.dat.SZ3.out
  ✓ Compression successful (ratio: 1.00x)

[34/54] Processing: SENH_F_1_384_320.dat
compression ratio = 1.59 
compression time = 0.024950
compressed data file = ../../../../CESM-OCEAN-MODELS/4/log_normalized/SENH_F_1_384_320.dat.sz.tmp
compression ratio = 1.591529
decompression time = 0.005897 seconds.
decompressed file = ../../../../CESM-OCEAN-MODELS/4/log_normalized/SZ3_1e-8/SENH_F_1_384_320.dat.SZ3.out
  ✓ Compression successful (ratio: 1.00x)

[35/54] Processing: SFWF_1_384_320.dat
compression ratio = 5.68 
compression time = 0.014022
compressed data file = ../../../../CESM-OCEAN-MODELS/4/log_normalized/SFWF_1_384_320.dat.sz.tmp
compression ratio = 5.679292
decompression time = 0.008142 seconds.
decompressed file = ../../../../CESM-OCEAN-MODELS/4/log_normalized/SZ3_1e-8/SFWF_1_384_320.dat.SZ3.out
  ✓ Compression successful (ratio: 1.00x)

[36/54] Processing: SFWF_WRST_1_384_320.dat
compression ratio = 59.72 
compression time = 0.012302
compressed data file = ../../../../CESM-OCEAN-MODELS/4/log_normalized/SFWF_WRST_1_384_320.dat.sz.tmp
compression ratio = 59.722965
decompression time = 0.006240 seconds.
decompressed file = ../../../../CESM-OCEAN-MODELS/4/log_normalized/SZ3_1e-8/SFWF_WRST_1_384_320.dat.SZ3.out
  ✓ Compression successful (ratio: 1.00x)

[37/54] Processing: SHF_1_384_320.dat
compression ratio = 1.42 
compression time = 0.025894
compressed data file = ../../../../CESM-OCEAN-MODELS/4/log_normalized/SHF_1_384_320.dat.sz.tmp
compression ratio = 1.418340
decompression time = 0.006370 seconds.
decompressed file = ../../../../CESM-OCEAN-MODELS/4/log_normalized/SZ3_1e-8/SHF_1_384_320.dat.SZ3.out
  ✓ Compression successful (ratio: 1.00x)

[38/54] Processing: SHF_QSW_1_384_320.dat
compression ratio = 1.24 
compression time = 0.029078
compressed data file = ../../../../CESM-OCEAN-MODELS/4/log_normalized/SHF_QSW_1_384_320.dat.sz.tmp
compression ratio = 1.240551
decompression time = 0.005579 seconds.
decompressed file = ../../../../CESM-OCEAN-MODELS/4/log_normalized/SZ3_1e-8/SHF_QSW_1_384_320.dat.SZ3.out
  ✓ Compression successful (ratio: 1.00x)

[39/54] Processing: SNOW_F_1_384_320.dat
compression ratio = 27.13 
compression time = 0.012214
compressed data file = ../../../../CESM-OCEAN-MODELS/4/log_normalized/SNOW_F_1_384_320.dat.sz.tmp
compression ratio = 27.130320
decompression time = 0.006363 seconds.
decompressed file = ../../../../CESM-OCEAN-MODELS/4/log_normalized/SZ3_1e-8/SNOW_F_1_384_320.dat.SZ3.out
  ✓ Compression successful (ratio: 1.00x)

[40/54] Processing: SSH_1_384_320.dat
compression ratio = 1.32 
compression time = 0.025199
compressed data file = ../../../../CESM-OCEAN-MODELS/4/log_normalized/SSH_1_384_320.dat.sz.tmp
compression ratio = 1.315628
decompression time = 0.004982 seconds.
decompressed file = ../../../../CESM-OCEAN-MODELS/4/log_normalized/SZ3_1e-8/SSH_1_384_320.dat.SZ3.out
  ✓ Compression successful (ratio: 1.00x)

[41/54] Processing: SSH2_1_384_320.dat
compression ratio = 1.18 
compression time = 0.023625
compressed data file = ../../../../CESM-OCEAN-MODELS/4/log_normalized/SSH2_1_384_320.dat.sz.tmp
compression ratio = 1.184748
decompression time = 0.004876 seconds.
decompressed file = ../../../../CESM-OCEAN-MODELS/4/log_normalized/SZ3_1e-8/SSH2_1_384_320.dat.SZ3.out
  ✓ Compression successful (ratio: 1.00x)

[42/54] Processing: SU_1_384_320.dat
compression ratio = 1.22 
compression time = 0.026195
compressed data file = ../../../../CESM-OCEAN-MODELS/4/log_normalized/SU_1_384_320.dat.sz.tmp
compression ratio = 1.222124
decompression time = 0.005731 seconds.
decompressed file = ../../../../CESM-OCEAN-MODELS/4/log_normalized/SZ3_1e-8/SU_1_384_320.dat.SZ3.out
  ✓ Compression successful (ratio: 1.00x)

[43/54] Processing: SV_1_384_320.dat
compression ratio = 1.22 
compression time = 0.032097
compressed data file = ../../../../CESM-OCEAN-MODELS/4/log_normalized/SV_1_384_320.dat.sz.tmp
compression ratio = 1.217782
decompression time = 0.006481 seconds.
decompressed file = ../../../../CESM-OCEAN-MODELS/4/log_normalized/SZ3_1e-8/SV_1_384_320.dat.SZ3.out
  ✓ Compression successful (ratio: 1.00x)

[44/54] Processing: TAUX_1_384_320.dat
compression ratio = 1.54 
compression time = 0.023403
compressed data file = ../../../../CESM-OCEAN-MODELS/4/log_normalized/TAUX_1_384_320.dat.sz.tmp
compression ratio = 1.535942
decompression time = 0.005648 seconds.
decompressed file = ../../../../CESM-OCEAN-MODELS/4/log_normalized/SZ3_1e-8/TAUX_1_384_320.dat.SZ3.out
  ✓ Compression successful (ratio: 1.00x)

[45/54] Processing: TAUX2_1_384_320.dat
compression ratio = 1.23 
compression time = 0.023607
compressed data file = ../../../../CESM-OCEAN-MODELS/4/log_normalized/TAUX2_1_384_320.dat.sz.tmp
compression ratio = 1.227796
decompression time = 0.006551 seconds.
decompressed file = ../../../../CESM-OCEAN-MODELS/4/log_normalized/SZ3_1e-8/TAUX2_1_384_320.dat.SZ3.out
  ✓ Compression successful (ratio: 1.00x)

[46/54] Processing: TAUY_1_384_320.dat
compression ratio = 1.49 
compression time = 0.025890
compressed data file = ../../../../CESM-OCEAN-MODELS/4/log_normalized/TAUY_1_384_320.dat.sz.tmp
compression ratio = 1.494154
decompression time = 0.006393 seconds.
decompressed file = ../../../../CESM-OCEAN-MODELS/4/log_normalized/SZ3_1e-8/TAUY_1_384_320.dat.SZ3.out
  ✓ Compression successful (ratio: 1.00x)

[47/54] Processing: TAUY2_1_384_320.dat
compression ratio = 1.18 
compression time = 0.025068
compressed data file = ../../../../CESM-OCEAN-MODELS/4/log_normalized/TAUY2_1_384_320.dat.sz.tmp
compression ratio = 1.181206
decompression time = 0.005492 seconds.
decompressed file = ../../../../CESM-OCEAN-MODELS/4/log_normalized/SZ3_1e-8/TAUY2_1_384_320.dat.SZ3.out
  ✓ Compression successful (ratio: 1.00x)

[48/54] Processing: TBLT_1_384_320.dat
compression ratio = 1.27 
compression time = 0.021445
compressed data file = ../../../../CESM-OCEAN-MODELS/4/log_normalized/TBLT_1_384_320.dat.sz.tmp
compression ratio = 1.269136
decompression time = 0.004366 seconds.
decompressed file = ../../../../CESM-OCEAN-MODELS/4/log_normalized/SZ3_1e-8/TBLT_1_384_320.dat.SZ3.out
  ✓ Compression successful (ratio: 1.00x)

[49/54] Processing: TFW_S_1_384_320.dat
compression ratio = 59.72 
compression time = 0.012687
compressed data file = ../../../../CESM-OCEAN-MODELS/4/log_normalized/TFW_S_1_384_320.dat.sz.tmp
compression ratio = 59.722965
decompression time = 0.006069 seconds.
decompressed file = ../../../../CESM-OCEAN-MODELS/4/log_normalized/SZ3_1e-8/TFW_S_1_384_320.dat.SZ3.out
  ✓ Compression successful (ratio: 1.00x)

[50/54] Processing: TFW_T_1_384_320.dat
compression ratio = 59.72 
compression time = 0.011467
compressed data file = ../../../../CESM-OCEAN-MODELS/4/log_normalized/TFW_T_1_384_320.dat.sz.tmp
compression ratio = 59.722965
decompression time = 0.005949 seconds.
decompressed file = ../../../../CESM-OCEAN-MODELS/4/log_normalized/SZ3_1e-8/TFW_T_1_384_320.dat.SZ3.out
  ✓ Compression successful (ratio: 1.00x)

[51/54] Processing: TLT_1_384_320.dat
compression ratio = 1.27 
compression time = 0.021152
compressed data file = ../../../../CESM-OCEAN-MODELS/4/log_normalized/TLT_1_384_320.dat.sz.tmp
compression ratio = 1.269451
decompression time = 0.003964 seconds.
decompressed file = ../../../../CESM-OCEAN-MODELS/4/log_normalized/SZ3_1e-8/TLT_1_384_320.dat.SZ3.out
  ✓ Compression successful (ratio: 1.00x)

[52/54] Processing: TMXL_1_384_320.dat
compression ratio = 1.32 
compression time = 0.021534
compressed data file = ../../../../CESM-OCEAN-MODELS/4/log_normalized/TMXL_1_384_320.dat.sz.tmp
compression ratio = 1.318423
decompression time = 0.004045 seconds.
decompressed file = ../../../../CESM-OCEAN-MODELS/4/log_normalized/SZ3_1e-8/TMXL_1_384_320.dat.SZ3.out
  ✓ Compression successful (ratio: 1.00x)

[53/54] Processing: XBLT_1_384_320.dat
compression ratio = 1.22 
compression time = 0.024330
compressed data file = ../../../../CESM-OCEAN-MODELS/4/log_normalized/XBLT_1_384_320.dat.sz.tmp
compression ratio = 1.219332
decompression time = 0.004792 seconds.
decompressed file = ../../../../CESM-OCEAN-MODELS/4/log_normalized/SZ3_1e-8/XBLT_1_384_320.dat.SZ3.out
  ✓ Compression successful (ratio: 1.00x)

[54/54] Processing: XMXL_1_384_320.dat
compression ratio = 1.23 
compression time = 0.024217
compressed data file = ../../../../CESM-OCEAN-MODELS/4/log_normalized/XMXL_1_384_320.dat.sz.tmp
compression ratio = 1.231821
decompression time = 0.004668 seconds.
decompressed file = ../../../../CESM-OCEAN-MODELS/4/log_normalized/SZ3_1e-8/XMXL_1_384_320.dat.SZ3.out
  ✓ Compression successful (ratio: 1.00x)

=== Summary ===
Total files processed: 54
Total files skipped: 0
Total files failed: 0

