Found 54 .dat file(s) to process

[1/54] Processing: ADVS_1_384_320.dat
  False Negatives: 4309
  False Positives: 12203
  False Types: 320
  Grand Total: 16832

[2/54] Processing: ADVS_ISOP_1_384_320.dat
  False Negatives: 4562
  False Positives: 5061
  False Types: 151
  Grand Total: 9774

[3/54] Processing: ADVS_SUBM_1_384_320.dat
  False Negatives: 343
  False Positives: 10018
  False Types: 22
  Grand Total: 10383

[4/54] Processing: ADVT_1_384_320.dat
  False Negatives: 11
  False Positives: 13
  False Types: 0
  Grand Total: 24

[5/54] Processing: ADVT_ISOP_1_384_320.dat
  False Negatives: 102
  False Positives: 166
  False Types: 0
  Grand Total: 268

[6/54] Processing: ADVT_SUBM_1_384_320.dat
  False Negatives: 2576
  False Positives: 3326
  False Types: 95
  Grand Total: 5997

[7/54] Processing: BSF_1_384_320.dat
  False Negatives: 1
  False Positives: 369
  False Types: 0
  Grand Total: 370

[8/54] Processing: DIA_DEPTH_1_384_320.dat
  False Negatives: 0
  False Positives: 0
  False Types: 0
  Grand Total: 0

[9/54] Processing: dTEMP_NEG_2D_1_384_320.dat
  False Negatives: 7
  False Positives: 8
  False Types: 0
  Grand Total: 15

[10/54] Processing: dTEMP_POS_2D_1_384_320.dat
  False Negatives: 4
  False Positives: 6
  False Types: 0
  Grand Total: 10

[11/54] Processing: EVAP_F_1_384_320.dat
  False Negatives: 965
  False Positives: 8934
  False Types: 122
  Grand Total: 10021

[12/54] Processing: FW_1_384_320.dat
  False Negatives: 0
  False Positives: 0
  False Types: 0
  Grand Total: 0

[13/54] Processing: HBLT_1_384_320.dat
  False Negatives: 0
  False Positives: 0
  False Types: 0
  Grand Total: 0

[14/54] Processing: HDIFS_1_384_320.dat
  False Negatives: 4112
  False Positives: 11154
  False Types: 283
  Grand Total: 15549

[15/54] Processing: HDIFT_1_384_320.dat
  False Negatives: 54
  False Positives: 67
  False Types: 0
  Grand Total: 121

[16/54] Processing: HLS_SUBM_1_384_320.dat
  False Negatives: 0
  False Positives: 221
  False Types: 0
  Grand Total: 221

[17/54] Processing: HMXL_1_384_320.dat
  False Negatives: 0
  False Positives: 0
  False Types: 0
  Grand Total: 0

[18/54] Processing: IFRAC_1_384_320.dat
  False Negatives: 1
  False Positives: 7155
  False Types: 0
  Grand Total: 7156

[19/54] Processing: INT_DEPTH_1_384_320.dat
  False Negatives: 0
  False Positives: 79
  False Types: 0
  Grand Total: 79

[20/54] Processing: IOFF_F_1_384_320.dat
  False Negatives: 145
  False Positives: 4013
  False Types: 3
  Grand Total: 4161

[21/54] Processing: LWDN_F_1_384_320.dat
  False Negatives: 67
  False Positives: 824
  False Types: 0
  Grand Total: 891

[22/54] Processing: LWUP_F_1_384_320.dat
  False Negatives: 0
  False Positives: 0
  False Types: 0
  Grand Total: 0

[23/54] Processing: MELT_F_1_384_320.dat
  False Negatives: 94
  False Positives: 1016
  False Types: 2
  Grand Total: 1112

[24/54] Processing: MELTH_F_1_384_320.dat
  False Negatives: 1
  False Positives: 227
  False Types: 0
  Grand Total: 228

[25/54] Processing: PREC_F_1_384_320.dat
  False Negatives: 942
  False Positives: 8568
  False Types: 92
  Grand Total: 9602

[26/54] Processing: QFLUX_1_384_320.dat
  False Negatives: 0
  False Positives: 81
  False Types: 0
  Grand Total: 81

[27/54] Processing: QSW_HBL_1_384_320.dat
  False Negatives: 1
  False Positives: 149
  False Types: 0
  Grand Total: 150

[28/54] Processing: QSW_HTP_1_384_320.dat
  False Negatives: 0
  False Positives: 190
  False Types: 0
  Grand Total: 190

[29/54] Processing: RESID_S_1_384_320.dat
  False Negatives: 0
  False Positives: 0
  False Types: 0
  Grand Total: 0

[30/54] Processing: RESID_T_1_384_320.dat
  False Negatives: 0
  False Positives: 0
  False Types: 0
  Grand Total: 0

[31/54] Processing: RHO_VINT_1_384_320.dat
  False Negatives: 0
  False Positives: 681
  False Types: 0
  Grand Total: 681

[32/54] Processing: ROFF_F_1_384_320.dat
  False Negatives: 726
  False Positives: 12700
  False Types: 30
  Grand Total: 13456

[33/54] Processing: SALT_F_1_384_320.dat
  False Negatives: 73
  False Positives: 5828
  False Types: 0
  Grand Total: 5901

[34/54] Processing: SENH_F_1_384_320.dat
  False Negatives: 2
  False Positives: 2
  False Types: 0
  Grand Total: 4

[35/54] Processing: SFWF_1_384_320.dat
  False Negatives: 1829
  False Positives: 4188
  False Types: 109
  Grand Total: 6126

[36/54] Processing: SFWF_WRST_1_384_320.dat
  False Negatives: 0
  False Positives: 0
  False Types: 0
  Grand Total: 0

[37/54] Processing: SHF_1_384_320.dat
  False Negatives: 4
  False Positives: 2
  False Types: 0
  Grand Total: 6

[38/54] Processing: SHF_QSW_1_384_320.dat
  False Negatives: 0
  False Positives: 166
  False Types: 0
  Grand Total: 166

[39/54] Processing: SNOW_F_1_384_320.dat
  False Negatives: 372
  False Positives: 6969
  False Types: 27
  Grand Total: 7368

[40/54] Processing: SSH_1_384_320.dat
  False Negatives: 1
  False Positives: 1
  False Types: 0
  Grand Total: 2

[41/54] Processing: SSH2_1_384_320.dat
  False Negatives: 0
  False Positives: 0
  False Types: 0
  Grand Total: 0

[42/54] Processing: SU_1_384_320.dat
  False Negatives: 0
  False Positives: 0
  False Types: 0
  Grand Total: 0

[43/54] Processing: SV_1_384_320.dat
  False Negatives: 0
  False Positives: 0
  False Types: 0
  Grand Total: 0

[44/54] Processing: TAUX_1_384_320.dat
  False Negatives: 0
  False Positives: 0
  False Types: 0
  Grand Total: 0

[45/54] Processing: TAUX2_1_384_320.dat
  False Negatives: 0
  False Positives: 0
  False Types: 0
  Grand Total: 0

[46/54] Processing: TAUY_1_384_320.dat
  False Negatives: 3
  False Positives: 2
  False Types: 0
  Grand Total: 5

[47/54] Processing: TAUY2_1_384_320.dat
  False Negatives: 0
  False Positives: 0
  False Types: 0
  Grand Total: 0

[48/54] Processing: TBLT_1_384_320.dat
  False Negatives: 0
  False Positives: 0
  False Types: 0
  Grand Total: 0

[49/54] Processing: TFW_S_1_384_320.dat
  False Negatives: 0
  False Positives: 0
  False Types: 0
  Grand Total: 0

[50/54] Processing: TFW_T_1_384_320.dat
  False Negatives: 0
  False Positives: 0
  False Types: 0
  Grand Total: 0

[51/54] Processing: TLT_1_384_320.dat
  False Negatives: 0
  False Positives: 0
  False Types: 0
  Grand Total: 0

[52/54] Processing: TMXL_1_384_320.dat
  False Negatives: 0
  False Positives: 10
  False Types: 0
  Grand Total: 10

[53/54] Processing: XBLT_1_384_320.dat
  False Negatives: 0
  False Positives: 22
  False Types: 0
  Grand Total: 22

[54/54] Processing: XMXL_1_384_320.dat
  False Negatives: 1
  False Positives: 16
  False Types: 0
  Grand Total: 17

=== Summary ===
Total files processed: 54
Total files failed: 0
Total false cases across all files: 126999
Average false cases per file: 2351.83
