Found 130 .dat file(s) to process

[1/130] Processing: aeroiceint001_1_384_320.dat
  False Negatives: 0
  False Positives: 0
  False Types: 0
  Grand Total: 0

[2/130] Processing: aeroiceint002_1_384_320.dat
  False Negatives: 0
  False Positives: 0
  False Types: 0
  Grand Total: 0

[3/130] Processing: aeroiceint003_1_384_320.dat
  False Negatives: 0
  False Positives: 0
  False Types: 0
  Grand Total: 0

[4/130] Processing: aeroicessl001_1_384_320.dat
  False Negatives: 0
  False Positives: 0
  False Types: 0
  Grand Total: 0

[5/130] Processing: aeroicessl002_1_384_320.dat
  False Negatives: 0
  False Positives: 0
  False Types: 0
  Grand Total: 0

[6/130] Processing: aeroicessl003_1_384_320.dat
  False Negatives: 0
  False Positives: 0
  False Types: 0
  Grand Total: 0

[7/130] Processing: aerosnoint001_1_384_320.dat
  False Negatives: 0
  False Positives: 0
  False Types: 0
  Grand Total: 0

[8/130] Processing: aerosnoint002_1_384_320.dat
  False Negatives: 0
  False Positives: 0
  False Types: 0
  Grand Total: 0

[9/130] Processing: aerosnoint003_1_384_320.dat
  False Negatives: 33
  False Positives: 0
  False Types: 0
  Grand Total: 33

[10/130] Processing: aerosnossl001_1_384_320.dat
  False Negatives: 0
  False Positives: 0
  False Types: 0
  Grand Total: 0

[11/130] Processing: aerosnossl002_1_384_320.dat
  False Negatives: 0
  False Positives: 0
  False Types: 0
  Grand Total: 0

[12/130] Processing: aerosnossl003_1_384_320.dat
  False Negatives: 90
  False Positives: 0
  False Types: 0
  Grand Total: 90

[13/130] Processing: aice_1_384_320.dat
  False Negatives: 19
  False Positives: 4392
  False Types: 1
  Grand Total: 4412

[14/130] Processing: aicen001_1_384_320.dat
  False Negatives: 1
  False Positives: 4282
  False Types: 0
  Grand Total: 4283

[15/130] Processing: aicen002_1_384_320.dat
  False Negatives: 3
  False Positives: 4270
  False Types: 0
  Grand Total: 4273

[16/130] Processing: aicen003_1_384_320.dat
  False Negatives: 3
  False Positives: 4228
  False Types: 0
  Grand Total: 4231

[17/130] Processing: aicen004_1_384_320.dat
  False Negatives: 3
  False Positives: 4182
  False Types: 0
  Grand Total: 4185

[18/130] Processing: aicen005_1_384_320.dat
  False Negatives: 3
  False Positives: 4137
  False Types: 0
  Grand Total: 4140

[19/130] Processing: aisnap_1_384_320.dat
  False Negatives: 84
  False Positives: 4285
  False Types: 11
  Grand Total: 4380

[20/130] Processing: albice_1_384_320.dat
  False Negatives: 89
  False Positives: 2729
  False Types: 7
  Grand Total: 2825

[21/130] Processing: albpnd_1_384_320.dat
  False Negatives: 94
  False Positives: 2253
  False Types: 7
  Grand Total: 2354

[22/130] Processing: albsno_1_384_320.dat
  False Negatives: 9
  False Positives: 2395
  False Types: 0
  Grand Total: 2404

[23/130] Processing: alidr_1_384_320.dat
  False Negatives: 7
  False Positives: 2626
  False Types: 0
  Grand Total: 2633

[24/130] Processing: alvdr_1_384_320.dat
  False Negatives: 12
  False Positives: 2624
  False Types: 0
  Grand Total: 2636

[25/130] Processing: ANGLE_384_320.dat
  False Negatives: 2
  False Positives: 36
  False Types: 1
  Grand Total: 39

[26/130] Processing: ANGLET_384_320.dat
  False Negatives: 0
  False Positives: 23
  False Types: 0
  Grand Total: 23

[27/130] Processing: apond001_1_384_320.dat
  False Negatives: 6
  False Positives: 5503
  False Types: 1
  Grand Total: 5510

[28/130] Processing: apond002_1_384_320.dat
  False Negatives: 5
  False Positives: 7998
  False Types: 0
  Grand Total: 8003

[29/130] Processing: apond003_1_384_320.dat
  False Negatives: 4
  False Positives: 7660
  False Types: 1
  Grand Total: 7665

[30/130] Processing: apond004_1_384_320.dat
  False Negatives: 9
  False Positives: 6812
  False Types: 0
  Grand Total: 6821

[31/130] Processing: apond005_1_384_320.dat
  False Negatives: 8
  False Positives: 5635
  False Types: 0
  Grand Total: 5643

[32/130] Processing: congel_1_384_320.dat
  False Negatives: 8
  False Positives: 3475
  False Types: 1
  Grand Total: 3484

[33/130] Processing: coszen_1_384_320.dat
  False Negatives: 91
  False Positives: 6475
  False Types: 1
  Grand Total: 6567

[34/130] Processing: daidtd_1_384_320.dat
  False Negatives: 51
  False Positives: 13322
  False Types: 3
  Grand Total: 13376

[35/130] Processing: daidtt_1_384_320.dat
  False Negatives: 27
  False Positives: 13852
  False Types: 2
  Grand Total: 13881

[36/130] Processing: dardg1dt_1_384_320.dat
  False Negatives: 24
  False Positives: 3962
  False Types: 0
  Grand Total: 3986

[37/130] Processing: dardg2dt_1_384_320.dat
  False Negatives: 79
  False Positives: 3918
  False Types: 4
  Grand Total: 4001

[38/130] Processing: divu_1_384_320.dat
  False Negatives: 40
  False Positives: 13641
  False Types: 0
  Grand Total: 13681

[39/130] Processing: dvidtd_1_384_320.dat
  False Negatives: 26
  False Positives: 14337
  False Types: 1
  Grand Total: 14364

[40/130] Processing: dvidtt_1_384_320.dat
  False Negatives: 28
  False Positives: 12956
  False Types: 2
  Grand Total: 12986

[41/130] Processing: dvirdgdt_1_384_320.dat
  False Negatives: 39
  False Positives: 4037
  False Types: 2
  Grand Total: 4078

[42/130] Processing: dxt_384_320.dat
  False Negatives: 0
  False Positives: 0
  False Types: 0
  Grand Total: 0

[43/130] Processing: dxu_384_320.dat
  False Negatives: 0
  False Positives: 0
  False Types: 0
  Grand Total: 0

[44/130] Processing: dyt_384_320.dat
  False Negatives: 0
  False Positives: 68
  False Types: 0
  Grand Total: 68

[45/130] Processing: dyu_384_320.dat
  False Negatives: 0
  False Positives: 222
  False Types: 0
  Grand Total: 222

[46/130] Processing: evap_1_384_320.dat
  False Negatives: 123
  False Positives: 13251
  False Types: 6
  Grand Total: 13380

[47/130] Processing: evap_ai_1_384_320.dat
  False Negatives: 203
  False Positives: 13060
  False Types: 12
  Grand Total: 13275

[48/130] Processing: faero_atm001_1_384_320.dat
  False Negatives: 0
  False Positives: 0
  False Types: 0
  Grand Total: 0

[49/130] Processing: faero_atm002_1_384_320.dat
  False Negatives: 0
  False Positives: 0
  False Types: 0
  Grand Total: 0

[50/130] Processing: faero_atm003_1_384_320.dat
  False Negatives: 0
  False Positives: 0
  False Types: 0
  Grand Total: 0

[51/130] Processing: faero_ocn001_1_384_320.dat
  False Negatives: 0
  False Positives: 0
  False Types: 0
  Grand Total: 0

[52/130] Processing: faero_ocn002_1_384_320.dat
  False Negatives: 0
  False Positives: 0
  False Types: 0
  Grand Total: 0

[53/130] Processing: faero_ocn003_1_384_320.dat
  False Negatives: 0
  False Positives: 0
  False Types: 0
  Grand Total: 0

[54/130] Processing: fcondtop_ai_1_384_320.dat
  False Negatives: 48
  False Positives: 13643
  False Types: 6
  Grand Total: 13697

[55/130] Processing: fhocn_1_384_320.dat
  False Negatives: 137
  False Positives: 13456
  False Types: 19
  Grand Total: 13612

[56/130] Processing: fhocn_ai_1_384_320.dat
  False Negatives: 52
  False Positives: 13559
  False Types: 9
  Grand Total: 13620

[57/130] Processing: flat_1_384_320.dat
  False Negatives: 4
  False Positives: 14157
  False Types: 0
  Grand Total: 14161

[58/130] Processing: flat_ai_1_384_320.dat
  False Negatives: 63
  False Positives: 13064
  False Types: 3
  Grand Total: 13130

[59/130] Processing: flwdn_1_384_320.dat
  False Negatives: 480
  False Positives: 14443
  False Types: 4
  Grand Total: 14927

[60/130] Processing: flwup_1_384_320.dat
  False Negatives: 3
  False Positives: 13343
  False Types: 0
  Grand Total: 13346

[61/130] Processing: flwup_ai_1_384_320.dat
  False Negatives: 4
  False Positives: 13769
  False Types: 0
  Grand Total: 13773

[62/130] Processing: frazil_1_384_320.dat
  False Negatives: 2
  False Positives: 3120
  False Types: 0
  Grand Total: 3122

[63/130] Processing: fresh_1_384_320.dat
  False Negatives: 3
  False Positives: 13031
  False Types: 0
  Grand Total: 13034

[64/130] Processing: fresh_ai_1_384_320.dat
  False Negatives: 25
  False Positives: 5440
  False Types: 2
  Grand Total: 5467

[65/130] Processing: fs_1_384_320.dat
  False Negatives: 30
  False Positives: 4241
  False Types: 1
  Grand Total: 4272

[66/130] Processing: fsalt_1_384_320.dat
  False Negatives: 47
  False Positives: 13441
  False Types: 3
  Grand Total: 13491

[67/130] Processing: fsalt_ai_1_384_320.dat
  False Negatives: 85
  False Positives: 13095
  False Types: 8
  Grand Total: 13188

[68/130] Processing: fsens_1_384_320.dat
  False Negatives: 4
  False Positives: 14283
  False Types: 0
  Grand Total: 14287

[69/130] Processing: fsens_ai_1_384_320.dat
  False Negatives: 23
  False Positives: 13513
  False Types: 0
  Grand Total: 13536

[70/130] Processing: fsurf_ai_1_384_320.dat
  False Negatives: 32
  False Positives: 13798
  False Types: 1
  Grand Total: 13831

[71/130] Processing: fswabs_1_384_320.dat
  False Negatives: 3
  False Positives: 2625
  False Types: 0
  Grand Total: 2628

[72/130] Processing: fswabs_ai_1_384_320.dat
  False Negatives: 9
  False Positives: 2471
  False Types: 0
  Grand Total: 2480

[73/130] Processing: fswdn_1_384_320.dat
  False Negatives: 535
  False Positives: 16040
  False Types: 5
  Grand Total: 16580

[74/130] Processing: fswfac_1_384_320.dat
  False Negatives: 23
  False Positives: 13007
  False Types: 1
  Grand Total: 13031

[75/130] Processing: fswthru_1_384_320.dat
  False Negatives: 3
  False Positives: 2540
  False Types: 0
  Grand Total: 2543

[76/130] Processing: fswthru_ai_1_384_320.dat
  False Negatives: 3
  False Positives: 2403
  False Types: 0
  Grand Total: 2406

[77/130] Processing: fswup_1_384_320.dat
  False Negatives: 531
  False Positives: 16086
  False Types: 5
  Grand Total: 16622

[78/130] Processing: FYarea_1_384_320.dat
  False Negatives: 68
  False Positives: 4160
  False Types: 12
  Grand Total: 4240

[79/130] Processing: hi_1_384_320.dat
  False Negatives: 4
  False Positives: 4219
  False Types: 1
  Grand Total: 4224

[80/130] Processing: hisnap_1_384_320.dat
  False Negatives: 9
  False Positives: 4211
  False Types: 0
  Grand Total: 4220

[81/130] Processing: hs_1_384_320.dat
  False Negatives: 20
  False Positives: 3978
  False Types: 3
  Grand Total: 4001

[82/130] Processing: HTE_384_320.dat
  False Negatives: 0
  False Positives: 58
  False Types: 0
  Grand Total: 58

[83/130] Processing: HTN_384_320.dat
  False Negatives: 0
  False Positives: 0
  False Types: 0
  Grand Total: 0

[84/130] Processing: iage_1_384_320.dat
  False Negatives: 12
  False Positives: 4251
  False Types: 0
  Grand Total: 4263

[85/130] Processing: ice_present_1_384_320.dat
  False Negatives: 0
  False Positives: 3943
  False Types: 0
  Grand Total: 3943

[86/130] Processing: meltb_1_384_320.dat
  False Negatives: 193
  False Positives: 4174
  False Types: 24
  Grand Total: 4391

[87/130] Processing: meltl_1_384_320.dat
  False Negatives: 256
  False Positives: 3064
  False Types: 13
  Grand Total: 3333

[88/130] Processing: melts_1_384_320.dat
  False Negatives: 21
  False Positives: 2883
  False Types: 0
  Grand Total: 2904

[89/130] Processing: meltt_1_384_320.dat
  False Negatives: 85
  False Positives: 948
  False Types: 3
  Grand Total: 1036

[90/130] Processing: opening_1_384_320.dat
  False Negatives: 1
  False Positives: 4245
  False Types: 0
  Grand Total: 4246

[91/130] Processing: qi_1_384_320.dat
  False Negatives: 35
  False Positives: 12143
  False Types: 2
  Grand Total: 12180

[92/130] Processing: Qref_1_384_320.dat
  False Negatives: 26
  False Positives: 11844
  False Types: 0
  Grand Total: 11870

[93/130] Processing: qs_1_384_320.dat
  False Negatives: 47
  False Positives: 12828
  False Types: 4
  Grand Total: 12879

[94/130] Processing: rain_1_384_320.dat
  False Negatives: 623
  False Positives: 14490
  False Types: 14
  Grand Total: 15127

[95/130] Processing: rain_ai_1_384_320.dat
  False Negatives: 132
  False Positives: 4059
  False Types: 16
  Grand Total: 4207

[96/130] Processing: shear_1_384_320.dat
  False Negatives: 1
  False Positives: 4290
  False Types: 0
  Grand Total: 4291

[97/130] Processing: sig1_1_384_320.dat
  False Negatives: 14
  False Positives: 4124
  False Types: 0
  Grand Total: 4138

[98/130] Processing: sig2_1_384_320.dat
  False Negatives: 11
  False Positives: 4181
  False Types: 0
  Grand Total: 4192

[99/130] Processing: snoice_1_384_320.dat
  False Negatives: 103
  False Positives: 3440
  False Types: 4
  Grand Total: 3547

[100/130] Processing: snow_1_384_320.dat
  False Negatives: 644
  False Positives: 5907
  False Types: 22
  Grand Total: 6573

[101/130] Processing: snow_ai_1_384_320.dat
  False Negatives: 38
  False Positives: 4087
  False Types: 2
  Grand Total: 4127

[102/130] Processing: strairx_1_384_320.dat
  False Negatives: 57
  False Positives: 12795
  False Types: 8
  Grand Total: 12860

[103/130] Processing: strairy_1_384_320.dat
  False Negatives: 71
  False Positives: 13309
  False Types: 4
  Grand Total: 13384

[104/130] Processing: strcorx_1_384_320.dat
  False Negatives: 172
  False Positives: 13432
  False Types: 15
  Grand Total: 13619

[105/130] Processing: strcory_1_384_320.dat
  False Negatives: 101
  False Positives: 13489
  False Types: 12
  Grand Total: 13602

[106/130] Processing: strength_1_384_320.dat
  False Negatives: 12
  False Positives: 4200
  False Types: 0
  Grand Total: 4212

[107/130] Processing: strintx_1_384_320.dat
  False Negatives: 198
  False Positives: 12767
  False Types: 17
  Grand Total: 12982

[108/130] Processing: strinty_1_384_320.dat
  False Negatives: 158
  False Positives: 14863
  False Types: 9
  Grand Total: 15030

[109/130] Processing: strocnx_1_384_320.dat
  False Negatives: 81
  False Positives: 13108
  False Types: 7
  Grand Total: 13196

[110/130] Processing: strocny_1_384_320.dat
  False Negatives: 110
  False Positives: 14489
  False Types: 9
  Grand Total: 14608

[111/130] Processing: Tair_1_384_320.dat
  False Negatives: 88
  False Positives: 11969
  False Types: 2
  Grand Total: 12059

[112/130] Processing: tarea_384_320.dat
  False Negatives: 0
  False Positives: 0
  False Types: 0
  Grand Total: 0

[113/130] Processing: TLAT_384_320.dat
  False Negatives: 0
  False Positives: 0
  False Types: 0
  Grand Total: 0

[114/130] Processing: TLON_384_320.dat
  False Negatives: 0
  False Positives: 215
  False Types: 0
  Grand Total: 215

[115/130] Processing: tmask_384_320.dat
  False Negatives: 0
  False Positives: 0
  False Types: 0
  Grand Total: 0

[116/130] Processing: transix_1_384_320.dat
  False Negatives: 21
  False Positives: 14567
  False Types: 1
  Grand Total: 14589

[117/130] Processing: transiy_1_384_320.dat
  False Negatives: 39
  False Positives: 13528
  False Types: 2
  Grand Total: 13569

[118/130] Processing: Tref_1_384_320.dat
  False Negatives: 97
  False Positives: 11775
  False Types: 6
  Grand Total: 11878

[119/130] Processing: trsig_1_384_320.dat
  False Negatives: 67
  False Positives: 12360
  False Types: 2
  Grand Total: 12429

[120/130] Processing: Tsfc_1_384_320.dat
  False Negatives: 8
  False Positives: 14059
  False Types: 0
  Grand Total: 14067

[121/130] Processing: uarea_384_320.dat
  False Negatives: 0
  False Positives: 14
  False Types: 0
  Grand Total: 14

[122/130] Processing: ULAT_384_320.dat
  False Negatives: 0
  False Positives: 0
  False Types: 0
  Grand Total: 0

[123/130] Processing: ULON_384_320.dat
  False Negatives: 0
  False Positives: 283
  False Types: 0
  Grand Total: 283

[124/130] Processing: uvel_1_384_320.dat
  False Negatives: 11
  False Positives: 13341
  False Types: 0
  Grand Total: 13352

[125/130] Processing: vicen001_1_384_320.dat
  False Negatives: 28
  False Positives: 4054
  False Types: 3
  Grand Total: 4085

[126/130] Processing: vicen002_1_384_320.dat
  False Negatives: 30
  False Positives: 3879
  False Types: 2
  Grand Total: 3911

[127/130] Processing: vicen003_1_384_320.dat
  False Negatives: 23
  False Positives: 3791
  False Types: 1
  Grand Total: 3815

[128/130] Processing: vicen004_1_384_320.dat
  False Negatives: 16
  False Positives: 3791
  False Types: 1
  Grand Total: 3808

[129/130] Processing: vicen005_1_384_320.dat
  False Negatives: 16
  False Positives: 3848
  False Types: 0
  Grand Total: 3864

[130/130] Processing: vvel_1_384_320.dat
  False Negatives: 5
  False Positives: 13072
  False Types: 0
  Grand Total: 13077

=== Summary ===
Total files processed: 130
Total files failed: 0
Total false cases across all files: 817214
Average false cases per file: 6286.26
