Input directory: ../../CESM-LAND-MODELS/4/log_normalized/
Output directory: ../../CESM-LAND-MODELS/4/log_normalized/topoSZp_22_thread/
Dimensions: 192x288 (55296 elements)
Error bound: 1E-3
Block size: 16

Found 176 .dat file(s) to process

[1/176] Processing: ACTUAL_IMMOB_1_192_288.dat

compression time=0.002291, total fastmode1 topology
compression size = 53078, CR = 4.167150
done
decompression time=0.003542
done
Min=0, Max=1, range=1
Max absolute error = 0.0009999275
Max relative error = 0.001000
Max pw relative error = 0.001000
PSNR = 62.071961, NRMSE= 0.00078777455229637376524
acEff=1.000000
compressionRatio = 4.167150
  ✓ Compression and decompression successful (ratio: 4.16x)

[2/176] Processing: AGNPP_1_192_288.dat

compression time=0.002978, total fastmode1 topology
compression size = 54031, CR = 4.093650
done
decompression time=0.003616
done
Min=0, Max=1, range=1
Max absolute error = 0.0009999275
Max relative error = 0.001000
Max pw relative error = 0.001000
PSNR = 62.071979, NRMSE= 0.00078777292724696048026
acEff=1.000000
compressionRatio = 4.093650
  ✓ Compression and decompression successful (ratio: 4.09x)

[3/176] Processing: ANN_FAREA_BURNED_1_192_288.dat

compression time=0.002708, total fastmode1 topology
compression size = 54899, CR = 4.028926
done
decompression time=0.003667
done
Min=0, Max=1, range=1
Max absolute error = 0.0015493974
Max relative error = 0.001549
Max pw relative error = 0.001549
PSNR = 61.279277, NRMSE= 0.00086305039060979686638
acEff=1.000000
compressionRatio = 4.028926
  ✓ Compression and decompression successful (ratio: 4.02x)

[4/176] Processing: AR_1_192_288.dat

compression time=0.002615, total fastmode1 topology
compression size = 55461, CR = 3.988100
done
decompression time=0.003484
done
Min=0, Max=1, range=1
Max absolute error = 0.0009999275
Max relative error = 0.001000
Max pw relative error = 0.001000
PSNR = 62.071858, NRMSE= 0.00078778392671455656302
acEff=1.000000
compressionRatio = 3.988100
  ✓ Compression and decompression successful (ratio: 3.98x)

[5/176] Processing: area_192_288.dat

compression time=0.002073, total fastmode1 topology
compression size = 52431, CR = 4.218573
done
decompression time=0.002872
done
Min=0, Max=1, range=1
Max absolute error = 0.0009999275
Max relative error = 0.001000
Max pw relative error = 0.001000
PSNR = 61.236845, NRMSE= 0.00086727687525883757035
acEff=1.000000
compressionRatio = 4.218573
  ✓ Compression and decompression successful (ratio: 4.21x)

[6/176] Processing: areaatm_192_288.dat

compression time=0.002042, total fastmode1 topology
compression size = 52427, CR = 4.218895
done
decompression time=0.002872
done
Min=0, Max=1, range=1
Max absolute error = 0.0009999275
Max relative error = 0.001000
Max pw relative error = 0.001000
PSNR = 69.412901, NRMSE= 0.00033834124005249793148
acEff=1.000000
compressionRatio = 4.218895
  ✓ Compression and decompression successful (ratio: 4.21x)

[7/176] Processing: areaupsc_192_288.dat

compression time=0.001935, total fastmode1 topology
compression size = 52431, CR = 4.218573
done
decompression time=0.002954
done
Min=0, Max=1, range=1
Max absolute error = 0.0009999275
Max relative error = 0.001000
Max pw relative error = 0.001000
PSNR = 61.236845, NRMSE= 0.00086727687525883757035
acEff=1.000000
compressionRatio = 4.218573
  ✓ Compression and decompression successful (ratio: 4.21x)

[8/176] Processing: BCDEP_1_192_288.dat

compression time=0.001764, total fastmode1 topology
compression size = 52422, CR = 4.219297
done
decompression time=0.003108
done
Min=0, Max=1, range=1
Max absolute error = 0.0009999275
Max relative error = 0.001000
Max pw relative error = 0.001000
PSNR = 62.071967, NRMSE= 0.00078777397612012631852
acEff=1.000000
compressionRatio = 4.219297
  ✓ Compression and decompression successful (ratio: 4.21x)

[9/176] Processing: BGNPP_1_192_288.dat

compression time=0.002756, total fastmode1 topology
compression size = 54088, CR = 4.089336
done
decompression time=0.003541
done
Min=0, Max=1, range=1
Max absolute error = 0.0009999275
Max relative error = 0.001000
Max pw relative error = 0.001000
PSNR = 62.071971, NRMSE= 0.00078777366323579806322
acEff=1.000000
compressionRatio = 4.089336
  ✓ Compression and decompression successful (ratio: 4.08x)

[10/176] Processing: BTRAN_1_192_288.dat

compression time=0.003044, total fastmode1 topology
compression size = 57790, CR = 3.827375
done
decompression time=0.003568
done
Min=0, Max=1, range=1
Max absolute error = 0.0014253405
Max relative error = 0.001425
Max pw relative error = 0.001425
PSNR = 61.687062, NRMSE= 0.00082346831452061999487
acEff=1.000000
compressionRatio = 3.827375
  ✓ Compression and decompression successful (ratio: 3.82x)

[11/176] Processing: BUILDHEAT_1_192_288.dat

compression time=0.002386, total fastmode1 topology
compression size = 54691, CR = 4.044249
done
decompression time=0.003395
done
Min=0, Max=1, range=1
Max absolute error = 0.0010040253
Max relative error = 0.001004
Max pw relative error = 0.001004
PSNR = 62.002019, NRMSE= 0.00079414362658308389632
acEff=1.000000
compressionRatio = 4.044249
  ✓ Compression and decompression successful (ratio: 4.04x)

[12/176] Processing: COL_CTRUNC_1_192_288.dat

compression time=0.002083, total fastmode1 topology
compression size = 53404, CR = 4.141712
done
decompression time=0.003567
done
Min=0, Max=1, range=1
Max absolute error = 0.0009999987
Max relative error = 0.001000
Max pw relative error = 0.001000
PSNR = 62.071851, NRMSE= 0.00078778450742544999744
acEff=1.000000
compressionRatio = 4.141712
  ✓ Compression and decompression successful (ratio: 4.14x)

[13/176] Processing: COL_FIRE_CLOSS_1_192_288.dat

compression time=0.002056, total fastmode1 topology
compression size = 52914, CR = 4.180066
done
decompression time=0.003443
done
Min=0, Max=1, range=1
Max absolute error = 0.0009999871
Max relative error = 0.001000
Max pw relative error = 0.001000
PSNR = 62.071842, NRMSE= 0.00078778534339123270584
acEff=1.000000
compressionRatio = 4.180066
  ✓ Compression and decompression successful (ratio: 4.18x)

[14/176] Processing: COL_FIRE_NLOSS_1_192_288.dat

compression time=0.002045, total fastmode1 topology
compression size = 52451, CR = 4.216964
done
decompression time=0.003024
done
Min=0, Max=1, range=1
Max absolute error = 0.0009999275
Max relative error = 0.001000
Max pw relative error = 0.001000
PSNR = 62.071967, NRMSE= 0.00078777399827588661784
acEff=1.000000
compressionRatio = 4.216964
  ✓ Compression and decompression successful (ratio: 4.21x)

[15/176] Processing: COL_NTRUNC_1_192_288.dat

compression time=0.001917, total fastmode1 topology
compression size = 53015, CR = 4.172102
done
decompression time=0.003572
done
Min=0, Max=1, range=1
Max absolute error = 0.0013290693
Max relative error = 0.001329
Max pw relative error = 0.001329
PSNR = 62.062404, NRMSE= 0.00078864178712107239552
acEff=1.000000
compressionRatio = 4.172102
  ✓ Compression and decompression successful (ratio: 4.17x)

[16/176] Processing: CPOOL_1_192_288.dat

compression time=0.001935, total fastmode1 topology
compression size = 52422, CR = 4.219297
done
decompression time=0.002827
done
Min=0, Max=1, range=1
Max absolute error = 0.0009999275
Max relative error = 0.001000
Max pw relative error = 0.001000
PSNR = 62.071967, NRMSE= 0.00078777397612012631852
acEff=1.000000
compressionRatio = 4.219297
  ✓ Compression and decompression successful (ratio: 4.21x)

[17/176] Processing: CWDC_1_192_288.dat

compression time=0.002499, total fastmode1 topology
compression size = 60162, CR = 3.676474
done
decompression time=0.003747
done
Min=0, Max=1, range=1
Max absolute error = 0.0019370429
Max relative error = 0.001937
Max pw relative error = 0.001937
PSNR = 61.631421, NRMSE= 0.00082876033262253791158
acEff=1.000000
compressionRatio = 3.676474
  ✓ Compression and decompression successful (ratio: 3.67x)

[18/176] Processing: CWDC_HR_1_192_288.dat

compression time=0.002077, total fastmode1 topology
compression size = 52422, CR = 4.219297
done
decompression time=0.004076
done
Min=0, Max=1, range=1
Max absolute error = 0.0009999275
Max relative error = 0.001000
Max pw relative error = 0.001000
PSNR = 62.071967, NRMSE= 0.00078777397612012631852
acEff=1.000000
compressionRatio = 4.219297
  ✓ Compression and decompression successful (ratio: 4.21x)

[19/176] Processing: CWDC_LOSS_1_192_288.dat

compression time=0.002363, total fastmode1 topology
compression size = 53899, CR = 4.103675
done
decompression time=0.003698
done
Min=0, Max=1, range=1
Max absolute error = 0.0009999770
Max relative error = 0.001000
Max pw relative error = 0.001000
PSNR = 62.071831, NRMSE= 0.00078778631123075574909
acEff=1.000000
compressionRatio = 4.103675
  ✓ Compression and decompression successful (ratio: 4.10x)

[20/176] Processing: CWDN_1_192_288.dat

compression time=0.002629, total fastmode1 topology
compression size = 58561, CR = 3.776985
done
decompression time=0.043778
done
Min=0, Max=1, range=1
Max absolute error = 0.0016611414
Max relative error = 0.001661
Max pw relative error = 0.001661
PSNR = 61.677154, NRMSE= 0.00082440818681147600908
acEff=1.000000
compressionRatio = 3.776985
  ✓ Compression and decompression successful (ratio: 3.77x)

[21/176] Processing: DEADCROOTC_1_192_288.dat

compression time=0.002467, total fastmode1 topology
compression size = 60245, CR = 3.671408
done
decompression time=0.003559
done
Min=0, Max=1, range=1
Max absolute error = 0.0018982366
Max relative error = 0.001898
Max pw relative error = 0.001898
PSNR = 61.626776, NRMSE= 0.00082920359254443271914
acEff=1.000000
compressionRatio = 3.671408
  ✓ Compression and decompression successful (ratio: 3.67x)

[22/176] Processing: DEADCROOTN_1_192_288.dat

compression time=0.002166, total fastmode1 topology
compression size = 58700, CR = 3.768041
done
decompression time=0.003744
done
Min=0, Max=1, range=1
Max absolute error = 0.0016184282
Max relative error = 0.001618
Max pw relative error = 0.001618
PSNR = 61.668964, NRMSE= 0.00082518587371548535875
acEff=1.000000
compressionRatio = 3.768041
  ✓ Compression and decompression successful (ratio: 3.76x)

[23/176] Processing: DEADSTEMC_1_192_288.dat

compression time=0.002611, total fastmode1 topology
compression size = 60371, CR = 3.663746
done
decompression time=0.003627
done
Min=0, Max=1, range=1
Max absolute error = 0.0018786788
Max relative error = 0.001879
Max pw relative error = 0.001879
PSNR = 61.628548, NRMSE= 0.00082903447208922652085
acEff=1.000000
compressionRatio = 3.663746
  ✓ Compression and decompression successful (ratio: 3.66x)

[24/176] Processing: DEADSTEMN_1_192_288.dat

compression time=0.002136, total fastmode1 topology
compression size = 59142, CR = 3.739880
done
decompression time=0.003765
done
Min=0, Max=1, range=1
Max absolute error = 0.0015565697
Max relative error = 0.001557
Max pw relative error = 0.001557
PSNR = 61.657796, NRMSE= 0.00082624754380484295886
acEff=1.000000
compressionRatio = 3.739880
  ✓ Compression and decompression successful (ratio: 3.73x)

[25/176] Processing: DENIT_1_192_288.dat

compression time=0.002194, total fastmode1 topology
compression size = 52539, CR = 4.209901
done
decompression time=0.003238
done
Min=0, Max=1, range=1
Max absolute error = 0.0009999275
Max relative error = 0.001000
Max pw relative error = 0.001000
PSNR = 62.071965, NRMSE= 0.000787774153899075541
acEff=1.000000
compressionRatio = 4.209901
  ✓ Compression and decompression successful (ratio: 4.20x)

[26/176] Processing: DISPVEGC_1_192_288.dat

compression time=0.002198, total fastmode1 topology
compression size = 60696, CR = 3.644128
done
decompression time=0.003809
done
Min=0, Max=1, range=1
Max absolute error = 0.0017272756
Max relative error = 0.001727
Max pw relative error = 0.001727
PSNR = 61.590070, NRMSE= 0.00083271523087518467803
acEff=1.000000
compressionRatio = 3.644128
  ✓ Compression and decompression successful (ratio: 3.64x)

[27/176] Processing: DISPVEGN_1_192_288.dat

compression time=0.002423, total fastmode1 topology
compression size = 59612, CR = 3.710394
done
decompression time=0.003840
done
Min=0, Max=1, range=1
Max absolute error = 0.0016675610
Max relative error = 0.001668
Max pw relative error = 0.001668
PSNR = 61.599530, NRMSE= 0.00083180879496146770905
acEff=1.000000
compressionRatio = 3.710394
  ✓ Compression and decompression successful (ratio: 3.71x)

[28/176] Processing: DSTDEP_1_192_288.dat

compression time=0.001947, total fastmode1 topology
compression size = 52422, CR = 4.219297
done
decompression time=0.003003
done
Min=0, Max=1, range=1
Max absolute error = 0.0009999275
Max relative error = 0.001000
Max pw relative error = 0.001000
PSNR = 62.071967, NRMSE= 0.00078777397612012631852
acEff=1.000000
compressionRatio = 4.219297
  ✓ Compression and decompression successful (ratio: 4.21x)

[29/176] Processing: DSTFLXT_1_192_288.dat

compression time=0.001900, total fastmode1 topology
compression size = 52487, CR = 4.214072
done
decompression time=0.003028
done
Min=0, Max=1, range=1
Max absolute error = 0.0009999275
Max relative error = 0.001000
Max pw relative error = 0.001000
PSNR = 62.071967, NRMSE= 0.00078777400920386118043
acEff=1.000000
compressionRatio = 4.214072
  ✓ Compression and decompression successful (ratio: 4.21x)

[30/176] Processing: DWT_CLOSS_1_192_288.dat

compression time=0.002168, total fastmode1 topology
compression size = 52422, CR = 4.219297
done
decompression time=0.002886
done
Min=0, Max=1, range=1
Max absolute error = 0.0009999275
Max relative error = 0.001000
Max pw relative error = 0.001000
PSNR = 62.071967, NRMSE= 0.00078777397612012631852
acEff=1.000000
compressionRatio = 4.219297
  ✓ Compression and decompression successful (ratio: 4.21x)

[31/176] Processing: DWT_CONV_CFLUX_1_192_288.dat

compression time=0.002177, total fastmode1 topology
compression size = 52422, CR = 4.219297
done
decompression time=0.002988
done
Min=0, Max=1, range=1
Max absolute error = 0.0009999275
Max relative error = 0.001000
Max pw relative error = 0.001000
PSNR = 62.071967, NRMSE= 0.00078777397612012631852
acEff=1.000000
compressionRatio = 4.219297
  ✓ Compression and decompression successful (ratio: 4.21x)

[32/176] Processing: DWT_CONV_NFLUX_1_192_288.dat

compression time=0.002136, total fastmode1 topology
compression size = 52422, CR = 4.219297
done
decompression time=0.002918
done
Min=0, Max=1, range=1
Max absolute error = 0.0009999275
Max relative error = 0.001000
Max pw relative error = 0.001000
PSNR = 62.071967, NRMSE= 0.00078777397612012631852
acEff=1.000000
compressionRatio = 4.219297
  ✓ Compression and decompression successful (ratio: 4.21x)

[33/176] Processing: DWT_NLOSS_1_192_288.dat

compression time=0.002244, total fastmode1 topology
compression size = 52422, CR = 4.219297
done
decompression time=0.002943
done
Min=0, Max=1, range=1
Max absolute error = 0.0009999275
Max relative error = 0.001000
Max pw relative error = 0.001000
PSNR = 62.071967, NRMSE= 0.00078777397612012631852
acEff=1.000000
compressionRatio = 4.219297
  ✓ Compression and decompression successful (ratio: 4.21x)

[34/176] Processing: DWT_PROD100C_GAIN_1_192_288.dat

compression time=0.001866, total fastmode1 topology
compression size = 52422, CR = 4.219297
done
decompression time=0.003937
done
Min=0, Max=1, range=1
Max absolute error = 0.0009999275
Max relative error = 0.001000
Max pw relative error = 0.001000
PSNR = 62.071967, NRMSE= 0.00078777397612012631852
acEff=1.000000
compressionRatio = 4.219297
  ✓ Compression and decompression successful (ratio: 4.21x)

[35/176] Processing: DWT_PROD100N_GAIN_1_192_288.dat

compression time=0.001846, total fastmode1 topology
compression size = 52422, CR = 4.219297
done
decompression time=0.003052
done
Min=0, Max=1, range=1
Max absolute error = 0.0009999275
Max relative error = 0.001000
Max pw relative error = 0.001000
PSNR = 62.071967, NRMSE= 0.00078777397612012631852
acEff=1.000000
compressionRatio = 4.219297
  ✓ Compression and decompression successful (ratio: 4.21x)

[36/176] Processing: DWT_PROD10C_GAIN_1_192_288.dat

compression time=0.002146, total fastmode1 topology
compression size = 52422, CR = 4.219297
done
decompression time=0.002775
done
Min=0, Max=1, range=1
Max absolute error = 0.0009999275
Max relative error = 0.001000
Max pw relative error = 0.001000
PSNR = 62.071967, NRMSE= 0.00078777397612012631852
acEff=1.000000
compressionRatio = 4.219297
  ✓ Compression and decompression successful (ratio: 4.21x)

[37/176] Processing: DWT_PROD10N_GAIN_1_192_288.dat

compression time=0.001996, total fastmode1 topology
compression size = 52422, CR = 4.219297
done
decompression time=0.002946
done
Min=0, Max=1, range=1
Max absolute error = 0.0009999275
Max relative error = 0.001000
Max pw relative error = 0.001000
PSNR = 62.071967, NRMSE= 0.00078777397612012631852
acEff=1.000000
compressionRatio = 4.219297
  ✓ Compression and decompression successful (ratio: 4.21x)

[38/176] Processing: DWT_SEEDC_TO_DEADSTEM_1_192_288.dat

compression time=0.002017, total fastmode1 topology
compression size = 52422, CR = 4.219297
done
decompression time=0.002949
done
Min=0, Max=1, range=1
Max absolute error = 0.0009999275
Max relative error = 0.001000
Max pw relative error = 0.001000
PSNR = 62.071967, NRMSE= 0.00078777397612012631852
acEff=1.000000
compressionRatio = 4.219297
  ✓ Compression and decompression successful (ratio: 4.21x)

[39/176] Processing: DWT_SEEDC_TO_LEAF_1_192_288.dat

compression time=0.001858, total fastmode1 topology
compression size = 52422, CR = 4.219297
done
decompression time=0.003175
done
Min=0, Max=1, range=1
Max absolute error = 0.0009999275
Max relative error = 0.001000
Max pw relative error = 0.001000
PSNR = 62.071967, NRMSE= 0.00078777397612012631852
acEff=1.000000
compressionRatio = 4.219297
  ✓ Compression and decompression successful (ratio: 4.21x)

[40/176] Processing: DWT_SEEDN_TO_DEADSTEM_1_192_288.dat

compression time=0.003907, total fastmode1 topology
compression size = 52422, CR = 4.219297
done
decompression time=0.002985
done
Min=0, Max=1, range=1
Max absolute error = 0.0009999275
Max relative error = 0.001000
Max pw relative error = 0.001000
PSNR = 62.071967, NRMSE= 0.00078777397612012631852
acEff=1.000000
compressionRatio = 4.219297
  ✓ Compression and decompression successful (ratio: 4.21x)

[41/176] Processing: DWT_SEEDN_TO_LEAF_1_192_288.dat

compression time=0.002122, total fastmode1 topology
compression size = 52422, CR = 4.219297
done
decompression time=0.002960
done
Min=0, Max=1, range=1
Max absolute error = 0.0009999275
Max relative error = 0.001000
Max pw relative error = 0.001000
PSNR = 62.071967, NRMSE= 0.00078777397612012631852
acEff=1.000000
compressionRatio = 4.219297
  ✓ Compression and decompression successful (ratio: 4.21x)

[42/176] Processing: EFLX_DYNBAL_1_192_288.dat

compression time=0.001905, total fastmode1 topology
compression size = 52422, CR = 4.219297
done
decompression time=0.002942
done
Min=0, Max=1, range=1
Max absolute error = 0.0009999275
Max relative error = 0.001000
Max pw relative error = 0.001000
PSNR = 62.071967, NRMSE= 0.00078777397612012631852
acEff=1.000000
compressionRatio = 4.219297
  ✓ Compression and decompression successful (ratio: 4.21x)

[43/176] Processing: EFLX_LH_TOT_R_1_192_288.dat

compression time=0.002859, total fastmode1 topology
compression size = 57139, CR = 3.870981
done
decompression time=0.004039
done
Min=0, Max=1, range=1
Max absolute error = 0.0013161227
Max relative error = 0.001316
Max pw relative error = 0.001316
PSNR = 60.842324, NRMSE= 0.00090757771561327351458
acEff=1.000000
compressionRatio = 3.870981
  ✓ Compression and decompression successful (ratio: 3.87x)

[44/176] Processing: EFLX_LH_TOT_U_1_192_288.dat

compression time=0.001962, total fastmode1 topology
compression size = 51149, CR = 4.324307
done
decompression time=0.003338
done
Min=0, Max=1, range=1
Max absolute error = 0.0012835730
Max relative error = 0.001284
Max pw relative error = 0.001284
PSNR = 60.241106, NRMSE= 0.00097262340661413964477
acEff=1.000000
compressionRatio = 4.324307
  ✓ Compression and decompression successful (ratio: 4.32x)

[45/176] Processing: ELAI_1_192_288.dat

compression time=0.002461, total fastmode1 topology
compression size = 59018, CR = 3.747738
done
decompression time=0.003615
done
Min=0, Max=1, range=1
Max absolute error = 0.0016564410
Max relative error = 0.001656
Max pw relative error = 0.001656
PSNR = 61.638282, NRMSE= 0.00082810598332341931339
acEff=1.000000
compressionRatio = 3.747738
  ✓ Compression and decompression successful (ratio: 3.74x)

[46/176] Processing: ER_1_192_288.dat

compression time=0.002621, total fastmode1 topology
compression size = 55589, CR = 3.978917
done
decompression time=0.003795
done
Min=0, Max=1, range=1
Max absolute error = 0.0009999275
Max relative error = 0.001000
Max pw relative error = 0.001000
PSNR = 62.072045, NRMSE= 0.0007877669518715742572
acEff=1.000000
compressionRatio = 3.978917
  ✓ Compression and decompression successful (ratio: 3.97x)

[47/176] Processing: ERRH2O_1_192_288.dat

compression time=0.002095, total fastmode1 topology
compression size = 52422, CR = 4.219297
done
decompression time=0.048904
done
Min=0, Max=1, range=1
Max absolute error = 0.0009999275
Max relative error = 0.001000
Max pw relative error = 0.001000
PSNR = 62.071967, NRMSE= 0.00078777397612012631852
acEff=1.000000
compressionRatio = 4.219297
  ✓ Compression and decompression successful (ratio: 4.21x)

[48/176] Processing: ERRSEB_1_192_288.dat

compression time=0.002390, total fastmode1 topology
compression size = 52422, CR = 4.219297
done
decompression time=0.003066
done
Min=0, Max=1, range=1
Max absolute error = 0.0009999275
Max relative error = 0.001000
Max pw relative error = 0.001000
PSNR = 62.071967, NRMSE= 0.00078777397612012631852
acEff=1.000000
compressionRatio = 4.219297
  ✓ Compression and decompression successful (ratio: 4.21x)

[49/176] Processing: ERRSOI_1_192_288.dat

compression time=0.001984, total fastmode1 topology
compression size = 52422, CR = 4.219297
done
decompression time=0.002973
done
Min=0, Max=1, range=1
Max absolute error = 0.0009999275
Max relative error = 0.001000
Max pw relative error = 0.001000
PSNR = 62.071967, NRMSE= 0.00078777397612012631852
acEff=1.000000
compressionRatio = 4.219297
  ✓ Compression and decompression successful (ratio: 4.21x)

[50/176] Processing: ERRSOL_1_192_288.dat

compression time=0.001778, total fastmode1 topology
compression size = 52422, CR = 4.219297
done
decompression time=0.003046
done
Min=0, Max=1, range=1
Max absolute error = 0.0009999275
Max relative error = 0.001000
Max pw relative error = 0.001000
PSNR = 62.071967, NRMSE= 0.00078777397612012631852
acEff=1.000000
compressionRatio = 4.219297
  ✓ Compression and decompression successful (ratio: 4.21x)

[51/176] Processing: ESAI_1_192_288.dat

compression time=0.002845, total fastmode1 topology
compression size = 59452, CR = 3.720379
done
decompression time=0.003911
done
Min=0, Max=1, range=1
Max absolute error = 0.0015745545
Max relative error = 0.001575
Max pw relative error = 0.001575
PSNR = 61.568244, NRMSE= 0.00083481033150122920233
acEff=1.000000
compressionRatio = 3.720379
  ✓ Compression and decompression successful (ratio: 3.72x)

[52/176] Processing: FCEV_1_192_288.dat

compression time=0.002586, total fastmode1 topology
compression size = 58245, CR = 3.797476
done
decompression time=0.003787
done
Min=0, Max=1, range=1
Max absolute error = 0.0015309565
Max relative error = 0.001531
Max pw relative error = 0.001531
PSNR = 61.341458, NRMSE= 0.00085689395865885342827
acEff=1.000000
compressionRatio = 3.797476
  ✓ Compression and decompression successful (ratio: 3.79x)

[53/176] Processing: FCOV_1_192_288.dat

compression time=0.002670, total fastmode1 topology
compression size = 58675, CR = 3.769646
done
decompression time=0.003967
done
Min=0, Max=1, range=1
Max absolute error = 0.0015401798
Max relative error = 0.001540
Max pw relative error = 0.001540
PSNR = 60.908020, NRMSE= 0.00090073907289255669261
acEff=1.000000
compressionRatio = 3.769646
  ✓ Compression and decompression successful (ratio: 3.76x)

[54/176] Processing: FCTR_1_192_288.dat

compression time=0.002351, total fastmode1 topology
compression size = 57903, CR = 3.819906
done
decompression time=0.003797
done
Min=0, Max=1, range=1
Max absolute error = 0.0017816611
Max relative error = 0.001782
Max pw relative error = 0.001782
PSNR = 61.723054, NRMSE= 0.00082006317160043871832
acEff=1.000000
compressionRatio = 3.819906
  ✓ Compression and decompression successful (ratio: 3.81x)

[55/176] Processing: FGEV_1_192_288.dat

compression time=0.002589, total fastmode1 topology
compression size = 62175, CR = 3.557443
done
decompression time=0.004013
done
Min=0, Max=1, range=1
Max absolute error = 0.0016059764
Max relative error = 0.001606
Max pw relative error = 0.001606
PSNR = 61.255976, NRMSE= 0.00086536875071807671869
acEff=1.000000
compressionRatio = 3.557443
  ✓ Compression and decompression successful (ratio: 3.55x)

[56/176] Processing: FGR_1_192_288.dat

compression time=0.002553, total fastmode1 topology
compression size = 60918, CR = 3.630848
done
decompression time=0.004072
done
Min=0, Max=1, range=1
Max absolute error = 0.0014040023
Max relative error = 0.001404
Max pw relative error = 0.001404
PSNR = 61.230221, NRMSE= 0.00086793846968521797501
acEff=1.000000
compressionRatio = 3.630848
  ✓ Compression and decompression successful (ratio: 3.63x)

[57/176] Processing: FGR12_1_192_288.dat

compression time=0.002689, total fastmode1 topology
compression size = 61067, CR = 3.621989
done
decompression time=0.003963
done
Min=0, Max=1, range=1
Max absolute error = 0.0016045235
Max relative error = 0.001605
Max pw relative error = 0.001605
PSNR = 61.249592, NRMSE= 0.00086600497983686656241
acEff=1.000000
compressionRatio = 3.621989
  ✓ Compression and decompression successful (ratio: 3.62x)

[58/176] Processing: FGR_R_1_192_288.dat

compression time=0.002618, total fastmode1 topology
compression size = 56826, CR = 3.892303
done
decompression time=0.003902
done
Min=0, Max=1, range=1
Max absolute error = 0.0011734813
Max relative error = 0.001173
Max pw relative error = 0.001173
PSNR = 60.826105, NRMSE= 0.00090927399532097314891
acEff=1.000000
compressionRatio = 3.892303
  ✓ Compression and decompression successful (ratio: 3.89x)

[59/176] Processing: FGR_U_1_192_288.dat

compression time=0.002246, total fastmode1 topology
compression size = 51229, CR = 4.317554
done
decompression time=0.003452
done
Min=0, Max=1, range=1
Max absolute error = 0.0010039955
Max relative error = 0.001004
Max pw relative error = 0.001004
PSNR = 60.219142, NRMSE= 0.00097508590743237240003
acEff=1.000000
compressionRatio = 4.317555
  ✓ Compression and decompression successful (ratio: 4.31x)

[60/176] Processing: FIRA_1_192_288.dat

compression time=0.002437, total fastmode1 topology
compression size = 60260, CR = 3.670495
done
decompression time=0.003988
done
Min=0, Max=1, range=1
Max absolute error = 0.0014234111
Max relative error = 0.001423
Max pw relative error = 0.001423
PSNR = 61.289123, NRMSE= 0.00086207256913968673649
acEff=1.000000
compressionRatio = 3.670495
  ✓ Compression and decompression successful (ratio: 3.67x)

[61/176] Processing: FIRA_R_1_192_288.dat

compression time=0.002226, total fastmode1 topology
compression size = 56572, CR = 3.909779
done
decompression time=0.003757
done
Min=0, Max=1, range=1
Max absolute error = 0.0012866966
Max relative error = 0.001287
Max pw relative error = 0.001287
PSNR = 60.843245, NRMSE= 0.00090748148706131892376
acEff=1.000000
compressionRatio = 3.909779
  ✓ Compression and decompression successful (ratio: 3.90x)

[62/176] Processing: FIRA_U_1_192_288.dat

compression time=0.002098, total fastmode1 topology
compression size = 51142, CR = 4.324899
done
decompression time=0.008283
done
Min=0, Max=1, range=1
Max absolute error = 0.0009999275
Max relative error = 0.001000
Max pw relative error = 0.001000
PSNR = 60.241244, NRMSE= 0.00097260786767545644779
acEff=1.000000
compressionRatio = 4.324899
  ✓ Compression and decompression successful (ratio: 4.32x)

[63/176] Processing: FIRE_1_192_288.dat

compression time=0.002621, total fastmode1 topology
compression size = 58000, CR = 3.813517
done
decompression time=0.003864
done
Min=0, Max=1, range=1
Max absolute error = 0.0014962628
Max relative error = 0.001496
Max pw relative error = 0.001496
PSNR = 61.263597, NRMSE= 0.00086460975385207474667
acEff=1.000000
compressionRatio = 3.813517
  ✓ Compression and decompression successful (ratio: 3.81x)

[64/176] Processing: FIRESEASONL_1_192_288.dat

compression time=0.002497, total fastmode1 topology
compression size = 58667, CR = 3.770160
done
decompression time=0.003699
done
Min=0, Max=1, range=1
Max absolute error = 0.0018511489
Max relative error = 0.001851
Max pw relative error = 0.001851
PSNR = 60.993506, NRMSE= 0.00089191757121071055942
acEff=1.000000
compressionRatio = 3.770160
  ✓ Compression and decompression successful (ratio: 3.77x)

[65/176] Processing: FLDS_1_192_288.dat

compression time=0.002039, total fastmode1 topology
compression size = 58011, CR = 3.812794
done
decompression time=0.003863
done
Min=0, Max=1, range=1
Max absolute error = 0.0011940412
Max relative error = 0.001194
Max pw relative error = 0.001194
PSNR = 61.254512, NRMSE= 0.00086551463135841786526
acEff=1.000000
compressionRatio = 3.812794
  ✓ Compression and decompression successful (ratio: 3.81x)

[66/176] Processing: FLUXFM2A_1_192_288.dat

compression time=0.002074, total fastmode1 topology
compression size = 52422, CR = 4.219297
done
decompression time=0.002880
done
Min=0, Max=1, range=1
Max absolute error = 0.0009999275
Max relative error = 0.001000
Max pw relative error = 0.001000
PSNR = 62.071967, NRMSE= 0.00078777397612012631852
acEff=1.000000
compressionRatio = 4.219297
  ✓ Compression and decompression successful (ratio: 4.21x)

[67/176] Processing: FLUXFMLND_1_192_288.dat

compression time=0.001947, total fastmode1 topology
compression size = 52422, CR = 4.219297
done
decompression time=0.002927
done
Min=0, Max=1, range=1
Max absolute error = 0.0009999275
Max relative error = 0.001000
Max pw relative error = 0.001000
PSNR = 62.071967, NRMSE= 0.00078777397612012631852
acEff=1.000000
compressionRatio = 4.219297
  ✓ Compression and decompression successful (ratio: 4.21x)

[68/176] Processing: FPG_1_192_288.dat

compression time=0.002538, total fastmode1 topology
compression size = 54617, CR = 4.049728
done
decompression time=0.003665
done
Min=0, Max=1, range=1
Max absolute error = 0.0009999711
Max relative error = 0.001000
Max pw relative error = 0.001000
PSNR = 60.849657, NRMSE= 0.00090681181778827979131
acEff=1.000000
compressionRatio = 4.049728
  ✓ Compression and decompression successful (ratio: 4.04x)

[69/176] Processing: FPI_1_192_288.dat

compression time=0.002440, total fastmode1 topology
compression size = 57471, CR = 3.848619
done
decompression time=0.003721
done
Min=0, Max=1, range=1
Max absolute error = 0.0012885728
Max relative error = 0.001289
Max pw relative error = 0.001289
PSNR = 61.016236, NRMSE= 0.00088958650706482246626
acEff=1.000000
compressionRatio = 3.848619
  ✓ Compression and decompression successful (ratio: 3.84x)

[70/176] Processing: FPSN_1_192_288.dat

compression time=0.003275, total fastmode1 topology
compression size = 57402, CR = 3.853245
done
decompression time=0.003716
done
Min=0, Max=1, range=1
Max absolute error = 0.0018265098
Max relative error = 0.001827
Max pw relative error = 0.001827
PSNR = 61.695404, NRMSE= 0.00082267782772401341906
acEff=1.000000
compressionRatio = 3.853246
  ✓ Compression and decompression successful (ratio: 3.85x)

[71/176] Processing: FROOTC_1_192_288.dat

compression time=0.002737, total fastmode1 topology
compression size = 60158, CR = 3.676718
done
decompression time=0.003785
done
Min=0, Max=1, range=1
Max absolute error = 0.0019731969
Max relative error = 0.001973
Max pw relative error = 0.001973
PSNR = 61.622329, NRMSE= 0.00082962827437231035938
acEff=1.000000
compressionRatio = 3.676718
  ✓ Compression and decompression successful (ratio: 3.67x)

[72/176] Processing: FROOTC_ALLOC_1_192_288.dat

compression time=0.002561, total fastmode1 topology
compression size = 54053, CR = 4.091984
done
decompression time=0.003483
done
Min=0, Max=1, range=1
Max absolute error = 0.0009999275
Max relative error = 0.001000
Max pw relative error = 0.001000
PSNR = 62.071968, NRMSE= 0.00078777393159570332452
acEff=1.000000
compressionRatio = 4.091984
  ✓ Compression and decompression successful (ratio: 4.09x)

[73/176] Processing: FROOTC_LOSS_1_192_288.dat

compression time=0.002486, total fastmode1 topology
compression size = 54803, CR = 4.035984
done
decompression time=0.003681
done
Min=0, Max=1, range=1
Max absolute error = 0.0009999275
Max relative error = 0.001000
Max pw relative error = 0.001000
PSNR = 62.071961, NRMSE= 0.00078777453703392469157
acEff=1.000000
compressionRatio = 4.035983
  ✓ Compression and decompression successful (ratio: 4.03x)

[74/176] Processing: FROOTN_1_192_288.dat

compression time=0.002709, total fastmode1 topology
compression size = 59148, CR = 3.739501
done
decompression time=0.003792
done
Min=0, Max=1, range=1
Max absolute error = 0.0016909055
Max relative error = 0.001691
Max pw relative error = 0.001691
PSNR = 61.638880, NRMSE= 0.00082804895614392408365
acEff=1.000000
compressionRatio = 3.739501
  ✓ Compression and decompression successful (ratio: 3.73x)

[75/176] Processing: FSA_1_192_288.dat

compression time=0.040067, total fastmode1 topology
compression size = 59860, CR = 3.695022
done
decompression time=0.004025
done
Min=0, Max=1, range=1
Max absolute error = 0.0014230125
Max relative error = 0.001423
Max pw relative error = 0.001423
PSNR = 61.360535, NRMSE= 0.00085501403137827624874
acEff=1.000000
compressionRatio = 3.695022
  ✓ Compression and decompression successful (ratio: 3.69x)

[76/176] Processing: FSA_R_1_192_288.dat

compression time=0.002309, total fastmode1 topology
compression size = 55234, CR = 4.004490
done
decompression time=0.003883
done
Min=0, Max=1, range=1
Max absolute error = 0.0014230125
Max relative error = 0.001423
Max pw relative error = 0.001423
PSNR = 60.895093, NRMSE= 0.00090208063719470919697
acEff=1.000000
compressionRatio = 4.004490
  ✓ Compression and decompression successful (ratio: 4.00x)

[77/176] Processing: FSAT_1_192_288.dat

compression time=0.002943, total fastmode1 topology
compression size = 58225, CR = 3.798781
done
decompression time=0.003890
done
Min=0, Max=1, range=1
Max absolute error = 0.0010014921
Max relative error = 0.001001
Max pw relative error = 0.001001
PSNR = 60.881207, NRMSE= 0.00090352389611765137212
acEff=1.000000
compressionRatio = 3.798781
  ✓ Compression and decompression successful (ratio: 3.79x)

[78/176] Processing: FSA_U_1_192_288.dat

compression time=0.002113, total fastmode1 topology
compression size = 50880, CR = 4.347170
done
decompression time=0.003738
done
Min=0, Max=1, range=1
Max absolute error = 0.0009999275
Max relative error = 0.001000
Max pw relative error = 0.001000
PSNR = 60.240993, NRMSE= 0.0009726360581234660312
acEff=1.000000
compressionRatio = 4.347170
  ✓ Compression and decompression successful (ratio: 4.34x)

[79/176] Processing: FSDS_1_192_288.dat

compression time=0.002595, total fastmode1 topology
compression size = 56732, CR = 3.898752
done
decompression time=0.003850
done
Min=0, Max=1, range=1
Max absolute error = 0.0012363791
Max relative error = 0.001236
Max pw relative error = 0.001236
PSNR = 61.345547, NRMSE= 0.00085649069841732951118
acEff=1.000000
compressionRatio = 3.898752
  ✓ Compression and decompression successful (ratio: 3.89x)

[80/176] Processing: FSDSND_1_192_288.dat

compression time=0.002283, total fastmode1 topology
compression size = 57718, CR = 3.832150
done
decompression time=0.003845
done
Min=0, Max=1, range=1
Max absolute error = 0.0011715107
Max relative error = 0.001172
Max pw relative error = 0.001172
PSNR = 61.354095, NRMSE= 0.00085564824767862205507
acEff=1.000000
compressionRatio = 3.832149
  ✓ Compression and decompression successful (ratio: 3.83x)

[81/176] Processing: FSDSNDLN_1_192_288.dat

compression time=0.002295, total fastmode1 topology
compression size = 58545, CR = 3.778017
done
decompression time=0.003680
done
Min=0, Max=1, range=1
Max absolute error = 0.0013469346
Max relative error = 0.001347
Max pw relative error = 0.001347
PSNR = 61.347597, NRMSE= 0.00085628854803316124897
acEff=1.000000
compressionRatio = 3.778017
  ✓ Compression and decompression successful (ratio: 3.77x)

[82/176] Processing: FSDSNI_1_192_288.dat

compression time=0.002549, total fastmode1 topology
compression size = 59372, CR = 3.725392
done
decompression time=0.004044
done
Min=0, Max=1, range=1
Max absolute error = 0.0016739070
Max relative error = 0.001674
Max pw relative error = 0.001674
PSNR = 61.335079, NRMSE= 0.00085752354812011148243
acEff=1.000000
compressionRatio = 3.725392
  ✓ Compression and decompression successful (ratio: 3.72x)

[83/176] Processing: FSDSVD_1_192_288.dat

compression time=0.002533, total fastmode1 topology
compression size = 57555, CR = 3.843002
done
decompression time=0.003784
done
Min=0, Max=1, range=1
Max absolute error = 0.0011562072
Max relative error = 0.001156
Max pw relative error = 0.001156
PSNR = 61.374161, NRMSE= 0.00085367377143632432266
acEff=1.000000
compressionRatio = 3.843002
  ✓ Compression and decompression successful (ratio: 3.84x)

[84/176] Processing: FSDSVDLN_1_192_288.dat

compression time=0.002238, total fastmode1 topology
compression size = 58253, CR = 3.796955
done
decompression time=0.003850
done
Min=0, Max=1, range=1
Max absolute error = 0.0011641365
Max relative error = 0.001164
Max pw relative error = 0.001164
PSNR = 61.371204, NRMSE= 0.00085396444854255219251
acEff=1.000000
compressionRatio = 3.796955
  ✓ Compression and decompression successful (ratio: 3.79x)

[85/176] Processing: FSDSVI_1_192_288.dat

compression time=0.002428, total fastmode1 topology
compression size = 58471, CR = 3.782798
done
decompression time=0.003760
done
Min=0, Max=1, range=1
Max absolute error = 0.0015119053
Max relative error = 0.001512
Max pw relative error = 0.001512
PSNR = 61.356322, NRMSE= 0.00085542886573054246688
acEff=1.000000
compressionRatio = 3.782798
  ✓ Compression and decompression successful (ratio: 3.78x)

[86/176] Processing: FSH_1_192_288.dat

compression time=0.002509, total fastmode1 topology
compression size = 61197, CR = 3.614295
done
decompression time=0.004102
done
Min=0, Max=1, range=1
Max absolute error = 0.0010882802
Max relative error = 0.001088
Max pw relative error = 0.001088
PSNR = 61.285978, NRMSE= 0.0008623848184212432131
acEff=1.000000
compressionRatio = 3.614295
  ✓ Compression and decompression successful (ratio: 3.61x)

[87/176] Processing: FSH_G_1_192_288.dat

compression time=0.002681, total fastmode1 topology
compression size = 62418, CR = 3.543593
done
decompression time=0.004217
done
Min=0, Max=1, range=1
Max absolute error = 0.0013391674
Max relative error = 0.001339
Max pw relative error = 0.001339
PSNR = 61.227405, NRMSE= 0.00086821997076970002134
acEff=1.000000
compressionRatio = 3.543593
  ✓ Compression and decompression successful (ratio: 3.54x)

[88/176] Processing: FSH_NODYNLNDUSE_1_192_288.dat

compression time=0.002819, total fastmode1 topology
compression size = 61190, CR = 3.614708
done
decompression time=0.004079
done
Min=0, Max=1, range=1
Max absolute error = 0.0010882802
Max relative error = 0.001088
Max pw relative error = 0.001088
PSNR = 61.285987, NRMSE= 0.00086238395762883504874
acEff=1.000000
compressionRatio = 3.614708
  ✓ Compression and decompression successful (ratio: 3.61x)

[89/176] Processing: FSH_R_1_192_288.dat

compression time=0.002616, total fastmode1 topology
compression size = 56799, CR = 3.894153
done
decompression time=0.003913
done
Min=0, Max=1, range=1
Max absolute error = 0.0010764189
Max relative error = 0.001076
Max pw relative error = 0.001076
PSNR = 60.843828, NRMSE= 0.00090742053992947020215
acEff=1.000000
compressionRatio = 3.894153
  ✓ Compression and decompression successful (ratio: 3.89x)

[90/176] Processing: FSH_U_1_192_288.dat

compression time=0.002096, total fastmode1 topology
compression size = 51288, CR = 4.312588
done
decompression time=0.003542
done
Min=0, Max=1, range=1
Max absolute error = 0.0010040328
Max relative error = 0.001004
Max pw relative error = 0.001004
PSNR = 60.238926, NRMSE= 0.00097286748811226640699
acEff=1.000000
compressionRatio = 4.312588
  ✓ Compression and decompression successful (ratio: 4.31x)

[91/176] Processing: FSH_V_1_192_288.dat

compression time=0.002255, total fastmode1 topology
compression size = 58201, CR = 3.800347
done
decompression time=0.003722
done
Min=0, Max=1, range=1
Max absolute error = 0.0014131702
Max relative error = 0.001413
Max pw relative error = 0.001413
PSNR = 61.511689, NRMSE= 0.00084026359401628500107
acEff=1.000000
compressionRatio = 3.800347
  ✓ Compression and decompression successful (ratio: 3.80x)

[92/176] Processing: FSM_1_192_288.dat

compression time=0.004526, total fastmode1 topology
compression size = 59524, CR = 3.715879
done
decompression time=0.003694
done
Min=0, Max=1, range=1
Max absolute error = 0.0017386107
Max relative error = 0.001739
Max pw relative error = 0.001739
PSNR = 61.795995, NRMSE= 0.00081320540203754269285
acEff=1.000000
compressionRatio = 3.715879
  ✓ Compression and decompression successful (ratio: 3.71x)

[93/176] Processing: FSM_R_1_192_288.dat

compression time=0.002070, total fastmode1 topology
compression size = 55747, CR = 3.967639
done
decompression time=0.003673
done
Min=0, Max=1, range=1
Max absolute error = 0.0014816709
Max relative error = 0.001482
Max pw relative error = 0.001482
PSNR = 61.167090, NRMSE= 0.0008742698039592829368
acEff=1.000000
compressionRatio = 3.967640
  ✓ Compression and decompression successful (ratio: 3.96x)

[94/176] Processing: FSM_U_1_192_288.dat

compression time=0.002254, total fastmode1 topology
compression size = 51061, CR = 4.331760
done
decompression time=0.003542
done
Min=0, Max=1, range=1
Max absolute error = 0.0009999641
Max relative error = 0.001000
Max pw relative error = 0.001000
PSNR = 60.332005, NRMSE= 0.00096249783886034445245
acEff=1.000000
compressionRatio = 4.331760
  ✓ Compression and decompression successful (ratio: 4.33x)

[95/176] Processing: FSNO_1_192_288.dat

compression time=0.002204, total fastmode1 topology
compression size = 55069, CR = 4.016489
done
decompression time=0.003597
done
Min=0, Max=1, range=1
Max absolute error = 0.0013746596
Max relative error = 0.001375
Max pw relative error = 0.001375
PSNR = 61.790927, NRMSE= 0.00081368001084597451136
acEff=1.000000
compressionRatio = 4.016488
  ✓ Compression and decompression successful (ratio: 4.01x)

[96/176] Processing: FSR_1_192_288.dat

compression time=0.002897, total fastmode1 topology
compression size = 60722, CR = 3.642568
done
decompression time=0.004227
done
Min=0, Max=1, range=1
Max absolute error = 0.0016473122
Max relative error = 0.001647
Max pw relative error = 0.001647
PSNR = 61.370708, NRMSE= 0.00085401325040869707078
acEff=1.000000
compressionRatio = 3.642568
  ✓ Compression and decompression successful (ratio: 3.64x)

[97/176] Processing: FSRND_1_192_288.dat

compression time=0.002261, total fastmode1 topology
compression size = 60497, CR = 3.656115
done
decompression time=0.003875
done
Min=0, Max=1, range=1
Max absolute error = 0.0014392920
Max relative error = 0.001439
Max pw relative error = 0.001439
PSNR = 61.348786, NRMSE= 0.00085617133012439285492
acEff=1.000000
compressionRatio = 3.656115
  ✓ Compression and decompression successful (ratio: 3.65x)

[98/176] Processing: FSRNDLN_1_192_288.dat

compression time=0.005118, total fastmode1 topology
compression size = 61314, CR = 3.607398
done
decompression time=0.003911
done
Min=0, Max=1, range=1
Max absolute error = 0.0019427389
Max relative error = 0.001943
Max pw relative error = 0.001943
PSNR = 61.351095, NRMSE= 0.00085594379647525051322
acEff=1.000000
compressionRatio = 3.607398
  ✓ Compression and decompression successful (ratio: 3.60x)

[99/176] Processing: FSRNI_1_192_288.dat

compression time=0.002195, total fastmode1 topology
compression size = 61022, CR = 3.624660
done
decompression time=0.004112
done
Min=0, Max=1, range=1
Max absolute error = 0.0015351344
Max relative error = 0.001535
Max pw relative error = 0.001535
PSNR = 61.355611, NRMSE= 0.0008554988803894602277
acEff=1.000000
compressionRatio = 3.624660
  ✓ Compression and decompression successful (ratio: 3.62x)

[100/176] Processing: FSRVD_1_192_288.dat

compression time=0.002465, total fastmode1 topology
compression size = 59953, CR = 3.689290
done
decompression time=0.003773
done
Min=0, Max=1, range=1
Max absolute error = 0.0013147537
Max relative error = 0.001315
Max pw relative error = 0.001315
PSNR = 61.358351, NRMSE= 0.00085522901543190628891
acEff=1.000000
compressionRatio = 3.689290
  ✓ Compression and decompression successful (ratio: 3.68x)

[101/176] Processing: FSRVDLN_1_192_288.dat

compression time=0.002142, total fastmode1 topology
compression size = 60401, CR = 3.661926
done
decompression time=0.003998
done
Min=0, Max=1, range=1
Max absolute error = 0.0015411377
Max relative error = 0.001541
Max pw relative error = 0.001541
PSNR = 61.345552, NRMSE= 0.00085649021628984725943
acEff=1.000000
compressionRatio = 3.661926
  ✓ Compression and decompression successful (ratio: 3.66x)

[102/176] Processing: FSRVI_1_192_288.dat

compression time=0.004339, total fastmode1 topology
compression size = 60833, CR = 3.635921
done
decompression time=0.004039
done
Min=0, Max=1, range=1
Max absolute error = 0.0015832186
Max relative error = 0.001583
Max pw relative error = 0.001583
PSNR = 61.332649, NRMSE= 0.00085776346547360388193
acEff=1.000000
compressionRatio = 3.635921
  ✓ Compression and decompression successful (ratio: 3.63x)

[103/176] Processing: GC_HEAT1_1_192_288.dat

compression time=0.003085, total fastmode1 topology
compression size = 61506, CR = 3.596137
done
decompression time=0.004496
done
Min=0, Max=1, range=1
Max absolute error = 0.0010045096
Max relative error = 0.001005
Max pw relative error = 0.001005
PSNR = 61.201974, NRMSE= 0.00087076564601167168959
acEff=1.000000
compressionRatio = 3.596137
  ✓ Compression and decompression successful (ratio: 3.59x)

[104/176] Processing: GC_HEAT2_1_192_288.dat

compression time=0.002075, total fastmode1 topology
compression size = 52422, CR = 4.219297
done
decompression time=0.003106
done
Min=0, Max=1, range=1
Max absolute error = 0.0009999275
Max relative error = 0.001000
Max pw relative error = 0.001000
PSNR = 62.071967, NRMSE= 0.00078777397612012631852
acEff=1.000000
compressionRatio = 4.219297
  ✓ Compression and decompression successful (ratio: 4.21x)

[105/176] Processing: GC_ICE1_1_192_288.dat

compression time=0.002488, total fastmode1 topology
compression size = 58059, CR = 3.809642
done
decompression time=0.003664
done
Min=0, Max=1, range=1
Max absolute error = 0.0014749244
Max relative error = 0.001475
Max pw relative error = 0.001475
PSNR = 61.416633, NRMSE= 0.00084950973280858348233
acEff=1.000000
compressionRatio = 3.809642
  ✓ Compression and decompression successful (ratio: 3.80x)

[106/176] Processing: GC_ICE2_1_192_288.dat

compression time=0.001942, total fastmode1 topology
compression size = 52422, CR = 4.219297
done
decompression time=0.003157
done
Min=0, Max=1, range=1
Max absolute error = 0.0009999275
Max relative error = 0.001000
Max pw relative error = 0.001000
PSNR = 62.071967, NRMSE= 0.00078777397612012631852
acEff=1.000000
compressionRatio = 4.219297
  ✓ Compression and decompression successful (ratio: 4.21x)

[107/176] Processing: GC_LIQ1_1_192_288.dat

compression time=0.002692, total fastmode1 topology
compression size = 58457, CR = 3.783704
done
decompression time=0.004369
done
Min=0, Max=1, range=1
Max absolute error = 0.0013030618
Max relative error = 0.001303
Max pw relative error = 0.001303
PSNR = 60.265953, NRMSE= 0.00096984501707149850698
acEff=1.000000
compressionRatio = 3.783704
  ✓ Compression and decompression successful (ratio: 3.78x)

[108/176] Processing: GC_LIQ2_1_192_288.dat

compression time=0.001801, total fastmode1 topology
compression size = 52422, CR = 4.219297
done
decompression time=0.002998
done
Min=0, Max=1, range=1
Max absolute error = 0.0009999275
Max relative error = 0.001000
Max pw relative error = 0.001000
PSNR = 62.071967, NRMSE= 0.00078777397612012631852
acEff=1.000000
compressionRatio = 4.219297
  ✓ Compression and decompression successful (ratio: 4.21x)

[109/176] Processing: GPP_1_192_288.dat

compression time=0.002377, total fastmode1 topology
compression size = 54907, CR = 4.028339
done
decompression time=0.003695
done
Min=0, Max=1, range=1
Max absolute error = 0.0009999275
Max relative error = 0.001000
Max pw relative error = 0.001000
PSNR = 62.072012, NRMSE= 0.0007877698980580348509
acEff=1.000000
compressionRatio = 4.028339
  ✓ Compression and decompression successful (ratio: 4.02x)

[110/176] Processing: GR_1_192_288.dat

compression time=0.002452, total fastmode1 topology
compression size = 53890, CR = 4.104361
done
decompression time=0.003494
done
Min=0, Max=1, range=1
Max absolute error = 0.0009999275
Max relative error = 0.001000
Max pw relative error = 0.001000
PSNR = 62.071835, NRMSE= 0.00078778595660044972541
acEff=1.000000
compressionRatio = 4.104361
  ✓ Compression and decompression successful (ratio: 4.10x)

[111/176] Processing: GROSS_NMIN_1_192_288.dat

compression time=0.002212, total fastmode1 topology
compression size = 53075, CR = 4.167386
done
decompression time=0.003364
done
Min=0, Max=1, range=1
Max absolute error = 0.0009999275
Max relative error = 0.001000
Max pw relative error = 0.001000
PSNR = 62.071963, NRMSE= 0.00078777441901309145939
acEff=1.000000
compressionRatio = 4.167386
  ✓ Compression and decompression successful (ratio: 4.16x)

[112/176] Processing: H2OCAN_1_192_288.dat

compression time=0.002687, total fastmode1 topology
compression size = 58066, CR = 3.809183
done
decompression time=0.003726
done
Min=0, Max=1, range=1
Max absolute error = 0.0011158320
Max relative error = 0.001116
Max pw relative error = 0.001116
PSNR = 61.777331, NRMSE= 0.00081495462754328340093
acEff=1.000000
compressionRatio = 3.809183
  ✓ Compression and decompression successful (ratio: 3.80x)

[113/176] Processing: H2OSNO_1_192_288.dat

compression time=0.002730, total fastmode1 topology
compression size = 58383, CR = 3.788500
done
decompression time=0.003762
done
Min=0, Max=1, range=1
Max absolute error = 0.0017662123
Max relative error = 0.001766
Max pw relative error = 0.001766
PSNR = 61.704473, NRMSE= 0.00082181931728072068512
acEff=1.000000
compressionRatio = 3.788500
  ✓ Compression and decompression successful (ratio: 3.78x)

[114/176] Processing: H2OSNO_TOP_1_192_288.dat

compression time=0.002625, total fastmode1 topology
compression size = 60930, CR = 3.630133
done
decompression time=0.003924
done
Min=0, Max=1, range=1
Max absolute error = 0.0017018151
Max relative error = 0.001702
Max pw relative error = 0.001702
PSNR = 61.543520, NRMSE= 0.00083718990865041381915
acEff=1.000000
compressionRatio = 3.630133
  ✓ Compression and decompression successful (ratio: 3.63x)

[115/176] Processing: HC_1_192_288.dat

compression time=0.002600, total fastmode1 topology
compression size = 63214, CR = 3.498972
done
decompression time=0.004005
done
Min=0, Max=1, range=1
Max absolute error = 0.0018570572
Max relative error = 0.001857
Max pw relative error = 0.001857
PSNR = 61.256862, NRMSE= 0.0008652804841285178291
acEff=1.000000
compressionRatio = 3.498972
  ✓ Compression and decompression successful (ratio: 3.49x)

[116/176] Processing: HCSOI_1_192_288.dat

compression time=0.002414, total fastmode1 topology
compression size = 62593, CR = 3.533686
done
decompression time=0.003966
done
Min=0, Max=1, range=1
Max absolute error = 0.0018270910
Max relative error = 0.001827
Max pw relative error = 0.001827
PSNR = 61.246912, NRMSE= 0.00086627223903462820774
acEff=1.000000
compressionRatio = 3.533686
  ✓ Compression and decompression successful (ratio: 3.53x)

[117/176] Processing: HEAT_FROM_AC_1_192_288.dat

compression time=0.001726, total fastmode1 topology
compression size = 52509, CR = 4.212306
done
decompression time=0.003303
done
Min=0, Max=1, range=1
Max absolute error = 0.0009999275
Max relative error = 0.001000
Max pw relative error = 0.001000
PSNR = 62.071228, NRMSE= 0.00078784100997409713119
acEff=1.000000
compressionRatio = 4.212306
  ✓ Compression and decompression successful (ratio: 4.21x)

[118/176] Processing: HR_1_192_288.dat

compression time=0.002578, total fastmode1 topology
compression size = 55321, CR = 3.998192
done
decompression time=0.003493
done
Min=0, Max=1, range=1
Max absolute error = 0.0009999275
Max relative error = 0.001000
Max pw relative error = 0.001000
PSNR = 62.071966, NRMSE= 0.00078777413626097460026
acEff=1.000000
compressionRatio = 3.998192
  ✓ Compression and decompression successful (ratio: 3.99x)

[119/176] Processing: HTOP_1_192_288.dat

compression time=0.002506, total fastmode1 topology
compression size = 60013, CR = 3.685601
done
decompression time=0.003559
done
Min=0, Max=1, range=1
Max absolute error = 0.0018004477
Max relative error = 0.001800
Max pw relative error = 0.001800
PSNR = 61.578215, NRMSE= 0.00083385248407858011607
acEff=1.000000
compressionRatio = 3.685601
  ✓ Compression and decompression successful (ratio: 3.68x)

[120/176] Processing: LAISHA_1_192_288.dat

compression time=0.002908, total fastmode1 topology
compression size = 59064, CR = 3.744819
done
decompression time=0.003719
done
Min=0, Max=1, range=1
Max absolute error = 0.0018024817
Max relative error = 0.001802
Max pw relative error = 0.001802
PSNR = 61.643010, NRMSE= 0.00082765527973280511934
acEff=1.000000
compressionRatio = 3.744819
  ✓ Compression and decompression successful (ratio: 3.74x)

[121/176] Processing: LAISUN_1_192_288.dat

compression time=0.002174, total fastmode1 topology
compression size = 56690, CR = 3.901640
done
decompression time=0.003499
done
Min=0, Max=1, range=1
Max absolute error = 0.0009999275
Max relative error = 0.001000
Max pw relative error = 0.001000
PSNR = 61.725492, NRMSE= 0.00081983298464702574621
acEff=1.000000
compressionRatio = 3.901641
  ✓ Compression and decompression successful (ratio: 3.90x)

[122/176] Processing: landfrac_192_288.dat

compression time=0.002424, total fastmode1 topology
compression size = 54926, CR = 4.026945
done
decompression time=0.003300
done
Min=0, Max=1, range=1
Max absolute error = 0.0009999275
Max relative error = 0.001000
Max pw relative error = 0.001000
PSNR = 61.675931, NRMSE= 0.00082452427965778259025
acEff=1.000000
compressionRatio = 4.026945
  ✓ Compression and decompression successful (ratio: 4.02x)

[123/176] Processing: latixy_192_288.dat

compression time=0.002034, total fastmode1 topology
compression size = 52427, CR = 4.218895
done
decompression time=0.002976
done
Min=0, Max=1, range=1
Max absolute error = 0.0009999275
Max relative error = 0.001000
Max pw relative error = 0.001000
PSNR = 61.324153, NRMSE= 0.00085860286527941558597
acEff=1.000000
compressionRatio = 4.218895
  ✓ Compression and decompression successful (ratio: 4.21x)

[124/176] Processing: latixyatm_192_288.dat

compression time=0.002245, total fastmode1 topology
compression size = 46008, CR = 4.807512
done
decompression time=0.003090
done
Min=0, Max=1, range=1
Max absolute error = 0.0009999275
Max relative error = 0.001000
Max pw relative error = 0.001000
PSNR = 68.831119, NRMSE= 0.00036177959599825319824
acEff=0.999998
compressionRatio = 4.807512
  ✓ Compression and decompression successful (ratio: 4.80x)

[125/176] Processing: LEAFC_1_192_288.dat

compression time=0.002338, total fastmode1 topology
compression size = 59923, CR = 3.691137
done
decompression time=0.003730
done
Min=0, Max=1, range=1
Max absolute error = 0.0017263889
Max relative error = 0.001726
Max pw relative error = 0.001726
PSNR = 61.616915, NRMSE= 0.00083014555517880962363
acEff=1.000000
compressionRatio = 3.691137
  ✓ Compression and decompression successful (ratio: 3.69x)

[126/176] Processing: LEAFC_ALLOC_1_192_288.dat

compression time=0.002304, total fastmode1 topology
compression size = 53934, CR = 4.101012
done
decompression time=0.003461
done
Min=0, Max=1, range=1
Max absolute error = 0.0009999275
Max relative error = 0.001000
Max pw relative error = 0.001000
PSNR = 62.071985, NRMSE= 0.0007877723920530012346
acEff=1.000000
compressionRatio = 4.101012
  ✓ Compression and decompression successful (ratio: 4.10x)

[127/176] Processing: LEAFC_LOSS_1_192_288.dat

compression time=0.002357, total fastmode1 topology
compression size = 54651, CR = 4.047209
done
decompression time=0.003407
done
Min=0, Max=1, range=1
Max absolute error = 0.0009999275
Max relative error = 0.001000
Max pw relative error = 0.001000
PSNR = 62.071833, NRMSE= 0.00078778616747063432042
acEff=1.000000
compressionRatio = 4.047209
  ✓ Compression and decompression successful (ratio: 4.04x)

[128/176] Processing: LEAFN_1_192_288.dat

compression time=0.002517, total fastmode1 topology
compression size = 59086, CR = 3.743425
done
decompression time=0.003703
done
Min=0, Max=1, range=1
Max absolute error = 0.0015638582
Max relative error = 0.001564
Max pw relative error = 0.001564
PSNR = 61.633846, NRMSE= 0.00082852899443114293339
acEff=1.000000
compressionRatio = 3.743425
  ✓ Compression and decompression successful (ratio: 3.74x)

[129/176] Processing: LITFALL_1_192_288.dat

compression time=0.002817, total fastmode1 topology
compression size = 55463, CR = 3.987956
done
decompression time=0.003669
done
Min=0, Max=1, range=1
Max absolute error = 0.0009999275
Max relative error = 0.001000
Max pw relative error = 0.001000
PSNR = 62.072012, NRMSE= 0.00078776988745441779965
acEff=1.000000
compressionRatio = 3.987956
  ✓ Compression and decompression successful (ratio: 3.98x)

[130/176] Processing: LITHR_1_192_288.dat

compression time=0.002485, total fastmode1 topology
compression size = 55022, CR = 4.019919
done
decompression time=0.003827
done
Min=0, Max=1, range=1
Max absolute error = 0.0009999275
Max relative error = 0.001000
Max pw relative error = 0.001000
PSNR = 62.071961, NRMSE= 0.00078777459761107128909
acEff=1.000000
compressionRatio = 4.019919
  ✓ Compression and decompression successful (ratio: 4.01x)

[131/176] Processing: LITR1C_1_192_288.dat

compression time=0.064189, total fastmode1 topology
compression size = 61217, CR = 3.613114
done
decompression time=0.003941
done
Min=0, Max=1, range=1
Max absolute error = 0.0016877297
Max relative error = 0.001688
Max pw relative error = 0.001688
PSNR = 61.622458, NRMSE= 0.00082961597257343489172
acEff=1.000000
compressionRatio = 3.613114
  ✓ Compression and decompression successful (ratio: 3.61x)

[132/176] Processing: LITR1C_TO_SOIL1C_1_192_288.dat

compression time=0.002653, total fastmode1 topology
compression size = 54185, CR = 4.082016
done
decompression time=0.003514
done
Min=0, Max=1, range=1
Max absolute error = 0.0009999785
Max relative error = 0.001000
Max pw relative error = 0.001000
PSNR = 62.071575, NRMSE= 0.0007878095871052295503
acEff=1.000000
compressionRatio = 4.082015
  ✓ Compression and decompression successful (ratio: 4.08x)

[133/176] Processing: LITR1N_1_192_288.dat

compression time=0.002554, total fastmode1 topology
compression size = 59033, CR = 3.746786
done
decompression time=0.003686
done
Min=0, Max=1, range=1
Max absolute error = 0.0012024287
Max relative error = 0.001202
Max pw relative error = 0.001202
PSNR = 61.940574, NRMSE= 0.00079978139961732507609
acEff=1.000000
compressionRatio = 3.746786
  ✓ Compression and decompression successful (ratio: 3.74x)

[134/176] Processing: LITR2C_1_192_288.dat

compression time=0.002571, total fastmode1 topology
compression size = 61056, CR = 3.622642
done
decompression time=0.003781
done
Min=0, Max=1, range=1
Max absolute error = 0.0019523725
Max relative error = 0.001952
Max pw relative error = 0.001952
PSNR = 61.588478, NRMSE= 0.00083286787034320824974
acEff=1.000000
compressionRatio = 3.622642
  ✓ Compression and decompression successful (ratio: 3.62x)

[135/176] Processing: LITR2C_TO_SOIL2C_1_192_288.dat

compression time=0.002560, total fastmode1 topology
compression size = 54605, CR = 4.050618
done
decompression time=0.003648
done
Min=0, Max=1, range=1
Max absolute error = 0.0009999310
Max relative error = 0.001000
Max pw relative error = 0.001000
PSNR = 62.071830, NRMSE= 0.00078778642657751577882
acEff=1.000000
compressionRatio = 4.050618
  ✓ Compression and decompression successful (ratio: 4.05x)

[136/176] Processing: LITR2N_1_192_288.dat

compression time=0.002529, total fastmode1 topology
compression size = 60290, CR = 3.668668
done
decompression time=0.004096
done
Min=0, Max=1, range=1
Max absolute error = 0.0016215718
Max relative error = 0.001622
Max pw relative error = 0.001622
PSNR = 61.639586, NRMSE= 0.00082798161183284641699
acEff=1.000000
compressionRatio = 3.668668
  ✓ Compression and decompression successful (ratio: 3.66x)

[137/176] Processing: LITR3C_1_192_288.dat

compression time=0.002715, total fastmode1 topology
compression size = 60824, CR = 3.636459
done
decompression time=0.003770
done
Min=0, Max=1, range=1
Max absolute error = 0.0018474236
Max relative error = 0.001847
Max pw relative error = 0.001847
PSNR = 61.583759, NRMSE= 0.00083332045885846123441
acEff=1.000000
compressionRatio = 3.636459
  ✓ Compression and decompression successful (ratio: 3.63x)

[138/176] Processing: LITR3C_TO_SOIL3C_1_192_288.dat

compression time=0.002600, total fastmode1 topology
compression size = 54233, CR = 4.078403
done
decompression time=0.003657
done
Min=0, Max=1, range=1
Max absolute error = 0.0009999275
Max relative error = 0.001000
Max pw relative error = 0.001000
PSNR = 62.071953, NRMSE= 0.00078777531645770617567
acEff=1.000000
compressionRatio = 4.078402
  ✓ Compression and decompression successful (ratio: 4.07x)

[139/176] Processing: LITR3N_1_192_288.dat

compression time=0.002924, total fastmode1 topology
compression size = 59738, CR = 3.702568
done
decompression time=0.003920
done
Min=0, Max=1, range=1
Max absolute error = 0.0016963617
Max relative error = 0.001696
Max pw relative error = 0.001696
PSNR = 61.609216, NRMSE= 0.00083088167041397260285
acEff=1.000000
compressionRatio = 3.702568
  ✓ Compression and decompression successful (ratio: 3.70x)

[140/176] Processing: LITTERC_1_192_288.dat

compression time=0.002452, total fastmode1 topology
compression size = 61008, CR = 3.625492
done
decompression time=0.005793
done
Min=0, Max=1, range=1
Max absolute error = 0.0017743595
Max relative error = 0.001774
Max pw relative error = 0.001774
PSNR = 61.586650, NRMSE= 0.00083304318781158551068
acEff=1.000000
compressionRatio = 3.625492
  ✓ Compression and decompression successful (ratio: 3.62x)

[141/176] Processing: LITTERC_HR_1_192_288.dat

compression time=0.003441, total fastmode1 topology
compression size = 55031, CR = 4.019262
done
decompression time=0.003858
done
Min=0, Max=1, range=1
Max absolute error = 0.0009999275
Max relative error = 0.001000
Max pw relative error = 0.001000
PSNR = 62.071963, NRMSE= 0.00078777434162907841644
acEff=1.000000
compressionRatio = 4.019262
  ✓ Compression and decompression successful (ratio: 4.01x)

[142/176] Processing: LITTERC_LOSS_1_192_288.dat

compression time=0.002609, total fastmode1 topology
compression size = 55543, CR = 3.982212
done
decompression time=0.003635
done
Min=0, Max=1, range=1
Max absolute error = 0.0009999275
Max relative error = 0.001000
Max pw relative error = 0.001000
PSNR = 62.071951, NRMSE= 0.00078777548984803203586
acEff=1.000000
compressionRatio = 3.982212
  ✓ Compression and decompression successful (ratio: 3.98x)

[143/176] Processing: LIVECROOTC_1_192_288.dat

compression time=0.002189, total fastmode1 topology
compression size = 59012, CR = 3.748119
done
decompression time=0.003710
done
Min=0, Max=1, range=1
Max absolute error = 0.0018334519
Max relative error = 0.001833
Max pw relative error = 0.001833
PSNR = 61.661854, NRMSE= 0.00082586162571002838615
acEff=1.000000
compressionRatio = 3.748119
  ✓ Compression and decompression successful (ratio: 3.74x)

[144/176] Processing: LIVECROOTN_1_192_288.dat

compression time=0.003102, total fastmode1 topology
compression size = 57096, CR = 3.873897
done
decompression time=0.003719
done
Min=0, Max=1, range=1
Max absolute error = 0.0013890835
Max relative error = 0.001389
Max pw relative error = 0.001389
PSNR = 61.823712, NRMSE= 0.00081061451486533360987
acEff=1.000000
compressionRatio = 3.873897
  ✓ Compression and decompression successful (ratio: 3.87x)

[145/176] Processing: LIVESTEMC_1_192_288.dat

compression time=0.002525, total fastmode1 topology
compression size = 59427, CR = 3.721945
done
decompression time=0.003715
done
Min=0, Max=1, range=1
Max absolute error = 0.0018394999
Max relative error = 0.001839
Max pw relative error = 0.001839
PSNR = 61.643178, NRMSE= 0.00082763931644607552883
acEff=1.000000
compressionRatio = 3.721945
  ✓ Compression and decompression successful (ratio: 3.72x)

[146/176] Processing: LIVESTEMN_1_192_288.dat

compression time=0.003110, total fastmode1 topology
compression size = 57792, CR = 3.827243
done
decompression time=0.003809
done
Min=0, Max=1, range=1
Max absolute error = 0.0016058963
Max relative error = 0.001606
Max pw relative error = 0.001606
PSNR = 61.747311, NRMSE= 0.00081777616323842905206
acEff=1.000000
compressionRatio = 3.827243
  ✓ Compression and decompression successful (ratio: 3.82x)

[147/176] Processing: longxy_192_288.dat

compression time=0.002643, total fastmode1 topology
compression size = 55852, CR = 3.960181
done
decompression time=0.003058
done
Min=0, Max=1, range=1
Max absolute error = 0.0009999275
Max relative error = 0.001000
Max pw relative error = 0.001000
PSNR = 61.256411, NRMSE= 0.00086532540672487720697
acEff=1.000000
compressionRatio = 3.960180
  ✓ Compression and decompression successful (ratio: 3.96x)

[148/176] Processing: longxyatm_192_288.dat

compression time=0.001894, total fastmode1 topology
compression size = 58052, CR = 3.810101
done
decompression time=0.002870
done
Min=0, Max=1, range=1
Max absolute error = 0.0009999275
Max relative error = 0.001000
Max pw relative error = 0.001000
PSNR = 69.151006, NRMSE= 0.00034869819955605650848
acEff=1.000000
compressionRatio = 3.810101
  ✓ Compression and decompression successful (ratio: 3.81x)

[149/176] Processing: MEAN_FIRE_PROB_1_192_288.dat

compression time=0.002412, total fastmode1 topology
compression size = 56425, CR = 3.919965
done
decompression time=0.003708
done
Min=0, Max=1, range=1
Max absolute error = 0.0014073064
Max relative error = 0.001407
Max pw relative error = 0.001407
PSNR = 61.040031, NRMSE= 0.00088715279693235169975
acEff=1.000000
compressionRatio = 3.919965
  ✓ Compression and decompression successful (ratio: 3.91x)

[150/176] Processing: MR_1_192_288.dat

compression time=0.002894, total fastmode1 topology
compression size = 55468, CR = 3.987597
done
decompression time=0.003620
done
Min=0, Max=1, range=1
Max absolute error = 0.0009999275
Max relative error = 0.001000
Max pw relative error = 0.001000
PSNR = 62.071845, NRMSE= 0.00078778511508483905872
acEff=1.000000
compressionRatio = 3.987596
  ✓ Compression and decompression successful (ratio: 3.98x)

[151/176] Processing: NBP_1_192_288.dat

compression time=0.002660, total fastmode1 topology
compression size = 55816, CR = 3.962735
done
decompression time=0.003732
done
Min=0, Max=1, range=1
Max absolute error = 0.0009999275
Max relative error = 0.001000
Max pw relative error = 0.001000
PSNR = 62.071648, NRMSE= 0.00078780292947295258756
acEff=1.000000
compressionRatio = 3.962735
  ✓ Compression and decompression successful (ratio: 3.96x)

[152/176] Processing: NDEPLOY_1_192_288.dat

compression time=0.002142, total fastmode1 topology
compression size = 52792, CR = 4.189726
done
decompression time=0.003772
done
Min=0, Max=1, range=1
Max absolute error = 0.0009999275
Max relative error = 0.001000
Max pw relative error = 0.001000
PSNR = 62.071964, NRMSE= 0.00078777428468824193045
acEff=1.000000
compressionRatio = 4.189726
  ✓ Compression and decompression successful (ratio: 4.18x)

[153/176] Processing: NDEP_TO_SMINN_1_192_288.dat

compression time=0.001951, total fastmode1 topology
compression size = 52422, CR = 4.219297
done
decompression time=0.002902
done
Min=0, Max=1, range=1
Max absolute error = 0.0009999275
Max relative error = 0.001000
Max pw relative error = 0.001000
PSNR = 62.071967, NRMSE= 0.00078777397612012631852
acEff=1.000000
compressionRatio = 4.219297
  ✓ Compression and decompression successful (ratio: 4.21x)

[154/176] Processing: NEE_1_192_288.dat

compression time=0.002567, total fastmode1 topology
compression size = 55786, CR = 3.964866
done
decompression time=0.003856
done
Min=0, Max=1, range=1
Max absolute error = 0.0009999275
Max relative error = 0.001000
Max pw relative error = 0.001000
PSNR = 62.071795, NRMSE= 0.0007877896205530492699
acEff=1.000000
compressionRatio = 3.964866
  ✓ Compression and decompression successful (ratio: 3.96x)

[155/176] Processing: NEP_1_192_288.dat

compression time=0.002783, total fastmode1 topology
compression size = 55761, CR = 3.966643
done
decompression time=0.003565
done
Min=0, Max=1, range=1
Max absolute error = 0.0009999275
Max relative error = 0.001000
Max pw relative error = 0.001000
PSNR = 62.071674, NRMSE= 0.00078780058268569208135
acEff=1.000000
compressionRatio = 3.966643
  ✓ Compression and decompression successful (ratio: 3.96x)

[156/176] Processing: NET_NMIN_1_192_288.dat

compression time=0.002264, total fastmode1 topology
compression size = 52854, CR = 4.184811
done
decompression time=0.003498
done
Min=0, Max=1, range=1
Max absolute error = 0.0009999275
Max relative error = 0.001000
Max pw relative error = 0.001000
PSNR = 62.071961, NRMSE= 0.00078777452259301702052
acEff=1.000000
compressionRatio = 4.184811
  ✓ Compression and decompression successful (ratio: 4.18x)

[157/176] Processing: NFIX_TO_SMINN_1_192_288.dat

compression time=0.015666, total fastmode1 topology
compression size = 52422, CR = 4.219297
done
decompression time=0.003135
done
Min=0, Max=1, range=1
Max absolute error = 0.0009999275
Max relative error = 0.001000
Max pw relative error = 0.001000
PSNR = 62.071967, NRMSE= 0.00078777397612012631852
acEff=1.000000
compressionRatio = 4.219297
  ✓ Compression and decompression successful (ratio: 4.21x)

[158/176] Processing: NPP_1_192_288.dat

compression time=0.002886, total fastmode1 topology
compression size = 55220, CR = 4.005505
done
decompression time=0.003880
done
Min=0, Max=1, range=1
Max absolute error = 0.0009999275
Max relative error = 0.001000
Max pw relative error = 0.001000
PSNR = 62.071768, NRMSE= 0.00078779207504394886067
acEff=1.000000
compressionRatio = 4.005505
  ✓ Compression and decompression successful (ratio: 4.00x)

[159/176] Processing: OCDEP_1_192_288.dat

compression time=0.002195, total fastmode1 topology
compression size = 52422, CR = 4.219297
done
decompression time=0.002971
done
Min=0, Max=1, range=1
Max absolute error = 0.0009999275
Max relative error = 0.001000
Max pw relative error = 0.001000
PSNR = 62.071967, NRMSE= 0.00078777397612012631852
acEff=1.000000
compressionRatio = 4.219297
  ✓ Compression and decompression successful (ratio: 4.21x)

[160/176] Processing: PBOT_1_192_288.dat

compression time=0.002243, total fastmode1 topology
compression size = 56549, CR = 3.911369
done
decompression time=0.003397
done
Min=0, Max=1, range=1
Max absolute error = 0.0010007918
Max relative error = 0.001001
Max pw relative error = 0.001001
PSNR = 61.225824, NRMSE= 0.00086837793560445419166
acEff=1.000000
compressionRatio = 3.911369
  ✓ Compression and decompression successful (ratio: 3.91x)

[161/176] Processing: PCO2_1_192_288.dat

compression time=0.001991, total fastmode1 topology
compression size = 56525, CR = 3.913030
done
decompression time=0.003942
done
Min=0, Max=1, range=1
Max absolute error = 0.0010074154
Max relative error = 0.001007
Max pw relative error = 0.001007
PSNR = 61.307784, NRMSE= 0.00086022250409703115807
acEff=1.000000
compressionRatio = 3.913030
  ✓ Compression and decompression successful (ratio: 3.91x)

[162/176] Processing: PFT_CTRUNC_1_192_288.dat

compression time=0.002720, total fastmode1 topology
compression size = 55173, CR = 4.008917
done
decompression time=0.003791
done
Min=0, Max=1, range=1
Max absolute error = 0.0009999971
Max relative error = 0.001000
Max pw relative error = 0.001000
PSNR = 62.071615, NRMSE= 0.0007878059188931406517
acEff=1.000000
compressionRatio = 4.008917
  ✓ Compression and decompression successful (ratio: 4.00x)

[163/176] Processing: PFT_FIRE_CLOSS_1_192_288.dat

compression time=0.002473, total fastmode1 topology
compression size = 52873, CR = 4.183307
done
decompression time=0.003540
done
Min=0, Max=1, range=1
Max absolute error = 0.0009999885
Max relative error = 0.001000
Max pw relative error = 0.001000
PSNR = 62.071838, NRMSE= 0.00078778572838964075128
acEff=1.000000
compressionRatio = 4.183307
  ✓ Compression and decompression successful (ratio: 4.18x)

[164/176] Processing: PFT_FIRE_NLOSS_1_192_288.dat

compression time=0.001997, total fastmode1 topology
compression size = 52444, CR = 4.217527
done
decompression time=0.002852
done
Min=0, Max=1, range=1
Max absolute error = 0.0009999275
Max relative error = 0.001000
Max pw relative error = 0.001000
PSNR = 62.071967, NRMSE= 0.00078777399183203953431
acEff=1.000000
compressionRatio = 4.217527
  ✓ Compression and decompression successful (ratio: 4.21x)

[165/176] Processing: PFT_NTRUNC_1_192_288.dat

compression time=0.003038, total fastmode1 topology
compression size = 55155, CR = 4.010226
done
decompression time=0.003697
done
Min=0, Max=1, range=1
Max absolute error = 0.0009999971
Max relative error = 0.001000
Max pw relative error = 0.001000
PSNR = 62.071474, NRMSE= 0.00078781868912558637285
acEff=1.000000
compressionRatio = 4.010226
  ✓ Compression and decompression successful (ratio: 4.01x)

[166/176] Processing: PLANT_NDEMAND_1_192_288.dat

compression time=0.002169, total fastmode1 topology
compression size = 53174, CR = 4.159627
done
decompression time=0.003541
done
Min=0, Max=1, range=1
Max absolute error = 0.0009999785
Max relative error = 0.001000
Max pw relative error = 0.001000
PSNR = 62.071837, NRMSE= 0.00078778579661510563393
acEff=1.000000
compressionRatio = 4.159627
  ✓ Compression and decompression successful (ratio: 4.15x)

[167/176] Processing: POTENTIAL_IMMOB_1_192_288.dat

compression time=0.002855, total fastmode1 topology
compression size = 53696, CR = 4.119190
done
decompression time=0.005484
done
Min=0, Max=1, range=1
Max absolute error = 0.0009999987
Max relative error = 0.001000
Max pw relative error = 0.001000
PSNR = 62.071452, NRMSE= 0.00078782067930624932912
acEff=1.000000
compressionRatio = 4.119190
  ✓ Compression and decompression successful (ratio: 4.11x)

[168/176] Processing: PROD100C_1_192_288.dat

compression time=0.001946, total fastmode1 topology
compression size = 52422, CR = 4.219297
done
decompression time=0.003421
done
Min=0, Max=1, range=1
Max absolute error = 0.0009999275
Max relative error = 0.001000
Max pw relative error = 0.001000
PSNR = 62.071967, NRMSE= 0.00078777397612012631852
acEff=1.000000
compressionRatio = 4.219297
  ✓ Compression and decompression successful (ratio: 4.21x)

[169/176] Processing: PROD100C_LOSS_1_192_288.dat

compression time=0.002066, total fastmode1 topology
compression size = 52422, CR = 4.219297
done
decompression time=0.002817
done
Min=0, Max=1, range=1
Max absolute error = 0.0009999275
Max relative error = 0.001000
Max pw relative error = 0.001000
PSNR = 62.071967, NRMSE= 0.00078777397612012631852
acEff=1.000000
compressionRatio = 4.219297
  ✓ Compression and decompression successful (ratio: 4.21x)

[170/176] Processing: PROD100N_1_192_288.dat

compression time=0.001980, total fastmode1 topology
compression size = 52422, CR = 4.219297
done
decompression time=0.002970
done
Min=0, Max=1, range=1
Max absolute error = 0.0009999275
Max relative error = 0.001000
Max pw relative error = 0.001000
PSNR = 62.071967, NRMSE= 0.00078777397612012631852
acEff=1.000000
compressionRatio = 4.219297
  ✓ Compression and decompression successful (ratio: 4.21x)

[171/176] Processing: PROD100N_LOSS_1_192_288.dat

compression time=0.002191, total fastmode1 topology
compression size = 52422, CR = 4.219297
done
decompression time=0.003041
done
Min=0, Max=1, range=1
Max absolute error = 0.0009999275
Max relative error = 0.001000
Max pw relative error = 0.001000
PSNR = 62.071967, NRMSE= 0.00078777397612012631852
acEff=1.000000
compressionRatio = 4.219297
  ✓ Compression and decompression successful (ratio: 4.21x)

[172/176] Processing: PROD10C_1_192_288.dat

compression time=0.002128, total fastmode1 topology
compression size = 52422, CR = 4.219297
done
decompression time=0.002934
done
Min=0, Max=1, range=1
Max absolute error = 0.0009999275
Max relative error = 0.001000
Max pw relative error = 0.001000
PSNR = 62.071967, NRMSE= 0.00078777397612012631852
acEff=1.000000
compressionRatio = 4.219297
  ✓ Compression and decompression successful (ratio: 4.21x)

[173/176] Processing: PROD10C_LOSS_1_192_288.dat

compression time=0.001807, total fastmode1 topology
compression size = 52422, CR = 4.219297
done
decompression time=0.002989
done
Min=0, Max=1, range=1
Max absolute error = 0.0009999275
Max relative error = 0.001000
Max pw relative error = 0.001000
PSNR = 62.071967, NRMSE= 0.00078777397612012631852
acEff=1.000000
compressionRatio = 4.219297
  ✓ Compression and decompression successful (ratio: 4.21x)

[174/176] Processing: PROD10N_1_192_288.dat

compression time=0.002107, total fastmode1 topology
compression size = 52422, CR = 4.219297
done
decompression time=0.002881
done
Min=0, Max=1, range=1
Max absolute error = 0.0009999275
Max relative error = 0.001000
Max pw relative error = 0.001000
PSNR = 62.071967, NRMSE= 0.00078777397612012631852
acEff=1.000000
compressionRatio = 4.219297
  ✓ Compression and decompression successful (ratio: 4.21x)

[175/176] Processing: topo_192_288.dat

compression time=0.001931, total fastmode1 topology
compression size = 52422, CR = 4.219297
done
decompression time=0.002945
done
Min=0, Max=1, range=1
Max absolute error = 0.0009999275
Max relative error = 0.001000
Max pw relative error = 0.001000
PSNR = 62.071967, NRMSE= 0.00078777397612012631852
acEff=1.000000
compressionRatio = 4.219297
  ✓ Compression and decompression successful (ratio: 4.21x)

[176/176] Processing: topodnsc_192_288.dat

compression time=0.002043, total fastmode1 topology
compression size = 52422, CR = 4.219297
done
decompression time=0.002925
done
Min=0, Max=1, range=1
Max absolute error = 0.0009999275
Max relative error = 0.001000
Max pw relative error = 0.001000
PSNR = 62.071967, NRMSE= 0.00078777397612012631852
acEff=1.000000
compressionRatio = 4.219297
  ✓ Compression and decompression successful (ratio: 4.21x)

=== Summary ===
Total files processed: 176
Total files skipped: 0
Total files failed: 0

