Input directory: ../../../../CESM-LAND-MODELS/4/log_normalized/
Output directory: ../../../../CESM-LAND-MODELS/4/log_normalized/SZ3_1e-4
Dimensions: 192x288
Error bound: 1e-4

Found 176 .dat file(s) to process

[1/176] Processing: ACTUAL_IMMOB_1_192_288.dat
compression ratio = 74.30 
compression time = 0.007030
compressed data file = ../../../../CESM-LAND-MODELS/4/log_normalized/ACTUAL_IMMOB_1_192_288.dat.sz.tmp
compression ratio = 74.297615
decompression time = 0.002910 seconds.
decompressed file = ../../../../CESM-LAND-MODELS/4/log_normalized/SZ3_1e-4/ACTUAL_IMMOB_1_192_288.dat.SZ3.out
  ✓ Compression successful (ratio: 1.00x)

[2/176] Processing: AGNPP_1_192_288.dat
compression ratio = 74.85 
compression time = 0.007300
compressed data file = ../../../../CESM-LAND-MODELS/4/log_normalized/AGNPP_1_192_288.dat.sz.tmp
compression ratio = 74.850761
decompression time = 0.004613 seconds.
decompressed file = ../../../../CESM-LAND-MODELS/4/log_normalized/SZ3_1e-4/AGNPP_1_192_288.dat.SZ3.out
  ✓ Compression successful (ratio: 1.00x)

[3/176] Processing: ANN_FAREA_BURNED_1_192_288.dat
compression ratio = 24.46 
compression time = 0.007555
compressed data file = ../../../../CESM-LAND-MODELS/4/log_normalized/ANN_FAREA_BURNED_1_192_288.dat.sz.tmp
compression ratio = 24.459140
decompression time = 0.003178 seconds.
decompressed file = ../../../../CESM-LAND-MODELS/4/log_normalized/SZ3_1e-4/ANN_FAREA_BURNED_1_192_288.dat.SZ3.out
  ✓ Compression successful (ratio: 1.00x)

[4/176] Processing: AR_1_192_288.dat
compression ratio = 73.53 
compression time = 0.005843
compressed data file = ../../../../CESM-LAND-MODELS/4/log_normalized/AR_1_192_288.dat.sz.tmp
compression ratio = 73.531915
decompression time = 0.002838 seconds.
decompressed file = ../../../../CESM-LAND-MODELS/4/log_normalized/SZ3_1e-4/AR_1_192_288.dat.SZ3.out
  ✓ Compression successful (ratio: 1.00x)

[5/176] Processing: area_192_288.dat
compression ratio = 30.99 
compression time = 0.006700
compressed data file = ../../../../CESM-LAND-MODELS/4/log_normalized/area_192_288.dat.sz.tmp
compression ratio = 30.986831
decompression time = 0.003022 seconds.
decompressed file = ../../../../CESM-LAND-MODELS/4/log_normalized/SZ3_1e-4/area_192_288.dat.SZ3.out
  ✓ Compression successful (ratio: 1.00x)

[6/176] Processing: areaatm_192_288.dat
compression ratio = 26.11 
compression time = 0.007398
compressed data file = ../../../../CESM-LAND-MODELS/4/log_normalized/areaatm_192_288.dat.sz.tmp
compression ratio = 26.107649
decompression time = 0.004633 seconds.
decompressed file = ../../../../CESM-LAND-MODELS/4/log_normalized/SZ3_1e-4/areaatm_192_288.dat.SZ3.out
  ✓ Compression successful (ratio: 1.00x)

[7/176] Processing: areaupsc_192_288.dat
compression ratio = 30.99 
compression time = 0.006644
compressed data file = ../../../../CESM-LAND-MODELS/4/log_normalized/areaupsc_192_288.dat.sz.tmp
compression ratio = 30.986831
decompression time = 0.003083 seconds.
decompressed file = ../../../../CESM-LAND-MODELS/4/log_normalized/SZ3_1e-4/areaupsc_192_288.dat.SZ3.out
  ✓ Compression successful (ratio: 1.00x)

[8/176] Processing: BCDEP_1_192_288.dat
compression ratio = 74.95 
compression time = 0.005891
compressed data file = ../../../../CESM-LAND-MODELS/4/log_normalized/BCDEP_1_192_288.dat.sz.tmp
compression ratio = 74.952220
decompression time = 0.002863 seconds.
decompressed file = ../../../../CESM-LAND-MODELS/4/log_normalized/SZ3_1e-4/BCDEP_1_192_288.dat.SZ3.out
  ✓ Compression successful (ratio: 1.00x)

[9/176] Processing: BGNPP_1_192_288.dat
compression ratio = 74.85 
compression time = 0.005855
compressed data file = ../../../../CESM-LAND-MODELS/4/log_normalized/BGNPP_1_192_288.dat.sz.tmp
compression ratio = 74.850761
decompression time = 0.003880 seconds.
decompressed file = ../../../../CESM-LAND-MODELS/4/log_normalized/SZ3_1e-4/BGNPP_1_192_288.dat.SZ3.out
  ✓ Compression successful (ratio: 1.00x)

[10/176] Processing: BTRAN_1_192_288.dat
compression ratio = 12.23 
compression time = 0.007269
compressed data file = ../../../../CESM-LAND-MODELS/4/log_normalized/BTRAN_1_192_288.dat.sz.tmp
compression ratio = 12.226866
decompression time = 0.003389 seconds.
decompressed file = ../../../../CESM-LAND-MODELS/4/log_normalized/SZ3_1e-4/BTRAN_1_192_288.dat.SZ3.out
  ✓ Compression successful (ratio: 1.00x)

[11/176] Processing: BUILDHEAT_1_192_288.dat
compression ratio = 35.91 
compression time = 0.007922
compressed data file = ../../../../CESM-LAND-MODELS/4/log_normalized/BUILDHEAT_1_192_288.dat.sz.tmp
compression ratio = 35.906494
decompression time = 0.003019 seconds.
decompressed file = ../../../../CESM-LAND-MODELS/4/log_normalized/SZ3_1e-4/BUILDHEAT_1_192_288.dat.SZ3.out
  ✓ Compression successful (ratio: 1.00x)

[12/176] Processing: COL_CTRUNC_1_192_288.dat
compression ratio = 72.78 
compression time = 0.005908
compressed data file = ../../../../CESM-LAND-MODELS/4/log_normalized/COL_CTRUNC_1_192_288.dat.sz.tmp
compression ratio = 72.781836
decompression time = 0.002835 seconds.
decompressed file = ../../../../CESM-LAND-MODELS/4/log_normalized/SZ3_1e-4/COL_CTRUNC_1_192_288.dat.SZ3.out
  ✓ Compression successful (ratio: 1.00x)

[13/176] Processing: COL_FIRE_CLOSS_1_192_288.dat
compression ratio = 74.72 
compression time = 0.006004
compressed data file = ../../../../CESM-LAND-MODELS/4/log_normalized/COL_FIRE_CLOSS_1_192_288.dat.sz.tmp
compression ratio = 74.724324
decompression time = 0.002902 seconds.
decompressed file = ../../../../CESM-LAND-MODELS/4/log_normalized/SZ3_1e-4/COL_FIRE_CLOSS_1_192_288.dat.SZ3.out
  ✓ Compression successful (ratio: 1.00x)

[14/176] Processing: COL_FIRE_NLOSS_1_192_288.dat
compression ratio = 74.95 
compression time = 0.005843
compressed data file = ../../../../CESM-LAND-MODELS/4/log_normalized/COL_FIRE_NLOSS_1_192_288.dat.sz.tmp
compression ratio = 74.952220
decompression time = 0.002873 seconds.
decompressed file = ../../../../CESM-LAND-MODELS/4/log_normalized/SZ3_1e-4/COL_FIRE_NLOSS_1_192_288.dat.SZ3.out
  ✓ Compression successful (ratio: 1.00x)

[15/176] Processing: COL_NTRUNC_1_192_288.dat
compression ratio = 45.72 
compression time = 0.006245
compressed data file = ../../../../CESM-LAND-MODELS/4/log_normalized/COL_NTRUNC_1_192_288.dat.sz.tmp
compression ratio = 45.718065
decompression time = 0.002814 seconds.
decompressed file = ../../../../CESM-LAND-MODELS/4/log_normalized/SZ3_1e-4/COL_NTRUNC_1_192_288.dat.SZ3.out
  ✓ Compression successful (ratio: 1.00x)

[16/176] Processing: CPOOL_1_192_288.dat
compression ratio = 74.95 
compression time = 0.005992
compressed data file = ../../../../CESM-LAND-MODELS/4/log_normalized/CPOOL_1_192_288.dat.sz.tmp
compression ratio = 74.952220
decompression time = 0.002976 seconds.
decompressed file = ../../../../CESM-LAND-MODELS/4/log_normalized/SZ3_1e-4/CPOOL_1_192_288.dat.SZ3.out
  ✓ Compression successful (ratio: 1.00x)

[17/176] Processing: CWDC_1_192_288.dat
compression ratio = 4.48 
compression time = 0.007355
compressed data file = ../../../../CESM-LAND-MODELS/4/log_normalized/CWDC_1_192_288.dat.sz.tmp
compression ratio = 4.479132
decompression time = 0.002411 seconds.
decompressed file = ../../../../CESM-LAND-MODELS/4/log_normalized/SZ3_1e-4/CWDC_1_192_288.dat.SZ3.out
  ✓ Compression successful (ratio: 1.00x)

[18/176] Processing: CWDC_HR_1_192_288.dat
compression ratio = 74.95 
compression time = 0.005846
compressed data file = ../../../../CESM-LAND-MODELS/4/log_normalized/CWDC_HR_1_192_288.dat.sz.tmp
compression ratio = 74.952220
decompression time = 0.002847 seconds.
decompressed file = ../../../../CESM-LAND-MODELS/4/log_normalized/SZ3_1e-4/CWDC_HR_1_192_288.dat.SZ3.out
  ✓ Compression successful (ratio: 1.00x)

[19/176] Processing: CWDC_LOSS_1_192_288.dat
compression ratio = 73.73 
compression time = 0.005760
compressed data file = ../../../../CESM-LAND-MODELS/4/log_normalized/CWDC_LOSS_1_192_288.dat.sz.tmp
compression ratio = 73.728000
decompression time = 0.002853 seconds.
decompressed file = ../../../../CESM-LAND-MODELS/4/log_normalized/SZ3_1e-4/CWDC_LOSS_1_192_288.dat.SZ3.out
  ✓ Compression successful (ratio: 1.00x)

[20/176] Processing: CWDN_1_192_288.dat
compression ratio = 7.18 
compression time = 0.005449
compressed data file = ../../../../CESM-LAND-MODELS/4/log_normalized/CWDN_1_192_288.dat.sz.tmp
compression ratio = 7.179900
decompression time = 0.002045 seconds.
decompressed file = ../../../../CESM-LAND-MODELS/4/log_normalized/SZ3_1e-4/CWDN_1_192_288.dat.SZ3.out
  ✓ Compression successful (ratio: 1.00x)

[21/176] Processing: DEADCROOTC_1_192_288.dat
compression ratio = 4.31 
compression time = 0.006782
compressed data file = ../../../../CESM-LAND-MODELS/4/log_normalized/DEADCROOTC_1_192_288.dat.sz.tmp
compression ratio = 4.307716
decompression time = 0.002244 seconds.
decompressed file = ../../../../CESM-LAND-MODELS/4/log_normalized/SZ3_1e-4/DEADCROOTC_1_192_288.dat.SZ3.out
  ✓ Compression successful (ratio: 1.00x)

[22/176] Processing: DEADCROOTN_1_192_288.dat
compression ratio = 6.55 
compression time = 0.006565
compressed data file = ../../../../CESM-LAND-MODELS/4/log_normalized/DEADCROOTN_1_192_288.dat.sz.tmp
compression ratio = 6.548749
decompression time = 0.002262 seconds.
decompressed file = ../../../../CESM-LAND-MODELS/4/log_normalized/SZ3_1e-4/DEADCROOTN_1_192_288.dat.SZ3.out
  ✓ Compression successful (ratio: 1.00x)

[23/176] Processing: DEADSTEMC_1_192_288.dat
compression ratio = 4.15 
compression time = 0.007189
compressed data file = ../../../../CESM-LAND-MODELS/4/log_normalized/DEADSTEMC_1_192_288.dat.sz.tmp
compression ratio = 4.154704
decompression time = 0.002281 seconds.
decompressed file = ../../../../CESM-LAND-MODELS/4/log_normalized/SZ3_1e-4/DEADSTEMC_1_192_288.dat.SZ3.out
  ✓ Compression successful (ratio: 1.00x)

[24/176] Processing: DEADSTEMN_1_192_288.dat
compression ratio = 5.68 
compression time = 0.006692
compressed data file = ../../../../CESM-LAND-MODELS/4/log_normalized/DEADSTEMN_1_192_288.dat.sz.tmp
compression ratio = 5.675314
decompression time = 0.002079 seconds.
decompressed file = ../../../../CESM-LAND-MODELS/4/log_normalized/SZ3_1e-4/DEADSTEMN_1_192_288.dat.SZ3.out
  ✓ Compression successful (ratio: 1.00x)

[25/176] Processing: DENIT_1_192_288.dat
compression ratio = 74.80 
compression time = 0.005822
compressed data file = ../../../../CESM-LAND-MODELS/4/log_normalized/DENIT_1_192_288.dat.sz.tmp
compression ratio = 74.800135
decompression time = 0.002848 seconds.
decompressed file = ../../../../CESM-LAND-MODELS/4/log_normalized/SZ3_1e-4/DENIT_1_192_288.dat.SZ3.out
  ✓ Compression successful (ratio: 1.00x)

[26/176] Processing: DISPVEGC_1_192_288.dat
compression ratio = 4.01 
compression time = 0.007673
compressed data file = ../../../../CESM-LAND-MODELS/4/log_normalized/DISPVEGC_1_192_288.dat.sz.tmp
compression ratio = 4.012845
decompression time = 0.002348 seconds.
decompressed file = ../../../../CESM-LAND-MODELS/4/log_normalized/SZ3_1e-4/DISPVEGC_1_192_288.dat.SZ3.out
  ✓ Compression successful (ratio: 1.00x)

[27/176] Processing: DISPVEGN_1_192_288.dat
compression ratio = 6.63 
compression time = 0.008103
compressed data file = ../../../../CESM-LAND-MODELS/4/log_normalized/DISPVEGN_1_192_288.dat.sz.tmp
compression ratio = 6.625251
decompression time = 0.003669 seconds.
decompressed file = ../../../../CESM-LAND-MODELS/4/log_normalized/SZ3_1e-4/DISPVEGN_1_192_288.dat.SZ3.out
  ✓ Compression successful (ratio: 1.00x)

[28/176] Processing: DSTDEP_1_192_288.dat
compression ratio = 74.95 
compression time = 0.006006
compressed data file = ../../../../CESM-LAND-MODELS/4/log_normalized/DSTDEP_1_192_288.dat.sz.tmp
compression ratio = 74.952220
decompression time = 0.002974 seconds.
decompressed file = ../../../../CESM-LAND-MODELS/4/log_normalized/SZ3_1e-4/DSTDEP_1_192_288.dat.SZ3.out
  ✓ Compression successful (ratio: 1.00x)

[29/176] Processing: DSTFLXT_1_192_288.dat
compression ratio = 74.70 
compression time = 0.005791
compressed data file = ../../../../CESM-LAND-MODELS/4/log_normalized/DSTFLXT_1_192_288.dat.sz.tmp
compression ratio = 74.699088
decompression time = 0.002918 seconds.
decompressed file = ../../../../CESM-LAND-MODELS/4/log_normalized/SZ3_1e-4/DSTFLXT_1_192_288.dat.SZ3.out
  ✓ Compression successful (ratio: 1.00x)

[30/176] Processing: DWT_CLOSS_1_192_288.dat
compression ratio = 74.95 
compression time = 0.005916
compressed data file = ../../../../CESM-LAND-MODELS/4/log_normalized/DWT_CLOSS_1_192_288.dat.sz.tmp
compression ratio = 74.952220
decompression time = 0.002875 seconds.
decompressed file = ../../../../CESM-LAND-MODELS/4/log_normalized/SZ3_1e-4/DWT_CLOSS_1_192_288.dat.SZ3.out
  ✓ Compression successful (ratio: 1.00x)

[31/176] Processing: DWT_CONV_CFLUX_1_192_288.dat
compression ratio = 74.95 
compression time = 0.006402
compressed data file = ../../../../CESM-LAND-MODELS/4/log_normalized/DWT_CONV_CFLUX_1_192_288.dat.sz.tmp
compression ratio = 74.952220
decompression time = 0.002694 seconds.
decompressed file = ../../../../CESM-LAND-MODELS/4/log_normalized/SZ3_1e-4/DWT_CONV_CFLUX_1_192_288.dat.SZ3.out
  ✓ Compression successful (ratio: 1.00x)

[32/176] Processing: DWT_CONV_NFLUX_1_192_288.dat
compression ratio = 74.95 
compression time = 0.005965
compressed data file = ../../../../CESM-LAND-MODELS/4/log_normalized/DWT_CONV_NFLUX_1_192_288.dat.sz.tmp
compression ratio = 74.952220
decompression time = 0.002803 seconds.
decompressed file = ../../../../CESM-LAND-MODELS/4/log_normalized/SZ3_1e-4/DWT_CONV_NFLUX_1_192_288.dat.SZ3.out
  ✓ Compression successful (ratio: 1.00x)

[33/176] Processing: DWT_NLOSS_1_192_288.dat
compression ratio = 74.95 
compression time = 0.005898
compressed data file = ../../../../CESM-LAND-MODELS/4/log_normalized/DWT_NLOSS_1_192_288.dat.sz.tmp
compression ratio = 74.952220
decompression time = 0.002869 seconds.
decompressed file = ../../../../CESM-LAND-MODELS/4/log_normalized/SZ3_1e-4/DWT_NLOSS_1_192_288.dat.SZ3.out
  ✓ Compression successful (ratio: 1.00x)

[34/176] Processing: DWT_PROD100C_GAIN_1_192_288.dat
compression ratio = 74.95 
compression time = 0.005998
compressed data file = ../../../../CESM-LAND-MODELS/4/log_normalized/DWT_PROD100C_GAIN_1_192_288.dat.sz.tmp
compression ratio = 74.952220
decompression time = 0.002801 seconds.
decompressed file = ../../../../CESM-LAND-MODELS/4/log_normalized/SZ3_1e-4/DWT_PROD100C_GAIN_1_192_288.dat.SZ3.out
  ✓ Compression successful (ratio: 1.00x)

[35/176] Processing: DWT_PROD100N_GAIN_1_192_288.dat
compression ratio = 74.95 
compression time = 0.005914
compressed data file = ../../../../CESM-LAND-MODELS/4/log_normalized/DWT_PROD100N_GAIN_1_192_288.dat.sz.tmp
compression ratio = 74.952220
decompression time = 0.002865 seconds.
decompressed file = ../../../../CESM-LAND-MODELS/4/log_normalized/SZ3_1e-4/DWT_PROD100N_GAIN_1_192_288.dat.SZ3.out
  ✓ Compression successful (ratio: 1.00x)

[36/176] Processing: DWT_PROD10C_GAIN_1_192_288.dat
compression ratio = 74.95 
compression time = 0.006032
compressed data file = ../../../../CESM-LAND-MODELS/4/log_normalized/DWT_PROD10C_GAIN_1_192_288.dat.sz.tmp
compression ratio = 74.952220
decompression time = 0.002808 seconds.
decompressed file = ../../../../CESM-LAND-MODELS/4/log_normalized/SZ3_1e-4/DWT_PROD10C_GAIN_1_192_288.dat.SZ3.out
  ✓ Compression successful (ratio: 1.00x)

[37/176] Processing: DWT_PROD10N_GAIN_1_192_288.dat
compression ratio = 74.95 
compression time = 0.005777
compressed data file = ../../../../CESM-LAND-MODELS/4/log_normalized/DWT_PROD10N_GAIN_1_192_288.dat.sz.tmp
compression ratio = 74.952220
decompression time = 0.002833 seconds.
decompressed file = ../../../../CESM-LAND-MODELS/4/log_normalized/SZ3_1e-4/DWT_PROD10N_GAIN_1_192_288.dat.SZ3.out
  ✓ Compression successful (ratio: 1.00x)

[38/176] Processing: DWT_SEEDC_TO_DEADSTEM_1_192_288.dat
compression ratio = 74.95 
compression time = 0.005981
compressed data file = ../../../../CESM-LAND-MODELS/4/log_normalized/DWT_SEEDC_TO_DEADSTEM_1_192_288.dat.sz.tmp
compression ratio = 74.952220
decompression time = 0.002955 seconds.
decompressed file = ../../../../CESM-LAND-MODELS/4/log_normalized/SZ3_1e-4/DWT_SEEDC_TO_DEADSTEM_1_192_288.dat.SZ3.out
  ✓ Compression successful (ratio: 1.00x)

[39/176] Processing: DWT_SEEDC_TO_LEAF_1_192_288.dat
compression ratio = 74.95 
compression time = 0.005769
compressed data file = ../../../../CESM-LAND-MODELS/4/log_normalized/DWT_SEEDC_TO_LEAF_1_192_288.dat.sz.tmp
compression ratio = 74.952220
decompression time = 0.002785 seconds.
decompressed file = ../../../../CESM-LAND-MODELS/4/log_normalized/SZ3_1e-4/DWT_SEEDC_TO_LEAF_1_192_288.dat.SZ3.out
  ✓ Compression successful (ratio: 1.00x)

[40/176] Processing: DWT_SEEDN_TO_DEADSTEM_1_192_288.dat
compression ratio = 74.95 
compression time = 0.005958
compressed data file = ../../../../CESM-LAND-MODELS/4/log_normalized/DWT_SEEDN_TO_DEADSTEM_1_192_288.dat.sz.tmp
compression ratio = 74.952220
decompression time = 0.002997 seconds.
decompressed file = ../../../../CESM-LAND-MODELS/4/log_normalized/SZ3_1e-4/DWT_SEEDN_TO_DEADSTEM_1_192_288.dat.SZ3.out
  ✓ Compression successful (ratio: 1.00x)

[41/176] Processing: DWT_SEEDN_TO_LEAF_1_192_288.dat
compression ratio = 74.95 
compression time = 0.005998
compressed data file = ../../../../CESM-LAND-MODELS/4/log_normalized/DWT_SEEDN_TO_LEAF_1_192_288.dat.sz.tmp
compression ratio = 74.952220
decompression time = 0.002838 seconds.
decompressed file = ../../../../CESM-LAND-MODELS/4/log_normalized/SZ3_1e-4/DWT_SEEDN_TO_LEAF_1_192_288.dat.SZ3.out
  ✓ Compression successful (ratio: 1.00x)

[42/176] Processing: EFLX_DYNBAL_1_192_288.dat
compression ratio = 74.95 
compression time = 0.005897
compressed data file = ../../../../CESM-LAND-MODELS/4/log_normalized/EFLX_DYNBAL_1_192_288.dat.sz.tmp
compression ratio = 74.952220
decompression time = 0.002898 seconds.
decompressed file = ../../../../CESM-LAND-MODELS/4/log_normalized/SZ3_1e-4/EFLX_DYNBAL_1_192_288.dat.SZ3.out
  ✓ Compression successful (ratio: 1.00x)

[43/176] Processing: EFLX_LH_TOT_R_1_192_288.dat
compression ratio = 7.91 
compression time = 0.006531
compressed data file = ../../../../CESM-LAND-MODELS/4/log_normalized/EFLX_LH_TOT_R_1_192_288.dat.sz.tmp
compression ratio = 7.912145
decompression time = 0.004187 seconds.
decompressed file = ../../../../CESM-LAND-MODELS/4/log_normalized/SZ3_1e-4/EFLX_LH_TOT_R_1_192_288.dat.SZ3.out
  ✓ Compression successful (ratio: 1.00x)

[44/176] Processing: EFLX_LH_TOT_U_1_192_288.dat
compression ratio = 10.02 
compression time = 0.005950
compressed data file = ../../../../CESM-LAND-MODELS/4/log_normalized/EFLX_LH_TOT_U_1_192_288.dat.sz.tmp
compression ratio = 10.016030
decompression time = 0.001521 seconds.
decompressed file = ../../../../CESM-LAND-MODELS/4/log_normalized/SZ3_1e-4/EFLX_LH_TOT_U_1_192_288.dat.SZ3.out
  ✓ Compression successful (ratio: 1.00x)

[45/176] Processing: ELAI_1_192_288.dat
compression ratio = 7.98 
compression time = 0.007448
compressed data file = ../../../../CESM-LAND-MODELS/4/log_normalized/ELAI_1_192_288.dat.sz.tmp
compression ratio = 7.984405
decompression time = 0.003592 seconds.
decompressed file = ../../../../CESM-LAND-MODELS/4/log_normalized/SZ3_1e-4/ELAI_1_192_288.dat.SZ3.out
  ✓ Compression successful (ratio: 1.00x)

[46/176] Processing: ER_1_192_288.dat
compression ratio = 73.46 
compression time = 0.005850
compressed data file = ../../../../CESM-LAND-MODELS/4/log_normalized/ER_1_192_288.dat.sz.tmp
compression ratio = 73.458652
decompression time = 0.002765 seconds.
decompressed file = ../../../../CESM-LAND-MODELS/4/log_normalized/SZ3_1e-4/ER_1_192_288.dat.SZ3.out
  ✓ Compression successful (ratio: 1.00x)

[47/176] Processing: ERRH2O_1_192_288.dat
compression ratio = 74.95 
compression time = 0.005934
compressed data file = ../../../../CESM-LAND-MODELS/4/log_normalized/ERRH2O_1_192_288.dat.sz.tmp
compression ratio = 74.952220
decompression time = 0.002774 seconds.
decompressed file = ../../../../CESM-LAND-MODELS/4/log_normalized/SZ3_1e-4/ERRH2O_1_192_288.dat.SZ3.out
  ✓ Compression successful (ratio: 1.00x)

[48/176] Processing: ERRSEB_1_192_288.dat
compression ratio = 74.95 
compression time = 0.005927
compressed data file = ../../../../CESM-LAND-MODELS/4/log_normalized/ERRSEB_1_192_288.dat.sz.tmp
compression ratio = 74.952220
decompression time = 0.002824 seconds.
decompressed file = ../../../../CESM-LAND-MODELS/4/log_normalized/SZ3_1e-4/ERRSEB_1_192_288.dat.SZ3.out
  ✓ Compression successful (ratio: 1.00x)

[49/176] Processing: ERRSOI_1_192_288.dat
compression ratio = 74.95 
compression time = 0.005858
compressed data file = ../../../../CESM-LAND-MODELS/4/log_normalized/ERRSOI_1_192_288.dat.sz.tmp
compression ratio = 74.952220
decompression time = 0.002842 seconds.
decompressed file = ../../../../CESM-LAND-MODELS/4/log_normalized/SZ3_1e-4/ERRSOI_1_192_288.dat.SZ3.out
  ✓ Compression successful (ratio: 1.00x)

[50/176] Processing: ERRSOL_1_192_288.dat
compression ratio = 74.95 
compression time = 0.005802
compressed data file = ../../../../CESM-LAND-MODELS/4/log_normalized/ERRSOL_1_192_288.dat.sz.tmp
compression ratio = 74.952220
decompression time = 0.002888 seconds.
decompressed file = ../../../../CESM-LAND-MODELS/4/log_normalized/SZ3_1e-4/ERRSOL_1_192_288.dat.SZ3.out
  ✓ Compression successful (ratio: 1.00x)

[51/176] Processing: ESAI_1_192_288.dat
compression ratio = 9.49 
compression time = 0.008570
compressed data file = ../../../../CESM-LAND-MODELS/4/log_normalized/ESAI_1_192_288.dat.sz.tmp
compression ratio = 9.493690
decompression time = 0.003691 seconds.
decompressed file = ../../../../CESM-LAND-MODELS/4/log_normalized/SZ3_1e-4/ESAI_1_192_288.dat.SZ3.out
  ✓ Compression successful (ratio: 1.00x)

[52/176] Processing: FCEV_1_192_288.dat
compression ratio = 8.71 
compression time = 0.007092
compressed data file = ../../../../CESM-LAND-MODELS/4/log_normalized/FCEV_1_192_288.dat.sz.tmp
compression ratio = 8.705290
decompression time = 0.004574 seconds.
decompressed file = ../../../../CESM-LAND-MODELS/4/log_normalized/SZ3_1e-4/FCEV_1_192_288.dat.SZ3.out
  ✓ Compression successful (ratio: 1.00x)

[53/176] Processing: FCOV_1_192_288.dat
compression ratio = 12.46 
compression time = 0.007636
compressed data file = ../../../../CESM-LAND-MODELS/4/log_normalized/FCOV_1_192_288.dat.sz.tmp
compression ratio = 12.460368
decompression time = 0.003371 seconds.
decompressed file = ../../../../CESM-LAND-MODELS/4/log_normalized/SZ3_1e-4/FCOV_1_192_288.dat.SZ3.out
  ✓ Compression successful (ratio: 1.00x)

[54/176] Processing: FCTR_1_192_288.dat
compression ratio = 7.87 
compression time = 0.007891
compressed data file = ../../../../CESM-LAND-MODELS/4/log_normalized/FCTR_1_192_288.dat.sz.tmp
compression ratio = 7.868237
decompression time = 0.003597 seconds.
decompressed file = ../../../../CESM-LAND-MODELS/4/log_normalized/SZ3_1e-4/FCTR_1_192_288.dat.SZ3.out
  ✓ Compression successful (ratio: 1.00x)

[55/176] Processing: FGEV_1_192_288.dat
compression ratio = 6.48 
compression time = 0.008553
compressed data file = ../../../../CESM-LAND-MODELS/4/log_normalized/FGEV_1_192_288.dat.sz.tmp
compression ratio = 6.475131
decompression time = 0.003715 seconds.
decompressed file = ../../../../CESM-LAND-MODELS/4/log_normalized/SZ3_1e-4/FGEV_1_192_288.dat.SZ3.out
  ✓ Compression successful (ratio: 1.00x)

[56/176] Processing: FGR_1_192_288.dat
compression ratio = 11.40 
compression time = 0.007639
compressed data file = ../../../../CESM-LAND-MODELS/4/log_normalized/FGR_1_192_288.dat.sz.tmp
compression ratio = 11.401825
decompression time = 0.003462 seconds.
decompressed file = ../../../../CESM-LAND-MODELS/4/log_normalized/SZ3_1e-4/FGR_1_192_288.dat.SZ3.out
  ✓ Compression successful (ratio: 1.00x)

[57/176] Processing: FGR12_1_192_288.dat
compression ratio = 10.03 
compression time = 0.007414
compressed data file = ../../../../CESM-LAND-MODELS/4/log_normalized/FGR12_1_192_288.dat.sz.tmp
compression ratio = 10.028292
decompression time = 0.003496 seconds.
decompressed file = ../../../../CESM-LAND-MODELS/4/log_normalized/SZ3_1e-4/FGR12_1_192_288.dat.SZ3.out
  ✓ Compression successful (ratio: 1.00x)

[58/176] Processing: FGR_R_1_192_288.dat
compression ratio = 11.64 
compression time = 0.007730
compressed data file = ../../../../CESM-LAND-MODELS/4/log_normalized/FGR_R_1_192_288.dat.sz.tmp
compression ratio = 11.635139
decompression time = 0.003438 seconds.
decompressed file = ../../../../CESM-LAND-MODELS/4/log_normalized/SZ3_1e-4/FGR_R_1_192_288.dat.SZ3.out
  ✓ Compression successful (ratio: 1.00x)

[59/176] Processing: FGR_U_1_192_288.dat
compression ratio = 17.61 
compression time = 0.004632
compressed data file = ../../../../CESM-LAND-MODELS/4/log_normalized/FGR_U_1_192_288.dat.sz.tmp
compression ratio = 17.614398
decompression time = 0.001226 seconds.
decompressed file = ../../../../CESM-LAND-MODELS/4/log_normalized/SZ3_1e-4/FGR_U_1_192_288.dat.SZ3.out
  ✓ Compression successful (ratio: 1.00x)

[60/176] Processing: FIRA_1_192_288.dat
compression ratio = 7.38 
compression time = 0.007554
compressed data file = ../../../../CESM-LAND-MODELS/4/log_normalized/FIRA_1_192_288.dat.sz.tmp
compression ratio = 7.381904
decompression time = 0.003844 seconds.
decompressed file = ../../../../CESM-LAND-MODELS/4/log_normalized/SZ3_1e-4/FIRA_1_192_288.dat.SZ3.out
  ✓ Compression successful (ratio: 1.00x)

[61/176] Processing: FIRA_R_1_192_288.dat
compression ratio = 8.58 
compression time = 0.007473
compressed data file = ../../../../CESM-LAND-MODELS/4/log_normalized/FIRA_R_1_192_288.dat.sz.tmp
compression ratio = 8.576015
decompression time = 0.003599 seconds.
decompressed file = ../../../../CESM-LAND-MODELS/4/log_normalized/SZ3_1e-4/FIRA_R_1_192_288.dat.SZ3.out
  ✓ Compression successful (ratio: 1.00x)

[62/176] Processing: FIRA_U_1_192_288.dat
compression ratio = 11.45 
compression time = 0.005218
compressed data file = ../../../../CESM-LAND-MODELS/4/log_normalized/FIRA_U_1_192_288.dat.sz.tmp
compression ratio = 11.454376
decompression time = 0.001291 seconds.
decompressed file = ../../../../CESM-LAND-MODELS/4/log_normalized/SZ3_1e-4/FIRA_U_1_192_288.dat.SZ3.out
  ✓ Compression successful (ratio: 1.00x)

[63/176] Processing: FIRE_1_192_288.dat
compression ratio = 8.72 
compression time = 0.008176
compressed data file = ../../../../CESM-LAND-MODELS/4/log_normalized/FIRE_1_192_288.dat.sz.tmp
compression ratio = 8.718672
decompression time = 0.004049 seconds.
decompressed file = ../../../../CESM-LAND-MODELS/4/log_normalized/SZ3_1e-4/FIRE_1_192_288.dat.SZ3.out
  ✓ Compression successful (ratio: 1.00x)

[64/176] Processing: FIRESEASONL_1_192_288.dat
compression ratio = 5.12 
compression time = 0.009013
compressed data file = ../../../../CESM-LAND-MODELS/4/log_normalized/FIRESEASONL_1_192_288.dat.sz.tmp
compression ratio = 5.123321
decompression time = 0.002619 seconds.
decompressed file = ../../../../CESM-LAND-MODELS/4/log_normalized/SZ3_1e-4/FIRESEASONL_1_192_288.dat.SZ3.out
  ✓ Compression successful (ratio: 1.00x)

[65/176] Processing: FLDS_1_192_288.dat
compression ratio = 9.21 
compression time = 0.007945
compressed data file = ../../../../CESM-LAND-MODELS/4/log_normalized/FLDS_1_192_288.dat.sz.tmp
compression ratio = 9.214464
decompression time = 0.003472 seconds.
decompressed file = ../../../../CESM-LAND-MODELS/4/log_normalized/SZ3_1e-4/FLDS_1_192_288.dat.SZ3.out
  ✓ Compression successful (ratio: 1.00x)

[66/176] Processing: FLUXFM2A_1_192_288.dat
compression ratio = 74.95 
compression time = 0.006103
compressed data file = ../../../../CESM-LAND-MODELS/4/log_normalized/FLUXFM2A_1_192_288.dat.sz.tmp
compression ratio = 74.952220
decompression time = 0.003116 seconds.
decompressed file = ../../../../CESM-LAND-MODELS/4/log_normalized/SZ3_1e-4/FLUXFM2A_1_192_288.dat.SZ3.out
  ✓ Compression successful (ratio: 1.00x)

[67/176] Processing: FLUXFMLND_1_192_288.dat
compression ratio = 74.95 
compression time = 0.006084
compressed data file = ../../../../CESM-LAND-MODELS/4/log_normalized/FLUXFMLND_1_192_288.dat.sz.tmp
compression ratio = 74.952220
decompression time = 0.002775 seconds.
decompressed file = ../../../../CESM-LAND-MODELS/4/log_normalized/SZ3_1e-4/FLUXFMLND_1_192_288.dat.SZ3.out
  ✓ Compression successful (ratio: 1.00x)

[68/176] Processing: FPG_1_192_288.dat
compression ratio = 18.07 
compression time = 0.007196
compressed data file = ../../../../CESM-LAND-MODELS/4/log_normalized/FPG_1_192_288.dat.sz.tmp
compression ratio = 18.073541
decompression time = 0.003259 seconds.
decompressed file = ../../../../CESM-LAND-MODELS/4/log_normalized/SZ3_1e-4/FPG_1_192_288.dat.SZ3.out
  ✓ Compression successful (ratio: 1.00x)

[69/176] Processing: FPI_1_192_288.dat
compression ratio = 12.33 
compression time = 0.007322
compressed data file = ../../../../CESM-LAND-MODELS/4/log_normalized/FPI_1_192_288.dat.sz.tmp
compression ratio = 12.329784
decompression time = 0.003435 seconds.
decompressed file = ../../../../CESM-LAND-MODELS/4/log_normalized/SZ3_1e-4/FPI_1_192_288.dat.SZ3.out
  ✓ Compression successful (ratio: 1.00x)

[70/176] Processing: FPSN_1_192_288.dat
compression ratio = 8.69 
compression time = 0.007396
compressed data file = ../../../../CESM-LAND-MODELS/4/log_normalized/FPSN_1_192_288.dat.sz.tmp
compression ratio = 8.689558
decompression time = 0.003579 seconds.
decompressed file = ../../../../CESM-LAND-MODELS/4/log_normalized/SZ3_1e-4/FPSN_1_192_288.dat.SZ3.out
  ✓ Compression successful (ratio: 1.00x)

[71/176] Processing: FROOTC_1_192_288.dat
compression ratio = 6.08 
compression time = 0.008288
compressed data file = ../../../../CESM-LAND-MODELS/4/log_normalized/FROOTC_1_192_288.dat.sz.tmp
compression ratio = 6.077652
decompression time = 0.003470 seconds.
decompressed file = ../../../../CESM-LAND-MODELS/4/log_normalized/SZ3_1e-4/FROOTC_1_192_288.dat.SZ3.out
  ✓ Compression successful (ratio: 1.00x)

[72/176] Processing: FROOTC_ALLOC_1_192_288.dat
compression ratio = 74.85 
compression time = 0.006079
compressed data file = ../../../../CESM-LAND-MODELS/4/log_normalized/FROOTC_ALLOC_1_192_288.dat.sz.tmp
compression ratio = 74.850761
decompression time = 0.003996 seconds.
decompressed file = ../../../../CESM-LAND-MODELS/4/log_normalized/SZ3_1e-4/FROOTC_ALLOC_1_192_288.dat.SZ3.out
  ✓ Compression successful (ratio: 1.00x)

[73/176] Processing: FROOTC_LOSS_1_192_288.dat
compression ratio = 74.85 
compression time = 0.005800
compressed data file = ../../../../CESM-LAND-MODELS/4/log_normalized/FROOTC_LOSS_1_192_288.dat.sz.tmp
compression ratio = 74.850761
decompression time = 0.003659 seconds.
decompressed file = ../../../../CESM-LAND-MODELS/4/log_normalized/SZ3_1e-4/FROOTC_LOSS_1_192_288.dat.SZ3.out
  ✓ Compression successful (ratio: 1.00x)

[74/176] Processing: FROOTN_1_192_288.dat
compression ratio = 7.85 
compression time = 0.007405
compressed data file = ../../../../CESM-LAND-MODELS/4/log_normalized/FROOTN_1_192_288.dat.sz.tmp
compression ratio = 7.847857
decompression time = 0.003713 seconds.
decompressed file = ../../../../CESM-LAND-MODELS/4/log_normalized/SZ3_1e-4/FROOTN_1_192_288.dat.SZ3.out
  ✓ Compression successful (ratio: 1.00x)

[75/176] Processing: FSA_1_192_288.dat
compression ratio = 7.63 
compression time = 0.007920
compressed data file = ../../../../CESM-LAND-MODELS/4/log_normalized/FSA_1_192_288.dat.sz.tmp
compression ratio = 7.626509
decompression time = 0.003973 seconds.
decompressed file = ../../../../CESM-LAND-MODELS/4/log_normalized/SZ3_1e-4/FSA_1_192_288.dat.SZ3.out
  ✓ Compression successful (ratio: 1.00x)

[76/176] Processing: FSA_R_1_192_288.dat
compression ratio = 8.98 
compression time = 0.008129
compressed data file = ../../../../CESM-LAND-MODELS/4/log_normalized/FSA_R_1_192_288.dat.sz.tmp
compression ratio = 8.980268
decompression time = 0.003904 seconds.
decompressed file = ../../../../CESM-LAND-MODELS/4/log_normalized/SZ3_1e-4/FSA_R_1_192_288.dat.SZ3.out
  ✓ Compression successful (ratio: 1.00x)

[77/176] Processing: FSAT_1_192_288.dat
compression ratio = 16.94 
compression time = 0.007072
compressed data file = ../../../../CESM-LAND-MODELS/4/log_normalized/FSAT_1_192_288.dat.sz.tmp
compression ratio = 16.937285
decompression time = 0.003610 seconds.
decompressed file = ../../../../CESM-LAND-MODELS/4/log_normalized/SZ3_1e-4/FSAT_1_192_288.dat.SZ3.out
  ✓ Compression successful (ratio: 1.00x)

[78/176] Processing: FSA_U_1_192_288.dat
compression ratio = 12.20 
compression time = 0.006637
compressed data file = ../../../../CESM-LAND-MODELS/4/log_normalized/FSA_U_1_192_288.dat.sz.tmp
compression ratio = 12.201236
decompression time = 0.004899 seconds.
decompressed file = ../../../../CESM-LAND-MODELS/4/log_normalized/SZ3_1e-4/FSA_U_1_192_288.dat.SZ3.out
  ✓ Compression successful (ratio: 1.00x)

[79/176] Processing: FSDS_1_192_288.dat
compression ratio = 9.07 
compression time = 0.007322
compressed data file = ../../../../CESM-LAND-MODELS/4/log_normalized/FSDS_1_192_288.dat.sz.tmp
compression ratio = 9.072354
decompression time = 0.003521 seconds.
decompressed file = ../../../../CESM-LAND-MODELS/4/log_normalized/SZ3_1e-4/FSDS_1_192_288.dat.SZ3.out
  ✓ Compression successful (ratio: 1.00x)

[80/176] Processing: FSDSND_1_192_288.dat
compression ratio = 8.06 
compression time = 0.008071
compressed data file = ../../../../CESM-LAND-MODELS/4/log_normalized/FSDSND_1_192_288.dat.sz.tmp
compression ratio = 8.059467
decompression time = 0.003667 seconds.
decompressed file = ../../../../CESM-LAND-MODELS/4/log_normalized/SZ3_1e-4/FSDSND_1_192_288.dat.SZ3.out
  ✓ Compression successful (ratio: 1.00x)

[81/176] Processing: FSDSNDLN_1_192_288.dat
compression ratio = 7.84 
compression time = 0.007650
compressed data file = ../../../../CESM-LAND-MODELS/4/log_normalized/FSDSNDLN_1_192_288.dat.sz.tmp
compression ratio = 7.842570
decompression time = 0.003504 seconds.
decompressed file = ../../../../CESM-LAND-MODELS/4/log_normalized/SZ3_1e-4/FSDSNDLN_1_192_288.dat.SZ3.out
  ✓ Compression successful (ratio: 1.00x)

[82/176] Processing: FSDSNI_1_192_288.dat
compression ratio = 7.84 
compression time = 0.007747
compressed data file = ../../../../CESM-LAND-MODELS/4/log_normalized/FSDSNI_1_192_288.dat.sz.tmp
compression ratio = 7.844795
decompression time = 0.003752 seconds.
decompressed file = ../../../../CESM-LAND-MODELS/4/log_normalized/SZ3_1e-4/FSDSNI_1_192_288.dat.SZ3.out
  ✓ Compression successful (ratio: 1.00x)

[83/176] Processing: FSDSVD_1_192_288.dat
compression ratio = 8.30 
compression time = 0.008607
compressed data file = ../../../../CESM-LAND-MODELS/4/log_normalized/FSDSVD_1_192_288.dat.sz.tmp
compression ratio = 8.303638
decompression time = 0.003641 seconds.
decompressed file = ../../../../CESM-LAND-MODELS/4/log_normalized/SZ3_1e-4/FSDSVD_1_192_288.dat.SZ3.out
  ✓ Compression successful (ratio: 1.00x)

[84/176] Processing: FSDSVDLN_1_192_288.dat
compression ratio = 7.95 
compression time = 0.007821
compressed data file = ../../../../CESM-LAND-MODELS/4/log_normalized/FSDSVDLN_1_192_288.dat.sz.tmp
compression ratio = 7.947682
decompression time = 0.003969 seconds.
decompressed file = ../../../../CESM-LAND-MODELS/4/log_normalized/SZ3_1e-4/FSDSVDLN_1_192_288.dat.SZ3.out
  ✓ Compression successful (ratio: 1.00x)

[85/176] Processing: FSDSVI_1_192_288.dat
compression ratio = 8.51 
compression time = 0.007676
compressed data file = ../../../../CESM-LAND-MODELS/4/log_normalized/FSDSVI_1_192_288.dat.sz.tmp
compression ratio = 8.513954
decompression time = 0.003586 seconds.
decompressed file = ../../../../CESM-LAND-MODELS/4/log_normalized/SZ3_1e-4/FSDSVI_1_192_288.dat.SZ3.out
  ✓ Compression successful (ratio: 1.00x)

[86/176] Processing: FSH_1_192_288.dat
compression ratio = 8.30 
compression time = 0.007255
compressed data file = ../../../../CESM-LAND-MODELS/4/log_normalized/FSH_1_192_288.dat.sz.tmp
compression ratio = 8.304885
decompression time = 0.003625 seconds.
decompressed file = ../../../../CESM-LAND-MODELS/4/log_normalized/SZ3_1e-4/FSH_1_192_288.dat.SZ3.out
  ✓ Compression successful (ratio: 1.00x)

[87/176] Processing: FSH_G_1_192_288.dat
compression ratio = 9.08 
compression time = 0.007633
compressed data file = ../../../../CESM-LAND-MODELS/4/log_normalized/FSH_G_1_192_288.dat.sz.tmp
compression ratio = 9.083905
decompression time = 0.003580 seconds.
decompressed file = ../../../../CESM-LAND-MODELS/4/log_normalized/SZ3_1e-4/FSH_G_1_192_288.dat.SZ3.out
  ✓ Compression successful (ratio: 1.00x)

[88/176] Processing: FSH_NODYNLNDUSE_1_192_288.dat
compression ratio = 8.30 
compression time = 0.008165
compressed data file = ../../../../CESM-LAND-MODELS/4/log_normalized/FSH_NODYNLNDUSE_1_192_288.dat.sz.tmp
compression ratio = 8.304885
decompression time = 0.003648 seconds.
decompressed file = ../../../../CESM-LAND-MODELS/4/log_normalized/SZ3_1e-4/FSH_NODYNLNDUSE_1_192_288.dat.SZ3.out
  ✓ Compression successful (ratio: 1.00x)

[89/176] Processing: FSH_R_1_192_288.dat
compression ratio = 9.66 
compression time = 0.008127
compressed data file = ../../../../CESM-LAND-MODELS/4/log_normalized/FSH_R_1_192_288.dat.sz.tmp
compression ratio = 9.664598
decompression time = 0.003981 seconds.
decompressed file = ../../../../CESM-LAND-MODELS/4/log_normalized/SZ3_1e-4/FSH_R_1_192_288.dat.SZ3.out
  ✓ Compression successful (ratio: 1.00x)

[90/176] Processing: FSH_U_1_192_288.dat
compression ratio = 13.14 
compression time = 0.006548
compressed data file = ../../../../CESM-LAND-MODELS/4/log_normalized/FSH_U_1_192_288.dat.sz.tmp
compression ratio = 13.140684
decompression time = 0.001505 seconds.
decompressed file = ../../../../CESM-LAND-MODELS/4/log_normalized/SZ3_1e-4/FSH_U_1_192_288.dat.SZ3.out
  ✓ Compression successful (ratio: 1.00x)

[91/176] Processing: FSH_V_1_192_288.dat
compression ratio = 9.90 
compression time = 0.008619
compressed data file = ../../../../CESM-LAND-MODELS/4/log_normalized/FSH_V_1_192_288.dat.sz.tmp
compression ratio = 9.899919
decompression time = 0.003536 seconds.
decompressed file = ../../../../CESM-LAND-MODELS/4/log_normalized/SZ3_1e-4/FSH_V_1_192_288.dat.SZ3.out
  ✓ Compression successful (ratio: 1.00x)

[92/176] Processing: FSM_1_192_288.dat
compression ratio = 9.96 
compression time = 0.008002
compressed data file = ../../../../CESM-LAND-MODELS/4/log_normalized/FSM_1_192_288.dat.sz.tmp
compression ratio = 9.964141
decompression time = 0.003492 seconds.
decompressed file = ../../../../CESM-LAND-MODELS/4/log_normalized/SZ3_1e-4/FSM_1_192_288.dat.SZ3.out
  ✓ Compression successful (ratio: 1.00x)

[93/176] Processing: FSM_R_1_192_288.dat
compression ratio = 14.38 
compression time = 0.006431
compressed data file = ../../../../CESM-LAND-MODELS/4/log_normalized/FSM_R_1_192_288.dat.sz.tmp
compression ratio = 14.384080
decompression time = 0.004149 seconds.
decompressed file = ../../../../CESM-LAND-MODELS/4/log_normalized/SZ3_1e-4/FSM_R_1_192_288.dat.SZ3.out
  ✓ Compression successful (ratio: 1.00x)

[94/176] Processing: FSM_U_1_192_288.dat
compression ratio = 21.20 
compression time = 0.006898
compressed data file = ../../../../CESM-LAND-MODELS/4/log_normalized/FSM_U_1_192_288.dat.sz.tmp
compression ratio = 21.198390
decompression time = 0.003831 seconds.
decompressed file = ../../../../CESM-LAND-MODELS/4/log_normalized/SZ3_1e-4/FSM_U_1_192_288.dat.SZ3.out
  ✓ Compression successful (ratio: 1.00x)

[95/176] Processing: FSNO_1_192_288.dat
compression ratio = 21.53 
compression time = 0.006401
compressed data file = ../../../../CESM-LAND-MODELS/4/log_normalized/FSNO_1_192_288.dat.sz.tmp
compression ratio = 21.528519
decompression time = 0.003011 seconds.
decompressed file = ../../../../CESM-LAND-MODELS/4/log_normalized/SZ3_1e-4/FSNO_1_192_288.dat.SZ3.out
  ✓ Compression successful (ratio: 1.00x)

[96/176] Processing: FSR_1_192_288.dat
compression ratio = 7.23 
compression time = 0.008280
compressed data file = ../../../../CESM-LAND-MODELS/4/log_normalized/FSR_1_192_288.dat.sz.tmp
compression ratio = 7.225166
decompression time = 0.003851 seconds.
decompressed file = ../../../../CESM-LAND-MODELS/4/log_normalized/SZ3_1e-4/FSR_1_192_288.dat.SZ3.out
  ✓ Compression successful (ratio: 1.00x)

[97/176] Processing: FSRND_1_192_288.dat
compression ratio = 7.25 
compression time = 0.008325
compressed data file = ../../../../CESM-LAND-MODELS/4/log_normalized/FSRND_1_192_288.dat.sz.tmp
compression ratio = 7.245995
decompression time = 0.003665 seconds.
decompressed file = ../../../../CESM-LAND-MODELS/4/log_normalized/SZ3_1e-4/FSRND_1_192_288.dat.SZ3.out
  ✓ Compression successful (ratio: 1.00x)

[98/176] Processing: FSRNDLN_1_192_288.dat
compression ratio = 6.88 
compression time = 0.008499
compressed data file = ../../../../CESM-LAND-MODELS/4/log_normalized/FSRNDLN_1_192_288.dat.sz.tmp
compression ratio = 6.877398
decompression time = 0.003736 seconds.
decompressed file = ../../../../CESM-LAND-MODELS/4/log_normalized/SZ3_1e-4/FSRNDLN_1_192_288.dat.SZ3.out
  ✓ Compression successful (ratio: 1.00x)

[99/176] Processing: FSRNI_1_192_288.dat
compression ratio = 7.50 
compression time = 0.008146
compressed data file = ../../../../CESM-LAND-MODELS/4/log_normalized/FSRNI_1_192_288.dat.sz.tmp
compression ratio = 7.504886
decompression time = 0.004196 seconds.
decompressed file = ../../../../CESM-LAND-MODELS/4/log_normalized/SZ3_1e-4/FSRNI_1_192_288.dat.SZ3.out
  ✓ Compression successful (ratio: 1.00x)

[100/176] Processing: FSRVD_1_192_288.dat
compression ratio = 7.13 
compression time = 0.008911
compressed data file = ../../../../CESM-LAND-MODELS/4/log_normalized/FSRVD_1_192_288.dat.sz.tmp
compression ratio = 7.131287
decompression time = 0.003531 seconds.
decompressed file = ../../../../CESM-LAND-MODELS/4/log_normalized/SZ3_1e-4/FSRVD_1_192_288.dat.SZ3.out
  ✓ Compression successful (ratio: 1.00x)

[101/176] Processing: FSRVDLN_1_192_288.dat
compression ratio = 6.56 
compression time = 0.007971
compressed data file = ../../../../CESM-LAND-MODELS/4/log_normalized/FSRVDLN_1_192_288.dat.sz.tmp
compression ratio = 6.558653
decompression time = 0.003734 seconds.
decompressed file = ../../../../CESM-LAND-MODELS/4/log_normalized/SZ3_1e-4/FSRVDLN_1_192_288.dat.SZ3.out
  ✓ Compression successful (ratio: 1.00x)

[102/176] Processing: FSRVI_1_192_288.dat
compression ratio = 7.39 
compression time = 0.007514
compressed data file = ../../../../CESM-LAND-MODELS/4/log_normalized/FSRVI_1_192_288.dat.sz.tmp
compression ratio = 7.393749
decompression time = 0.003542 seconds.
decompressed file = ../../../../CESM-LAND-MODELS/4/log_normalized/SZ3_1e-4/FSRVI_1_192_288.dat.SZ3.out
  ✓ Compression successful (ratio: 1.00x)

[103/176] Processing: GC_HEAT1_1_192_288.dat
compression ratio = 11.16 
compression time = 0.007123
compressed data file = ../../../../CESM-LAND-MODELS/4/log_normalized/GC_HEAT1_1_192_288.dat.sz.tmp
compression ratio = 11.157385
decompression time = 0.003414 seconds.
decompressed file = ../../../../CESM-LAND-MODELS/4/log_normalized/SZ3_1e-4/GC_HEAT1_1_192_288.dat.SZ3.out
  ✓ Compression successful (ratio: 1.00x)

[104/176] Processing: GC_HEAT2_1_192_288.dat
compression ratio = 74.95 
compression time = 0.005957
compressed data file = ../../../../CESM-LAND-MODELS/4/log_normalized/GC_HEAT2_1_192_288.dat.sz.tmp
compression ratio = 74.952220
decompression time = 0.002850 seconds.
decompressed file = ../../../../CESM-LAND-MODELS/4/log_normalized/SZ3_1e-4/GC_HEAT2_1_192_288.dat.SZ3.out
  ✓ Compression successful (ratio: 1.00x)

[105/176] Processing: GC_ICE1_1_192_288.dat
compression ratio = 8.27 
compression time = 0.008217
compressed data file = ../../../../CESM-LAND-MODELS/4/log_normalized/GC_ICE1_1_192_288.dat.sz.tmp
compression ratio = 8.266398
decompression time = 0.003470 seconds.
decompressed file = ../../../../CESM-LAND-MODELS/4/log_normalized/SZ3_1e-4/GC_ICE1_1_192_288.dat.SZ3.out
  ✓ Compression successful (ratio: 1.00x)

[106/176] Processing: GC_ICE2_1_192_288.dat
compression ratio = 74.95 
compression time = 0.005768
compressed data file = ../../../../CESM-LAND-MODELS/4/log_normalized/GC_ICE2_1_192_288.dat.sz.tmp
compression ratio = 74.952220
decompression time = 0.002895 seconds.
decompressed file = ../../../../CESM-LAND-MODELS/4/log_normalized/SZ3_1e-4/GC_ICE2_1_192_288.dat.SZ3.out
  ✓ Compression successful (ratio: 1.00x)

[107/176] Processing: GC_LIQ1_1_192_288.dat
compression ratio = 27.10 
compression time = 0.007433
compressed data file = ../../../../CESM-LAND-MODELS/4/log_normalized/GC_LIQ1_1_192_288.dat.sz.tmp
compression ratio = 27.102561
decompression time = 0.003439 seconds.
decompressed file = ../../../../CESM-LAND-MODELS/4/log_normalized/SZ3_1e-4/GC_LIQ1_1_192_288.dat.SZ3.out
  ✓ Compression successful (ratio: 1.00x)

[108/176] Processing: GC_LIQ2_1_192_288.dat
compression ratio = 74.95 
compression time = 0.005740
compressed data file = ../../../../CESM-LAND-MODELS/4/log_normalized/GC_LIQ2_1_192_288.dat.sz.tmp
compression ratio = 74.952220
decompression time = 0.002739 seconds.
decompressed file = ../../../../CESM-LAND-MODELS/4/log_normalized/SZ3_1e-4/GC_LIQ2_1_192_288.dat.SZ3.out
  ✓ Compression successful (ratio: 1.00x)

[109/176] Processing: GPP_1_192_288.dat
compression ratio = 73.48 
compression time = 0.005852
compressed data file = ../../../../CESM-LAND-MODELS/4/log_normalized/GPP_1_192_288.dat.sz.tmp
compression ratio = 73.483056
decompression time = 0.002760 seconds.
decompressed file = ../../../../CESM-LAND-MODELS/4/log_normalized/SZ3_1e-4/GPP_1_192_288.dat.SZ3.out
  ✓ Compression successful (ratio: 1.00x)

[110/176] Processing: GR_1_192_288.dat
compression ratio = 73.70 
compression time = 0.005979
compressed data file = ../../../../CESM-LAND-MODELS/4/log_normalized/GR_1_192_288.dat.sz.tmp
compression ratio = 73.703432
decompression time = 0.002834 seconds.
decompressed file = ../../../../CESM-LAND-MODELS/4/log_normalized/SZ3_1e-4/GR_1_192_288.dat.SZ3.out
  ✓ Compression successful (ratio: 1.00x)

[111/176] Processing: GROSS_NMIN_1_192_288.dat
compression ratio = 73.90 
compression time = 0.005899
compressed data file = ../../../../CESM-LAND-MODELS/4/log_normalized/GROSS_NMIN_1_192_288.dat.sz.tmp
compression ratio = 73.900434
decompression time = 0.002827 seconds.
decompressed file = ../../../../CESM-LAND-MODELS/4/log_normalized/SZ3_1e-4/GROSS_NMIN_1_192_288.dat.SZ3.out
  ✓ Compression successful (ratio: 1.00x)

[112/176] Processing: H2OCAN_1_192_288.dat
compression ratio = 17.05 
compression time = 0.007363
compressed data file = ../../../../CESM-LAND-MODELS/4/log_normalized/H2OCAN_1_192_288.dat.sz.tmp
compression ratio = 17.046936
decompression time = 0.003311 seconds.
decompressed file = ../../../../CESM-LAND-MODELS/4/log_normalized/SZ3_1e-4/H2OCAN_1_192_288.dat.SZ3.out
  ✓ Compression successful (ratio: 1.00x)

[113/176] Processing: H2OSNO_1_192_288.dat
compression ratio = 9.05 
compression time = 0.007598
compressed data file = ../../../../CESM-LAND-MODELS/4/log_normalized/H2OSNO_1_192_288.dat.sz.tmp
compression ratio = 9.045640
decompression time = 0.003480 seconds.
decompressed file = ../../../../CESM-LAND-MODELS/4/log_normalized/SZ3_1e-4/H2OSNO_1_192_288.dat.SZ3.out
  ✓ Compression successful (ratio: 1.00x)

[114/176] Processing: H2OSNO_TOP_1_192_288.dat
compression ratio = 10.49 
compression time = 0.007825
compressed data file = ../../../../CESM-LAND-MODELS/4/log_normalized/H2OSNO_TOP_1_192_288.dat.sz.tmp
compression ratio = 10.494591
decompression time = 0.003529 seconds.
decompressed file = ../../../../CESM-LAND-MODELS/4/log_normalized/SZ3_1e-4/H2OSNO_TOP_1_192_288.dat.SZ3.out
  ✓ Compression successful (ratio: 1.00x)

[115/176] Processing: HC_1_192_288.dat
compression ratio = 6.53 
compression time = 0.007456
compressed data file = ../../../../CESM-LAND-MODELS/4/log_normalized/HC_1_192_288.dat.sz.tmp
compression ratio = 6.528261
decompression time = 0.003753 seconds.
decompressed file = ../../../../CESM-LAND-MODELS/4/log_normalized/SZ3_1e-4/HC_1_192_288.dat.SZ3.out
  ✓ Compression successful (ratio: 1.00x)

[116/176] Processing: HCSOI_1_192_288.dat
compression ratio = 6.95 
compression time = 0.008344
compressed data file = ../../../../CESM-LAND-MODELS/4/log_normalized/HCSOI_1_192_288.dat.sz.tmp
compression ratio = 6.948043
decompression time = 0.004760 seconds.
decompressed file = ../../../../CESM-LAND-MODELS/4/log_normalized/SZ3_1e-4/HCSOI_1_192_288.dat.SZ3.out
  ✓ Compression successful (ratio: 1.00x)

[117/176] Processing: HEAT_FROM_AC_1_192_288.dat
compression ratio = 65.89 
compression time = 0.006092
compressed data file = ../../../../CESM-LAND-MODELS/4/log_normalized/HEAT_FROM_AC_1_192_288.dat.sz.tmp
compression ratio = 65.887399
decompression time = 0.002925 seconds.
decompressed file = ../../../../CESM-LAND-MODELS/4/log_normalized/SZ3_1e-4/HEAT_FROM_AC_1_192_288.dat.SZ3.out
  ✓ Compression successful (ratio: 1.00x)

[118/176] Processing: HR_1_192_288.dat
compression ratio = 74.85 
compression time = 0.006072
compressed data file = ../../../../CESM-LAND-MODELS/4/log_normalized/HR_1_192_288.dat.sz.tmp
compression ratio = 74.850761
decompression time = 0.004794 seconds.
decompressed file = ../../../../CESM-LAND-MODELS/4/log_normalized/SZ3_1e-4/HR_1_192_288.dat.SZ3.out
  ✓ Compression successful (ratio: 1.00x)

[119/176] Processing: HTOP_1_192_288.dat
compression ratio = 7.01 
compression time = 0.008126
compressed data file = ../../../../CESM-LAND-MODELS/4/log_normalized/HTOP_1_192_288.dat.sz.tmp
compression ratio = 7.011475
decompression time = 0.003760 seconds.
decompressed file = ../../../../CESM-LAND-MODELS/4/log_normalized/SZ3_1e-4/HTOP_1_192_288.dat.SZ3.out
  ✓ Compression successful (ratio: 1.00x)

[120/176] Processing: LAISHA_1_192_288.dat
compression ratio = 8.04 
compression time = 0.007490
compressed data file = ../../../../CESM-LAND-MODELS/4/log_normalized/LAISHA_1_192_288.dat.sz.tmp
compression ratio = 8.037501
decompression time = 0.003566 seconds.
decompressed file = ../../../../CESM-LAND-MODELS/4/log_normalized/SZ3_1e-4/LAISHA_1_192_288.dat.SZ3.out
  ✓ Compression successful (ratio: 1.00x)

[121/176] Processing: LAISUN_1_192_288.dat
compression ratio = 15.86 
compression time = 0.007590
compressed data file = ../../../../CESM-LAND-MODELS/4/log_normalized/LAISUN_1_192_288.dat.sz.tmp
compression ratio = 15.864582
decompression time = 0.003429 seconds.
decompressed file = ../../../../CESM-LAND-MODELS/4/log_normalized/SZ3_1e-4/LAISUN_1_192_288.dat.SZ3.out
  ✓ Compression successful (ratio: 1.00x)

[122/176] Processing: landfrac_192_288.dat
compression ratio = 15.32 
compression time = 0.008186
compressed data file = ../../../../CESM-LAND-MODELS/4/log_normalized/landfrac_192_288.dat.sz.tmp
compression ratio = 15.318512
decompression time = 0.003346 seconds.
decompressed file = ../../../../CESM-LAND-MODELS/4/log_normalized/SZ3_1e-4/landfrac_192_288.dat.SZ3.out
  ✓ Compression successful (ratio: 1.00x)

[123/176] Processing: latixy_192_288.dat
compression ratio = 26.74 
compression time = 0.006830
compressed data file = ../../../../CESM-LAND-MODELS/4/log_normalized/latixy_192_288.dat.sz.tmp
compression ratio = 26.742111
decompression time = 0.003005 seconds.
decompressed file = ../../../../CESM-LAND-MODELS/4/log_normalized/SZ3_1e-4/latixy_192_288.dat.SZ3.out
  ✓ Compression successful (ratio: 1.00x)

[124/176] Processing: latixyatm_192_288.dat
compression ratio = 22.60 
compression time = 0.005663
compressed data file = ../../../../CESM-LAND-MODELS/4/log_normalized/latixyatm_192_288.dat.sz.tmp
compression ratio = 22.599775
decompression time = 0.003119 seconds.
decompressed file = ../../../../CESM-LAND-MODELS/4/log_normalized/SZ3_1e-4/latixyatm_192_288.dat.SZ3.out
  ✓ Compression successful (ratio: 1.00x)

[125/176] Processing: LEAFC_1_192_288.dat
compression ratio = 4.81 
compression time = 0.007058
compressed data file = ../../../../CESM-LAND-MODELS/4/log_normalized/LEAFC_1_192_288.dat.sz.tmp
compression ratio = 4.814313
decompression time = 0.002354 seconds.
decompressed file = ../../../../CESM-LAND-MODELS/4/log_normalized/SZ3_1e-4/LEAFC_1_192_288.dat.SZ3.out
  ✓ Compression successful (ratio: 1.00x)

[126/176] Processing: LEAFC_ALLOC_1_192_288.dat
compression ratio = 74.85 
compression time = 0.006139
compressed data file = ../../../../CESM-LAND-MODELS/4/log_normalized/LEAFC_ALLOC_1_192_288.dat.sz.tmp
compression ratio = 74.850761
decompression time = 0.003768 seconds.
decompressed file = ../../../../CESM-LAND-MODELS/4/log_normalized/SZ3_1e-4/LEAFC_ALLOC_1_192_288.dat.SZ3.out
  ✓ Compression successful (ratio: 1.00x)

[127/176] Processing: LEAFC_LOSS_1_192_288.dat
compression ratio = 74.85 
compression time = 0.006038
compressed data file = ../../../../CESM-LAND-MODELS/4/log_normalized/LEAFC_LOSS_1_192_288.dat.sz.tmp
compression ratio = 74.850761
decompression time = 0.003689 seconds.
decompressed file = ../../../../CESM-LAND-MODELS/4/log_normalized/SZ3_1e-4/LEAFC_LOSS_1_192_288.dat.SZ3.out
  ✓ Compression successful (ratio: 1.00x)

[128/176] Processing: LEAFN_1_192_288.dat
compression ratio = 7.72 
compression time = 0.008139
compressed data file = ../../../../CESM-LAND-MODELS/4/log_normalized/LEAFN_1_192_288.dat.sz.tmp
compression ratio = 7.722635
decompression time = 0.003759 seconds.
decompressed file = ../../../../CESM-LAND-MODELS/4/log_normalized/SZ3_1e-4/LEAFN_1_192_288.dat.SZ3.out
  ✓ Compression successful (ratio: 1.00x)

[129/176] Processing: LITFALL_1_192_288.dat
compression ratio = 74.85 
compression time = 0.006978
compressed data file = ../../../../CESM-LAND-MODELS/4/log_normalized/LITFALL_1_192_288.dat.sz.tmp
compression ratio = 74.850761
decompression time = 0.004159 seconds.
decompressed file = ../../../../CESM-LAND-MODELS/4/log_normalized/SZ3_1e-4/LITFALL_1_192_288.dat.SZ3.out
  ✓ Compression successful (ratio: 1.00x)

[130/176] Processing: LITHR_1_192_288.dat
compression ratio = 74.85 
compression time = 0.005874
compressed data file = ../../../../CESM-LAND-MODELS/4/log_normalized/LITHR_1_192_288.dat.sz.tmp
compression ratio = 74.850761
decompression time = 0.003836 seconds.
decompressed file = ../../../../CESM-LAND-MODELS/4/log_normalized/SZ3_1e-4/LITHR_1_192_288.dat.SZ3.out
  ✓ Compression successful (ratio: 1.00x)

[131/176] Processing: LITR1C_1_192_288.dat
compression ratio = 7.19 
compression time = 0.008762
compressed data file = ../../../../CESM-LAND-MODELS/4/log_normalized/LITR1C_1_192_288.dat.sz.tmp
compression ratio = 7.192742
decompression time = 0.004299 seconds.
decompressed file = ../../../../CESM-LAND-MODELS/4/log_normalized/SZ3_1e-4/LITR1C_1_192_288.dat.SZ3.out
  ✓ Compression successful (ratio: 1.00x)

[132/176] Processing: LITR1C_TO_SOIL1C_1_192_288.dat
compression ratio = 74.85 
compression time = 0.006075
compressed data file = ../../../../CESM-LAND-MODELS/4/log_normalized/LITR1C_TO_SOIL1C_1_192_288.dat.sz.tmp
compression ratio = 74.850761
decompression time = 0.003750 seconds.
decompressed file = ../../../../CESM-LAND-MODELS/4/log_normalized/SZ3_1e-4/LITR1C_TO_SOIL1C_1_192_288.dat.SZ3.out
  ✓ Compression successful (ratio: 1.00x)

[133/176] Processing: LITR1N_1_192_288.dat
compression ratio = 16.58 
compression time = 0.007634
compressed data file = ../../../../CESM-LAND-MODELS/4/log_normalized/LITR1N_1_192_288.dat.sz.tmp
compression ratio = 16.581753
decompression time = 0.003129 seconds.
decompressed file = ../../../../CESM-LAND-MODELS/4/log_normalized/SZ3_1e-4/LITR1N_1_192_288.dat.SZ3.out
  ✓ Compression successful (ratio: 1.00x)

[134/176] Processing: LITR2C_1_192_288.dat
compression ratio = 4.89 
compression time = 0.006346
compressed data file = ../../../../CESM-LAND-MODELS/4/log_normalized/LITR2C_1_192_288.dat.sz.tmp
compression ratio = 4.893884
decompression time = 0.002140 seconds.
decompressed file = ../../../../CESM-LAND-MODELS/4/log_normalized/SZ3_1e-4/LITR2C_1_192_288.dat.SZ3.out
  ✓ Compression successful (ratio: 1.00x)

[135/176] Processing: LITR2C_TO_SOIL2C_1_192_288.dat
compression ratio = 74.85 
compression time = 0.006274
compressed data file = ../../../../CESM-LAND-MODELS/4/log_normalized/LITR2C_TO_SOIL2C_1_192_288.dat.sz.tmp
compression ratio = 74.850761
decompression time = 0.003881 seconds.
decompressed file = ../../../../CESM-LAND-MODELS/4/log_normalized/SZ3_1e-4/LITR2C_TO_SOIL2C_1_192_288.dat.SZ3.out
  ✓ Compression successful (ratio: 1.00x)

[136/176] Processing: LITR2N_1_192_288.dat
compression ratio = 8.78 
compression time = 0.007602
compressed data file = ../../../../CESM-LAND-MODELS/4/log_normalized/LITR2N_1_192_288.dat.sz.tmp
compression ratio = 8.784463
decompression time = 0.003525 seconds.
decompressed file = ../../../../CESM-LAND-MODELS/4/log_normalized/SZ3_1e-4/LITR2N_1_192_288.dat.SZ3.out
  ✓ Compression successful (ratio: 1.00x)

[137/176] Processing: LITR3C_1_192_288.dat
compression ratio = 6.12 
compression time = 0.008290
compressed data file = ../../../../CESM-LAND-MODELS/4/log_normalized/LITR3C_1_192_288.dat.sz.tmp
compression ratio = 6.124945
decompression time = 0.003758 seconds.
decompressed file = ../../../../CESM-LAND-MODELS/4/log_normalized/SZ3_1e-4/LITR3C_1_192_288.dat.SZ3.out
  ✓ Compression successful (ratio: 1.00x)

[138/176] Processing: LITR3C_TO_SOIL3C_1_192_288.dat
compression ratio = 73.78 
compression time = 0.005981
compressed data file = ../../../../CESM-LAND-MODELS/4/log_normalized/LITR3C_TO_SOIL3C_1_192_288.dat.sz.tmp
compression ratio = 73.777185
decompression time = 0.002789 seconds.
decompressed file = ../../../../CESM-LAND-MODELS/4/log_normalized/SZ3_1e-4/LITR3C_TO_SOIL3C_1_192_288.dat.SZ3.out
  ✓ Compression successful (ratio: 1.00x)

[139/176] Processing: LITR3N_1_192_288.dat
compression ratio = 8.68 
compression time = 0.007750
compressed data file = ../../../../CESM-LAND-MODELS/4/log_normalized/LITR3N_1_192_288.dat.sz.tmp
compression ratio = 8.680350
decompression time = 0.003466 seconds.
decompressed file = ../../../../CESM-LAND-MODELS/4/log_normalized/SZ3_1e-4/LITR3N_1_192_288.dat.SZ3.out
  ✓ Compression successful (ratio: 1.00x)

[140/176] Processing: LITTERC_1_192_288.dat
compression ratio = 4.82 
compression time = 0.006824
compressed data file = ../../../../CESM-LAND-MODELS/4/log_normalized/LITTERC_1_192_288.dat.sz.tmp
compression ratio = 4.824499
decompression time = 0.002494 seconds.
decompressed file = ../../../../CESM-LAND-MODELS/4/log_normalized/SZ3_1e-4/LITTERC_1_192_288.dat.SZ3.out
  ✓ Compression successful (ratio: 1.00x)

[141/176] Processing: LITTERC_HR_1_192_288.dat
compression ratio = 74.85 
compression time = 0.006027
compressed data file = ../../../../CESM-LAND-MODELS/4/log_normalized/LITTERC_HR_1_192_288.dat.sz.tmp
compression ratio = 74.850761
decompression time = 0.003701 seconds.
decompressed file = ../../../../CESM-LAND-MODELS/4/log_normalized/SZ3_1e-4/LITTERC_HR_1_192_288.dat.SZ3.out
  ✓ Compression successful (ratio: 1.00x)

[142/176] Processing: LITTERC_LOSS_1_192_288.dat
compression ratio = 73.58 
compression time = 0.005790
compressed data file = ../../../../CESM-LAND-MODELS/4/log_normalized/LITTERC_LOSS_1_192_288.dat.sz.tmp
compression ratio = 73.580838
decompression time = 0.002827 seconds.
decompressed file = ../../../../CESM-LAND-MODELS/4/log_normalized/SZ3_1e-4/LITTERC_LOSS_1_192_288.dat.SZ3.out
  ✓ Compression successful (ratio: 1.00x)

[143/176] Processing: LIVECROOTC_1_192_288.dat
compression ratio = 6.08 
compression time = 0.005751
compressed data file = ../../../../CESM-LAND-MODELS/4/log_normalized/LIVECROOTC_1_192_288.dat.sz.tmp
compression ratio = 6.075482
decompression time = 0.002106 seconds.
decompressed file = ../../../../CESM-LAND-MODELS/4/log_normalized/SZ3_1e-4/LIVECROOTC_1_192_288.dat.SZ3.out
  ✓ Compression successful (ratio: 1.00x)

[144/176] Processing: LIVECROOTN_1_192_288.dat
compression ratio = 16.62 
compression time = 0.006985
compressed data file = ../../../../CESM-LAND-MODELS/4/log_normalized/LIVECROOTN_1_192_288.dat.sz.tmp
compression ratio = 16.620379
decompression time = 0.003246 seconds.
decompressed file = ../../../../CESM-LAND-MODELS/4/log_normalized/SZ3_1e-4/LIVECROOTN_1_192_288.dat.SZ3.out
  ✓ Compression successful (ratio: 1.00x)

[145/176] Processing: LIVESTEMC_1_192_288.dat
compression ratio = 5.42 
compression time = 0.006157
compressed data file = ../../../../CESM-LAND-MODELS/4/log_normalized/LIVESTEMC_1_192_288.dat.sz.tmp
compression ratio = 5.415336
decompression time = 0.002188 seconds.
decompressed file = ../../../../CESM-LAND-MODELS/4/log_normalized/SZ3_1e-4/LIVESTEMC_1_192_288.dat.SZ3.out
  ✓ Compression successful (ratio: 1.00x)

[146/176] Processing: LIVESTEMN_1_192_288.dat
compression ratio = 12.03 
compression time = 0.007680
compressed data file = ../../../../CESM-LAND-MODELS/4/log_normalized/LIVESTEMN_1_192_288.dat.sz.tmp
compression ratio = 12.032641
decompression time = 0.003317 seconds.
decompressed file = ../../../../CESM-LAND-MODELS/4/log_normalized/SZ3_1e-4/LIVESTEMN_1_192_288.dat.SZ3.out
  ✓ Compression successful (ratio: 1.00x)

[147/176] Processing: longxy_192_288.dat
compression ratio = 10.52 
compression time = 0.007329
compressed data file = ../../../../CESM-LAND-MODELS/4/log_normalized/longxy_192_288.dat.sz.tmp
compression ratio = 10.523551
decompression time = 0.003399 seconds.
decompressed file = ../../../../CESM-LAND-MODELS/4/log_normalized/SZ3_1e-4/longxy_192_288.dat.SZ3.out
  ✓ Compression successful (ratio: 1.00x)

[148/176] Processing: longxyatm_192_288.dat
compression ratio = 4.78 
compression time = 0.008539
compressed data file = ../../../../CESM-LAND-MODELS/4/log_normalized/longxyatm_192_288.dat.sz.tmp
compression ratio = 4.782047
decompression time = 0.004480 seconds.
decompressed file = ../../../../CESM-LAND-MODELS/4/log_normalized/SZ3_1e-4/longxyatm_192_288.dat.SZ3.out
  ✓ Compression successful (ratio: 1.00x)

[149/176] Processing: MEAN_FIRE_PROB_1_192_288.dat
compression ratio = 13.16 
compression time = 0.007834
compressed data file = ../../../../CESM-LAND-MODELS/4/log_normalized/MEAN_FIRE_PROB_1_192_288.dat.sz.tmp
compression ratio = 13.163364
decompression time = 0.003516 seconds.
decompressed file = ../../../../CESM-LAND-MODELS/4/log_normalized/SZ3_1e-4/MEAN_FIRE_PROB_1_192_288.dat.SZ3.out
  ✓ Compression successful (ratio: 1.00x)

[150/176] Processing: MR_1_192_288.dat
compression ratio = 73.43 
compression time = 0.005910
compressed data file = ../../../../CESM-LAND-MODELS/4/log_normalized/MR_1_192_288.dat.sz.tmp
compression ratio = 73.434263
decompression time = 0.002667 seconds.
decompressed file = ../../../../CESM-LAND-MODELS/4/log_normalized/SZ3_1e-4/MR_1_192_288.dat.SZ3.out
  ✓ Compression successful (ratio: 1.00x)

[151/176] Processing: NBP_1_192_288.dat
compression ratio = 74.85 
compression time = 0.006045
compressed data file = ../../../../CESM-LAND-MODELS/4/log_normalized/NBP_1_192_288.dat.sz.tmp
compression ratio = 74.850761
decompression time = 0.003778 seconds.
decompressed file = ../../../../CESM-LAND-MODELS/4/log_normalized/SZ3_1e-4/NBP_1_192_288.dat.SZ3.out
  ✓ Compression successful (ratio: 1.00x)

[152/176] Processing: NDEPLOY_1_192_288.dat
compression ratio = 74.02 
compression time = 0.005868
compressed data file = ../../../../CESM-LAND-MODELS/4/log_normalized/NDEPLOY_1_192_288.dat.sz.tmp
compression ratio = 74.024096
decompression time = 0.002711 seconds.
decompressed file = ../../../../CESM-LAND-MODELS/4/log_normalized/SZ3_1e-4/NDEPLOY_1_192_288.dat.SZ3.out
  ✓ Compression successful (ratio: 1.00x)

[153/176] Processing: NDEP_TO_SMINN_1_192_288.dat
compression ratio = 74.95 
compression time = 0.005920
compressed data file = ../../../../CESM-LAND-MODELS/4/log_normalized/NDEP_TO_SMINN_1_192_288.dat.sz.tmp
compression ratio = 74.952220
decompression time = 0.002842 seconds.
decompressed file = ../../../../CESM-LAND-MODELS/4/log_normalized/SZ3_1e-4/NDEP_TO_SMINN_1_192_288.dat.SZ3.out
  ✓ Compression successful (ratio: 1.00x)

[154/176] Processing: NEE_1_192_288.dat
compression ratio = 74.85 
compression time = 0.006036
compressed data file = ../../../../CESM-LAND-MODELS/4/log_normalized/NEE_1_192_288.dat.sz.tmp
compression ratio = 74.850761
decompression time = 0.003738 seconds.
decompressed file = ../../../../CESM-LAND-MODELS/4/log_normalized/SZ3_1e-4/NEE_1_192_288.dat.SZ3.out
  ✓ Compression successful (ratio: 1.00x)

[155/176] Processing: NEP_1_192_288.dat
compression ratio = 74.85 
compression time = 0.006093
compressed data file = ../../../../CESM-LAND-MODELS/4/log_normalized/NEP_1_192_288.dat.sz.tmp
compression ratio = 74.850761
decompression time = 0.003861 seconds.
decompressed file = ../../../../CESM-LAND-MODELS/4/log_normalized/SZ3_1e-4/NEP_1_192_288.dat.SZ3.out
  ✓ Compression successful (ratio: 1.00x)

[156/176] Processing: NET_NMIN_1_192_288.dat
compression ratio = 74.15 
compression time = 0.005827
compressed data file = ../../../../CESM-LAND-MODELS/4/log_normalized/NET_NMIN_1_192_288.dat.sz.tmp
compression ratio = 74.148173
decompression time = 0.002889 seconds.
decompressed file = ../../../../CESM-LAND-MODELS/4/log_normalized/SZ3_1e-4/NET_NMIN_1_192_288.dat.SZ3.out
  ✓ Compression successful (ratio: 1.00x)

[157/176] Processing: NFIX_TO_SMINN_1_192_288.dat
compression ratio = 74.95 
compression time = 0.005827
compressed data file = ../../../../CESM-LAND-MODELS/4/log_normalized/NFIX_TO_SMINN_1_192_288.dat.sz.tmp
compression ratio = 74.952220
decompression time = 0.002932 seconds.
decompressed file = ../../../../CESM-LAND-MODELS/4/log_normalized/SZ3_1e-4/NFIX_TO_SMINN_1_192_288.dat.SZ3.out
  ✓ Compression successful (ratio: 1.00x)

[158/176] Processing: NPP_1_192_288.dat
compression ratio = 73.61 
compression time = 0.006395
compressed data file = ../../../../CESM-LAND-MODELS/4/log_normalized/NPP_1_192_288.dat.sz.tmp
compression ratio = 73.605324
decompression time = 0.003075 seconds.
decompressed file = ../../../../CESM-LAND-MODELS/4/log_normalized/SZ3_1e-4/NPP_1_192_288.dat.SZ3.out
  ✓ Compression successful (ratio: 1.00x)

[159/176] Processing: OCDEP_1_192_288.dat
compression ratio = 74.95 
compression time = 0.005985
compressed data file = ../../../../CESM-LAND-MODELS/4/log_normalized/OCDEP_1_192_288.dat.sz.tmp
compression ratio = 74.952220
decompression time = 0.002873 seconds.
decompressed file = ../../../../CESM-LAND-MODELS/4/log_normalized/SZ3_1e-4/OCDEP_1_192_288.dat.SZ3.out
  ✓ Compression successful (ratio: 1.00x)

[160/176] Processing: PBOT_1_192_288.dat
compression ratio = 10.53 
compression time = 0.008498
compressed data file = ../../../../CESM-LAND-MODELS/4/log_normalized/PBOT_1_192_288.dat.sz.tmp
compression ratio = 10.532571
decompression time = 0.004563 seconds.
decompressed file = ../../../../CESM-LAND-MODELS/4/log_normalized/SZ3_1e-4/PBOT_1_192_288.dat.SZ3.out
  ✓ Compression successful (ratio: 1.00x)

[161/176] Processing: PCO2_1_192_288.dat
compression ratio = 10.76 
compression time = 0.007774
compressed data file = ../../../../CESM-LAND-MODELS/4/log_normalized/PCO2_1_192_288.dat.sz.tmp
compression ratio = 10.759023
decompression time = 0.003507 seconds.
decompressed file = ../../../../CESM-LAND-MODELS/4/log_normalized/SZ3_1e-4/PCO2_1_192_288.dat.SZ3.out
  ✓ Compression successful (ratio: 1.00x)

[162/176] Processing: PFT_CTRUNC_1_192_288.dat
compression ratio = 73.36 
compression time = 0.006274
compressed data file = ../../../../CESM-LAND-MODELS/4/log_normalized/PFT_CTRUNC_1_192_288.dat.sz.tmp
compression ratio = 73.361194
decompression time = 0.002788 seconds.
decompressed file = ../../../../CESM-LAND-MODELS/4/log_normalized/SZ3_1e-4/PFT_CTRUNC_1_192_288.dat.SZ3.out
  ✓ Compression successful (ratio: 1.00x)

[163/176] Processing: PFT_FIRE_CLOSS_1_192_288.dat
compression ratio = 74.80 
compression time = 0.005927
compressed data file = ../../../../CESM-LAND-MODELS/4/log_normalized/PFT_FIRE_CLOSS_1_192_288.dat.sz.tmp
compression ratio = 74.800135
decompression time = 0.002746 seconds.
decompressed file = ../../../../CESM-LAND-MODELS/4/log_normalized/SZ3_1e-4/PFT_FIRE_CLOSS_1_192_288.dat.SZ3.out
  ✓ Compression successful (ratio: 1.00x)

[164/176] Processing: PFT_FIRE_NLOSS_1_192_288.dat
compression ratio = 74.95 
compression time = 0.005878
compressed data file = ../../../../CESM-LAND-MODELS/4/log_normalized/PFT_FIRE_NLOSS_1_192_288.dat.sz.tmp
compression ratio = 74.952220
decompression time = 0.003057 seconds.
decompressed file = ../../../../CESM-LAND-MODELS/4/log_normalized/SZ3_1e-4/PFT_FIRE_NLOSS_1_192_288.dat.SZ3.out
  ✓ Compression successful (ratio: 1.00x)

[165/176] Processing: PFT_NTRUNC_1_192_288.dat
compression ratio = 73.29 
compression time = 0.005669
compressed data file = ../../../../CESM-LAND-MODELS/4/log_normalized/PFT_NTRUNC_1_192_288.dat.sz.tmp
compression ratio = 73.288270
decompression time = 0.002691 seconds.
decompressed file = ../../../../CESM-LAND-MODELS/4/log_normalized/SZ3_1e-4/PFT_NTRUNC_1_192_288.dat.SZ3.out
  ✓ Compression successful (ratio: 1.00x)

[166/176] Processing: PLANT_NDEMAND_1_192_288.dat
compression ratio = 74.85 
compression time = 0.005809
compressed data file = ../../../../CESM-LAND-MODELS/4/log_normalized/PLANT_NDEMAND_1_192_288.dat.sz.tmp
compression ratio = 74.850761
decompression time = 0.003830 seconds.
decompressed file = ../../../../CESM-LAND-MODELS/4/log_normalized/SZ3_1e-4/PLANT_NDEMAND_1_192_288.dat.SZ3.out
  ✓ Compression successful (ratio: 1.00x)

[167/176] Processing: POTENTIAL_IMMOB_1_192_288.dat
compression ratio = 74.02 
compression time = 0.005905
compressed data file = ../../../../CESM-LAND-MODELS/4/log_normalized/POTENTIAL_IMMOB_1_192_288.dat.sz.tmp
compression ratio = 74.024096
decompression time = 0.002837 seconds.
decompressed file = ../../../../CESM-LAND-MODELS/4/log_normalized/SZ3_1e-4/POTENTIAL_IMMOB_1_192_288.dat.SZ3.out
  ✓ Compression successful (ratio: 1.00x)

[168/176] Processing: PROD100C_1_192_288.dat
compression ratio = 74.95 
compression time = 0.005950
compressed data file = ../../../../CESM-LAND-MODELS/4/log_normalized/PROD100C_1_192_288.dat.sz.tmp
compression ratio = 74.952220
decompression time = 0.002899 seconds.
decompressed file = ../../../../CESM-LAND-MODELS/4/log_normalized/SZ3_1e-4/PROD100C_1_192_288.dat.SZ3.out
  ✓ Compression successful (ratio: 1.00x)

[169/176] Processing: PROD100C_LOSS_1_192_288.dat
compression ratio = 74.95 
compression time = 0.006023
compressed data file = ../../../../CESM-LAND-MODELS/4/log_normalized/PROD100C_LOSS_1_192_288.dat.sz.tmp
compression ratio = 74.952220
decompression time = 0.002879 seconds.
decompressed file = ../../../../CESM-LAND-MODELS/4/log_normalized/SZ3_1e-4/PROD100C_LOSS_1_192_288.dat.SZ3.out
  ✓ Compression successful (ratio: 1.00x)

[170/176] Processing: PROD100N_1_192_288.dat
compression ratio = 74.95 
compression time = 0.006001
compressed data file = ../../../../CESM-LAND-MODELS/4/log_normalized/PROD100N_1_192_288.dat.sz.tmp
compression ratio = 74.952220
decompression time = 0.002883 seconds.
decompressed file = ../../../../CESM-LAND-MODELS/4/log_normalized/SZ3_1e-4/PROD100N_1_192_288.dat.SZ3.out
  ✓ Compression successful (ratio: 1.00x)

[171/176] Processing: PROD100N_LOSS_1_192_288.dat
compression ratio = 74.95 
compression time = 0.005907
compressed data file = ../../../../CESM-LAND-MODELS/4/log_normalized/PROD100N_LOSS_1_192_288.dat.sz.tmp
compression ratio = 74.952220
decompression time = 0.002907 seconds.
decompressed file = ../../../../CESM-LAND-MODELS/4/log_normalized/SZ3_1e-4/PROD100N_LOSS_1_192_288.dat.SZ3.out
  ✓ Compression successful (ratio: 1.00x)

[172/176] Processing: PROD10C_1_192_288.dat
compression ratio = 74.95 
compression time = 0.006092
compressed data file = ../../../../CESM-LAND-MODELS/4/log_normalized/PROD10C_1_192_288.dat.sz.tmp
compression ratio = 74.952220
decompression time = 0.002802 seconds.
decompressed file = ../../../../CESM-LAND-MODELS/4/log_normalized/SZ3_1e-4/PROD10C_1_192_288.dat.SZ3.out
  ✓ Compression successful (ratio: 1.00x)

[173/176] Processing: PROD10C_LOSS_1_192_288.dat
compression ratio = 74.95 
compression time = 0.005882
compressed data file = ../../../../CESM-LAND-MODELS/4/log_normalized/PROD10C_LOSS_1_192_288.dat.sz.tmp
compression ratio = 74.952220
decompression time = 0.002752 seconds.
decompressed file = ../../../../CESM-LAND-MODELS/4/log_normalized/SZ3_1e-4/PROD10C_LOSS_1_192_288.dat.SZ3.out
  ✓ Compression successful (ratio: 1.00x)

[174/176] Processing: PROD10N_1_192_288.dat
compression ratio = 74.95 
compression time = 0.005848
compressed data file = ../../../../CESM-LAND-MODELS/4/log_normalized/PROD10N_1_192_288.dat.sz.tmp
compression ratio = 74.952220
decompression time = 0.002830 seconds.
decompressed file = ../../../../CESM-LAND-MODELS/4/log_normalized/SZ3_1e-4/PROD10N_1_192_288.dat.SZ3.out
  ✓ Compression successful (ratio: 1.00x)

[175/176] Processing: topo_192_288.dat
compression ratio = 74.95 
compression time = 0.005914
compressed data file = ../../../../CESM-LAND-MODELS/4/log_normalized/topo_192_288.dat.sz.tmp
compression ratio = 74.952220
decompression time = 0.002808 seconds.
decompressed file = ../../../../CESM-LAND-MODELS/4/log_normalized/SZ3_1e-4/topo_192_288.dat.SZ3.out
  ✓ Compression successful (ratio: 1.00x)

[176/176] Processing: topodnsc_192_288.dat
compression ratio = 74.95 
compression time = 0.006069
compressed data file = ../../../../CESM-LAND-MODELS/4/log_normalized/topodnsc_192_288.dat.sz.tmp
compression ratio = 74.952220
decompression time = 0.002852 seconds.
decompressed file = ../../../../CESM-LAND-MODELS/4/log_normalized/SZ3_1e-4/topodnsc_192_288.dat.SZ3.out
  ✓ Compression successful (ratio: 1.00x)

=== Summary ===
Total files processed: 176
Total files skipped: 0
Total files failed: 0

