Found 176 .dat file(s) to process

[1/176] Processing: ACTUAL_IMMOB_1_192_288.dat
  False Negatives: 768
  False Positives: 1
  False Types: 0
  Grand Total: 769

[2/176] Processing: AGNPP_1_192_288.dat
  False Negatives: 1368
  False Positives: 0
  False Types: 0
  Grand Total: 1368

[3/176] Processing: ANN_FAREA_BURNED_1_192_288.dat
  False Negatives: 1529
  False Positives: 11931
  False Types: 384
  Grand Total: 13844

[4/176] Processing: AR_1_192_288.dat
  False Negatives: 2335
  False Positives: 5071
  False Types: 217
  Grand Total: 7623

[5/176] Processing: area_192_288.dat
  False Negatives: 1
  False Positives: 11683
  False Types: 0
  Grand Total: 11684

[6/176] Processing: areaatm_192_288.dat
  False Negatives: 0
  False Positives: 10416
  False Types: 0
  Grand Total: 10416

[7/176] Processing: areaupsc_192_288.dat
  False Negatives: 1
  False Positives: 11683
  False Types: 0
  Grand Total: 11684

[8/176] Processing: BCDEP_1_192_288.dat
  False Negatives: 0
  False Positives: 0
  False Types: 0
  Grand Total: 0

[9/176] Processing: BGNPP_1_192_288.dat
  False Negatives: 1435
  False Positives: 0
  False Types: 0
  Grand Total: 1435

[10/176] Processing: BTRAN_1_192_288.dat
  False Negatives: 750
  False Positives: 11189
  False Types: 103
  Grand Total: 12042

[11/176] Processing: BUILDHEAT_1_192_288.dat
  False Negatives: 938
  False Positives: 12023
  False Types: 198
  Grand Total: 13159

[12/176] Processing: COL_CTRUNC_1_192_288.dat
  False Negatives: 783
  False Positives: 3812
  False Types: 51
  Grand Total: 4646

[13/176] Processing: COL_FIRE_CLOSS_1_192_288.dat
  False Negatives: 460
  False Positives: 0
  False Types: 0
  Grand Total: 460

[14/176] Processing: COL_FIRE_NLOSS_1_192_288.dat
  False Negatives: 36
  False Positives: 0
  False Types: 0
  Grand Total: 36

[15/176] Processing: COL_NTRUNC_1_192_288.dat
  False Negatives: 295
  False Positives: 7740
  False Types: 45
  Grand Total: 8080

[16/176] Processing: CPOOL_1_192_288.dat
  False Negatives: 0
  False Positives: 0
  False Types: 0
  Grand Total: 0

[17/176] Processing: CWDC_1_192_288.dat
  False Negatives: 95
  False Positives: 3507
  False Types: 3
  Grand Total: 3605

[18/176] Processing: CWDC_HR_1_192_288.dat
  False Negatives: 0
  False Positives: 0
  False Types: 0
  Grand Total: 0

[19/176] Processing: CWDC_LOSS_1_192_288.dat
  False Negatives: 1339
  False Positives: 1913
  False Types: 33
  Grand Total: 3285

[20/176] Processing: CWDN_1_192_288.dat
  False Negatives: 371
  False Positives: 4027
  False Types: 19
  Grand Total: 4417

[21/176] Processing: DEADCROOTC_1_192_288.dat
  False Negatives: 61
  False Positives: 3572
  False Types: 4
  Grand Total: 3637

[22/176] Processing: DEADCROOTN_1_192_288.dat
  False Negatives: 343
  False Positives: 4062
  False Types: 15
  Grand Total: 4420

[23/176] Processing: DEADSTEMC_1_192_288.dat
  False Negatives: 64
  False Positives: 3304
  False Types: 1
  Grand Total: 3369

[24/176] Processing: DEADSTEMN_1_192_288.dat
  False Negatives: 162
  False Positives: 3442
  False Types: 3
  Grand Total: 3607

[25/176] Processing: DENIT_1_192_288.dat
  False Negatives: 175
  False Positives: 0
  False Types: 0
  Grand Total: 175

[26/176] Processing: DISPVEGC_1_192_288.dat
  False Negatives: 59
  False Positives: 3730
  False Types: 0
  Grand Total: 3789

[27/176] Processing: DISPVEGN_1_192_288.dat
  False Negatives: 189
  False Positives: 9849
  False Types: 11
  Grand Total: 10049

[28/176] Processing: DSTDEP_1_192_288.dat
  False Negatives: 0
  False Positives: 0
  False Types: 0
  Grand Total: 0

[29/176] Processing: DSTFLXT_1_192_288.dat
  False Negatives: 67
  False Positives: 0
  False Types: 0
  Grand Total: 67

[30/176] Processing: DWT_CLOSS_1_192_288.dat
  False Negatives: 0
  False Positives: 0
  False Types: 0
  Grand Total: 0

[31/176] Processing: DWT_CONV_CFLUX_1_192_288.dat
  False Negatives: 0
  False Positives: 0
  False Types: 0
  Grand Total: 0

[32/176] Processing: DWT_CONV_NFLUX_1_192_288.dat
  False Negatives: 0
  False Positives: 0
  False Types: 0
  Grand Total: 0

[33/176] Processing: DWT_NLOSS_1_192_288.dat
  False Negatives: 0
  False Positives: 0
  False Types: 0
  Grand Total: 0

[34/176] Processing: DWT_PROD100C_GAIN_1_192_288.dat
  False Negatives: 0
  False Positives: 0
  False Types: 0
  Grand Total: 0

[35/176] Processing: DWT_PROD100N_GAIN_1_192_288.dat
  False Negatives: 0
  False Positives: 0
  False Types: 0
  Grand Total: 0

[36/176] Processing: DWT_PROD10C_GAIN_1_192_288.dat
  False Negatives: 0
  False Positives: 0
  False Types: 0
  Grand Total: 0

[37/176] Processing: DWT_PROD10N_GAIN_1_192_288.dat
  False Negatives: 0
  False Positives: 0
  False Types: 0
  Grand Total: 0

[38/176] Processing: DWT_SEEDC_TO_DEADSTEM_1_192_288.dat
  False Negatives: 0
  False Positives: 0
  False Types: 0
  Grand Total: 0

[39/176] Processing: DWT_SEEDC_TO_LEAF_1_192_288.dat
  False Negatives: 0
  False Positives: 0
  False Types: 0
  Grand Total: 0

[40/176] Processing: DWT_SEEDN_TO_DEADSTEM_1_192_288.dat
  False Negatives: 0
  False Positives: 0
  False Types: 0
  Grand Total: 0

[41/176] Processing: DWT_SEEDN_TO_LEAF_1_192_288.dat
  False Negatives: 0
  False Positives: 0
  False Types: 0
  Grand Total: 0

[42/176] Processing: EFLX_DYNBAL_1_192_288.dat
  False Negatives: 0
  False Positives: 0
  False Types: 0
  Grand Total: 0

[43/176] Processing: EFLX_LH_TOT_R_1_192_288.dat
  False Negatives: 395
  False Positives: 9237
  False Types: 21
  Grand Total: 9653

[44/176] Processing: EFLX_LH_TOT_U_1_192_288.dat
  False Negatives: 49
  False Positives: 2048
  False Types: 1
  Grand Total: 2098

[45/176] Processing: ELAI_1_192_288.dat
  False Negatives: 251
  False Positives: 10533
  False Types: 20
  Grand Total: 10804

[46/176] Processing: ER_1_192_288.dat
  False Negatives: 2424
  False Positives: 5109
  False Types: 180
  Grand Total: 7713

[47/176] Processing: ERRH2O_1_192_288.dat
  False Negatives: 0
  False Positives: 0
  False Types: 0
  Grand Total: 0

[48/176] Processing: ERRSEB_1_192_288.dat
  False Negatives: 0
  False Positives: 0
  False Types: 0
  Grand Total: 0

[49/176] Processing: ERRSOI_1_192_288.dat
  False Negatives: 0
  False Positives: 0
  False Types: 0
  Grand Total: 0

[50/176] Processing: ERRSOL_1_192_288.dat
  False Negatives: 0
  False Positives: 0
  False Types: 0
  Grand Total: 0

[51/176] Processing: ESAI_1_192_288.dat
  False Negatives: 617
  False Positives: 13001
  False Types: 86
  Grand Total: 13704

[52/176] Processing: FCEV_1_192_288.dat
  False Negatives: 535
  False Positives: 14914
  False Types: 77
  Grand Total: 15526

[53/176] Processing: FCOV_1_192_288.dat
  False Negatives: 1546
  False Positives: 9937
  False Types: 202
  Grand Total: 11685

[54/176] Processing: FCTR_1_192_288.dat
  False Negatives: 535
  False Positives: 11846
  False Types: 127
  Grand Total: 12508

[55/176] Processing: FGEV_1_192_288.dat
  False Negatives: 679
  False Positives: 12414
  False Types: 36
  Grand Total: 13129

[56/176] Processing: FGR_1_192_288.dat
  False Negatives: 1991
  False Positives: 15003
  False Types: 224
  Grand Total: 17218

[57/176] Processing: FGR12_1_192_288.dat
  False Negatives: 1711
  False Positives: 15461
  False Types: 210
  Grand Total: 17382

[58/176] Processing: FGR_R_1_192_288.dat
  False Negatives: 911
  False Positives: 9047
  False Types: 89
  Grand Total: 10047

[59/176] Processing: FGR_U_1_192_288.dat
  False Negatives: 379
  False Positives: 2401
  False Types: 21
  Grand Total: 2801

[60/176] Processing: FIRA_1_192_288.dat
  False Negatives: 710
  False Positives: 13100
  False Types: 45
  Grand Total: 13855

[61/176] Processing: FIRA_R_1_192_288.dat
  False Negatives: 385
  False Positives: 9829
  False Types: 17
  Grand Total: 10231

[62/176] Processing: FIRA_U_1_192_288.dat
  False Negatives: 70
  False Positives: 2519
  False Types: 0
  Grand Total: 2589

[63/176] Processing: FIRE_1_192_288.dat
  False Negatives: 634
  False Positives: 14125
  False Types: 67
  Grand Total: 14826

[64/176] Processing: FIRESEASONL_1_192_288.dat
  False Negatives: 99
  False Positives: 3767
  False Types: 2
  Grand Total: 3868

[65/176] Processing: FLDS_1_192_288.dat
  False Negatives: 703
  False Positives: 12978
  False Types: 58
  Grand Total: 13739

[66/176] Processing: FLUXFM2A_1_192_288.dat
  False Negatives: 0
  False Positives: 0
  False Types: 0
  Grand Total: 0

[67/176] Processing: FLUXFMLND_1_192_288.dat
  False Negatives: 0
  False Positives: 0
  False Types: 0
  Grand Total: 0

[68/176] Processing: FPG_1_192_288.dat
  False Negatives: 610
  False Positives: 13187
  False Types: 88
  Grand Total: 13885

[69/176] Processing: FPI_1_192_288.dat
  False Negatives: 677
  False Positives: 13213
  False Types: 98
  Grand Total: 13988

[70/176] Processing: FPSN_1_192_288.dat
  False Negatives: 413
  False Positives: 10651
  False Types: 53
  Grand Total: 11117

[71/176] Processing: FROOTC_1_192_288.dat
  False Negatives: 112
  False Positives: 9739
  False Types: 3
  Grand Total: 9854

[72/176] Processing: FROOTC_ALLOC_1_192_288.dat
  False Negatives: 1427
  False Positives: 0
  False Types: 0
  Grand Total: 1427

[73/176] Processing: FROOTC_LOSS_1_192_288.dat
  False Negatives: 2034
  False Positives: 0
  False Types: 0
  Grand Total: 2034

[74/176] Processing: FROOTN_1_192_288.dat
  False Negatives: 199
  False Positives: 11509
  False Types: 14
  Grand Total: 11722

[75/176] Processing: FSA_1_192_288.dat
  False Negatives: 677
  False Positives: 14968
  False Types: 34
  Grand Total: 15679

[76/176] Processing: FSA_R_1_192_288.dat
  False Negatives: 265
  False Positives: 10073
  False Types: 11
  Grand Total: 10349

[77/176] Processing: FSAT_1_192_288.dat
  False Negatives: 2004
  False Positives: 10371
  False Types: 313
  Grand Total: 12688

[78/176] Processing: FSA_U_1_192_288.dat
  False Negatives: 129
  False Positives: 12215
  False Types: 4
  Grand Total: 12348

[79/176] Processing: FSDS_1_192_288.dat
  False Negatives: 812
  False Positives: 15805
  False Types: 51
  Grand Total: 16668

[80/176] Processing: FSDSND_1_192_288.dat
  False Negatives: 597
  False Positives: 14560
  False Types: 47
  Grand Total: 15204

[81/176] Processing: FSDSNDLN_1_192_288.dat
  False Negatives: 595
  False Positives: 14772
  False Types: 39
  Grand Total: 15406

[82/176] Processing: FSDSNI_1_192_288.dat
  False Negatives: 528
  False Positives: 13765
  False Types: 30
  Grand Total: 14323

[83/176] Processing: FSDSVD_1_192_288.dat
  False Negatives: 593
  False Positives: 16011
  False Types: 39
  Grand Total: 16643

[84/176] Processing: FSDSVDLN_1_192_288.dat
  False Negatives: 601
  False Positives: 15067
  False Types: 33
  Grand Total: 15701

[85/176] Processing: FSDSVI_1_192_288.dat
  False Negatives: 667
  False Positives: 14179
  False Types: 43
  Grand Total: 14889

[86/176] Processing: FSH_1_192_288.dat
  False Negatives: 1223
  False Positives: 15854
  False Types: 106
  Grand Total: 17183

[87/176] Processing: FSH_G_1_192_288.dat
  False Negatives: 1619
  False Positives: 16357
  False Types: 193
  Grand Total: 18169

[88/176] Processing: FSH_NODYNLNDUSE_1_192_288.dat
  False Negatives: 1223
  False Positives: 15854
  False Types: 106
  Grand Total: 17183

[89/176] Processing: FSH_R_1_192_288.dat
  False Negatives: 660
  False Positives: 10978
  False Types: 47
  Grand Total: 11685

[90/176] Processing: FSH_U_1_192_288.dat
  False Negatives: 73
  False Positives: 2301
  False Types: 1
  Grand Total: 2375

[91/176] Processing: FSH_V_1_192_288.dat
  False Negatives: 714
  False Positives: 13220
  False Types: 93
  Grand Total: 14027

[92/176] Processing: FSM_1_192_288.dat
  False Negatives: 1017
  False Positives: 14023
  False Types: 191
  Grand Total: 15231

[93/176] Processing: FSM_R_1_192_288.dat
  False Negatives: 1063
  False Positives: 3781
  False Types: 32
  Grand Total: 4876

[94/176] Processing: FSM_U_1_192_288.dat
  False Negatives: 472
  False Positives: 5640
  False Types: 28
  Grand Total: 6140

[95/176] Processing: FSNO_1_192_288.dat
  False Negatives: 623
  False Positives: 17915
  False Types: 127
  Grand Total: 18665

[96/176] Processing: FSR_1_192_288.dat
  False Negatives: 896
  False Positives: 16254
  False Types: 90
  Grand Total: 17240

[97/176] Processing: FSRND_1_192_288.dat
  False Negatives: 597
  False Positives: 14505
  False Types: 32
  Grand Total: 15134

[98/176] Processing: FSRNDLN_1_192_288.dat
  False Negatives: 570
  False Positives: 16158
  False Types: 31
  Grand Total: 16759

[99/176] Processing: FSRNI_1_192_288.dat
  False Negatives: 587
  False Positives: 15901
  False Types: 18
  Grand Total: 16506

[100/176] Processing: FSRVD_1_192_288.dat
  False Negatives: 688
  False Positives: 16090
  False Types: 45
  Grand Total: 16823

[101/176] Processing: FSRVDLN_1_192_288.dat
  False Negatives: 537
  False Positives: 13727
  False Types: 17
  Grand Total: 14281

[102/176] Processing: FSRVI_1_192_288.dat
  False Negatives: 711
  False Positives: 15337
  False Types: 40
  Grand Total: 16088

[103/176] Processing: GC_HEAT1_1_192_288.dat
  False Negatives: 2031
  False Positives: 17082
  False Types: 291
  Grand Total: 19404

[104/176] Processing: GC_HEAT2_1_192_288.dat
  False Negatives: 0
  False Positives: 0
  False Types: 0
  Grand Total: 0

[105/176] Processing: GC_ICE1_1_192_288.dat
  False Negatives: 760
  False Positives: 8518
  False Types: 31
  Grand Total: 9309

[106/176] Processing: GC_ICE2_1_192_288.dat
  False Negatives: 0
  False Positives: 0
  False Types: 0
  Grand Total: 0

[107/176] Processing: GC_LIQ1_1_192_288.dat
  False Negatives: 3227
  False Positives: 13639
  False Types: 801
  Grand Total: 17667

[108/176] Processing: GC_LIQ2_1_192_288.dat
  False Negatives: 0
  False Positives: 0
  False Types: 0
  Grand Total: 0

[109/176] Processing: GPP_1_192_288.dat
  False Negatives: 1950
  False Positives: 3819
  False Types: 100
  Grand Total: 5869

[110/176] Processing: GR_1_192_288.dat
  False Negatives: 1368
  False Positives: 472
  False Types: 5
  Grand Total: 1845

[111/176] Processing: GROSS_NMIN_1_192_288.dat
  False Negatives: 735
  False Positives: 1
  False Types: 0
  Grand Total: 736

[112/176] Processing: H2OCAN_1_192_288.dat
  False Negatives: 1505
  False Positives: 13362
  False Types: 337
  Grand Total: 15204

[113/176] Processing: H2OSNO_1_192_288.dat
  False Negatives: 1065
  False Positives: 8111
  False Types: 104
  Grand Total: 9280

[114/176] Processing: H2OSNO_TOP_1_192_288.dat
  False Negatives: 563
  False Positives: 13760
  False Types: 39
  Grand Total: 14362

[115/176] Processing: HC_1_192_288.dat
  False Negatives: 767
  False Positives: 13467
  False Types: 37
  Grand Total: 14271

[116/176] Processing: HCSOI_1_192_288.dat
  False Negatives: 778
  False Positives: 12733
  False Types: 40
  Grand Total: 13551

[117/176] Processing: HEAT_FROM_AC_1_192_288.dat
  False Negatives: 57
  False Positives: 2312
  False Types: 1
  Grand Total: 2370

[118/176] Processing: HR_1_192_288.dat
  False Negatives: 2504
  False Positives: 0
  False Types: 0
  Grand Total: 2504

[119/176] Processing: HTOP_1_192_288.dat
  False Negatives: 493
  False Positives: 9833
  False Types: 67
  Grand Total: 10393

[120/176] Processing: LAISHA_1_192_288.dat
  False Negatives: 267
  False Positives: 9793
  False Types: 10
  Grand Total: 10070

[121/176] Processing: LAISUN_1_192_288.dat
  False Negatives: 1022
  False Positives: 13346
  False Types: 177
  Grand Total: 14545

[122/176] Processing: landfrac_192_288.dat
  False Negatives: 45
  False Positives: 16052
  False Types: 1
  Grand Total: 16098

[123/176] Processing: latixy_192_288.dat
  False Negatives: 0
  False Positives: 13588
  False Types: 0
  Grand Total: 13588

[124/176] Processing: latixyatm_192_288.dat
  False Negatives: 0
  False Positives: 15183
  False Types: 0
  Grand Total: 15183

[125/176] Processing: LEAFC_1_192_288.dat
  False Negatives: 82
  False Positives: 3360
  False Types: 1
  Grand Total: 3443

[126/176] Processing: LEAFC_ALLOC_1_192_288.dat
  False Negatives: 1343
  False Positives: 0
  False Types: 0
  Grand Total: 1343

[127/176] Processing: LEAFC_LOSS_1_192_288.dat
  False Negatives: 1925
  False Positives: 0
  False Types: 0
  Grand Total: 1925

[128/176] Processing: LEAFN_1_192_288.dat
  False Negatives: 194
  False Positives: 11928
  False Types: 10
  Grand Total: 12132

[129/176] Processing: LITFALL_1_192_288.dat
  False Negatives: 2454
  False Positives: 0
  False Types: 0
  Grand Total: 2454

[130/176] Processing: LITHR_1_192_288.dat
  False Negatives: 2361
  False Positives: 0
  False Types: 0
  Grand Total: 2361

[131/176] Processing: LITR1C_1_192_288.dat
  False Negatives: 555
  False Positives: 9220
  False Types: 64
  Grand Total: 9839

[132/176] Processing: LITR1C_TO_SOIL1C_1_192_288.dat
  False Negatives: 1696
  False Positives: 0
  False Types: 0
  Grand Total: 1696

[133/176] Processing: LITR1N_1_192_288.dat
  False Negatives: 2050
  False Positives: 11448
  False Types: 463
  Grand Total: 13961

[134/176] Processing: LITR2C_1_192_288.dat
  False Negatives: 108
  False Positives: 3251
  False Types: 4
  Grand Total: 3363

[135/176] Processing: LITR2C_TO_SOIL2C_1_192_288.dat
  False Negatives: 2021
  False Positives: 0
  False Types: 0
  Grand Total: 2021

[136/176] Processing: LITR2N_1_192_288.dat
  False Negatives: 591
  False Positives: 10745
  False Types: 71
  Grand Total: 11407

[137/176] Processing: LITR3C_1_192_288.dat
  False Negatives: 181
  False Positives: 10781
  False Types: 11
  Grand Total: 10973

[138/176] Processing: LITR3C_TO_SOIL3C_1_192_288.dat
  False Negatives: 1735
  False Positives: 259
  False Types: 4
  Grand Total: 1998

[139/176] Processing: LITR3N_1_192_288.dat
  False Negatives: 382
  False Positives: 12011
  False Types: 31
  Grand Total: 12424

[140/176] Processing: LITTERC_1_192_288.dat
  False Negatives: 113
  False Positives: 3322
  False Types: 3
  Grand Total: 3438

[141/176] Processing: LITTERC_HR_1_192_288.dat
  False Negatives: 2361
  False Positives: 0
  False Types: 0
  Grand Total: 2361

[142/176] Processing: LITTERC_LOSS_1_192_288.dat
  False Negatives: 2566
  False Positives: 3334
  False Types: 115
  Grand Total: 6015

[143/176] Processing: LIVECROOTC_1_192_288.dat
  False Negatives: 204
  False Positives: 3372
  False Types: 7
  Grand Total: 3583

[144/176] Processing: LIVECROOTN_1_192_288.dat
  False Negatives: 1280
  False Positives: 10448
  False Types: 223
  Grand Total: 11951

[145/176] Processing: LIVESTEMC_1_192_288.dat
  False Negatives: 126
  False Positives: 3845
  False Types: 2
  Grand Total: 3973

[146/176] Processing: LIVESTEMN_1_192_288.dat
  False Negatives: 828
  False Positives: 12172
  False Types: 134
  Grand Total: 13134

[147/176] Processing: longxy_192_288.dat
  False Negatives: 4
  False Positives: 13856
  False Types: 0
  Grand Total: 13860

[148/176] Processing: longxyatm_192_288.dat
  False Negatives: 0
  False Positives: 11194
  False Types: 0
  Grand Total: 11194

[149/176] Processing: MEAN_FIRE_PROB_1_192_288.dat
  False Negatives: 632
  False Positives: 13121
  False Types: 85
  Grand Total: 13838

[150/176] Processing: MR_1_192_288.dat
  False Negatives: 2371
  False Positives: 3805
  False Types: 129
  Grand Total: 6305

[151/176] Processing: NBP_1_192_288.dat
  False Negatives: 2851
  False Positives: 0
  False Types: 0
  Grand Total: 2851

[152/176] Processing: NDEPLOY_1_192_288.dat
  False Negatives: 457
  False Positives: 1
  False Types: 0
  Grand Total: 458

[153/176] Processing: NDEP_TO_SMINN_1_192_288.dat
  False Negatives: 0
  False Positives: 0
  False Types: 0
  Grand Total: 0

[154/176] Processing: NEE_1_192_288.dat
  False Negatives: 2841
  False Positives: 0
  False Types: 0
  Grand Total: 2841

[155/176] Processing: NEP_1_192_288.dat
  False Negatives: 2789
  False Positives: 0
  False Types: 0
  Grand Total: 2789

[156/176] Processing: NET_NMIN_1_192_288.dat
  False Negatives: 551
  False Positives: 1
  False Types: 0
  Grand Total: 552

[157/176] Processing: NFIX_TO_SMINN_1_192_288.dat
  False Negatives: 0
  False Positives: 0
  False Types: 0
  Grand Total: 0

[158/176] Processing: NPP_1_192_288.dat
  False Negatives: 2245
  False Positives: 3730
  False Types: 122
  Grand Total: 6097

[159/176] Processing: OCDEP_1_192_288.dat
  False Negatives: 0
  False Positives: 0
  False Types: 0
  Grand Total: 0

[160/176] Processing: PBOT_1_192_288.dat
  False Negatives: 388
  False Positives: 11288
  False Types: 50
  Grand Total: 11726

[161/176] Processing: PCO2_1_192_288.dat
  False Negatives: 365
  False Positives: 12315
  False Types: 63
  Grand Total: 12743

[162/176] Processing: PFT_CTRUNC_1_192_288.dat
  False Negatives: 2275
  False Positives: 3509
  False Types: 123
  Grand Total: 5907

[163/176] Processing: PFT_FIRE_CLOSS_1_192_288.dat
  False Negatives: 441
  False Positives: 0
  False Types: 0
  Grand Total: 441

[164/176] Processing: PFT_FIRE_NLOSS_1_192_288.dat
  False Negatives: 28
  False Positives: 0
  False Types: 0
  Grand Total: 28

[165/176] Processing: PFT_NTRUNC_1_192_288.dat
  False Negatives: 2237
  False Positives: 2347
  False Types: 83
  Grand Total: 4667

[166/176] Processing: PLANT_NDEMAND_1_192_288.dat
  False Negatives: 814
  False Positives: 0
  False Types: 0
  Grand Total: 814

[167/176] Processing: POTENTIAL_IMMOB_1_192_288.dat
  False Negatives: 1272
  False Positives: 1
  False Types: 0
  Grand Total: 1273

[168/176] Processing: PROD100C_1_192_288.dat
  False Negatives: 0
  False Positives: 0
  False Types: 0
  Grand Total: 0

[169/176] Processing: PROD100C_LOSS_1_192_288.dat
  False Negatives: 0
  False Positives: 0
  False Types: 0
  Grand Total: 0

[170/176] Processing: PROD100N_1_192_288.dat
  False Negatives: 0
  False Positives: 0
  False Types: 0
  Grand Total: 0

[171/176] Processing: PROD100N_LOSS_1_192_288.dat
  False Negatives: 0
  False Positives: 0
  False Types: 0
  Grand Total: 0

[172/176] Processing: PROD10C_1_192_288.dat
  False Negatives: 0
  False Positives: 0
  False Types: 0
  Grand Total: 0

[173/176] Processing: PROD10C_LOSS_1_192_288.dat
  False Negatives: 0
  False Positives: 0
  False Types: 0
  Grand Total: 0

[174/176] Processing: PROD10N_1_192_288.dat
  False Negatives: 0
  False Positives: 0
  False Types: 0
  Grand Total: 0

[175/176] Processing: topo_192_288.dat
  False Negatives: 0
  False Positives: 0
  False Types: 0
  Grand Total: 0

[176/176] Processing: topodnsc_192_288.dat
  False Negatives: 0
  False Positives: 0
  False Types: 0
  Grand Total: 0

=== Summary ===
Total files processed: 176
Total files failed: 0
Total false cases across all files: 1243760
Average false cases per file: 7066.81
