Input directory: ../../CESM-OCEAN-MODELS/4/log_normalized/
Output directory: ../../CESM-OCEAN-MODELS/4/log_normalized/topoSZp_20_thread/
Dimensions: 384x320 (122880 elements)
Error bound: 1E-3
Block size: 16

Found 54 .dat file(s) to process

[1/54] Processing: ADVS_1_384_320.dat

compression time=0.006220, total fastmode1 topology
compression size = 121841, CR = 4.034110
done
decompression time=0.007439
done
Min=0, Max=1, range=1
Max absolute error = 0.0009999275
Max relative error = 0.001000
Max pw relative error = 0.001000
PSNR = 65.252566, NRMSE= 0.00054622516056243249939
acEff=1.000000
compressionRatio = 4.034110
  ✓ Compression and decompression successful (ratio: 4.03x)

[2/54] Processing: ADVS_ISOP_1_384_320.dat

compression time=0.007882, total fastmode1 topology
compression size = 122156, CR = 4.023707
done
decompression time=0.011217
done
Min=0, Max=1, range=1
Max absolute error = 0.0009999275
Max relative error = 0.001000
Max pw relative error = 0.001000
PSNR = 65.252540, NRMSE= 0.00054622679970724066605
acEff=1.000000
compressionRatio = 4.023707
  ✓ Compression and decompression successful (ratio: 4.02x)

[3/54] Processing: ADVS_SUBM_1_384_320.dat

compression time=0.019961, total fastmode1 topology
compression size = 115620, CR = 4.251168
done
decompression time=0.007339
done
Min=0, Max=1, range=1
Max absolute error = 0.0009999275
Max relative error = 0.001000
Max pw relative error = 0.001000
PSNR = 65.252573, NRMSE= 0.00054622470996588913181
acEff=1.000000
compressionRatio = 4.251168
  ✓ Compression and decompression successful (ratio: 4.25x)

[4/54] Processing: ADVT_1_384_320.dat

compression time=0.010516, total fastmode1 topology
compression size = 143238, CR = 3.431492
done
decompression time=0.007525
done
Min=0, Max=1, range=1
Max absolute error = 0.0009999275
Max relative error = 0.001000
Max pw relative error = 0.001000
PSNR = 62.737568, NRMSE= 0.00072966181474998746681
acEff=1.000000
compressionRatio = 3.431492
  ✓ Compression and decompression successful (ratio: 3.43x)

[5/54] Processing: ADVT_ISOP_1_384_320.dat

compression time=0.010133, total fastmode1 topology
compression size = 168602, CR = 2.915268
done
decompression time=0.008420
done
Min=0, Max=1, range=1
Max absolute error = 0.0010124445
Max relative error = 0.001012
Max pw relative error = 0.001012
PSNR = 64.973913, NRMSE= 0.00056403278225411327459
acEff=1.000000
compressionRatio = 2.915268
  ✓ Compression and decompression successful (ratio: 2.91x)

[6/54] Processing: ADVT_SUBM_1_384_320.dat

compression time=0.007181, total fastmode1 topology
compression size = 136157, CR = 3.609950
done
decompression time=0.007372
done
Min=0, Max=1, range=1
Max absolute error = 0.0009999275
Max relative error = 0.001000
Max pw relative error = 0.001000
PSNR = 64.266269, NRMSE= 0.0006119086209541095122
acEff=1.000000
compressionRatio = 3.609950
  ✓ Compression and decompression successful (ratio: 3.60x)

[7/54] Processing: BSF_1_384_320.dat

compression time=0.002606, total fastmode1 topology
compression size = 128414, CR = 3.827620
done
decompression time=0.007697
done
Min=0, Max=1, range=1
Max absolute error = 0.0009999983
Max relative error = 0.001000
Max pw relative error = 0.001000
PSNR = 63.005898, NRMSE= 0.00070746519047384449127
acEff=1.000000
compressionRatio = 3.827620
  ✓ Compression and decompression successful (ratio: 3.82x)

[8/54] Processing: DIA_DEPTH_1_384_320.dat

compression time=0.003596, total fastmode1 topology
compression size = 136441, CR = 3.602436
done
decompression time=0.020941
done
Min=0, Max=1, range=1
Max absolute error = 0.0015748218
Max relative error = 0.001575
Max pw relative error = 0.001575
PSNR = 62.738177, NRMSE= 0.00072961064973748972467
acEff=1.000000
compressionRatio = 3.602436
  ✓ Compression and decompression successful (ratio: 3.60x)

[9/54] Processing: dTEMP_NEG_2D_1_384_320.dat

compression time=0.012477, total fastmode1 topology
compression size = 159058, CR = 3.090194
done
decompression time=0.008500
done
Min=0, Max=1, range=1
Max absolute error = 0.0013389587
Max relative error = 0.001339
Max pw relative error = 0.001339
PSNR = 62.240861, NRMSE= 0.00077260401266090919081
acEff=1.000000
compressionRatio = 3.090194
  ✓ Compression and decompression successful (ratio: 3.09x)

[10/54] Processing: dTEMP_POS_2D_1_384_320.dat

compression time=0.008977, total fastmode1 topology
compression size = 162820, CR = 3.018794
done
decompression time=0.009749
done
Min=0, Max=1, range=1
Max absolute error = 0.0015253532
Max relative error = 0.001525
Max pw relative error = 0.001525
PSNR = 62.913920, NRMSE= 0.00071499665030675990836
acEff=1.000000
compressionRatio = 3.018794
  ✓ Compression and decompression successful (ratio: 3.01x)

[11/54] Processing: EVAP_F_1_384_320.dat

compression time=0.003974, total fastmode1 topology
compression size = 117449, CR = 4.184966
done
decompression time=0.006799
done
Min=0, Max=1, range=1
Max absolute error = 0.0009999275
Max relative error = 0.001000
Max pw relative error = 0.001000
PSNR = 65.252781, NRMSE= 0.00054621162434276228272
acEff=1.000000
compressionRatio = 4.184965
  ✓ Compression and decompression successful (ratio: 4.18x)

[12/54] Processing: FW_1_384_320.dat

compression time=0.002037, total fastmode1 topology
compression size = 115191, CR = 4.267000
done
decompression time=0.004710
done
Min=0, Max=1, range=1
Max absolute error = 0.0009999275
Max relative error = 0.001000
Max pw relative error = 0.001000
PSNR = 65.252569, NRMSE= 0.00054622494739052604874
acEff=1.000000
compressionRatio = 4.267000
  ✓ Compression and decompression successful (ratio: 4.26x)

[13/54] Processing: HBLT_1_384_320.dat

compression time=0.002910, total fastmode1 topology
compression size = 137919, CR = 3.563831
done
decompression time=0.008282
done
Min=0, Max=1, range=1
Max absolute error = 0.0011669472
Max relative error = 0.001167
Max pw relative error = 0.001167
PSNR = 62.734167, NRMSE= 0.00072994757195003669853
acEff=1.000000
compressionRatio = 3.563831
  ✓ Compression and decompression successful (ratio: 3.56x)

[14/54] Processing: HDIFS_1_384_320.dat

compression time=0.008272, total fastmode1 topology
compression size = 121364, CR = 4.049965
done
decompression time=0.007985
done
Min=0, Max=1, range=1
Max absolute error = 0.0009999275
Max relative error = 0.001000
Max pw relative error = 0.001000
PSNR = 65.252560, NRMSE= 0.00054622551254663231565
acEff=1.000000
compressionRatio = 4.049965
  ✓ Compression and decompression successful (ratio: 4.04x)

[15/54] Processing: HDIFT_1_384_320.dat
  ✗ Compression failed (exit code: 1)

[16/54] Processing: HLS_SUBM_1_384_320.dat

compression time=0.002608, total fastmode1 topology
compression size = 134827, CR = 3.645561
done
decompression time=0.007549
done
Min=0, Max=1, range=1
Max absolute error = 0.0016840026
Max relative error = 0.001684
Max pw relative error = 0.001684
PSNR = 64.061440, NRMSE= 0.00062651002346572972918
acEff=1.000000
compressionRatio = 3.645561
  ✓ Compression and decompression successful (ratio: 3.64x)

[17/54] Processing: HMXL_1_384_320.dat

compression time=0.003963, total fastmode1 topology
compression size = 138629, CR = 3.545578
done
decompression time=0.008440
done
Min=0, Max=1, range=1
Max absolute error = 0.0015018582
Max relative error = 0.001502
Max pw relative error = 0.001502
PSNR = 62.741925, NRMSE= 0.00072929585763017654165
acEff=1.000000
compressionRatio = 3.545578
  ✓ Compression and decompression successful (ratio: 3.54x)

[18/54] Processing: IFRAC_1_384_320.dat

compression time=0.002229, total fastmode1 topology
compression size = 117301, CR = 4.190246
done
decompression time=0.005510
done
Min=0, Max=1, range=1
Max absolute error = 0.0010066517
Max relative error = 0.001007
Max pw relative error = 0.001007
PSNR = 64.819691, NRMSE= 0.0005741368754018986954
acEff=1.000000
compressionRatio = 4.190246
  ✓ Compression and decompression successful (ratio: 4.19x)

[19/54] Processing: INT_DEPTH_1_384_320.dat

compression time=0.003843, total fastmode1 topology
compression size = 137566, CR = 3.572976
done
decompression time=0.006352
done
Min=0, Max=1, range=1
Max absolute error = 0.0019206852
Max relative error = 0.001921
Max pw relative error = 0.001921
PSNR = 62.684222, NRMSE= 0.00073415695644746335313
acEff=1.000000
compressionRatio = 3.572976
  ✓ Compression and decompression successful (ratio: 3.57x)

[20/54] Processing: IOFF_F_1_384_320.dat

compression time=0.003105, total fastmode1 topology
compression size = 115542, CR = 4.254037
done
decompression time=0.006283
done
Min=0, Max=1, range=1
Max absolute error = 0.0009999275
Max relative error = 0.001000
Max pw relative error = 0.001000
PSNR = 65.252619, NRMSE= 0.00054622181466683513134
acEff=1.000000
compressionRatio = 4.254037
  ✓ Compression and decompression successful (ratio: 4.25x)

[21/54] Processing: LWDN_F_1_384_320.dat

compression time=0.003584, total fastmode1 topology
compression size = 126417, CR = 3.888085
done
decompression time=0.007551
done
Min=0, Max=1, range=1
Max absolute error = 0.0010050535
Max relative error = 0.001005
Max pw relative error = 0.001005
PSNR = 62.618267, NRMSE= 0.00073975282958139976491
acEff=1.000000
compressionRatio = 3.888085
  ✓ Compression and decompression successful (ratio: 3.88x)

[22/54] Processing: LWUP_F_1_384_320.dat

compression time=0.003948, total fastmode1 topology
compression size = 129565, CR = 3.793617
done
decompression time=0.006829
done
Min=0, Max=1, range=1
Max absolute error = 0.0010094345
Max relative error = 0.001009
Max pw relative error = 0.001009
PSNR = 62.693639, NRMSE= 0.00073336143883740692508
acEff=1.000000
compressionRatio = 3.793617
  ✓ Compression and decompression successful (ratio: 3.79x)

[23/54] Processing: MELT_F_1_384_320.dat

compression time=0.002881, total fastmode1 topology
compression size = 115887, CR = 4.241373
done
decompression time=0.006363
done
Min=0, Max=1, range=1
Max absolute error = 0.0009999275
Max relative error = 0.001000
Max pw relative error = 0.001000
PSNR = 65.252727, NRMSE= 0.00054621505192688625356
acEff=1.000000
compressionRatio = 4.241373
  ✓ Compression and decompression successful (ratio: 4.24x)

[24/54] Processing: MELTH_F_1_384_320.dat

compression time=0.002284, total fastmode1 topology
compression size = 117540, CR = 4.181726
done
decompression time=0.006447
done
Min=0, Max=1, range=1
Max absolute error = 0.0009999275
Max relative error = 0.001000
Max pw relative error = 0.001000
PSNR = 60.353479, NRMSE= 0.00096012113668023459957
acEff=1.000000
compressionRatio = 4.181725
  ✓ Compression and decompression successful (ratio: 4.18x)

[25/54] Processing: PREC_F_1_384_320.dat

compression time=0.002890, total fastmode1 topology
compression size = 117674, CR = 4.176963
done
decompression time=0.006128
done
Min=0, Max=1, range=1
Max absolute error = 0.0009999275
Max relative error = 0.001000
Max pw relative error = 0.001000
PSNR = 65.252673, NRMSE= 0.00054621840488959711758
acEff=1.000000
compressionRatio = 4.176963
  ✓ Compression and decompression successful (ratio: 4.17x)

[26/54] Processing: QFLUX_1_384_320.dat

compression time=0.001977, total fastmode1 topology
compression size = 116975, CR = 4.201923
done
decompression time=0.005512
done
Min=0, Max=1, range=1
Max absolute error = 0.0015906356
Max relative error = 0.001591
Max pw relative error = 0.001591
PSNR = 65.071971, NRMSE= 0.00055770100954110376611
acEff=1.000000
compressionRatio = 4.201923
  ✓ Compression and decompression successful (ratio: 4.20x)

[27/54] Processing: QSW_HBL_1_384_320.dat

compression time=0.003193, total fastmode1 topology
compression size = 137379, CR = 3.577839
done
decompression time=0.027820
done
Min=0, Max=1, range=1
Max absolute error = 0.0010054074
Max relative error = 0.001005
Max pw relative error = 0.001005
PSNR = 62.900385, NRMSE= 0.0007161116738309945438
acEff=1.000000
compressionRatio = 3.577839
  ✓ Compression and decompression successful (ratio: 3.57x)

[28/54] Processing: QSW_HTP_1_384_320.dat

compression time=0.004358, total fastmode1 topology
compression size = 138863, CR = 3.539604
done
decompression time=0.008054
done
Min=0, Max=1, range=1
Max absolute error = 0.0010485202
Max relative error = 0.001049
Max pw relative error = 0.001049
PSNR = 62.901355, NRMSE= 0.00071603168293194634827
acEff=1.000000
compressionRatio = 3.539604
  ✓ Compression and decompression successful (ratio: 3.53x)

[29/54] Processing: RESID_S_1_384_320.dat

compression time=0.003079, total fastmode1 topology
compression size = 115191, CR = 4.267000
done
decompression time=0.005274
done
Min=0, Max=1, range=1
Max absolute error = 0.0009999275
Max relative error = 0.001000
Max pw relative error = 0.001000
PSNR = 65.252569, NRMSE= 0.00054622494739052604874
acEff=1.000000
compressionRatio = 4.267000
  ✓ Compression and decompression successful (ratio: 4.26x)

[30/54] Processing: RESID_T_1_384_320.dat

compression time=0.003081, total fastmode1 topology
compression size = 115191, CR = 4.267000
done
decompression time=0.005611
done
Min=0, Max=1, range=1
Max absolute error = 0.0009999275
Max relative error = 0.001000
Max pw relative error = 0.001000
PSNR = 65.252569, NRMSE= 0.00054622494739052604874
acEff=1.000000
compressionRatio = 4.267000
  ✓ Compression and decompression successful (ratio: 4.26x)

[31/54] Processing: RHO_VINT_1_384_320.dat

compression time=0.005428, total fastmode1 topology
compression size = 149753, CR = 3.282205
done
decompression time=0.007999
done
Min=0, Max=1, range=1
Max absolute error = 0.0010081977
Max relative error = 0.001008
Max pw relative error = 0.001008
PSNR = 62.780987, NRMSE= 0.0007260234445504087572
acEff=1.000000
compressionRatio = 3.282205
  ✓ Compression and decompression successful (ratio: 3.28x)

[32/54] Processing: ROFF_F_1_384_320.dat

compression time=0.003594, total fastmode1 topology
compression size = 117641, CR = 4.178135
done
decompression time=0.006414
done
Min=0, Max=1, range=1
Max absolute error = 0.0009999275
Max relative error = 0.001000
Max pw relative error = 0.001000
PSNR = 65.252620, NRMSE= 0.00054622174925024339145
acEff=1.000000
compressionRatio = 4.178135
  ✓ Compression and decompression successful (ratio: 4.17x)

[33/54] Processing: SALT_F_1_384_320.dat

compression time=0.002696, total fastmode1 topology
compression size = 115263, CR = 4.264335
done
decompression time=0.006394
done
Min=0, Max=1, range=1
Max absolute error = 0.0009999275
Max relative error = 0.001000
Max pw relative error = 0.001000
PSNR = 65.252570, NRMSE= 0.00054622491219509679544
acEff=1.000000
compressionRatio = 4.264335
  ✓ Compression and decompression successful (ratio: 4.26x)

[34/54] Processing: SENH_F_1_384_320.dat

compression time=0.004741, total fastmode1 topology
compression size = 124687, CR = 3.942031
done
decompression time=0.006987
done
Min=0, Max=1, range=1
Max absolute error = 0.0010047406
Max relative error = 0.001005
Max pw relative error = 0.001005
PSNR = 62.366833, NRMSE= 0.00076147970110785592659
acEff=1.000000
compressionRatio = 3.942031
  ✓ Compression and decompression successful (ratio: 3.94x)

[35/54] Processing: SFWF_1_384_320.dat

compression time=0.004907, total fastmode1 topology
compression size = 121218, CR = 4.054843
done
decompression time=0.005956
done
Min=0, Max=1, range=1
Max absolute error = 0.0009999275
Max relative error = 0.001000
Max pw relative error = 0.001000
PSNR = 65.252875, NRMSE= 0.00054620572154856050339
acEff=1.000000
compressionRatio = 4.054843
  ✓ Compression and decompression successful (ratio: 4.05x)

[36/54] Processing: SFWF_WRST_1_384_320.dat

compression time=0.002561, total fastmode1 topology
compression size = 115191, CR = 4.267000
done
decompression time=0.005382
done
Min=0, Max=1, range=1
Max absolute error = 0.0009999275
Max relative error = 0.001000
Max pw relative error = 0.001000
PSNR = 65.252569, NRMSE= 0.00054622494739052604874
acEff=1.000000
compressionRatio = 4.267000
  ✓ Compression and decompression successful (ratio: 4.26x)

[37/54] Processing: SHF_1_384_320.dat

compression time=0.004607, total fastmode1 topology
compression size = 130721, CR = 3.760069
done
decompression time=0.016869
done
Min=0, Max=1, range=1
Max absolute error = 0.0010067075
Max relative error = 0.001007
Max pw relative error = 0.001007
PSNR = 62.672728, NRMSE= 0.00073512911115019641609
acEff=1.000000
compressionRatio = 3.760069
  ✓ Compression and decompression successful (ratio: 3.76x)

[38/54] Processing: SHF_QSW_1_384_320.dat

compression time=0.003733, total fastmode1 topology
compression size = 134173, CR = 3.663330
done
decompression time=0.007644
done
Min=0, Max=1, range=1
Max absolute error = 0.0010083169
Max relative error = 0.001008
Max pw relative error = 0.001008
PSNR = 62.919286, NRMSE= 0.00071455506940674474742
acEff=1.000000
compressionRatio = 3.663330
  ✓ Compression and decompression successful (ratio: 3.66x)

[39/54] Processing: SNOW_F_1_384_320.dat

compression time=0.004426, total fastmode1 topology
compression size = 115800, CR = 4.244560
done
decompression time=0.006463
done
Min=0, Max=1, range=1
Max absolute error = 0.0009999275
Max relative error = 0.001000
Max pw relative error = 0.001000
PSNR = 65.252574, NRMSE= 0.00054622464208098581249
acEff=1.000000
compressionRatio = 4.244560
  ✓ Compression and decompression successful (ratio: 4.24x)

[40/54] Processing: SSH_1_384_320.dat

compression time=0.005887, total fastmode1 topology
compression size = 143719, CR = 3.420007
done
decompression time=0.006453
done
Min=0, Max=1, range=1
Max absolute error = 0.0010056645
Max relative error = 0.001006
Max pw relative error = 0.001006
PSNR = 62.827075, NRMSE= 0.00072218133218211895928
acEff=1.000000
compressionRatio = 3.420007
  ✓ Compression and decompression successful (ratio: 3.42x)

[41/54] Processing: SSH2_1_384_320.dat

compression time=0.006575, total fastmode1 topology
compression size = 154973, CR = 3.171649
done
decompression time=0.008232
done
Min=0, Max=1, range=1
Max absolute error = 0.0018543787
Max relative error = 0.001854
Max pw relative error = 0.001854
PSNR = 62.742746, NRMSE= 0.00072922695461278001956
acEff=1.000000
compressionRatio = 3.171649
  ✓ Compression and decompression successful (ratio: 3.17x)

[42/54] Processing: SU_1_384_320.dat

compression time=0.008077, total fastmode1 topology
compression size = 151531, CR = 3.243693
done
decompression time=0.008871
done
Min=0, Max=1, range=1
Max absolute error = 0.0014354587
Max relative error = 0.001435
Max pw relative error = 0.001435
PSNR = 63.250541, NRMSE= 0.00068781708232645572942
acEff=1.000000
compressionRatio = 3.243693
  ✓ Compression and decompression successful (ratio: 3.24x)

[43/54] Processing: SV_1_384_320.dat

compression time=0.009553, total fastmode1 topology
compression size = 155881, CR = 3.153175
done
decompression time=0.007718
done
Min=0, Max=1, range=1
Max absolute error = 0.0014018118
Max relative error = 0.001402
Max pw relative error = 0.001402
PSNR = 64.106013, NRMSE= 0.00062330316333911552681
acEff=1.000000
compressionRatio = 3.153175
  ✓ Compression and decompression successful (ratio: 3.15x)

[44/54] Processing: TAUX_1_384_320.dat

compression time=0.003229, total fastmode1 topology
compression size = 120955, CR = 4.063660
done
decompression time=0.006899
done
Min=0, Max=1, range=1
Max absolute error = 0.0009999890
Max relative error = 0.001000
Max pw relative error = 0.001000
PSNR = 62.937465, NRMSE= 0.00071306110249818330325
acEff=1.000000
compressionRatio = 4.063660
  ✓ Compression and decompression successful (ratio: 4.06x)

[45/54] Processing: TAUX2_1_384_320.dat

compression time=0.003755, total fastmode1 topology
compression size = 133316, CR = 3.686879
done
decompression time=0.008156
done
Min=0, Max=1, range=1
Max absolute error = 0.0013061380
Max relative error = 0.001306
Max pw relative error = 0.001306
PSNR = 62.991493, NRMSE= 0.0007086394774715639713
acEff=1.000000
compressionRatio = 3.686879
  ✓ Compression and decompression successful (ratio: 3.68x)

[46/54] Processing: TAUY_1_384_320.dat

compression time=0.003530, total fastmode1 topology
compression size = 122190, CR = 4.022588
done
decompression time=0.007377
done
Min=0, Max=1, range=1
Max absolute error = 0.0010016263
Max relative error = 0.001002
Max pw relative error = 0.001002
PSNR = 62.954544, NRMSE= 0.00071166043204820355565
acEff=1.000000
compressionRatio = 4.022588
  ✓ Compression and decompression successful (ratio: 4.02x)

[47/54] Processing: TAUY2_1_384_320.dat

compression time=0.002977, total fastmode1 topology
compression size = 132093, CR = 3.721015
done
decompression time=0.006328
done
Min=0, Max=1, range=1
Max absolute error = 0.0014481400
Max relative error = 0.001448
Max pw relative error = 0.001448
PSNR = 63.120702, NRMSE= 0.00069817601411842529231
acEff=1.000000
compressionRatio = 3.721015
  ✓ Compression and decompression successful (ratio: 3.72x)

[48/54] Processing: TBLT_1_384_320.dat

compression time=0.005415, total fastmode1 topology
compression size = 165316, CR = 2.973215
done
decompression time=0.009351
done
Min=0, Max=1, range=1
Max absolute error = 0.0019330159
Max relative error = 0.001933
Max pw relative error = 0.001933
PSNR = 62.739005, NRMSE= 0.00072954110399647755392
acEff=1.000000
compressionRatio = 2.973215
  ✓ Compression and decompression successful (ratio: 2.97x)

[49/54] Processing: TFW_S_1_384_320.dat
  ✗ Compression failed (exit code: 1)

[50/54] Processing: TFW_T_1_384_320.dat

compression time=0.002962, total fastmode1 topology
compression size = 115191, CR = 4.267000
done
decompression time=0.006625
done
Min=0, Max=1, range=1
Max absolute error = 0.0009999275
Max relative error = 0.001000
Max pw relative error = 0.001000
PSNR = 65.252569, NRMSE= 0.00054622494739052604874
acEff=1.000000
compressionRatio = 4.267000
  ✓ Compression and decompression successful (ratio: 4.26x)

[51/54] Processing: TLT_1_384_320.dat

compression time=0.007736, total fastmode1 topology
compression size = 182621, CR = 2.691476
done
decompression time=0.009268
done
Min=0, Max=1, range=1
Max absolute error = 0.0019542873
Max relative error = 0.001954
Max pw relative error = 0.001954
PSNR = 62.728057, NRMSE= 0.00073046117965364640908
acEff=1.000000
compressionRatio = 2.691476
  ✓ Compression and decompression successful (ratio: 2.69x)

[52/54] Processing: TMXL_1_384_320.dat

compression time=0.003678, total fastmode1 topology
compression size = 151606, CR = 3.242088
done
decompression time=0.008311
done
Min=0, Max=1, range=1
Max absolute error = 0.0018949658
Max relative error = 0.001895
Max pw relative error = 0.001895
PSNR = 62.914138, NRMSE= 0.00071497872726140280358
acEff=1.000000
compressionRatio = 3.242088
  ✓ Compression and decompression successful (ratio: 3.24x)

[53/54] Processing: XBLT_1_384_320.dat

compression time=0.005147, total fastmode1 topology
compression size = 139035, CR = 3.535225
done
decompression time=0.006472
done
Min=0, Max=1, range=1
Max absolute error = 0.0014233068
Max relative error = 0.001423
Max pw relative error = 0.001423
PSNR = 62.780163, NRMSE= 0.00072609234493089375682
acEff=1.000000
compressionRatio = 3.535225
  ✓ Compression and decompression successful (ratio: 3.53x)

[54/54] Processing: XMXL_1_384_320.dat

compression time=0.002988, total fastmode1 topology
compression size = 140796, CR = 3.491008
done
decompression time=0.006478
done
Min=0, Max=1, range=1
Max absolute error = 0.0017934814
Max relative error = 0.001793
Max pw relative error = 0.001793
PSNR = 62.704741, NRMSE= 0.00073242461742209410275
acEff=1.000000
compressionRatio = 3.491008
  ✓ Compression and decompression successful (ratio: 3.49x)

=== Summary ===
Total files processed: 52
Total files skipped: 0
Total files failed: 2

