Input directory: ../../SDRBENCH-CESM-ATM-cleared-1800x3600/
Output directory: ../../SDRBENCH-CESM-ATM-cleared-1800x3600/topoSZp_16_thread/
Dimensions: 1800x3600 (6480000 elements)
Error bound: 1E-3
Block size: 16

Found 60 .dat file(s) to process

[1/60] Processing: AEROD_v_1_1800_3600.dat

compression time=0.177344, total fastmode1 topology
compression size = 5062500, CR = 5.120000
done
decompression time=0.174739
done
Min=0, Max=0.57155454158782958984, range=0.57155454158782958984
Max absolute error = 0.0019486547
Max relative error = 0.003409
Max pw relative error = 0.001949
PSNR = 60.478751, NRMSE= 0.00094637326847779655419
acEff=0.999982
compressionRatio = 5.120000
  ✓ Compression and decompression successful (ratio: 5.12x)

[2/60] Processing: CLDHGH_1_1800_3600.dat

compression time=0.037388, total fastmode1 topology
compression size = 6656438, CR = 3.893975
done
decompression time=0.194726
done
Min=3.374915706899628276E-07, Max=0.92075449228286743164, range=0.9207541346549987793
Max absolute error = 0.0019636154
Max relative error = 0.002133
Max pw relative error = 0.001964
PSNR = 64.048870, NRMSE= 0.00062741730580874086574
acEff=0.999998
compressionRatio = 3.893975
  ✓ Compression and decompression successful (ratio: 3.89x)

[3/60] Processing: CLDLOW_1_1800_3600.dat

compression time=0.027377, total fastmode1 topology
compression size = 6477903, CR = 4.001295
done
decompression time=0.198731
done
Min=-1.2620235048717439418E-16, Max=0.9765370488166809082, range=0.9765370488166809082
Max absolute error = 0.0019726604
Max relative error = 0.002020
Max pw relative error = 0.001973
PSNR = 64.804202, NRMSE= 0.00057516162826945146924
acEff=0.999999
compressionRatio = 4.001295
  ✓ Compression and decompression successful (ratio: 4.00x)

[4/60] Processing: CLDMED_1_1800_3600.dat

compression time=0.034849, total fastmode1 topology
compression size = 6336324, CR = 4.090700
done
decompression time=0.220938
done
Min=-8.7300302704795394065E-18, Max=0.83042794466018676758, range=0.83042794466018676758
Max absolute error = 0.0019799173
Max relative error = 0.002384
Max pw relative error = 0.001980
PSNR = 63.291696, NRMSE= 0.00068456576337190316785
acEff=0.999997
compressionRatio = 4.090700
  ✓ Compression and decompression successful (ratio: 4.09x)

[5/60] Processing: CLDTOT_1_1800_3600.dat

compression time=0.031482, total fastmode1 topology
compression size = 6839227, CR = 3.789902
done
decompression time=0.189671
done
Min=0.0089103020727634429932, Max=0.98004901409149169922, range=0.97113871574401855469
Max absolute error = 0.0019866228
Max relative error = 0.002046
Max pw relative error = 0.001987
PSNR = 64.510887, NRMSE= 0.0005949159735428111509
acEff=0.999999
compressionRatio = 3.789902
  ✓ Compression and decompression successful (ratio: 3.78x)

[6/60] Processing: FLDS_1_1800_3600.dat

compression time=0.029670, total fastmode1 topology
compression size = 11077398, CR = 2.339900
done
decompression time=0.156253
done
Min=111.13311767578125, Max=436.666412353515625, range=325.533294677734375
Max absolute error = 0.0019531250
Max relative error = 0.000006
Max pw relative error = 0.000014
PSNR = 115.019662, NRMSE= 1.7742584931463448401E-06
acEff=1.000000
compressionRatio = 2.339900
  ✓ Compression and decompression successful (ratio: 2.33x)

[7/60] Processing: FLDSC_1_1800_3600.dat

compression time=0.025628, total fastmode1 topology
compression size = 10208846, CR = 2.538975
done
decompression time=0.127929
done
Min=92.84610748291015625, Max=418.2393798828125, range=325.393280029296875
Max absolute error = 0.0019683838
Max relative error = 0.000006
Max pw relative error = 0.000017
PSNR = 115.019016, NRMSE= 1.7743905697319348231E-06
acEff=1.000000
compressionRatio = 2.538975
  ✓ Compression and decompression successful (ratio: 2.53x)

[8/60] Processing: FLNS_1_1800_3600.dat

compression time=0.029420, total fastmode1 topology
compression size = 11092286, CR = 2.336759
done
decompression time=0.169360
done
Min=2.3647515773773193359, Max=177.68426513671875, range=175.31951904296875
Max absolute error = 0.0019493103
Max relative error = 0.000011
Max pw relative error = 0.000318
PSNR = 109.644496, NRMSE= 3.2943913047246053128E-06
acEff=1.000000
compressionRatio = 2.336759
  ✓ Compression and decompression successful (ratio: 2.33x)

[9/60] Processing: FLNSC_1_1800_3600.dat

compression time=0.028226, total fastmode1 topology
compression size = 10286035, CR = 2.519922
done
decompression time=0.154555
done
Min=33.335693359375, Max=179.8714752197265625, range=146.5357818603515625
Max absolute error = 0.0019721985
Max relative error = 0.000013
Max pw relative error = 0.000053
PSNR = 108.090531, NRMSE= 3.9397932716711370302E-06
acEff=1.000000
compressionRatio = 2.519921
  ✓ Compression and decompression successful (ratio: 2.51x)

[10/60] Processing: FLNT_1_1800_3600.dat

compression time=0.031534, total fastmode1 topology
compression size = 10690836, CR = 2.424506
done
decompression time=0.154944
done
Min=140.1259002685546875, Max=320.225982666015625, range=180.1000823974609375
Max absolute error = 0.0019836426
Max relative error = 0.000011
Max pw relative error = 0.000012
PSNR = 109.877706, NRMSE= 3.2071160954495540649E-06
acEff=1.000000
compressionRatio = 2.424506
  ✓ Compression and decompression successful (ratio: 2.42x)

[11/60] Processing: FLNTC_1_1800_3600.dat

compression time=0.024822, total fastmode1 topology
compression size = 9748900, CR = 2.658762
done
decompression time=0.136742
done
Min=148.67449951171875, Max=324.029327392578125, range=175.354827880859375
Max absolute error = 0.0019531250
Max relative error = 0.000011
Max pw relative error = 0.000012
PSNR = 109.647177, NRMSE= 3.2933748599370776908E-06
acEff=1.000000
compressionRatio = 2.658762
  ✓ Compression and decompression successful (ratio: 2.65x)

[12/60] Processing: FLUT_1_1800_3600.dat

compression time=0.063240, total fastmode1 topology
compression size = 10690994, CR = 2.424470
done
decompression time=0.189806
done
Min=140.81109619140625, Max=321.594085693359375, range=180.782989501953125
Max absolute error = 0.0019531250
Max relative error = 0.000011
Max pw relative error = 0.000012
PSNR = 109.910899, NRMSE= 3.1948834974773990567E-06
acEff=1.000000
compressionRatio = 2.424471
  ✓ Compression and decompression successful (ratio: 2.42x)

[13/60] Processing: FLUTC_1_1800_3600.dat

compression time=0.047026, total fastmode1 topology
compression size = 9748529, CR = 2.658863
done
decompression time=0.137320
done
Min=149.345123291015625, Max=325.3800048828125, range=176.034881591796875
Max absolute error = 0.0019836426
Max relative error = 0.000011
Max pw relative error = 0.000011
PSNR = 109.679813, NRMSE= 3.2810235848466513708E-06
acEff=1.000000
compressionRatio = 2.658863
  ✓ Compression and decompression successful (ratio: 2.65x)

[14/60] Processing: FREQSH_1_1800_3600.dat

compression time=0.056770, total fastmode1 topology
compression size = 7015962, CR = 3.694433
done
decompression time=0.180020
done
Min=0.0055586360394954681396, Max=1, range=0.99444139003753662109
Max absolute error = 0.0019882917
Max relative error = 0.001999
Max pw relative error = 0.001988
PSNR = 64.687636, NRMSE= 0.00058293237943283788671
acEff=0.999999
compressionRatio = 3.694433
  ✓ Compression and decompression successful (ratio: 3.69x)

[15/60] Processing: FREQZM_1_1800_3600.dat

compression time=0.027809, total fastmode1 topology
compression size = 5718561, CR = 4.532609
done
decompression time=0.162849
done
Min=-1.2376302794798001768E-16, Max=0.94867545366287231445, range=0.94867545366287231445
Max absolute error = 0.0019914508
Max relative error = 0.002099
Max pw relative error = 0.001991
PSNR = 66.146548, NRMSE= 0.00049280217244717402884
acEff=0.999999
compressionRatio = 4.532609
  ✓ Compression and decompression successful (ratio: 4.53x)

[16/60] Processing: FSDS_1_1800_3600.dat

compression time=0.028609, total fastmode1 topology
compression size = 10943566, CR = 2.368515
done
decompression time=0.153006
done
Min=0, Max=458.06646728515625, range=458.06646728515625
Max absolute error = 0.0019531250
Max relative error = 0.000004
Max pw relative error = 0.001000
PSNR = 118.546013, NRMSE= 1.1822228770562529021E-06
acEff=1.000000
compressionRatio = 2.368515
  ✓ Compression and decompression successful (ratio: 2.36x)

[17/60] Processing: FSDSC_1_1800_3600.dat

compression time=0.022467, total fastmode1 topology
compression size = 8554173, CR = 3.030100
done
decompression time=0.128505
done
Min=0, Max=478.47100830078125, range=478.47100830078125
Max absolute error = 0.0019531250
Max relative error = 0.000004
Max pw relative error = 0.001000
PSNR = 118.927083, NRMSE= 1.1314773632282813426E-06
acEff=1.000000
compressionRatio = 3.030100
  ✓ Compression and decompression successful (ratio: 3.03x)

[18/60] Processing: FSDTOA_1_1800_3600.dat

compression time=0.046480, total fastmode1 topology
compression size = 7412222, CR = 3.496927
done
decompression time=0.124015
done
Min=0, Max=548.49273681640625, range=548.49273681640625
Max absolute error = 0.0013732910
Max relative error = 0.000003
Max pw relative error = 0.001000
PSNR = 120.108873, NRMSE= 9.8754371274565097104E-07
acEff=1.000000
compressionRatio = 3.496927
  ✓ Compression and decompression successful (ratio: 3.49x)

[19/60] Processing: FSNS_1_1800_3600.dat

compression time=0.030312, total fastmode1 topology
compression size = 11024550, CR = 2.351116
done
decompression time=0.152647
done
Min=0, Max=374.014617919921875, range=374.014617919921875
Max absolute error = 0.0019226074
Max relative error = 0.000005
Max pw relative error = 0.001793
PSNR = 116.787661, NRMSE= 1.447494643590907397E-06
acEff=1.000000
compressionRatio = 2.351116
  ✓ Compression and decompression successful (ratio: 2.35x)

[20/60] Processing: FSNSC_1_1800_3600.dat

compression time=0.025885, total fastmode1 topology
compression size = 9309994, CR = 2.784105
done
decompression time=0.135227
done
Min=0, Max=378.979705810546875, range=378.979705810546875
Max absolute error = 0.0019531250
Max relative error = 0.000005
Max pw relative error = 0.001932
PSNR = 116.902949, NRMSE= 1.4284089595106403233E-06
acEff=1.000000
compressionRatio = 2.784105
  ✓ Compression and decompression successful (ratio: 2.78x)

[21/60] Processing: FSNT_1_1800_3600.dat

compression time=0.028849, total fastmode1 topology
compression size = 10935651, CR = 2.370229
done
decompression time=0.153243
done
Min=0, Max=458.6556396484375, range=458.6556396484375
Max absolute error = 0.0019531250
Max relative error = 0.000004
Max pw relative error = 0.001000
PSNR = 118.557029, NRMSE= 1.1807244182438417665E-06
acEff=1.000000
compressionRatio = 2.370229
  ✓ Compression and decompression successful (ratio: 2.37x)

[22/60] Processing: FSNTC_1_1800_3600.dat

compression time=0.023484, total fastmode1 topology
compression size = 9112511, CR = 2.844441
done
decompression time=0.138698
done
Min=0, Max=465.281341552734375, range=465.281341552734375
Max absolute error = 0.0019531250
Max relative error = 0.000004
Max pw relative error = 0.001000
PSNR = 118.681138, NRMSE= 1.1639735048375591136E-06
acEff=1.000000
compressionRatio = 2.844441
  ✓ Compression and decompression successful (ratio: 2.84x)

[23/60] Processing: FSNTOA_1_1800_3600.dat

compression time=0.030062, total fastmode1 topology
compression size = 10935884, CR = 2.370179
done
decompression time=0.154920
done
Min=0, Max=462.84429931640625, range=462.84429931640625
Max absolute error = 0.0019531250
Max relative error = 0.000004
Max pw relative error = 0.001000
PSNR = 118.632524, NRMSE= 1.1705063984691992638E-06
acEff=1.000000
compressionRatio = 2.370179
  ✓ Compression and decompression successful (ratio: 2.37x)

[24/60] Processing: FSNTOAC_1_1800_3600.dat

compression time=0.024127, total fastmode1 topology
compression size = 9121766, CR = 2.841555
done
decompression time=0.131972
done
Min=0, Max=469.5364990234375, range=469.5364990234375
Max absolute error = 0.0019836426
Max relative error = 0.000004
Max pw relative error = 0.001000
PSNR = 118.762998, NRMSE= 1.1530551712672564004E-06
acEff=1.000000
compressionRatio = 2.841555
  ✓ Compression and decompression successful (ratio: 2.84x)

[25/60] Processing: FSUTOA_1_1800_3600.dat

compression time=0.050641, total fastmode1 topology
compression size = 10944186, CR = 2.368381
done
decompression time=0.202815
done
Min=0, Max=393.674560546875, range=393.674560546875
Max absolute error = 0.0019607544
Max relative error = 0.000005
Max pw relative error = 0.001000
PSNR = 117.231242, NRMSE= 1.3754281471418021332E-06
acEff=1.000000
compressionRatio = 2.368381
  ✓ Compression and decompression successful (ratio: 2.36x)

[26/60] Processing: ICEFRAC_1_1800_3600.dat

compression time=0.015930, total fastmode1 topology
compression size = 4083371, CR = 6.347697
done
decompression time=0.134643
done
Min=0, Max=1, range=1
Max absolute error = 0.0019114614
Max relative error = 0.001911
Max pw relative error = 0.001911
PSNR = 72.004296, NRMSE= 0.00025106444221036582597
acEff=1.000000
compressionRatio = 6.347697
  ✓ Compression and decompression successful (ratio: 6.34x)

[27/60] Processing: LANDFRAC_1_1800_3600.dat

compression time=0.015650, total fastmode1 topology
compression size = 4222402, CR = 6.138686
done
decompression time=0.125988
done
Min=-2.1914590571359658655E-14, Max=1, range=1
Max absolute error = 0.0019786954
Max relative error = 0.001979
Max pw relative error = 0.001979
PSNR = 64.741068, NRMSE= 0.00057935747426412565527
acEff=1.000000
compressionRatio = 6.138686
  ✓ Compression and decompression successful (ratio: 6.13x)

[28/60] Processing: LHFLX_1_1800_3600.dat

compression time=0.026919, total fastmode1 topology
compression size = 10901275, CR = 2.377703
done
decompression time=0.152047
done
Min=-5.2279806137084960938, Max=543.463134765625, range=548.69110107421875
Max absolute error = 0.0019845068
Max relative error = 0.000004
Max pw relative error = 0.001985
PSNR = 119.555843, NRMSE= 1.0524655017009343609E-06
acEff=1.000000
compressionRatio = 2.377704
  ✓ Compression and decompression successful (ratio: 2.37x)

[29/60] Processing: LWCF_1_1800_3600.dat

compression time=0.028307, total fastmode1 topology
compression size = 10432769, CR = 2.484479
done
decompression time=0.173994
done
Min=-0.33079123497009277344, Max=112.6002197265625, range=112.93100738525390625
Max absolute error = 0.0019478798
Max relative error = 0.000017
Max pw relative error = 0.001948
PSNR = 105.824975, NRMSE= 5.1138884683068812638E-06
acEff=1.000000
compressionRatio = 2.484479
  ✓ Compression and decompression successful (ratio: 2.48x)

[30/60] Processing: OCNFRAC_1_1800_3600.dat

compression time=0.017762, total fastmode1 topology
compression size = 4376265, CR = 5.922859
done
decompression time=0.130569
done
Min=-2.189816829657829228E-14, Max=1, range=1
Max absolute error = 0.0019949079
Max relative error = 0.001995
Max pw relative error = 0.001995
PSNR = 62.661746, NRMSE= 0.00073605910861913252229
acEff=1.000000
compressionRatio = 5.922859
  ✓ Compression and decompression successful (ratio: 5.92x)

[31/60] Processing: ODV_bcar1_1_1800_3600.dat

compression time=0.014526, total fastmode1 topology
compression size = 3680880, CR = 7.041794
done
decompression time=0.136893
done
Min=0, Max=0.014418269507586956024, range=0.014418269507586956024
Max absolute error = 0.0010020561
Max relative error = 0.069499
Max pw relative error = 0.001002
PSNR = 37.799506, NRMSE= 0.012883228389838980582
acEff=0.969565
compressionRatio = 7.041794
  ✓ Compression and decompression successful (ratio: 7.04x)

[32/60] Processing: ODV_bcar2_1_1800_3600.dat
  ✗ Compression failed (exit code: 1)

[33/60] Processing: ODV_dust1_1_1800_3600.dat

compression time=0.014976, total fastmode1 topology
compression size = 3976443, CR = 6.518388
done
decompression time=0.127454
done
Min=0, Max=0.18463411927223205566, range=0.18463411927223205566
Max absolute error = 0.0010069236
Max relative error = 0.005454
Max pw relative error = 0.001007
PSNR = 51.693730, NRMSE= 0.0026020371510849793495
acEff=0.999838
compressionRatio = 6.518388
  ✓ Compression and decompression successful (ratio: 6.51x)

[34/60] Processing: ODV_dust2_1_1800_3600.dat

compression time=0.015664, total fastmode1 topology
compression size = 3955927, CR = 6.552194
done
decompression time=0.124877
done
Min=0, Max=0.17442569136619567871, range=0.17442569136619567871
Max absolute error = 0.0010096559
Max relative error = 0.005788
Max pw relative error = 0.001010
PSNR = 51.262324, NRMSE= 0.0027345371264069946726
acEff=0.999792
compressionRatio = 6.552194
  ✓ Compression and decompression successful (ratio: 6.55x)

[35/60] Processing: ODV_dust3_1_1800_3600.dat

compression time=0.015454, total fastmode1 topology
compression size = 3821885, CR = 6.781994
done
decompression time=0.135082
done
Min=0, Max=0.096076495945453643799, range=0.096076495945453643799
Max absolute error = 0.0010055713
Max relative error = 0.010466
Max pw relative error = 0.001006
PSNR = 47.997286, NRMSE= 0.0039823160329690151724
acEff=0.998688
compressionRatio = 6.781994
  ✓ Compression and decompression successful (ratio: 6.78x)

[36/60] Processing: ODV_dust4_1_1800_3600.dat

compression time=0.014940, total fastmode1 topology
compression size = 3771221, CR = 6.873106
done
decompression time=0.121121
done
Min=0, Max=0.10546880215406417847, range=0.10546880215406417847
Max absolute error = 0.0010096007
Max relative error = 0.009573
Max pw relative error = 0.001010
PSNR = 51.253408, NRMSE= 0.0027373453038729393672
acEff=0.998065
compressionRatio = 6.873106
  ✓ Compression and decompression successful (ratio: 6.87x)

[37/60] Processing: ODV_ocar1_1_1800_3600.dat

compression time=0.015656, total fastmode1 topology
compression size = 3687957, CR = 7.028282
done
decompression time=0.132689
done
Min=0, Max=0.019741568714380264282, range=0.019741568714380264282
Max absolute error = 0.0009999990
Max relative error = 0.050654
Max pw relative error = 0.001000
PSNR = 40.086475, NRMSE= 0.0099009355207111890418
acEff=0.981775
compressionRatio = 7.028282
  ✓ Compression and decompression successful (ratio: 7.02x)

[38/60] Processing: ODV_ocar2_1_1800_3600.dat

compression time=0.034572, total fastmode1 topology
compression size = 3879948, CR = 6.680502
done
decompression time=0.208915
done
Min=0, Max=0.067497961223125457764, range=0.067497961223125457764
Max absolute error = 0.0010095410
Max relative error = 0.014957
Max pw relative error = 0.001010
PSNR = 43.666457, NRMSE= 0.0065565767789396234635
acEff=0.996808
compressionRatio = 6.680502
  ✓ Compression and decompression successful (ratio: 6.68x)

[39/60] Processing: ODV_SSLTA_1_1800_3600.dat

compression time=0.023060, total fastmode1 topology
compression size = 4536227, CR = 5.714000
done
decompression time=0.165999
done
Min=0, Max=0.078465133905410766602, range=0.078465133905410766602
Max absolute error = 0.0018765815
Max relative error = 0.023916
Max pw relative error = 0.001877
PSNR = 43.301544, NRMSE= 0.0068379007464527069918
acEff=0.999769
compressionRatio = 5.714000
  ✓ Compression and decompression successful (ratio: 5.71x)

[40/60] Processing: ODV_SSLTC_1_1800_3600.dat

compression time=0.025337, total fastmode1 topology
compression size = 4403810, CR = 5.885812
done
decompression time=0.166296
done
Min=0, Max=0.051866430789232254028, range=0.051866430789232254028
Max absolute error = 0.0017109439
Max relative error = 0.032988
Max pw relative error = 0.001711
PSNR = 39.808295, NRMSE= 0.010223162528391144255
acEff=0.999440
compressionRatio = 5.885813
  ✓ Compression and decompression successful (ratio: 5.88x)

[41/60] Processing: ODV_sulf_1_1800_3600.dat

compression time=0.027403, total fastmode1 topology
compression size = 4691227, CR = 5.525207
done
decompression time=0.171266
done
Min=0, Max=0.19155621528625488281, range=0.19155621528625488281
Max absolute error = 0.0013958467
Max relative error = 0.007287
Max pw relative error = 0.001396
PSNR = 50.973659, NRMSE= 0.0028269428520612655507
acEff=0.999824
compressionRatio = 5.525207
  ✓ Compression and decompression successful (ratio: 5.52x)

[42/60] Processing: QREFHT_1_1800_3600.dat

compression time=0.019781, total fastmode1 topology
compression size = 3892267, CR = 6.659358
done
decompression time=0.138292
done
Min=9.6609612228348851204E-05, Max=0.019656945019960403442, range=0.019560335204005241394
Max absolute error = 0.0010089866
Max relative error = 0.051583
Max pw relative error = 0.001009
PSNR = 30.976199, NRMSE= 0.028261163886195199424
acEff=0.998883
compressionRatio = 6.659358
  ✓ Compression and decompression successful (ratio: 6.65x)

[43/60] Processing: RHREFHT_1_1800_3600.dat

compression time=0.024179, total fastmode1 topology
compression size = 9771342, CR = 2.652655
done
decompression time=0.155185
done
Min=19.985654830932617188, Max=115.62657928466796875, range=95.64092254638671875
Max absolute error = 0.0019607544
Max relative error = 0.000021
Max pw relative error = 0.000048
PSNR = 104.382330, NRMSE= 6.0378666977433214226E-06
acEff=1.000000
compressionRatio = 2.652655
  ✓ Compression and decompression successful (ratio: 2.65x)

[44/60] Processing: SHFLX_1_1800_3600.dat

compression time=0.028989, total fastmode1 topology
compression size = 10735237, CR = 2.414479
done
decompression time=0.161066
done
Min=-78.49718475341796875, Max=326.216217041015625, range=404.713409423828125
Max absolute error = 0.0019378662
Max relative error = 0.000005
Max pw relative error = 0.001923
PSNR = 116.912800, NRMSE= 1.4267897399646614576E-06
acEff=1.000000
compressionRatio = 2.414479
  ✓ Compression and decompression successful (ratio: 2.41x)

[45/60] Processing: SNOWHICE_1_1800_3600.dat

compression time=0.017478, total fastmode1 topology
compression size = 4087887, CR = 6.340684
done
decompression time=0.126973
done
Min=0, Max=0.66062295436859130859, range=0.66062295436859130859
Max absolute error = 0.0019169450
Max relative error = 0.002902
Max pw relative error = 0.001917
PSNR = 68.484836, NRMSE= 0.00037649411259892389542
acEff=0.999999
compressionRatio = 6.340684
  ✓ Compression and decompression successful (ratio: 6.34x)

[46/60] Processing: SOLIN_1_1800_3600.dat

compression time=0.014830, total fastmode1 topology
compression size = 7412222, CR = 3.496927
done
decompression time=0.137716
done
Min=0, Max=548.49273681640625, range=548.49273681640625
Max absolute error = 0.0013732910
Max relative error = 0.000003
Max pw relative error = 0.001000
PSNR = 120.108874, NRMSE= 9.8754370113548915939E-07
acEff=1.000000
compressionRatio = 3.496927
  ✓ Compression and decompression successful (ratio: 3.49x)

[47/60] Processing: SRFRAD_1_1800_3600.dat

compression time=0.030110, total fastmode1 topology
compression size = 11920747, CR = 2.174360
done
decompression time=0.178399
done
Min=112.9439239501953125, Max=713.7137451171875, range=600.76983642578125
Max absolute error = 0.0019531250
Max relative error = 0.000003
Max pw relative error = 0.000014
PSNR = 120.340060, NRMSE= 9.616055875169874847E-07
acEff=1.000000
compressionRatio = 2.174360
  ✓ Compression and decompression successful (ratio: 2.17x)

[48/60] Processing: SWCF_1_1800_3600.dat

compression time=0.031697, total fastmode1 topology
compression size = 10600820, CR = 2.445094
done
decompression time=0.222523
done
Min=-200.759490966796875, Max=9.9914715974591672421E-05, range=200.7595977783203125
Max absolute error = 0.0019869804
Max relative error = 0.000010
Max pw relative error = 0.001760
PSNR = 111.396129, NRMSE= 2.6927346995468777675E-06
acEff=1.000000
compressionRatio = 2.445094
  ✓ Compression and decompression successful (ratio: 2.44x)

[49/60] Processing: TAUX_1_1800_3600.dat

compression time=0.024096, total fastmode1 topology
compression size = 5694160, CR = 4.552032
done
decompression time=0.161157
done
Min=-1.4790518283843994141, Max=1.1800894737243652344, range=2.6591413021087646484
Max absolute error = 0.0019279271
Max relative error = 0.000725
Max pw relative error = 0.001928
PSNR = 73.278130, NRMSE= 0.00021681709258761038385
acEff=0.999991
compressionRatio = 4.552032
  ✓ Compression and decompression successful (ratio: 4.55x)

[50/60] Processing: TAUY_1_1800_3600.dat

compression time=0.029354, total fastmode1 topology
compression size = 5625946, CR = 4.607225
done
decompression time=0.180883
done
Min=-1.1452076435089111328, Max=1.2904068231582641602, range=2.4356145858764648438
Max absolute error = 0.0019518137
Max relative error = 0.000801
Max pw relative error = 0.001952
PSNR = 72.528335, NRMSE= 0.00023636505437088349167
acEff=0.999978
compressionRatio = 4.607225
  ✓ Compression and decompression successful (ratio: 4.60x)

[51/60] Processing: TGCLDIWP_1_1800_3600.dat

compression time=0.027175, total fastmode1 topology
compression size = 10739652, CR = 2.413486
done
decompression time=0.175145
done
Min=1.4108197943230038618E-09, Max=108.541107177734375, range=108.541107177734375
Max absolute error = 0.0019721985
Max relative error = 0.000018
Max pw relative error = 0.001933
PSNR = 105.481104, NRMSE= 5.3204065520481944474E-06
acEff=1.000000
compressionRatio = 2.413486
  ✓ Compression and decompression successful (ratio: 2.41x)

[52/60] Processing: TGCLDLWP_1_1800_3600.dat

compression time=0.032534, total fastmode1 topology
compression size = 12481336, CR = 2.076701
done
decompression time=0.166162
done
Min=0.00016882304043974727392, Max=693.2628173828125, range=693.26263427734375
Max absolute error = 0.0018844604
Max relative error = 0.000003
Max pw relative error = 0.001473
PSNR = 121.586122, NRMSE= 8.3309382908432750031E-07
acEff=1.000000
compressionRatio = 2.076701
  ✓ Compression and decompression successful (ratio: 2.07x)

[53/60] Processing: TMQ_1_1800_3600.dat

compression time=0.019368, total fastmode1 topology
compression size = 8198620, CR = 3.161508
done
decompression time=0.140460
done
Min=0.43145361542701721191, Max=55.315334320068359375, range=54.883880615234375
Max absolute error = 0.0018944740
Max relative error = 0.000035
Max pw relative error = 0.001279
PSNR = 99.560838, NRMSE= 1.0518603778901404325E-05
acEff=1.000000
compressionRatio = 3.161508
  ✓ Compression and decompression successful (ratio: 3.16x)

[54/60] Processing: TREFHT_1_1800_3600.dat

compression time=0.019498, total fastmode1 topology
compression size = 8513243, CR = 3.044668
done
decompression time=0.151500
done
Min=231.5278472900390625, Max=305.8504638671875, range=74.3226165771484375
Max absolute error = 0.0019226074
Max relative error = 0.000026
Max pw relative error = 0.000008
PSNR = 102.193717, NRMSE= 7.7680886743696566125E-06
acEff=1.000000
compressionRatio = 3.044668
  ✓ Compression and decompression successful (ratio: 3.04x)

[55/60] Processing: TREFMNAV_1_1800_3600.dat

compression time=0.021369, total fastmode1 topology
compression size = 8819036, CR = 2.939097
done
decompression time=0.152606
done
Min=227.771759033203125, Max=301.67401123046875, range=73.902252197265625
Max absolute error = 0.0019836426
Max relative error = 0.000027
Max pw relative error = 0.000008
PSNR = 102.138429, NRMSE= 7.8176918248702608258E-06
acEff=1.000000
compressionRatio = 2.939097
  ✓ Compression and decompression successful (ratio: 2.93x)

[56/60] Processing: TREFMXAV_1_1800_3600.dat

compression time=0.020338, total fastmode1 topology
compression size = 8617081, CR = 3.007979
done
decompression time=0.149638
done
Min=233.2447509765625, Max=313.71270751953125, range=80.46795654296875
Max absolute error = 0.0019073486
Max relative error = 0.000024
Max pw relative error = 0.000008
PSNR = 102.879759, NRMSE= 7.1781420457348814307E-06
acEff=1.000000
compressionRatio = 3.007979
  ✓ Compression and decompression successful (ratio: 3.00x)

[57/60] Processing: TROP_T_1_1800_3600.dat

compression time=0.019926, total fastmode1 topology
compression size = 7751835, CR = 3.343724
done
decompression time=0.140945
done
Min=185.6568450927734375, Max=218.2051239013671875, range=32.54827880859375
Max absolute error = 0.0019683838
Max relative error = 0.000060
Max pw relative error = 0.000010
PSNR = 95.024060, NRMSE= 1.7733604719388870068E-05
acEff=1.000000
compressionRatio = 3.343724
  ✓ Compression and decompression successful (ratio: 3.34x)

[58/60] Processing: TS_1_1800_3600.dat

compression time=0.020610, total fastmode1 topology
compression size = 8593532, CR = 3.016222
done
decompression time=0.163481
done
Min=228.4328460693359375, Max=308.9439697265625, range=80.5111236572265625
Max absolute error = 0.0019683838
Max relative error = 0.000024
Max pw relative error = 0.000008
PSNR = 102.883784, NRMSE= 7.1748167886047974285E-06
acEff=1.000000
compressionRatio = 3.016222
  ✓ Compression and decompression successful (ratio: 3.01x)

[59/60] Processing: TSMN_1_1800_3600.dat

compression time=0.021594, total fastmode1 topology
compression size = 9043563, CR = 2.866127
done
decompression time=0.154463
done
Min=211.0350189208984375, Max=303.356781005859375, range=92.3217620849609375
Max absolute error = 0.0019531250
Max relative error = 0.000021
Max pw relative error = 0.000008
PSNR = 104.073474, NRMSE= 6.2564258772552987939E-06
acEff=1.000000
compressionRatio = 2.866127
  ✓ Compression and decompression successful (ratio: 2.86x)

[60/60] Processing: TSMX_1_1800_3600.dat

compression time=0.021707, total fastmode1 topology
compression size = 8648096, CR = 2.997191
done
decompression time=0.151386
done
Min=241.6193389892578125, Max=336.633941650390625, range=95.0146026611328125
Max absolute error = 0.0019836426
Max relative error = 0.000021
Max pw relative error = 0.000008
PSNR = 104.325301, NRMSE= 6.0776400308176262879E-06
acEff=1.000000
compressionRatio = 2.997192
  ✓ Compression and decompression successful (ratio: 2.99x)

=== Summary ===
Total files processed: 59
Total files skipped: 0
Total files failed: 1

