Found 90 .dat file(s) to process

[1/90] Processing: AEROD_v_1_768_1152.dat
  False Negatives: 19721
  False Positives: 23852
  False Types: 1320
  Grand Total: 44893

[2/90] Processing: cb_ozone_c_1_768_1152.dat
  False Negatives: 774
  False Positives: 3669
  False Types: 37
  Grand Total: 4480

[3/90] Processing: cb_sulf_c_1_768_1152.dat
  False Negatives: 0
  False Positives: 128571
  False Types: 0
  Grand Total: 128571

[4/90] Processing: CLDHGH_1_768_1152.dat
  False Negatives: 2630
  False Positives: 2670
  False Types: 22
  Grand Total: 5322

[5/90] Processing: CLDLOW_1_768_1152.dat
  False Negatives: 2853
  False Positives: 19260
  False Types: 52
  Grand Total: 22165

[6/90] Processing: CLDMED_1_768_1152.dat
  False Negatives: 4583
  False Positives: 14303
  False Types: 198
  Grand Total: 19084

[7/90] Processing: CLDTOT_1_768_1152.dat
  False Negatives: 2430
  False Positives: 2341
  False Types: 3
  Grand Total: 4774

[8/90] Processing: FLDS_1_768_1152.dat
  False Negatives: 23400
  False Positives: 30732
  False Types: 1418
  Grand Total: 55550

[9/90] Processing: FLDSC_1_768_1152.dat
  False Negatives: 9003
  False Positives: 24216
  False Types: 914
  Grand Total: 34133

[10/90] Processing: FLNS_1_768_1152.dat
  False Negatives: 7966
  False Positives: 7848
  False Types: 103
  Grand Total: 15917

[11/90] Processing: FLNSC_1_768_1152.dat
  False Negatives: 11643
  False Positives: 13458
  False Types: 515
  Grand Total: 25616

[12/90] Processing: FLNT_1_768_1152.dat
  False Negatives: 14839
  False Positives: 16572
  False Types: 604
  Grand Total: 32015

[13/90] Processing: FLNTC_1_768_1152.dat
  False Negatives: 15597
  False Positives: 35685
  False Types: 1556
  Grand Total: 52838

[14/90] Processing: FLUT_1_768_1152.dat
  False Negatives: 14829
  False Positives: 16587
  False Types: 608
  Grand Total: 32024

[15/90] Processing: FLUTC_1_768_1152.dat
  False Negatives: 15396
  False Positives: 35427
  False Types: 1499
  Grand Total: 52322

[16/90] Processing: FREQSH_1_768_1152.dat
  False Negatives: 90
  False Positives: 9254
  False Types: 0
  Grand Total: 9344

[17/90] Processing: FREQZM_1_768_1152.dat
  False Negatives: 5
  False Positives: 46640
  False Types: 0
  Grand Total: 46645

[18/90] Processing: FSDS_1_768_1152.dat
  False Negatives: 8381
  False Positives: 8497
  False Types: 174
  Grand Total: 17052

[19/90] Processing: FSDSC_1_768_1152.dat
  False Negatives: 4446
  False Positives: 19020
  False Types: 380
  Grand Total: 23846

[20/90] Processing: FSDTOA_1_768_1152.dat
  False Negatives: 51
  False Positives: 680
  False Types: 0
  Grand Total: 731

[21/90] Processing: FSNS_1_768_1152.dat
  False Negatives: 7989
  False Positives: 8012
  False Types: 184
  Grand Total: 16185

[22/90] Processing: FSNSC_1_768_1152.dat
  False Negatives: 6949
  False Positives: 23470
  False Types: 525
  Grand Total: 30944

[23/90] Processing: FSNT_1_768_1152.dat
  False Negatives: 10394
  False Positives: 10602
  False Types: 275
  Grand Total: 21271

[24/90] Processing: FSNTC_1_768_1152.dat
  False Negatives: 6302
  False Positives: 19225
  False Types: 413
  Grand Total: 25940

[25/90] Processing: FSNTOA_1_768_1152.dat
  False Negatives: 10495
  False Positives: 10716
  False Types: 253
  Grand Total: 21464

[26/90] Processing: FSNTOAC_1_768_1152.dat
  False Negatives: 6290
  False Positives: 19022
  False Types: 430
  Grand Total: 25742

[27/90] Processing: FSUTOA_1_768_1152.dat
  False Negatives: 7336
  False Positives: 6481
  False Types: 199
  Grand Total: 14016

[28/90] Processing: ICEFRAC_1_768_1152.dat
  False Negatives: 215
  False Positives: 34181
  False Types: 27
  Grand Total: 34423

[29/90] Processing: LANDFRAC_1_768_1152.dat
  False Negatives: 0
  False Positives: 39553
  False Types: 0
  Grand Total: 39553

[30/90] Processing: LHFLX_1_768_1152.dat
  False Negatives: 6266
  False Positives: 42693
  False Types: 441
  Grand Total: 49400

[31/90] Processing: LWCF_1_768_1152.dat
  False Negatives: 4265
  False Positives: 4220
  False Types: 27
  Grand Total: 8512

[32/90] Processing: MSKtem_1_768_1152.dat
  False Negatives: 2288
  False Positives: 106177
  False Types: 175
  Grand Total: 108640

[33/90] Processing: OCNFRAC_1_768_1152.dat
  False Negatives: 183
  False Positives: 64357
  False Types: 20
  Grand Total: 64560

[34/90] Processing: ODV_bcar1_1_768_1152.dat
  False Negatives: 1559
  False Positives: 62195
  False Types: 120
  Grand Total: 63874

[35/90] Processing: ODV_bcar2_1_768_1152.dat
  False Negatives: 1232
  False Positives: 14639
  False Types: 102
  Grand Total: 15973

[36/90] Processing: ODV_dust1_1_768_1152.dat
  False Negatives: 1641
  False Positives: 31884
  False Types: 77
  Grand Total: 33602

[37/90] Processing: ODV_dust2_1_768_1152.dat
  False Negatives: 1636
  False Positives: 33364
  False Types: 93
  Grand Total: 35093

[38/90] Processing: ODV_dust3_1_768_1152.dat
  False Negatives: 1482
  False Positives: 37980
  False Types: 80
  Grand Total: 39542

[39/90] Processing: ODV_dust4_1_768_1152.dat
  False Negatives: 1233
  False Positives: 45824
  False Types: 103
  Grand Total: 47160

[40/90] Processing: ODV_ocar1_1_768_1152.dat
  False Negatives: 2652
  False Positives: 65514
  False Types: 173
  Grand Total: 68339

[41/90] Processing: ODV_ocar2_1_768_1152.dat
  False Negatives: 66886
  False Positives: 48852
  False Types: 2299
  Grand Total: 118037

[42/90] Processing: ODV_SSLTA_1_768_1152.dat
  False Negatives: 9303
  False Positives: 15692
  False Types: 605
  Grand Total: 25600

[43/90] Processing: ODV_SSLTC_1_768_1152.dat
  False Negatives: 9254
  False Positives: 16135
  False Types: 593
  Grand Total: 25982

[44/90] Processing: ODV_sulf_1_768_1152.dat
  False Negatives: 27986
  False Positives: 36049
  False Types: 2209
  Grand Total: 66244

[45/90] Processing: ODV_VOLC_MMR_1_768_1152.dat
  False Negatives: 4272
  False Positives: 17397
  False Types: 195
  Grand Total: 21864

[46/90] Processing: PBLH_1_768_1152.dat
  False Negatives: 7875
  False Positives: 8519
  False Types: 296
  Grand Total: 16690

[47/90] Processing: PCONVB_1_768_1152.dat
  False Negatives: 32829
  False Positives: 96870
  False Types: 3759
  Grand Total: 133458

[48/90] Processing: PCONVT_1_768_1152.dat
  False Negatives: 24148
  False Positives: 66557
  False Types: 2380
  Grand Total: 93085

[49/90] Processing: PHIS_1_768_1152.dat
  False Negatives: 1134
  False Positives: 111893
  False Types: 73
  Grand Total: 113100

[50/90] Processing: PRECC_1_768_1152.dat
  False Negatives: 0
  False Positives: 0
  False Types: 0
  Grand Total: 0

[51/90] Processing: PRECCDZM_1_768_1152.dat
  False Negatives: 0
  False Positives: 0
  False Types: 0
  Grand Total: 0

[52/90] Processing: PRECL_1_768_1152.dat
  False Negatives: 0
  False Positives: 36680
  False Types: 0
  Grand Total: 36680

[53/90] Processing: PRECSC_1_768_1152.dat
  False Negatives: 0
  False Positives: 0
  False Types: 0
  Grand Total: 0

[54/90] Processing: PRECSH_1_768_1152.dat
  False Negatives: 0
  False Positives: 0
  False Types: 0
  Grand Total: 0

[55/90] Processing: PRECSL_1_768_1152.dat
  False Negatives: 0
  False Positives: 0
  False Types: 0
  Grand Total: 0

[56/90] Processing: PRECT_1_768_1152.dat
  False Negatives: 0
  False Positives: 55022
  False Types: 0
  Grand Total: 55022

[57/90] Processing: PS_1_768_1152.dat
  False Negatives: 5101
  False Positives: 99701
  False Types: 564
  Grand Total: 105366

[58/90] Processing: PSL_1_768_1152.dat
  False Negatives: 7310
  False Positives: 34160
  False Types: 687
  Grand Total: 42157

[59/90] Processing: QFLX_1_768_1152.dat
  False Negatives: 0
  False Positives: 84765
  False Types: 0
  Grand Total: 84765

[60/90] Processing: QREFHT_1_768_1152.dat
  False Negatives: 2824
  False Positives: 38232
  False Types: 150
  Grand Total: 41206

[61/90] Processing: RHREFHT_1_768_1152.dat
  False Negatives: 32408
  False Positives: 60624
  False Types: 2635
  Grand Total: 95667

[62/90] Processing: SFCLDICE_1_768_1152.dat
  False Negatives: 0
  False Positives: 0
  False Types: 0
  Grand Total: 0

[63/90] Processing: SFCLDLIQ_1_768_1152.dat
  False Negatives: 0
  False Positives: 0
  False Types: 0
  Grand Total: 0

[64/90] Processing: SHFLX_1_768_1152.dat
  False Negatives: 5142
  False Positives: 60426
  False Types: 307
  Grand Total: 65875

[65/90] Processing: SNOWHICE_1_768_1152.dat
  False Negatives: 185
  False Positives: 30938
  False Types: 22
  Grand Total: 31145

[66/90] Processing: SNOWHLND_1_768_1152.dat
  False Negatives: 28566
  False Positives: 31860
  False Types: 953
  Grand Total: 61379

[67/90] Processing: SOLIN_1_768_1152.dat
  False Negatives: 51
  False Positives: 680
  False Types: 0
  Grand Total: 731

[68/90] Processing: SRFRAD_1_768_1152.dat
  False Negatives: 18551
  False Positives: 21765
  False Types: 822
  Grand Total: 41138

[69/90] Processing: SWCF_1_768_1152.dat
  False Negatives: 37664
  False Positives: 23438
  False Types: 1263
  Grand Total: 62365

[70/90] Processing: TAUX_1_768_1152.dat
  False Negatives: 4487
  False Positives: 63525
  False Types: 324
  Grand Total: 68336

[71/90] Processing: TAUY_1_768_1152.dat
  False Negatives: 3584
  False Positives: 62473
  False Types: 244
  Grand Total: 66301

[72/90] Processing: TGCLDIWP_1_768_1152.dat
  False Negatives: 3069
  False Positives: 3075
  False Types: 41
  Grand Total: 6185

[73/90] Processing: TGCLDLWP_1_768_1152.dat
  False Negatives: 4133
  False Positives: 4588
  False Types: 121
  Grand Total: 8842

[74/90] Processing: TH2d_1_768_1152.dat
  False Negatives: 8
  False Positives: 12964
  False Types: 0
  Grand Total: 12972

[75/90] Processing: TMQ_1_768_1152.dat
  False Negatives: 3025
  False Positives: 4787
  False Types: 168
  Grand Total: 7980

[76/90] Processing: TREFHT_1_768_1152.dat
  False Negatives: 5477
  False Positives: 76334
  False Types: 446
  Grand Total: 82257

[77/90] Processing: TREFMNAV_1_768_1152.dat
  False Negatives: 16202
  False Positives: 87391
  False Types: 1936
  Grand Total: 105529

[78/90] Processing: TREFMXAV_1_768_1152.dat
  False Negatives: 14885
  False Positives: 87600
  False Types: 1832
  Grand Total: 104317

[79/90] Processing: TROP_P_1_768_1152.dat
  False Negatives: 10215
  False Positives: 17204
  False Types: 791
  Grand Total: 28210

[80/90] Processing: TROP_T_1_768_1152.dat
  False Negatives: 3374
  False Positives: 6306
  False Types: 209
  Grand Total: 9889

[81/90] Processing: TROP_Z_1_768_1152.dat
  False Negatives: 11744
  False Positives: 45169
  False Types: 1324
  Grand Total: 58237

[82/90] Processing: TS_1_768_1152.dat
  False Negatives: 5347
  False Positives: 82150
  False Types: 359
  Grand Total: 87856

[83/90] Processing: TSMN_1_768_1152.dat
  False Negatives: 5428
  False Positives: 87243
  False Types: 275
  Grand Total: 92946

[84/90] Processing: TSMX_1_768_1152.dat
  False Negatives: 5503
  False Positives: 86555
  False Types: 311
  Grand Total: 92369

[85/90] Processing: U2d_1_768_1152.dat
  False Negatives: 71
  False Positives: 13953
  False Types: 19
  Grand Total: 14043

[86/90] Processing: UV2d_1_768_1152.dat
  False Negatives: 346
  False Positives: 8982
  False Types: 33
  Grand Total: 9361

[87/90] Processing: UW2d_1_768_1152.dat
  False Negatives: 1452
  False Positives: 4798
  False Types: 47
  Grand Total: 6297

[88/90] Processing: V2d_1_768_1152.dat
  False Negatives: 688
  False Positives: 13697
  False Types: 79
  Grand Total: 14464

[89/90] Processing: VTH2d_1_768_1152.dat
  False Negatives: 363
  False Positives: 7320
  False Types: 38
  Grand Total: 7721

[90/90] Processing: W2d_1_768_1152.dat
  False Negatives: 1950
  False Positives: 1401
  False Types: 15
  Grand Total: 3366

=== Summary ===
Total files processed: 90
Total files failed: 0
Total false cases across all files: 3616589
Average false cases per file: 40184.32
