Found 60 .dat file(s) to process

[1/60] Processing: AEROD_v_1_1800_3600.dat
  False Negatives: 7479
  False Positives: 40297
  False Types: 405
  Grand Total: 48181

[2/60] Processing: CLDHGH_1_1800_3600.dat
  False Negatives: 2893
  False Positives: 8823
  False Types: 153
  Grand Total: 11869

[3/60] Processing: CLDLOW_1_1800_3600.dat
  False Negatives: 2008
  False Positives: 124981
  False Types: 152
  Grand Total: 127141

[4/60] Processing: CLDMED_1_1800_3600.dat
  False Negatives: 3988
  False Positives: 75038
  False Types: 287
  Grand Total: 79313

[5/60] Processing: CLDTOT_1_1800_3600.dat
  False Negatives: 1759
  False Positives: 7197
  False Types: 95
  Grand Total: 9051

[6/60] Processing: FLDS_1_1800_3600.dat
  False Negatives: 0
  False Positives: 0
  False Types: 0
  Grand Total: 0

[7/60] Processing: FLDSC_1_1800_3600.dat
  False Negatives: 1
  False Positives: 10
  False Types: 0
  Grand Total: 11

[8/60] Processing: FLNS_1_1800_3600.dat
  False Negatives: 26
  False Positives: 16
  False Types: 0
  Grand Total: 42

[9/60] Processing: FLNSC_1_1800_3600.dat
  False Negatives: 16
  False Positives: 21
  False Types: 0
  Grand Total: 37

[10/60] Processing: FLNT_1_1800_3600.dat
  False Negatives: 0
  False Positives: 0
  False Types: 0
  Grand Total: 0

[11/60] Processing: FLNTC_1_1800_3600.dat
  False Negatives: 0
  False Positives: 0
  False Types: 0
  Grand Total: 0

[12/60] Processing: FLUT_1_1800_3600.dat
  False Negatives: 0
  False Positives: 0
  False Types: 0
  Grand Total: 0

[13/60] Processing: FLUTC_1_1800_3600.dat
  False Negatives: 0
  False Positives: 0
  False Types: 0
  Grand Total: 0

[14/60] Processing: FREQSH_1_1800_3600.dat
  False Negatives: 1512
  False Positives: 14644
  False Types: 98
  Grand Total: 16254

[15/60] Processing: FREQZM_1_1800_3600.dat
  False Negatives: 2109
  False Positives: 480307
  False Types: 80
  Grand Total: 482496

[16/60] Processing: FSDS_1_1800_3600.dat
  False Negatives: 0
  False Positives: 2092
  False Types: 0
  Grand Total: 2092

[17/60] Processing: FSDSC_1_1800_3600.dat
  False Negatives: 1
  False Positives: 2268
  False Types: 0
  Grand Total: 2269

[18/60] Processing: FSDTOA_1_1800_3600.dat
  False Negatives: 0
  False Positives: 4938
  False Types: 0
  Grand Total: 4938

[19/60] Processing: FSNS_1_1800_3600.dat
  False Negatives: 8
  False Positives: 683
  False Types: 0
  Grand Total: 691

[20/60] Processing: FSNSC_1_1800_3600.dat
  False Negatives: 3
  False Positives: 2022
  False Types: 0
  Grand Total: 2025

[21/60] Processing: FSNT_1_1800_3600.dat
  False Negatives: 0
  False Positives: 2639
  False Types: 0
  Grand Total: 2639

[22/60] Processing: FSNTC_1_1800_3600.dat
  False Negatives: 2
  False Positives: 2441
  False Types: 0
  Grand Total: 2443

[23/60] Processing: FSNTOA_1_1800_3600.dat
  False Negatives: 1
  False Positives: 2617
  False Types: 0
  Grand Total: 2618

[24/60] Processing: FSNTOAC_1_1800_3600.dat
  False Negatives: 1
  False Positives: 2627
  False Types: 0
  Grand Total: 2628

[25/60] Processing: FSUTOA_1_1800_3600.dat
  False Negatives: 3
  False Positives: 2532
  False Types: 0
  Grand Total: 2535

[26/60] Processing: ICEFRAC_1_1800_3600.dat
  False Negatives: 904
  False Positives: 478402
  False Types: 164
  Grand Total: 479470

[27/60] Processing: LANDFRAC_1_1800_3600.dat
  False Negatives: 41
  False Positives: 133564
  False Types: 4
  Grand Total: 133609

[28/60] Processing: LHFLX_1_1800_3600.dat
  False Negatives: 47
  False Positives: 87
  False Types: 1
  Grand Total: 135

[29/60] Processing: LWCF_1_1800_3600.dat
  False Negatives: 42
  False Positives: 36
  False Types: 1
  Grand Total: 79

[30/60] Processing: OCNFRAC_1_1800_3600.dat
  False Negatives: 960
  False Positives: 1700623
  False Types: 167
  Grand Total: 1701750

[31/60] Processing: ODV_bcar1_1_1800_3600.dat
  False Negatives: 2771
  False Positives: 238871
  False Types: 96
  Grand Total: 241738

[32/60] Processing: ODV_bcar2_1_1800_3600.dat
  False Negatives: 2710
  False Positives: 521666
  False Types: 159
  Grand Total: 524535

[33/60] Processing: ODV_dust1_1_1800_3600.dat
  False Negatives: 1521
  False Positives: 604956
  False Types: 174
  Grand Total: 606651

[34/60] Processing: ODV_dust2_1_1800_3600.dat
  False Negatives: 1485
  False Positives: 634413
  False Types: 226
  Grand Total: 636124

[35/60] Processing: ODV_dust3_1_1800_3600.dat
  False Negatives: 1786
  False Positives: 583154
  False Types: 184
  Grand Total: 585124

[36/60] Processing: ODV_dust4_1_1800_3600.dat
  False Negatives: 1551
  False Positives: 613245
  False Types: 138
  Grand Total: 614934

[37/60] Processing: ODV_ocar1_1_1800_3600.dat
  False Negatives: 3109
  False Positives: 268658
  False Types: 128
  Grand Total: 271895

[38/60] Processing: ODV_ocar2_1_1800_3600.dat
  False Negatives: 52951
  False Positives: 708082
  False Types: 4694
  Grand Total: 765727

[39/60] Processing: ODV_SSLTA_1_1800_3600.dat
  False Negatives: 17298
  False Positives: 148775
  False Types: 1366
  Grand Total: 167439

[40/60] Processing: ODV_SSLTC_1_1800_3600.dat
  False Negatives: 24790
  False Positives: 192553
  False Types: 1706
  Grand Total: 219049

[41/60] Processing: ODV_sulf_1_1800_3600.dat
  False Negatives: 20378
  False Positives: 73743
  False Types: 1561
  Grand Total: 95682

[42/60] Processing: QREFHT_1_1800_3600.dat
  False Negatives: 8832
  False Positives: 488088
  False Types: 729
  Grand Total: 497649

[43/60] Processing: RHREFHT_1_1800_3600.dat
  False Negatives: 44
  False Positives: 65
  False Types: 0
  Grand Total: 109

[44/60] Processing: SHFLX_1_1800_3600.dat
  False Negatives: 16
  False Positives: 13
  False Types: 0
  Grand Total: 29

[45/60] Processing: SNOWHICE_1_1800_3600.dat
  False Negatives: 944
  False Positives: 440225
  False Types: 62
  Grand Total: 441231

[46/60] Processing: SOLIN_1_1800_3600.dat
  False Negatives: 0
  False Positives: 4938
  False Types: 0
  Grand Total: 4938

[47/60] Processing: SRFRAD_1_1800_3600.dat
  False Negatives: 0
  False Positives: 0
  False Types: 0
  Grand Total: 0

[48/60] Processing: SWCF_1_1800_3600.dat
  False Negatives: 205
  False Positives: 2232
  False Types: 11
  Grand Total: 2448

[49/60] Processing: TAUX_1_1800_3600.dat
  False Negatives: 1325
  False Positives: 3695
  False Types: 107
  Grand Total: 5127

[50/60] Processing: TAUY_1_1800_3600.dat
  False Negatives: 2171
  False Positives: 5966
  False Types: 209
  Grand Total: 8346

[51/60] Processing: TGCLDIWP_1_1800_3600.dat
  False Negatives: 24
  False Positives: 64
  False Types: 0
  Grand Total: 88

[52/60] Processing: TGCLDLWP_1_1800_3600.dat
  False Negatives: 3
  False Positives: 3
  False Types: 0
  Grand Total: 6

[53/60] Processing: TMQ_1_1800_3600.dat
  False Negatives: 43
  False Positives: 371
  False Types: 1
  Grand Total: 415

[54/60] Processing: TREFHT_1_1800_3600.dat
  False Negatives: 0
  False Positives: 0
  False Types: 0
  Grand Total: 0

[55/60] Processing: TREFMNAV_1_1800_3600.dat
  False Negatives: 0
  False Positives: 0
  False Types: 0
  Grand Total: 0

[56/60] Processing: TREFMXAV_1_1800_3600.dat
  False Negatives: 0
  False Positives: 0
  False Types: 0
  Grand Total: 0

[57/60] Processing: TROP_T_1_1800_3600.dat
  False Negatives: 0
  False Positives: 0
  False Types: 0
  Grand Total: 0

[58/60] Processing: TS_1_1800_3600.dat
  False Negatives: 0
  False Positives: 0
  False Types: 0
  Grand Total: 0

[59/60] Processing: TSMN_1_1800_3600.dat
  False Negatives: 0
  False Positives: 0
  False Types: 0
  Grand Total: 0

[60/60] Processing: TSMX_1_1800_3600.dat
  False Negatives: 0
  False Positives: 0
  False Types: 0
  Grand Total: 0

=== Summary ===
Total files processed: 60
Total files failed: 0
Total false cases across all files: 8803600
Average false cases per file: 146726.66
