Input directory: ../../CESM-CLIMATE-65G/4/log_normalized
Output directory: ../../CESM-CLIMATE-65G/4/log_normalized/topoSZp_1E-3
Dimensions: 768x1152 (884736 elements)
Error bound: 1E-3
Block size: 16

Found 90 .dat file(s) to process

[1/90] Processing: AEROD_v_1_768_1152.dat

compression time=0.012206, total fastmode1 topology
compression size = 948411, CR = 3.731446
done
decompression time=0.041791
done
Min=0, Max=1, range=1
Max absolute error = 0.0019684210
Max relative error = 0.001968
Max pw relative error = 0.001968
PSNR = 64.761183, NRMSE= 0.00057801732403454269323
acEff=0.999995
compressionRatio = 3.731446
  ✓ Compression and decompression successful (ratio: 3.73x)

[2/90] Processing: cb_ozone_c_1_768_1152.dat

compression time=0.007334, total fastmode1 topology
compression size = 738436, CR = 4.792486
done
decompression time=0.027013
done
Min=0, Max=1, range=1
Max absolute error = 0.0016687810
Max relative error = 0.001669
Max pw relative error = 0.001669
PSNR = 64.775020, NRMSE= 0.0005770972429550804729
acEff=0.999999
compressionRatio = 4.792486
  ✓ Compression and decompression successful (ratio: 4.79x)

[3/90] Processing: cb_sulf_c_1_768_1152.dat

compression time=0.006828, total fastmode1 topology
compression size = 778755, CR = 4.544361
done
decompression time=0.021774
done
Min=0, Max=1, range=1
Max absolute error = 0.0009999275
Max relative error = 0.001000
Max pw relative error = 0.001000
PSNR = 65.147445, NRMSE= 0.0005528760023092901257
acEff=0.999998
compressionRatio = 4.544361
  ✓ Compression and decompression successful (ratio: 4.54x)

[4/90] Processing: CLDHGH_1_768_1152.dat

compression time=0.019331, total fastmode1 topology
compression size = 1388628, CR = 2.548518
done
decompression time=0.050575
done
Min=0, Max=1, range=1
Max absolute error = 0.0019908100
Max relative error = 0.001991
Max pw relative error = 0.001991
PSNR = 64.757588, NRMSE= 0.00057825661409806707654
acEff=0.999998
compressionRatio = 2.548518
  ✓ Compression and decompression successful (ratio: 2.54x)

[5/90] Processing: CLDLOW_1_768_1152.dat

compression time=0.017886, total fastmode1 topology
compression size = 1278303, CR = 2.768470
done
decompression time=0.045016
done
Min=0, Max=1, range=1
Max absolute error = 0.0019956827
Max relative error = 0.001996
Max pw relative error = 0.001996
PSNR = 64.994772, NRMSE= 0.0005626798808671095711
acEff=0.999999
compressionRatio = 2.768470
  ✓ Compression and decompression successful (ratio: 2.76x)

[6/90] Processing: CLDMED_1_768_1152.dat

compression time=0.017047, total fastmode1 topology
compression size = 1240009, CR = 2.853966
done
decompression time=0.045160
done
Min=0, Max=1, range=1
Max absolute error = 0.0019536614
Max relative error = 0.001954
Max pw relative error = 0.001954
PSNR = 64.891816, NRMSE= 0.00056938918124746897096
acEff=0.999998
compressionRatio = 2.853966
  ✓ Compression and decompression successful (ratio: 2.85x)

[7/90] Processing: CLDTOT_1_768_1152.dat

compression time=0.018096, total fastmode1 topology
compression size = 1372847, CR = 2.577814
done
decompression time=0.047055
done
Min=0, Max=1, range=1
Max absolute error = 0.0019716620
Max relative error = 0.001972
Max pw relative error = 0.001972
PSNR = 64.760506, NRMSE= 0.00057806235811086361786
acEff=0.999998
compressionRatio = 2.577814
  ✓ Compression and decompression successful (ratio: 2.57x)

[8/90] Processing: FLDS_1_768_1152.dat

compression time=0.012488, total fastmode1 topology
compression size = 911655, CR = 3.881890
done
decompression time=0.043741
done
Min=0, Max=1, range=1
Max absolute error = 0.0018861890
Max relative error = 0.001886
Max pw relative error = 0.001886
PSNR = 64.781221, NRMSE= 0.00057668537262630390275
acEff=0.999996
compressionRatio = 3.881890
  ✓ Compression and decompression successful (ratio: 3.88x)

[9/90] Processing: FLDSC_1_768_1152.dat

compression time=0.007779, total fastmode1 topology
compression size = 787204, CR = 4.495587
done
decompression time=0.032351
done
Min=0, Max=1, range=1
Max absolute error = 0.0018874407
Max relative error = 0.001887
Max pw relative error = 0.001887
PSNR = 64.771079, NRMSE= 0.00057735914430955155834
acEff=0.999997
compressionRatio = 4.495587
  ✓ Compression and decompression successful (ratio: 4.49x)

[10/90] Processing: FLNS_1_768_1152.dat

compression time=0.014180, total fastmode1 topology
compression size = 1142827, CR = 3.096658
done
decompression time=0.047407
done
Min=0, Max=1, range=1
Max absolute error = 0.0019701123
Max relative error = 0.001970
Max pw relative error = 0.001970
PSNR = 64.742402, NRMSE= 0.00057926849564838027353
acEff=0.999994
compressionRatio = 3.096658
  ✓ Compression and decompression successful (ratio: 3.09x)

[11/90] Processing: FLNSC_1_768_1152.dat

compression time=0.012598, total fastmode1 topology
compression size = 1039854, CR = 3.403309
done
decompression time=0.045420
done
Min=0, Max=1, range=1
Max absolute error = 0.0019949675
Max relative error = 0.001995
Max pw relative error = 0.001995
PSNR = 64.713781, NRMSE= 0.00058118038610659292133
acEff=0.999996
compressionRatio = 3.403309
  ✓ Compression and decompression successful (ratio: 3.40x)

[12/90] Processing: FLNT_1_768_1152.dat

compression time=0.013103, total fastmode1 topology
compression size = 972517, CR = 3.638953
done
decompression time=0.044828
done
Min=0, Max=1, range=1
Max absolute error = 0.0019338727
Max relative error = 0.001934
Max pw relative error = 0.001934
PSNR = 64.778746, NRMSE= 0.00057684975390104363622
acEff=0.999996
compressionRatio = 3.638953
  ✓ Compression and decompression successful (ratio: 3.63x)

[13/90] Processing: FLNTC_1_768_1152.dat

compression time=0.010758, total fastmode1 topology
compression size = 789730, CR = 4.481207
done
decompression time=0.036222
done
Min=0, Max=1, range=1
Max absolute error = 0.0019633770
Max relative error = 0.001963
Max pw relative error = 0.001963
PSNR = 64.776114, NRMSE= 0.00057702457853195030218
acEff=0.999996
compressionRatio = 4.481208
  ✓ Compression and decompression successful (ratio: 4.48x)

[14/90] Processing: FLUT_1_768_1152.dat

compression time=0.012043, total fastmode1 topology
compression size = 971998, CR = 3.640896
done
decompression time=0.043801
done
Min=0, Max=1, range=1
Max absolute error = 0.0019639134
Max relative error = 0.001964
Max pw relative error = 0.001964
PSNR = 64.780982, NRMSE= 0.00057670128514977737292
acEff=0.999996
compressionRatio = 3.640896
  ✓ Compression and decompression successful (ratio: 3.64x)

[15/90] Processing: FLUTC_1_768_1152.dat

compression time=0.008721, total fastmode1 topology
compression size = 789364, CR = 4.483285
done
decompression time=0.035898
done
Min=0, Max=1, range=1
Max absolute error = 0.0019873381
Max relative error = 0.001987
Max pw relative error = 0.001987
PSNR = 64.778961, NRMSE= 0.00057683547974278460372
acEff=0.999996
compressionRatio = 4.483285
  ✓ Compression and decompression successful (ratio: 4.48x)

[16/90] Processing: FREQSH_1_768_1152.dat

compression time=0.017866, total fastmode1 topology
compression size = 1267739, CR = 2.791540
done
decompression time=0.046070
done
Min=0, Max=1, range=1
Max absolute error = 0.0017428398
Max relative error = 0.001743
Max pw relative error = 0.001743
PSNR = 64.731741, NRMSE= 0.0005799799057874004864
acEff=0.999999
compressionRatio = 2.791540
  ✓ Compression and decompression successful (ratio: 2.79x)

[17/90] Processing: FREQZM_1_768_1152.dat

compression time=0.011347, total fastmode1 topology
compression size = 1026340, CR = 3.448121
done
decompression time=0.037904
done
Min=0, Max=1, range=1
Max absolute error = 0.0016619563
Max relative error = 0.001662
Max pw relative error = 0.001662
PSNR = 66.347827, NRMSE= 0.00048151371963509791369
acEff=0.999999
compressionRatio = 3.448121
  ✓ Compression and decompression successful (ratio: 3.44x)

[18/90] Processing: FSDS_1_768_1152.dat

compression time=0.011105, total fastmode1 topology
compression size = 1026682, CR = 3.446972
done
decompression time=0.044688
done
Min=0, Max=1, range=1
Max absolute error = 0.0019516349
Max relative error = 0.001952
Max pw relative error = 0.001952
PSNR = 64.765995, NRMSE= 0.00057769720961334313034
acEff=0.999998
compressionRatio = 3.446972
  ✓ Compression and decompression successful (ratio: 3.44x)

[19/90] Processing: FSDSC_1_768_1152.dat

compression time=0.004680, total fastmode1 topology
compression size = 680134, CR = 5.203304
done
decompression time=0.027709
done
Min=0, Max=1, range=1
Max absolute error = 0.0016098022
Max relative error = 0.001610
Max pw relative error = 0.001610
PSNR = 64.768211, NRMSE= 0.00057754978523587904155
acEff=0.999998
compressionRatio = 5.203304
  ✓ Compression and decompression successful (ratio: 5.20x)

[20/90] Processing: FSDTOA_1_768_1152.dat

compression time=0.004813, total fastmode1 topology
compression size = 559473, CR = 6.325496
done
decompression time=0.024465
done
Min=0, Max=1, range=1
Max absolute error = 0.0009999871
Max relative error = 0.001000
Max pw relative error = 0.001000
PSNR = 64.711047, NRMSE= 0.00058136337171228638209
acEff=0.999998
compressionRatio = 6.325496
  ✓ Compression and decompression successful (ratio: 6.32x)

[21/90] Processing: FSNS_1_768_1152.dat

compression time=0.014005, total fastmode1 topology
compression size = 1088357, CR = 3.251639
done
decompression time=0.044672
done
Min=0, Max=1, range=1
Max absolute error = 0.0019788146
Max relative error = 0.001979
Max pw relative error = 0.001979
PSNR = 64.757349, NRMSE= 0.00057827254318077163809
acEff=0.999999
compressionRatio = 3.251639
  ✓ Compression and decompression successful (ratio: 3.25x)

[22/90] Processing: FSNSC_1_768_1152.dat

compression time=0.009139, total fastmode1 topology
compression size = 839765, CR = 4.214208
done
decompression time=0.034234
done
Min=0, Max=1, range=1
Max absolute error = 0.0019823015
Max relative error = 0.001982
Max pw relative error = 0.001982
PSNR = 64.753730, NRMSE= 0.00057851348511221765795
acEff=0.999999
compressionRatio = 4.214208
  ✓ Compression and decompression successful (ratio: 4.21x)

[23/90] Processing: FSNT_1_768_1152.dat

compression time=0.011010, total fastmode1 topology
compression size = 991296, CR = 3.570017
done
decompression time=0.041619
done
Min=0, Max=1, range=1
Max absolute error = 0.0019847155
Max relative error = 0.001985
Max pw relative error = 0.001985
PSNR = 64.770129, NRMSE= 0.00057742231370414248519
acEff=0.999999
compressionRatio = 3.570017
  ✓ Compression and decompression successful (ratio: 3.57x)

[24/90] Processing: FSNTC_1_768_1152.dat

compression time=0.008606, total fastmode1 topology
compression size = 761945, CR = 4.644619
done
decompression time=0.031544
done
Min=0, Max=1, range=1
Max absolute error = 0.0019792914
Max relative error = 0.001979
Max pw relative error = 0.001979
PSNR = 64.740798, NRMSE= 0.00057937547201080416906
acEff=0.999999
compressionRatio = 4.644619
  ✓ Compression and decompression successful (ratio: 4.64x)

[25/90] Processing: FSNTOA_1_768_1152.dat

compression time=0.010735, total fastmode1 topology
compression size = 988182, CR = 3.581267
done
decompression time=0.042124
done
Min=0, Max=1, range=1
Max absolute error = 0.0019481778
Max relative error = 0.001948
Max pw relative error = 0.001948
PSNR = 64.774577, NRMSE= 0.00057712666668402966795
acEff=0.999999
compressionRatio = 3.581267
  ✓ Compression and decompression successful (ratio: 3.58x)

[26/90] Processing: FSNTOAC_1_768_1152.dat

compression time=0.007807, total fastmode1 topology
compression size = 760578, CR = 4.652966
done
decompression time=0.032670
done
Min=0, Max=1, range=1
Max absolute error = 0.0019685626
Max relative error = 0.001969
Max pw relative error = 0.001969
PSNR = 64.799479, NRMSE= 0.00057547443127180578342
acEff=0.999999
compressionRatio = 4.652967
  ✓ Compression and decompression successful (ratio: 4.65x)

[27/90] Processing: FSUTOA_1_768_1152.dat

compression time=0.010825, total fastmode1 topology
compression size = 1110305, CR = 3.187362
done
decompression time=0.045207
done
Min=0, Max=1, range=1
Max absolute error = 0.0019937754
Max relative error = 0.001994
Max pw relative error = 0.001994
PSNR = 64.751627, NRMSE= 0.00057865361877932448235
acEff=0.999997
compressionRatio = 3.187362
  ✓ Compression and decompression successful (ratio: 3.18x)

[28/90] Processing: ICEFRAC_1_768_1152.dat

compression time=0.004892, total fastmode1 topology
compression size = 574321, CR = 6.161962
done
decompression time=0.025448
done
Min=0, Max=1, range=1
Max absolute error = 0.0017518648
Max relative error = 0.001752
Max pw relative error = 0.001752
PSNR = 73.181728, NRMSE= 0.00021923687761336114674
acEff=1.000000
compressionRatio = 6.161962
  ✓ Compression and decompression successful (ratio: 6.16x)

[29/90] Processing: LANDFRAC_1_768_1152.dat

compression time=0.003770, total fastmode1 topology
compression size = 622785, CR = 5.682449
done
decompression time=0.025006
done
Min=0, Max=1, range=1
Max absolute error = 0.0015032887
Max relative error = 0.001503
Max pw relative error = 0.001503
PSNR = 64.678811, NRMSE= 0.00058352496207018554001
acEff=1.000000
compressionRatio = 5.682449
  ✓ Compression and decompression successful (ratio: 5.68x)

[30/90] Processing: LHFLX_1_768_1152.dat

compression time=0.009705, total fastmode1 topology
compression size = 1074790, CR = 3.292684
done
decompression time=0.035136
done
Min=0, Max=1, range=1
Max absolute error = 0.0019676685
Max relative error = 0.001968
Max pw relative error = 0.001968
PSNR = 64.753896, NRMSE= 0.00057850243101348558863
acEff=0.999999
compressionRatio = 3.292684
  ✓ Compression and decompression successful (ratio: 3.29x)

[31/90] Processing: LWCF_1_768_1152.dat

compression time=0.016529, total fastmode1 topology
compression size = 1183221, CR = 2.990941
done
decompression time=0.045366
done
Min=0, Max=1, range=1
Max absolute error = 0.0019686520
Max relative error = 0.001969
Max pw relative error = 0.001969
PSNR = 64.743299, NRMSE= 0.00057920867808054896011
acEff=0.999997
compressionRatio = 2.990941
  ✓ Compression and decompression successful (ratio: 2.99x)

[32/90] Processing: MSKtem_1_768_1152.dat

compression time=0.006233, total fastmode1 topology
compression size = 794935, CR = 4.451866
done
decompression time=0.029454
done
Min=0, Max=1, range=1
Max absolute error = 0.0019696951
Max relative error = 0.001970
Max pw relative error = 0.001970
PSNR = 62.435526, NRMSE= 0.00075548129580425653611
acEff=0.999998
compressionRatio = 4.451866
  ✓ Compression and decompression successful (ratio: 4.45x)

[33/90] Processing: OCNFRAC_1_768_1152.dat

compression time=0.004609, total fastmode1 topology
compression size = 687491, CR = 5.147622
done
decompression time=0.025201
done
Min=0, Max=1, range=1
Max absolute error = 0.0015106313
Max relative error = 0.001511
Max pw relative error = 0.001511
PSNR = 62.495284, NRMSE= 0.00075030150852153703819
acEff=1.000000
compressionRatio = 5.147622
  ✓ Compression and decompression successful (ratio: 5.14x)

[34/90] Processing: ODV_bcar1_1_768_1152.dat

compression time=0.005533, total fastmode1 topology
compression size = 645543, CR = 5.482120
done
decompression time=0.027872
done
Min=0, Max=1, range=1
Max absolute error = 0.0019117966
Max relative error = 0.001912
Max pw relative error = 0.001912
PSNR = 65.987805, NRMSE= 0.00050189139951410069885
acEff=0.999971
compressionRatio = 5.482120
  ✓ Compression and decompression successful (ratio: 5.48x)

[35/90] Processing: ODV_bcar2_1_768_1152.dat

compression time=0.006284, total fastmode1 topology
compression size = 695831, CR = 5.085925
done
decompression time=0.028832
done
Min=0, Max=1, range=1
Max absolute error = 0.0019707084
Max relative error = 0.001971
Max pw relative error = 0.001971
PSNR = 65.062027, NRMSE= 0.00055833987777114215713
acEff=0.999993
compressionRatio = 5.085925
  ✓ Compression and decompression successful (ratio: 5.08x)

[36/90] Processing: ODV_dust1_1_768_1152.dat

compression time=0.004721, total fastmode1 topology
compression size = 619054, CR = 5.716697
done
decompression time=0.028887
done
Min=0, Max=1, range=1
Max absolute error = 0.0016282797
Max relative error = 0.001628
Max pw relative error = 0.001628
PSNR = 65.535018, NRMSE= 0.00052874843790634150527
acEff=0.999990
compressionRatio = 5.716697
  ✓ Compression and decompression successful (ratio: 5.71x)

[37/90] Processing: ODV_dust2_1_768_1152.dat

compression time=0.004500, total fastmode1 topology
compression size = 617620, CR = 5.729970
done
decompression time=0.026762
done
Min=0, Max=1, range=1
Max absolute error = 0.0016783569
Max relative error = 0.001678
Max pw relative error = 0.001678
PSNR = 65.526208, NRMSE= 0.0005292850424115518081
acEff=0.999989
compressionRatio = 5.729970
  ✓ Compression and decompression successful (ratio: 5.72x)

[38/90] Processing: ODV_dust3_1_768_1152.dat

compression time=0.005165, total fastmode1 topology
compression size = 602319, CR = 5.875531
done
decompression time=0.026564
done
Min=0, Max=1, range=1
Max absolute error = 0.0017021373
Max relative error = 0.001702
Max pw relative error = 0.001702
PSNR = 65.630214, NRMSE= 0.00052298507324018356571
acEff=0.999986
compressionRatio = 5.875531
  ✓ Compression and decompression successful (ratio: 5.87x)

[39/90] Processing: ODV_dust4_1_768_1152.dat

compression time=0.004830, total fastmode1 topology
compression size = 583952, CR = 6.060334
done
decompression time=0.025985
done
Min=0, Max=1, range=1
Max absolute error = 0.0019228607
Max relative error = 0.001923
Max pw relative error = 0.001923
PSNR = 66.128262, NRMSE= 0.00049384072796824259998
acEff=0.999980
compressionRatio = 6.060334
  ✓ Compression and decompression successful (ratio: 6.06x)

[40/90] Processing: ODV_ocar1_1_768_1152.dat

compression time=0.005463, total fastmode1 topology
compression size = 598224, CR = 5.915751
done
decompression time=0.026761
done
Min=0, Max=1, range=1
Max absolute error = 0.0018184409
Max relative error = 0.001818
Max pw relative error = 0.001818
PSNR = 66.909618, NRMSE= 0.00045135589085353342931
acEff=0.999924
compressionRatio = 5.915751
  ✓ Compression and decompression successful (ratio: 5.91x)

[41/90] Processing: ODV_ocar2_1_768_1152.dat

compression time=0.015342, total fastmode1 topology
compression size = 766354, CR = 4.617897
done
decompression time=0.039434
done
Min=0, Max=1, range=1
Max absolute error = 0.0016147494
Max relative error = 0.001615
Max pw relative error = 0.001615
PSNR = 65.184655, NRMSE= 0.00055051257152346512718
acEff=0.999980
compressionRatio = 4.617897
  ✓ Compression and decompression successful (ratio: 4.61x)

[42/90] Processing: ODV_SSLTA_1_768_1152.dat

compression time=0.011813, total fastmode1 topology
compression size = 1025842, CR = 3.449795
done
decompression time=0.038793
done
Min=0, Max=1, range=1
Max absolute error = 0.0019803345
Max relative error = 0.001980
Max pw relative error = 0.001980
PSNR = 64.772124, NRMSE= 0.00057728972044102523208
acEff=0.999999
compressionRatio = 3.449794
  ✓ Compression and decompression successful (ratio: 3.44x)

[43/90] Processing: ODV_SSLTC_1_768_1152.dat

compression time=0.011679, total fastmode1 topology
compression size = 1035773, CR = 3.416718
done
decompression time=0.039684
done
Min=0, Max=1, range=1
Max absolute error = 0.0019809827
Max relative error = 0.001981
Max pw relative error = 0.001981
PSNR = 64.754177, NRMSE= 0.00057848370759315623918
acEff=0.999999
compressionRatio = 3.416718
  ✓ Compression and decompression successful (ratio: 3.41x)

[44/90] Processing: ODV_sulf_1_768_1152.dat

compression time=0.011763, total fastmode1 topology
compression size = 955324, CR = 3.704444
done
decompression time=0.041961
done
Min=0, Max=1, range=1
Max absolute error = 0.0019306242
Max relative error = 0.001931
Max pw relative error = 0.001931
PSNR = 64.792897, NRMSE= 0.000575910683164094204
acEff=0.999996
compressionRatio = 3.704444
  ✓ Compression and decompression successful (ratio: 3.70x)

[45/90] Processing: ODV_VOLC_MMR_1_768_1152.dat

compression time=0.007337, total fastmode1 topology
compression size = 620701, CR = 5.701528
done
decompression time=0.028569
done
Min=0, Max=1, range=1
Max absolute error = 0.0017669797
Max relative error = 0.001767
Max pw relative error = 0.001767
PSNR = 67.444267, NRMSE= 0.00042441100376042770539
acEff=1.000000
compressionRatio = 5.701528
  ✓ Compression and decompression successful (ratio: 5.70x)

[46/90] Processing: PBLH_1_768_1152.dat

compression time=0.013663, total fastmode1 topology
compression size = 1058520, CR = 3.343294
done
decompression time=0.049522
done
Min=0, Max=1, range=1
Max absolute error = 0.0019939542
Max relative error = 0.001994
Max pw relative error = 0.001994
PSNR = 64.750744, NRMSE= 0.00057871241460201092426
acEff=0.999997
compressionRatio = 3.343294
  ✓ Compression and decompression successful (ratio: 3.34x)

[47/90] Processing: PCONVB_1_768_1152.dat

compression time=0.009048, total fastmode1 topology
compression size = 721058, CR = 4.907988
done
decompression time=0.034425
done
Min=0, Max=1, range=1
Max absolute error = 0.0017439723
Max relative error = 0.001744
Max pw relative error = 0.001744
PSNR = 64.816304, NRMSE= 0.0005743608310800041826
acEff=0.999959
compressionRatio = 4.907988
  ✓ Compression and decompression successful (ratio: 4.90x)

[48/90] Processing: PCONVT_1_768_1152.dat

compression time=0.007435, total fastmode1 topology
compression size = 848674, CR = 4.169969
done
decompression time=0.038949
done
Min=0, Max=1, range=1
Max absolute error = 0.0019115210
Max relative error = 0.001912
Max pw relative error = 0.001912
PSNR = 64.771954, NRMSE= 0.00057730095876745333387
acEff=0.999941
compressionRatio = 4.169969
  ✓ Compression and decompression successful (ratio: 4.16x)

[49/90] Processing: PHIS_1_768_1152.dat

compression time=0.006332, total fastmode1 topology
compression size = 751138, CR = 4.711443
done
decompression time=0.027985
done
Min=0, Max=1, range=1
Max absolute error = 0.0019480586
Max relative error = 0.001948
Max pw relative error = 0.001948
PSNR = 63.227930, NRMSE= 0.00068960994626025926696
acEff=0.999999
compressionRatio = 4.711443
  ✓ Compression and decompression successful (ratio: 4.71x)

[50/90] Processing: PRECC_1_768_1152.dat

compression time=0.003864, total fastmode1 topology
compression size = 542654, CR = 6.521548
done
decompression time=0.020494
done
Min=0, Max=1, range=1
Max absolute error = 0.0009999275
Max relative error = 0.001000
Max pw relative error = 0.001000
PSNR = 105.666640, NRMSE= 5.207964587050809608E-06
acEff=1.000000
compressionRatio = 6.521548
  ✓ Compression and decompression successful (ratio: 6.52x)

[51/90] Processing: PRECCDZM_1_768_1152.dat

compression time=0.003569, total fastmode1 topology
compression size = 538055, CR = 6.577291
done
decompression time=0.020451
done
Min=0, Max=1, range=1
Max absolute error = 0.0009999275
Max relative error = 0.001000
Max pw relative error = 0.001000
PSNR = 77.154071, NRMSE= 0.00013877028083112067486
acEff=1.000000
compressionRatio = 6.577290
  ✓ Compression and decompression successful (ratio: 6.57x)

[52/90] Processing: PRECL_1_768_1152.dat

compression time=0.005098, total fastmode1 topology
compression size = 586985, CR = 6.029019
done
decompression time=0.020616
done
Min=0, Max=1, range=1
Max absolute error = 0.0009999275
Max relative error = 0.001000
Max pw relative error = 0.001000
PSNR = 75.495956, NRMSE= 0.00016795858014167998253
acEff=0.999999
compressionRatio = 6.029019
  ✓ Compression and decompression successful (ratio: 6.02x)

[53/90] Processing: PRECSC_1_768_1152.dat
Error: No critical points found!
  ✗ Compression failed

[54/90] Processing: PRECSH_1_768_1152.dat
Error: No critical points found!
  ✗ Compression failed

[55/90] Processing: PRECSL_1_768_1152.dat

compression time=0.003368, total fastmode1 topology
compression size = 500609, CR = 7.069278
done
decompression time=0.020904
done
Min=0, Max=1, range=1
Max absolute error = 0.0009999275
Max relative error = 0.001000
Max pw relative error = 0.001000
PSNR = 107.164277, NRMSE= 4.3831481323318371388E-06
acEff=1.000000
compressionRatio = 7.069278
  ✓ Compression and decompression successful (ratio: 7.06x)

[56/90] Processing: PRECT_1_768_1152.dat

compression time=0.004798, total fastmode1 topology
compression size = 623560, CR = 5.675386
done
decompression time=0.021997
done
Min=0, Max=1, range=1
Max absolute error = 0.0009999275
Max relative error = 0.001000
Max pw relative error = 0.001000
PSNR = 87.916470, NRMSE= 4.0195415460304346903E-05
acEff=1.000000
compressionRatio = 5.675386
  ✓ Compression and decompression successful (ratio: 5.67x)

[57/90] Processing: PS_1_768_1152.dat

compression time=0.004957, total fastmode1 topology
compression size = 658263, CR = 5.376185
done
decompression time=0.028251
done
Min=0, Max=1, range=1
Max absolute error = 0.0017410517
Max relative error = 0.001741
Max pw relative error = 0.001741
PSNR = 64.856156, NRMSE= 0.0005717316249092965286
acEff=0.999957
compressionRatio = 5.376186
  ✓ Compression and decompression successful (ratio: 5.37x)

[58/90] Processing: PSL_1_768_1152.dat

compression time=0.004562, total fastmode1 topology
compression size = 729719, CR = 4.849735
done
decompression time=0.031660
done
Min=0, Max=1, range=1
Max absolute error = 0.0018942356
Max relative error = 0.001894
Max pw relative error = 0.001894
PSNR = 64.776305, NRMSE= 0.00057701185698664711476
acEff=0.999988
compressionRatio = 4.849735
  ✓ Compression and decompression successful (ratio: 4.84x)

[59/90] Processing: QFLX_1_768_1152.dat

compression time=0.008692, total fastmode1 topology
compression size = 992868, CR = 3.564365
done
decompression time=0.033835
done
Min=0, Max=1, range=1
Max absolute error = 0.0013076365
Max relative error = 0.001308
Max pw relative error = 0.001308
PSNR = 64.999467, NRMSE= 0.00056237586026985670207
acEff=0.999997
compressionRatio = 3.564365
  ✓ Compression and decompression successful (ratio: 3.56x)

[60/90] Processing: QREFHT_1_768_1152.dat

compression time=0.007964, total fastmode1 topology
compression size = 908237, CR = 3.896498
done
decompression time=0.031982
done
Min=0, Max=1, range=1
Max absolute error = 0.0019856095
Max relative error = 0.001986
Max pw relative error = 0.001986
PSNR = 64.760623, NRMSE= 0.00057805457003341071103
acEff=0.999999
compressionRatio = 3.896498
  ✓ Compression and decompression successful (ratio: 3.89x)

[61/90] Processing: RHREFHT_1_768_1152.dat

compression time=0.011262, total fastmode1 topology
compression size = 935170, CR = 3.784279
done
decompression time=0.044558
done
Min=0, Max=1, range=1
Max absolute error = 0.0019306540
Max relative error = 0.001931
Max pw relative error = 0.001931
PSNR = 64.772031, NRMSE= 0.00057729588543574948158
acEff=0.999987
compressionRatio = 3.784279
  ✓ Compression and decompression successful (ratio: 3.78x)

[62/90] Processing: SFCLDICE_1_768_1152.dat
Error: No critical points found!
  ✗ Compression failed

[63/90] Processing: SFCLDLIQ_1_768_1152.dat
Error: No critical points found!
  ✗ Compression failed

[64/90] Processing: SHFLX_1_768_1152.dat

compression time=0.007968, total fastmode1 topology
compression size = 944144, CR = 3.748310
done
decompression time=0.035755
done
Min=0, Max=1, range=1
Max absolute error = 0.0019595623
Max relative error = 0.001960
Max pw relative error = 0.001960
PSNR = 64.765848, NRMSE= 0.00057770696501698774825
acEff=0.999979
compressionRatio = 3.748310
  ✓ Compression and decompression successful (ratio: 3.74x)

[65/90] Processing: SNOWHICE_1_768_1152.dat

compression time=0.005913, total fastmode1 topology
compression size = 558540, CR = 6.336062
done
decompression time=0.024813
done
Min=0, Max=1, range=1
Max absolute error = 0.0017438978
Max relative error = 0.001744
Max pw relative error = 0.001744
PSNR = 74.278347, NRMSE= 0.00019323359852550488561
acEff=1.000000
compressionRatio = 6.336062
  ✓ Compression and decompression successful (ratio: 6.33x)

[66/90] Processing: SNOWHLND_1_768_1152.dat

compression time=0.017472, total fastmode1 topology
compression size = 579841, CR = 6.103301
done
decompression time=0.029222
done
Min=0, Max=1, range=1
Max absolute error = 0.0018136241
Max relative error = 0.001814
Max pw relative error = 0.001814
PSNR = 74.703705, NRMSE= 0.00018399870624767470425
acEff=1.000000
compressionRatio = 6.103301
  ✓ Compression and decompression successful (ratio: 6.10x)

[67/90] Processing: SOLIN_1_768_1152.dat

compression time=0.006216, total fastmode1 topology
compression size = 559473, CR = 6.325496
done
decompression time=0.025422
done
Min=0, Max=1, range=1
Max absolute error = 0.0009999871
Max relative error = 0.001000
Max pw relative error = 0.001000
PSNR = 64.711047, NRMSE= 0.00058136337171228638209
acEff=0.999998
compressionRatio = 6.325496
  ✓ Compression and decompression successful (ratio: 6.32x)

[68/90] Processing: SRFRAD_1_768_1152.dat

compression time=0.012434, total fastmode1 topology
compression size = 930123, CR = 3.804813
done
decompression time=0.044341
done
Min=0, Max=1, range=1
Max absolute error = 0.0019572973
Max relative error = 0.001957
Max pw relative error = 0.001957
PSNR = 64.784726, NRMSE= 0.00057645270368444966134
acEff=0.999997
compressionRatio = 3.804813
  ✓ Compression and decompression successful (ratio: 3.80x)

[69/90] Processing: SWCF_1_768_1152.dat

compression time=0.011876, total fastmode1 topology
compression size = 1013211, CR = 3.492801
done
decompression time=0.047764
done
Min=0, Max=1, range=1
Max absolute error = 0.0019481778
Max relative error = 0.001948
Max pw relative error = 0.001948
PSNR = 64.629602, NRMSE= 0.00058684024945694385645
acEff=0.999959
compressionRatio = 3.492801
  ✓ Compression and decompression successful (ratio: 3.49x)

[70/90] Processing: TAUX_1_768_1152.dat

compression time=0.008233, total fastmode1 topology
compression size = 819573, CR = 4.318034
done
decompression time=0.032616
done
Min=0, Max=1, range=1
Max absolute error = 0.0019357204
Max relative error = 0.001936
Max pw relative error = 0.001936
PSNR = 64.775101, NRMSE= 0.00057709184504278971187
acEff=0.999930
compressionRatio = 4.318034
  ✓ Compression and decompression successful (ratio: 4.31x)

[71/90] Processing: TAUY_1_768_1152.dat

compression time=0.008553, total fastmode1 topology
compression size = 869059, CR = 4.072156
done
decompression time=0.034362
done
Min=0, Max=1, range=1
Max absolute error = 0.0019591451
Max relative error = 0.001959
Max pw relative error = 0.001959
PSNR = 64.759896, NRMSE= 0.00057810296920529494809
acEff=0.999942
compressionRatio = 4.072156
  ✓ Compression and decompression successful (ratio: 4.07x)

[72/90] Processing: TGCLDIWP_1_768_1152.dat

compression time=0.012436, total fastmode1 topology
compression size = 1164849, CR = 3.038114
done
decompression time=0.040464
done
Min=0, Max=1, range=1
Max absolute error = 0.0019736290
Max relative error = 0.001974
Max pw relative error = 0.001974
PSNR = 64.743351, NRMSE= 0.00057920517050424934549
acEff=0.999999
compressionRatio = 3.038114
  ✓ Compression and decompression successful (ratio: 3.03x)

[73/90] Processing: TGCLDLWP_1_768_1152.dat

compression time=0.015611, total fastmode1 topology
compression size = 1139350, CR = 3.106108
done
decompression time=0.041046
done
Min=0, Max=1, range=1
Max absolute error = 0.0019998550
Max relative error = 0.002000
Max pw relative error = 0.002000
PSNR = 64.758903, NRMSE= 0.0005781690723462347024
acEff=0.999998
compressionRatio = 3.106108
  ✓ Compression and decompression successful (ratio: 3.10x)

[74/90] Processing: TH2d_1_768_1152.dat

compression time=0.004771, total fastmode1 topology
compression size = 516594, CR = 6.850533
done
decompression time=0.025286
done
Min=0, Max=1, range=1
Max absolute error = 0.0019333959
Max relative error = 0.001933
Max pw relative error = 0.001933
PSNR = 80.600461, NRMSE= 9.3320479002704994232E-05
acEff=0.999996
compressionRatio = 6.850533
  ✓ Compression and decompression successful (ratio: 6.85x)

[75/90] Processing: TMQ_1_768_1152.dat

compression time=0.006138, total fastmode1 topology
compression size = 851177, CR = 4.157706
done
decompression time=0.030612
done
Min=0, Max=1, range=1
Max absolute error = 0.0019780993
Max relative error = 0.001978
Max pw relative error = 0.001978
PSNR = 64.760614, NRMSE= 0.00057805516898339754078
acEff=0.999999
compressionRatio = 4.157706
  ✓ Compression and decompression successful (ratio: 4.15x)

[76/90] Processing: TREFHT_1_768_1152.dat

compression time=0.007243, total fastmode1 topology
compression size = 761973, CR = 4.644448
done
decompression time=0.031248
done
Min=0, Max=1, range=1
Max absolute error = 0.0019390583
Max relative error = 0.001939
Max pw relative error = 0.001939
PSNR = 64.784533, NRMSE= 0.00057646552511851634204
acEff=0.999996
compressionRatio = 4.644448
  ✓ Compression and decompression successful (ratio: 4.64x)

[77/90] Processing: TREFMNAV_1_768_1152.dat

compression time=0.008905, total fastmode1 topology
compression size = 806388, CR = 4.388637
done
decompression time=0.037015
done
Min=0, Max=1, range=1
Max absolute error = 0.0019720793
Max relative error = 0.001972
Max pw relative error = 0.001972
PSNR = 64.771563, NRMSE= 0.00057732695178333700778
acEff=0.999996
compressionRatio = 4.388637
  ✓ Compression and decompression successful (ratio: 4.38x)

[78/90] Processing: TREFMXAV_1_768_1152.dat

compression time=0.008183, total fastmode1 topology
compression size = 789463, CR = 4.482723
done
decompression time=0.034902
done
Min=0, Max=1, range=1
Max absolute error = 0.0019683838
Max relative error = 0.001968
Max pw relative error = 0.001968
PSNR = 64.772202, NRMSE= 0.00057728447943334497763
acEff=0.999996
compressionRatio = 4.482723
  ✓ Compression and decompression successful (ratio: 4.48x)

[79/90] Processing: TROP_P_1_768_1152.dat

compression time=0.008280, total fastmode1 topology
compression size = 774783, CR = 4.567658
done
decompression time=0.033698
done
Min=0, Max=1, range=1
Max absolute error = 0.0016848445
Max relative error = 0.001685
Max pw relative error = 0.001685
PSNR = 64.792595, NRMSE= 0.00057593074683609459148
acEff=0.999998
compressionRatio = 4.567658
  ✓ Compression and decompression successful (ratio: 4.56x)

[80/90] Processing: TROP_T_1_768_1152.dat

compression time=0.006926, total fastmode1 topology
compression size = 790258, CR = 4.478213
done
decompression time=0.031305
done
Min=0, Max=1, range=1
Max absolute error = 0.0019723922
Max relative error = 0.001972
Max pw relative error = 0.001972
PSNR = 64.759121, NRMSE= 0.00057815452043209595873
acEff=0.999999
compressionRatio = 4.478213
  ✓ Compression and decompression successful (ratio: 4.47x)

[81/90] Processing: TROP_Z_1_768_1152.dat

compression time=0.006427, total fastmode1 topology
compression size = 742666, CR = 4.765189
done
decompression time=0.031330
done
Min=0, Max=1, range=1
Max absolute error = 0.0017414689
Max relative error = 0.001741
Max pw relative error = 0.001741
PSNR = 64.744645, NRMSE= 0.00057911889686498504992
acEff=0.999990
compressionRatio = 4.765189
  ✓ Compression and decompression successful (ratio: 4.76x)

[82/90] Processing: TS_1_768_1152.dat

compression time=0.007835, total fastmode1 topology
compression size = 781397, CR = 4.528996
done
decompression time=0.032441
done
Min=0, Max=1, range=1
Max absolute error = 0.0019676089
Max relative error = 0.001968
Max pw relative error = 0.001968
PSNR = 64.780470, NRMSE= 0.00057673524412159228505
acEff=0.999996
compressionRatio = 4.528996
  ✓ Compression and decompression successful (ratio: 4.52x)

[83/90] Processing: TSMN_1_768_1152.dat

compression time=0.010048, total fastmode1 topology
compression size = 861244, CR = 4.109107
done
decompression time=0.034000
done
Min=0, Max=1, range=1
Max absolute error = 0.0019685626
Max relative error = 0.001969
Max pw relative error = 0.001969
PSNR = 64.737873, NRMSE= 0.00057957058681401909823
acEff=0.999997
compressionRatio = 4.109107
  ✓ Compression and decompression successful (ratio: 4.10x)

[84/90] Processing: TSMX_1_768_1152.dat

compression time=0.009304, total fastmode1 topology
compression size = 847042, CR = 4.178003
done
decompression time=0.034031
done
Min=0, Max=1, range=1
Max absolute error = 0.0019732714
Max relative error = 0.001973
Max pw relative error = 0.001973
PSNR = 64.796222, NRMSE= 0.00057569026162448088107
acEff=0.999995
compressionRatio = 4.178003
  ✓ Compression and decompression successful (ratio: 4.17x)

[85/90] Processing: U2d_1_768_1152.dat

compression time=0.005530, total fastmode1 topology
compression size = 511452, CR = 6.919406
done
decompression time=0.024244
done
Min=0, Max=1, range=1
Max absolute error = 0.0019333959
Max relative error = 0.001933
Max pw relative error = 0.001933
PSNR = 61.005529, NRMSE= 0.00089068377063377366949
acEff=0.999996
compressionRatio = 6.919406
  ✓ Compression and decompression successful (ratio: 6.91x)

[86/90] Processing: UV2d_1_768_1152.dat

compression time=0.005080, total fastmode1 topology
compression size = 508985, CR = 6.952944
done
decompression time=0.025117
done
Min=0, Max=1, range=1
Max absolute error = 0.0019333959
Max relative error = 0.001933
Max pw relative error = 0.001933
PSNR = 66.657423, NRMSE= 0.00046465312983648323752
acEff=0.999999
compressionRatio = 6.952944
  ✓ Compression and decompression successful (ratio: 6.95x)

[87/90] Processing: UW2d_1_768_1152.dat

compression time=0.003587, total fastmode1 topology
compression size = 507441, CR = 6.974100
done
decompression time=0.025755
done
Min=0, Max=1, range=1
Max absolute error = 0.0019333959
Max relative error = 0.001933
Max pw relative error = 0.001933
PSNR = 67.708849, NRMSE= 0.00041167787735107215941
acEff=0.999999
compressionRatio = 6.974099
  ✓ Compression and decompression successful (ratio: 6.97x)

[88/90] Processing: V2d_1_768_1152.dat

compression time=0.005350, total fastmode1 topology
compression size = 511678, CR = 6.916350
done
decompression time=0.025050
done
Min=0, Max=1, range=1
Max absolute error = 0.0019333959
Max relative error = 0.001933
Max pw relative error = 0.001933
PSNR = 68.176500, NRMSE= 0.00039009915840036534082
acEff=0.999999
compressionRatio = 6.916350
  ✓ Compression and decompression successful (ratio: 6.91x)

[89/90] Processing: VTH2d_1_768_1152.dat

compression time=0.004135, total fastmode1 topology
compression size = 508025, CR = 6.966083
done
decompression time=0.024434
done
Min=0, Max=1, range=1
Max absolute error = 0.0019333959
Max relative error = 0.001933
Max pw relative error = 0.001933
PSNR = 76.360864, NRMSE= 0.0001520396356118046432
acEff=0.999998
compressionRatio = 6.966082
  ✓ Compression and decompression successful (ratio: 6.96x)

[90/90] Processing: W2d_1_768_1152.dat

compression time=0.004038, total fastmode1 topology
compression size = 506395, CR = 6.988505
done
decompression time=0.025559
done
Min=0, Max=1, range=1
Max absolute error = 0.0019333959
Max relative error = 0.001933
Max pw relative error = 0.001933
PSNR = 73.196834, NRMSE= 0.00021885592740626439129
acEff=1.000000
compressionRatio = 6.988505
  ✓ Compression and decompression successful (ratio: 6.98x)

=== Summary ===
Total files processed: 86
Total files skipped: 0
Total files failed: 4

