Original directory: ../../CESM-CLIMATE-65G/4/log_normalized/
Decompressed directory: ../../CESM-CLIMATE-65G/4/log_normalized/topoSZp_1E-3
Dimensions: 768x1152
Error bound: 1E-3

Found 90 .dat file(s) to process

[1/90] Processing: AEROD_v_1_768_1152.dat
  False Negatives: 7892
  False Positives: 0
  False Types: 0
  Grand Total: 7892
  Total Critical Points (Decompressed): 75994

[2/90] Processing: cb_ozone_c_1_768_1152.dat
  False Negatives: 345
  False Positives: 0
  False Types: 0
  Grand Total: 345
  Total Critical Points (Decompressed): 3139

[3/90] Processing: cb_sulf_c_1_768_1152.dat
  False Negatives: 0
  False Positives: 0
  False Types: 0
  Grand Total: 0
  Total Critical Points (Decompressed): 1298

[4/90] Processing: CLDHGH_1_768_1152.dat
  False Negatives: 1529
  False Positives: 0
  False Types: 0
  Grand Total: 1529
  Total Critical Points (Decompressed): 180050

[5/90] Processing: CLDLOW_1_768_1152.dat
  False Negatives: 1757
  False Positives: 0
  False Types: 0
  Grand Total: 1757
  Total Critical Points (Decompressed): 132716

[6/90] Processing: CLDMED_1_768_1152.dat
  False Negatives: 2344
  False Positives: 0
  False Types: 0
  Grand Total: 2344
  Total Critical Points (Decompressed): 132132

[7/90] Processing: CLDTOT_1_768_1152.dat
  False Negatives: 1475
  False Positives: 0
  False Types: 0
  Grand Total: 1475
  Total Critical Points (Decompressed): 168621

[8/90] Processing: FLDS_1_768_1152.dat
  False Negatives: 10635
  False Positives: 0
  False Types: 0
  Grand Total: 10635
  Total Critical Points (Decompressed): 83998

[9/90] Processing: FLDSC_1_768_1152.dat
  False Negatives: 3557
  False Positives: 0
  False Types: 0
  Grand Total: 3557
  Total Critical Points (Decompressed): 19210

[10/90] Processing: FLNS_1_768_1152.dat
  False Negatives: 5325
  False Positives: 0
  False Types: 0
  Grand Total: 5325
  Total Critical Points (Decompressed): 132376

[11/90] Processing: FLNSC_1_768_1152.dat
  False Negatives: 6965
  False Positives: 0
  False Types: 0
  Grand Total: 6965
  Total Critical Points (Decompressed): 94502

[12/90] Processing: FLNT_1_768_1152.dat
  False Negatives: 7211
  False Positives: 0
  False Types: 0
  Grand Total: 7211
  Total Critical Points (Decompressed): 90184

[13/90] Processing: FLNTC_1_768_1152.dat
  False Negatives: 6830
  False Positives: 0
  False Types: 0
  Grand Total: 6830
  Total Critical Points (Decompressed): 31354

[14/90] Processing: FLUT_1_768_1152.dat
  False Negatives: 7180
  False Positives: 0
  False Types: 0
  Grand Total: 7180
  Total Critical Points (Decompressed): 90099

[15/90] Processing: FLUTC_1_768_1152.dat
  False Negatives: 6808
  False Positives: 0
  False Types: 0
  Grand Total: 6808
  Total Critical Points (Decompressed): 31237

[16/90] Processing: FREQSH_1_768_1152.dat
  False Negatives: 1012
  False Positives: 0
  False Types: 0
  Grand Total: 1012
  Total Critical Points (Decompressed): 145795

[17/90] Processing: FREQZM_1_768_1152.dat
  False Negatives: 424
  False Positives: 0
  False Types: 0
  Grand Total: 424
  Total Critical Points (Decompressed): 76750

[18/90] Processing: FSDS_1_768_1152.dat
  False Negatives: 5043
  False Positives: 0
  False Types: 0
  Grand Total: 5043
  Total Critical Points (Decompressed): 92228

[19/90] Processing: FSDSC_1_768_1152.dat
  False Negatives: 1743
  False Positives: 0
  False Types: 0
  Grand Total: 1743
  Total Critical Points (Decompressed): 7762

[20/90] Processing: FSDTOA_1_768_1152.dat
  False Negatives: 25
  False Positives: 0
  False Types: 0
  Grand Total: 25
  Total Critical Points (Decompressed): 26

[21/90] Processing: FSNS_1_768_1152.dat
  False Negatives: 4794
  False Positives: 0
  False Types: 0
  Grand Total: 4794
  Total Critical Points (Decompressed): 102901

[22/90] Processing: FSNSC_1_768_1152.dat
  False Negatives: 3171
  False Positives: 0
  False Types: 0
  Grand Total: 3171
  Total Critical Points (Decompressed): 37739

[23/90] Processing: FSNT_1_768_1152.dat
  False Negatives: 5975
  False Positives: 0
  False Types: 0
  Grand Total: 5975
  Total Critical Points (Decompressed): 83483

[24/90] Processing: FSNTC_1_768_1152.dat
  False Negatives: 3043
  False Positives: 0
  False Types: 0
  Grand Total: 3043
  Total Critical Points (Decompressed): 27809

[25/90] Processing: FSNTOA_1_768_1152.dat
  False Negatives: 5908
  False Positives: 0
  False Types: 0
  Grand Total: 5908
  Total Critical Points (Decompressed): 83082

[26/90] Processing: FSNTOAC_1_768_1152.dat
  False Negatives: 3145
  False Positives: 0
  False Types: 0
  Grand Total: 3145
  Total Critical Points (Decompressed): 27487

[27/90] Processing: FSUTOA_1_768_1152.dat
  False Negatives: 4092
  False Positives: 0
  False Types: 0
  Grand Total: 4092
  Total Critical Points (Decompressed): 103593

[28/90] Processing: ICEFRAC_1_768_1152.dat
  False Negatives: 84
  False Positives: 0
  False Types: 0
  Grand Total: 84
  Total Critical Points (Decompressed): 550

[29/90] Processing: LANDFRAC_1_768_1152.dat
  False Negatives: 0
  False Positives: 0
  False Types: 0
  Grand Total: 0
  Total Critical Points (Decompressed): 35

[30/90] Processing: LHFLX_1_768_1152.dat
  False Negatives: 2705
  False Positives: 0
  False Types: 0
  Grand Total: 2705
  Total Critical Points (Decompressed): 43111

[31/90] Processing: LWCF_1_768_1152.dat
  False Negatives: 2582
  False Positives: 0
  False Types: 0
  Grand Total: 2582
  Total Critical Points (Decompressed): 119152

[32/90] Processing: MSKtem_1_768_1152.dat
  False Negatives: 666
  False Positives: 0
  False Types: 0
  Grand Total: 666
  Total Critical Points (Decompressed): 7249

[33/90] Processing: OCNFRAC_1_768_1152.dat
  False Negatives: 69
  False Positives: 0
  False Types: 0
  Grand Total: 69
  Total Critical Points (Decompressed): 592

[34/90] Processing: ODV_bcar1_1_768_1152.dat
  False Negatives: 600
  False Positives: 0
  False Types: 0
  Grand Total: 600
  Total Critical Points (Decompressed): 5465

[35/90] Processing: ODV_bcar2_1_768_1152.dat
  False Negatives: 522
  False Positives: 0
  False Types: 0
  Grand Total: 522
  Total Critical Points (Decompressed): 5218

[36/90] Processing: ODV_dust1_1_768_1152.dat
  False Negatives: 490
  False Positives: 0
  False Types: 0
  Grand Total: 490
  Total Critical Points (Decompressed): 3346

[37/90] Processing: ODV_dust2_1_768_1152.dat
  False Negatives: 484
  False Positives: 0
  False Types: 0
  Grand Total: 484
  Total Critical Points (Decompressed): 3296

[38/90] Processing: ODV_dust3_1_768_1152.dat
  False Negatives: 399
  False Positives: 0
  False Types: 0
  Grand Total: 399
  Total Critical Points (Decompressed): 2860

[39/90] Processing: ODV_dust4_1_768_1152.dat
  False Negatives: 291
  False Positives: 0
  False Types: 0
  Grand Total: 291
  Total Critical Points (Decompressed): 2268

[40/90] Processing: ODV_ocar1_1_768_1152.dat
  False Negatives: 853
  False Positives: 0
  False Types: 0
  Grand Total: 853
  Total Critical Points (Decompressed): 5094

[41/90] Processing: ODV_ocar2_1_768_1152.dat
  False Negatives: 12045
  False Positives: 0
  False Types: 0
  Grand Total: 12045
  Total Critical Points (Decompressed): 71944

[42/90] Processing: ODV_SSLTA_1_768_1152.dat
  False Negatives: 3890
  False Positives: 0
  False Types: 0
  Grand Total: 3890
  Total Critical Points (Decompressed): 71409

[43/90] Processing: ODV_SSLTC_1_768_1152.dat
  False Negatives: 3974
  False Positives: 0
  False Types: 0
  Grand Total: 3974
  Total Critical Points (Decompressed): 77029

[44/90] Processing: ODV_sulf_1_768_1152.dat
  False Negatives: 9365
  False Positives: 0
  False Types: 0
  Grand Total: 9365
  Total Critical Points (Decompressed): 82573

[45/90] Processing: ODV_VOLC_MMR_1_768_1152.dat
  False Negatives: 1814
  False Positives: 0
  False Types: 0
  Grand Total: 1814
  Total Critical Points (Decompressed): 20089

[46/90] Processing: PBLH_1_768_1152.dat
  False Negatives: 4889
  False Positives: 0
  False Types: 0
  Grand Total: 4889
  Total Critical Points (Decompressed): 78320

[47/90] Processing: PCONVB_1_768_1152.dat
  False Negatives: 7087
  False Positives: 0
  False Types: 0
  Grand Total: 7087
  Total Critical Points (Decompressed): 36905

[48/90] Processing: PCONVT_1_768_1152.dat
  False Negatives: 8243
  False Positives: 0
  False Types: 0
  Grand Total: 8243
  Total Critical Points (Decompressed): 58718

[49/90] Processing: PHIS_1_768_1152.dat
  False Negatives: 457
  False Positives: 0
  False Types: 0
  Grand Total: 457
  Total Critical Points (Decompressed): 8385

[50/90] Processing: PRECC_1_768_1152.dat
  False Negatives: 0
  False Positives: 0
  False Types: 0
  Grand Total: 0
  Total Critical Points (Decompressed): 92

[51/90] Processing: PRECCDZM_1_768_1152.dat
  False Negatives: 0
  False Positives: 0
  False Types: 0
  Grand Total: 0
  Total Critical Points (Decompressed): 87

[52/90] Processing: PRECL_1_768_1152.dat
  False Negatives: 0
  False Positives: 0
  False Types: 0
  Grand Total: 0
  Total Critical Points (Decompressed): 246

[53/90] Skipping: PRECSC_1_768_1152.dat (decompressed file not found: ../../CESM-CLIMATE-65G/4/log_normalized/topoSZp_1E-3/PRECSC_1_768_1152.dat.SZp.out)
[54/90] Skipping: PRECSH_1_768_1152.dat (decompressed file not found: ../../CESM-CLIMATE-65G/4/log_normalized/topoSZp_1E-3/PRECSH_1_768_1152.dat.SZp.out)
[55/90] Processing: PRECSL_1_768_1152.dat
  False Negatives: 0
  False Positives: 0
  False Types: 0
  Grand Total: 0
  Total Critical Points (Decompressed): 12

[56/90] Processing: PRECT_1_768_1152.dat
  False Negatives: 0
  False Positives: 0
  False Types: 0
  Grand Total: 0
  Total Critical Points (Decompressed): 278

[57/90] Processing: PS_1_768_1152.dat
  False Negatives: 1533
  False Positives: 0
  False Types: 0
  Grand Total: 1533
  Total Critical Points (Decompressed): 9026

[58/90] Processing: PSL_1_768_1152.dat
  False Negatives: 2616
  False Positives: 0
  False Types: 0
  Grand Total: 2616
  Total Critical Points (Decompressed): 15699

[59/90] Processing: QFLX_1_768_1152.dat
  False Negatives: 158
  False Positives: 0
  False Types: 0
  Grand Total: 158
  Total Critical Points (Decompressed): 23383

[60/90] Processing: QREFHT_1_768_1152.dat
  False Negatives: 1190
  False Positives: 0
  False Types: 0
  Grand Total: 1190
  Total Critical Points (Decompressed): 18326

[61/90] Processing: RHREFHT_1_768_1152.dat
  False Negatives: 18030
  False Positives: 0
  False Types: 0
  Grand Total: 18030
  Total Critical Points (Decompressed): 61434

[62/90] Skipping: SFCLDICE_1_768_1152.dat (decompressed file not found: ../../CESM-CLIMATE-65G/4/log_normalized/topoSZp_1E-3/SFCLDICE_1_768_1152.dat.SZp.out)
[63/90] Skipping: SFCLDLIQ_1_768_1152.dat (decompressed file not found: ../../CESM-CLIMATE-65G/4/log_normalized/topoSZp_1E-3/SFCLDLIQ_1_768_1152.dat.SZp.out)
[64/90] Processing: SHFLX_1_768_1152.dat
  False Negatives: 2907
  False Positives: 0
  False Types: 0
  Grand Total: 2907
  Total Critical Points (Decompressed): 44103

[65/90] Processing: SNOWHICE_1_768_1152.dat
  False Negatives: 44
  False Positives: 0
  False Types: 0
  Grand Total: 44
  Total Critical Points (Decompressed): 600

[66/90] Processing: SNOWHLND_1_768_1152.dat
  False Negatives: 4579
  False Positives: 0
  False Types: 0
  Grand Total: 4579
  Total Critical Points (Decompressed): 29023

[67/90] Processing: SOLIN_1_768_1152.dat
  False Negatives: 25
  False Positives: 0
  False Types: 0
  Grand Total: 25
  Total Critical Points (Decompressed): 26

[68/90] Processing: SRFRAD_1_768_1152.dat
  False Negatives: 9160
  False Positives: 0
  False Types: 0
  Grand Total: 9160
  Total Critical Points (Decompressed): 84602

[69/90] Processing: SWCF_1_768_1152.dat
  False Negatives: 12309
  False Positives: 0
  False Types: 0
  Grand Total: 12309
  Total Critical Points (Decompressed): 112993

[70/90] Processing: TAUX_1_768_1152.dat
  False Negatives: 2303
  False Positives: 0
  False Types: 0
  Grand Total: 2303
  Total Critical Points (Decompressed): 21911

[71/90] Processing: TAUY_1_768_1152.dat
  False Negatives: 1786
  False Positives: 0
  False Types: 0
  Grand Total: 1786
  Total Critical Points (Decompressed): 22693

[72/90] Processing: TGCLDIWP_1_768_1152.dat
  False Negatives: 1715
  False Positives: 0
  False Types: 0
  Grand Total: 1715
  Total Critical Points (Decompressed): 82763

[73/90] Processing: TGCLDLWP_1_768_1152.dat
  False Negatives: 2404
  False Positives: 0
  False Types: 0
  Grand Total: 2404
  Total Critical Points (Decompressed): 79167

[74/90] Processing: TH2d_1_768_1152.dat
  False Negatives: 3
  False Positives: 0
  False Types: 0
  Grand Total: 3
  Total Critical Points (Decompressed): 25

[75/90] Processing: TMQ_1_768_1152.dat
  False Negatives: 1448
  False Positives: 0
  False Types: 0
  Grand Total: 1448
  Total Critical Points (Decompressed): 12106

[76/90] Processing: TREFHT_1_768_1152.dat
  False Negatives: 2611
  False Positives: 0
  False Types: 0
  Grand Total: 2611
  Total Critical Points (Decompressed): 18238

[77/90] Processing: TREFMNAV_1_768_1152.dat
  False Negatives: 9320
  False Positives: 0
  False Types: 0
  Grand Total: 9320
  Total Critical Points (Decompressed): 33761

[78/90] Processing: TREFMXAV_1_768_1152.dat
  False Negatives: 8655
  False Positives: 0
  False Types: 0
  Grand Total: 8655
  Total Critical Points (Decompressed): 27761

[79/90] Processing: TROP_P_1_768_1152.dat
  False Negatives: 3758
  False Positives: 0
  False Types: 0
  Grand Total: 3758
  Total Critical Points (Decompressed): 22122

[80/90] Processing: TROP_T_1_768_1152.dat
  False Negatives: 1348
  False Positives: 0
  False Types: 0
  Grand Total: 1348
  Total Critical Points (Decompressed): 12212

[81/90] Processing: TROP_Z_1_768_1152.dat
  False Negatives: 3300
  False Positives: 0
  False Types: 0
  Grand Total: 3300
  Total Critical Points (Decompressed): 17235

[82/90] Processing: TS_1_768_1152.dat
  False Negatives: 2731
  False Positives: 0
  False Types: 0
  Grand Total: 2731
  Total Critical Points (Decompressed): 22212

[83/90] Processing: TSMN_1_768_1152.dat
  False Negatives: 2712
  False Positives: 0
  False Types: 0
  Grand Total: 2712
  Total Critical Points (Decompressed): 42657

[84/90] Processing: TSMX_1_768_1152.dat
  False Negatives: 2894
  False Positives: 0
  False Types: 0
  Grand Total: 2894
  Total Critical Points (Decompressed): 41603

[85/90] Processing: U2d_1_768_1152.dat
  False Negatives: 26
  False Positives: 0
  False Types: 0
  Grand Total: 26
  Total Critical Points (Decompressed): 88

[86/90] Processing: UV2d_1_768_1152.dat
  False Negatives: 137
  False Positives: 0
  False Types: 0
  Grand Total: 137
  Total Critical Points (Decompressed): 256

[87/90] Processing: UW2d_1_768_1152.dat
  False Negatives: 566
  False Positives: 0
  False Types: 0
  Grand Total: 566
  Total Critical Points (Decompressed): 983

[88/90] Processing: V2d_1_768_1152.dat
  False Negatives: 297
  False Positives: 0
  False Types: 0
  Grand Total: 297
  Total Critical Points (Decompressed): 576

[89/90] Processing: VTH2d_1_768_1152.dat
  False Negatives: 169
  False Positives: 0
  False Types: 0
  Grand Total: 169
  Total Critical Points (Decompressed): 250

[90/90] Processing: W2d_1_768_1152.dat
  False Negatives: 753
  False Positives: 0
  False Types: 0
  Grand Total: 753
  Total Critical Points (Decompressed): 1225

=== Summary ===
Total files processed: 86
Total files skipped: 4
Total files failed: 0
Total false cases across all files: 271224
Average false cases per file: 3153.76
Results saved to: ../../CESM-CLIMATE-65G/4/log_normalized/topoSZp_1E-3/critical_points.csv

