Found 54 .dat file(s) to process

[1/54] Processing: ADVS_1_384_320.dat
  False Negatives: 4688
  False Positives: 41187
  False Types: 1257
  Grand Total: 47132

[2/54] Processing: ADVS_ISOP_1_384_320.dat
  False Negatives: 5089
  False Positives: 41123
  False Types: 1407
  Grand Total: 47619

[3/54] Processing: ADVS_SUBM_1_384_320.dat
  False Negatives: 341
  False Positives: 48260
  False Types: 115
  Grand Total: 48716

[4/54] Processing: ADVT_1_384_320.dat
  False Negatives: 518
  False Positives: 11129
  False Types: 12
  Grand Total: 11659

[5/54] Processing: ADVT_ISOP_1_384_320.dat
  False Negatives: 1753
  False Positives: 12888
  False Types: 79
  Grand Total: 14720

[6/54] Processing: ADVT_SUBM_1_384_320.dat
  False Negatives: 6825
  False Positives: 21502
  False Types: 1433
  Grand Total: 29760

[7/54] Processing: BSF_1_384_320.dat
  False Negatives: 65
  False Positives: 11832
  False Types: 1
  Grand Total: 11898

[8/54] Processing: DIA_DEPTH_1_384_320.dat
  False Negatives: 2
  False Positives: 8541
  False Types: 0
  Grand Total: 8543

[9/54] Processing: dTEMP_NEG_2D_1_384_320.dat
  False Negatives: 269
  False Positives: 10920
  False Types: 1
  Grand Total: 11190

[10/54] Processing: dTEMP_POS_2D_1_384_320.dat
  False Negatives: 150
  False Positives: 10906
  False Types: 1
  Grand Total: 11057

[11/54] Processing: EVAP_F_1_384_320.dat
  False Negatives: 1311
  False Positives: 44587
  False Types: 335
  Grand Total: 46233

[12/54] Processing: FW_1_384_320.dat
  False Negatives: 0
  False Positives: 47855
  False Types: 0
  Grand Total: 47855

[13/54] Processing: HBLT_1_384_320.dat
  False Negatives: 2
  False Positives: 8366
  False Types: 0
  Grand Total: 8368

[14/54] Processing: HDIFS_1_384_320.dat
  False Negatives: 4347
  False Positives: 41291
  False Types: 1236
  Grand Total: 46874

[15/54] Processing: HDIFT_1_384_320.dat
  False Negatives: 1357
  False Positives: 12188
  False Types: 33
  Grand Total: 13578

[16/54] Processing: HLS_SUBM_1_384_320.dat
  False Negatives: 0
  False Positives: 27994
  False Types: 0
  Grand Total: 27994

[17/54] Processing: HMXL_1_384_320.dat
  False Negatives: 5
  False Positives: 8418
  False Types: 0
  Grand Total: 8423

[18/54] Processing: IFRAC_1_384_320.dat
  False Negatives: 18
  False Positives: 44330
  False Types: 1
  Grand Total: 44349

[19/54] Processing: INT_DEPTH_1_384_320.dat
  False Negatives: 5
  False Positives: 9118
  False Types: 0
  Grand Total: 9123

[20/54] Processing: IOFF_F_1_384_320.dat
  False Negatives: 205
  False Positives: 47260
  False Types: 35
  Grand Total: 47500

[21/54] Processing: LWDN_F_1_384_320.dat
  False Negatives: 305
  False Positives: 9862
  False Types: 16
  Grand Total: 10183

[22/54] Processing: LWUP_F_1_384_320.dat
  False Negatives: 5
  False Positives: 6724
  False Types: 1
  Grand Total: 6730

[23/54] Processing: MELT_F_1_384_320.dat
  False Negatives: 291
  False Positives: 43966
  False Types: 78
  Grand Total: 44335

[24/54] Processing: MELTH_F_1_384_320.dat
  False Negatives: 13
  False Positives: 38144
  False Types: 2
  Grand Total: 38159

[25/54] Processing: PREC_F_1_384_320.dat
  False Negatives: 1409
  False Positives: 39096
  False Types: 354
  Grand Total: 40859

[26/54] Processing: QFLUX_1_384_320.dat
  False Negatives: 0
  False Positives: 45501
  False Types: 0
  Grand Total: 45501

[27/54] Processing: QSW_HBL_1_384_320.dat
  False Negatives: 6
  False Positives: 9852
  False Types: 0
  Grand Total: 9858

[28/54] Processing: QSW_HTP_1_384_320.dat
  False Negatives: 6
  False Positives: 9808
  False Types: 0
  Grand Total: 9814

[29/54] Processing: RESID_S_1_384_320.dat
  False Negatives: 0
  False Positives: 47855
  False Types: 0
  Grand Total: 47855

[30/54] Processing: RESID_T_1_384_320.dat
  False Negatives: 0
  False Positives: 47855
  False Types: 0
  Grand Total: 47855

[31/54] Processing: RHO_VINT_1_384_320.dat
  False Negatives: 676
  False Positives: 13246
  False Types: 26
  Grand Total: 13948

[32/54] Processing: ROFF_F_1_384_320.dat
  False Negatives: 1253
  False Positives: 47358
  False Types: 228
  Grand Total: 48839

[33/54] Processing: SALT_F_1_384_320.dat
  False Negatives: 53
  False Positives: 47713
  False Types: 7
  Grand Total: 47773

[34/54] Processing: SENH_F_1_384_320.dat
  False Negatives: 70
  False Positives: 7191
  False Types: 0
  Grand Total: 7261

[35/54] Processing: SFWF_1_384_320.dat
  False Negatives: 3201
  False Positives: 34874
  False Types: 797
  Grand Total: 38872

[36/54] Processing: SFWF_WRST_1_384_320.dat
  False Negatives: 0
  False Positives: 47855
  False Types: 0
  Grand Total: 47855

[37/54] Processing: SHF_1_384_320.dat
  False Negatives: 32
  False Positives: 8471
  False Types: 0
  Grand Total: 8503

[38/54] Processing: SHF_QSW_1_384_320.dat
  False Negatives: 4
  False Positives: 9806
  False Types: 0
  Grand Total: 9810

[39/54] Processing: SNOW_F_1_384_320.dat
  False Negatives: 396
  False Positives: 45145
  False Types: 101
  Grand Total: 45642

[40/54] Processing: SSH_1_384_320.dat
  False Negatives: 18
  False Positives: 7308
  False Types: 0
  Grand Total: 7326

[41/54] Processing: SSH2_1_384_320.dat
  False Negatives: 5
  False Positives: 8525
  False Types: 0
  Grand Total: 8530

[42/54] Processing: SU_1_384_320.dat
  False Negatives: 114
  False Positives: 11923
  False Types: 12
  Grand Total: 12049

[43/54] Processing: SV_1_384_320.dat
  False Negatives: 141
  False Positives: 11788
  False Types: 8
  Grand Total: 11937

[44/54] Processing: TAUX_1_384_320.dat
  False Negatives: 22
  False Positives: 9775
  False Types: 0
  Grand Total: 9797

[45/54] Processing: TAUX2_1_384_320.dat
  False Negatives: 11
  False Positives: 9612
  False Types: 2
  Grand Total: 9625

[46/54] Processing: TAUY_1_384_320.dat
  False Negatives: 29
  False Positives: 9484
  False Types: 0
  Grand Total: 9513

[47/54] Processing: TAUY2_1_384_320.dat
  False Negatives: 27
  False Positives: 9547
  False Types: 1
  Grand Total: 9575

[48/54] Processing: TBLT_1_384_320.dat
  False Negatives: 5
  False Positives: 7141
  False Types: 0
  Grand Total: 7146

[49/54] Processing: TFW_S_1_384_320.dat
  False Negatives: 0
  False Positives: 47855
  False Types: 0
  Grand Total: 47855

[50/54] Processing: TFW_T_1_384_320.dat
  False Negatives: 0
  False Positives: 47855
  False Types: 0
  Grand Total: 47855

[51/54] Processing: TLT_1_384_320.dat
  False Negatives: 0
  False Positives: 7107
  False Types: 0
  Grand Total: 7107

[52/54] Processing: TMXL_1_384_320.dat
  False Negatives: 3
  False Positives: 11648
  False Types: 0
  Grand Total: 11651

[53/54] Processing: XBLT_1_384_320.dat
  False Negatives: 7
  False Positives: 8941
  False Types: 0
  Grand Total: 8948

[54/54] Processing: XMXL_1_384_320.dat
  False Negatives: 10
  False Positives: 8927
  False Types: 0
  Grand Total: 8937

=== Summary ===
Total files processed: 54
Total files failed: 0
Total false cases across all files: 1330094
Average false cases per file: 24631.37
