Input directory: ../../CESM-LAND-MODELS/4/log_normalized/
Output directory: ../../CESM-LAND-MODELS/4/log_normalized/topoSZp_28_thread/
Dimensions: 192x288 (55296 elements)
Error bound: 1E-3
Block size: 16

Found 176 .dat file(s) to process

[1/176] Processing: ACTUAL_IMMOB_1_192_288.dat

compression time=0.002661, total fastmode1 topology
compression size = 53180, CR = 4.159158
done
decompression time=0.003899
done
Min=0, Max=1, range=1
Max absolute error = 0.0009999275
Max relative error = 0.001000
Max pw relative error = 0.001000
PSNR = 62.071961, NRMSE= 0.00078777456323031447554
acEff=1.000000
compressionRatio = 4.159158
  ✓ Compression and decompression successful (ratio: 4.15x)

[2/176] Processing: AGNPP_1_192_288.dat

compression time=0.003166, total fastmode1 topology
compression size = 54135, CR = 4.085785
done
decompression time=0.003759
done
Min=0, Max=1, range=1
Max absolute error = 0.0009999275
Max relative error = 0.001000
Max pw relative error = 0.001000
PSNR = 62.071983, NRMSE= 0.00078777255006754528383
acEff=1.000000
compressionRatio = 4.085786
  ✓ Compression and decompression successful (ratio: 4.08x)

[3/176] Processing: ANN_FAREA_BURNED_1_192_288.dat

compression time=0.003045, total fastmode1 topology
compression size = 55001, CR = 4.021454
done
decompression time=0.004076
done
Min=0, Max=1, range=1
Max absolute error = 0.0015493974
Max relative error = 0.001549
Max pw relative error = 0.001549
PSNR = 61.279264, NRMSE= 0.00086305167808356758174
acEff=1.000000
compressionRatio = 4.021454
  ✓ Compression and decompression successful (ratio: 4.02x)

[4/176] Processing: AR_1_192_288.dat

compression time=0.003064, total fastmode1 topology
compression size = 55568, CR = 3.980420
done
decompression time=0.003852
done
Min=0, Max=1, range=1
Max absolute error = 0.0009999275
Max relative error = 0.001000
Max pw relative error = 0.001000
PSNR = 62.071861, NRMSE= 0.00078778358330683351512
acEff=1.000000
compressionRatio = 3.980420
  ✓ Compression and decompression successful (ratio: 3.98x)

[5/176] Processing: area_192_288.dat

compression time=0.002256, total fastmode1 topology
compression size = 52527, CR = 4.210863
done
decompression time=0.003288
done
Min=0, Max=1, range=1
Max absolute error = 0.0009999275
Max relative error = 0.001000
Max pw relative error = 0.001000
PSNR = 61.236845, NRMSE= 0.00086727687525883757035
acEff=1.000000
compressionRatio = 4.210863
  ✓ Compression and decompression successful (ratio: 4.21x)

[6/176] Processing: areaatm_192_288.dat

compression time=0.002461, total fastmode1 topology
compression size = 52523, CR = 4.211184
done
decompression time=0.003830
done
Min=0, Max=1, range=1
Max absolute error = 0.0009999275
Max relative error = 0.001000
Max pw relative error = 0.001000
PSNR = 69.412901, NRMSE= 0.00033834124005249793148
acEff=1.000000
compressionRatio = 4.211184
  ✓ Compression and decompression successful (ratio: 4.21x)

[7/176] Processing: areaupsc_192_288.dat

compression time=0.002399, total fastmode1 topology
compression size = 52527, CR = 4.210863
done
decompression time=0.003307
done
Min=0, Max=1, range=1
Max absolute error = 0.0009999275
Max relative error = 0.001000
Max pw relative error = 0.001000
PSNR = 61.236845, NRMSE= 0.00086727687774441398517
acEff=1.000000
compressionRatio = 4.210863
  ✓ Compression and decompression successful (ratio: 4.21x)

[8/176] Processing: BCDEP_1_192_288.dat

compression time=0.002293, total fastmode1 topology
compression size = 52518, CR = 4.211585
done
decompression time=0.003373
done
Min=0, Max=1, range=1
Max absolute error = 0.0009999275
Max relative error = 0.001000
Max pw relative error = 0.001000
PSNR = 62.071967, NRMSE= 0.00078777397612012631852
acEff=1.000000
compressionRatio = 4.211585
  ✓ Compression and decompression successful (ratio: 4.21x)

[9/176] Processing: BGNPP_1_192_288.dat

compression time=0.002647, total fastmode1 topology
compression size = 54184, CR = 4.082091
done
decompression time=0.003857
done
Min=0, Max=1, range=1
Max absolute error = 0.0009999275
Max relative error = 0.001000
Max pw relative error = 0.001000
PSNR = 62.071966, NRMSE= 0.00078777408498823095397
acEff=1.000000
compressionRatio = 4.082091
  ✓ Compression and decompression successful (ratio: 4.08x)

[10/176] Processing: BTRAN_1_192_288.dat

compression time=0.002632, total fastmode1 topology
compression size = 57898, CR = 3.820235
done
decompression time=0.004158
done
Min=0, Max=1, range=1
Max absolute error = 0.0014253405
Max relative error = 0.001425
Max pw relative error = 0.001425
PSNR = 61.687107, NRMSE= 0.00082346406522544081386
acEff=1.000000
compressionRatio = 3.820236
  ✓ Compression and decompression successful (ratio: 3.82x)

[11/176] Processing: BUILDHEAT_1_192_288.dat

compression time=0.002936, total fastmode1 topology
compression size = 54785, CR = 4.037310
done
decompression time=0.004300
done
Min=0, Max=1, range=1
Max absolute error = 0.0010040253
Max relative error = 0.001004
Max pw relative error = 0.001004
PSNR = 62.001903, NRMSE= 0.0007941542207177064135
acEff=1.000000
compressionRatio = 4.037309
  ✓ Compression and decompression successful (ratio: 4.03x)

[12/176] Processing: COL_CTRUNC_1_192_288.dat

compression time=0.002464, total fastmode1 topology
compression size = 53498, CR = 4.134435
done
decompression time=0.003781
done
Min=0, Max=1, range=1
Max absolute error = 0.0009999987
Max relative error = 0.001000
Max pw relative error = 0.001000
PSNR = 62.071881, NRMSE= 0.00078778178304113810008
acEff=1.000000
compressionRatio = 4.134435
  ✓ Compression and decompression successful (ratio: 4.13x)

[13/176] Processing: COL_FIRE_CLOSS_1_192_288.dat

compression time=0.002325, total fastmode1 topology
compression size = 53011, CR = 4.172417
done
decompression time=0.003849
done
Min=0, Max=1, range=1
Max absolute error = 0.0009999871
Max relative error = 0.001000
Max pw relative error = 0.001000
PSNR = 62.071837, NRMSE= 0.00078778579105148759977
acEff=1.000000
compressionRatio = 4.172417
  ✓ Compression and decompression successful (ratio: 4.17x)

[14/176] Processing: COL_FIRE_NLOSS_1_192_288.dat

compression time=0.002265, total fastmode1 topology
compression size = 52551, CR = 4.208940
done
decompression time=0.003216
done
Min=0, Max=1, range=1
Max absolute error = 0.0009999275
Max relative error = 0.001000
Max pw relative error = 0.001000
PSNR = 62.071967, NRMSE= 0.00078777399827588661784
acEff=1.000000
compressionRatio = 4.208940
  ✓ Compression and decompression successful (ratio: 4.20x)

[15/176] Processing: COL_NTRUNC_1_192_288.dat

compression time=0.002348, total fastmode1 topology
compression size = 53117, CR = 4.164091
done
decompression time=0.003678
done
Min=0, Max=1, range=1
Max absolute error = 0.0013290693
Max relative error = 0.001329
Max pw relative error = 0.001329
PSNR = 62.062387, NRMSE= 0.0007886433387130056729
acEff=1.000000
compressionRatio = 4.164091
  ✓ Compression and decompression successful (ratio: 4.16x)

[16/176] Processing: CPOOL_1_192_288.dat

compression time=0.002135, total fastmode1 topology
compression size = 52518, CR = 4.211585
done
decompression time=0.003123
done
Min=0, Max=1, range=1
Max absolute error = 0.0009999275
Max relative error = 0.001000
Max pw relative error = 0.001000
PSNR = 62.071967, NRMSE= 0.00078777397612012631852
acEff=1.000000
compressionRatio = 4.211585
  ✓ Compression and decompression successful (ratio: 4.21x)

[17/176] Processing: CWDC_1_192_288.dat

compression time=0.002640, total fastmode1 topology
compression size = 60253, CR = 3.670921
done
decompression time=0.003973
done
Min=0, Max=1, range=1
Max absolute error = 0.0019370429
Max relative error = 0.001937
Max pw relative error = 0.001937
PSNR = 61.631422, NRMSE= 0.00082876023787037487317
acEff=1.000000
compressionRatio = 3.670921
  ✓ Compression and decompression successful (ratio: 3.67x)

[18/176] Processing: CWDC_HR_1_192_288.dat

compression time=0.002326, total fastmode1 topology
compression size = 52518, CR = 4.211585
done
decompression time=0.003187
done
Min=0, Max=1, range=1
Max absolute error = 0.0009999275
Max relative error = 0.001000
Max pw relative error = 0.001000
PSNR = 62.071967, NRMSE= 0.00078777397612012631852
acEff=1.000000
compressionRatio = 4.211585
  ✓ Compression and decompression successful (ratio: 4.21x)

[19/176] Processing: CWDC_LOSS_1_192_288.dat

compression time=0.002440, total fastmode1 topology
compression size = 54008, CR = 4.095393
done
decompression time=0.003828
done
Min=0, Max=1, range=1
Max absolute error = 0.0009999770
Max relative error = 0.001000
Max pw relative error = 0.001000
PSNR = 62.071847, NRMSE= 0.0007877848624712731427
acEff=1.000000
compressionRatio = 4.095393
  ✓ Compression and decompression successful (ratio: 4.09x)

[20/176] Processing: CWDN_1_192_288.dat

compression time=0.002672, total fastmode1 topology
compression size = 58648, CR = 3.771382
done
decompression time=0.004036
done
Min=0, Max=1, range=1
Max absolute error = 0.0016611414
Max relative error = 0.001661
Max pw relative error = 0.001661
PSNR = 61.677146, NRMSE= 0.00082440898550622415154
acEff=1.000000
compressionRatio = 3.771382
  ✓ Compression and decompression successful (ratio: 3.77x)

[21/176] Processing: DEADCROOTC_1_192_288.dat

compression time=0.002677, total fastmode1 topology
compression size = 60321, CR = 3.666783
done
decompression time=0.003999
done
Min=0, Max=1, range=1
Max absolute error = 0.0018982366
Max relative error = 0.001898
Max pw relative error = 0.001898
PSNR = 61.626776, NRMSE= 0.00082920364713019929
acEff=1.000000
compressionRatio = 3.666783
  ✓ Compression and decompression successful (ratio: 3.66x)

[22/176] Processing: DEADCROOTN_1_192_288.dat

compression time=0.002511, total fastmode1 topology
compression size = 58806, CR = 3.761249
done
decompression time=0.003997
done
Min=0, Max=1, range=1
Max absolute error = 0.0016184282
Max relative error = 0.001618
Max pw relative error = 0.001618
PSNR = 61.668957, NRMSE= 0.00082518661376990219518
acEff=1.000000
compressionRatio = 3.761249
  ✓ Compression and decompression successful (ratio: 3.76x)

[23/176] Processing: DEADSTEMC_1_192_288.dat

compression time=0.002550, total fastmode1 topology
compression size = 60475, CR = 3.657445
done
decompression time=0.004002
done
Min=0, Max=1, range=1
Max absolute error = 0.0018786788
Max relative error = 0.001879
Max pw relative error = 0.001879
PSNR = 61.628547, NRMSE= 0.00082903456732361991734
acEff=1.000000
compressionRatio = 3.657445
  ✓ Compression and decompression successful (ratio: 3.65x)

[24/176] Processing: DEADSTEMN_1_192_288.dat

compression time=0.002571, total fastmode1 topology
compression size = 59236, CR = 3.733946
done
decompression time=0.004222
done
Min=0, Max=1, range=1
Max absolute error = 0.0015565697
Max relative error = 0.001557
Max pw relative error = 0.001557
PSNR = 61.657792, NRMSE= 0.00082624794332440524864
acEff=1.000000
compressionRatio = 3.733946
  ✓ Compression and decompression successful (ratio: 3.73x)

[25/176] Processing: DENIT_1_192_288.dat

compression time=0.002176, total fastmode1 topology
compression size = 52634, CR = 4.202302
done
decompression time=0.003486
done
Min=0, Max=1, range=1
Max absolute error = 0.0009999275
Max relative error = 0.001000
Max pw relative error = 0.001000
PSNR = 62.071966, NRMSE= 0.00078777414021696215603
acEff=1.000000
compressionRatio = 4.202303
  ✓ Compression and decompression successful (ratio: 4.20x)

[26/176] Processing: DISPVEGC_1_192_288.dat

compression time=0.002803, total fastmode1 topology
compression size = 60782, CR = 3.638972
done
decompression time=0.004283
done
Min=0, Max=1, range=1
Max absolute error = 0.0017272756
Max relative error = 0.001727
Max pw relative error = 0.001727
PSNR = 61.590071, NRMSE= 0.00083271514689008281889
acEff=1.000000
compressionRatio = 3.638972
  ✓ Compression and decompression successful (ratio: 3.63x)

[27/176] Processing: DISPVEGN_1_192_288.dat

compression time=0.002711, total fastmode1 topology
compression size = 59709, CR = 3.704366
done
decompression time=0.004001
done
Min=0, Max=1, range=1
Max absolute error = 0.0016675610
Max relative error = 0.001668
Max pw relative error = 0.001668
PSNR = 61.599530, NRMSE= 0.00083180873637722294034
acEff=1.000000
compressionRatio = 3.704366
  ✓ Compression and decompression successful (ratio: 3.70x)

[28/176] Processing: DSTDEP_1_192_288.dat

compression time=0.002237, total fastmode1 topology
compression size = 52518, CR = 4.211585
done
decompression time=0.006973
done
Min=0, Max=1, range=1
Max absolute error = 0.0009999275
Max relative error = 0.001000
Max pw relative error = 0.001000
PSNR = 62.071967, NRMSE= 0.00078777397612012631852
acEff=1.000000
compressionRatio = 4.211585
  ✓ Compression and decompression successful (ratio: 4.21x)

[29/176] Processing: DSTFLXT_1_192_288.dat

compression time=0.002171, total fastmode1 topology
compression size = 52585, CR = 4.206219
done
decompression time=0.003387
done
Min=0, Max=1, range=1
Max absolute error = 0.0009999275
Max relative error = 0.001000
Max pw relative error = 0.001000
PSNR = 62.071967, NRMSE= 0.00078777397911756010841
acEff=1.000000
compressionRatio = 4.206219
  ✓ Compression and decompression successful (ratio: 4.20x)

[30/176] Processing: DWT_CLOSS_1_192_288.dat

compression time=0.002108, total fastmode1 topology
compression size = 52518, CR = 4.211585
done
decompression time=0.003383
done
Min=0, Max=1, range=1
Max absolute error = 0.0009999275
Max relative error = 0.001000
Max pw relative error = 0.001000
PSNR = 62.071967, NRMSE= 0.00078777397612012631852
acEff=1.000000
compressionRatio = 4.211585
  ✓ Compression and decompression successful (ratio: 4.21x)

[31/176] Processing: DWT_CONV_CFLUX_1_192_288.dat

compression time=0.002156, total fastmode1 topology
compression size = 52518, CR = 4.211585
done
decompression time=0.003357
done
Min=0, Max=1, range=1
Max absolute error = 0.0009999275
Max relative error = 0.001000
Max pw relative error = 0.001000
PSNR = 62.071967, NRMSE= 0.00078777397612012631852
acEff=1.000000
compressionRatio = 4.211585
  ✓ Compression and decompression successful (ratio: 4.21x)

[32/176] Processing: DWT_CONV_NFLUX_1_192_288.dat

compression time=0.002461, total fastmode1 topology
compression size = 52518, CR = 4.211585
done
decompression time=0.003226
done
Min=0, Max=1, range=1
Max absolute error = 0.0009999275
Max relative error = 0.001000
Max pw relative error = 0.001000
PSNR = 62.071967, NRMSE= 0.00078777397612012631852
acEff=1.000000
compressionRatio = 4.211585
  ✓ Compression and decompression successful (ratio: 4.21x)

[33/176] Processing: DWT_NLOSS_1_192_288.dat

compression time=0.002073, total fastmode1 topology
compression size = 52518, CR = 4.211585
done
decompression time=0.003273
done
Min=0, Max=1, range=1
Max absolute error = 0.0009999275
Max relative error = 0.001000
Max pw relative error = 0.001000
PSNR = 62.071967, NRMSE= 0.00078777397612012631852
acEff=1.000000
compressionRatio = 4.211585
  ✓ Compression and decompression successful (ratio: 4.21x)

[34/176] Processing: DWT_PROD100C_GAIN_1_192_288.dat

compression time=0.002403, total fastmode1 topology
compression size = 52518, CR = 4.211585
done
decompression time=0.003253
done
Min=0, Max=1, range=1
Max absolute error = 0.0009999275
Max relative error = 0.001000
Max pw relative error = 0.001000
PSNR = 62.071967, NRMSE= 0.00078777397612012631852
acEff=1.000000
compressionRatio = 4.211585
  ✓ Compression and decompression successful (ratio: 4.21x)

[35/176] Processing: DWT_PROD100N_GAIN_1_192_288.dat

compression time=0.002236, total fastmode1 topology
compression size = 52518, CR = 4.211585
done
decompression time=0.003291
done
Min=0, Max=1, range=1
Max absolute error = 0.0009999275
Max relative error = 0.001000
Max pw relative error = 0.001000
PSNR = 62.071967, NRMSE= 0.00078777397612012631852
acEff=1.000000
compressionRatio = 4.211585
  ✓ Compression and decompression successful (ratio: 4.21x)

[36/176] Processing: DWT_PROD10C_GAIN_1_192_288.dat

compression time=0.002752, total fastmode1 topology
compression size = 52518, CR = 4.211585
done
decompression time=0.003369
done
Min=0, Max=1, range=1
Max absolute error = 0.0009999275
Max relative error = 0.001000
Max pw relative error = 0.001000
PSNR = 62.071967, NRMSE= 0.00078777397612012631852
acEff=1.000000
compressionRatio = 4.211585
  ✓ Compression and decompression successful (ratio: 4.21x)

[37/176] Processing: DWT_PROD10N_GAIN_1_192_288.dat

compression time=0.002574, total fastmode1 topology
compression size = 52518, CR = 4.211585
done
decompression time=0.003175
done
Min=0, Max=1, range=1
Max absolute error = 0.0009999275
Max relative error = 0.001000
Max pw relative error = 0.001000
PSNR = 62.071967, NRMSE= 0.00078777397612012631852
acEff=1.000000
compressionRatio = 4.211585
  ✓ Compression and decompression successful (ratio: 4.21x)

[38/176] Processing: DWT_SEEDC_TO_DEADSTEM_1_192_288.dat

compression time=0.002616, total fastmode1 topology
compression size = 52518, CR = 4.211585
done
decompression time=0.003207
done
Min=0, Max=1, range=1
Max absolute error = 0.0009999275
Max relative error = 0.001000
Max pw relative error = 0.001000
PSNR = 62.071967, NRMSE= 0.00078777397612012631852
acEff=1.000000
compressionRatio = 4.211585
  ✓ Compression and decompression successful (ratio: 4.21x)

[39/176] Processing: DWT_SEEDC_TO_LEAF_1_192_288.dat

compression time=0.002475, total fastmode1 topology
compression size = 52518, CR = 4.211585
done
decompression time=0.003193
done
Min=0, Max=1, range=1
Max absolute error = 0.0009999275
Max relative error = 0.001000
Max pw relative error = 0.001000
PSNR = 62.071967, NRMSE= 0.00078777397612012631852
acEff=1.000000
compressionRatio = 4.211585
  ✓ Compression and decompression successful (ratio: 4.21x)

[40/176] Processing: DWT_SEEDN_TO_DEADSTEM_1_192_288.dat

compression time=0.002489, total fastmode1 topology
compression size = 52518, CR = 4.211585
done
decompression time=0.003390
done
Min=0, Max=1, range=1
Max absolute error = 0.0009999275
Max relative error = 0.001000
Max pw relative error = 0.001000
PSNR = 62.071967, NRMSE= 0.00078777397612012631852
acEff=1.000000
compressionRatio = 4.211585
  ✓ Compression and decompression successful (ratio: 4.21x)

[41/176] Processing: DWT_SEEDN_TO_LEAF_1_192_288.dat

compression time=0.002244, total fastmode1 topology
compression size = 52518, CR = 4.211585
done
decompression time=0.003323
done
Min=0, Max=1, range=1
Max absolute error = 0.0009999275
Max relative error = 0.001000
Max pw relative error = 0.001000
PSNR = 62.071967, NRMSE= 0.00078777397612012631852
acEff=1.000000
compressionRatio = 4.211585
  ✓ Compression and decompression successful (ratio: 4.21x)

[42/176] Processing: EFLX_DYNBAL_1_192_288.dat

compression time=0.002202, total fastmode1 topology
compression size = 52518, CR = 4.211585
done
decompression time=0.003422
done
Min=0, Max=1, range=1
Max absolute error = 0.0009999275
Max relative error = 0.001000
Max pw relative error = 0.001000
PSNR = 62.071967, NRMSE= 0.00078777397612012631852
acEff=1.000000
compressionRatio = 4.211585
  ✓ Compression and decompression successful (ratio: 4.21x)

[43/176] Processing: EFLX_LH_TOT_R_1_192_288.dat

compression time=0.002657, total fastmode1 topology
compression size = 57239, CR = 3.864218
done
decompression time=0.004269
done
Min=0, Max=1, range=1
Max absolute error = 0.0013161227
Max relative error = 0.001316
Max pw relative error = 0.001316
PSNR = 60.842323, NRMSE= 0.00090757782080448884485
acEff=1.000000
compressionRatio = 3.864218
  ✓ Compression and decompression successful (ratio: 3.86x)

[44/176] Processing: EFLX_LH_TOT_U_1_192_288.dat

compression time=0.002658, total fastmode1 topology
compression size = 51243, CR = 4.316375
done
decompression time=0.004089
done
Min=0, Max=1, range=1
Max absolute error = 0.0012835730
Max relative error = 0.001284
Max pw relative error = 0.001284
PSNR = 60.241105, NRMSE= 0.00097262343240127043052
acEff=1.000000
compressionRatio = 4.316375
  ✓ Compression and decompression successful (ratio: 4.31x)

[45/176] Processing: ELAI_1_192_288.dat

compression time=0.002489, total fastmode1 topology
compression size = 59113, CR = 3.741715
done
decompression time=0.008334
done
Min=0, Max=1, range=1
Max absolute error = 0.0016564410
Max relative error = 0.001656
Max pw relative error = 0.001656
PSNR = 61.638284, NRMSE= 0.00082810576393378340643
acEff=1.000000
compressionRatio = 3.741715
  ✓ Compression and decompression successful (ratio: 3.74x)

[46/176] Processing: ER_1_192_288.dat

compression time=0.002837, total fastmode1 topology
compression size = 55689, CR = 3.971772
done
decompression time=0.004041
done
Min=0, Max=1, range=1
Max absolute error = 0.0009999275
Max relative error = 0.001000
Max pw relative error = 0.001000
PSNR = 62.071981, NRMSE= 0.00078777270265847757803
acEff=1.000000
compressionRatio = 3.971772
  ✓ Compression and decompression successful (ratio: 3.97x)

[47/176] Processing: ERRH2O_1_192_288.dat

compression time=0.002494, total fastmode1 topology
compression size = 52518, CR = 4.211585
done
decompression time=0.003413
done
Min=0, Max=1, range=1
Max absolute error = 0.0009999275
Max relative error = 0.001000
Max pw relative error = 0.001000
PSNR = 62.071967, NRMSE= 0.00078777397612012631852
acEff=1.000000
compressionRatio = 4.211585
  ✓ Compression and decompression successful (ratio: 4.21x)

[48/176] Processing: ERRSEB_1_192_288.dat

compression time=0.002586, total fastmode1 topology
compression size = 52518, CR = 4.211585
done
decompression time=0.003011
done
Min=0, Max=1, range=1
Max absolute error = 0.0009999275
Max relative error = 0.001000
Max pw relative error = 0.001000
PSNR = 62.071967, NRMSE= 0.00078777397612012631852
acEff=1.000000
compressionRatio = 4.211585
  ✓ Compression and decompression successful (ratio: 4.21x)

[49/176] Processing: ERRSOI_1_192_288.dat

compression time=0.002281, total fastmode1 topology
compression size = 52518, CR = 4.211585
done
decompression time=0.003511
done
Min=0, Max=1, range=1
Max absolute error = 0.0009999275
Max relative error = 0.001000
Max pw relative error = 0.001000
PSNR = 62.071967, NRMSE= 0.00078777397612012631852
acEff=1.000000
compressionRatio = 4.211585
  ✓ Compression and decompression successful (ratio: 4.21x)

[50/176] Processing: ERRSOL_1_192_288.dat

compression time=0.018988, total fastmode1 topology
compression size = 52518, CR = 4.211585
done
decompression time=0.003301
done
Min=0, Max=1, range=1
Max absolute error = 0.0009999275
Max relative error = 0.001000
Max pw relative error = 0.001000
PSNR = 62.071967, NRMSE= 0.00078777397612012631852
acEff=1.000000
compressionRatio = 4.211585
  ✓ Compression and decompression successful (ratio: 4.21x)

[51/176] Processing: ESAI_1_192_288.dat

compression time=0.003464, total fastmode1 topology
compression size = 59553, CR = 3.714070
done
decompression time=0.004534
done
Min=0, Max=1, range=1
Max absolute error = 0.0015745545
Max relative error = 0.001575
Max pw relative error = 0.001575
PSNR = 61.568246, NRMSE= 0.00083481007729691893149
acEff=1.000000
compressionRatio = 3.714070
  ✓ Compression and decompression successful (ratio: 3.71x)

[52/176] Processing: FCEV_1_192_288.dat

compression time=0.002788, total fastmode1 topology
compression size = 58353, CR = 3.790448
done
decompression time=0.004085
done
Min=0, Max=1, range=1
Max absolute error = 0.0015309565
Max relative error = 0.001531
Max pw relative error = 0.001531
PSNR = 61.341464, NRMSE= 0.00085689336037474822787
acEff=1.000000
compressionRatio = 3.790448
  ✓ Compression and decompression successful (ratio: 3.79x)

[53/176] Processing: FCOV_1_192_288.dat

compression time=0.002779, total fastmode1 topology
compression size = 58782, CR = 3.762784
done
decompression time=0.004297
done
Min=0, Max=1, range=1
Max absolute error = 0.0015401798
Max relative error = 0.001540
Max pw relative error = 0.001540
PSNR = 60.908083, NRMSE= 0.00090073256912215576928
acEff=1.000000
compressionRatio = 3.762785
  ✓ Compression and decompression successful (ratio: 3.76x)

[54/176] Processing: FCTR_1_192_288.dat

compression time=0.002681, total fastmode1 topology
compression size = 57990, CR = 3.814175
done
decompression time=0.004099
done
Min=0, Max=1, range=1
Max absolute error = 0.0017816611
Max relative error = 0.001782
Max pw relative error = 0.001782
PSNR = 61.723025, NRMSE= 0.00082006588345664738638
acEff=1.000000
compressionRatio = 3.814175
  ✓ Compression and decompression successful (ratio: 3.81x)

[55/176] Processing: FGEV_1_192_288.dat

compression time=0.002909, total fastmode1 topology
compression size = 62275, CR = 3.551730
done
decompression time=0.004409
done
Min=0, Max=1, range=1
Max absolute error = 0.0016059764
Max relative error = 0.001606
Max pw relative error = 0.001606
PSNR = 61.255998, NRMSE= 0.00086536655588339542102
acEff=1.000000
compressionRatio = 3.551730
  ✓ Compression and decompression successful (ratio: 3.55x)

[56/176] Processing: FGR_1_192_288.dat

compression time=0.003038, total fastmode1 topology
compression size = 61013, CR = 3.625195
done
decompression time=0.004433
done
Min=0, Max=1, range=1
Max absolute error = 0.0014040023
Max relative error = 0.001404
Max pw relative error = 0.001404
PSNR = 61.230215, NRMSE= 0.00086793907398897464107
acEff=1.000000
compressionRatio = 3.625195
  ✓ Compression and decompression successful (ratio: 3.62x)

[57/176] Processing: FGR12_1_192_288.dat

compression time=0.002894, total fastmode1 topology
compression size = 61171, CR = 3.615831
done
decompression time=0.004389
done
Min=0, Max=1, range=1
Max absolute error = 0.0016045235
Max relative error = 0.001605
Max pw relative error = 0.001605
PSNR = 61.249569, NRMSE= 0.00086600727364208296942
acEff=1.000000
compressionRatio = 3.615831
  ✓ Compression and decompression successful (ratio: 3.61x)

[58/176] Processing: FGR_R_1_192_288.dat

compression time=0.002880, total fastmode1 topology
compression size = 56927, CR = 3.885397
done
decompression time=0.004030
done
Min=0, Max=1, range=1
Max absolute error = 0.0011734813
Max relative error = 0.001173
Max pw relative error = 0.001173
PSNR = 60.826096, NRMSE= 0.00090927494251689022688
acEff=1.000000
compressionRatio = 3.885397
  ✓ Compression and decompression successful (ratio: 3.88x)

[59/176] Processing: FGR_U_1_192_288.dat

compression time=0.002438, total fastmode1 topology
compression size = 51328, CR = 4.309227
done
decompression time=0.003810
done
Min=0, Max=1, range=1
Max absolute error = 0.0010039955
Max relative error = 0.001004
Max pw relative error = 0.001004
PSNR = 60.219143, NRMSE= 0.00097508585393279642844
acEff=1.000000
compressionRatio = 4.309227
  ✓ Compression and decompression successful (ratio: 4.30x)

[60/176] Processing: FIRA_1_192_288.dat

compression time=0.002907, total fastmode1 topology
compression size = 60355, CR = 3.664717
done
decompression time=0.004167
done
Min=0, Max=1, range=1
Max absolute error = 0.0014234111
Max relative error = 0.001423
Max pw relative error = 0.001423
PSNR = 61.289123, NRMSE= 0.00086207261304089254084
acEff=1.000000
compressionRatio = 3.664717
  ✓ Compression and decompression successful (ratio: 3.66x)

[61/176] Processing: FIRA_R_1_192_288.dat

compression time=0.002781, total fastmode1 topology
compression size = 56657, CR = 3.903913
done
decompression time=0.004262
done
Min=0, Max=1, range=1
Max absolute error = 0.0012866966
Max relative error = 0.001287
Max pw relative error = 0.001287
PSNR = 60.843241, NRMSE= 0.00090748180679653476632
acEff=1.000000
compressionRatio = 3.903913
  ✓ Compression and decompression successful (ratio: 3.90x)

[62/176] Processing: FIRA_U_1_192_288.dat

compression time=0.002511, total fastmode1 topology
compression size = 51239, CR = 4.316712
done
decompression time=0.003939
done
Min=0, Max=1, range=1
Max absolute error = 0.0009999275
Max relative error = 0.001000
Max pw relative error = 0.001000
PSNR = 60.241245, NRMSE= 0.00097260777617716725075
acEff=1.000000
compressionRatio = 4.316712
  ✓ Compression and decompression successful (ratio: 4.31x)

[63/176] Processing: FIRE_1_192_288.dat

compression time=0.002745, total fastmode1 topology
compression size = 58106, CR = 3.806561
done
decompression time=0.004126
done
Min=0, Max=1, range=1
Max absolute error = 0.0014962628
Max relative error = 0.001496
Max pw relative error = 0.001496
PSNR = 61.263587, NRMSE= 0.00086461074890838076224
acEff=1.000000
compressionRatio = 3.806560
  ✓ Compression and decompression successful (ratio: 3.80x)

[64/176] Processing: FIRESEASONL_1_192_288.dat

compression time=0.002618, total fastmode1 topology
compression size = 58759, CR = 3.764257
done
decompression time=0.004095
done
Min=0, Max=1, range=1
Max absolute error = 0.0018511489
Max relative error = 0.001851
Max pw relative error = 0.001851
PSNR = 60.993505, NRMSE= 0.00089191762209591849905
acEff=1.000000
compressionRatio = 3.764257
  ✓ Compression and decompression successful (ratio: 3.76x)

[65/176] Processing: FLDS_1_192_288.dat

compression time=0.002719, total fastmode1 topology
compression size = 58106, CR = 3.806561
done
decompression time=0.003918
done
Min=0, Max=1, range=1
Max absolute error = 0.0011940412
Max relative error = 0.001194
Max pw relative error = 0.001194
PSNR = 61.254516, NRMSE= 0.00086551424825003148763
acEff=1.000000
compressionRatio = 3.806560
  ✓ Compression and decompression successful (ratio: 3.80x)

[66/176] Processing: FLUXFM2A_1_192_288.dat

compression time=0.002251, total fastmode1 topology
compression size = 52518, CR = 4.211585
done
decompression time=0.003161
done
Min=0, Max=1, range=1
Max absolute error = 0.0009999275
Max relative error = 0.001000
Max pw relative error = 0.001000
PSNR = 62.071967, NRMSE= 0.00078777397612012631852
acEff=1.000000
compressionRatio = 4.211585
  ✓ Compression and decompression successful (ratio: 4.21x)

[67/176] Processing: FLUXFMLND_1_192_288.dat

compression time=0.002341, total fastmode1 topology
compression size = 52518, CR = 4.211585
done
decompression time=0.003289
done
Min=0, Max=1, range=1
Max absolute error = 0.0009999275
Max relative error = 0.001000
Max pw relative error = 0.001000
PSNR = 62.071967, NRMSE= 0.00078777397612012631852
acEff=1.000000
compressionRatio = 4.211585
  ✓ Compression and decompression successful (ratio: 4.21x)

[68/176] Processing: FPG_1_192_288.dat

compression time=0.003022, total fastmode1 topology
compression size = 54727, CR = 4.041588
done
decompression time=0.003951
done
Min=0, Max=1, range=1
Max absolute error = 0.0009999711
Max relative error = 0.001000
Max pw relative error = 0.001000
PSNR = 60.849653, NRMSE= 0.00090681216731032521228
acEff=1.000000
compressionRatio = 4.041588
  ✓ Compression and decompression successful (ratio: 4.04x)

[69/176] Processing: FPI_1_192_288.dat

compression time=0.002882, total fastmode1 topology
compression size = 57561, CR = 3.842602
done
decompression time=0.004140
done
Min=0, Max=1, range=1
Max absolute error = 0.0012885728
Max relative error = 0.001289
Max pw relative error = 0.001289
PSNR = 61.016223, NRMSE= 0.00088958781384896278271
acEff=1.000000
compressionRatio = 3.842602
  ✓ Compression and decompression successful (ratio: 3.84x)

[70/176] Processing: FPSN_1_192_288.dat

compression time=0.002602, total fastmode1 topology
compression size = 57492, CR = 3.847214
done
decompression time=0.003875
done
Min=0, Max=1, range=1
Max absolute error = 0.0018265098
Max relative error = 0.001827
Max pw relative error = 0.001827
PSNR = 61.695454, NRMSE= 0.00082267312085388896465
acEff=1.000000
compressionRatio = 3.847214
  ✓ Compression and decompression successful (ratio: 3.84x)

[71/176] Processing: FROOTC_1_192_288.dat

compression time=0.002620, total fastmode1 topology
compression size = 60252, CR = 3.670982
done
decompression time=0.004145
done
Min=0, Max=1, range=1
Max absolute error = 0.0019731969
Max relative error = 0.001973
Max pw relative error = 0.001973
PSNR = 61.622323, NRMSE= 0.00082962884864030723032
acEff=1.000000
compressionRatio = 3.670982
  ✓ Compression and decompression successful (ratio: 3.67x)

[72/176] Processing: FROOTC_ALLOC_1_192_288.dat

compression time=0.002698, total fastmode1 topology
compression size = 54146, CR = 4.084956
done
decompression time=0.003590
done
Min=0, Max=1, range=1
Max absolute error = 0.0009999275
Max relative error = 0.001000
Max pw relative error = 0.001000
PSNR = 62.071976, NRMSE= 0.00078777316920584569953
acEff=1.000000
compressionRatio = 4.084955
  ✓ Compression and decompression successful (ratio: 4.08x)

[73/176] Processing: FROOTC_LOSS_1_192_288.dat

compression time=0.002766, total fastmode1 topology
compression size = 54892, CR = 4.029439
done
decompression time=0.003785
done
Min=0, Max=1, range=1
Max absolute error = 0.0009999275
Max relative error = 0.001000
Max pw relative error = 0.001000
PSNR = 62.071959, NRMSE= 0.00078777474364871387987
acEff=1.000000
compressionRatio = 4.029440
  ✓ Compression and decompression successful (ratio: 4.02x)

[74/176] Processing: FROOTN_1_192_288.dat

compression time=0.002518, total fastmode1 topology
compression size = 59240, CR = 3.733693
done
decompression time=0.004310
done
Min=0, Max=1, range=1
Max absolute error = 0.0016909055
Max relative error = 0.001691
Max pw relative error = 0.001691
PSNR = 61.638884, NRMSE= 0.00082804856674808288274
acEff=1.000000
compressionRatio = 3.733693
  ✓ Compression and decompression successful (ratio: 3.73x)

[75/176] Processing: FSA_1_192_288.dat

compression time=0.004828, total fastmode1 topology
compression size = 59937, CR = 3.690275
done
decompression time=0.004335
done
Min=0, Max=1, range=1
Max absolute error = 0.0014230125
Max relative error = 0.001423
Max pw relative error = 0.001423
PSNR = 61.360528, NRMSE= 0.00085501475463081765601
acEff=1.000000
compressionRatio = 3.690275
  ✓ Compression and decompression successful (ratio: 3.69x)

[76/176] Processing: FSA_R_1_192_288.dat

compression time=0.002997, total fastmode1 topology
compression size = 55329, CR = 3.997614
done
decompression time=0.004861
done
Min=0, Max=1, range=1
Max absolute error = 0.0014230125
Max relative error = 0.001423
Max pw relative error = 0.001423
PSNR = 60.895100, NRMSE= 0.00090207986500017301856
acEff=1.000000
compressionRatio = 3.997614
  ✓ Compression and decompression successful (ratio: 3.99x)

[77/176] Processing: FSAT_1_192_288.dat

compression time=0.003300, total fastmode1 topology
compression size = 58313, CR = 3.793048
done
decompression time=0.004620
done
Min=0, Max=1, range=1
Max absolute error = 0.0010014921
Max relative error = 0.001001
Max pw relative error = 0.001001
PSNR = 60.881201, NRMSE= 0.00090352448704074492421
acEff=1.000000
compressionRatio = 3.793048
  ✓ Compression and decompression successful (ratio: 3.79x)

[78/176] Processing: FSA_U_1_192_288.dat

compression time=0.002861, total fastmode1 topology
compression size = 50976, CR = 4.338983
done
decompression time=0.004357
done
Min=0, Max=1, range=1
Max absolute error = 0.0009999275
Max relative error = 0.001000
Max pw relative error = 0.001000
PSNR = 60.241001, NRMSE= 0.00097263515571777560235
acEff=1.000000
compressionRatio = 4.338983
  ✓ Compression and decompression successful (ratio: 4.33x)

[79/176] Processing: FSDS_1_192_288.dat

compression time=0.003114, total fastmode1 topology
compression size = 56838, CR = 3.891481
done
decompression time=0.004704
done
Min=0, Max=1, range=1
Max absolute error = 0.0012363791
Max relative error = 0.001236
Max pw relative error = 0.001236
PSNR = 61.345552, NRMSE= 0.00085649023333662563633
acEff=1.000000
compressionRatio = 3.891481
  ✓ Compression and decompression successful (ratio: 3.89x)

[80/176] Processing: FSDSND_1_192_288.dat

compression time=0.002987, total fastmode1 topology
compression size = 57805, CR = 3.826382
done
decompression time=0.004872
done
Min=0, Max=1, range=1
Max absolute error = 0.0011715107
Max relative error = 0.001172
Max pw relative error = 0.001172
PSNR = 61.354087, NRMSE= 0.00085564903045497349692
acEff=1.000000
compressionRatio = 3.826382
  ✓ Compression and decompression successful (ratio: 3.82x)

[81/176] Processing: FSDSNDLN_1_192_288.dat

compression time=0.002982, total fastmode1 topology
compression size = 58650, CR = 3.771253
done
decompression time=0.004516
done
Min=0, Max=1, range=1
Max absolute error = 0.0013469346
Max relative error = 0.001347
Max pw relative error = 0.001347
PSNR = 61.347599, NRMSE= 0.00085628836441634049916
acEff=1.000000
compressionRatio = 3.771253
  ✓ Compression and decompression successful (ratio: 3.77x)

[82/176] Processing: FSDSNI_1_192_288.dat

compression time=0.003070, total fastmode1 topology
compression size = 59458, CR = 3.720004
done
decompression time=0.004649
done
Min=0, Max=1, range=1
Max absolute error = 0.0016739070
Max relative error = 0.001674
Max pw relative error = 0.001674
PSNR = 61.335072, NRMSE= 0.00085752426085622802769
acEff=1.000000
compressionRatio = 3.720004
  ✓ Compression and decompression successful (ratio: 3.72x)

[83/176] Processing: FSDSVD_1_192_288.dat

compression time=0.002924, total fastmode1 topology
compression size = 57651, CR = 3.836603
done
decompression time=0.005093
done
Min=0, Max=1, range=1
Max absolute error = 0.0011562072
Max relative error = 0.001156
Max pw relative error = 0.001156
PSNR = 61.374151, NRMSE= 0.00085367480013712540576
acEff=1.000000
compressionRatio = 3.836603
  ✓ Compression and decompression successful (ratio: 3.83x)

[84/176] Processing: FSDSVDLN_1_192_288.dat

compression time=0.006704, total fastmode1 topology
compression size = 58344, CR = 3.791033
done
decompression time=0.004201
done
Min=0, Max=1, range=1
Max absolute error = 0.0011641365
Max relative error = 0.001164
Max pw relative error = 0.001164
PSNR = 61.371219, NRMSE= 0.00085396302163408775981
acEff=1.000000
compressionRatio = 3.791032
  ✓ Compression and decompression successful (ratio: 3.79x)

[85/176] Processing: FSDSVI_1_192_288.dat

compression time=0.002768, total fastmode1 topology
compression size = 58561, CR = 3.776985
done
decompression time=0.004508
done
Min=0, Max=1, range=1
Max absolute error = 0.0015119053
Max relative error = 0.001512
Max pw relative error = 0.001512
PSNR = 61.356322, NRMSE= 0.00085542888800294470536
acEff=1.000000
compressionRatio = 3.776985
  ✓ Compression and decompression successful (ratio: 3.77x)

[86/176] Processing: FSH_1_192_288.dat

compression time=0.002934, total fastmode1 topology
compression size = 61286, CR = 3.609046
done
decompression time=0.004427
done
Min=0, Max=1, range=1
Max absolute error = 0.0010882802
Max relative error = 0.001088
Max pw relative error = 0.001088
PSNR = 61.285966, NRMSE= 0.00086238604301298350807
acEff=1.000000
compressionRatio = 3.609046
  ✓ Compression and decompression successful (ratio: 3.60x)

[87/176] Processing: FSH_G_1_192_288.dat

compression time=0.003164, total fastmode1 topology
compression size = 62517, CR = 3.537982
done
decompression time=0.004349
done
Min=0, Max=1, range=1
Max absolute error = 0.0013391674
Max relative error = 0.001339
Max pw relative error = 0.001339
PSNR = 61.227418, NRMSE= 0.00086821864574225223257
acEff=1.000000
compressionRatio = 3.537982
  ✓ Compression and decompression successful (ratio: 3.53x)

[88/176] Processing: FSH_NODYNLNDUSE_1_192_288.dat

compression time=0.003470, total fastmode1 topology
compression size = 61284, CR = 3.609164
done
decompression time=0.004428
done
Min=0, Max=1, range=1
Max absolute error = 0.0010882802
Max relative error = 0.001088
Max pw relative error = 0.001088
PSNR = 61.285998, NRMSE= 0.00086238280905081849802
acEff=1.000000
compressionRatio = 3.609164
  ✓ Compression and decompression successful (ratio: 3.60x)

[89/176] Processing: FSH_R_1_192_288.dat

compression time=0.003510, total fastmode1 topology
compression size = 56902, CR = 3.887104
done
decompression time=0.004582
done
Min=0, Max=1, range=1
Max absolute error = 0.0010764189
Max relative error = 0.001076
Max pw relative error = 0.001076
PSNR = 60.843851, NRMSE= 0.00090741815335305259227
acEff=1.000000
compressionRatio = 3.887104
  ✓ Compression and decompression successful (ratio: 3.88x)

[90/176] Processing: FSH_U_1_192_288.dat

compression time=0.002646, total fastmode1 topology
compression size = 51378, CR = 4.305033
done
decompression time=0.003948
done
Min=0, Max=1, range=1
Max absolute error = 0.0010040328
Max relative error = 0.001004
Max pw relative error = 0.001004
PSNR = 60.238928, NRMSE= 0.00097286733135700930331
acEff=1.000000
compressionRatio = 4.305033
  ✓ Compression and decompression successful (ratio: 4.30x)

[91/176] Processing: FSH_V_1_192_288.dat

compression time=0.003004, total fastmode1 topology
compression size = 58293, CR = 3.794349
done
decompression time=0.004094
done
Min=0, Max=1, range=1
Max absolute error = 0.0014131702
Max relative error = 0.001413
Max pw relative error = 0.001413
PSNR = 61.511677, NRMSE= 0.00084026475274642342499
acEff=1.000000
compressionRatio = 3.794349
  ✓ Compression and decompression successful (ratio: 3.79x)

[92/176] Processing: FSM_1_192_288.dat

compression time=0.002881, total fastmode1 topology
compression size = 59622, CR = 3.709772
done
decompression time=0.004061
done
Min=0, Max=1, range=1
Max absolute error = 0.0017386107
Max relative error = 0.001739
Max pw relative error = 0.001739
PSNR = 61.795979, NRMSE= 0.00081320692227820434803
acEff=1.000000
compressionRatio = 3.709772
  ✓ Compression and decompression successful (ratio: 3.70x)

[93/176] Processing: FSM_R_1_192_288.dat

compression time=0.002869, total fastmode1 topology
compression size = 55853, CR = 3.960109
done
decompression time=0.004012
done
Min=0, Max=1, range=1
Max absolute error = 0.0014816709
Max relative error = 0.001482
Max pw relative error = 0.001482
PSNR = 61.167086, NRMSE= 0.00087427024690510694513
acEff=1.000000
compressionRatio = 3.960110
  ✓ Compression and decompression successful (ratio: 3.96x)

[94/176] Processing: FSM_U_1_192_288.dat

compression time=0.002557, total fastmode1 topology
compression size = 51152, CR = 4.324054
done
decompression time=0.003522
done
Min=0, Max=1, range=1
Max absolute error = 0.0009999641
Max relative error = 0.001000
Max pw relative error = 0.001000
PSNR = 60.331992, NRMSE= 0.00096249924199104798343
acEff=1.000000
compressionRatio = 4.324054
  ✓ Compression and decompression successful (ratio: 4.32x)

[95/176] Processing: FSNO_1_192_288.dat

compression time=0.002330, total fastmode1 topology
compression size = 55167, CR = 4.009354
done
decompression time=0.004589
done
Min=0, Max=1, range=1
Max absolute error = 0.0013746596
Max relative error = 0.001375
Max pw relative error = 0.001375
PSNR = 61.790931, NRMSE= 0.00081367960518031242495
acEff=1.000000
compressionRatio = 4.009353
  ✓ Compression and decompression successful (ratio: 4.00x)

[96/176] Processing: FSR_1_192_288.dat

compression time=0.002570, total fastmode1 topology
compression size = 60824, CR = 3.636459
done
decompression time=0.004285
done
Min=0, Max=1, range=1
Max absolute error = 0.0016473122
Max relative error = 0.001647
Max pw relative error = 0.001647
PSNR = 61.370699, NRMSE= 0.00085401415322755374563
acEff=1.000000
compressionRatio = 3.636459
  ✓ Compression and decompression successful (ratio: 3.63x)

[97/176] Processing: FSRND_1_192_288.dat

compression time=0.002705, total fastmode1 topology
compression size = 60596, CR = 3.650142
done
decompression time=0.004182
done
Min=0, Max=1, range=1
Max absolute error = 0.0014392920
Max relative error = 0.001439
Max pw relative error = 0.001439
PSNR = 61.348770, NRMSE= 0.00085617292566341829992
acEff=1.000000
compressionRatio = 3.650142
  ✓ Compression and decompression successful (ratio: 3.65x)

[98/176] Processing: FSRNDLN_1_192_288.dat

compression time=0.002917, total fastmode1 topology
compression size = 61411, CR = 3.601700
done
decompression time=0.003901
done
Min=0, Max=1, range=1
Max absolute error = 0.0019427389
Max relative error = 0.001943
Max pw relative error = 0.001943
PSNR = 61.351089, NRMSE= 0.00085594437462883595814
acEff=1.000000
compressionRatio = 3.601700
  ✓ Compression and decompression successful (ratio: 3.60x)

[99/176] Processing: FSRNI_1_192_288.dat

compression time=0.002839, total fastmode1 topology
compression size = 61107, CR = 3.619618
done
decompression time=0.004358
done
Min=0, Max=1, range=1
Max absolute error = 0.0015351344
Max relative error = 0.001535
Max pw relative error = 0.001535
PSNR = 61.355611, NRMSE= 0.00085549889704435091043
acEff=1.000000
compressionRatio = 3.619618
  ✓ Compression and decompression successful (ratio: 3.61x)

[100/176] Processing: FSRVD_1_192_288.dat

compression time=0.002734, total fastmode1 topology
compression size = 60031, CR = 3.684496
done
decompression time=0.004219
done
Min=0, Max=1, range=1
Max absolute error = 0.0013147537
Max relative error = 0.001315
Max pw relative error = 0.001315
PSNR = 61.358352, NRMSE= 0.00085522894137361640636
acEff=1.000000
compressionRatio = 3.684496
  ✓ Compression and decompression successful (ratio: 3.68x)

[101/176] Processing: FSRVDLN_1_192_288.dat

compression time=0.002599, total fastmode1 topology
compression size = 60505, CR = 3.655632
done
decompression time=0.004271
done
Min=0, Max=1, range=1
Max absolute error = 0.0015411377
Max relative error = 0.001541
Max pw relative error = 0.001541
PSNR = 61.345549, NRMSE= 0.00085649046249299388804
acEff=1.000000
compressionRatio = 3.655632
  ✓ Compression and decompression successful (ratio: 3.65x)

[102/176] Processing: FSRVI_1_192_288.dat

compression time=0.002823, total fastmode1 topology
compression size = 60910, CR = 3.631325
done
decompression time=0.004257
done
Min=0, Max=1, range=1
Max absolute error = 0.0015832186
Max relative error = 0.001583
Max pw relative error = 0.001583
PSNR = 61.332658, NRMSE= 0.00085776255275205937935
acEff=1.000000
compressionRatio = 3.631325
  ✓ Compression and decompression successful (ratio: 3.63x)

[103/176] Processing: GC_HEAT1_1_192_288.dat

compression time=0.003288, total fastmode1 topology
compression size = 61610, CR = 3.590066
done
decompression time=0.004561
done
Min=0, Max=1, range=1
Max absolute error = 0.0010045096
Max relative error = 0.001005
Max pw relative error = 0.001005
PSNR = 61.201947, NRMSE= 0.00087076833598536285824
acEff=1.000000
compressionRatio = 3.590067
  ✓ Compression and decompression successful (ratio: 3.59x)

[104/176] Processing: GC_HEAT2_1_192_288.dat

compression time=0.002194, total fastmode1 topology
compression size = 52518, CR = 4.211585
done
decompression time=0.003053
done
Min=0, Max=1, range=1
Max absolute error = 0.0009999275
Max relative error = 0.001000
Max pw relative error = 0.001000
PSNR = 62.071967, NRMSE= 0.00078777397612012631852
acEff=1.000000
compressionRatio = 4.211585
  ✓ Compression and decompression successful (ratio: 4.21x)

[105/176] Processing: GC_ICE1_1_192_288.dat

compression time=0.045708, total fastmode1 topology
compression size = 58156, CR = 3.803288
done
decompression time=0.004040
done
Min=0, Max=1, range=1
Max absolute error = 0.0014749244
Max relative error = 0.001475
Max pw relative error = 0.001475
PSNR = 61.416636, NRMSE= 0.00084950942101464884445
acEff=1.000000
compressionRatio = 3.803288
  ✓ Compression and decompression successful (ratio: 3.80x)

[106/176] Processing: GC_ICE2_1_192_288.dat

compression time=0.002032, total fastmode1 topology
compression size = 52518, CR = 4.211585
done
decompression time=0.003001
done
Min=0, Max=1, range=1
Max absolute error = 0.0009999275
Max relative error = 0.001000
Max pw relative error = 0.001000
PSNR = 62.071967, NRMSE= 0.00078777397612012631852
acEff=1.000000
compressionRatio = 4.211585
  ✓ Compression and decompression successful (ratio: 4.21x)

[107/176] Processing: GC_LIQ1_1_192_288.dat

compression time=0.003214, total fastmode1 topology
compression size = 58570, CR = 3.776404
done
decompression time=0.003971
done
Min=0, Max=1, range=1
Max absolute error = 0.0013030618
Max relative error = 0.001303
Max pw relative error = 0.001303
PSNR = 60.266053, NRMSE= 0.00096983382803588543287
acEff=1.000000
compressionRatio = 3.776404
  ✓ Compression and decompression successful (ratio: 3.77x)

[108/176] Processing: GC_LIQ2_1_192_288.dat

compression time=0.002226, total fastmode1 topology
compression size = 52518, CR = 4.211585
done
decompression time=0.003166
done
Min=0, Max=1, range=1
Max absolute error = 0.0009999275
Max relative error = 0.001000
Max pw relative error = 0.001000
PSNR = 62.071967, NRMSE= 0.00078777397612012631852
acEff=1.000000
compressionRatio = 4.211585
  ✓ Compression and decompression successful (ratio: 4.21x)

[109/176] Processing: GPP_1_192_288.dat

compression time=0.003556, total fastmode1 topology
compression size = 55011, CR = 4.020723
done
decompression time=0.003964
done
Min=0, Max=1, range=1
Max absolute error = 0.0009999275
Max relative error = 0.001000
Max pw relative error = 0.001000
PSNR = 62.071995, NRMSE= 0.00078777149984708846019
acEff=1.000000
compressionRatio = 4.020723
  ✓ Compression and decompression successful (ratio: 4.02x)

[110/176] Processing: GR_1_192_288.dat

compression time=0.004953, total fastmode1 topology
compression size = 53984, CR = 4.097214
done
decompression time=0.003866
done
Min=0, Max=1, range=1
Max absolute error = 0.0009999275
Max relative error = 0.001000
Max pw relative error = 0.001000
PSNR = 62.071861, NRMSE= 0.00078778362483967578466
acEff=1.000000
compressionRatio = 4.097214
  ✓ Compression and decompression successful (ratio: 4.09x)

[111/176] Processing: GROSS_NMIN_1_192_288.dat

compression time=0.025026, total fastmode1 topology
compression size = 53174, CR = 4.159627
done
decompression time=0.003463
done
Min=0, Max=1, range=1
Max absolute error = 0.0009999275
Max relative error = 0.001000
Max pw relative error = 0.001000
PSNR = 62.071961, NRMSE= 0.00078777452837338896984
acEff=1.000000
compressionRatio = 4.159627
  ✓ Compression and decompression successful (ratio: 4.15x)

[112/176] Processing: H2OCAN_1_192_288.dat

compression time=0.002907, total fastmode1 topology
compression size = 58156, CR = 3.803288
done
decompression time=0.004394
done
Min=0, Max=1, range=1
Max absolute error = 0.0011158320
Max relative error = 0.001116
Max pw relative error = 0.001116
PSNR = 61.777477, NRMSE= 0.0008149409888554864272
acEff=1.000000
compressionRatio = 3.803288
  ✓ Compression and decompression successful (ratio: 3.80x)

[113/176] Processing: H2OSNO_1_192_288.dat

compression time=0.002908, total fastmode1 topology
compression size = 58476, CR = 3.782475
done
decompression time=0.004220
done
Min=0, Max=1, range=1
Max absolute error = 0.0017662123
Max relative error = 0.001766
Max pw relative error = 0.001766
PSNR = 61.704514, NRMSE= 0.00082181543401205398892
acEff=1.000000
compressionRatio = 3.782475
  ✓ Compression and decompression successful (ratio: 3.78x)

[114/176] Processing: H2OSNO_TOP_1_192_288.dat

compression time=0.003770, total fastmode1 topology
compression size = 61027, CR = 3.624363
done
decompression time=0.005471
done
Min=0, Max=1, range=1
Max absolute error = 0.0017018151
Max relative error = 0.001702
Max pw relative error = 0.001702
PSNR = 61.543520, NRMSE= 0.00083718992314466141817
acEff=1.000000
compressionRatio = 3.624363
  ✓ Compression and decompression successful (ratio: 3.62x)

[115/176] Processing: HC_1_192_288.dat

compression time=0.004456, total fastmode1 topology
compression size = 63321, CR = 3.493059
done
decompression time=0.005638
done
Min=0, Max=1, range=1
Max absolute error = 0.0018570572
Max relative error = 0.001857
Max pw relative error = 0.001857
PSNR = 61.256854, NRMSE= 0.0008652812602849316
acEff=1.000000
compressionRatio = 3.493059
  ✓ Compression and decompression successful (ratio: 3.49x)

[116/176] Processing: HCSOI_1_192_288.dat

compression time=0.003166, total fastmode1 topology
compression size = 62671, CR = 3.529288
done
decompression time=0.006246
done
Min=0, Max=1, range=1
Max absolute error = 0.0018270910
Max relative error = 0.001827
Max pw relative error = 0.001827
PSNR = 61.246907, NRMSE= 0.00086627275432567556104
acEff=1.000000
compressionRatio = 3.529288
  ✓ Compression and decompression successful (ratio: 3.52x)

[117/176] Processing: HEAT_FROM_AC_1_192_288.dat

compression time=0.002132, total fastmode1 topology
compression size = 52603, CR = 4.204779
done
decompression time=0.003771
done
Min=0, Max=1, range=1
Max absolute error = 0.0009999275
Max relative error = 0.001000
Max pw relative error = 0.001000
PSNR = 62.071230, NRMSE= 0.0007878408946404648382
acEff=1.000000
compressionRatio = 4.204779
  ✓ Compression and decompression successful (ratio: 4.20x)

[118/176] Processing: HR_1_192_288.dat

compression time=0.002875, total fastmode1 topology
compression size = 55419, CR = 3.991122
done
decompression time=0.004181
done
Min=0, Max=1, range=1
Max absolute error = 0.0009999275
Max relative error = 0.001000
Max pw relative error = 0.001000
PSNR = 62.071976, NRMSE= 0.00078777315144374715841
acEff=1.000000
compressionRatio = 3.991122
  ✓ Compression and decompression successful (ratio: 3.99x)

[119/176] Processing: HTOP_1_192_288.dat

compression time=0.002842, total fastmode1 topology
compression size = 60109, CR = 3.679715
done
decompression time=0.004203
done
Min=0, Max=1, range=1
Max absolute error = 0.0018004477
Max relative error = 0.001800
Max pw relative error = 0.001800
PSNR = 61.578194, NRMSE= 0.00083385451618339656576
acEff=1.000000
compressionRatio = 3.679715
  ✓ Compression and decompression successful (ratio: 3.67x)

[120/176] Processing: LAISHA_1_192_288.dat

compression time=0.002831, total fastmode1 topology
compression size = 59170, CR = 3.738111
done
decompression time=0.004429
done
Min=0, Max=1, range=1
Max absolute error = 0.0018024817
Max relative error = 0.001802
Max pw relative error = 0.001802
PSNR = 61.643006, NRMSE= 0.00082765567053622848739
acEff=1.000000
compressionRatio = 3.738111
  ✓ Compression and decompression successful (ratio: 3.73x)

[121/176] Processing: LAISUN_1_192_288.dat

compression time=0.002839, total fastmode1 topology
compression size = 56796, CR = 3.894359
done
decompression time=0.004227
done
Min=0, Max=1, range=1
Max absolute error = 0.0009999275
Max relative error = 0.001000
Max pw relative error = 0.001000
PSNR = 61.725448, NRMSE= 0.00081983719170665252367
acEff=1.000000
compressionRatio = 3.894359
  ✓ Compression and decompression successful (ratio: 3.89x)

[122/176] Processing: landfrac_192_288.dat

compression time=0.002649, total fastmode1 topology
compression size = 55015, CR = 4.020431
done
decompression time=0.003989
done
Min=0, Max=1, range=1
Max absolute error = 0.0009999275
Max relative error = 0.001000
Max pw relative error = 0.001000
PSNR = 61.675934, NRMSE= 0.00082452401396249498742
acEff=1.000000
compressionRatio = 4.020431
  ✓ Compression and decompression successful (ratio: 4.02x)

[123/176] Processing: latixy_192_288.dat

compression time=0.002505, total fastmode1 topology
compression size = 52523, CR = 4.211184
done
decompression time=0.003399
done
Min=0, Max=1, range=1
Max absolute error = 0.0009999275
Max relative error = 0.001000
Max pw relative error = 0.001000
PSNR = 61.324153, NRMSE= 0.00085860286527941558597
acEff=1.000000
compressionRatio = 4.211184
  ✓ Compression and decompression successful (ratio: 4.21x)

[124/176] Processing: latixyatm_192_288.dat

compression time=0.002481, total fastmode1 topology
compression size = 46104, CR = 4.797501
done
decompression time=0.003286
done
Min=0, Max=1, range=1
Max absolute error = 0.0009999275
Max relative error = 0.001000
Max pw relative error = 0.001000
PSNR = 68.831119, NRMSE= 0.00036177959599825319824
acEff=0.999998
compressionRatio = 4.797501
  ✓ Compression and decompression successful (ratio: 4.79x)

[125/176] Processing: LEAFC_1_192_288.dat

compression time=0.002716, total fastmode1 topology
compression size = 60019, CR = 3.685233
done
decompression time=0.004239
done
Min=0, Max=1, range=1
Max absolute error = 0.0017263889
Max relative error = 0.001726
Max pw relative error = 0.001726
PSNR = 61.616916, NRMSE= 0.0008301454754317283977
acEff=1.000000
compressionRatio = 3.685233
  ✓ Compression and decompression successful (ratio: 3.68x)

[126/176] Processing: LEAFC_ALLOC_1_192_288.dat

compression time=0.003486, total fastmode1 topology
compression size = 54034, CR = 4.093423
done
decompression time=0.004010
done
Min=0, Max=1, range=1
Max absolute error = 0.0009999275
Max relative error = 0.001000
Max pw relative error = 0.001000
PSNR = 62.071986, NRMSE= 0.00078777225300534741825
acEff=1.000000
compressionRatio = 4.093423
  ✓ Compression and decompression successful (ratio: 4.09x)

[127/176] Processing: LEAFC_LOSS_1_192_288.dat

compression time=0.003695, total fastmode1 topology
compression size = 54752, CR = 4.039743
done
decompression time=0.004057
done
Min=0, Max=1, range=1
Max absolute error = 0.0009999275
Max relative error = 0.001000
Max pw relative error = 0.001000
PSNR = 62.071835, NRMSE= 0.00078778598375727924494
acEff=1.000000
compressionRatio = 4.039743
  ✓ Compression and decompression successful (ratio: 4.03x)

[128/176] Processing: LEAFN_1_192_288.dat

compression time=0.024858, total fastmode1 topology
compression size = 59180, CR = 3.737479
done
decompression time=0.004157
done
Min=0, Max=1, range=1
Max absolute error = 0.0015638582
Max relative error = 0.001564
Max pw relative error = 0.001564
PSNR = 61.633853, NRMSE= 0.00082852829091082649468
acEff=1.000000
compressionRatio = 3.737479
  ✓ Compression and decompression successful (ratio: 3.73x)

[129/176] Processing: LITFALL_1_192_288.dat

compression time=0.010957, total fastmode1 topology
compression size = 55564, CR = 3.980707
done
decompression time=0.004018
done
Min=0, Max=1, range=1
Max absolute error = 0.0009999275
Max relative error = 0.001000
Max pw relative error = 0.001000
PSNR = 62.071992, NRMSE= 0.00078777178514607287558
acEff=1.000000
compressionRatio = 3.980707
  ✓ Compression and decompression successful (ratio: 3.98x)

[130/176] Processing: LITHR_1_192_288.dat

compression time=0.073380, total fastmode1 topology
compression size = 55117, CR = 4.012990
done
decompression time=0.020855
done
Min=0, Max=1, range=1
Max absolute error = 0.0009999275
Max relative error = 0.001000
Max pw relative error = 0.001000
PSNR = 62.071968, NRMSE= 0.00078777392943925838003
acEff=1.000000
compressionRatio = 4.012991
  ✓ Compression and decompression successful (ratio: 4.01x)

[131/176] Processing: LITR1C_1_192_288.dat

compression time=0.015024, total fastmode1 topology
compression size = 61310, CR = 3.607633
done
decompression time=0.030409
done
Min=0, Max=1, range=1
Max absolute error = 0.0016877297
Max relative error = 0.001688
Max pw relative error = 0.001688
PSNR = 61.622417, NRMSE= 0.0008296198514466218395
acEff=1.000000
compressionRatio = 3.607633
  ✓ Compression and decompression successful (ratio: 3.60x)

[132/176] Processing: LITR1C_TO_SOIL1C_1_192_288.dat

compression time=0.107605, total fastmode1 topology
compression size = 54289, CR = 4.074195
done
decompression time=0.006086
done
Min=0, Max=1, range=1
Max absolute error = 0.0009999785
Max relative error = 0.001000
Max pw relative error = 0.001000
PSNR = 62.071576, NRMSE= 0.00078780948332026357744
acEff=1.000000
compressionRatio = 4.074196
  ✓ Compression and decompression successful (ratio: 4.07x)

[133/176] Processing: LITR1N_1_192_288.dat

compression time=0.003859, total fastmode1 topology
compression size = 59130, CR = 3.740639
done
decompression time=0.004072
done
Min=0, Max=1, range=1
Max absolute error = 0.0012024287
Max relative error = 0.001202
Max pw relative error = 0.001202
PSNR = 61.940802, NRMSE= 0.00079976039372208125068
acEff=1.000000
compressionRatio = 3.740639
  ✓ Compression and decompression successful (ratio: 3.74x)

[134/176] Processing: LITR2C_1_192_288.dat

compression time=0.002630, total fastmode1 topology
compression size = 61150, CR = 3.617073
done
decompression time=0.004132
done
Min=0, Max=1, range=1
Max absolute error = 0.0019523725
Max relative error = 0.001952
Max pw relative error = 0.001952
PSNR = 61.588476, NRMSE= 0.00083286806601368947815
acEff=1.000000
compressionRatio = 3.617073
  ✓ Compression and decompression successful (ratio: 3.61x)

[135/176] Processing: LITR2C_TO_SOIL2C_1_192_288.dat

compression time=0.003123, total fastmode1 topology
compression size = 54708, CR = 4.042992
done
decompression time=0.004110
done
Min=0, Max=1, range=1
Max absolute error = 0.0009999310
Max relative error = 0.001000
Max pw relative error = 0.001000
PSNR = 62.071849, NRMSE= 0.00078778467264600728504
acEff=1.000000
compressionRatio = 4.042992
  ✓ Compression and decompression successful (ratio: 4.04x)

[136/176] Processing: LITR2N_1_192_288.dat

compression time=0.002989, total fastmode1 topology
compression size = 60384, CR = 3.662957
done
decompression time=0.004450
done
Min=0, Max=1, range=1
Max absolute error = 0.0016215718
Max relative error = 0.001622
Max pw relative error = 0.001622
PSNR = 61.639615, NRMSE= 0.00082797886265136336724
acEff=1.000000
compressionRatio = 3.662957
  ✓ Compression and decompression successful (ratio: 3.66x)

[137/176] Processing: LITR3C_1_192_288.dat

compression time=0.002762, total fastmode1 topology
compression size = 60920, CR = 3.630729
done
decompression time=0.004177
done
Min=0, Max=1, range=1
Max absolute error = 0.0018474236
Max relative error = 0.001847
Max pw relative error = 0.001847
PSNR = 61.583759, NRMSE= 0.00083332045492199929241
acEff=1.000000
compressionRatio = 3.630729
  ✓ Compression and decompression successful (ratio: 3.63x)

[138/176] Processing: LITR3C_TO_SOIL3C_1_192_288.dat

compression time=0.002771, total fastmode1 topology
compression size = 54329, CR = 4.071196
done
decompression time=0.003809
done
Min=0, Max=1, range=1
Max absolute error = 0.0009999275
Max relative error = 0.001000
Max pw relative error = 0.001000
PSNR = 62.071954, NRMSE= 0.00078777517774593320502
acEff=1.000000
compressionRatio = 4.071196
  ✓ Compression and decompression successful (ratio: 4.07x)

[139/176] Processing: LITR3N_1_192_288.dat

compression time=0.002797, total fastmode1 topology
compression size = 59839, CR = 3.696318
done
decompression time=0.004446
done
Min=0, Max=1, range=1
Max absolute error = 0.0016963617
Max relative error = 0.001696
Max pw relative error = 0.001696
PSNR = 61.609188, NRMSE= 0.00083088439157851944235
acEff=1.000000
compressionRatio = 3.696318
  ✓ Compression and decompression successful (ratio: 3.69x)

[140/176] Processing: LITTERC_1_192_288.dat

compression time=0.002930, total fastmode1 topology
compression size = 61108, CR = 3.619559
done
decompression time=0.004571
done
Min=0, Max=1, range=1
Max absolute error = 0.0017743595
Max relative error = 0.001774
Max pw relative error = 0.001774
PSNR = 61.586651, NRMSE= 0.00083304301508412221047
acEff=1.000000
compressionRatio = 3.619559
  ✓ Compression and decompression successful (ratio: 3.61x)

[141/176] Processing: LITTERC_HR_1_192_288.dat

compression time=0.013475, total fastmode1 topology
compression size = 55124, CR = 4.012481
done
decompression time=0.004900
done
Min=0, Max=1, range=1
Max absolute error = 0.0009999275
Max relative error = 0.001000
Max pw relative error = 0.001000
PSNR = 62.071969, NRMSE= 0.00078777382330138547538
acEff=1.000000
compressionRatio = 4.012481
  ✓ Compression and decompression successful (ratio: 4.01x)

[142/176] Processing: LITTERC_LOSS_1_192_288.dat

compression time=0.015273, total fastmode1 topology
compression size = 55644, CR = 3.974984
done
decompression time=0.004240
done
Min=0, Max=1, range=1
Max absolute error = 0.0009999275
Max relative error = 0.001000
Max pw relative error = 0.001000
PSNR = 62.071972, NRMSE= 0.00078777351729661620854
acEff=1.000000
compressionRatio = 3.974984
  ✓ Compression and decompression successful (ratio: 3.97x)

[143/176] Processing: LIVECROOTC_1_192_288.dat

compression time=0.030132, total fastmode1 topology
compression size = 59108, CR = 3.742032
done
decompression time=0.012061
done
Min=0, Max=1, range=1
Max absolute error = 0.0018334519
Max relative error = 0.001833
Max pw relative error = 0.001833
PSNR = 61.661834, NRMSE= 0.00082586351764006278933
acEff=1.000000
compressionRatio = 3.742032
  ✓ Compression and decompression successful (ratio: 3.74x)

[144/176] Processing: LIVECROOTN_1_192_288.dat

compression time=0.016367, total fastmode1 topology
compression size = 57180, CR = 3.868206
done
decompression time=0.003870
done
Min=0, Max=1, range=1
Max absolute error = 0.0013890835
Max relative error = 0.001389
Max pw relative error = 0.001389
PSNR = 61.823743, NRMSE= 0.0008106116504027822316
acEff=1.000000
compressionRatio = 3.868206
  ✓ Compression and decompression successful (ratio: 3.86x)

[145/176] Processing: LIVESTEMC_1_192_288.dat

compression time=0.002798, total fastmode1 topology
compression size = 59520, CR = 3.716129
done
decompression time=0.003959
done
Min=0, Max=1, range=1
Max absolute error = 0.0018394999
Max relative error = 0.001839
Max pw relative error = 0.001839
PSNR = 61.643179, NRMSE= 0.00082763919803292504158
acEff=1.000000
compressionRatio = 3.716129
  ✓ Compression and decompression successful (ratio: 3.71x)

[146/176] Processing: LIVESTEMN_1_192_288.dat

compression time=0.002748, total fastmode1 topology
compression size = 57881, CR = 3.821358
done
decompression time=0.004718
done
Min=0, Max=1, range=1
Max absolute error = 0.0016058963
Max relative error = 0.001606
Max pw relative error = 0.001606
PSNR = 61.747225, NRMSE= 0.00081778422926656450277
acEff=1.000000
compressionRatio = 3.821358
  ✓ Compression and decompression successful (ratio: 3.82x)

[147/176] Processing: longxy_192_288.dat

compression time=0.002321, total fastmode1 topology
compression size = 55949, CR = 3.953315
done
decompression time=0.003099
done
Min=0, Max=1, range=1
Max absolute error = 0.0009999275
Max relative error = 0.001000
Max pw relative error = 0.001000
PSNR = 61.256411, NRMSE= 0.00086532540921487120355
acEff=1.000000
compressionRatio = 3.953315
  ✓ Compression and decompression successful (ratio: 3.95x)

[148/176] Processing: longxyatm_192_288.dat

compression time=0.002350, total fastmode1 topology
compression size = 58148, CR = 3.803811
done
decompression time=0.003602
done
Min=0, Max=1, range=1
Max absolute error = 0.0009999275
Max relative error = 0.001000
Max pw relative error = 0.001000
PSNR = 69.151006, NRMSE= 0.00034869819955605650848
acEff=1.000000
compressionRatio = 3.803811
  ✓ Compression and decompression successful (ratio: 3.80x)

[149/176] Processing: MEAN_FIRE_PROB_1_192_288.dat

compression time=0.003071, total fastmode1 topology
compression size = 56527, CR = 3.912891
done
decompression time=0.004477
done
Min=0, Max=1, range=1
Max absolute error = 0.0014073064
Max relative error = 0.001407
Max pw relative error = 0.001407
PSNR = 61.040031, NRMSE= 0.00088715280345527604451
acEff=1.000000
compressionRatio = 3.912891
  ✓ Compression and decompression successful (ratio: 3.91x)

[150/176] Processing: MR_1_192_288.dat

compression time=0.002838, total fastmode1 topology
compression size = 55569, CR = 3.980349
done
decompression time=0.003990
done
Min=0, Max=1, range=1
Max absolute error = 0.0009999275
Max relative error = 0.001000
Max pw relative error = 0.001000
PSNR = 62.071832, NRMSE= 0.00078778626986046791127
acEff=1.000000
compressionRatio = 3.980349
  ✓ Compression and decompression successful (ratio: 3.98x)

[151/176] Processing: NBP_1_192_288.dat

compression time=0.037724, total fastmode1 topology
compression size = 55907, CR = 3.956285
done
decompression time=0.008848
done
Min=0, Max=1, range=1
Max absolute error = 0.0009999275
Max relative error = 0.001000
Max pw relative error = 0.001000
PSNR = 62.071679, NRMSE= 0.00078780009791408695322
acEff=1.000000
compressionRatio = 3.956285
  ✓ Compression and decompression successful (ratio: 3.95x)

[152/176] Processing: NDEPLOY_1_192_288.dat

compression time=0.067569, total fastmode1 topology
compression size = 52886, CR = 4.182279
done
decompression time=0.004049
done
Min=0, Max=1, range=1
Max absolute error = 0.0009999275
Max relative error = 0.001000
Max pw relative error = 0.001000
PSNR = 62.071964, NRMSE= 0.00078777429834816906952
acEff=1.000000
compressionRatio = 4.182279
  ✓ Compression and decompression successful (ratio: 4.18x)

[153/176] Processing: NDEP_TO_SMINN_1_192_288.dat

compression time=0.002415, total fastmode1 topology
compression size = 52518, CR = 4.211585
done
decompression time=0.003613
done
Min=0, Max=1, range=1
Max absolute error = 0.0009999275
Max relative error = 0.001000
Max pw relative error = 0.001000
PSNR = 62.071967, NRMSE= 0.00078777397612012631852
acEff=1.000000
compressionRatio = 4.211585
  ✓ Compression and decompression successful (ratio: 4.21x)

[154/176] Processing: NEE_1_192_288.dat

compression time=0.003067, total fastmode1 topology
compression size = 55893, CR = 3.957275
done
decompression time=0.004080
done
Min=0, Max=1, range=1
Max absolute error = 0.0009999275
Max relative error = 0.001000
Max pw relative error = 0.001000
PSNR = 62.071803, NRMSE= 0.00078778892635669424752
acEff=1.000000
compressionRatio = 3.957276
  ✓ Compression and decompression successful (ratio: 3.95x)

[155/176] Processing: NEP_1_192_288.dat

compression time=0.003192, total fastmode1 topology
compression size = 55852, CR = 3.960181
done
decompression time=0.004075
done
Min=0, Max=1, range=1
Max absolute error = 0.0009999275
Max relative error = 0.001000
Max pw relative error = 0.001000
PSNR = 62.071655, NRMSE= 0.00078780228777354695258
acEff=1.000000
compressionRatio = 3.960180
  ✓ Compression and decompression successful (ratio: 3.96x)

[156/176] Processing: NET_NMIN_1_192_288.dat

compression time=0.002364, total fastmode1 topology
compression size = 52948, CR = 4.177382
done
decompression time=0.003599
done
Min=0, Max=1, range=1
Max absolute error = 0.0009999275
Max relative error = 0.001000
Max pw relative error = 0.001000
PSNR = 62.071962, NRMSE= 0.00078777447335178494344
acEff=1.000000
compressionRatio = 4.177382
  ✓ Compression and decompression successful (ratio: 4.17x)

[157/176] Processing: NFIX_TO_SMINN_1_192_288.dat

compression time=0.002361, total fastmode1 topology
compression size = 52518, CR = 4.211585
done
decompression time=0.003357
done
Min=0, Max=1, range=1
Max absolute error = 0.0009999275
Max relative error = 0.001000
Max pw relative error = 0.001000
PSNR = 62.071967, NRMSE= 0.00078777397612012631852
acEff=1.000000
compressionRatio = 4.211585
  ✓ Compression and decompression successful (ratio: 4.21x)

[158/176] Processing: NPP_1_192_288.dat

compression time=0.002948, total fastmode1 topology
compression size = 55319, CR = 3.998337
done
decompression time=0.004004
done
Min=0, Max=1, range=1
Max absolute error = 0.0009999275
Max relative error = 0.001000
Max pw relative error = 0.001000
PSNR = 62.071819, NRMSE= 0.00078778747437615692477
acEff=1.000000
compressionRatio = 3.998337
  ✓ Compression and decompression successful (ratio: 3.99x)

[159/176] Processing: OCDEP_1_192_288.dat

compression time=0.002384, total fastmode1 topology
compression size = 52518, CR = 4.211585
done
decompression time=0.003277
done
Min=0, Max=1, range=1
Max absolute error = 0.0009999275
Max relative error = 0.001000
Max pw relative error = 0.001000
PSNR = 62.071967, NRMSE= 0.00078777397612012631852
acEff=1.000000
compressionRatio = 4.211585
  ✓ Compression and decompression successful (ratio: 4.21x)

[160/176] Processing: PBOT_1_192_288.dat

compression time=0.002575, total fastmode1 topology
compression size = 56648, CR = 3.904533
done
decompression time=0.004165
done
Min=0, Max=1, range=1
Max absolute error = 0.0010007918
Max relative error = 0.001001
Max pw relative error = 0.001001
PSNR = 61.225832, NRMSE= 0.00086837720422042825787
acEff=1.000000
compressionRatio = 3.904533
  ✓ Compression and decompression successful (ratio: 3.90x)

[161/176] Processing: PCO2_1_192_288.dat

compression time=0.002524, total fastmode1 topology
compression size = 56618, CR = 3.906602
done
decompression time=0.003926
done
Min=0, Max=1, range=1
Max absolute error = 0.0010074154
Max relative error = 0.001007
Max pw relative error = 0.001007
PSNR = 61.307793, NRMSE= 0.0008602215988187624689
acEff=1.000000
compressionRatio = 3.906602
  ✓ Compression and decompression successful (ratio: 3.90x)

[162/176] Processing: PFT_CTRUNC_1_192_288.dat

compression time=0.003160, total fastmode1 topology
compression size = 55268, CR = 4.002027
done
decompression time=0.004213
done
Min=0, Max=1, range=1
Max absolute error = 0.0009999971
Max relative error = 0.001000
Max pw relative error = 0.001000
PSNR = 62.071603, NRMSE= 0.00078780701105092890407
acEff=1.000000
compressionRatio = 4.002026
  ✓ Compression and decompression successful (ratio: 4.00x)

[163/176] Processing: PFT_FIRE_CLOSS_1_192_288.dat

compression time=0.003109, total fastmode1 topology
compression size = 52970, CR = 4.175647
done
decompression time=0.011797
done
Min=0, Max=1, range=1
Max absolute error = 0.0009999885
Max relative error = 0.001000
Max pw relative error = 0.001000
PSNR = 62.071841, NRMSE= 0.00078778544437736275439
acEff=1.000000
compressionRatio = 4.175647
  ✓ Compression and decompression successful (ratio: 4.17x)

[164/176] Processing: PFT_FIRE_NLOSS_1_192_288.dat

compression time=0.002379, total fastmode1 topology
compression size = 52540, CR = 4.209821
done
decompression time=0.003485
done
Min=0, Max=1, range=1
Max absolute error = 0.0009999275
Max relative error = 0.001000
Max pw relative error = 0.001000
PSNR = 62.071967, NRMSE= 0.00078777397541350004627
acEff=1.000000
compressionRatio = 4.209821
  ✓ Compression and decompression successful (ratio: 4.20x)

[165/176] Processing: PFT_NTRUNC_1_192_288.dat

compression time=0.002782, total fastmode1 topology
compression size = 55251, CR = 4.003258
done
decompression time=0.003911
done
Min=0, Max=1, range=1
Max absolute error = 0.0009999971
Max relative error = 0.001000
Max pw relative error = 0.001000
PSNR = 62.071502, NRMSE= 0.00078781617839804513655
acEff=1.000000
compressionRatio = 4.003258
  ✓ Compression and decompression successful (ratio: 4.00x)

[166/176] Processing: PLANT_NDEMAND_1_192_288.dat

compression time=0.002588, total fastmode1 topology
compression size = 53271, CR = 4.152053
done
decompression time=0.003972
done
Min=0, Max=1, range=1
Max absolute error = 0.0009999785
Max relative error = 0.001000
Max pw relative error = 0.001000
PSNR = 62.071833, NRMSE= 0.00078778615190757024511
acEff=1.000000
compressionRatio = 4.152053
  ✓ Compression and decompression successful (ratio: 4.15x)

[167/176] Processing: POTENTIAL_IMMOB_1_192_288.dat

compression time=0.002766, total fastmode1 topology
compression size = 53784, CR = 4.112450
done
decompression time=0.003930
done
Min=0, Max=1, range=1
Max absolute error = 0.0009999987
Max relative error = 0.001000
Max pw relative error = 0.001000
PSNR = 62.071451, NRMSE= 0.00078782085682263286626
acEff=1.000000
compressionRatio = 4.112450
  ✓ Compression and decompression successful (ratio: 4.11x)

[168/176] Processing: PROD100C_1_192_288.dat

compression time=0.002397, total fastmode1 topology
compression size = 52518, CR = 4.211585
done
decompression time=0.003498
done
Min=0, Max=1, range=1
Max absolute error = 0.0009999275
Max relative error = 0.001000
Max pw relative error = 0.001000
PSNR = 62.071967, NRMSE= 0.00078777397612012631852
acEff=1.000000
compressionRatio = 4.211585
  ✓ Compression and decompression successful (ratio: 4.21x)

[169/176] Processing: PROD100C_LOSS_1_192_288.dat

compression time=0.011166, total fastmode1 topology
compression size = 52518, CR = 4.211585
done
decompression time=0.003377
done
Min=0, Max=1, range=1
Max absolute error = 0.0009999275
Max relative error = 0.001000
Max pw relative error = 0.001000
PSNR = 62.071967, NRMSE= 0.00078777397612012631852
acEff=1.000000
compressionRatio = 4.211585
  ✓ Compression and decompression successful (ratio: 4.21x)

[170/176] Processing: PROD100N_1_192_288.dat

compression time=0.004002, total fastmode1 topology
compression size = 52518, CR = 4.211585
done
decompression time=0.005995
done
Min=0, Max=1, range=1
Max absolute error = 0.0009999275
Max relative error = 0.001000
Max pw relative error = 0.001000
PSNR = 62.071967, NRMSE= 0.00078777397612012631852
acEff=1.000000
compressionRatio = 4.211585
  ✓ Compression and decompression successful (ratio: 4.21x)

[171/176] Processing: PROD100N_LOSS_1_192_288.dat

compression time=0.005316, total fastmode1 topology
compression size = 52518, CR = 4.211585
done
decompression time=0.003676
done
Min=0, Max=1, range=1
Max absolute error = 0.0009999275
Max relative error = 0.001000
Max pw relative error = 0.001000
PSNR = 62.071967, NRMSE= 0.00078777397612012631852
acEff=1.000000
compressionRatio = 4.211585
  ✓ Compression and decompression successful (ratio: 4.21x)

[172/176] Processing: PROD10C_1_192_288.dat

compression time=0.017953, total fastmode1 topology
compression size = 52518, CR = 4.211585
done
decompression time=0.003182
done
Min=0, Max=1, range=1
Max absolute error = 0.0009999275
Max relative error = 0.001000
Max pw relative error = 0.001000
PSNR = 62.071967, NRMSE= 0.00078777397612012631852
acEff=1.000000
compressionRatio = 4.211585
  ✓ Compression and decompression successful (ratio: 4.21x)

[173/176] Processing: PROD10C_LOSS_1_192_288.dat

compression time=0.002563, total fastmode1 topology
compression size = 52518, CR = 4.211585
done
decompression time=0.004067
done
Min=0, Max=1, range=1
Max absolute error = 0.0009999275
Max relative error = 0.001000
Max pw relative error = 0.001000
PSNR = 62.071967, NRMSE= 0.00078777397612012631852
acEff=1.000000
compressionRatio = 4.211585
  ✓ Compression and decompression successful (ratio: 4.21x)

[174/176] Processing: PROD10N_1_192_288.dat

compression time=0.002583, total fastmode1 topology
compression size = 52518, CR = 4.211585
done
decompression time=0.003727
done
Min=0, Max=1, range=1
Max absolute error = 0.0009999275
Max relative error = 0.001000
Max pw relative error = 0.001000
PSNR = 62.071967, NRMSE= 0.00078777397612012631852
acEff=1.000000
compressionRatio = 4.211585
  ✓ Compression and decompression successful (ratio: 4.21x)

[175/176] Processing: topo_192_288.dat

compression time=0.002631, total fastmode1 topology
compression size = 52518, CR = 4.211585
done
decompression time=0.014967
done
Min=0, Max=1, range=1
Max absolute error = 0.0009999275
Max relative error = 0.001000
Max pw relative error = 0.001000
PSNR = 62.071967, NRMSE= 0.00078777397612012631852
acEff=1.000000
compressionRatio = 4.211585
  ✓ Compression and decompression successful (ratio: 4.21x)

[176/176] Processing: topodnsc_192_288.dat

compression time=0.023156, total fastmode1 topology
compression size = 52518, CR = 4.211585
done
decompression time=0.003345
done
Min=0, Max=1, range=1
Max absolute error = 0.0009999275
Max relative error = 0.001000
Max pw relative error = 0.001000
PSNR = 62.071967, NRMSE= 0.00078777397612012631852
acEff=1.000000
compressionRatio = 4.211585
  ✓ Compression and decompression successful (ratio: 4.21x)

=== Summary ===
Total files processed: 176
Total files skipped: 0
Total files failed: 0

