Input directory: ../../CESM-ICE-MODELS/4/log_normalized
Output directory: ../../CESM-ICE-MODELS/4/log_normalized/tthresh_1E-6
Dimensions: 384x320
Error bound: 0.000001

Found 130 .dat file(s) to process

[1/130] Processing: aeroiceint001_1_384_320.dat
oldbits = 3932160, newbits = 2371984, compressionratio = 1.65775, bpv = 19.3033
Total compression time: 322.895ms
eps = 0.00027925, rmse = 0.000152544, psnr = 70.3115
Total decompression time: 38.135ms
Total time: 361.065ms
  ✓ Compression successful (ratio: 1.65x)

[2/130] Processing: aeroiceint002_1_384_320.dat
oldbits = 3932160, newbits = 2371984, compressionratio = 1.65775, bpv = 19.3033
Total compression time: 307.157ms
eps = 0.00027925, rmse = 0.000152544, psnr = 70.3115
Total decompression time: 38.15ms
Total time: 345.343ms
  ✓ Compression successful (ratio: 1.65x)

[3/130] Processing: aeroiceint003_1_384_320.dat
oldbits = 3932160, newbits = 2371984, compressionratio = 1.65775, bpv = 19.3033
Total compression time: 343.027ms
eps = 0.00027925, rmse = 0.000152544, psnr = 70.3115
Total decompression time: 37.723ms
Total time: 380.794ms
  ✓ Compression successful (ratio: 1.65x)

[4/130] Processing: aeroicessl001_1_384_320.dat
oldbits = 3932160, newbits = 2371984, compressionratio = 1.65775, bpv = 19.3033
Total compression time: 314.983ms
eps = 0.00027925, rmse = 0.000152544, psnr = 70.3115
Total decompression time: 37.479ms
Total time: 352.511ms
  ✓ Compression successful (ratio: 1.65x)

[5/130] Processing: aeroicessl002_1_384_320.dat
oldbits = 3932160, newbits = 2371984, compressionratio = 1.65775, bpv = 19.3033
Total compression time: 347.009ms
eps = 0.00027925, rmse = 0.000152544, psnr = 70.3115
Total decompression time: 37.886ms
Total time: 384.929ms
  ✓ Compression successful (ratio: 1.65x)

[6/130] Processing: aeroicessl003_1_384_320.dat
oldbits = 3932160, newbits = 2371984, compressionratio = 1.65775, bpv = 19.3033
Total compression time: 324.354ms
eps = 0.00027925, rmse = 0.000152544, psnr = 70.3115
Total decompression time: 46.244ms
Total time: 370.629ms
  ✓ Compression successful (ratio: 1.65x)

[7/130] Processing: aerosnoint001_1_384_320.dat
oldbits = 3932160, newbits = 2371984, compressionratio = 1.65775, bpv = 19.3033
Total compression time: 326.34ms
eps = 0.00027925, rmse = 0.000152544, psnr = 70.3115
Total decompression time: 37.988ms
Total time: 364.377ms
  ✓ Compression successful (ratio: 1.65x)

[8/130] Processing: aerosnoint002_1_384_320.dat
oldbits = 3932160, newbits = 2371984, compressionratio = 1.65775, bpv = 19.3033
Total compression time: 335.643ms
eps = 0.00027925, rmse = 0.000152544, psnr = 70.3115
Total decompression time: 44.728ms
Total time: 380.403ms
  ✓ Compression successful (ratio: 1.65x)

[9/130] Processing: aerosnoint003_1_384_320.dat
oldbits = 3932160, newbits = 2371984, compressionratio = 1.65775, bpv = 19.3033
Total compression time: 315.209ms
eps = 0.000279253, rmse = 0.000152546, psnr = 70.3114
Total decompression time: 37.645ms
Total time: 352.887ms
  ✓ Compression successful (ratio: 1.65x)

[10/130] Processing: aerosnossl001_1_384_320.dat
oldbits = 3932160, newbits = 2371984, compressionratio = 1.65775, bpv = 19.3033
Total compression time: 480.184ms
eps = 0.00027925, rmse = 0.000152544, psnr = 70.3115
Total decompression time: 38.127ms
Total time: 518.365ms
  ✓ Compression successful (ratio: 1.65x)

[11/130] Processing: aerosnossl002_1_384_320.dat
oldbits = 3932160, newbits = 2371984, compressionratio = 1.65775, bpv = 19.3033
Total compression time: 306.686ms
eps = 0.00027925, rmse = 0.000152544, psnr = 70.3115
Total decompression time: 37.798ms
Total time: 344.522ms
  ✓ Compression successful (ratio: 1.65x)

[12/130] Processing: aerosnossl003_1_384_320.dat
oldbits = 3932160, newbits = 2371984, compressionratio = 1.65775, bpv = 19.3033
Total compression time: 324.606ms
eps = 0.000279249, rmse = 0.000152544, psnr = 70.3115
Total decompression time: 39.348ms
Total time: 363.99ms
  ✓ Compression successful (ratio: 1.65x)

[13/130] Processing: aice_1_384_320.dat
oldbits = 3932160, newbits = 2407504, compressionratio = 1.63329, bpv = 19.5923
Total compression time: 319.312ms
eps = 0.000289002, rmse = 0.000157945, psnr = 70.0093
Total decompression time: 41.332ms
Total time: 360.68ms
  ✓ Compression successful (ratio: 1.63x)

[14/130] Processing: aicen001_1_384_320.dat
oldbits = 3932160, newbits = 2406416, compressionratio = 1.63403, bpv = 19.5835
Total compression time: 492.867ms
eps = 0.000285905, rmse = 0.000156231, psnr = 70.1041
Total decompression time: 40.421ms
Total time: 533.328ms
  ✓ Compression successful (ratio: 1.63x)

[15/130] Processing: aicen002_1_384_320.dat
oldbits = 3932160, newbits = 2404624, compressionratio = 1.63525, bpv = 19.5689
Total compression time: 311.598ms
eps = 0.000286257, rmse = 0.000156402, psnr = 70.0945
Total decompression time: 40.359ms
Total time: 351.999ms
  ✓ Compression successful (ratio: 1.63x)

[16/130] Processing: aicen003_1_384_320.dat
oldbits = 3932160, newbits = 2401744, compressionratio = 1.63721, bpv = 19.5454
Total compression time: 313.846ms
eps = 0.00028802, rmse = 0.000157347, psnr = 70.0422
Total decompression time: 49.178ms
Total time: 363.062ms
  ✓ Compression successful (ratio: 1.63x)

[17/130] Processing: aicen004_1_384_320.dat
oldbits = 3932160, newbits = 2401552, compressionratio = 1.63734, bpv = 19.5439
Total compression time: 321.947ms
eps = 0.000287704, rmse = 0.000157171, psnr = 70.052
Total decompression time: 41.045ms
Total time: 363.028ms
  ✓ Compression successful (ratio: 1.63x)

[18/130] Processing: aicen005_1_384_320.dat
oldbits = 3932160, newbits = 2401232, compressionratio = 1.63756, bpv = 19.5413
Total compression time: 337.039ms
eps = 0.000286561, rmse = 0.000156546, psnr = 70.0866
Total decompression time: 47.56ms
Total time: 384.644ms
  ✓ Compression successful (ratio: 1.63x)

[19/130] Processing: aisnap_1_384_320.dat
oldbits = 3932160, newbits = 2396112, compressionratio = 1.64106, bpv = 19.4996
Total compression time: 331.845ms
eps = 0.000281397, rmse = 0.000153719, psnr = 70.2449
Total decompression time: 41.411ms
Total time: 373.295ms
  ✓ Compression successful (ratio: 1.64x)

[20/130] Processing: albice_1_384_320.dat
oldbits = 3932160, newbits = 2393488, compressionratio = 1.64286, bpv = 19.4783
Total compression time: 309.394ms
eps = 0.000280796, rmse = 0.000153389, psnr = 70.2635
Total decompression time: 40.209ms
Total time: 349.644ms
  ✓ Compression successful (ratio: 1.64x)

[21/130] Processing: albpnd_1_384_320.dat
oldbits = 3932160, newbits = 2390352, compressionratio = 1.64501, bpv = 19.4527
Total compression time: 311.013ms
eps = 0.000281413, rmse = 0.000153726, psnr = 70.2445
Total decompression time: 40.39ms
Total time: 351.444ms
  ✓ Compression successful (ratio: 1.64x)

[22/130] Processing: albsno_1_384_320.dat
oldbits = 3932160, newbits = 2400464, compressionratio = 1.63808, bpv = 19.535
Total compression time: 326.67ms
eps = 0.000286936, rmse = 0.000156749, psnr = 70.0753
Total decompression time: 41.496ms
Total time: 368.245ms
  ✓ Compression successful (ratio: 1.63x)

[23/130] Processing: alidr_1_384_320.dat
oldbits = 3932160, newbits = 2418960, compressionratio = 1.62556, bpv = 19.6855
Total compression time: 324.48ms
eps = 0.000290129, rmse = 0.000158536, psnr = 69.9768
Total decompression time: 41.071ms
Total time: 365.594ms
  ✓ Compression successful (ratio: 1.62x)

[24/130] Processing: alvdr_1_384_320.dat
oldbits = 3932160, newbits = 2420688, compressionratio = 1.6244, bpv = 19.6996
Total compression time: 339.017ms
eps = 0.00028954, rmse = 0.000158225, psnr = 69.9939
Total decompression time: 42.256ms
Total time: 381.315ms
  ✓ Compression successful (ratio: 1.62x)

[25/130] Processing: ANGLE_384_320.dat
oldbits = 3932160, newbits = 124240, compressionratio = 31.6497, bpv = 1.01107
Total compression time: 152.841ms
eps = 9.09973e-05, rmse = 6.49841e-05, psnr = 77.7233
Total decompression time: 9.041ms
Total time: 161.92ms
  ✓ Compression successful (ratio: 31.64x)

[26/130] Processing: ANGLET_384_320.dat
oldbits = 3932160, newbits = 129552, compressionratio = 30.352, bpv = 1.0543
Total compression time: 161.801ms
eps = 7.94679e-05, rmse = 5.68252e-05, psnr = 78.8886
Total decompression time: 10.321ms
Total time: 172.162ms
  ✓ Compression successful (ratio: 30.35x)

[27/130] Processing: apond001_1_384_320.dat
oldbits = 3932160, newbits = 2420304, compressionratio = 1.62466, bpv = 19.6965
Total compression time: 326.988ms
eps = 0.000289713, rmse = 0.000158263, psnr = 69.9918
Total decompression time: 40.639ms
Total time: 367.664ms
  ✓ Compression successful (ratio: 1.62x)

[28/130] Processing: apond002_1_384_320.dat
oldbits = 3932160, newbits = 2428496, compressionratio = 1.61917, bpv = 19.7632
Total compression time: 325.456ms
eps = 0.000288519, rmse = 0.000157661, psnr = 70.0249
Total decompression time: 41.038ms
Total time: 366.533ms
  ✓ Compression successful (ratio: 1.61x)

[29/130] Processing: apond003_1_384_320.dat
oldbits = 3932160, newbits = 2427024, compressionratio = 1.62016, bpv = 19.7512
Total compression time: 336.834ms
eps = 0.000288331, rmse = 0.000157547, psnr = 70.0312
Total decompression time: 42.475ms
Total time: 379.345ms
  ✓ Compression successful (ratio: 1.62x)

[30/130] Processing: apond004_1_384_320.dat
oldbits = 3932160, newbits = 2422672, compressionratio = 1.62307, bpv = 19.7158
Total compression time: 336.226ms
eps = 0.000288893, rmse = 0.000157845, psnr = 70.0148
Total decompression time: 39.596ms
Total time: 375.855ms
  ✓ Compression successful (ratio: 1.62x)

[31/130] Processing: apond005_1_384_320.dat
oldbits = 3932160, newbits = 2411856, compressionratio = 1.63035, bpv = 19.6277
Total compression time: 316.698ms
eps = 0.000287817, rmse = 0.00015725, psnr = 70.0476
Total decompression time: 41.121ms
Total time: 357.86ms
  ✓ Compression successful (ratio: 1.63x)

[32/130] Processing: congel_1_384_320.dat
oldbits = 3932160, newbits = 2371600, compressionratio = 1.65802, bpv = 19.3001
Total compression time: 318.316ms
eps = 0.000279472, rmse = 0.000152666, psnr = 70.3046
Total decompression time: 37.608ms
Total time: 355.964ms
  ✓ Compression successful (ratio: 1.65x)

[33/130] Processing: coszen_1_384_320.dat
oldbits = 3932160, newbits = 2375248, compressionratio = 1.65547, bpv = 19.3298
Total compression time: 318.435ms
eps = 0.000282627, rmse = 0.000154394, psnr = 70.2068
Total decompression time: 37.999ms
Total time: 356.478ms
  ✓ Compression successful (ratio: 1.65x)

[34/130] Processing: daidtd_1_384_320.dat
oldbits = 3932160, newbits = 2750032, compressionratio = 1.42986, bpv = 22.3798
Total compression time: 323.33ms
eps = 0.000121035, rmse = 6.62453e-05, psnr = 77.5563
Total decompression time: 50.584ms
Total time: 373.96ms
  ✓ Compression successful (ratio: 1.42x)

[35/130] Processing: daidtt_1_384_320.dat
oldbits = 3932160, newbits = 2394064, compressionratio = 1.64246, bpv = 19.4829
Total compression time: 336.519ms
eps = 0.000284193, rmse = 0.000155355, psnr = 70.1529
Total decompression time: 43.658ms
Total time: 380.232ms
  ✓ Compression successful (ratio: 1.64x)

[36/130] Processing: dardg1dt_1_384_320.dat
oldbits = 3932160, newbits = 2383760, compressionratio = 1.64956, bpv = 19.3991
Total compression time: 318.858ms
eps = 0.000280058, rmse = 0.000152986, psnr = 70.2864
Total decompression time: 37.918ms
Total time: 356.828ms
  ✓ Compression successful (ratio: 1.64x)

[37/130] Processing: dardg2dt_1_384_320.dat
oldbits = 3932160, newbits = 2372112, compressionratio = 1.65766, bpv = 19.3043
Total compression time: 325.42ms
eps = 0.000279971, rmse = 0.000152938, psnr = 70.2891
Total decompression time: 37.746ms
Total time: 363.207ms
  ✓ Compression successful (ratio: 1.65x)

[38/130] Processing: divu_1_384_320.dat
oldbits = 3932160, newbits = 2762448, compressionratio = 1.42343, bpv = 22.4809
Total compression time: 309.016ms
eps = 0.000121304, rmse = 6.65088e-05, psnr = 77.5218
Total decompression time: 40.613ms
Total time: 349.679ms
  ✓ Compression successful (ratio: 1.42x)

[39/130] Processing: dvidtd_1_384_320.dat
oldbits = 3932160, newbits = 2884624, compressionratio = 1.36314, bpv = 23.4751
Total compression time: 323.863ms
eps = 0.000118157, rmse = 6.46222e-05, psnr = 77.7718
Total decompression time: 43.512ms
Total time: 367.416ms
  ✓ Compression successful (ratio: 1.36x)

[40/130] Processing: dvidtt_1_384_320.dat
oldbits = 3932160, newbits = 2395536, compressionratio = 1.64145, bpv = 19.4949
Total compression time: 328.838ms
eps = 0.000285087, rmse = 0.000155803, psnr = 70.1279
Total decompression time: 76.953ms
Total time: 405.837ms
  ✓ Compression successful (ratio: 1.64x)

[41/130] Processing: dvirdgdt_1_384_320.dat
oldbits = 3932160, newbits = 2377680, compressionratio = 1.65378, bpv = 19.3496
Total compression time: 334.504ms
eps = 0.000280004, rmse = 0.000152956, psnr = 70.288
Total decompression time: 40.983ms
Total time: 375.523ms
  ✓ Compression successful (ratio: 1.65x)

[42/130] Processing: dxt_384_320.dat
oldbits = 3932160, newbits = 69776, compressionratio = 56.354, bpv = 0.567839
Total compression time: 170.854ms
eps = 5.18139e-05, rmse = 4.98331e-05, psnr = 80.029
Total decompression time: 10.272ms
Total time: 181.179ms
  ✓ Compression successful (ratio: 56.35x)

[43/130] Processing: dxu_384_320.dat
oldbits = 3932160, newbits = 69648, compressionratio = 56.4576, bpv = 0.566797
Total compression time: 145.241ms
eps = 5.22066e-05, rmse = 5.02164e-05, psnr = 79.9625
Total decompression time: 9.987ms
Total time: 155.281ms
  ✓ Compression successful (ratio: 56.45x)

[44/130] Processing: dyt_384_320.dat
oldbits = 3932160, newbits = 121744, compressionratio = 32.2986, bpv = 0.990755
Total compression time: 144.579ms
eps = 5.65539e-05, rmse = 4.95839e-05, psnr = 80.0726
Total decompression time: 11.151ms
Total time: 155.789ms
  ✓ Compression successful (ratio: 32.29x)

[45/130] Processing: dyu_384_320.dat
oldbits = 3932160, newbits = 114128, compressionratio = 34.4539, bpv = 0.928776
Total compression time: 143.682ms
eps = 6.73794e-05, rmse = 5.90734e-05, psnr = 78.5516
Total decompression time: 9.681ms
Total time: 153.4ms
  ✓ Compression successful (ratio: 34.45x)

[46/130] Processing: evap_1_384_320.dat
oldbits = 3932160, newbits = 2402768, compressionratio = 1.63651, bpv = 19.5538
Total compression time: 312.52ms
eps = 0.000280209, rmse = 0.000153068, psnr = 70.2817
Total decompression time: 39.847ms
Total time: 352.41ms
  ✓ Compression successful (ratio: 1.63x)

[47/130] Processing: evap_ai_1_384_320.dat
oldbits = 3932160, newbits = 2386576, compressionratio = 1.64762, bpv = 19.422
Total compression time: 308.217ms
eps = 0.000279948, rmse = 0.000152926, psnr = 70.2898
Total decompression time: 42.163ms
Total time: 350.416ms
  ✓ Compression successful (ratio: 1.64x)

[48/130] Processing: faero_atm001_1_384_320.dat
oldbits = 3932160, newbits = 2371984, compressionratio = 1.65775, bpv = 19.3033
Total compression time: 336.606ms
eps = 0.00027925, rmse = 0.000152544, psnr = 70.3115
Total decompression time: 38.293ms
Total time: 374.941ms
  ✓ Compression successful (ratio: 1.65x)

[49/130] Processing: faero_atm002_1_384_320.dat
oldbits = 3932160, newbits = 2371984, compressionratio = 1.65775, bpv = 19.3033
Total compression time: 311.229ms
eps = 0.00027925, rmse = 0.000152544, psnr = 70.3115
Total decompression time: 62.006ms
Total time: 373.276ms
  ✓ Compression successful (ratio: 1.65x)

[50/130] Processing: faero_atm003_1_384_320.dat
oldbits = 3932160, newbits = 2371984, compressionratio = 1.65775, bpv = 19.3033
Total compression time: 332.837ms
eps = 0.00027925, rmse = 0.000152544, psnr = 70.3115
Total decompression time: 38.377ms
Total time: 371.253ms
  ✓ Compression successful (ratio: 1.65x)

[51/130] Processing: faero_ocn001_1_384_320.dat
oldbits = 3932160, newbits = 2371984, compressionratio = 1.65775, bpv = 19.3033
Total compression time: 307.309ms
eps = 0.00027925, rmse = 0.000152544, psnr = 70.3115
Total decompression time: 38.125ms
Total time: 345.476ms
  ✓ Compression successful (ratio: 1.65x)

[52/130] Processing: faero_ocn002_1_384_320.dat
oldbits = 3932160, newbits = 2371984, compressionratio = 1.65775, bpv = 19.3033
Total compression time: 318.909ms
eps = 0.00027925, rmse = 0.000152544, psnr = 70.3115
Total decompression time: 38.373ms
Total time: 357.326ms
  ✓ Compression successful (ratio: 1.65x)

[53/130] Processing: faero_ocn003_1_384_320.dat
oldbits = 3932160, newbits = 2371984, compressionratio = 1.65775, bpv = 19.3033
Total compression time: 313.551ms
eps = 0.00027925, rmse = 0.000152544, psnr = 70.3115
Total decompression time: 38.422ms
Total time: 352.033ms
  ✓ Compression successful (ratio: 1.65x)

[54/130] Processing: fcondtop_ai_1_384_320.dat
oldbits = 3932160, newbits = 2732240, compressionratio = 1.43917, bpv = 22.235
Total compression time: 314.874ms
eps = 0.000120709, rmse = 6.62172e-05, psnr = 77.56
Total decompression time: 45.104ms
Total time: 360.018ms
  ✓ Compression successful (ratio: 1.43x)

[55/130] Processing: fhocn_1_384_320.dat
oldbits = 3932160, newbits = 2502800, compressionratio = 1.5711, bpv = 20.3678
Total compression time: 326.062ms
eps = 0.000174495, rmse = 9.65231e-05, psnr = 74.2868
Total decompression time: 69.793ms
Total time: 395.905ms
  ✓ Compression successful (ratio: 1.57x)

[56/130] Processing: fhocn_ai_1_384_320.dat
oldbits = 3932160, newbits = 2629328, compressionratio = 1.4955, bpv = 21.3975
Total compression time: 315.988ms
eps = 0.000132837, rmse = 7.29382e-05, psnr = 76.7203
Total decompression time: 41.086ms
Total time: 357.114ms
  ✓ Compression successful (ratio: 1.49x)

[57/130] Processing: flat_1_384_320.dat
oldbits = 3932160, newbits = 2767632, compressionratio = 1.42077, bpv = 22.523
Total compression time: 308.364ms
eps = 0.000121148, rmse = 6.63361e-05, psnr = 77.5444
Total decompression time: 42.969ms
Total time: 351.374ms
  ✓ Compression successful (ratio: 1.42x)

[58/130] Processing: flat_ai_1_384_320.dat
oldbits = 3932160, newbits = 2747664, compressionratio = 1.43109, bpv = 22.3605
Total compression time: 311.46ms
eps = 0.000121047, rmse = 6.62429e-05, psnr = 77.5566
Total decompression time: 41.702ms
Total time: 353.203ms
  ✓ Compression successful (ratio: 1.43x)

[59/130] Processing: flwdn_1_384_320.dat
oldbits = 3932160, newbits = 2632336, compressionratio = 1.49379, bpv = 21.422
Total compression time: 313.281ms
eps = 0.000133286, rmse = 7.3262e-05, psnr = 76.6818
Total decompression time: 43.969ms
Total time: 357.294ms
  ✓ Compression successful (ratio: 1.49x)

[60/130] Processing: flwup_1_384_320.dat
oldbits = 3932160, newbits = 2769680, compressionratio = 1.41972, bpv = 22.5397
Total compression time: 323.7ms
eps = 0.000121199, rmse = 6.63518e-05, psnr = 77.5423
Total decompression time: 42.14ms
Total time: 365.882ms
  ✓ Compression successful (ratio: 1.41x)

[61/130] Processing: flwup_ai_1_384_320.dat
oldbits = 3932160, newbits = 2500560, compressionratio = 1.57251, bpv = 20.3496
Total compression time: 308.761ms
eps = 0.000173242, rmse = 9.5365e-05, psnr = 74.3916
Total decompression time: 40.759ms
Total time: 349.559ms
  ✓ Compression successful (ratio: 1.57x)

[62/130] Processing: frazil_1_384_320.dat
oldbits = 3932160, newbits = 2371408, compressionratio = 1.65815, bpv = 19.2986
Total compression time: 336.5ms
eps = 0.000279929, rmse = 0.000152915, psnr = 70.2904
Total decompression time: 39.024ms
Total time: 375.579ms
  ✓ Compression successful (ratio: 1.65x)

[63/130] Processing: fresh_1_384_320.dat
oldbits = 3932160, newbits = 2408976, compressionratio = 1.6323, bpv = 19.6043
Total compression time: 330.97ms
eps = 0.000290913, rmse = 0.000158989, psnr = 69.952
Total decompression time: 41.234ms
Total time: 372.246ms
  ✓ Compression successful (ratio: 1.63x)

[64/130] Processing: fresh_ai_1_384_320.dat
oldbits = 3932160, newbits = 2397264, compressionratio = 1.64027, bpv = 19.509
Total compression time: 324.375ms
eps = 0.00028483, rmse = 0.000155633, psnr = 70.1374
Total decompression time: 42.361ms
Total time: 366.81ms
  ✓ Compression successful (ratio: 1.64x)

[65/130] Processing: fs_1_384_320.dat
oldbits = 3932160, newbits = 2399184, compressionratio = 1.63896, bpv = 19.5246
Total compression time: 309.781ms
eps = 0.00028211, rmse = 0.000154108, psnr = 70.2229
Total decompression time: 41.373ms
Total time: 351.194ms
  ✓ Compression successful (ratio: 1.63x)

[66/130] Processing: fsalt_1_384_320.dat
oldbits = 3932160, newbits = 2407696, compressionratio = 1.63316, bpv = 19.5939
Total compression time: 335.779ms
eps = 0.000289605, rmse = 0.000158202, psnr = 69.9952
Total decompression time: 39.696ms
Total time: 375.532ms
  ✓ Compression successful (ratio: 1.63x)

[67/130] Processing: fsalt_ai_1_384_320.dat
oldbits = 3932160, newbits = 2397840, compressionratio = 1.63988, bpv = 19.5137
Total compression time: 329.861ms
eps = 0.000280346, rmse = 0.000153143, psnr = 70.2774
Total decompression time: 39.807ms
Total time: 369.709ms
  ✓ Compression successful (ratio: 1.63x)

[68/130] Processing: fsens_1_384_320.dat
oldbits = 3932160, newbits = 2766928, compressionratio = 1.42113, bpv = 22.5173
Total compression time: 320.282ms
eps = 0.000120895, rmse = 6.62346e-05, psnr = 77.5577
Total decompression time: 41.786ms
Total time: 362.107ms
  ✓ Compression successful (ratio: 1.42x)

[69/130] Processing: fsens_ai_1_384_320.dat
oldbits = 3932160, newbits = 2754896, compressionratio = 1.42734, bpv = 22.4194
Total compression time: 323.905ms
eps = 0.000120681, rmse = 6.61057e-05, psnr = 77.5746
Total decompression time: 43.617ms
Total time: 367.562ms
  ✓ Compression successful (ratio: 1.42x)

[70/130] Processing: fsurf_ai_1_384_320.dat
oldbits = 3932160, newbits = 2615568, compressionratio = 1.50337, bpv = 21.2855
Total compression time: 320.318ms
eps = 0.00013252, rmse = 7.26966e-05, psnr = 76.7491
Total decompression time: 40.404ms
Total time: 360.768ms
  ✓ Compression successful (ratio: 1.50x)

[71/130] Processing: fswabs_1_384_320.dat
oldbits = 3932160, newbits = 2422800, compressionratio = 1.62298, bpv = 19.7168
Total compression time: 340.136ms
eps = 0.00028931, rmse = 0.000158095, psnr = 70.001
Total decompression time: 40.149ms
Total time: 380.322ms
  ✓ Compression successful (ratio: 1.62x)

[72/130] Processing: fswabs_ai_1_384_320.dat
oldbits = 3932160, newbits = 2406864, compressionratio = 1.63373, bpv = 19.5871
Total compression time: 323.605ms
eps = 0.00028784, rmse = 0.000157267, psnr = 70.0467
Total decompression time: 44.305ms
Total time: 367.947ms
  ✓ Compression successful (ratio: 1.63x)

[73/130] Processing: fswdn_1_384_320.dat
oldbits = 3932160, newbits = 2635024, compressionratio = 1.49227, bpv = 21.4439
Total compression time: 317.993ms
eps = 0.000133487, rmse = 7.33712e-05, psnr = 76.6689
Total decompression time: 41.11ms
Total time: 359.14ms
  ✓ Compression successful (ratio: 1.49x)

[74/130] Processing: fswfac_1_384_320.dat
oldbits = 3932160, newbits = 2441680, compressionratio = 1.61043, bpv = 19.8704
Total compression time: 326.342ms
eps = 0.000286837, rmse = 0.000156707, psnr = 70.0776
Total decompression time: 44.37ms
Total time: 370.752ms
  ✓ Compression successful (ratio: 1.61x)

[75/130] Processing: fswthru_1_384_320.dat
oldbits = 3932160, newbits = 2420048, compressionratio = 1.62483, bpv = 19.6944
Total compression time: 331.157ms
eps = 0.000289882, rmse = 0.000158368, psnr = 69.9861
Total decompression time: 40.514ms
Total time: 371.718ms
  ✓ Compression successful (ratio: 1.62x)

[76/130] Processing: fswthru_ai_1_384_320.dat
oldbits = 3932160, newbits = 2401808, compressionratio = 1.63717, bpv = 19.546
Total compression time: 313.228ms
eps = 0.00028604, rmse = 0.000156259, psnr = 70.1025
Total decompression time: 39.59ms
Total time: 352.924ms
  ✓ Compression successful (ratio: 1.63x)

[77/130] Processing: fswup_1_384_320.dat
oldbits = 3932160, newbits = 2635984, compressionratio = 1.49172, bpv = 21.4517
Total compression time: 307.443ms
eps = 0.000133106, rmse = 7.316e-05, psnr = 76.6939
Total decompression time: 40.392ms
Total time: 347.878ms
  ✓ Compression successful (ratio: 1.49x)

[78/130] Processing: FYarea_1_384_320.dat
oldbits = 3932160, newbits = 2402448, compressionratio = 1.63673, bpv = 19.5512
Total compression time: 328.118ms
eps = 0.00028908, rmse = 0.000157917, psnr = 70.0108
Total decompression time: 40.759ms
Total time: 368.951ms
  ✓ Compression successful (ratio: 1.63x)

[79/130] Processing: hi_1_384_320.dat
oldbits = 3932160, newbits = 2400528, compressionratio = 1.63804, bpv = 19.5355
Total compression time: 316.76ms
eps = 0.000283665, rmse = 0.000154957, psnr = 70.1751
Total decompression time: 41.671ms
Total time: 358.477ms
  ✓ Compression successful (ratio: 1.63x)

[80/130] Processing: hisnap_1_384_320.dat
oldbits = 3932160, newbits = 2396880, compressionratio = 1.64053, bpv = 19.5059
Total compression time: 329.277ms
eps = 0.000281852, rmse = 0.000153967, psnr = 70.2308
Total decompression time: 40.1ms
Total time: 369.42ms
  ✓ Compression successful (ratio: 1.64x)

[81/130] Processing: hs_1_384_320.dat
oldbits = 3932160, newbits = 2395920, compressionratio = 1.64119, bpv = 19.498
Total compression time: 338.425ms
eps = 0.000281254, rmse = 0.000153639, psnr = 70.2494
Total decompression time: 42.027ms
Total time: 380.5ms
  ✓ Compression successful (ratio: 1.64x)

[82/130] Processing: HTE_384_320.dat
oldbits = 3932160, newbits = 131024, compressionratio = 30.011, bpv = 1.06628
Total compression time: 139.95ms
eps = 3.63419e-05, rmse = 3.18629e-05, psnr = 83.9137
Total decompression time: 10.887ms
Total time: 150.874ms
  ✓ Compression successful (ratio: 30.01x)

[83/130] Processing: HTN_384_320.dat
oldbits = 3932160, newbits = 69904, compressionratio = 56.2509, bpv = 0.56888
Total compression time: 136.289ms
eps = 5.22251e-05, rmse = 5.02342e-05, psnr = 79.9594
Total decompression time: 9.993ms
Total time: 146.321ms
  ✓ Compression successful (ratio: 56.25x)

[84/130] Processing: iage_1_384_320.dat
oldbits = 3932160, newbits = 2403344, compressionratio = 1.63612, bpv = 19.5585
Total compression time: 379.757ms
eps = 0.000289522, rmse = 0.000158157, psnr = 69.9976
Total decompression time: 46.617ms
Total time: 426.417ms
  ✓ Compression successful (ratio: 1.63x)

[85/130] Processing: ice_present_1_384_320.dat
oldbits = 3932160, newbits = 2407888, compressionratio = 1.63303, bpv = 19.5954
Total compression time: 332.586ms
eps = 0.000290627, rmse = 0.000158762, psnr = 69.9645
Total decompression time: 40.778ms
Total time: 373.433ms
  ✓ Compression successful (ratio: 1.63x)

[86/130] Processing: meltb_1_384_320.dat
oldbits = 3932160, newbits = 2402128, compressionratio = 1.63695, bpv = 19.5486
Total compression time: 321.823ms
eps = 0.000287139, rmse = 0.000156855, psnr = 70.0694
Total decompression time: 41.697ms
Total time: 363.595ms
  ✓ Compression successful (ratio: 1.63x)

[87/130] Processing: meltl_1_384_320.dat
oldbits = 3932160, newbits = 2398736, compressionratio = 1.63926, bpv = 19.521
Total compression time: 310.369ms
eps = 0.000280978, rmse = 0.000153489, psnr = 70.2579
Total decompression time: 55.889ms
Total time: 366.364ms
  ✓ Compression successful (ratio: 1.63x)

[88/130] Processing: melts_1_384_320.dat
oldbits = 3932160, newbits = 2399952, compressionratio = 1.63843, bpv = 19.5309
Total compression time: 345.665ms
eps = 0.000283927, rmse = 0.0001551, psnr = 70.1672
Total decompression time: 40.218ms
Total time: 385.921ms
  ✓ Compression successful (ratio: 1.63x)

[89/130] Processing: meltt_1_384_320.dat
oldbits = 3932160, newbits = 2381200, compressionratio = 1.65134, bpv = 19.3783
Total compression time: 315.628ms
eps = 0.000280077, rmse = 0.000152996, psnr = 70.2858
Total decompression time: 40.646ms
Total time: 356.312ms
  ✓ Compression successful (ratio: 1.65x)

[90/130] Processing: opening_1_384_320.dat
oldbits = 3932160, newbits = 2411024, compressionratio = 1.63091, bpv = 19.621
Total compression time: 316.559ms
eps = 0.000289464, rmse = 0.000158129, psnr = 69.9992
Total decompression time: 41.404ms
Total time: 358.007ms
  ✓ Compression successful (ratio: 1.63x)

[91/130] Processing: qi_1_384_320.dat
oldbits = 3932160, newbits = 2087952, compressionratio = 1.88326, bpv = 16.9918
Total compression time: 301.226ms
eps = 0.000206577, rmse = 0.000155745, psnr = 70.1311
Total decompression time: 42.797ms
Total time: 344.067ms
  ✓ Compression successful (ratio: 1.88x)

[92/130] Processing: Qref_1_384_320.dat
oldbits = 3932160, newbits = 2891920, compressionratio = 1.35971, bpv = 23.5345
Total compression time: 327.705ms
eps = 0.000118818, rmse = 6.49996e-05, psnr = 77.7212
Total decompression time: 41.669ms
Total time: 369.415ms
  ✓ Compression successful (ratio: 1.35x)

[93/130] Processing: qs_1_384_320.dat
oldbits = 3932160, newbits = 2111952, compressionratio = 1.86186, bpv = 17.1871
Total compression time: 299.158ms
eps = 0.0002108, rmse = 0.000155212, psnr = 70.1609
Total decompression time: 38.713ms
Total time: 337.918ms
  ✓ Compression successful (ratio: 1.86x)

[94/130] Processing: rain_1_384_320.dat
oldbits = 3932160, newbits = 2404944, compressionratio = 1.63503, bpv = 19.5715
Total compression time: 326.778ms
eps = 0.000282566, rmse = 0.00015436, psnr = 70.2087
Total decompression time: 60.929ms
Total time: 387.748ms
  ✓ Compression successful (ratio: 1.63x)

[95/130] Processing: rain_ai_1_384_320.dat
oldbits = 3932160, newbits = 2395856, compressionratio = 1.64123, bpv = 19.4975
Total compression time: 339.344ms
eps = 0.00028036, rmse = 0.000153151, psnr = 70.277
Total decompression time: 39.519ms
Total time: 378.92ms
  ✓ Compression successful (ratio: 1.64x)

[96/130] Processing: shear_1_384_320.dat
oldbits = 3932160, newbits = 2416464, compressionratio = 1.62724, bpv = 19.6652
Total compression time: 330.442ms
eps = 0.000289982, rmse = 0.000158427, psnr = 69.9828
Total decompression time: 40.64ms
Total time: 371.14ms
  ✓ Compression successful (ratio: 1.62x)

[97/130] Processing: sig1_1_384_320.dat
oldbits = 3932160, newbits = 455120, compressionratio = 8.63983, bpv = 3.70378
Total compression time: 160.394ms
eps = 0.000205641, rmse = 0.000196195, psnr = 68.1256
Total decompression time: 13.636ms
Total time: 174.086ms
  ✓ Compression successful (ratio: 8.63x)

[98/130] Processing: sig2_1_384_320.dat
oldbits = 3932160, newbits = 454800, compressionratio = 8.64591, bpv = 3.70117
Total compression time: 152.22ms
eps = 0.000205668, rmse = 0.000196221, psnr = 68.1245
Total decompression time: 16.287ms
Total time: 168.561ms
  ✓ Compression successful (ratio: 8.64x)

[99/130] Processing: snoice_1_384_320.dat
oldbits = 3932160, newbits = 2398480, compressionratio = 1.63944, bpv = 19.5189
Total compression time: 311.241ms
eps = 0.000280249, rmse = 0.00015309, psnr = 70.2805
Total decompression time: 40.396ms
Total time: 351.679ms
  ✓ Compression successful (ratio: 1.63x)

[100/130] Processing: snow_1_384_320.dat
oldbits = 3932160, newbits = 2403664, compressionratio = 1.6359, bpv = 19.5611
Total compression time: 328.939ms
eps = 0.00028101, rmse = 0.000153506, psnr = 70.2569
Total decompression time: 40.77ms
Total time: 369.753ms
  ✓ Compression successful (ratio: 1.63x)

[101/130] Processing: snow_ai_1_384_320.dat
oldbits = 3932160, newbits = 2390032, compressionratio = 1.64523, bpv = 19.4501
Total compression time: 321.364ms
eps = 0.000279719, rmse = 0.0001528, psnr = 70.2969
Total decompression time: 39.802ms
Total time: 361.204ms
  ✓ Compression successful (ratio: 1.64x)

[102/130] Processing: strairx_1_384_320.dat
oldbits = 3932160, newbits = 2386320, compressionratio = 1.64779, bpv = 19.4199
Total compression time: 318.315ms
eps = 0.00028157, rmse = 0.000153813, psnr = 70.2396
Total decompression time: 40.904ms
Total time: 359.27ms
  ✓ Compression successful (ratio: 1.64x)

[103/130] Processing: strairy_1_384_320.dat
oldbits = 3932160, newbits = 2386512, compressionratio = 1.64766, bpv = 19.4215
Total compression time: 329.753ms
eps = 0.000280345, rmse = 0.000153143, psnr = 70.2775
Total decompression time: 38.981ms
Total time: 368.776ms
  ✓ Compression successful (ratio: 1.64x)

[104/130] Processing: strcorx_1_384_320.dat
oldbits = 3932160, newbits = 2380624, compressionratio = 1.65174, bpv = 19.3736
Total compression time: 322.413ms
eps = 0.000280327, rmse = 0.000153133, psnr = 70.278
Total decompression time: 40.089ms
Total time: 362.545ms
  ✓ Compression successful (ratio: 1.65x)

[105/130] Processing: strcory_1_384_320.dat
oldbits = 3932160, newbits = 2386576, compressionratio = 1.64762, bpv = 19.422
Total compression time: 325.509ms
eps = 0.000279803, rmse = 0.000152846, psnr = 70.2943
Total decompression time: 49.68ms
Total time: 375.246ms
  ✓ Compression successful (ratio: 1.64x)

[106/130] Processing: strength_1_384_320.dat
oldbits = 3932160, newbits = 2388112, compressionratio = 1.64656, bpv = 19.4345
Total compression time: 331.324ms
eps = 0.000284236, rmse = 0.000155465, psnr = 70.1467
Total decompression time: 38.596ms
Total time: 369.96ms
  ✓ Compression successful (ratio: 1.64x)

[107/130] Processing: strintx_1_384_320.dat
oldbits = 3932160, newbits = 2371664, compressionratio = 1.65798, bpv = 19.3007
Total compression time: 309.527ms
eps = 0.000279874, rmse = 0.000152885, psnr = 70.2921
Total decompression time: 40.364ms
Total time: 349.932ms
  ✓ Compression successful (ratio: 1.65x)

[108/130] Processing: strinty_1_384_320.dat
oldbits = 3932160, newbits = 2371344, compressionratio = 1.6582, bpv = 19.298
Total compression time: 325.397ms
eps = 0.000280875, rmse = 0.000153432, psnr = 70.2611
Total decompression time: 37.841ms
Total time: 363.295ms
  ✓ Compression successful (ratio: 1.65x)

[109/130] Processing: strocnx_1_384_320.dat
oldbits = 3932160, newbits = 2386832, compressionratio = 1.64744, bpv = 19.4241
Total compression time: 323.002ms
eps = 0.00028092, rmse = 0.000153457, psnr = 70.2597
Total decompression time: 40.613ms
Total time: 363.67ms
  ✓ Compression successful (ratio: 1.64x)

[110/130] Processing: strocny_1_384_320.dat
oldbits = 3932160, newbits = 2386576, compressionratio = 1.64762, bpv = 19.422
Total compression time: 329.133ms
eps = 0.000280063, rmse = 0.000152989, psnr = 70.2862
Total decompression time: 40.841ms
Total time: 370.014ms
  ✓ Compression successful (ratio: 1.64x)

[111/130] Processing: Tair_1_384_320.dat
oldbits = 3932160, newbits = 2762192, compressionratio = 1.42357, bpv = 22.4788
Total compression time: 310.782ms
eps = 0.000120915, rmse = 6.62593e-05, psnr = 77.5545
Total decompression time: 40.654ms
Total time: 351.476ms
  ✓ Compression successful (ratio: 1.42x)

[112/130] Processing: tarea_384_320.dat
oldbits = 3932160, newbits = 67728, compressionratio = 58.0581, bpv = 0.551172
Total compression time: 149.877ms
eps = 5.20985e-05, rmse = 5.04564e-05, psnr = 79.9211
Total decompression time: 10.42ms
Total time: 160.339ms
  ✓ Compression successful (ratio: 58.05x)

[113/130] Processing: TLAT_384_320.dat
oldbits = 3932160, newbits = 82448, compressionratio = 47.6926, bpv = 0.670964
Total compression time: 154.633ms
eps = 3.07812e-05, rmse = 2.55864e-05, psnr = 85.8192
Total decompression time: 10.851ms
Total time: 165.525ms
  ✓ Compression successful (ratio: 47.69x)

[114/130] Processing: TLON_384_320.dat
oldbits = 3932160, newbits = 335120, compressionratio = 11.7336, bpv = 2.72721
Total compression time: 146.496ms
eps = 4.83336e-05, rmse = 4.12331e-05, psnr = 81.6745
Total decompression time: 11.894ms
Total time: 158.422ms
  ✓ Compression successful (ratio: 11.73x)

[115/130] Processing: tmask_384_320.dat
oldbits = 3932160, newbits = 2383248, compressionratio = 1.64992, bpv = 19.3949
Total compression time: 318.165ms
eps = 0.000182877, rmse = 0.00015318, psnr = 70.2754
Total decompression time: 37.568ms
Total time: 355.776ms
  ✓ Compression successful (ratio: 1.64x)

[116/130] Processing: transix_1_384_320.dat
oldbits = 3932160, newbits = 2321360, compressionratio = 1.6939, bpv = 18.8913
Total compression time: 331.489ms
eps = 0.000265999, rmse = 0.000154566, psnr = 70.1971
Total decompression time: 39.333ms
Total time: 370.867ms
  ✓ Compression successful (ratio: 1.69x)

[117/130] Processing: transiy_1_384_320.dat
oldbits = 3932160, newbits = 2323216, compressionratio = 1.69255, bpv = 18.9064
Total compression time: 315.904ms
eps = 0.000266802, rmse = 0.000154197, psnr = 70.2179
Total decompression time: 39.71ms
Total time: 355.69ms
  ✓ Compression successful (ratio: 1.69x)

[118/130] Processing: Tref_1_384_320.dat
oldbits = 3932160, newbits = 2764048, compressionratio = 1.42261, bpv = 22.4939
Total compression time: 310.307ms
eps = 0.00012108, rmse = 6.63479e-05, psnr = 77.5429
Total decompression time: 45.812ms
Total time: 356.16ms
  ✓ Compression successful (ratio: 1.42x)

[119/130] Processing: trsig_1_384_320.dat
oldbits = 3932160, newbits = 2322192, compressionratio = 1.6933, bpv = 18.898
Total compression time: 309.102ms
eps = 0.000271978, rmse = 0.000153231, psnr = 70.2725
Total decompression time: 41.152ms
Total time: 350.294ms
  ✓ Compression successful (ratio: 1.69x)

[120/130] Processing: Tsfc_1_384_320.dat
oldbits = 3932160, newbits = 2764944, compressionratio = 1.42215, bpv = 22.5012
Total compression time: 343.64ms
eps = 0.000121305, rmse = 6.64013e-05, psnr = 77.5359
Total decompression time: 41.558ms
Total time: 385.234ms
  ✓ Compression successful (ratio: 1.42x)

[121/130] Processing: uarea_384_320.dat
oldbits = 3932160, newbits = 67856, compressionratio = 57.9486, bpv = 0.552214
Total compression time: 160.29ms
eps = 5.22453e-05, rmse = 5.06055e-05, psnr = 79.8954
Total decompression time: 11.006ms
Total time: 171.335ms
  ✓ Compression successful (ratio: 57.94x)

[122/130] Processing: ULAT_384_320.dat
oldbits = 3932160, newbits = 82128, compressionratio = 47.8784, bpv = 0.668359
Total compression time: 154.045ms
eps = 3.11694e-05, rmse = 2.59044e-05, psnr = 85.7119
Total decompression time: 12.232ms
Total time: 166.352ms
  ✓ Compression successful (ratio: 47.87x)

[123/130] Processing: ULON_384_320.dat
oldbits = 3932160, newbits = 261200, compressionratio = 15.0542, bpv = 2.12565
Total compression time: 141.915ms
eps = 0.000202837, rmse = 0.000172953, psnr = 69.2209
Total decompression time: 11.189ms
Total time: 153.138ms
  ✓ Compression successful (ratio: 15.05x)

[124/130] Processing: uvel_1_384_320.dat
oldbits = 3932160, newbits = 2758992, compressionratio = 1.42522, bpv = 22.4527
Total compression time: 319.951ms
eps = 0.000121165, rmse = 6.64187e-05, psnr = 77.5336
Total decompression time: 45.893ms
Total time: 365.882ms
  ✓ Compression successful (ratio: 1.42x)

[125/130] Processing: vicen001_1_384_320.dat
oldbits = 3932160, newbits = 2389968, compressionratio = 1.64528, bpv = 19.4496
Total compression time: 326.458ms
eps = 0.000280744, rmse = 0.000153361, psnr = 70.2651
Total decompression time: 38.857ms
Total time: 365.357ms
  ✓ Compression successful (ratio: 1.64x)

[126/130] Processing: vicen002_1_384_320.dat
oldbits = 3932160, newbits = 2392848, compressionratio = 1.6433, bpv = 19.473
Total compression time: 319.192ms
eps = 0.000281113, rmse = 0.000153562, psnr = 70.2537
Total decompression time: 40.793ms
Total time: 360.045ms
  ✓ Compression successful (ratio: 1.64x)

[127/130] Processing: vicen003_1_384_320.dat
oldbits = 3932160, newbits = 2395984, compressionratio = 1.64115, bpv = 19.4986
Total compression time: 315.684ms
eps = 0.000279789, rmse = 0.000152839, psnr = 70.2947
Total decompression time: 40.349ms
Total time: 356.074ms
  ✓ Compression successful (ratio: 1.64x)

[128/130] Processing: vicen004_1_384_320.dat
oldbits = 3932160, newbits = 2398416, compressionratio = 1.63948, bpv = 19.5184
Total compression time: 324.887ms
eps = 0.000281142, rmse = 0.000153578, psnr = 70.2528
Total decompression time: 40.717ms
Total time: 365.648ms
  ✓ Compression successful (ratio: 1.63x)

[129/130] Processing: vicen005_1_384_320.dat
oldbits = 3932160, newbits = 2396688, compressionratio = 1.64066, bpv = 19.5043
Total compression time: 309.226ms
eps = 0.000281592, rmse = 0.000153824, psnr = 70.2389
Total decompression time: 40.232ms
Total time: 349.496ms
  ✓ Compression successful (ratio: 1.64x)

[130/130] Processing: vvel_1_384_320.dat
oldbits = 3932160, newbits = 2760336, compressionratio = 1.42452, bpv = 22.4637
Total compression time: 316.753ms
eps = 0.000121217, rmse = 6.64007e-05, psnr = 77.5359
Total decompression time: 43.791ms
Total time: 360.621ms
  ✓ Compression successful (ratio: 1.42x)

=== Summary ===
Total files processed: 130
Total files skipped: 0
Total files failed: 0

