Original directory: ../../CESM-CLIMATE-65G/4/log_normalized/
Decompressed directory: ../../CESM-CLIMATE-65G/4/log_normalized/topoSZp_1E-4
Dimensions: 768x1152
Error bound: 1E-4

Found 90 .dat file(s) to process

[1/90] Processing: AEROD_v_1_768_1152.dat
  False Negatives: 1361
  False Positives: 0
  False Types: 0
  Grand Total: 1361
  Total Critical Points (Decompressed): 82525

[2/90] Processing: cb_ozone_c_1_768_1152.dat
  False Negatives: 48
  False Positives: 0
  False Types: 0
  Grand Total: 48
  Total Critical Points (Decompressed): 3436

[3/90] Processing: cb_sulf_c_1_768_1152.dat
  False Negatives: 0
  False Positives: 0
  False Types: 0
  Grand Total: 0
  Total Critical Points (Decompressed): 1298

[4/90] Processing: CLDHGH_1_768_1152.dat
  False Negatives: 144
  False Positives: 0
  False Types: 0
  Grand Total: 144
  Total Critical Points (Decompressed): 181435

[5/90] Processing: CLDLOW_1_768_1152.dat
  False Negatives: 184
  False Positives: 0
  False Types: 0
  Grand Total: 184
  Total Critical Points (Decompressed): 134289

[6/90] Processing: CLDMED_1_768_1152.dat
  False Negatives: 308
  False Positives: 0
  False Types: 0
  Grand Total: 308
  Total Critical Points (Decompressed): 134168

[7/90] Processing: CLDTOT_1_768_1152.dat
  False Negatives: 106
  False Positives: 0
  False Types: 0
  Grand Total: 106
  Total Critical Points (Decompressed): 169990

[8/90] Processing: FLDS_1_768_1152.dat
  False Negatives: 1650
  False Positives: 0
  False Types: 0
  Grand Total: 1650
  Total Critical Points (Decompressed): 92983

[9/90] Processing: FLDSC_1_768_1152.dat
  False Negatives: 1101
  False Positives: 0
  False Types: 0
  Grand Total: 1101
  Total Critical Points (Decompressed): 21666

[10/90] Processing: FLNS_1_768_1152.dat
  False Negatives: 487
  False Positives: 0
  False Types: 0
  Grand Total: 487
  Total Critical Points (Decompressed): 137214

[11/90] Processing: FLNSC_1_768_1152.dat
  False Negatives: 632
  False Positives: 0
  False Types: 0
  Grand Total: 632
  Total Critical Points (Decompressed): 100835

[12/90] Processing: FLNT_1_768_1152.dat
  False Negatives: 874
  False Positives: 0
  False Types: 0
  Grand Total: 874
  Total Critical Points (Decompressed): 96521

[13/90] Processing: FLNTC_1_768_1152.dat
  False Negatives: 1890
  False Positives: 0
  False Types: 0
  Grand Total: 1890
  Total Critical Points (Decompressed): 36294

[14/90] Processing: FLUT_1_768_1152.dat
  False Negatives: 884
  False Positives: 0
  False Types: 0
  Grand Total: 884
  Total Critical Points (Decompressed): 96395

[15/90] Processing: FLUTC_1_768_1152.dat
  False Negatives: 1899
  False Positives: 0
  False Types: 0
  Grand Total: 1899
  Total Critical Points (Decompressed): 36146

[16/90] Processing: FREQSH_1_768_1152.dat
  False Negatives: 0
  False Positives: 0
  False Types: 0
  Grand Total: 0
  Total Critical Points (Decompressed): 146807

[17/90] Processing: FREQZM_1_768_1152.dat
  False Negatives: 0
  False Positives: 0
  False Types: 0
  Grand Total: 0
  Total Critical Points (Decompressed): 77174

[18/90] Processing: FSDS_1_768_1152.dat
  False Negatives: 504
  False Positives: 0
  False Types: 0
  Grand Total: 504
  Total Critical Points (Decompressed): 96767

[19/90] Processing: FSDSC_1_768_1152.dat
  False Negatives: 563
  False Positives: 0
  False Types: 0
  Grand Total: 563
  Total Critical Points (Decompressed): 8942

[20/90] Processing: FSDTOA_1_768_1152.dat
  False Negatives: 9
  False Positives: 0
  False Types: 0
  Grand Total: 9
  Total Critical Points (Decompressed): 42

[21/90] Processing: FSNS_1_768_1152.dat
  False Negatives: 448
  False Positives: 0
  False Types: 0
  Grand Total: 448
  Total Critical Points (Decompressed): 107247

[22/90] Processing: FSNSC_1_768_1152.dat
  False Negatives: 650
  False Positives: 0
  False Types: 0
  Grand Total: 650
  Total Critical Points (Decompressed): 40260

[23/90] Processing: FSNT_1_768_1152.dat
  False Negatives: 588
  False Positives: 0
  False Types: 0
  Grand Total: 588
  Total Critical Points (Decompressed): 88870

[24/90] Processing: FSNTC_1_768_1152.dat
  False Negatives: 475
  False Positives: 0
  False Types: 0
  Grand Total: 475
  Total Critical Points (Decompressed): 30377

[25/90] Processing: FSNTOA_1_768_1152.dat
  False Negatives: 598
  False Positives: 0
  False Types: 0
  Grand Total: 598
  Total Critical Points (Decompressed): 88392

[26/90] Processing: FSNTOAC_1_768_1152.dat
  False Negatives: 459
  False Positives: 0
  False Types: 0
  Grand Total: 459
  Total Critical Points (Decompressed): 30173

[27/90] Processing: FSUTOA_1_768_1152.dat
  False Negatives: 392
  False Positives: 0
  False Types: 0
  Grand Total: 392
  Total Critical Points (Decompressed): 107293

[28/90] Processing: ICEFRAC_1_768_1152.dat
  False Negatives: 29
  False Positives: 0
  False Types: 0
  Grand Total: 29
  Total Critical Points (Decompressed): 605

[29/90] Processing: LANDFRAC_1_768_1152.dat
  False Negatives: 0
  False Positives: 0
  False Types: 0
  Grand Total: 0
  Total Critical Points (Decompressed): 35

[30/90] Processing: LHFLX_1_768_1152.dat
  False Negatives: 793
  False Positives: 0
  False Types: 0
  Grand Total: 793
  Total Critical Points (Decompressed): 45023

[31/90] Processing: LWCF_1_768_1152.dat
  False Negatives: 239
  False Positives: 0
  False Types: 0
  Grand Total: 239
  Total Critical Points (Decompressed): 121495

[32/90] Processing: MSKtem_1_768_1152.dat
  False Negatives: 145
  False Positives: 0
  False Types: 0
  Grand Total: 145
  Total Critical Points (Decompressed): 7770

[33/90] Processing: OCNFRAC_1_768_1152.dat
  False Negatives: 19
  False Positives: 0
  False Types: 0
  Grand Total: 19
  Total Critical Points (Decompressed): 642

[34/90] Processing: ODV_bcar1_1_768_1152.dat
  False Negatives: 161
  False Positives: 0
  False Types: 0
  Grand Total: 161
  Total Critical Points (Decompressed): 5904

[35/90] Processing: ODV_bcar2_1_768_1152.dat
  False Negatives: 127
  False Positives: 0
  False Types: 0
  Grand Total: 127
  Total Critical Points (Decompressed): 5613

[36/90] Processing: ODV_dust1_1_768_1152.dat
  False Negatives: 261
  False Positives: 0
  False Types: 0
  Grand Total: 261
  Total Critical Points (Decompressed): 3575

[37/90] Processing: ODV_dust2_1_768_1152.dat
  False Negatives: 249
  False Positives: 0
  False Types: 0
  Grand Total: 249
  Total Critical Points (Decompressed): 3531

[38/90] Processing: ODV_dust3_1_768_1152.dat
  False Negatives: 218
  False Positives: 0
  False Types: 0
  Grand Total: 218
  Total Critical Points (Decompressed): 3041

[39/90] Processing: ODV_dust4_1_768_1152.dat
  False Negatives: 181
  False Positives: 0
  False Types: 0
  Grand Total: 181
  Total Critical Points (Decompressed): 2378

[40/90] Processing: ODV_ocar1_1_768_1152.dat
  False Negatives: 316
  False Positives: 0
  False Types: 0
  Grand Total: 316
  Total Critical Points (Decompressed): 5631

[41/90] Processing: ODV_ocar2_1_768_1152.dat
  False Negatives: 7694
  False Positives: 0
  False Types: 0
  Grand Total: 7694
  Total Critical Points (Decompressed): 76295

[42/90] Processing: ODV_SSLTA_1_768_1152.dat
  False Negatives: 659
  False Positives: 0
  False Types: 0
  Grand Total: 659
  Total Critical Points (Decompressed): 74640

[43/90] Processing: ODV_SSLTC_1_768_1152.dat
  False Negatives: 635
  False Positives: 0
  False Types: 0
  Grand Total: 635
  Total Critical Points (Decompressed): 80368

[44/90] Processing: ODV_sulf_1_768_1152.dat
  False Negatives: 2007
  False Positives: 0
  False Types: 0
  Grand Total: 2007
  Total Critical Points (Decompressed): 89931

[45/90] Processing: ODV_VOLC_MMR_1_768_1152.dat
  False Negatives: 98
  False Positives: 0
  False Types: 0
  Grand Total: 98
  Total Critical Points (Decompressed): 21805

[46/90] Processing: PBLH_1_768_1152.dat
  False Negatives: 476
  False Positives: 0
  False Types: 0
  Grand Total: 476
  Total Critical Points (Decompressed): 82733

[47/90] Processing: PCONVB_1_768_1152.dat
  False Negatives: 4905
  False Positives: 0
  False Types: 0
  Grand Total: 4905
  Total Critical Points (Decompressed): 39087

[48/90] Processing: PCONVT_1_768_1152.dat
  False Negatives: 2498
  False Positives: 0
  False Types: 0
  Grand Total: 2498
  Total Critical Points (Decompressed): 64463

[49/90] Processing: PHIS_1_768_1152.dat
  False Negatives: 113
  False Positives: 0
  False Types: 0
  Grand Total: 113
  Total Critical Points (Decompressed): 8729

[50/90] Processing: PRECC_1_768_1152.dat
  False Negatives: 0
  False Positives: 0
  False Types: 0
  Grand Total: 0
  Total Critical Points (Decompressed): 92

[51/90] Processing: PRECCDZM_1_768_1152.dat
  False Negatives: 0
  False Positives: 0
  False Types: 0
  Grand Total: 0
  Total Critical Points (Decompressed): 87

[52/90] Processing: PRECL_1_768_1152.dat
  False Negatives: 0
  False Positives: 0
  False Types: 0
  Grand Total: 0
  Total Critical Points (Decompressed): 246

[53/90] Skipping: PRECSC_1_768_1152.dat (decompressed file not found: ../../CESM-CLIMATE-65G/4/log_normalized/topoSZp_1E-4/PRECSC_1_768_1152.dat.SZp.out)
[54/90] Skipping: PRECSH_1_768_1152.dat (decompressed file not found: ../../CESM-CLIMATE-65G/4/log_normalized/topoSZp_1E-4/PRECSH_1_768_1152.dat.SZp.out)
[55/90] Processing: PRECSL_1_768_1152.dat
  False Negatives: 0
  False Positives: 0
  False Types: 0
  Grand Total: 0
  Total Critical Points (Decompressed): 12

[56/90] Processing: PRECT_1_768_1152.dat
  False Negatives: 0
  False Positives: 0
  False Types: 0
  Grand Total: 0
  Total Critical Points (Decompressed): 278

[57/90] Processing: PS_1_768_1152.dat
  False Negatives: 759
  False Positives: 0
  False Types: 0
  Grand Total: 759
  Total Critical Points (Decompressed): 9800

[58/90] Processing: PSL_1_768_1152.dat
  False Negatives: 799
  False Positives: 0
  False Types: 0
  Grand Total: 799
  Total Critical Points (Decompressed): 17516

[59/90] Processing: QFLX_1_768_1152.dat
  False Negatives: 0
  False Positives: 0
  False Types: 0
  Grand Total: 0
  Total Critical Points (Decompressed): 23541

[60/90] Processing: QREFHT_1_768_1152.dat
  False Negatives: 307
  False Positives: 0
  False Types: 0
  Grand Total: 307
  Total Critical Points (Decompressed): 19209

[61/90] Processing: RHREFHT_1_768_1152.dat
  False Negatives: 6796
  False Positives: 0
  False Types: 0
  Grand Total: 6796
  Total Critical Points (Decompressed): 72668

[62/90] Skipping: SFCLDICE_1_768_1152.dat (decompressed file not found: ../../CESM-CLIMATE-65G/4/log_normalized/topoSZp_1E-4/SFCLDICE_1_768_1152.dat.SZp.out)
[63/90] Skipping: SFCLDLIQ_1_768_1152.dat (decompressed file not found: ../../CESM-CLIMATE-65G/4/log_normalized/topoSZp_1E-4/SFCLDLIQ_1_768_1152.dat.SZp.out)
[64/90] Processing: SHFLX_1_768_1152.dat
  False Negatives: 709
  False Positives: 0
  False Types: 0
  Grand Total: 709
  Total Critical Points (Decompressed): 46301

[65/90] Processing: SNOWHICE_1_768_1152.dat
  False Negatives: 9
  False Positives: 0
  False Types: 0
  Grand Total: 9
  Total Critical Points (Decompressed): 635

[66/90] Processing: SNOWHLND_1_768_1152.dat
  False Negatives: 3997
  False Positives: 0
  False Types: 0
  Grand Total: 3997
  Total Critical Points (Decompressed): 29605

[67/90] Processing: SOLIN_1_768_1152.dat
  False Negatives: 9
  False Positives: 0
  False Types: 0
  Grand Total: 9
  Total Critical Points (Decompressed): 42

[68/90] Processing: SRFRAD_1_768_1152.dat
  False Negatives: 1254
  False Positives: 0
  False Types: 0
  Grand Total: 1254
  Total Critical Points (Decompressed): 92508

[69/90] Processing: SWCF_1_768_1152.dat
  False Negatives: 5351
  False Positives: 0
  False Types: 0
  Grand Total: 5351
  Total Critical Points (Decompressed): 119951

[70/90] Processing: TAUX_1_768_1152.dat
  False Negatives: 522
  False Positives: 0
  False Types: 0
  Grand Total: 522
  Total Critical Points (Decompressed): 23692

[71/90] Processing: TAUY_1_768_1152.dat
  False Negatives: 430
  False Positives: 0
  False Types: 0
  Grand Total: 430
  Total Critical Points (Decompressed): 24049

[72/90] Processing: TGCLDIWP_1_768_1152.dat
  False Negatives: 169
  False Positives: 0
  False Types: 0
  Grand Total: 169
  Total Critical Points (Decompressed): 84309

[73/90] Processing: TGCLDLWP_1_768_1152.dat
  False Negatives: 285
  False Positives: 0
  False Types: 0
  Grand Total: 285
  Total Critical Points (Decompressed): 81286

[74/90] Processing: TH2d_1_768_1152.dat
  False Negatives: 0
  False Positives: 0
  False Types: 0
  Grand Total: 0
  Total Critical Points (Decompressed): 28

[75/90] Processing: TMQ_1_768_1152.dat
  False Negatives: 253
  False Positives: 0
  False Types: 0
  Grand Total: 253
  Total Critical Points (Decompressed): 13301

[76/90] Processing: TREFHT_1_768_1152.dat
  False Negatives: 634
  False Positives: 0
  False Types: 0
  Grand Total: 634
  Total Critical Points (Decompressed): 20215

[77/90] Processing: TREFMNAV_1_768_1152.dat
  False Negatives: 3802
  False Positives: 0
  False Types: 0
  Grand Total: 3802
  Total Critical Points (Decompressed): 39279

[78/90] Processing: TREFMXAV_1_768_1152.dat
  False Negatives: 3771
  False Positives: 0
  False Types: 0
  Grand Total: 3771
  Total Critical Points (Decompressed): 32645

[79/90] Processing: TROP_P_1_768_1152.dat
  False Negatives: 872
  False Positives: 0
  False Types: 0
  Grand Total: 872
  Total Critical Points (Decompressed): 25008

[80/90] Processing: TROP_T_1_768_1152.dat
  False Negatives: 280
  False Positives: 0
  False Types: 0
  Grand Total: 280
  Total Critical Points (Decompressed): 13280

[81/90] Processing: TROP_Z_1_768_1152.dat
  False Negatives: 1504
  False Positives: 0
  False Types: 0
  Grand Total: 1504
  Total Critical Points (Decompressed): 19031

[82/90] Processing: TS_1_768_1152.dat
  False Negatives: 467
  False Positives: 0
  False Types: 0
  Grand Total: 467
  Total Critical Points (Decompressed): 24476

[83/90] Processing: TSMN_1_768_1152.dat
  False Negatives: 438
  False Positives: 0
  False Types: 0
  Grand Total: 438
  Total Critical Points (Decompressed): 44931

[84/90] Processing: TSMX_1_768_1152.dat
  False Negatives: 607
  False Positives: 0
  False Types: 0
  Grand Total: 607
  Total Critical Points (Decompressed): 43890

[85/90] Processing: U2d_1_768_1152.dat
  False Negatives: 12
  False Positives: 0
  False Types: 0
  Grand Total: 12
  Total Critical Points (Decompressed): 102

[86/90] Processing: UV2d_1_768_1152.dat
  False Negatives: 109
  False Positives: 0
  False Types: 0
  Grand Total: 109
  Total Critical Points (Decompressed): 284

[87/90] Processing: UW2d_1_768_1152.dat
  False Negatives: 498
  False Positives: 0
  False Types: 0
  Grand Total: 498
  Total Critical Points (Decompressed): 1051

[88/90] Processing: V2d_1_768_1152.dat
  False Negatives: 183
  False Positives: 0
  False Types: 0
  Grand Total: 183
  Total Critical Points (Decompressed): 690

[89/90] Processing: VTH2d_1_768_1152.dat
  False Negatives: 132
  False Positives: 0
  False Types: 0
  Grand Total: 132
  Total Critical Points (Decompressed): 287

[90/90] Processing: W2d_1_768_1152.dat
  False Negatives: 740
  False Positives: 0
  False Types: 0
  Grand Total: 740
  Total Critical Points (Decompressed): 1238

=== Summary ===
Total files processed: 86
Total files skipped: 4
Total files failed: 0
Total false cases across all files: 73775
Average false cases per file: 857.84
Results saved to: ../../CESM-CLIMATE-65G/4/log_normalized/topoSZp_1E-4/critical_points.csv

