Input directory: ../../CESM-ICE-MODELS/4/log_normalized/
Output directory: ../../CESM-ICE-MODELS/4/log_normalized/topoSZp_28_thread/
Dimensions: 384x320 (122880 elements)
Error bound: 1E-3
Block size: 16

Found 130 .dat file(s) to process

[1/130] Processing: aeroiceint001_1_384_320.dat

compression time=0.066348, total fastmode1 topology
compression size = 115319, CR = 4.262264
done
decompression time=0.005866
done
Min=0, Max=1, range=1
Max absolute error = 0.0009999275
Max relative error = 0.001000
Max pw relative error = 0.001000
PSNR = 65.252569, NRMSE= 0.00054622494739052604874
acEff=1.000000
compressionRatio = 4.262264
  ✓ Compression and decompression successful (ratio: 4.26x)

[2/130] Processing: aeroiceint002_1_384_320.dat

compression time=0.002996, total fastmode1 topology
compression size = 115319, CR = 4.262264
done
decompression time=0.005088
done
Min=0, Max=1, range=1
Max absolute error = 0.0009999275
Max relative error = 0.001000
Max pw relative error = 0.001000
PSNR = 65.252569, NRMSE= 0.00054622494739052604874
acEff=1.000000
compressionRatio = 4.262264
  ✓ Compression and decompression successful (ratio: 4.26x)

[3/130] Processing: aeroiceint003_1_384_320.dat

compression time=0.002518, total fastmode1 topology
compression size = 115319, CR = 4.262264
done
decompression time=0.004815
done
Min=0, Max=1, range=1
Max absolute error = 0.0009999275
Max relative error = 0.001000
Max pw relative error = 0.001000
PSNR = 65.252569, NRMSE= 0.00054622494739052604874
acEff=1.000000
compressionRatio = 4.262264
  ✓ Compression and decompression successful (ratio: 4.26x)

[4/130] Processing: aeroicessl001_1_384_320.dat

compression time=0.002474, total fastmode1 topology
compression size = 115319, CR = 4.262264
done
decompression time=0.004847
done
Min=0, Max=1, range=1
Max absolute error = 0.0009999275
Max relative error = 0.001000
Max pw relative error = 0.001000
PSNR = 65.252569, NRMSE= 0.00054622494739052604874
acEff=1.000000
compressionRatio = 4.262264
  ✓ Compression and decompression successful (ratio: 4.26x)

[5/130] Processing: aeroicessl002_1_384_320.dat

compression time=0.002409, total fastmode1 topology
compression size = 115319, CR = 4.262264
done
decompression time=0.005191
done
Min=0, Max=1, range=1
Max absolute error = 0.0009999275
Max relative error = 0.001000
Max pw relative error = 0.001000
PSNR = 65.252569, NRMSE= 0.00054622494739052604874
acEff=1.000000
compressionRatio = 4.262264
  ✓ Compression and decompression successful (ratio: 4.26x)

[6/130] Processing: aeroicessl003_1_384_320.dat

compression time=0.002415, total fastmode1 topology
compression size = 115319, CR = 4.262264
done
decompression time=0.005022
done
Min=0, Max=1, range=1
Max absolute error = 0.0009999275
Max relative error = 0.001000
Max pw relative error = 0.001000
PSNR = 65.252569, NRMSE= 0.00054622494739052604874
acEff=1.000000
compressionRatio = 4.262264
  ✓ Compression and decompression successful (ratio: 4.26x)

[7/130] Processing: aerosnoint001_1_384_320.dat

compression time=0.002631, total fastmode1 topology
compression size = 115319, CR = 4.262264
done
decompression time=0.007215
done
Min=0, Max=1, range=1
Max absolute error = 0.0009999275
Max relative error = 0.001000
Max pw relative error = 0.001000
PSNR = 65.252569, NRMSE= 0.00054622494739052604874
acEff=1.000000
compressionRatio = 4.262264
  ✓ Compression and decompression successful (ratio: 4.26x)

[8/130] Processing: aerosnoint002_1_384_320.dat

compression time=0.002747, total fastmode1 topology
compression size = 115319, CR = 4.262264
done
decompression time=0.005084
done
Min=0, Max=1, range=1
Max absolute error = 0.0009999275
Max relative error = 0.001000
Max pw relative error = 0.001000
PSNR = 65.252569, NRMSE= 0.00054622494739052604874
acEff=1.000000
compressionRatio = 4.262264
  ✓ Compression and decompression successful (ratio: 4.26x)

[9/130] Processing: aerosnoint003_1_384_320.dat

compression time=0.002451, total fastmode1 topology
compression size = 115353, CR = 4.261007
done
decompression time=0.005288
done
Min=0, Max=1, range=1
Max absolute error = 0.0009999275
Max relative error = 0.001000
Max pw relative error = 0.001000
PSNR = 65.252569, NRMSE= 0.00054622496056234211715
acEff=1.000000
compressionRatio = 4.261008
  ✓ Compression and decompression successful (ratio: 4.26x)

[10/130] Processing: aerosnossl001_1_384_320.dat

compression time=0.009173, total fastmode1 topology
compression size = 115319, CR = 4.262264
done
decompression time=0.019492
done
Min=0, Max=1, range=1
Max absolute error = 0.0009999275
Max relative error = 0.001000
Max pw relative error = 0.001000
PSNR = 65.252569, NRMSE= 0.00054622494739052604874
acEff=1.000000
compressionRatio = 4.262264
  ✓ Compression and decompression successful (ratio: 4.26x)

[11/130] Processing: aerosnossl002_1_384_320.dat

compression time=0.002941, total fastmode1 topology
compression size = 115319, CR = 4.262264
done
decompression time=0.005143
done
Min=0, Max=1, range=1
Max absolute error = 0.0009999275
Max relative error = 0.001000
Max pw relative error = 0.001000
PSNR = 65.252569, NRMSE= 0.00054622494739052604874
acEff=1.000000
compressionRatio = 4.262264
  ✓ Compression and decompression successful (ratio: 4.26x)

[12/130] Processing: aerosnossl003_1_384_320.dat

compression time=0.002625, total fastmode1 topology
compression size = 115410, CR = 4.258903
done
decompression time=0.005765
done
Min=0, Max=1, range=1
Max absolute error = 0.0009999275
Max relative error = 0.001000
Max pw relative error = 0.001000
PSNR = 65.252569, NRMSE= 0.00054622497895272595098
acEff=1.000000
compressionRatio = 4.258903
  ✓ Compression and decompression successful (ratio: 4.25x)

[13/130] Processing: aice_1_384_320.dat

compression time=0.002834, total fastmode1 topology
compression size = 119058, CR = 4.128408
done
decompression time=0.006048
done
Min=0, Max=1, range=1
Max absolute error = 0.0009999387
Max relative error = 0.001000
Max pw relative error = 0.001000
PSNR = 64.854989, NRMSE= 0.00057180843875753544197
acEff=1.000000
compressionRatio = 4.128408
  ✓ Compression and decompression successful (ratio: 4.12x)

[14/130] Processing: aicen001_1_384_320.dat

compression time=0.002411, total fastmode1 topology
compression size = 119294, CR = 4.120241
done
decompression time=0.005673
done
Min=0, Max=1, range=1
Max absolute error = 0.0017039217
Max relative error = 0.001704
Max pw relative error = 0.001704
PSNR = 64.829132, NRMSE= 0.00057351318560779280305
acEff=1.000000
compressionRatio = 4.120241
  ✓ Compression and decompression successful (ratio: 4.12x)

[15/130] Processing: aicen002_1_384_320.dat

compression time=0.002495, total fastmode1 topology
compression size = 118733, CR = 4.139709
done
decompression time=0.005837
done
Min=0, Max=1, range=1
Max absolute error = 0.0012026690
Max relative error = 0.001203
Max pw relative error = 0.001203
PSNR = 64.872177, NRMSE= 0.00057067803112801425598
acEff=1.000000
compressionRatio = 4.139708
  ✓ Compression and decompression successful (ratio: 4.13x)

[16/130] Processing: aicen003_1_384_320.dat

compression time=0.002663, total fastmode1 topology
compression size = 118438, CR = 4.150020
done
decompression time=0.005619
done
Min=0, Max=1, range=1
Max absolute error = 0.0015152413
Max relative error = 0.001515
Max pw relative error = 0.001515
PSNR = 64.879097, NRMSE= 0.00057022354368567744389
acEff=1.000000
compressionRatio = 4.150019
  ✓ Compression and decompression successful (ratio: 4.15x)

[17/130] Processing: aicen004_1_384_320.dat

compression time=0.002722, total fastmode1 topology
compression size = 118274, CR = 4.155774
done
decompression time=0.005443
done
Min=0, Max=1, range=1
Max absolute error = 0.0015191156
Max relative error = 0.001519
Max pw relative error = 0.001519
PSNR = 64.883375, NRMSE= 0.00056994274792558760525
acEff=1.000000
compressionRatio = 4.155774
  ✓ Compression and decompression successful (ratio: 4.15x)

[18/130] Processing: aicen005_1_384_320.dat

compression time=0.002733, total fastmode1 topology
compression size = 118097, CR = 4.162003
done
decompression time=0.005840
done
Min=0, Max=1, range=1
Max absolute error = 0.0011459999
Max relative error = 0.001146
Max pw relative error = 0.001146
PSNR = 64.908033, NRMSE= 0.00056832710147892669724
acEff=1.000000
compressionRatio = 4.162002
  ✓ Compression and decompression successful (ratio: 4.16x)

[19/130] Processing: aisnap_1_384_320.dat

compression time=0.002684, total fastmode1 topology
compression size = 117691, CR = 4.176360
done
decompression time=0.005970
done
Min=0, Max=1, range=1
Max absolute error = 0.0009999275
Max relative error = 0.001000
Max pw relative error = 0.001000
PSNR = 64.889118, NRMSE= 0.00056956604591600198603
acEff=1.000000
compressionRatio = 4.176360
  ✓ Compression and decompression successful (ratio: 4.17x)

[20/130] Processing: albice_1_384_320.dat

compression time=0.002617, total fastmode1 topology
compression size = 116270, CR = 4.227402
done
decompression time=0.005951
done
Min=0, Max=1, range=1
Max absolute error = 0.0013142424
Max relative error = 0.001314
Max pw relative error = 0.001314
PSNR = 65.194061, NRMSE= 0.00054991675040825084911
acEff=1.000000
compressionRatio = 4.227402
  ✓ Compression and decompression successful (ratio: 4.22x)

[21/130] Processing: albpnd_1_384_320.dat

compression time=0.003298, total fastmode1 topology
compression size = 115925, CR = 4.239983
done
decompression time=0.006182
done
Min=0, Max=1, range=1
Max absolute error = 0.0009999275
Max relative error = 0.001000
Max pw relative error = 0.001000
PSNR = 65.212285, NRMSE= 0.00054876416420753220803
acEff=1.000000
compressionRatio = 4.239983
  ✓ Compression and decompression successful (ratio: 4.23x)

[22/130] Processing: albsno_1_384_320.dat

compression time=0.002585, total fastmode1 topology
compression size = 117035, CR = 4.199769
done
decompression time=0.005744
done
Min=0, Max=1, range=1
Max absolute error = 0.0009999722
Max relative error = 0.001000
Max pw relative error = 0.001000
PSNR = 65.030180, NRMSE= 0.0005603907853535482729
acEff=1.000000
compressionRatio = 4.199769
  ✓ Compression and decompression successful (ratio: 4.19x)

[23/130] Processing: alidr_1_384_320.dat

compression time=0.002546, total fastmode1 topology
compression size = 117632, CR = 4.178455
done
decompression time=0.005979
done
Min=0, Max=1, range=1
Max absolute error = 0.0009999275
Max relative error = 0.001000
Max pw relative error = 0.001000
PSNR = 64.963018, NRMSE= 0.00056474072162144141156
acEff=1.000000
compressionRatio = 4.178455
  ✓ Compression and decompression successful (ratio: 4.17x)

[24/130] Processing: alvdr_1_384_320.dat

compression time=0.002457, total fastmode1 topology
compression size = 117653, CR = 4.177709
done
decompression time=0.005873
done
Min=0, Max=1, range=1
Max absolute error = 0.0009999275
Max relative error = 0.001000
Max pw relative error = 0.001000
PSNR = 65.011310, NRMSE= 0.00056160958438733065042
acEff=1.000000
compressionRatio = 4.177709
  ✓ Compression and decompression successful (ratio: 4.17x)

[25/130] Processing: ANGLE_384_320.dat

compression time=0.002677, total fastmode1 topology
compression size = 80785, CR = 6.084298
done
decompression time=0.006101
done
Min=0, Max=1, range=1
Max absolute error = 0.0019998550
Max relative error = 0.002000
Max pw relative error = 0.002000
PSNR = 65.108158, NRMSE= 0.00055538236741904363838
acEff=0.999993
compressionRatio = 6.084298
  ✓ Compression and decompression successful (ratio: 6.08x)

[26/130] Processing: ANGLET_384_320.dat
Error: No critical points found!
  ✗ Compression failed

[27/130] Processing: apond001_1_384_320.dat

compression time=0.002622, total fastmode1 topology
compression size = 118617, CR = 4.143757
done
decompression time=0.006221
done
Min=0, Max=1, range=1
Max absolute error = 0.0014789701
Max relative error = 0.001479
Max pw relative error = 0.001479
PSNR = 65.059694, NRMSE= 0.00055848984428506461605
acEff=1.000000
compressionRatio = 4.143757
  ✓ Compression and decompression successful (ratio: 4.14x)

[28/130] Processing: apond002_1_384_320.dat

compression time=0.002686, total fastmode1 topology
compression size = 125346, CR = 3.921306
done
decompression time=0.006391
done
Min=0, Max=1, range=1
Max absolute error = 0.0019339211
Max relative error = 0.001934
Max pw relative error = 0.001934
PSNR = 64.848291, NRMSE= 0.00057224952968804553011
acEff=1.000000
compressionRatio = 3.921306
  ✓ Compression and decompression successful (ratio: 3.92x)

[29/130] Processing: apond003_1_384_320.dat

compression time=0.003105, total fastmode1 topology
compression size = 124052, CR = 3.962209
done
decompression time=0.006279
done
Min=0, Max=1, range=1
Max absolute error = 0.0019840635
Max relative error = 0.001984
Max pw relative error = 0.001984
PSNR = 64.944035, NRMSE= 0.00056597627690929729408
acEff=1.000000
compressionRatio = 3.962209
  ✓ Compression and decompression successful (ratio: 3.96x)

[30/130] Processing: apond004_1_384_320.dat

compression time=0.002699, total fastmode1 topology
compression size = 121466, CR = 4.046565
done
decompression time=0.006125
done
Min=0, Max=1, range=1
Max absolute error = 0.0016271845
Max relative error = 0.001627
Max pw relative error = 0.001627
PSNR = 65.008640, NRMSE= 0.00056178225850956893094
acEff=1.000000
compressionRatio = 4.046564
  ✓ Compression and decompression successful (ratio: 4.04x)

[31/130] Processing: apond005_1_384_320.dat

compression time=0.002844, total fastmode1 topology
compression size = 119893, CR = 4.099656
done
decompression time=0.005845
done
Min=0, Max=1, range=1
Max absolute error = 0.0019328184
Max relative error = 0.001933
Max pw relative error = 0.001933
PSNR = 65.049245, NRMSE= 0.00055916210690393653316
acEff=1.000000
compressionRatio = 4.099656
  ✓ Compression and decompression successful (ratio: 4.09x)

[32/130] Processing: congel_1_384_320.dat

compression time=0.002480, total fastmode1 topology
compression size = 116337, CR = 4.224967
done
decompression time=0.005986
done
Min=0, Max=1, range=1
Max absolute error = 0.0009999275
Max relative error = 0.001000
Max pw relative error = 0.001000
PSNR = 65.079252, NRMSE= 0.00055723371411303722692
acEff=1.000000
compressionRatio = 4.224967
  ✓ Compression and decompression successful (ratio: 4.22x)

[33/130] Processing: coszen_1_384_320.dat

compression time=0.002672, total fastmode1 topology
compression size = 115787, CR = 4.245036
done
decompression time=0.005301
done
Min=0, Max=1, range=1
Max absolute error = 0.0010004179
Max relative error = 0.001000
Max pw relative error = 0.001000
PSNR = 62.824863, NRMSE= 0.00072236528213226079091
acEff=1.000000
compressionRatio = 4.245036
  ✓ Compression and decompression successful (ratio: 4.24x)

[34/130] Processing: daidtd_1_384_320.dat

compression time=0.002460, total fastmode1 topology
compression size = 118107, CR = 4.161650
done
decompression time=0.005786
done
Min=0, Max=1, range=1
Max absolute error = 0.0009999275
Max relative error = 0.001000
Max pw relative error = 0.001000
PSNR = 62.108072, NRMSE= 0.00078450624208101086329
acEff=1.000000
compressionRatio = 4.161650
  ✓ Compression and decompression successful (ratio: 4.16x)

[35/130] Processing: daidtt_1_384_320.dat

compression time=0.002736, total fastmode1 topology
compression size = 118454, CR = 4.149459
done
decompression time=0.005954
done
Min=0, Max=1, range=1
Max absolute error = 0.0015081875
Max relative error = 0.001508
Max pw relative error = 0.001508
PSNR = 63.245224, NRMSE= 0.00068823824727985878635
acEff=1.000000
compressionRatio = 4.149459
  ✓ Compression and decompression successful (ratio: 4.14x)

[36/130] Processing: dardg1dt_1_384_320.dat

compression time=0.002885, total fastmode1 topology
compression size = 117474, CR = 4.184075
done
decompression time=0.005852
done
Min=0, Max=1, range=1
Max absolute error = 0.0009999599
Max relative error = 0.001000
Max pw relative error = 0.001000
PSNR = 65.040948, NRMSE= 0.000559696498127074029
acEff=1.000000
compressionRatio = 4.184075
  ✓ Compression and decompression successful (ratio: 4.18x)

[37/130] Processing: dardg2dt_1_384_320.dat

compression time=0.002908, total fastmode1 topology
compression size = 116624, CR = 4.214570
done
decompression time=0.005677
done
Min=0, Max=1, range=1
Max absolute error = 0.0009999275
Max relative error = 0.001000
Max pw relative error = 0.001000
PSNR = 65.157521, NRMSE= 0.00055223500186706313188
acEff=1.000000
compressionRatio = 4.214570
  ✓ Compression and decompression successful (ratio: 4.21x)

[38/130] Processing: divu_1_384_320.dat

compression time=0.002993, total fastmode1 topology
compression size = 119595, CR = 4.109871
done
decompression time=0.005981
done
Min=0, Max=1, range=1
Max absolute error = 0.0010028519
Max relative error = 0.001003
Max pw relative error = 0.001003
PSNR = 64.851191, NRMSE= 0.00057205854134934855815
acEff=1.000000
compressionRatio = 4.109871
  ✓ Compression and decompression successful (ratio: 4.10x)

[39/130] Processing: dvidtd_1_384_320.dat

compression time=0.002783, total fastmode1 topology
compression size = 118535, CR = 4.146623
done
decompression time=0.006295
done
Min=0, Max=1, range=1
Max absolute error = 0.0012038089
Max relative error = 0.001204
Max pw relative error = 0.001204
PSNR = 60.388198, NRMSE= 0.00095629110303750827684
acEff=1.000000
compressionRatio = 4.146623
  ✓ Compression and decompression successful (ratio: 4.14x)

[40/130] Processing: dvidtt_1_384_320.dat

compression time=0.002564, total fastmode1 topology
compression size = 117803, CR = 4.172390
done
decompression time=0.006079
done
Min=0, Max=1, range=1
Max absolute error = 0.0009999704
Max relative error = 0.001000
Max pw relative error = 0.001000
PSNR = 62.259082, NRMSE= 0.0007709849890944667607
acEff=1.000000
compressionRatio = 4.172389
  ✓ Compression and decompression successful (ratio: 4.17x)

[41/130] Processing: dvirdgdt_1_384_320.dat

compression time=0.002761, total fastmode1 topology
compression size = 116973, CR = 4.201995
done
decompression time=0.006514
done
Min=0, Max=1, range=1
Max absolute error = 0.0009999275
Max relative error = 0.001000
Max pw relative error = 0.001000
PSNR = 65.076588, NRMSE= 0.00055740463749478163201
acEff=1.000000
compressionRatio = 4.201995
  ✓ Compression and decompression successful (ratio: 4.20x)

[42/130] Processing: dxt_384_320.dat
Error: No critical points found!
  ✗ Compression failed

[43/130] Processing: dxu_384_320.dat
Error: No critical points found!
  ✗ Compression failed

[44/130] Processing: dyt_384_320.dat
Error: No critical points found!
  ✗ Compression failed

[45/130] Processing: dyu_384_320.dat

compression time=0.002354, total fastmode1 topology
compression size = 86423, CR = 5.687375
done
decompression time=0.005048
done
Min=0, Max=1, range=1
Max absolute error = 0.0009999871
Max relative error = 0.001000
Max pw relative error = 0.001000
PSNR = 65.256021, NRMSE= 0.00054600791520362538731
acEff=0.999998
compressionRatio = 5.687375
  ✓ Compression and decompression successful (ratio: 5.68x)

[46/130] Processing: evap_1_384_320.dat

compression time=0.002898, total fastmode1 topology
compression size = 117378, CR = 4.187497
done
decompression time=0.006428
done
Min=0, Max=1, range=1
Max absolute error = 0.0010079747
Max relative error = 0.001008
Max pw relative error = 0.001008
PSNR = 60.557270, NRMSE= 0.00093785673316143611678
acEff=1.000000
compressionRatio = 4.187497
  ✓ Compression and decompression successful (ratio: 4.18x)

[47/130] Processing: evap_ai_1_384_320.dat

compression time=0.002743, total fastmode1 topology
compression size = 116447, CR = 4.220976
done
decompression time=0.006140
done
Min=0, Max=1, range=1
Max absolute error = 0.0009999275
Max relative error = 0.001000
Max pw relative error = 0.001000
PSNR = 62.531485, NRMSE= 0.00074718090244391978903
acEff=1.000000
compressionRatio = 4.220976
  ✓ Compression and decompression successful (ratio: 4.22x)

[48/130] Processing: faero_atm001_1_384_320.dat

compression time=0.002943, total fastmode1 topology
compression size = 115319, CR = 4.262264
done
decompression time=0.004953
done
Min=0, Max=1, range=1
Max absolute error = 0.0009999275
Max relative error = 0.001000
Max pw relative error = 0.001000
PSNR = 65.252569, NRMSE= 0.00054622494739052604874
acEff=1.000000
compressionRatio = 4.262264
  ✓ Compression and decompression successful (ratio: 4.26x)

[49/130] Processing: faero_atm002_1_384_320.dat

compression time=0.002478, total fastmode1 topology
compression size = 115319, CR = 4.262264
done
decompression time=0.005045
done
Min=0, Max=1, range=1
Max absolute error = 0.0009999275
Max relative error = 0.001000
Max pw relative error = 0.001000
PSNR = 65.252569, NRMSE= 0.00054622494739052604874
acEff=1.000000
compressionRatio = 4.262264
  ✓ Compression and decompression successful (ratio: 4.26x)

[50/130] Processing: faero_atm003_1_384_320.dat

compression time=0.002419, total fastmode1 topology
compression size = 115319, CR = 4.262264
done
decompression time=0.004849
done
Min=0, Max=1, range=1
Max absolute error = 0.0009999275
Max relative error = 0.001000
Max pw relative error = 0.001000
PSNR = 65.252569, NRMSE= 0.00054622494739052604874
acEff=1.000000
compressionRatio = 4.262264
  ✓ Compression and decompression successful (ratio: 4.26x)

[51/130] Processing: faero_ocn001_1_384_320.dat

compression time=0.002956, total fastmode1 topology
compression size = 115319, CR = 4.262264
done
decompression time=0.005124
done
Min=0, Max=1, range=1
Max absolute error = 0.0009999275
Max relative error = 0.001000
Max pw relative error = 0.001000
PSNR = 65.252569, NRMSE= 0.00054622494739052604874
acEff=1.000000
compressionRatio = 4.262264
  ✓ Compression and decompression successful (ratio: 4.26x)

[52/130] Processing: faero_ocn002_1_384_320.dat

compression time=0.002362, total fastmode1 topology
compression size = 115319, CR = 4.262264
done
decompression time=0.004821
done
Min=0, Max=1, range=1
Max absolute error = 0.0009999275
Max relative error = 0.001000
Max pw relative error = 0.001000
PSNR = 65.252569, NRMSE= 0.00054622494739052604874
acEff=1.000000
compressionRatio = 4.262264
  ✓ Compression and decompression successful (ratio: 4.26x)

[53/130] Processing: faero_ocn003_1_384_320.dat

compression time=0.002724, total fastmode1 topology
compression size = 115319, CR = 4.262264
done
decompression time=0.004984
done
Min=0, Max=1, range=1
Max absolute error = 0.0009999275
Max relative error = 0.001000
Max pw relative error = 0.001000
PSNR = 65.252569, NRMSE= 0.00054622494739052604874
acEff=1.000000
compressionRatio = 4.262264
  ✓ Compression and decompression successful (ratio: 4.26x)

[54/130] Processing: fcondtop_ai_1_384_320.dat

compression time=0.002872, total fastmode1 topology
compression size = 117224, CR = 4.192998
done
decompression time=0.005978
done
Min=0, Max=1, range=1
Max absolute error = 0.0009999275
Max relative error = 0.001000
Max pw relative error = 0.001000
PSNR = 64.196084, NRMSE= 0.00061687303745338022826
acEff=1.000000
compressionRatio = 4.192998
  ✓ Compression and decompression successful (ratio: 4.19x)

[55/130] Processing: fhocn_1_384_320.dat

compression time=0.002624, total fastmode1 topology
compression size = 118077, CR = 4.162707
done
decompression time=0.006209
done
Min=0, Max=1, range=1
Max absolute error = 0.0010000020
Max relative error = 0.001000
Max pw relative error = 0.001000
PSNR = 64.462375, NRMSE= 0.00059824799849500249344
acEff=1.000000
compressionRatio = 4.162707
  ✓ Compression and decompression successful (ratio: 4.16x)

[56/130] Processing: fhocn_ai_1_384_320.dat

compression time=0.003740, total fastmode1 topology
compression size = 117818, CR = 4.171858
done
decompression time=0.006080
done
Min=0, Max=1, range=1
Max absolute error = 0.0009999275
Max relative error = 0.001000
Max pw relative error = 0.001000
PSNR = 62.074766, NRMSE= 0.00078752019474068223406
acEff=1.000000
compressionRatio = 4.171858
  ✓ Compression and decompression successful (ratio: 4.17x)

[57/130] Processing: flat_1_384_320.dat

compression time=0.002623, total fastmode1 topology
compression size = 119193, CR = 4.123732
done
decompression time=0.005971
done
Min=0, Max=1, range=1
Max absolute error = 0.0013413802
Max relative error = 0.001341
Max pw relative error = 0.001341
PSNR = 63.228276, NRMSE= 0.00068958241549423927343
acEff=1.000000
compressionRatio = 4.123732
  ✓ Compression and decompression successful (ratio: 4.12x)

[58/130] Processing: flat_ai_1_384_320.dat

compression time=0.002779, total fastmode1 topology
compression size = 118252, CR = 4.156547
done
decompression time=0.006050
done
Min=0, Max=1, range=1
Max absolute error = 0.0009999499
Max relative error = 0.001000
Max pw relative error = 0.001000
PSNR = 62.474073, NRMSE= 0.00075213598025814214915
acEff=1.000000
compressionRatio = 4.156547
  ✓ Compression and decompression successful (ratio: 4.15x)

[59/130] Processing: flwdn_1_384_320.dat

compression time=0.002999, total fastmode1 topology
compression size = 131785, CR = 3.729711
done
decompression time=0.007138
done
Min=0, Max=1, range=1
Max absolute error = 0.0011446774
Max relative error = 0.001145
Max pw relative error = 0.001145
PSNR = 62.781147, NRMSE= 0.0007260100604508676423
acEff=1.000000
compressionRatio = 3.729711
  ✓ Compression and decompression successful (ratio: 3.72x)

[60/130] Processing: flwup_1_384_320.dat

compression time=0.002663, total fastmode1 topology
compression size = 118672, CR = 4.141836
done
decompression time=0.006173
done
Min=0, Max=1, range=1
Max absolute error = 0.0009999275
Max relative error = 0.001000
Max pw relative error = 0.001000
PSNR = 64.667241, NRMSE= 0.00058430275123350192308
acEff=1.000000
compressionRatio = 4.141836
  ✓ Compression and decompression successful (ratio: 4.14x)

[61/130] Processing: flwup_ai_1_384_320.dat

compression time=0.002719, total fastmode1 topology
compression size = 118407, CR = 4.151106
done
decompression time=0.005923
done
Min=0, Max=1, range=1
Max absolute error = 0.0009999536
Max relative error = 0.001000
Max pw relative error = 0.001000
PSNR = 61.387143, NRMSE= 0.00085239881125060605951
acEff=1.000000
compressionRatio = 4.151106
  ✓ Compression and decompression successful (ratio: 4.15x)

[62/130] Processing: frazil_1_384_320.dat

compression time=0.002685, total fastmode1 topology
compression size = 116329, CR = 4.225258
done
decompression time=0.005716
done
Min=0, Max=1, range=1
Max absolute error = 0.0009999275
Max relative error = 0.001000
Max pw relative error = 0.001000
PSNR = 65.089613, NRMSE= 0.00055656942521150167338
acEff=1.000000
compressionRatio = 4.225258
  ✓ Compression and decompression successful (ratio: 4.22x)

[63/130] Processing: fresh_1_384_320.dat

compression time=0.002574, total fastmode1 topology
compression size = 119348, CR = 4.118377
done
decompression time=0.006104
done
Min=0, Max=1, range=1
Max absolute error = 0.0012184121
Max relative error = 0.001218
Max pw relative error = 0.001218
PSNR = 63.800629, NRMSE= 0.00064560749629902929904
acEff=1.000000
compressionRatio = 4.118377
  ✓ Compression and decompression successful (ratio: 4.11x)

[64/130] Processing: fresh_ai_1_384_320.dat

compression time=0.002634, total fastmode1 topology
compression size = 118021, CR = 4.164682
done
decompression time=0.005920
done
Min=0, Max=1, range=1
Max absolute error = 0.0012005381
Max relative error = 0.001201
Max pw relative error = 0.001201
PSNR = 62.320385, NRMSE= 0.00076556263673834977664
acEff=1.000000
compressionRatio = 4.164683
  ✓ Compression and decompression successful (ratio: 4.16x)

[65/130] Processing: fs_1_384_320.dat

compression time=0.002657, total fastmode1 topology
compression size = 117485, CR = 4.183683
done
decompression time=0.006041
done
Min=0, Max=1, range=1
Max absolute error = 0.0009999722
Max relative error = 0.001000
Max pw relative error = 0.001000
PSNR = 64.857241, NRMSE= 0.00057166018955555353027
acEff=1.000000
compressionRatio = 4.183683
  ✓ Compression and decompression successful (ratio: 4.18x)

[66/130] Processing: fsalt_1_384_320.dat

compression time=0.002781, total fastmode1 topology
compression size = 118074, CR = 4.162813
done
decompression time=0.006081
done
Min=0, Max=1, range=1
Max absolute error = 0.0010924796
Max relative error = 0.001092
Max pw relative error = 0.001092
PSNR = 63.613074, NRMSE= 0.00065969975549168247912
acEff=1.000000
compressionRatio = 4.162813
  ✓ Compression and decompression successful (ratio: 4.16x)

[67/130] Processing: fsalt_ai_1_384_320.dat

compression time=0.002521, total fastmode1 topology
compression size = 116577, CR = 4.216269
done
decompression time=0.006093
done
Min=0, Max=1, range=1
Max absolute error = 0.0010059321
Max relative error = 0.001006
Max pw relative error = 0.001006
PSNR = 60.354160, NRMSE= 0.0009600459230653512338
acEff=1.000000
compressionRatio = 4.216269
  ✓ Compression and decompression successful (ratio: 4.21x)

[68/130] Processing: fsens_1_384_320.dat

compression time=0.002995, total fastmode1 topology
compression size = 119381, CR = 4.117238
done
decompression time=0.006470
done
Min=0, Max=1, range=1
Max absolute error = 0.0016929395
Max relative error = 0.001693
Max pw relative error = 0.001693
PSNR = 62.370168, NRMSE= 0.00076118737424852342226
acEff=1.000000
compressionRatio = 4.117238
  ✓ Compression and decompression successful (ratio: 4.11x)

[69/130] Processing: fsens_ai_1_384_320.dat

compression time=0.002597, total fastmode1 topology
compression size = 118063, CR = 4.163201
done
decompression time=0.006245
done
Min=0, Max=1, range=1
Max absolute error = 0.0010012947
Max relative error = 0.001001
Max pw relative error = 0.001001
PSNR = 64.187406, NRMSE= 0.00061748965517592461789
acEff=1.000000
compressionRatio = 4.163201
  ✓ Compression and decompression successful (ratio: 4.16x)

[70/130] Processing: fsurf_ai_1_384_320.dat

compression time=0.002702, total fastmode1 topology
compression size = 117464, CR = 4.184431
done
decompression time=0.007691
done
Min=0, Max=1, range=1
Max absolute error = 0.0009999275
Max relative error = 0.001000
Max pw relative error = 0.001000
PSNR = 64.201640, NRMSE= 0.0006164785927261612862
acEff=1.000000
compressionRatio = 4.184431
  ✓ Compression and decompression successful (ratio: 4.18x)

[71/130] Processing: fswabs_1_384_320.dat

compression time=0.002994, total fastmode1 topology
compression size = 118433, CR = 4.150195
done
decompression time=0.006113
done
Min=0, Max=1, range=1
Max absolute error = 0.0017466173
Max relative error = 0.001747
Max pw relative error = 0.001747
PSNR = 64.966135, NRMSE= 0.00056453811120673149434
acEff=1.000000
compressionRatio = 4.150195
  ✓ Compression and decompression successful (ratio: 4.15x)

[72/130] Processing: fswabs_ai_1_384_320.dat

compression time=0.002988, total fastmode1 topology
compression size = 117609, CR = 4.179272
done
decompression time=0.006120
done
Min=0, Max=1, range=1
Max absolute error = 0.0009999275
Max relative error = 0.001000
Max pw relative error = 0.001000
PSNR = 65.006414, NRMSE= 0.0005619262208179524919
acEff=1.000000
compressionRatio = 4.179272
  ✓ Compression and decompression successful (ratio: 4.17x)

[73/130] Processing: fswdn_1_384_320.dat

compression time=0.003086, total fastmode1 topology
compression size = 133305, CR = 3.687184
done
decompression time=0.006944
done
Min=0, Max=1, range=1
Max absolute error = 0.0010239407
Max relative error = 0.001024
Max pw relative error = 0.001024
PSNR = 62.911753, NRMSE= 0.00071517506805084747785
acEff=1.000000
compressionRatio = 3.687184
  ✓ Compression and decompression successful (ratio: 3.68x)

[74/130] Processing: fswfac_1_384_320.dat

compression time=0.006840, total fastmode1 topology
compression size = 120830, CR = 4.067864
done
decompression time=0.006329
done
Min=0, Max=1, range=1
Max absolute error = 0.0017415080
Max relative error = 0.001742
Max pw relative error = 0.001742
PSNR = 64.031920, NRMSE= 0.00062864288132158797733
acEff=1.000000
compressionRatio = 4.067864
  ✓ Compression and decompression successful (ratio: 4.06x)

[75/130] Processing: fswthru_1_384_320.dat

compression time=0.002861, total fastmode1 topology
compression size = 118877, CR = 4.134694
done
decompression time=0.005193
done
Min=0, Max=1, range=1
Max absolute error = 0.0017630868
Max relative error = 0.001763
Max pw relative error = 0.001763
PSNR = 64.979404, NRMSE= 0.00056367633834833723739
acEff=1.000000
compressionRatio = 4.134694
  ✓ Compression and decompression successful (ratio: 4.13x)

[76/130] Processing: fswthru_ai_1_384_320.dat

compression time=0.002083, total fastmode1 topology
compression size = 117497, CR = 4.183256
done
decompression time=0.005575
done
Min=0, Max=1, range=1
Max absolute error = 0.0015817564
Max relative error = 0.001582
Max pw relative error = 0.001582
PSNR = 65.032317, NRMSE= 0.00056025292174141075232
acEff=1.000000
compressionRatio = 4.183256
  ✓ Compression and decompression successful (ratio: 4.18x)

[77/130] Processing: fswup_1_384_320.dat

compression time=0.003383, total fastmode1 topology
compression size = 133472, CR = 3.682570
done
decompression time=0.007002
done
Min=0, Max=1, range=1
Max absolute error = 0.0010239445
Max relative error = 0.001024
Max pw relative error = 0.001024
PSNR = 62.911764, NRMSE= 0.0007151741685180927708
acEff=1.000000
compressionRatio = 3.682570
  ✓ Compression and decompression successful (ratio: 3.68x)

[78/130] Processing: FYarea_1_384_320.dat

compression time=0.002619, total fastmode1 topology
compression size = 117817, CR = 4.171894
done
decompression time=0.006169
done
Min=0, Max=1, range=1
Max absolute error = 0.0009999741
Max relative error = 0.001000
Max pw relative error = 0.001000
PSNR = 64.859269, NRMSE= 0.00057152670695903985514
acEff=1.000000
compressionRatio = 4.171894
  ✓ Compression and decompression successful (ratio: 4.17x)

[79/130] Processing: hi_1_384_320.dat

compression time=0.002513, total fastmode1 topology
compression size = 117615, CR = 4.179059
done
decompression time=0.005735
done
Min=0, Max=1, range=1
Max absolute error = 0.0009999322
Max relative error = 0.001000
Max pw relative error = 0.001000
PSNR = 64.893272, NRMSE= 0.00056929376016512909815
acEff=1.000000
compressionRatio = 4.179059
  ✓ Compression and decompression successful (ratio: 4.17x)

[80/130] Processing: hisnap_1_384_320.dat

compression time=0.002773, total fastmode1 topology
compression size = 117684, CR = 4.176609
done
decompression time=0.006261
done
Min=0, Max=1, range=1
Max absolute error = 0.0011873692
Max relative error = 0.001187
Max pw relative error = 0.001187
PSNR = 64.892290, NRMSE= 0.00056935808763312434171
acEff=1.000000
compressionRatio = 4.176609
  ✓ Compression and decompression successful (ratio: 4.17x)

[81/130] Processing: hs_1_384_320.dat

compression time=0.002579, total fastmode1 topology
compression size = 116857, CR = 4.206167
done
decompression time=0.006206
done
Min=0, Max=1, range=1
Max absolute error = 0.0009999479
Max relative error = 0.001000
Max pw relative error = 0.001000
PSNR = 64.957612, NRMSE= 0.00056509232066157357756
acEff=1.000000
compressionRatio = 4.206167
  ✓ Compression and decompression successful (ratio: 4.20x)

[82/130] Processing: HTE_384_320.dat

compression time=0.007756, total fastmode1 topology
compression size = 86303, CR = 5.695283
done
decompression time=0.004714
done
Min=0, Max=1, range=1
Max absolute error = 0.0009999871
Max relative error = 0.001000
Max pw relative error = 0.001000
PSNR = 65.017388, NRMSE= 0.00056121674974861542051
acEff=0.999998
compressionRatio = 5.695283
  ✓ Compression and decompression successful (ratio: 5.69x)

[83/130] Processing: HTN_384_320.dat
Error: No critical points found!
  ✗ Compression failed

[84/130] Processing: iage_1_384_320.dat

compression time=0.002556, total fastmode1 topology
compression size = 118337, CR = 4.153562
done
decompression time=0.005941
done
Min=0, Max=1, range=1
Max absolute error = 0.0016180594
Max relative error = 0.001618
Max pw relative error = 0.001618
PSNR = 64.822112, NRMSE= 0.00057397686161471763756
acEff=1.000000
compressionRatio = 4.153561
  ✓ Compression and decompression successful (ratio: 4.15x)

[85/130] Processing: ice_present_1_384_320.dat

compression time=0.002702, total fastmode1 topology
compression size = 116523, CR = 4.218223
done
decompression time=0.005152
done
Min=0, Max=1, range=1
Max absolute error = 0.0009999275
Max relative error = 0.001000
Max pw relative error = 0.001000
PSNR = 65.181639, NRMSE= 0.0005507037502687000749
acEff=1.000000
compressionRatio = 4.218223
  ✓ Compression and decompression successful (ratio: 4.21x)

[86/130] Processing: meltb_1_384_320.dat

compression time=0.002861, total fastmode1 topology
compression size = 117833, CR = 4.171327
done
decompression time=0.005959
done
Min=0, Max=1, range=1
Max absolute error = 0.0017512455
Max relative error = 0.001751
Max pw relative error = 0.001751
PSNR = 65.002009, NRMSE= 0.00056221124978737715798
acEff=1.000000
compressionRatio = 4.171327
  ✓ Compression and decompression successful (ratio: 4.17x)

[87/130] Processing: meltl_1_384_320.dat

compression time=0.003000, total fastmode1 topology
compression size = 116264, CR = 4.227620
done
decompression time=0.005913
done
Min=0, Max=1, range=1
Max absolute error = 0.0009999297
Max relative error = 0.001000
Max pw relative error = 0.001000
PSNR = 65.121260, NRMSE= 0.00055454524382710047511
acEff=1.000000
compressionRatio = 4.227620
  ✓ Compression and decompression successful (ratio: 4.22x)

[88/130] Processing: melts_1_384_320.dat

compression time=0.002604, total fastmode1 topology
compression size = 116955, CR = 4.202642
done
decompression time=0.006990
done
Min=0, Max=1, range=1
Max absolute error = 0.0009999275
Max relative error = 0.001000
Max pw relative error = 0.001000
PSNR = 65.040992, NRMSE= 0.00055969365894160928113
acEff=1.000000
compressionRatio = 4.202642
  ✓ Compression and decompression successful (ratio: 4.20x)

[89/130] Processing: meltt_1_384_320.dat

compression time=0.002777, total fastmode1 topology
compression size = 115492, CR = 4.255879
done
decompression time=0.005767
done
Min=0, Max=1, range=1
Max absolute error = 0.0009999275
Max relative error = 0.001000
Max pw relative error = 0.001000
PSNR = 65.245847, NRMSE= 0.00054664783885259983585
acEff=1.000000
compressionRatio = 4.255879
  ✓ Compression and decompression successful (ratio: 4.25x)

[90/130] Processing: opening_1_384_320.dat

compression time=0.002798, total fastmode1 topology
compression size = 121739, CR = 4.037490
done
decompression time=0.006146
done
Min=0, Max=1, range=1
Max absolute error = 0.0017261449
Max relative error = 0.001726
Max pw relative error = 0.001726
PSNR = 64.817277, NRMSE= 0.00057429649997998337765
acEff=1.000000
compressionRatio = 4.037490
  ✓ Compression and decompression successful (ratio: 4.03x)

[91/130] Processing: qi_1_384_320.dat

compression time=0.002496, total fastmode1 topology
compression size = 111915, CR = 4.391904
done
decompression time=0.005927
done
Min=0, Max=1, range=1
Max absolute error = 0.0010014176
Max relative error = 0.001001
Max pw relative error = 0.001001
PSNR = 63.754873, NRMSE= 0.00064901745177135220389
acEff=1.000000
compressionRatio = 4.391905
  ✓ Compression and decompression successful (ratio: 4.39x)

[92/130] Processing: Qref_1_384_320.dat

compression time=0.003241, total fastmode1 topology
compression size = 129829, CR = 3.785903
done
decompression time=0.006556
done
Min=0, Max=1, range=1
Max absolute error = 0.0010020137
Max relative error = 0.001002
Max pw relative error = 0.001002
PSNR = 62.733203, NRMSE= 0.00073002852023414349474
acEff=1.000000
compressionRatio = 3.785903
  ✓ Compression and decompression successful (ratio: 3.78x)

[93/130] Processing: qs_1_384_320.dat

compression time=0.002377, total fastmode1 topology
compression size = 111729, CR = 4.399216
done
decompression time=0.006138
done
Min=0, Max=1, range=1
Max absolute error = 0.0009999275
Max relative error = 0.001000
Max pw relative error = 0.001000
PSNR = 63.560218, NRMSE= 0.00066372637564865693671
acEff=1.000000
compressionRatio = 4.399216
  ✓ Compression and decompression successful (ratio: 4.39x)

[94/130] Processing: rain_1_384_320.dat

compression time=0.003708, total fastmode1 topology
compression size = 133087, CR = 3.693223
done
decompression time=0.007182
done
Min=0, Max=1, range=1
Max absolute error = 0.0013737623
Max relative error = 0.001374
Max pw relative error = 0.001374
PSNR = 63.070411, NRMSE= 0.00070223008975972979039
acEff=1.000000
compressionRatio = 3.693223
  ✓ Compression and decompression successful (ratio: 3.69x)

[95/130] Processing: rain_ai_1_384_320.dat

compression time=0.002896, total fastmode1 topology
compression size = 116233, CR = 4.228747
done
decompression time=0.005905
done
Min=0, Max=1, range=1
Max absolute error = 0.0009999275
Max relative error = 0.001000
Max pw relative error = 0.001000
PSNR = 65.159247, NRMSE= 0.0005521252856882862773
acEff=1.000000
compressionRatio = 4.228747
  ✓ Compression and decompression successful (ratio: 4.22x)

[96/130] Processing: shear_1_384_320.dat

compression time=0.003029, total fastmode1 topology
compression size = 121992, CR = 4.029117
done
decompression time=0.006293
done
Min=0, Max=1, range=1
Max absolute error = 0.0019265357
Max relative error = 0.001927
Max pw relative error = 0.001927
PSNR = 64.805588, NRMSE= 0.00057506987524583424304
acEff=1.000000
compressionRatio = 4.029117
  ✓ Compression and decompression successful (ratio: 4.02x)

[97/130] Processing: sig1_1_384_320.dat

compression time=0.002809, total fastmode1 topology
compression size = 83968, CR = 5.853659
done
decompression time=0.006029
done
Min=0, Max=1, range=1
Max absolute error = 0.0015628655
Max relative error = 0.001563
Max pw relative error = 0.001563
PSNR = 60.289738, NRMSE= 0.00096719294791792174721
acEff=1.000000
compressionRatio = 5.853659
  ✓ Compression and decompression successful (ratio: 5.85x)

[98/130] Processing: sig2_1_384_320.dat

compression time=0.002684, total fastmode1 topology
compression size = 84061, CR = 5.847182
done
decompression time=0.005761
done
Min=0, Max=1, range=1
Max absolute error = 0.0019051731
Max relative error = 0.001905
Max pw relative error = 0.001905
PSNR = 60.267892, NRMSE= 0.00096962858658306439602
acEff=1.000000
compressionRatio = 5.847182
  ✓ Compression and decompression successful (ratio: 5.84x)

[99/130] Processing: snoice_1_384_320.dat

compression time=0.003186, total fastmode1 topology
compression size = 116298, CR = 4.226384
done
decompression time=0.006160
done
Min=0, Max=1, range=1
Max absolute error = 0.0009999275
Max relative error = 0.001000
Max pw relative error = 0.001000
PSNR = 65.144528, NRMSE= 0.00055306169392477103411
acEff=1.000000
compressionRatio = 4.226384
  ✓ Compression and decompression successful (ratio: 4.22x)

[100/130] Processing: snow_1_384_320.dat

compression time=0.005876, total fastmode1 topology
compression size = 118337, CR = 4.153562
done
decompression time=0.006798
done
Min=0, Max=1, range=1
Max absolute error = 0.0009999751
Max relative error = 0.001000
Max pw relative error = 0.001000
PSNR = 64.703274, NRMSE= 0.00058188382283033126749
acEff=1.000000
compressionRatio = 4.153561
  ✓ Compression and decompression successful (ratio: 4.15x)

[101/130] Processing: snow_ai_1_384_320.dat

compression time=0.002658, total fastmode1 topology
compression size = 116567, CR = 4.216631
done
decompression time=0.006230
done
Min=0, Max=1, range=1
Max absolute error = 0.0009999275
Max relative error = 0.001000
Max pw relative error = 0.001000
PSNR = 64.929926, NRMSE= 0.00056689640830659730145
acEff=1.000000
compressionRatio = 4.216631
  ✓ Compression and decompression successful (ratio: 4.21x)

[102/130] Processing: strairx_1_384_320.dat

compression time=0.002486, total fastmode1 topology
compression size = 116181, CR = 4.230640
done
decompression time=0.005856
done
Min=0, Max=1, range=1
Max absolute error = 0.0010034381
Max relative error = 0.001003
Max pw relative error = 0.001003
PSNR = 64.532965, NRMSE= 0.00059340573634112357432
acEff=1.000000
compressionRatio = 4.230640
  ✓ Compression and decompression successful (ratio: 4.23x)

[103/130] Processing: strairy_1_384_320.dat

compression time=0.002746, total fastmode1 topology
compression size = 116358, CR = 4.224205
done
decompression time=0.006081
done
Min=0, Max=1, range=1
Max absolute error = 0.0010050122
Max relative error = 0.001005
Max pw relative error = 0.001005
PSNR = 64.762488, NRMSE= 0.00057793047539828165844
acEff=1.000000
compressionRatio = 4.224205
  ✓ Compression and decompression successful (ratio: 4.22x)

[104/130] Processing: strcorx_1_384_320.dat

compression time=0.006792, total fastmode1 topology
compression size = 116025, CR = 4.236329
done
decompression time=0.005968
done
Min=0, Max=1, range=1
Max absolute error = 0.0009999275
Max relative error = 0.001000
Max pw relative error = 0.001000
PSNR = 63.204013, NRMSE= 0.00069151143402176418022
acEff=1.000000
compressionRatio = 4.236328
  ✓ Compression and decompression successful (ratio: 4.23x)

[105/130] Processing: strcory_1_384_320.dat

compression time=0.002622, total fastmode1 topology
compression size = 115782, CR = 4.245219
done
decompression time=0.006273
done
Min=0, Max=1, range=1
Max absolute error = 0.0009999275
Max relative error = 0.001000
Max pw relative error = 0.001000
PSNR = 63.204913, NRMSE= 0.00069143976521008048558
acEff=1.000000
compressionRatio = 4.245219
  ✓ Compression and decompression successful (ratio: 4.24x)

[106/130] Processing: strength_1_384_320.dat

compression time=0.002700, total fastmode1 topology
compression size = 119791, CR = 4.103146
done
decompression time=0.005863
done
Min=0, Max=1, range=1
Max absolute error = 0.0013351627
Max relative error = 0.001335
Max pw relative error = 0.001335
PSNR = 64.924411, NRMSE= 0.00056725648186529335857
acEff=1.000000
compressionRatio = 4.103146
  ✓ Compression and decompression successful (ratio: 4.10x)

[107/130] Processing: strintx_1_384_320.dat

compression time=0.003212, total fastmode1 topology
compression size = 116592, CR = 4.215727
done
decompression time=0.031556
done
Min=0, Max=1, range=1
Max absolute error = 0.0009999275
Max relative error = 0.001000
Max pw relative error = 0.001000
PSNR = 61.937051, NRMSE= 0.00080010581235430856123
acEff=1.000000
compressionRatio = 4.215727
  ✓ Compression and decompression successful (ratio: 4.21x)

[108/130] Processing: strinty_1_384_320.dat

compression time=0.002573, total fastmode1 topology
compression size = 116830, CR = 4.207139
done
decompression time=0.005692
done
Min=0, Max=1, range=1
Max absolute error = 0.0010077911
Max relative error = 0.001008
Max pw relative error = 0.001008
PSNR = 65.058702, NRMSE= 0.00055855366699900132251
acEff=1.000000
compressionRatio = 4.207139
  ✓ Compression and decompression successful (ratio: 4.20x)

[109/130] Processing: strocnx_1_384_320.dat

compression time=0.002601, total fastmode1 topology
compression size = 116507, CR = 4.218802
done
decompression time=0.005618
done
Min=0, Max=1, range=1
Max absolute error = 0.0010024310
Max relative error = 0.001002
Max pw relative error = 0.001002
PSNR = 64.916565, NRMSE= 0.00056776908047827690657
acEff=1.000000
compressionRatio = 4.218802
  ✓ Compression and decompression successful (ratio: 4.21x)

[110/130] Processing: strocny_1_384_320.dat

compression time=0.002062, total fastmode1 topology
compression size = 116556, CR = 4.217029
done
decompression time=0.005883
done
Min=0, Max=1, range=1
Max absolute error = 0.0009999285
Max relative error = 0.001000
Max pw relative error = 0.001000
PSNR = 61.232927, NRMSE= 0.00086766818491960419346
acEff=1.000000
compressionRatio = 4.217029
  ✓ Compression and decompression successful (ratio: 4.21x)

[111/130] Processing: Tair_1_384_320.dat

compression time=0.002780, total fastmode1 topology
compression size = 124361, CR = 3.952364
done
decompression time=0.006353
done
Min=0, Max=1, range=1
Max absolute error = 0.0009999909
Max relative error = 0.001000
Max pw relative error = 0.001000
PSNR = 62.737413, NRMSE= 0.00072967478154805070351
acEff=1.000000
compressionRatio = 3.952364
  ✓ Compression and decompression successful (ratio: 3.95x)

[112/130] Processing: tarea_384_320.dat
Error: No critical points found!
  ✗ Compression failed

[113/130] Processing: TLAT_384_320.dat

compression time=0.002318, total fastmode1 topology
compression size = 78477, CR = 6.263237
done
decompression time=0.004893
done
Min=0, Max=1, range=1
Max absolute error = 0.0009999871
Max relative error = 0.001000
Max pw relative error = 0.001000
PSNR = 64.760778, NRMSE= 0.00057804425989330034553
acEff=0.999998
compressionRatio = 6.263236
  ✓ Compression and decompression successful (ratio: 6.26x)

[114/130] Processing: TLON_384_320.dat

compression time=0.002465, total fastmode1 topology
compression size = 116834, CR = 4.206995
done
decompression time=0.004856
done
Min=0, Max=1, range=1
Max absolute error = 0.0009999871
Max relative error = 0.001000
Max pw relative error = 0.001000
PSNR = 64.509853, NRMSE= 0.00059498680779651081946
acEff=0.999998
compressionRatio = 4.206995
  ✓ Compression and decompression successful (ratio: 4.20x)

[115/130] Processing: tmask_384_320.dat

compression time=0.002873, total fastmode1 topology
compression size = 115319, CR = 4.262264
done
decompression time=0.004677
done
Min=0, Max=1, range=1
Max absolute error = 0.0009999275
Max relative error = 0.001000
Max pw relative error = 0.001000
PSNR = 61.539764, NRMSE= 0.00083755200053809472204
acEff=1.000000
compressionRatio = 4.262264
  ✓ Compression and decompression successful (ratio: 4.26x)

[116/130] Processing: transix_1_384_320.dat

compression time=0.002423, total fastmode1 topology
compression size = 117478, CR = 4.183932
done
decompression time=0.005854
done
Min=0, Max=1, range=1
Max absolute error = 0.0009999275
Max relative error = 0.001000
Max pw relative error = 0.001000
PSNR = 62.220598, NRMSE= 0.00077440843875861697931
acEff=1.000000
compressionRatio = 4.183932
  ✓ Compression and decompression successful (ratio: 4.18x)

[117/130] Processing: transiy_1_384_320.dat

compression time=0.002690, total fastmode1 topology
compression size = 117403, CR = 4.186605
done
decompression time=0.006240
done
Min=0, Max=1, range=1
Max absolute error = 0.0009999275
Max relative error = 0.001000
Max pw relative error = 0.001000
PSNR = 64.114891, NRMSE= 0.00062266644626432358142
acEff=1.000000
compressionRatio = 4.186605
  ✓ Compression and decompression successful (ratio: 4.18x)

[118/130] Processing: Tref_1_384_320.dat

compression time=0.002757, total fastmode1 topology
compression size = 125242, CR = 3.924562
done
decompression time=0.006024
done
Min=0, Max=1, range=1
Max absolute error = 0.0014443211
Max relative error = 0.001444
Max pw relative error = 0.001444
PSNR = 62.815495, NRMSE= 0.00072314480033007445727
acEff=1.000000
compressionRatio = 3.924562
  ✓ Compression and decompression successful (ratio: 3.92x)

[119/130] Processing: trsig_1_384_320.dat

compression time=0.002673, total fastmode1 topology
compression size = 116758, CR = 4.209733
done
decompression time=0.005652
done
Min=0, Max=1, range=1
Max absolute error = 0.0009999275
Max relative error = 0.001000
Max pw relative error = 0.001000
PSNR = 62.266023, NRMSE= 0.00077036907490423908468
acEff=1.000000
compressionRatio = 4.209733
  ✓ Compression and decompression successful (ratio: 4.20x)

[120/130] Processing: Tsfc_1_384_320.dat

compression time=0.002839, total fastmode1 topology
compression size = 117866, CR = 4.170159
done
decompression time=0.005915
done
Min=0, Max=1, range=1
Max absolute error = 0.0009999275
Max relative error = 0.001000
Max pw relative error = 0.001000
PSNR = 63.653791, NRMSE= 0.00065661445183126318503
acEff=1.000000
compressionRatio = 4.170159
  ✓ Compression and decompression successful (ratio: 4.17x)

[121/130] Processing: uarea_384_320.dat

compression time=0.002297, total fastmode1 topology
compression size = 79494, CR = 6.183108
done
decompression time=0.005163
done
Min=0, Max=1, range=1
Max absolute error = 0.0009999871
Max relative error = 0.001000
Max pw relative error = 0.001000
PSNR = 64.957587, NRMSE= 0.00056509394774340157216
acEff=0.999937
compressionRatio = 6.183108
  ✓ Compression and decompression successful (ratio: 6.18x)

[122/130] Processing: ULAT_384_320.dat

compression time=0.002594, total fastmode1 topology
compression size = 78485, CR = 6.262598
done
decompression time=0.005375
done
Min=0, Max=1, range=1
Max absolute error = 0.0009999871
Max relative error = 0.001000
Max pw relative error = 0.001000
PSNR = 64.978019, NRMSE= 0.00056376621106452810134
acEff=0.999999
compressionRatio = 6.262598
  ✓ Compression and decompression successful (ratio: 6.26x)

[123/130] Processing: ULON_384_320.dat

compression time=0.002047, total fastmode1 topology
compression size = 116769, CR = 4.209336
done
decompression time=0.005523
done
Min=0, Max=1, range=1
Max absolute error = 0.0009999871
Max relative error = 0.001000
Max pw relative error = 0.001000
PSNR = 64.897389, NRMSE= 0.00056902393048893057902
acEff=0.999998
compressionRatio = 4.209336
  ✓ Compression and decompression successful (ratio: 4.20x)

[124/130] Processing: uvel_1_384_320.dat

compression time=0.002737, total fastmode1 topology
compression size = 117882, CR = 4.169593
done
decompression time=0.006019
done
Min=0, Max=1, range=1
Max absolute error = 0.0009999312
Max relative error = 0.001000
Max pw relative error = 0.001000
PSNR = 63.272562, NRMSE= 0.00068607551174401865471
acEff=1.000000
compressionRatio = 4.169593
  ✓ Compression and decompression successful (ratio: 4.16x)

[125/130] Processing: vicen001_1_384_320.dat

compression time=0.002826, total fastmode1 topology
compression size = 117009, CR = 4.200703
done
decompression time=0.005975
done
Min=0, Max=1, range=1
Max absolute error = 0.0010045965
Max relative error = 0.001005
Max pw relative error = 0.001005
PSNR = 64.944828, NRMSE= 0.00056592462840663411341
acEff=1.000000
compressionRatio = 4.200703
  ✓ Compression and decompression successful (ratio: 4.20x)

[126/130] Processing: vicen002_1_384_320.dat

compression time=0.002534, total fastmode1 topology
compression size = 117000, CR = 4.201025
done
decompression time=0.006125
done
Min=0, Max=1, range=1
Max absolute error = 0.0009999312
Max relative error = 0.001000
Max pw relative error = 0.001000
PSNR = 64.961061, NRMSE= 0.00056486798797474534715
acEff=1.000000
compressionRatio = 4.201026
  ✓ Compression and decompression successful (ratio: 4.20x)

[127/130] Processing: vicen003_1_384_320.dat

compression time=0.002651, total fastmode1 topology
compression size = 116673, CR = 4.212800
done
decompression time=0.005942
done
Min=0, Max=1, range=1
Max absolute error = 0.0009999275
Max relative error = 0.001000
Max pw relative error = 0.001000
PSNR = 65.028414, NRMSE= 0.00056050477282498475159
acEff=1.000000
compressionRatio = 4.212800
  ✓ Compression and decompression successful (ratio: 4.21x)

[128/130] Processing: vicen004_1_384_320.dat

compression time=0.041129, total fastmode1 topology
compression size = 116770, CR = 4.209301
done
decompression time=0.006146
done
Min=0, Max=1, range=1
Max absolute error = 0.0009999275
Max relative error = 0.001000
Max pw relative error = 0.001000
PSNR = 65.009040, NRMSE= 0.00056175635026765250845
acEff=1.000000
compressionRatio = 4.209300
  ✓ Compression and decompression successful (ratio: 4.20x)

[129/130] Processing: vicen005_1_384_320.dat

compression time=0.002381, total fastmode1 topology
compression size = 117014, CR = 4.200523
done
decompression time=0.005541
done
Min=0, Max=1, range=1
Max absolute error = 0.0009999792
Max relative error = 0.001000
Max pw relative error = 0.001000
PSNR = 64.985333, NRMSE= 0.00056329169324614413589
acEff=1.000000
compressionRatio = 4.200523
  ✓ Compression and decompression successful (ratio: 4.20x)

[130/130] Processing: vvel_1_384_320.dat

compression time=0.002460, total fastmode1 topology
compression size = 118355, CR = 4.152930
done
decompression time=0.006122
done
Min=0, Max=1, range=1
Max absolute error = 0.0010713041
Max relative error = 0.001071
Max pw relative error = 0.001071
PSNR = 62.059711, NRMSE= 0.00078888632119742633109
acEff=1.000000
compressionRatio = 4.152930
  ✓ Compression and decompression successful (ratio: 4.15x)

=== Summary ===
Total files processed: 124
Total files skipped: 0
Total files failed: 6

