Auto-detected decompressed suffix: .sz.out

Found 90 .dat file(s) to process

[1/90] Processing: AEROD_v_1_768_1152.dat
  False Negatives: 214
  False Positives: 263
  False Types: 0
  Grand Total: 477
  Total Critical Points (Decompressed): 83935

[2/90] Processing: cb_ozone_c_1_768_1152.dat
  False Negatives: 0
  False Positives: 899
  False Types: 0
  Grand Total: 899
  Total Critical Points (Decompressed): 4383

[3/90] Processing: cb_sulf_c_1_768_1152.dat
  False Negatives: 0
  False Positives: 173768
  False Types: 0
  Grand Total: 173768
  Total Critical Points (Decompressed): 175066

[4/90] Processing: CLDHGH_1_768_1152.dat
  False Negatives: 25
  False Positives: 70
  False Types: 0
  Grand Total: 95
  Total Critical Points (Decompressed): 181624

[5/90] Processing: CLDLOW_1_768_1152.dat
  False Negatives: 31
  False Positives: 16362
  False Types: 0
  Grand Total: 16393
  Total Critical Points (Decompressed): 150804

[6/90] Processing: CLDMED_1_768_1152.dat
  False Negatives: 109
  False Positives: 10548
  False Types: 7
  Grand Total: 10664
  Total Critical Points (Decompressed): 144915

[7/90] Processing: CLDTOT_1_768_1152.dat
  False Negatives: 25
  False Positives: 21
  False Types: 0
  Grand Total: 46
  Total Critical Points (Decompressed): 170092

[8/90] Processing: FLDS_1_768_1152.dat
  False Negatives: 229
  False Positives: 232
  False Types: 0
  Grand Total: 461
  Total Critical Points (Decompressed): 94636

[9/90] Processing: FLDSC_1_768_1152.dat
  False Negatives: 244
  False Positives: 320
  False Types: 17
  Grand Total: 581
  Total Critical Points (Decompressed): 22843

[10/90] Processing: FLNS_1_768_1152.dat
  False Negatives: 68
  False Positives: 59
  False Types: 0
  Grand Total: 127
  Total Critical Points (Decompressed): 137692

[11/90] Processing: FLNSC_1_768_1152.dat
  False Negatives: 104
  False Positives: 107
  False Types: 0
  Grand Total: 211
  Total Critical Points (Decompressed): 101470

[12/90] Processing: FLNT_1_768_1152.dat
  False Negatives: 116
  False Positives: 128
  False Types: 0
  Grand Total: 244
  Total Critical Points (Decompressed): 97407

[13/90] Processing: FLNTC_1_768_1152.dat
  False Negatives: 339
  False Positives: 464
  False Types: 9
  Grand Total: 812
  Total Critical Points (Decompressed): 38309

[14/90] Processing: FLUT_1_768_1152.dat
  False Negatives: 97
  False Positives: 120
  False Types: 0
  Grand Total: 217
  Total Critical Points (Decompressed): 97302

[15/90] Processing: FLUTC_1_768_1152.dat
  False Negatives: 295
  False Positives: 422
  False Types: 7
  Grand Total: 724
  Total Critical Points (Decompressed): 38172

[16/90] Processing: FREQSH_1_768_1152.dat
  False Negatives: 0
  False Positives: 8802
  False Types: 0
  Grand Total: 8802
  Total Critical Points (Decompressed): 155609

[17/90] Processing: FREQZM_1_768_1152.dat
  False Negatives: 0
  False Positives: 63145
  False Types: 0
  Grand Total: 63145
  Total Critical Points (Decompressed): 140319

[18/90] Processing: FSDS_1_768_1152.dat
  False Negatives: 68
  False Positives: 55
  False Types: 0
  Grand Total: 123
  Total Critical Points (Decompressed): 97258

[19/90] Processing: FSDSC_1_768_1152.dat
  False Negatives: 109
  False Positives: 128
  False Types: 1
  Grand Total: 238
  Total Critical Points (Decompressed): 9524

[20/90] Processing: FSDTOA_1_768_1152.dat
  False Negatives: 9
  False Positives: 112
  False Types: 0
  Grand Total: 121
  Total Critical Points (Decompressed): 154

[21/90] Processing: FSNS_1_768_1152.dat
  False Negatives: 65
  False Positives: 74
  False Types: 0
  Grand Total: 139
  Total Critical Points (Decompressed): 107704

[22/90] Processing: FSNSC_1_768_1152.dat
  False Negatives: 123
  False Positives: 137
  False Types: 2
  Grand Total: 262
  Total Critical Points (Decompressed): 40924

[23/90] Processing: FSNT_1_768_1152.dat
  False Negatives: 104
  False Positives: 103
  False Types: 0
  Grand Total: 207
  Total Critical Points (Decompressed): 89457

[24/90] Processing: FSNTC_1_768_1152.dat
  False Negatives: 92
  False Positives: 119
  False Types: 0
  Grand Total: 211
  Total Critical Points (Decompressed): 30879

[25/90] Processing: FSNTOA_1_768_1152.dat
  False Negatives: 88
  False Positives: 90
  False Types: 0
  Grand Total: 178
  Total Critical Points (Decompressed): 88992

[26/90] Processing: FSNTOAC_1_768_1152.dat
  False Negatives: 95
  False Positives: 114
  False Types: 0
  Grand Total: 209
  Total Critical Points (Decompressed): 30651

[27/90] Processing: FSUTOA_1_768_1152.dat
  False Negatives: 75
  False Positives: 97
  False Types: 0
  Grand Total: 172
  Total Critical Points (Decompressed): 107707

[28/90] Processing: ICEFRAC_1_768_1152.dat
  False Negatives: 24
  False Positives: 33353
  False Types: 1
  Grand Total: 33378
  Total Critical Points (Decompressed): 33963

[29/90] Processing: LANDFRAC_1_768_1152.dat
  False Negatives: 0
  False Positives: 68224
  False Types: 0
  Grand Total: 68224
  Total Critical Points (Decompressed): 68259

[30/90] Processing: LHFLX_1_768_1152.dat
  False Negatives: 416
  False Positives: 28526
  False Types: 0
  Grand Total: 28942
  Total Critical Points (Decompressed): 73926

[31/90] Processing: LWCF_1_768_1152.dat
  False Negatives: 26
  False Positives: 21
  False Types: 0
  Grand Total: 47
  Total Critical Points (Decompressed): 121729

[32/90] Processing: MSKtem_1_768_1152.dat
  False Negatives: 0
  False Positives: 116817
  False Types: 0
  Grand Total: 116817
  Total Critical Points (Decompressed): 124732

[33/90] Processing: OCNFRAC_1_768_1152.dat
  False Negatives: 19
  False Positives: 114272
  False Types: 0
  Grand Total: 114291
  Total Critical Points (Decompressed): 114914

[34/90] Processing: ODV_bcar1_1_768_1152.dat
  False Negatives: 0
  False Positives: 27942
  False Types: 0
  Grand Total: 27942
  Total Critical Points (Decompressed): 34007

[35/90] Processing: ODV_bcar2_1_768_1152.dat
  False Negatives: 0
  False Positives: 3977
  False Types: 0
  Grand Total: 3977
  Total Critical Points (Decompressed): 9717

[36/90] Processing: ODV_dust1_1_768_1152.dat
  False Negatives: 126
  False Positives: 3708
  False Types: 13
  Grand Total: 3847
  Total Critical Points (Decompressed): 7418

[37/90] Processing: ODV_dust2_1_768_1152.dat
  False Negatives: 116
  False Positives: 4083
  False Types: 4
  Grand Total: 4203
  Total Critical Points (Decompressed): 7747

[38/90] Processing: ODV_dust3_1_768_1152.dat
  False Negatives: 70
  False Positives: 6919
  False Types: 4
  Grand Total: 6993
  Total Critical Points (Decompressed): 10108

[39/90] Processing: ODV_dust4_1_768_1152.dat
  False Negatives: 96
  False Positives: 14183
  False Types: 7
  Grand Total: 14286
  Total Critical Points (Decompressed): 16646

[40/90] Processing: ODV_ocar1_1_768_1152.dat
  False Negatives: 39
  False Positives: 27784
  False Types: 2
  Grand Total: 27825
  Total Critical Points (Decompressed): 33692

[41/90] Processing: ODV_ocar2_1_768_1152.dat
  False Negatives: 2779
  False Positives: 8432
  False Types: 79
  Grand Total: 11290
  Total Critical Points (Decompressed): 89642

[42/90] Processing: ODV_SSLTA_1_768_1152.dat
  False Negatives: 1
  False Positives: 296
  False Types: 0
  Grand Total: 297
  Total Critical Points (Decompressed): 75594

[43/90] Processing: ODV_SSLTC_1_768_1152.dat
  False Negatives: 0
  False Positives: 461
  False Types: 0
  Grand Total: 461
  Total Critical Points (Decompressed): 81464

[44/90] Processing: ODV_sulf_1_768_1152.dat
  False Negatives: 349
  False Positives: 472
  False Types: 1
  Grand Total: 822
  Total Critical Points (Decompressed): 92061

[45/90] Processing: ODV_VOLC_MMR_1_768_1152.dat
  False Negatives: 0
  False Positives: 14858
  False Types: 0
  Grand Total: 14858
  Total Critical Points (Decompressed): 36761

[46/90] Processing: PBLH_1_768_1152.dat
  False Negatives: 70
  False Positives: 63
  False Types: 0
  Grand Total: 133
  Total Critical Points (Decompressed): 83202

[47/90] Processing: PCONVB_1_768_1152.dat
  False Negatives: 1488
  False Positives: 1907
  False Types: 21
  Grand Total: 3416
  Total Critical Points (Decompressed): 44411

[48/90] Processing: PCONVT_1_768_1152.dat
  False Negatives: 446
  False Positives: 838
  False Types: 12
  Grand Total: 1296
  Total Critical Points (Decompressed): 67353

[49/90] Processing: PHIS_1_768_1152.dat
  False Negatives: 107
  False Positives: 136938
  False Types: 7
  Grand Total: 137052
  Total Critical Points (Decompressed): 145673

[50/90] Processing: PRECC_1_768_1152.dat
  False Negatives: 0
  False Positives: 29177
  False Types: 0
  Grand Total: 29177
  Total Critical Points (Decompressed): 29269

[51/90] Processing: PRECCDZM_1_768_1152.dat
  False Negatives: 0
  False Positives: 8
  False Types: 0
  Grand Total: 8
  Total Critical Points (Decompressed): 95

[52/90] Processing: PRECL_1_768_1152.dat
  False Negatives: 0
  False Positives: 60983
  False Types: 0
  Grand Total: 60983
  Total Critical Points (Decompressed): 61229

[53/90] Processing: PRECSC_1_768_1152.dat
  False Negatives: 0
  False Positives: 0
  False Types: 0
  Grand Total: 0
  Total Critical Points (Decompressed): 0

[54/90] Processing: PRECSH_1_768_1152.dat
  False Negatives: 0
  False Positives: 0
  False Types: 0
  Grand Total: 0
  Total Critical Points (Decompressed): 0

[55/90] Processing: PRECSL_1_768_1152.dat
  False Negatives: 0
  False Positives: 19
  False Types: 0
  Grand Total: 19
  Total Critical Points (Decompressed): 31

[56/90] Processing: PRECT_1_768_1152.dat
  False Negatives: 0
  False Positives: 84687
  False Types: 0
  Grand Total: 84687
  Total Critical Points (Decompressed): 84965

[57/90] Processing: PS_1_768_1152.dat
  False Negatives: 686
  False Positives: 2578
  False Types: 84
  Grand Total: 3348
  Total Critical Points (Decompressed): 12451

[58/90] Processing: PSL_1_768_1152.dat
  False Negatives: 179
  False Positives: 223
  False Types: 2
  Grand Total: 404
  Total Critical Points (Decompressed): 18359

[59/90] Processing: QFLX_1_768_1152.dat
  False Negatives: 0
  False Positives: 87155
  False Types: 0
  Grand Total: 87155
  Total Critical Points (Decompressed): 110696

[60/90] Processing: QREFHT_1_768_1152.dat
  False Negatives: 0
  False Positives: 24987
  False Types: 0
  Grand Total: 24987
  Total Critical Points (Decompressed): 44503

[61/90] Processing: RHREFHT_1_768_1152.dat
  False Negatives: 1439
  False Positives: 2866
  False Types: 56
  Grand Total: 4361
  Total Critical Points (Decompressed): 80891

[62/90] Processing: SFCLDICE_1_768_1152.dat
  False Negatives: 0
  False Positives: 0
  False Types: 0
  Grand Total: 0
  Total Critical Points (Decompressed): 0

[63/90] Processing: SFCLDLIQ_1_768_1152.dat
  False Negatives: 0
  False Positives: 0
  False Types: 0
  Grand Total: 0
  Total Critical Points (Decompressed): 0

[64/90] Processing: SHFLX_1_768_1152.dat
  False Negatives: 564
  False Positives: 31889
  False Types: 0
  Grand Total: 32453
  Total Critical Points (Decompressed): 78335

[65/90] Processing: SNOWHICE_1_768_1152.dat
  False Negatives: 11
  False Positives: 36601
  False Types: 0
  Grand Total: 36612
  Total Critical Points (Decompressed): 37234

[66/90] Processing: SNOWHLND_1_768_1152.dat
  False Negatives: 7980
  False Positives: 68907
  False Types: 538
  Grand Total: 77425
  Total Critical Points (Decompressed): 94529

[67/90] Processing: SOLIN_1_768_1152.dat
  False Negatives: 9
  False Positives: 112
  False Types: 0
  Grand Total: 121
  Total Critical Points (Decompressed): 154

[68/90] Processing: SRFRAD_1_768_1152.dat
  False Negatives: 144
  False Positives: 152
  False Types: 0
  Grand Total: 296
  Total Critical Points (Decompressed): 93770

[69/90] Processing: SWCF_1_768_1152.dat
  False Negatives: 2157
  False Positives: 2111
  False Types: 50
  Grand Total: 4318
  Total Critical Points (Decompressed): 125256

[70/90] Processing: TAUX_1_768_1152.dat
  False Negatives: 300
  False Positives: 25247
  False Types: 1
  Grand Total: 25548
  Total Critical Points (Decompressed): 49161

[71/90] Processing: TAUY_1_768_1152.dat
  False Negatives: 273
  False Positives: 28045
  False Types: 1
  Grand Total: 28319
  Total Critical Points (Decompressed): 52251

[72/90] Processing: TGCLDIWP_1_768_1152.dat
  False Negatives: 21
  False Positives: 90
  False Types: 0
  Grand Total: 111
  Total Critical Points (Decompressed): 84547

[73/90] Processing: TGCLDLWP_1_768_1152.dat
  False Negatives: 63
  False Positives: 45
  False Types: 2
  Grand Total: 110
  Total Critical Points (Decompressed): 81553

[74/90] Processing: TH2d_1_768_1152.dat
  False Negatives: 0
  False Positives: 18070
  False Types: 0
  Grand Total: 18070
  Total Critical Points (Decompressed): 18098

[75/90] Processing: TMQ_1_768_1152.dat
  False Negatives: 64
  False Positives: 89
  False Types: 1
  Grand Total: 154
  Total Critical Points (Decompressed): 13579

[76/90] Processing: TREFHT_1_768_1152.dat
  False Negatives: 383
  False Positives: 23351
  False Types: 5
  Grand Total: 23739
  Total Critical Points (Decompressed): 43817

[77/90] Processing: TREFMNAV_1_768_1152.dat
  False Negatives: 1389
  False Positives: 34871
  False Types: 10
  Grand Total: 36270
  Total Critical Points (Decompressed): 76563

[78/90] Processing: TREFMXAV_1_768_1152.dat
  False Negatives: 1335
  False Positives: 34861
  False Types: 4
  Grand Total: 36200
  Total Critical Points (Decompressed): 69942

[79/90] Processing: TROP_P_1_768_1152.dat
  False Negatives: 197
  False Positives: 536
  False Types: 15
  Grand Total: 748
  Total Critical Points (Decompressed): 26219

[80/90] Processing: TROP_T_1_768_1152.dat
  False Negatives: 35
  False Positives: 92
  False Types: 1
  Grand Total: 128
  Total Critical Points (Decompressed): 13617

[81/90] Processing: TROP_Z_1_768_1152.dat
  False Negatives: 362
  False Positives: 549
  False Types: 9
  Grand Total: 920
  Total Critical Points (Decompressed): 20722

[82/90] Processing: TS_1_768_1152.dat
  False Negatives: 162
  False Positives: 20888
  False Types: 1
  Grand Total: 21051
  Total Critical Points (Decompressed): 45669

[83/90] Processing: TSMN_1_768_1152.dat
  False Negatives: 169
  False Positives: 23510
  False Types: 0
  Grand Total: 23679
  Total Critical Points (Decompressed): 68710

[84/90] Processing: TSMX_1_768_1152.dat
  False Negatives: 309
  False Positives: 26179
  False Types: 5
  Grand Total: 26493
  Total Critical Points (Decompressed): 70367

[85/90] Processing: U2d_1_768_1152.dat
  False Negatives: 4
  False Positives: 23031
  False Types: 0
  Grand Total: 23035
  Total Critical Points (Decompressed): 23141

[86/90] Processing: UV2d_1_768_1152.dat
  False Negatives: 76
  False Positives: 23001
  False Types: 22
  Grand Total: 23099
  Total Critical Points (Decompressed): 23318

[87/90] Processing: UW2d_1_768_1152.dat
  False Negatives: 267
  False Positives: 28431
  False Types: 58
  Grand Total: 28756
  Total Critical Points (Decompressed): 29713

[88/90] Processing: V2d_1_768_1152.dat
  False Negatives: 67
  False Positives: 27046
  False Types: 13
  Grand Total: 27126
  Total Critical Points (Decompressed): 27852

[89/90] Processing: VTH2d_1_768_1152.dat
  False Negatives: 126
  False Positives: 19969
  False Types: 46
  Grand Total: 20141
  Total Critical Points (Decompressed): 20262

[90/90] Processing: W2d_1_768_1152.dat
  False Negatives: 995
  False Positives: 29383
  False Types: 134
  Grand Total: 30512
  Total Critical Points (Decompressed): 30366

=== Summary ===
Total files processed: 90
Total files failed: 0
Total false cases across all files: 1740486
Average false cases per file: 19338.73
