Input directory: ../../../../CESM-OCEAN-MODELS/4/log_normalized
Output directory: ../../../../CESM-OCEAN-MODELS/4/log_normalized/SZ3_1e-6
Dimensions: 384x320
Error bound: 1e-6

Found 54 .dat file(s) to process

[1/54] Processing: ADVS_1_384_320.dat
compression ratio = 29.21 
compression time = 0.013779
compressed data file = ../../../../CESM-OCEAN-MODELS/4/log_normalized/ADVS_1_384_320.dat.sz.tmp
compression ratio = 29.206726
decompression time = 0.006099 seconds.
decompressed file = ../../../../CESM-OCEAN-MODELS/4/log_normalized/SZ3_1e-6/ADVS_1_384_320.dat.SZ3.out
  ✓ Compression successful (ratio: 1.00x)

[2/54] Processing: ADVS_ISOP_1_384_320.dat
compression ratio = 27.08 
compression time = 0.014826
compressed data file = ../../../../CESM-OCEAN-MODELS/4/log_normalized/ADVS_ISOP_1_384_320.dat.sz.tmp
compression ratio = 27.080992
decompression time = 0.006358 seconds.
decompressed file = ../../../../CESM-OCEAN-MODELS/4/log_normalized/SZ3_1e-6/ADVS_ISOP_1_384_320.dat.SZ3.out
  ✓ Compression successful (ratio: 1.00x)

[3/54] Processing: ADVS_SUBM_1_384_320.dat
compression ratio = 35.31 
compression time = 0.013121
compressed data file = ../../../../CESM-OCEAN-MODELS/4/log_normalized/ADVS_SUBM_1_384_320.dat.sz.tmp
compression ratio = 35.310345
decompression time = 0.006520 seconds.
decompressed file = ../../../../CESM-OCEAN-MODELS/4/log_normalized/SZ3_1e-6/ADVS_SUBM_1_384_320.dat.SZ3.out
  ✓ Compression successful (ratio: 1.00x)

[4/54] Processing: ADVT_1_384_320.dat
compression ratio = 4.44 
compression time = 0.013507
compressed data file = ../../../../CESM-OCEAN-MODELS/4/log_normalized/ADVT_1_384_320.dat.sz.tmp
compression ratio = 4.441753
decompression time = 0.008109 seconds.
decompressed file = ../../../../CESM-OCEAN-MODELS/4/log_normalized/SZ3_1e-6/ADVT_1_384_320.dat.SZ3.out
  ✓ Compression successful (ratio: 1.00x)

[5/54] Processing: ADVT_ISOP_1_384_320.dat
compression ratio = 4.42 
compression time = 0.008960
compressed data file = ../../../../CESM-OCEAN-MODELS/4/log_normalized/ADVT_ISOP_1_384_320.dat.sz.tmp
compression ratio = 4.420581
decompression time = 0.003260 seconds.
decompressed file = ../../../../CESM-OCEAN-MODELS/4/log_normalized/SZ3_1e-6/ADVT_ISOP_1_384_320.dat.SZ3.out
  ✓ Compression successful (ratio: 1.00x)

[6/54] Processing: ADVT_SUBM_1_384_320.dat
compression ratio = 13.53 
compression time = 0.011729
compressed data file = ../../../../CESM-OCEAN-MODELS/4/log_normalized/ADVT_SUBM_1_384_320.dat.sz.tmp
compression ratio = 13.526708
decompression time = 0.007060 seconds.
decompressed file = ../../../../CESM-OCEAN-MODELS/4/log_normalized/SZ3_1e-6/ADVT_SUBM_1_384_320.dat.SZ3.out
  ✓ Compression successful (ratio: 1.00x)

[7/54] Processing: BSF_1_384_320.dat
compression ratio = 2.98 
compression time = 0.019134
compressed data file = ../../../../CESM-OCEAN-MODELS/4/log_normalized/BSF_1_384_320.dat.sz.tmp
compression ratio = 2.976023
decompression time = 0.009871 seconds.
decompressed file = ../../../../CESM-OCEAN-MODELS/4/log_normalized/SZ3_1e-6/BSF_1_384_320.dat.SZ3.out
  ✓ Compression successful (ratio: 1.00x)

[8/54] Processing: DIA_DEPTH_1_384_320.dat
compression ratio = 1.91 
compression time = 0.016619
compressed data file = ../../../../CESM-OCEAN-MODELS/4/log_normalized/DIA_DEPTH_1_384_320.dat.sz.tmp
compression ratio = 1.911280
decompression time = 0.006744 seconds.
decompressed file = ../../../../CESM-OCEAN-MODELS/4/log_normalized/SZ3_1e-6/DIA_DEPTH_1_384_320.dat.SZ3.out
  ✓ Compression successful (ratio: 1.00x)

[9/54] Processing: dTEMP_NEG_2D_1_384_320.dat
compression ratio = 3.03 
compression time = 0.011385
compressed data file = ../../../../CESM-OCEAN-MODELS/4/log_normalized/dTEMP_NEG_2D_1_384_320.dat.sz.tmp
compression ratio = 3.028988
decompression time = 0.003884 seconds.
decompressed file = ../../../../CESM-OCEAN-MODELS/4/log_normalized/SZ3_1e-6/dTEMP_NEG_2D_1_384_320.dat.SZ3.out
  ✓ Compression successful (ratio: 1.00x)

[10/54] Processing: dTEMP_POS_2D_1_384_320.dat
compression ratio = 2.52 
compression time = 0.012792
compressed data file = ../../../../CESM-OCEAN-MODELS/4/log_normalized/dTEMP_POS_2D_1_384_320.dat.sz.tmp
compression ratio = 2.522077
decompression time = 0.005036 seconds.
decompressed file = ../../../../CESM-OCEAN-MODELS/4/log_normalized/SZ3_1e-6/dTEMP_POS_2D_1_384_320.dat.SZ3.out
  ✓ Compression successful (ratio: 1.00x)

[11/54] Processing: EVAP_F_1_384_320.dat
compression ratio = 16.98 
compression time = 0.012420
compressed data file = ../../../../CESM-OCEAN-MODELS/4/log_normalized/EVAP_F_1_384_320.dat.sz.tmp
compression ratio = 16.983518
decompression time = 0.006446 seconds.
decompressed file = ../../../../CESM-OCEAN-MODELS/4/log_normalized/SZ3_1e-6/EVAP_F_1_384_320.dat.SZ3.out
  ✓ Compression successful (ratio: 1.00x)

[12/54] Processing: FW_1_384_320.dat
compression ratio = 59.73 
compression time = 0.011718
compressed data file = ../../../../CESM-OCEAN-MODELS/4/log_normalized/FW_1_384_320.dat.sz.tmp
compression ratio = 59.730222
decompression time = 0.005815 seconds.
decompressed file = ../../../../CESM-OCEAN-MODELS/4/log_normalized/SZ3_1e-6/FW_1_384_320.dat.SZ3.out
  ✓ Compression successful (ratio: 1.00x)

[13/54] Processing: HBLT_1_384_320.dat
compression ratio = 1.94 
compression time = 0.016363
compressed data file = ../../../../CESM-OCEAN-MODELS/4/log_normalized/HBLT_1_384_320.dat.sz.tmp
compression ratio = 1.939884
decompression time = 0.007302 seconds.
decompressed file = ../../../../CESM-OCEAN-MODELS/4/log_normalized/SZ3_1e-6/HBLT_1_384_320.dat.SZ3.out
  ✓ Compression successful (ratio: 1.00x)

[14/54] Processing: HDIFS_1_384_320.dat
compression ratio = 28.07 
compression time = 0.011911
compressed data file = ../../../../CESM-OCEAN-MODELS/4/log_normalized/HDIFS_1_384_320.dat.sz.tmp
compression ratio = 28.070817
decompression time = 0.006369 seconds.
decompressed file = ../../../../CESM-OCEAN-MODELS/4/log_normalized/SZ3_1e-6/HDIFS_1_384_320.dat.SZ3.out
  ✓ Compression successful (ratio: 1.00x)

[15/54] Processing: HDIFT_1_384_320.dat
compression ratio = 4.25 
compression time = 0.008382
compressed data file = ../../../../CESM-OCEAN-MODELS/4/log_normalized/HDIFT_1_384_320.dat.sz.tmp
compression ratio = 4.247494
decompression time = 0.003128 seconds.
decompressed file = ../../../../CESM-OCEAN-MODELS/4/log_normalized/SZ3_1e-6/HDIFT_1_384_320.dat.SZ3.out
  ✓ Compression successful (ratio: 1.00x)

[16/54] Processing: HLS_SUBM_1_384_320.dat
compression ratio = 2.29 
compression time = 0.025356
compressed data file = ../../../../CESM-OCEAN-MODELS/4/log_normalized/HLS_SUBM_1_384_320.dat.sz.tmp
compression ratio = 2.293746
decompression time = 0.010946 seconds.
decompressed file = ../../../../CESM-OCEAN-MODELS/4/log_normalized/SZ3_1e-6/HLS_SUBM_1_384_320.dat.SZ3.out
  ✓ Compression successful (ratio: 1.00x)

[17/54] Processing: HMXL_1_384_320.dat
compression ratio = 1.86 
compression time = 0.021111
compressed data file = ../../../../CESM-OCEAN-MODELS/4/log_normalized/HMXL_1_384_320.dat.sz.tmp
compression ratio = 1.856460
decompression time = 0.005980 seconds.
decompressed file = ../../../../CESM-OCEAN-MODELS/4/log_normalized/SZ3_1e-6/HMXL_1_384_320.dat.SZ3.out
  ✓ Compression successful (ratio: 1.00x)

[18/54] Processing: IFRAC_1_384_320.dat
compression ratio = 9.32 
compression time = 0.013707
compressed data file = ../../../../CESM-OCEAN-MODELS/4/log_normalized/IFRAC_1_384_320.dat.sz.tmp
compression ratio = 9.320565
decompression time = 0.007402 seconds.
decompressed file = ../../../../CESM-OCEAN-MODELS/4/log_normalized/SZ3_1e-6/IFRAC_1_384_320.dat.SZ3.out
  ✓ Compression successful (ratio: 1.00x)

[19/54] Processing: INT_DEPTH_1_384_320.dat
compression ratio = 1.92 
compression time = 0.016829
compressed data file = ../../../../CESM-OCEAN-MODELS/4/log_normalized/INT_DEPTH_1_384_320.dat.sz.tmp
compression ratio = 1.921561
decompression time = 0.005372 seconds.
decompressed file = ../../../../CESM-OCEAN-MODELS/4/log_normalized/SZ3_1e-6/INT_DEPTH_1_384_320.dat.SZ3.out
  ✓ Compression successful (ratio: 1.00x)

[20/54] Processing: IOFF_F_1_384_320.dat
compression ratio = 34.38 
compression time = 0.012573
compressed data file = ../../../../CESM-OCEAN-MODELS/4/log_normalized/IOFF_F_1_384_320.dat.sz.tmp
compression ratio = 34.381645
decompression time = 0.006357 seconds.
decompressed file = ../../../../CESM-OCEAN-MODELS/4/log_normalized/SZ3_1e-6/IOFF_F_1_384_320.dat.SZ3.out
  ✓ Compression successful (ratio: 1.00x)

[21/54] Processing: LWDN_F_1_384_320.dat
compression ratio = 2.92 
compression time = 0.015907
compressed data file = ../../../../CESM-OCEAN-MODELS/4/log_normalized/LWDN_F_1_384_320.dat.sz.tmp
compression ratio = 2.916808
decompression time = 0.009200 seconds.
decompressed file = ../../../../CESM-OCEAN-MODELS/4/log_normalized/SZ3_1e-6/LWDN_F_1_384_320.dat.SZ3.out
  ✓ Compression successful (ratio: 1.00x)

[22/54] Processing: LWUP_F_1_384_320.dat
compression ratio = 2.82 
compression time = 0.018375
compressed data file = ../../../../CESM-OCEAN-MODELS/4/log_normalized/LWUP_F_1_384_320.dat.sz.tmp
compression ratio = 2.818300
decompression time = 0.009432 seconds.
decompressed file = ../../../../CESM-OCEAN-MODELS/4/log_normalized/SZ3_1e-6/LWUP_F_1_384_320.dat.SZ3.out
  ✓ Compression successful (ratio: 1.00x)

[23/54] Processing: MELT_F_1_384_320.dat
compression ratio = 25.91 
compression time = 0.012413
compressed data file = ../../../../CESM-OCEAN-MODELS/4/log_normalized/MELT_F_1_384_320.dat.sz.tmp
compression ratio = 25.906288
decompression time = 0.006344 seconds.
decompressed file = ../../../../CESM-OCEAN-MODELS/4/log_normalized/SZ3_1e-6/MELT_F_1_384_320.dat.SZ3.out
  ✓ Compression successful (ratio: 1.00x)

[24/54] Processing: MELTH_F_1_384_320.dat
compression ratio = 8.23 
compression time = 0.018344
compressed data file = ../../../../CESM-OCEAN-MODELS/4/log_normalized/MELTH_F_1_384_320.dat.sz.tmp
compression ratio = 8.234131
decompression time = 0.007362 seconds.
decompressed file = ../../../../CESM-OCEAN-MODELS/4/log_normalized/SZ3_1e-6/MELTH_F_1_384_320.dat.SZ3.out
  ✓ Compression successful (ratio: 1.00x)

[25/54] Processing: PREC_F_1_384_320.dat
compression ratio = 16.17 
compression time = 0.012485
compressed data file = ../../../../CESM-OCEAN-MODELS/4/log_normalized/PREC_F_1_384_320.dat.sz.tmp
compression ratio = 16.170017
decompression time = 0.006691 seconds.
decompressed file = ../../../../CESM-OCEAN-MODELS/4/log_normalized/SZ3_1e-6/PREC_F_1_384_320.dat.SZ3.out
  ✓ Compression successful (ratio: 1.00x)

[26/54] Processing: QFLUX_1_384_320.dat
compression ratio = 8.66 
compression time = 0.013680
compressed data file = ../../../../CESM-OCEAN-MODELS/4/log_normalized/QFLUX_1_384_320.dat.sz.tmp
compression ratio = 8.656722
decompression time = 0.006685 seconds.
decompressed file = ../../../../CESM-OCEAN-MODELS/4/log_normalized/SZ3_1e-6/QFLUX_1_384_320.dat.SZ3.out
  ✓ Compression successful (ratio: 1.00x)

[27/54] Processing: QSW_HBL_1_384_320.dat
compression ratio = 2.31 
compression time = 0.015930
compressed data file = ../../../../CESM-OCEAN-MODELS/4/log_normalized/QSW_HBL_1_384_320.dat.sz.tmp
compression ratio = 2.314876
decompression time = 0.004881 seconds.
decompressed file = ../../../../CESM-OCEAN-MODELS/4/log_normalized/SZ3_1e-6/QSW_HBL_1_384_320.dat.SZ3.out
  ✓ Compression successful (ratio: 1.00x)

[28/54] Processing: QSW_HTP_1_384_320.dat
compression ratio = 2.34 
compression time = 0.014766
compressed data file = ../../../../CESM-OCEAN-MODELS/4/log_normalized/QSW_HTP_1_384_320.dat.sz.tmp
compression ratio = 2.336288
decompression time = 0.005067 seconds.
decompressed file = ../../../../CESM-OCEAN-MODELS/4/log_normalized/SZ3_1e-6/QSW_HTP_1_384_320.dat.SZ3.out
  ✓ Compression successful (ratio: 1.00x)

[29/54] Processing: RESID_S_1_384_320.dat
compression ratio = 59.73 
compression time = 0.011432
compressed data file = ../../../../CESM-OCEAN-MODELS/4/log_normalized/RESID_S_1_384_320.dat.sz.tmp
compression ratio = 59.730222
decompression time = 0.006169 seconds.
decompressed file = ../../../../CESM-OCEAN-MODELS/4/log_normalized/SZ3_1e-6/RESID_S_1_384_320.dat.SZ3.out
  ✓ Compression successful (ratio: 1.00x)

[30/54] Processing: RESID_T_1_384_320.dat
compression ratio = 59.73 
compression time = 0.011687
compressed data file = ../../../../CESM-OCEAN-MODELS/4/log_normalized/RESID_T_1_384_320.dat.sz.tmp
compression ratio = 59.730222
decompression time = 0.006529 seconds.
decompressed file = ../../../../CESM-OCEAN-MODELS/4/log_normalized/SZ3_1e-6/RESID_T_1_384_320.dat.SZ3.out
  ✓ Compression successful (ratio: 1.00x)

[31/54] Processing: RHO_VINT_1_384_320.dat
compression ratio = 1.83 
compression time = 0.023082
compressed data file = ../../../../CESM-OCEAN-MODELS/4/log_normalized/RHO_VINT_1_384_320.dat.sz.tmp
compression ratio = 1.830178
decompression time = 0.006430 seconds.
decompressed file = ../../../../CESM-OCEAN-MODELS/4/log_normalized/SZ3_1e-6/RHO_VINT_1_384_320.dat.SZ3.out
  ✓ Compression successful (ratio: 1.00x)

[32/54] Processing: ROFF_F_1_384_320.dat
compression ratio = 21.75 
compression time = 0.012831
compressed data file = ../../../../CESM-OCEAN-MODELS/4/log_normalized/ROFF_F_1_384_320.dat.sz.tmp
compression ratio = 21.749635
decompression time = 0.006517 seconds.
decompressed file = ../../../../CESM-OCEAN-MODELS/4/log_normalized/SZ3_1e-6/ROFF_F_1_384_320.dat.SZ3.out
  ✓ Compression successful (ratio: 1.00x)

[33/54] Processing: SALT_F_1_384_320.dat
compression ratio = 38.09 
compression time = 0.011362
compressed data file = ../../../../CESM-OCEAN-MODELS/4/log_normalized/SALT_F_1_384_320.dat.sz.tmp
compression ratio = 38.090515
decompression time = 0.005797 seconds.
decompressed file = ../../../../CESM-OCEAN-MODELS/4/log_normalized/SZ3_1e-6/SALT_F_1_384_320.dat.SZ3.out
  ✓ Compression successful (ratio: 1.00x)

[34/54] Processing: SENH_F_1_384_320.dat
compression ratio = 3.31 
compression time = 0.010628
compressed data file = ../../../../CESM-OCEAN-MODELS/4/log_normalized/SENH_F_1_384_320.dat.sz.tmp
compression ratio = 3.311125
decompression time = 0.004258 seconds.
decompressed file = ../../../../CESM-OCEAN-MODELS/4/log_normalized/SZ3_1e-6/SENH_F_1_384_320.dat.SZ3.out
  ✓ Compression successful (ratio: 1.00x)

[35/54] Processing: SFWF_1_384_320.dat
compression ratio = 14.53 
compression time = 0.011525
compressed data file = ../../../../CESM-OCEAN-MODELS/4/log_normalized/SFWF_1_384_320.dat.sz.tmp
compression ratio = 14.526110
decompression time = 0.006250 seconds.
decompressed file = ../../../../CESM-OCEAN-MODELS/4/log_normalized/SZ3_1e-6/SFWF_1_384_320.dat.SZ3.out
  ✓ Compression successful (ratio: 1.00x)

[36/54] Processing: SFWF_WRST_1_384_320.dat
compression ratio = 59.73 
compression time = 0.011746
compressed data file = ../../../../CESM-OCEAN-MODELS/4/log_normalized/SFWF_WRST_1_384_320.dat.sz.tmp
compression ratio = 59.730222
decompression time = 0.006228 seconds.
decompressed file = ../../../../CESM-OCEAN-MODELS/4/log_normalized/SZ3_1e-6/SFWF_WRST_1_384_320.dat.SZ3.out
  ✓ Compression successful (ratio: 1.00x)

[37/54] Processing: SHF_1_384_320.dat
compression ratio = 3.29 
compression time = 0.015700
compressed data file = ../../../../CESM-OCEAN-MODELS/4/log_normalized/SHF_1_384_320.dat.sz.tmp
compression ratio = 3.291193
decompression time = 0.010037 seconds.
decompressed file = ../../../../CESM-OCEAN-MODELS/4/log_normalized/SZ3_1e-6/SHF_1_384_320.dat.SZ3.out
  ✓ Compression successful (ratio: 1.00x)

[38/54] Processing: SHF_QSW_1_384_320.dat
compression ratio = 2.38 
compression time = 0.014822
compressed data file = ../../../../CESM-OCEAN-MODELS/4/log_normalized/SHF_QSW_1_384_320.dat.sz.tmp
compression ratio = 2.376939
decompression time = 0.004675 seconds.
decompressed file = ../../../../CESM-OCEAN-MODELS/4/log_normalized/SZ3_1e-6/SHF_QSW_1_384_320.dat.SZ3.out
  ✓ Compression successful (ratio: 1.00x)

[39/54] Processing: SNOW_F_1_384_320.dat
compression ratio = 31.20 
compression time = 0.011982
compressed data file = ../../../../CESM-OCEAN-MODELS/4/log_normalized/SNOW_F_1_384_320.dat.sz.tmp
compression ratio = 31.203657
decompression time = 0.006157 seconds.
decompressed file = ../../../../CESM-OCEAN-MODELS/4/log_normalized/SZ3_1e-6/SNOW_F_1_384_320.dat.SZ3.out
  ✓ Compression successful (ratio: 1.00x)

[40/54] Processing: SSH_1_384_320.dat
compression ratio = 2.37 
compression time = 0.016060
compressed data file = ../../../../CESM-OCEAN-MODELS/4/log_normalized/SSH_1_384_320.dat.sz.tmp
compression ratio = 2.370348
decompression time = 0.004842 seconds.
decompressed file = ../../../../CESM-OCEAN-MODELS/4/log_normalized/SZ3_1e-6/SSH_1_384_320.dat.SZ3.out
  ✓ Compression successful (ratio: 1.00x)

[41/54] Processing: SSH2_1_384_320.dat
compression ratio = 1.59 
compression time = 0.022606
compressed data file = ../../../../CESM-OCEAN-MODELS/4/log_normalized/SSH2_1_384_320.dat.sz.tmp
compression ratio = 1.592442
decompression time = 0.006521 seconds.
decompressed file = ../../../../CESM-OCEAN-MODELS/4/log_normalized/SZ3_1e-6/SSH2_1_384_320.dat.SZ3.out
  ✓ Compression successful (ratio: 1.00x)

[42/54] Processing: SU_1_384_320.dat
compression ratio = 2.69 
compression time = 0.013762
compressed data file = ../../../../CESM-OCEAN-MODELS/4/log_normalized/SU_1_384_320.dat.sz.tmp
compression ratio = 2.690032
decompression time = 0.005487 seconds.
decompressed file = ../../../../CESM-OCEAN-MODELS/4/log_normalized/SZ3_1e-6/SU_1_384_320.dat.SZ3.out
  ✓ Compression successful (ratio: 1.00x)

[43/54] Processing: SV_1_384_320.dat
compression ratio = 2.89 
compression time = 0.012732
compressed data file = ../../../../CESM-OCEAN-MODELS/4/log_normalized/SV_1_384_320.dat.sz.tmp
compression ratio = 2.885879
decompression time = 0.005048 seconds.
decompressed file = ../../../../CESM-OCEAN-MODELS/4/log_normalized/SZ3_1e-6/SV_1_384_320.dat.SZ3.out
  ✓ Compression successful (ratio: 1.00x)

[44/54] Processing: TAUX_1_384_320.dat
compression ratio = 3.50 
compression time = 0.015995
compressed data file = ../../../../CESM-OCEAN-MODELS/4/log_normalized/TAUX_1_384_320.dat.sz.tmp
compression ratio = 3.496770
decompression time = 0.009339 seconds.
decompressed file = ../../../../CESM-OCEAN-MODELS/4/log_normalized/SZ3_1e-6/TAUX_1_384_320.dat.SZ3.out
  ✓ Compression successful (ratio: 1.00x)

[45/54] Processing: TAUX2_1_384_320.dat
compression ratio = 2.05 
compression time = 0.017213
compressed data file = ../../../../CESM-OCEAN-MODELS/4/log_normalized/TAUX2_1_384_320.dat.sz.tmp
compression ratio = 2.047420
decompression time = 0.006546 seconds.
decompressed file = ../../../../CESM-OCEAN-MODELS/4/log_normalized/SZ3_1e-6/TAUX2_1_384_320.dat.SZ3.out
  ✓ Compression successful (ratio: 1.00x)

[46/54] Processing: TAUY_1_384_320.dat
compression ratio = 3.32 
compression time = 0.016311
compressed data file = ../../../../CESM-OCEAN-MODELS/4/log_normalized/TAUY_1_384_320.dat.sz.tmp
compression ratio = 3.316062
decompression time = 0.009640 seconds.
decompressed file = ../../../../CESM-OCEAN-MODELS/4/log_normalized/SZ3_1e-6/TAUY_1_384_320.dat.SZ3.out
  ✓ Compression successful (ratio: 1.00x)

[47/54] Processing: TAUY2_1_384_320.dat
compression ratio = 2.10 
compression time = 0.017059
compressed data file = ../../../../CESM-OCEAN-MODELS/4/log_normalized/TAUY2_1_384_320.dat.sz.tmp
compression ratio = 2.096606
decompression time = 0.006151 seconds.
decompressed file = ../../../../CESM-OCEAN-MODELS/4/log_normalized/SZ3_1e-6/TAUY2_1_384_320.dat.SZ3.out
  ✓ Compression successful (ratio: 1.00x)

[48/54] Processing: TBLT_1_384_320.dat
compression ratio = 1.62 
compression time = 0.023727
compressed data file = ../../../../CESM-OCEAN-MODELS/4/log_normalized/TBLT_1_384_320.dat.sz.tmp
compression ratio = 1.619511
decompression time = 0.007278 seconds.
decompressed file = ../../../../CESM-OCEAN-MODELS/4/log_normalized/SZ3_1e-6/TBLT_1_384_320.dat.SZ3.out
  ✓ Compression successful (ratio: 1.00x)

[49/54] Processing: TFW_S_1_384_320.dat
compression ratio = 59.73 
compression time = 0.011353
compressed data file = ../../../../CESM-OCEAN-MODELS/4/log_normalized/TFW_S_1_384_320.dat.sz.tmp
compression ratio = 59.730222
decompression time = 0.006042 seconds.
decompressed file = ../../../../CESM-OCEAN-MODELS/4/log_normalized/SZ3_1e-6/TFW_S_1_384_320.dat.SZ3.out
  ✓ Compression successful (ratio: 1.00x)

[50/54] Processing: TFW_T_1_384_320.dat
compression ratio = 59.73 
compression time = 0.011211
compressed data file = ../../../../CESM-OCEAN-MODELS/4/log_normalized/TFW_T_1_384_320.dat.sz.tmp
compression ratio = 59.730222
decompression time = 0.005779 seconds.
decompressed file = ../../../../CESM-OCEAN-MODELS/4/log_normalized/SZ3_1e-6/TFW_T_1_384_320.dat.SZ3.out
  ✓ Compression successful (ratio: 1.00x)

[51/54] Processing: TLT_1_384_320.dat
compression ratio = 1.74 
compression time = 0.021755
compressed data file = ../../../../CESM-OCEAN-MODELS/4/log_normalized/TLT_1_384_320.dat.sz.tmp
compression ratio = 1.735501
decompression time = 0.007539 seconds.
decompressed file = ../../../../CESM-OCEAN-MODELS/4/log_normalized/SZ3_1e-6/TLT_1_384_320.dat.SZ3.out
  ✓ Compression successful (ratio: 1.00x)

[52/54] Processing: TMXL_1_384_320.dat
compression ratio = 1.58 
compression time = 0.024586
compressed data file = ../../../../CESM-OCEAN-MODELS/4/log_normalized/TMXL_1_384_320.dat.sz.tmp
compression ratio = 1.581793
decompression time = 0.006799 seconds.
decompressed file = ../../../../CESM-OCEAN-MODELS/4/log_normalized/SZ3_1e-6/TMXL_1_384_320.dat.SZ3.out
  ✓ Compression successful (ratio: 1.00x)

[53/54] Processing: XBLT_1_384_320.dat
compression ratio = 1.97 
compression time = 0.017343
compressed data file = ../../../../CESM-OCEAN-MODELS/4/log_normalized/XBLT_1_384_320.dat.sz.tmp
compression ratio = 1.968150
decompression time = 0.007307 seconds.
decompressed file = ../../../../CESM-OCEAN-MODELS/4/log_normalized/SZ3_1e-6/XBLT_1_384_320.dat.SZ3.out
  ✓ Compression successful (ratio: 1.00x)

[54/54] Processing: XMXL_1_384_320.dat
compression ratio = 1.87 
compression time = 0.017651
compressed data file = ../../../../CESM-OCEAN-MODELS/4/log_normalized/XMXL_1_384_320.dat.sz.tmp
compression ratio = 1.868002
decompression time = 0.007437 seconds.
decompressed file = ../../../../CESM-OCEAN-MODELS/4/log_normalized/SZ3_1e-6/XMXL_1_384_320.dat.SZ3.out
  ✓ Compression successful (ratio: 1.00x)

=== Summary ===
Total files processed: 54
Total files skipped: 0
Total files failed: 0

