Auto-detected decompressed suffix: .sz.out

Found 54 .dat file(s) to process

[1/54] Processing: ADVS_1_384_320.dat
  False Negatives: 518
  False Positives: 10087
  False Types: 16
  Grand Total: 10621
  Total Critical Points (Decompressed): 15985

[2/54] Processing: ADVS_ISOP_1_384_320.dat
  False Negatives: 510
  False Positives: 11022
  False Types: 8
  Grand Total: 11540
  Total Critical Points (Decompressed): 17424

[3/54] Processing: ADVS_SUBM_1_384_320.dat
  False Negatives: 36
  False Positives: 6724
  False Types: 3
  Grand Total: 6763
  Total Critical Points (Decompressed): 7153

[4/54] Processing: ADVT_1_384_320.dat
  False Negatives: 0
  False Positives: 0
  False Types: 0
  Grand Total: 0
  Total Critical Points (Decompressed): 15913

[5/54] Processing: ADVT_ISOP_1_384_320.dat
  False Negatives: 0
  False Positives: 0
  False Types: 0
  Grand Total: 0
  Total Critical Points (Decompressed): 28352

[6/54] Processing: ADVT_SUBM_1_384_320.dat
  False Negatives: 249
  False Positives: 1158
  False Types: 0
  Grand Total: 1407
  Total Critical Points (Decompressed): 16501

[7/54] Processing: BSF_1_384_320.dat
  False Negatives: 0
  False Positives: 0
  False Types: 0
  Grand Total: 0
  Total Critical Points (Decompressed): 2042

[8/54] Processing: DIA_DEPTH_1_384_320.dat
  False Negatives: 0
  False Positives: 0
  False Types: 0
  Grand Total: 0
  Total Critical Points (Decompressed): 2719

[9/54] Processing: dTEMP_NEG_2D_1_384_320.dat
  False Negatives: 0
  False Positives: 0
  False Types: 0
  Grand Total: 0
  Total Critical Points (Decompressed): 23125

[10/54] Processing: dTEMP_POS_2D_1_384_320.dat
  False Negatives: 0
  False Positives: 0
  False Types: 0
  Grand Total: 0
  Total Critical Points (Decompressed): 21930

[11/54] Processing: EVAP_F_1_384_320.dat
  False Negatives: 108
  False Positives: 1041
  False Types: 0
  Grand Total: 1149
  Total Critical Points (Decompressed): 2852

[12/54] Processing: FW_1_384_320.dat
  False Negatives: 0
  False Positives: 4
  False Types: 0
  Grand Total: 4
  Total Critical Points (Decompressed): 27

[13/54] Processing: HBLT_1_384_320.dat
  False Negatives: 0
  False Positives: 0
  False Types: 0
  Grand Total: 0
  Total Critical Points (Decompressed): 4406

[14/54] Processing: HDIFS_1_384_320.dat
  False Negatives: 482
  False Positives: 10290
  False Types: 17
  Grand Total: 10789
  Total Critical Points (Decompressed): 15784

[15/54] Processing: HDIFT_1_384_320.dat
  False Negatives: 0
  False Positives: 0
  False Types: 0
  Grand Total: 0
  Total Critical Points (Decompressed): 25220

[16/54] Processing: HLS_SUBM_1_384_320.dat
  False Negatives: 0
  False Positives: 39
  False Types: 0
  Grand Total: 39
  Total Critical Points (Decompressed): 2732

[17/54] Processing: HMXL_1_384_320.dat
  False Negatives: 0
  False Positives: 0
  False Types: 0
  Grand Total: 0
  Total Critical Points (Decompressed): 3814

[18/54] Processing: IFRAC_1_384_320.dat
  False Negatives: 0
  False Positives: 3326
  False Types: 0
  Grand Total: 3326
  Total Critical Points (Decompressed): 3955

[19/54] Processing: INT_DEPTH_1_384_320.dat
  False Negatives: 0
  False Positives: 0
  False Types: 0
  Grand Total: 0
  Total Critical Points (Decompressed): 3481

[20/54] Processing: IOFF_F_1_384_320.dat
  False Negatives: 21
  False Positives: 1726
  False Types: 1
  Grand Total: 1748
  Total Critical Points (Decompressed): 2020

[21/54] Processing: LWDN_F_1_384_320.dat
  False Negatives: 0
  False Positives: 0
  False Types: 0
  Grand Total: 0
  Total Critical Points (Decompressed): 3459

[22/54] Processing: LWUP_F_1_384_320.dat
  False Negatives: 0
  False Positives: 0
  False Types: 0
  Grand Total: 0
  Total Critical Points (Decompressed): 1182

[23/54] Processing: MELT_F_1_384_320.dat
  False Negatives: 7
  False Positives: 5222
  False Types: 0
  Grand Total: 5229
  Total Critical Points (Decompressed): 5819

[24/54] Processing: MELTH_F_1_384_320.dat
  False Negatives: 0
  False Positives: 0
  False Types: 0
  Grand Total: 0
  Total Critical Points (Decompressed): 738

[25/54] Processing: PREC_F_1_384_320.dat
  False Negatives: 105
  False Positives: 4166
  False Types: 1
  Grand Total: 4272
  Total Critical Points (Decompressed): 6029

[26/54] Processing: QFLUX_1_384_320.dat
  False Negatives: 0
  False Positives: 16
  False Types: 0
  Grand Total: 16
  Total Critical Points (Decompressed): 407

[27/54] Processing: QSW_HBL_1_384_320.dat
  False Negatives: 0
  False Positives: 0
  False Types: 0
  Grand Total: 0
  Total Critical Points (Decompressed): 6936

[28/54] Processing: QSW_HTP_1_384_320.dat
  False Negatives: 0
  False Positives: 0
  False Types: 0
  Grand Total: 0
  Total Critical Points (Decompressed): 7890

[29/54] Processing: RESID_S_1_384_320.dat
  False Negatives: 0
  False Positives: 4
  False Types: 0
  Grand Total: 4
  Total Critical Points (Decompressed): 27

[30/54] Processing: RESID_T_1_384_320.dat
  False Negatives: 0
  False Positives: 4
  False Types: 0
  Grand Total: 4
  Total Critical Points (Decompressed): 27

[31/54] Processing: RHO_VINT_1_384_320.dat
  False Negatives: 0
  False Positives: 5
  False Types: 0
  Grand Total: 5
  Total Critical Points (Decompressed): 7729

[32/54] Processing: ROFF_F_1_384_320.dat
  False Negatives: 63
  False Positives: 10430
  False Types: 1
  Grand Total: 10494
  Total Critical Points (Decompressed): 12315

[33/54] Processing: SALT_F_1_384_320.dat
  False Negatives: 14
  False Positives: 4469
  False Types: 0
  Grand Total: 4483
  Total Critical Points (Decompressed): 4566

[34/54] Processing: SENH_F_1_384_320.dat
  False Negatives: 0
  False Positives: 0
  False Types: 0
  Grand Total: 0
  Total Critical Points (Decompressed): 4316

[35/54] Processing: SFWF_1_384_320.dat
  False Negatives: 106
  False Positives: 683
  False Types: 0
  Grand Total: 789
  Total Critical Points (Decompressed): 5534

[36/54] Processing: SFWF_WRST_1_384_320.dat
  False Negatives: 0
  False Positives: 4
  False Types: 0
  Grand Total: 4
  Total Critical Points (Decompressed): 27

[37/54] Processing: SHF_1_384_320.dat
  False Negatives: 0
  False Positives: 0
  False Types: 0
  Grand Total: 0
  Total Critical Points (Decompressed): 7263

[38/54] Processing: SHF_QSW_1_384_320.dat
  False Negatives: 0
  False Positives: 0
  False Types: 0
  Grand Total: 0
  Total Critical Points (Decompressed): 4502

[39/54] Processing: SNOW_F_1_384_320.dat
  False Negatives: 52
  False Positives: 3501
  False Types: 1
  Grand Total: 3554
  Total Critical Points (Decompressed): 4017

[40/54] Processing: SSH_1_384_320.dat
  False Negatives: 0
  False Positives: 0
  False Types: 0
  Grand Total: 0
  Total Critical Points (Decompressed): 11694

[41/54] Processing: SSH2_1_384_320.dat
  False Negatives: 0
  False Positives: 0
  False Types: 0
  Grand Total: 0
  Total Critical Points (Decompressed): 12442

[42/54] Processing: SU_1_384_320.dat
  False Negatives: 0
  False Positives: 0
  False Types: 0
  Grand Total: 0
  Total Critical Points (Decompressed): 14462

[43/54] Processing: SV_1_384_320.dat
  False Negatives: 0
  False Positives: 0
  False Types: 0
  Grand Total: 0
  Total Critical Points (Decompressed): 17828

[44/54] Processing: TAUX_1_384_320.dat
  False Negatives: 0
  False Positives: 0
  False Types: 0
  Grand Total: 0
  Total Critical Points (Decompressed): 1747

[45/54] Processing: TAUX2_1_384_320.dat
  False Negatives: 0
  False Positives: 0
  False Types: 0
  Grand Total: 0
  Total Critical Points (Decompressed): 3016

[46/54] Processing: TAUY_1_384_320.dat
  False Negatives: 0
  False Positives: 0
  False Types: 0
  Grand Total: 0
  Total Critical Points (Decompressed): 2000

[47/54] Processing: TAUY2_1_384_320.dat
  False Negatives: 0
  False Positives: 0
  False Types: 0
  Grand Total: 0
  Total Critical Points (Decompressed): 3321

[48/54] Processing: TBLT_1_384_320.dat
  False Negatives: 0
  False Positives: 0
  False Types: 0
  Grand Total: 0
  Total Critical Points (Decompressed): 14764

[49/54] Processing: TFW_S_1_384_320.dat
  False Negatives: 0
  False Positives: 4
  False Types: 0
  Grand Total: 4
  Total Critical Points (Decompressed): 27

[50/54] Processing: TFW_T_1_384_320.dat
  False Negatives: 0
  False Positives: 4
  False Types: 0
  Grand Total: 4
  Total Critical Points (Decompressed): 27

[51/54] Processing: TLT_1_384_320.dat
  False Negatives: 0
  False Positives: 0
  False Types: 0
  Grand Total: 0
  Total Critical Points (Decompressed): 23620

[52/54] Processing: TMXL_1_384_320.dat
  False Negatives: 0
  False Positives: 0
  False Types: 0
  Grand Total: 0
  Total Critical Points (Decompressed): 5100

[53/54] Processing: XBLT_1_384_320.dat
  False Negatives: 0
  False Positives: 0
  False Types: 0
  Grand Total: 0
  Total Critical Points (Decompressed): 4398

[54/54] Processing: XMXL_1_384_320.dat
  False Negatives: 0
  False Positives: 0
  False Types: 0
  Grand Total: 0
  Total Critical Points (Decompressed): 4511

=== Summary ===
Total files processed: 54
Total files failed: 0
Total false cases across all files: 76248
Average false cases per file: 1412.00
