Input directory: ../../../../CESM-OCEAN-MODELS/4/log_normalized
Output directory: ../../../../CESM-OCEAN-MODELS/4/log_normalized/SZ3_1e-9
Dimensions: 384x320
Error bound: 1e-9

Found 54 .dat file(s) to process

[1/54] Processing: ADVS_1_384_320.dat
compression ratio = 7.69 
compression time = 0.008096
compressed data file = ../../../../CESM-OCEAN-MODELS/4/log_normalized/ADVS_1_384_320.dat.sz.tmp
compression ratio = 7.694788
decompression time = 0.002878 seconds.
decompressed file = ../../../../CESM-OCEAN-MODELS/4/log_normalized/SZ3_1e-9/ADVS_1_384_320.dat.SZ3.out
  ✓ Compression successful (ratio: 1.00x)

[2/54] Processing: ADVS_ISOP_1_384_320.dat
compression ratio = 9.66 
compression time = 0.007456
compressed data file = ../../../../CESM-OCEAN-MODELS/4/log_normalized/ADVS_ISOP_1_384_320.dat.sz.tmp
compression ratio = 9.660187
decompression time = 0.002824 seconds.
decompressed file = ../../../../CESM-OCEAN-MODELS/4/log_normalized/SZ3_1e-9/ADVS_ISOP_1_384_320.dat.SZ3.out
  ✓ Compression successful (ratio: 1.00x)

[3/54] Processing: ADVS_SUBM_1_384_320.dat
compression ratio = 24.32 
compression time = 0.012151
compressed data file = ../../../../CESM-OCEAN-MODELS/4/log_normalized/ADVS_SUBM_1_384_320.dat.sz.tmp
compression ratio = 24.320633
decompression time = 0.006764 seconds.
decompressed file = ../../../../CESM-OCEAN-MODELS/4/log_normalized/SZ3_1e-9/ADVS_SUBM_1_384_320.dat.SZ3.out
  ✓ Compression successful (ratio: 1.00x)

[4/54] Processing: ADVT_1_384_320.dat
compression ratio = 1.13 
compression time = 0.029468
compressed data file = ../../../../CESM-OCEAN-MODELS/4/log_normalized/ADVT_1_384_320.dat.sz.tmp
compression ratio = 1.128388
decompression time = 0.006824 seconds.
decompressed file = ../../../../CESM-OCEAN-MODELS/4/log_normalized/SZ3_1e-9/ADVT_1_384_320.dat.SZ3.out
  ✓ Compression successful (ratio: 1.00x)

[5/54] Processing: ADVT_ISOP_1_384_320.dat
compression ratio = 1.31 
compression time = 0.026723
compressed data file = ../../../../CESM-OCEAN-MODELS/4/log_normalized/ADVT_ISOP_1_384_320.dat.sz.tmp
compression ratio = 1.307036
decompression time = 0.006639 seconds.
decompressed file = ../../../../CESM-OCEAN-MODELS/4/log_normalized/SZ3_1e-9/ADVT_ISOP_1_384_320.dat.SZ3.out
  ✓ Compression successful (ratio: 1.00x)

[6/54] Processing: ADVT_SUBM_1_384_320.dat
compression ratio = 2.78 
compression time = 0.012138
compressed data file = ../../../../CESM-OCEAN-MODELS/4/log_normalized/ADVT_SUBM_1_384_320.dat.sz.tmp
compression ratio = 2.784847
decompression time = 0.004893 seconds.
decompressed file = ../../../../CESM-OCEAN-MODELS/4/log_normalized/SZ3_1e-9/ADVT_SUBM_1_384_320.dat.SZ3.out
  ✓ Compression successful (ratio: 1.00x)

[7/54] Processing: BSF_1_384_320.dat
compression ratio = 1.26 
compression time = 0.027523
compressed data file = ../../../../CESM-OCEAN-MODELS/4/log_normalized/BSF_1_384_320.dat.sz.tmp
compression ratio = 1.258465
decompression time = 0.005105 seconds.
decompressed file = ../../../../CESM-OCEAN-MODELS/4/log_normalized/SZ3_1e-9/BSF_1_384_320.dat.SZ3.out
  ✓ Compression successful (ratio: 1.00x)

[8/54] Processing: DIA_DEPTH_1_384_320.dat
compression ratio = 1.35 
compression time = 0.019570
compressed data file = ../../../../CESM-OCEAN-MODELS/4/log_normalized/DIA_DEPTH_1_384_320.dat.sz.tmp
compression ratio = 1.350296
decompression time = 0.003793 seconds.
decompressed file = ../../../../CESM-OCEAN-MODELS/4/log_normalized/SZ3_1e-9/DIA_DEPTH_1_384_320.dat.SZ3.out
  ✓ Compression successful (ratio: 1.00x)

[9/54] Processing: dTEMP_NEG_2D_1_384_320.dat
compression ratio = 1.15 
compression time = 0.030387
compressed data file = ../../../../CESM-OCEAN-MODELS/4/log_normalized/dTEMP_NEG_2D_1_384_320.dat.sz.tmp
compression ratio = 1.150255
decompression time = 0.005942 seconds.
decompressed file = ../../../../CESM-OCEAN-MODELS/4/log_normalized/SZ3_1e-9/dTEMP_NEG_2D_1_384_320.dat.SZ3.out
  ✓ Compression successful (ratio: 1.00x)

[10/54] Processing: dTEMP_POS_2D_1_384_320.dat
compression ratio = 1.14 
compression time = 0.025155
compressed data file = ../../../../CESM-OCEAN-MODELS/4/log_normalized/dTEMP_POS_2D_1_384_320.dat.sz.tmp
compression ratio = 1.140439
decompression time = 0.004479 seconds.
decompressed file = ../../../../CESM-OCEAN-MODELS/4/log_normalized/SZ3_1e-9/dTEMP_POS_2D_1_384_320.dat.SZ3.out
  ✓ Compression successful (ratio: 1.00x)

[11/54] Processing: EVAP_F_1_384_320.dat
compression ratio = 4.78 
compression time = 0.013659
compressed data file = ../../../../CESM-OCEAN-MODELS/4/log_normalized/EVAP_F_1_384_320.dat.sz.tmp
compression ratio = 4.778906
decompression time = 0.008696 seconds.
decompressed file = ../../../../CESM-OCEAN-MODELS/4/log_normalized/SZ3_1e-9/EVAP_F_1_384_320.dat.SZ3.out
  ✓ Compression successful (ratio: 1.00x)

[12/54] Processing: FW_1_384_320.dat
compression ratio = 59.74 
compression time = 0.012250
compressed data file = ../../../../CESM-OCEAN-MODELS/4/log_normalized/FW_1_384_320.dat.sz.tmp
compression ratio = 59.737482
decompression time = 0.006096 seconds.
decompressed file = ../../../../CESM-OCEAN-MODELS/4/log_normalized/SZ3_1e-9/FW_1_384_320.dat.SZ3.out
  ✓ Compression successful (ratio: 1.00x)

[13/54] Processing: HBLT_1_384_320.dat
compression ratio = 1.38 
compression time = 0.017824
compressed data file = ../../../../CESM-OCEAN-MODELS/4/log_normalized/HBLT_1_384_320.dat.sz.tmp
compression ratio = 1.379067
decompression time = 0.004413 seconds.
decompressed file = ../../../../CESM-OCEAN-MODELS/4/log_normalized/SZ3_1e-9/HBLT_1_384_320.dat.SZ3.out
  ✓ Compression successful (ratio: 1.00x)

[14/54] Processing: HDIFS_1_384_320.dat
compression ratio = 8.85 
compression time = 0.007574
compressed data file = ../../../../CESM-OCEAN-MODELS/4/log_normalized/HDIFS_1_384_320.dat.sz.tmp
compression ratio = 8.851910
decompression time = 0.002775 seconds.
decompressed file = ../../../../CESM-OCEAN-MODELS/4/log_normalized/SZ3_1e-9/HDIFS_1_384_320.dat.SZ3.out
  ✓ Compression successful (ratio: 1.00x)

[15/54] Processing: HDIFT_1_384_320.dat
compression ratio = 1.25 
compression time = 0.027890
compressed data file = ../../../../CESM-OCEAN-MODELS/4/log_normalized/HDIFT_1_384_320.dat.sz.tmp
compression ratio = 1.248825
decompression time = 0.006995 seconds.
decompressed file = ../../../../CESM-OCEAN-MODELS/4/log_normalized/SZ3_1e-9/HDIFT_1_384_320.dat.SZ3.out
  ✓ Compression successful (ratio: 1.00x)

[16/54] Processing: HLS_SUBM_1_384_320.dat
compression ratio = 3.36 
compression time = 0.014579
compressed data file = ../../../../CESM-OCEAN-MODELS/4/log_normalized/HLS_SUBM_1_384_320.dat.sz.tmp
compression ratio = 3.357148
decompression time = 0.006331 seconds.
decompressed file = ../../../../CESM-OCEAN-MODELS/4/log_normalized/SZ3_1e-9/HLS_SUBM_1_384_320.dat.SZ3.out
  ✓ Compression successful (ratio: 1.00x)

[17/54] Processing: HMXL_1_384_320.dat
compression ratio = 1.36 
compression time = 0.018638
compressed data file = ../../../../CESM-OCEAN-MODELS/4/log_normalized/HMXL_1_384_320.dat.sz.tmp
compression ratio = 1.360176
decompression time = 0.003584 seconds.
decompressed file = ../../../../CESM-OCEAN-MODELS/4/log_normalized/SZ3_1e-9/HMXL_1_384_320.dat.SZ3.out
  ✓ Compression successful (ratio: 1.00x)

[18/54] Processing: IFRAC_1_384_320.dat
compression ratio = 4.84 
compression time = 0.011780
compressed data file = ../../../../CESM-OCEAN-MODELS/4/log_normalized/IFRAC_1_384_320.dat.sz.tmp
compression ratio = 4.843659
decompression time = 0.002949 seconds.
decompressed file = ../../../../CESM-OCEAN-MODELS/4/log_normalized/SZ3_1e-9/IFRAC_1_384_320.dat.SZ3.out
  ✓ Compression successful (ratio: 1.00x)

[19/54] Processing: INT_DEPTH_1_384_320.dat
compression ratio = 1.40 
compression time = 0.018323
compressed data file = ../../../../CESM-OCEAN-MODELS/4/log_normalized/INT_DEPTH_1_384_320.dat.sz.tmp
compression ratio = 1.398776
decompression time = 0.003619 seconds.
decompressed file = ../../../../CESM-OCEAN-MODELS/4/log_normalized/SZ3_1e-9/INT_DEPTH_1_384_320.dat.SZ3.out
  ✓ Compression successful (ratio: 1.00x)

[20/54] Processing: IOFF_F_1_384_320.dat
compression ratio = 28.51 
compression time = 0.012269
compressed data file = ../../../../CESM-OCEAN-MODELS/4/log_normalized/IOFF_F_1_384_320.dat.sz.tmp
compression ratio = 28.510441
decompression time = 0.006248 seconds.
decompressed file = ../../../../CESM-OCEAN-MODELS/4/log_normalized/SZ3_1e-9/IOFF_F_1_384_320.dat.SZ3.out
  ✓ Compression successful (ratio: 1.00x)

[21/54] Processing: LWDN_F_1_384_320.dat
compression ratio = 1.44 
compression time = 0.021543
compressed data file = ../../../../CESM-OCEAN-MODELS/4/log_normalized/LWDN_F_1_384_320.dat.sz.tmp
compression ratio = 1.440031
decompression time = 0.004623 seconds.
decompressed file = ../../../../CESM-OCEAN-MODELS/4/log_normalized/SZ3_1e-9/LWDN_F_1_384_320.dat.SZ3.out
  ✓ Compression successful (ratio: 1.00x)

[22/54] Processing: LWUP_F_1_384_320.dat
compression ratio = 1.27 
compression time = 0.021909
compressed data file = ../../../../CESM-OCEAN-MODELS/4/log_normalized/LWUP_F_1_384_320.dat.sz.tmp
compression ratio = 1.273978
decompression time = 0.004679 seconds.
decompressed file = ../../../../CESM-OCEAN-MODELS/4/log_normalized/SZ3_1e-9/LWUP_F_1_384_320.dat.SZ3.out
  ✓ Compression successful (ratio: 1.00x)

[23/54] Processing: MELT_F_1_384_320.dat
compression ratio = 9.31 
compression time = 0.008086
compressed data file = ../../../../CESM-OCEAN-MODELS/4/log_normalized/MELT_F_1_384_320.dat.sz.tmp
compression ratio = 9.310502
decompression time = 0.002418 seconds.
decompressed file = ../../../../CESM-OCEAN-MODELS/4/log_normalized/SZ3_1e-9/MELT_F_1_384_320.dat.SZ3.out
  ✓ Compression successful (ratio: 1.00x)

[24/54] Processing: MELTH_F_1_384_320.dat
compression ratio = 5.29 
compression time = 0.010806
compressed data file = ../../../../CESM-OCEAN-MODELS/4/log_normalized/MELTH_F_1_384_320.dat.sz.tmp
compression ratio = 5.292503
decompression time = 0.002697 seconds.
decompressed file = ../../../../CESM-OCEAN-MODELS/4/log_normalized/SZ3_1e-9/MELTH_F_1_384_320.dat.SZ3.out
  ✓ Compression successful (ratio: 1.00x)

[25/54] Processing: PREC_F_1_384_320.dat
compression ratio = 4.12 
compression time = 0.013835
compressed data file = ../../../../CESM-OCEAN-MODELS/4/log_normalized/PREC_F_1_384_320.dat.sz.tmp
compression ratio = 4.115445
decompression time = 0.009126 seconds.
decompressed file = ../../../../CESM-OCEAN-MODELS/4/log_normalized/SZ3_1e-9/PREC_F_1_384_320.dat.SZ3.out
  ✓ Compression successful (ratio: 1.00x)

[26/54] Processing: QFLUX_1_384_320.dat
compression ratio = 14.48 
compression time = 0.012004
compressed data file = ../../../../CESM-OCEAN-MODELS/4/log_normalized/QFLUX_1_384_320.dat.sz.tmp
compression ratio = 14.479894
decompression time = 0.006913 seconds.
decompressed file = ../../../../CESM-OCEAN-MODELS/4/log_normalized/SZ3_1e-9/QFLUX_1_384_320.dat.SZ3.out
  ✓ Compression successful (ratio: 1.00x)

[27/54] Processing: QSW_HBL_1_384_320.dat
compression ratio = 1.42 
compression time = 0.022392
compressed data file = ../../../../CESM-OCEAN-MODELS/4/log_normalized/QSW_HBL_1_384_320.dat.sz.tmp
compression ratio = 1.419934
decompression time = 0.004102 seconds.
decompressed file = ../../../../CESM-OCEAN-MODELS/4/log_normalized/SZ3_1e-9/QSW_HBL_1_384_320.dat.SZ3.out
  ✓ Compression successful (ratio: 1.00x)

[28/54] Processing: QSW_HTP_1_384_320.dat
compression ratio = 1.44 
compression time = 0.018919
compressed data file = ../../../../CESM-OCEAN-MODELS/4/log_normalized/QSW_HTP_1_384_320.dat.sz.tmp
compression ratio = 1.444704
decompression time = 0.003328 seconds.
decompressed file = ../../../../CESM-OCEAN-MODELS/4/log_normalized/SZ3_1e-9/QSW_HTP_1_384_320.dat.SZ3.out
  ✓ Compression successful (ratio: 1.00x)

[29/54] Processing: RESID_S_1_384_320.dat
compression ratio = 59.74 
compression time = 0.012838
compressed data file = ../../../../CESM-OCEAN-MODELS/4/log_normalized/RESID_S_1_384_320.dat.sz.tmp
compression ratio = 59.737482
decompression time = 0.006134 seconds.
decompressed file = ../../../../CESM-OCEAN-MODELS/4/log_normalized/SZ3_1e-9/RESID_S_1_384_320.dat.SZ3.out
  ✓ Compression successful (ratio: 1.00x)

[30/54] Processing: RESID_T_1_384_320.dat
compression ratio = 59.74 
compression time = 0.011506
compressed data file = ../../../../CESM-OCEAN-MODELS/4/log_normalized/RESID_T_1_384_320.dat.sz.tmp
compression ratio = 59.737482
decompression time = 0.006293 seconds.
decompressed file = ../../../../CESM-OCEAN-MODELS/4/log_normalized/SZ3_1e-9/RESID_T_1_384_320.dat.SZ3.out
  ✓ Compression successful (ratio: 1.00x)

[31/54] Processing: RHO_VINT_1_384_320.dat
compression ratio = 1.61 
compression time = 0.016920
compressed data file = ../../../../CESM-OCEAN-MODELS/4/log_normalized/RHO_VINT_1_384_320.dat.sz.tmp
compression ratio = 1.614956
decompression time = 0.003201 seconds.
decompressed file = ../../../../CESM-OCEAN-MODELS/4/log_normalized/SZ3_1e-9/RHO_VINT_1_384_320.dat.SZ3.out
  ✓ Compression successful (ratio: 1.00x)

[32/54] Processing: ROFF_F_1_384_320.dat
compression ratio = 7.21 
compression time = 0.008630
compressed data file = ../../../../CESM-OCEAN-MODELS/4/log_normalized/ROFF_F_1_384_320.dat.sz.tmp
compression ratio = 7.205665
decompression time = 0.002980 seconds.
decompressed file = ../../../../CESM-OCEAN-MODELS/4/log_normalized/SZ3_1e-9/ROFF_F_1_384_320.dat.SZ3.out
  ✓ Compression successful (ratio: 1.00x)

[33/54] Processing: SALT_F_1_384_320.dat
compression ratio = 28.64 
compression time = 0.012125
compressed data file = ../../../../CESM-OCEAN-MODELS/4/log_normalized/SALT_F_1_384_320.dat.sz.tmp
compression ratio = 28.643357
decompression time = 0.006721 seconds.
decompressed file = ../../../../CESM-OCEAN-MODELS/4/log_normalized/SZ3_1e-9/SALT_F_1_384_320.dat.SZ3.out
  ✓ Compression successful (ratio: 1.00x)

[34/54] Processing: SENH_F_1_384_320.dat
compression ratio = 1.53 
compression time = 0.021654
compressed data file = ../../../../CESM-OCEAN-MODELS/4/log_normalized/SENH_F_1_384_320.dat.sz.tmp
compression ratio = 1.528287
decompression time = 0.004750 seconds.
decompressed file = ../../../../CESM-OCEAN-MODELS/4/log_normalized/SZ3_1e-9/SENH_F_1_384_320.dat.SZ3.out
  ✓ Compression successful (ratio: 1.00x)

[35/54] Processing: SFWF_1_384_320.dat
compression ratio = 3.61 
compression time = 0.015622
compressed data file = ../../../../CESM-OCEAN-MODELS/4/log_normalized/SFWF_1_384_320.dat.sz.tmp
compression ratio = 3.605581
decompression time = 0.009327 seconds.
decompressed file = ../../../../CESM-OCEAN-MODELS/4/log_normalized/SZ3_1e-9/SFWF_1_384_320.dat.SZ3.out
  ✓ Compression successful (ratio: 1.00x)

[36/54] Processing: SFWF_WRST_1_384_320.dat
compression ratio = 59.74 
compression time = 0.012040
compressed data file = ../../../../CESM-OCEAN-MODELS/4/log_normalized/SFWF_WRST_1_384_320.dat.sz.tmp
compression ratio = 59.737482
decompression time = 0.006216 seconds.
decompressed file = ../../../../CESM-OCEAN-MODELS/4/log_normalized/SZ3_1e-9/SFWF_WRST_1_384_320.dat.SZ3.out
  ✓ Compression successful (ratio: 1.00x)

[37/54] Processing: SHF_1_384_320.dat
compression ratio = 1.41 
compression time = 0.022335
compressed data file = ../../../../CESM-OCEAN-MODELS/4/log_normalized/SHF_1_384_320.dat.sz.tmp
compression ratio = 1.412012
decompression time = 0.004457 seconds.
decompressed file = ../../../../CESM-OCEAN-MODELS/4/log_normalized/SZ3_1e-9/SHF_1_384_320.dat.SZ3.out
  ✓ Compression successful (ratio: 1.00x)

[38/54] Processing: SHF_QSW_1_384_320.dat
compression ratio = 1.40 
compression time = 0.021062
compressed data file = ../../../../CESM-OCEAN-MODELS/4/log_normalized/SHF_QSW_1_384_320.dat.sz.tmp
compression ratio = 1.400238
decompression time = 0.004132 seconds.
decompressed file = ../../../../CESM-OCEAN-MODELS/4/log_normalized/SZ3_1e-9/SHF_QSW_1_384_320.dat.SZ3.out
  ✓ Compression successful (ratio: 1.00x)

[39/54] Processing: SNOW_F_1_384_320.dat
compression ratio = 17.20 
compression time = 0.012407
compressed data file = ../../../../CESM-OCEAN-MODELS/4/log_normalized/SNOW_F_1_384_320.dat.sz.tmp
compression ratio = 17.200448
decompression time = 0.006794 seconds.
decompressed file = ../../../../CESM-OCEAN-MODELS/4/log_normalized/SZ3_1e-9/SNOW_F_1_384_320.dat.SZ3.out
  ✓ Compression successful (ratio: 1.00x)

[40/54] Processing: SSH_1_384_320.dat
compression ratio = 1.37 
compression time = 0.021373
compressed data file = ../../../../CESM-OCEAN-MODELS/4/log_normalized/SSH_1_384_320.dat.sz.tmp
compression ratio = 1.373893
decompression time = 0.004166 seconds.
decompressed file = ../../../../CESM-OCEAN-MODELS/4/log_normalized/SZ3_1e-9/SSH_1_384_320.dat.SZ3.out
  ✓ Compression successful (ratio: 1.00x)

[41/54] Processing: SSH2_1_384_320.dat
compression ratio = 1.40 
compression time = 0.016635
compressed data file = ../../../../CESM-OCEAN-MODELS/4/log_normalized/SSH2_1_384_320.dat.sz.tmp
compression ratio = 1.402288
decompression time = 0.003084 seconds.
decompressed file = ../../../../CESM-OCEAN-MODELS/4/log_normalized/SZ3_1e-9/SSH2_1_384_320.dat.SZ3.out
  ✓ Compression successful (ratio: 1.00x)

[42/54] Processing: SU_1_384_320.dat
compression ratio = 1.53 
compression time = 0.019606
compressed data file = ../../../../CESM-OCEAN-MODELS/4/log_normalized/SU_1_384_320.dat.sz.tmp
compression ratio = 1.533733
decompression time = 0.004066 seconds.
decompressed file = ../../../../CESM-OCEAN-MODELS/4/log_normalized/SZ3_1e-9/SU_1_384_320.dat.SZ3.out
  ✓ Compression successful (ratio: 1.00x)

[43/54] Processing: SV_1_384_320.dat
compression ratio = 1.60 
compression time = 0.018064
compressed data file = ../../../../CESM-OCEAN-MODELS/4/log_normalized/SV_1_384_320.dat.sz.tmp
compression ratio = 1.604172
decompression time = 0.003877 seconds.
decompressed file = ../../../../CESM-OCEAN-MODELS/4/log_normalized/SZ3_1e-9/SV_1_384_320.dat.SZ3.out
  ✓ Compression successful (ratio: 1.00x)

[44/54] Processing: TAUX_1_384_320.dat
compression ratio = 1.32 
compression time = 0.022549
compressed data file = ../../../../CESM-OCEAN-MODELS/4/log_normalized/TAUX_1_384_320.dat.sz.tmp
compression ratio = 1.321603
decompression time = 0.004623 seconds.
decompressed file = ../../../../CESM-OCEAN-MODELS/4/log_normalized/SZ3_1e-9/TAUX_1_384_320.dat.SZ3.out
  ✓ Compression successful (ratio: 1.00x)

[45/54] Processing: TAUX2_1_384_320.dat
compression ratio = 1.11 
compression time = 0.023187
compressed data file = ../../../../CESM-OCEAN-MODELS/4/log_normalized/TAUX2_1_384_320.dat.sz.tmp
compression ratio = 1.110785
decompression time = 0.004682 seconds.
decompressed file = ../../../../CESM-OCEAN-MODELS/4/log_normalized/SZ3_1e-9/TAUX2_1_384_320.dat.SZ3.out
  ✓ Compression successful (ratio: 1.00x)

[46/54] Processing: TAUY_1_384_320.dat
compression ratio = 1.30 
compression time = 0.023645
compressed data file = ../../../../CESM-OCEAN-MODELS/4/log_normalized/TAUY_1_384_320.dat.sz.tmp
compression ratio = 1.295086
decompression time = 0.005056 seconds.
decompressed file = ../../../../CESM-OCEAN-MODELS/4/log_normalized/SZ3_1e-9/TAUY_1_384_320.dat.SZ3.out
  ✓ Compression successful (ratio: 1.00x)

[47/54] Processing: TAUY2_1_384_320.dat
compression ratio = 1.12 
compression time = 0.024861
compressed data file = ../../../../CESM-OCEAN-MODELS/4/log_normalized/TAUY2_1_384_320.dat.sz.tmp
compression ratio = 1.122997
decompression time = 0.004491 seconds.
decompressed file = ../../../../CESM-OCEAN-MODELS/4/log_normalized/SZ3_1e-9/TAUY2_1_384_320.dat.SZ3.out
  ✓ Compression successful (ratio: 1.00x)

[48/54] Processing: TBLT_1_384_320.dat
compression ratio = 1.51 
compression time = 0.021229
compressed data file = ../../../../CESM-OCEAN-MODELS/4/log_normalized/TBLT_1_384_320.dat.sz.tmp
compression ratio = 1.505011
decompression time = 0.007576 seconds.
decompressed file = ../../../../CESM-OCEAN-MODELS/4/log_normalized/SZ3_1e-9/TBLT_1_384_320.dat.SZ3.out
  ✓ Compression successful (ratio: 1.00x)

[49/54] Processing: TFW_S_1_384_320.dat
compression ratio = 59.74 
compression time = 0.012306
compressed data file = ../../../../CESM-OCEAN-MODELS/4/log_normalized/TFW_S_1_384_320.dat.sz.tmp
compression ratio = 59.737482
decompression time = 0.006197 seconds.
decompressed file = ../../../../CESM-OCEAN-MODELS/4/log_normalized/SZ3_1e-9/TFW_S_1_384_320.dat.SZ3.out
  ✓ Compression successful (ratio: 1.00x)

[50/54] Processing: TFW_T_1_384_320.dat
compression ratio = 59.74 
compression time = 0.012009
compressed data file = ../../../../CESM-OCEAN-MODELS/4/log_normalized/TFW_T_1_384_320.dat.sz.tmp
compression ratio = 59.737482
decompression time = 0.006015 seconds.
decompressed file = ../../../../CESM-OCEAN-MODELS/4/log_normalized/SZ3_1e-9/TFW_T_1_384_320.dat.SZ3.out
  ✓ Compression successful (ratio: 1.00x)

[51/54] Processing: TLT_1_384_320.dat
compression ratio = 1.52 
compression time = 0.015384
compressed data file = ../../../../CESM-OCEAN-MODELS/4/log_normalized/TLT_1_384_320.dat.sz.tmp
compression ratio = 1.522761
decompression time = 0.002672 seconds.
decompressed file = ../../../../CESM-OCEAN-MODELS/4/log_normalized/SZ3_1e-9/TLT_1_384_320.dat.SZ3.out
  ✓ Compression successful (ratio: 1.00x)

[52/54] Processing: TMXL_1_384_320.dat
compression ratio = 1.48 
compression time = 0.017357
compressed data file = ../../../../CESM-OCEAN-MODELS/4/log_normalized/TMXL_1_384_320.dat.sz.tmp
compression ratio = 1.484825
decompression time = 0.003656 seconds.
decompressed file = ../../../../CESM-OCEAN-MODELS/4/log_normalized/SZ3_1e-9/TMXL_1_384_320.dat.SZ3.out
  ✓ Compression successful (ratio: 1.00x)

[53/54] Processing: XBLT_1_384_320.dat
compression ratio = 1.40 
compression time = 0.019586
compressed data file = ../../../../CESM-OCEAN-MODELS/4/log_normalized/XBLT_1_384_320.dat.sz.tmp
compression ratio = 1.395884
decompression time = 0.003889 seconds.
decompressed file = ../../../../CESM-OCEAN-MODELS/4/log_normalized/SZ3_1e-9/XBLT_1_384_320.dat.SZ3.out
  ✓ Compression successful (ratio: 1.00x)

[54/54] Processing: XMXL_1_384_320.dat
compression ratio = 1.39 
compression time = 0.019369
compressed data file = ../../../../CESM-OCEAN-MODELS/4/log_normalized/XMXL_1_384_320.dat.sz.tmp
compression ratio = 1.391718
decompression time = 0.003698 seconds.
decompressed file = ../../../../CESM-OCEAN-MODELS/4/log_normalized/SZ3_1e-9/XMXL_1_384_320.dat.SZ3.out
  ✓ Compression successful (ratio: 1.00x)

=== Summary ===
Total files processed: 54
Total files skipped: 0
Total files failed: 0

