Input directory: ../../../../CESM-CLIMATE-65G/4/log_normalized
Output directory: ../../../../CESM-CLIMATE-65G/4/log_normalized/SZ3_1e-7
Dimensions: 768x1152
Error bound: 1e-7

Found 90 .dat file(s) to process

[1/90] Processing: AEROD_v_1_768_1152.dat
compression ratio = 1.35 
compression time = 0.110037
compressed data file = ../../../../CESM-CLIMATE-65G/4/log_normalized/AEROD_v_1_768_1152.dat.sz.tmp
compression ratio = 1.353998
decompression time = 0.064454 seconds.
decompressed file = ../../../../CESM-CLIMATE-65G/4/log_normalized/SZ3_1e-7/AEROD_v_1_768_1152.dat.SZ3.out
  ✓ Compression successful (ratio: 1.00x)

[2/90] Processing: cb_ozone_c_1_768_1152.dat
compression ratio = 2.53 
compression time = 0.073220
compressed data file = ../../../../CESM-CLIMATE-65G/4/log_normalized/cb_ozone_c_1_768_1152.dat.sz.tmp
compression ratio = 2.530049
decompression time = 0.026570 seconds.
decompressed file = ../../../../CESM-CLIMATE-65G/4/log_normalized/SZ3_1e-7/cb_ozone_c_1_768_1152.dat.SZ3.out
  ✓ Compression successful (ratio: 1.00x)

[3/90] Processing: cb_sulf_c_1_768_1152.dat
compression ratio = 9.50 
compression time = 0.079155
compressed data file = ../../../../CESM-CLIMATE-65G/4/log_normalized/cb_sulf_c_1_768_1152.dat.sz.tmp
compression ratio = 9.498430
decompression time = 0.045145 seconds.
decompressed file = ../../../../CESM-CLIMATE-65G/4/log_normalized/SZ3_1e-7/cb_sulf_c_1_768_1152.dat.SZ3.out
  ✓ Compression successful (ratio: 1.00x)

[4/90] Processing: CLDHGH_1_768_1152.dat
compression ratio = 1.03 
compression time = 0.098035
compressed data file = ../../../../CESM-CLIMATE-65G/4/log_normalized/CLDHGH_1_768_1152.dat.sz.tmp
compression ratio = 1.032243
decompression time = 0.040173 seconds.
decompressed file = ../../../../CESM-CLIMATE-65G/4/log_normalized/SZ3_1e-7/CLDHGH_1_768_1152.dat.SZ3.out
  ✓ Compression successful (ratio: 1.00x)

[5/90] Processing: CLDLOW_1_768_1152.dat
compression ratio = 1.07 
compression time = 0.105951
compressed data file = ../../../../CESM-CLIMATE-65G/4/log_normalized/CLDLOW_1_768_1152.dat.sz.tmp
compression ratio = 1.073391
decompression time = 0.040326 seconds.
decompressed file = ../../../../CESM-CLIMATE-65G/4/log_normalized/SZ3_1e-7/CLDLOW_1_768_1152.dat.SZ3.out
  ✓ Compression successful (ratio: 1.00x)

[6/90] Processing: CLDMED_1_768_1152.dat
compression ratio = 1.06 
compression time = 0.113452
compressed data file = ../../../../CESM-CLIMATE-65G/4/log_normalized/CLDMED_1_768_1152.dat.sz.tmp
compression ratio = 1.061357
decompression time = 0.041865 seconds.
decompressed file = ../../../../CESM-CLIMATE-65G/4/log_normalized/SZ3_1e-7/CLDMED_1_768_1152.dat.SZ3.out
  ✓ Compression successful (ratio: 1.00x)

[7/90] Processing: CLDTOT_1_768_1152.dat
compression ratio = 1.03 
compression time = 0.100709
compressed data file = ../../../../CESM-CLIMATE-65G/4/log_normalized/CLDTOT_1_768_1152.dat.sz.tmp
compression ratio = 1.034928
decompression time = 0.037308 seconds.
decompressed file = ../../../../CESM-CLIMATE-65G/4/log_normalized/SZ3_1e-7/CLDTOT_1_768_1152.dat.SZ3.out
  ✓ Compression successful (ratio: 1.00x)

[8/90] Processing: FLDS_1_768_1152.dat
compression ratio = 1.36 
compression time = 0.108308
compressed data file = ../../../../CESM-CLIMATE-65G/4/log_normalized/FLDS_1_768_1152.dat.sz.tmp
compression ratio = 1.360441
decompression time = 0.064328 seconds.
decompressed file = ../../../../CESM-CLIMATE-65G/4/log_normalized/SZ3_1e-7/FLDS_1_768_1152.dat.SZ3.out
  ✓ Compression successful (ratio: 1.00x)

[9/90] Processing: FLDSC_1_768_1152.dat
compression ratio = 1.42 
compression time = 0.101447
compressed data file = ../../../../CESM-CLIMATE-65G/4/log_normalized/FLDSC_1_768_1152.dat.sz.tmp
compression ratio = 1.420342
decompression time = 0.054643 seconds.
decompressed file = ../../../../CESM-CLIMATE-65G/4/log_normalized/SZ3_1e-7/FLDSC_1_768_1152.dat.SZ3.out
  ✓ Compression successful (ratio: 1.00x)

[10/90] Processing: FLNS_1_768_1152.dat
compression ratio = 1.13 
compression time = 0.107313
compressed data file = ../../../../CESM-CLIMATE-65G/4/log_normalized/FLNS_1_768_1152.dat.sz.tmp
compression ratio = 1.128217
decompression time = 0.044596 seconds.
decompressed file = ../../../../CESM-CLIMATE-65G/4/log_normalized/SZ3_1e-7/FLNS_1_768_1152.dat.SZ3.out
  ✓ Compression successful (ratio: 1.00x)

[11/90] Processing: FLNSC_1_768_1152.dat
compression ratio = 1.14 
compression time = 0.106924
compressed data file = ../../../../CESM-CLIMATE-65G/4/log_normalized/FLNSC_1_768_1152.dat.sz.tmp
compression ratio = 1.140609
decompression time = 0.047305 seconds.
decompressed file = ../../../../CESM-CLIMATE-65G/4/log_normalized/SZ3_1e-7/FLNSC_1_768_1152.dat.SZ3.out
  ✓ Compression successful (ratio: 1.00x)

[12/90] Processing: FLNT_1_768_1152.dat
compression ratio = 1.17 
compression time = 0.112217
compressed data file = ../../../../CESM-CLIMATE-65G/4/log_normalized/FLNT_1_768_1152.dat.sz.tmp
compression ratio = 1.168608
decompression time = 0.055267 seconds.
decompressed file = ../../../../CESM-CLIMATE-65G/4/log_normalized/SZ3_1e-7/FLNT_1_768_1152.dat.SZ3.out
  ✓ Compression successful (ratio: 1.00x)

[13/90] Processing: FLNTC_1_768_1152.dat
compression ratio = 1.41 
compression time = 0.104136
compressed data file = ../../../../CESM-CLIMATE-65G/4/log_normalized/FLNTC_1_768_1152.dat.sz.tmp
compression ratio = 1.414388
decompression time = 0.058964 seconds.
decompressed file = ../../../../CESM-CLIMATE-65G/4/log_normalized/SZ3_1e-7/FLNTC_1_768_1152.dat.SZ3.out
  ✓ Compression successful (ratio: 1.00x)

[14/90] Processing: FLUT_1_768_1152.dat
compression ratio = 1.17 
compression time = 0.113714
compressed data file = ../../../../CESM-CLIMATE-65G/4/log_normalized/FLUT_1_768_1152.dat.sz.tmp
compression ratio = 1.168284
decompression time = 0.053030 seconds.
decompressed file = ../../../../CESM-CLIMATE-65G/4/log_normalized/SZ3_1e-7/FLUT_1_768_1152.dat.SZ3.out
  ✓ Compression successful (ratio: 1.00x)

[15/90] Processing: FLUTC_1_768_1152.dat
compression ratio = 1.41 
compression time = 0.107285
compressed data file = ../../../../CESM-CLIMATE-65G/4/log_normalized/FLUTC_1_768_1152.dat.sz.tmp
compression ratio = 1.414850
decompression time = 0.057611 seconds.
decompressed file = ../../../../CESM-CLIMATE-65G/4/log_normalized/SZ3_1e-7/FLUTC_1_768_1152.dat.SZ3.out
  ✓ Compression successful (ratio: 1.00x)

[16/90] Processing: FREQSH_1_768_1152.dat
compression ratio = 1.27 
compression time = 0.133828
compressed data file = ../../../../CESM-CLIMATE-65G/4/log_normalized/FREQSH_1_768_1152.dat.sz.tmp
compression ratio = 1.269137
decompression time = 0.036075 seconds.
decompressed file = ../../../../CESM-CLIMATE-65G/4/log_normalized/SZ3_1e-7/FREQSH_1_768_1152.dat.SZ3.out
  ✓ Compression successful (ratio: 1.00x)

[17/90] Processing: FREQZM_1_768_1152.dat
compression ratio = 1.66 
compression time = 0.102206
compressed data file = ../../../../CESM-CLIMATE-65G/4/log_normalized/FREQZM_1_768_1152.dat.sz.tmp
compression ratio = 1.655407
decompression time = 0.033793 seconds.
decompressed file = ../../../../CESM-CLIMATE-65G/4/log_normalized/SZ3_1e-7/FREQZM_1_768_1152.dat.SZ3.out
  ✓ Compression successful (ratio: 1.00x)

[18/90] Processing: FSDS_1_768_1152.dat
compression ratio = 1.14 
compression time = 0.107637
compressed data file = ../../../../CESM-CLIMATE-65G/4/log_normalized/FSDS_1_768_1152.dat.sz.tmp
compression ratio = 1.143222
decompression time = 0.048470 seconds.
decompressed file = ../../../../CESM-CLIMATE-65G/4/log_normalized/SZ3_1e-7/FSDS_1_768_1152.dat.SZ3.out
  ✓ Compression successful (ratio: 1.00x)

[19/90] Processing: FSDSC_1_768_1152.dat
compression ratio = 1.84 
compression time = 0.117171
compressed data file = ../../../../CESM-CLIMATE-65G/4/log_normalized/FSDSC_1_768_1152.dat.sz.tmp
compression ratio = 1.836665
decompression time = 0.094797 seconds.
decompressed file = ../../../../CESM-CLIMATE-65G/4/log_normalized/SZ3_1e-7/FSDSC_1_768_1152.dat.SZ3.out
  ✓ Compression successful (ratio: 1.00x)

[20/90] Processing: FSDTOA_1_768_1152.dat
compression ratio = 3.67 
compression time = 0.083345
compressed data file = ../../../../CESM-CLIMATE-65G/4/log_normalized/FSDTOA_1_768_1152.dat.sz.tmp
compression ratio = 3.668322
decompression time = 0.058369 seconds.
decompressed file = ../../../../CESM-CLIMATE-65G/4/log_normalized/SZ3_1e-7/FSDTOA_1_768_1152.dat.SZ3.out
  ✓ Compression successful (ratio: 1.00x)

[21/90] Processing: FSNS_1_768_1152.dat
compression ratio = 1.13 
compression time = 0.116556
compressed data file = ../../../../CESM-CLIMATE-65G/4/log_normalized/FSNS_1_768_1152.dat.sz.tmp
compression ratio = 1.127708
decompression time = 0.048659 seconds.
decompressed file = ../../../../CESM-CLIMATE-65G/4/log_normalized/SZ3_1e-7/FSNS_1_768_1152.dat.SZ3.out
  ✓ Compression successful (ratio: 1.00x)

[22/90] Processing: FSNSC_1_768_1152.dat
compression ratio = 1.38 
compression time = 0.108540
compressed data file = ../../../../CESM-CLIMATE-65G/4/log_normalized/FSNSC_1_768_1152.dat.sz.tmp
compression ratio = 1.380060
decompression time = 0.061245 seconds.
decompressed file = ../../../../CESM-CLIMATE-65G/4/log_normalized/SZ3_1e-7/FSNSC_1_768_1152.dat.SZ3.out
  ✓ Compression successful (ratio: 1.00x)

[23/90] Processing: FSNT_1_768_1152.dat
compression ratio = 1.16 
compression time = 0.107990
compressed data file = ../../../../CESM-CLIMATE-65G/4/log_normalized/FSNT_1_768_1152.dat.sz.tmp
compression ratio = 1.164584
decompression time = 0.055256 seconds.
decompressed file = ../../../../CESM-CLIMATE-65G/4/log_normalized/SZ3_1e-7/FSNT_1_768_1152.dat.SZ3.out
  ✓ Compression successful (ratio: 1.00x)

[24/90] Processing: FSNTC_1_768_1152.dat
compression ratio = 1.45 
compression time = 0.113499
compressed data file = ../../../../CESM-CLIMATE-65G/4/log_normalized/FSNTC_1_768_1152.dat.sz.tmp
compression ratio = 1.451667
decompression time = 0.061174 seconds.
decompressed file = ../../../../CESM-CLIMATE-65G/4/log_normalized/SZ3_1e-7/FSNTC_1_768_1152.dat.SZ3.out
  ✓ Compression successful (ratio: 1.00x)

[25/90] Processing: FSNTOA_1_768_1152.dat
compression ratio = 1.17 
compression time = 0.112869
compressed data file = ../../../../CESM-CLIMATE-65G/4/log_normalized/FSNTOA_1_768_1152.dat.sz.tmp
compression ratio = 1.165383
decompression time = 0.057003 seconds.
decompressed file = ../../../../CESM-CLIMATE-65G/4/log_normalized/SZ3_1e-7/FSNTOA_1_768_1152.dat.SZ3.out
  ✓ Compression successful (ratio: 1.00x)

[26/90] Processing: FSNTOAC_1_768_1152.dat
compression ratio = 1.45 
compression time = 0.102726
compressed data file = ../../../../CESM-CLIMATE-65G/4/log_normalized/FSNTOAC_1_768_1152.dat.sz.tmp
compression ratio = 1.452747
decompression time = 0.059489 seconds.
decompressed file = ../../../../CESM-CLIMATE-65G/4/log_normalized/SZ3_1e-7/FSNTOAC_1_768_1152.dat.SZ3.out
  ✓ Compression successful (ratio: 1.00x)

[27/90] Processing: FSUTOA_1_768_1152.dat
compression ratio = 1.14 
compression time = 0.111553
compressed data file = ../../../../CESM-CLIMATE-65G/4/log_normalized/FSUTOA_1_768_1152.dat.sz.tmp
compression ratio = 1.135011
decompression time = 0.055034 seconds.
decompressed file = ../../../../CESM-CLIMATE-65G/4/log_normalized/SZ3_1e-7/FSUTOA_1_768_1152.dat.SZ3.out
  ✓ Compression successful (ratio: 1.00x)

[28/90] Processing: ICEFRAC_1_768_1152.dat
compression ratio = 7.44 
compression time = 0.053459
compressed data file = ../../../../CESM-CLIMATE-65G/4/log_normalized/ICEFRAC_1_768_1152.dat.sz.tmp
compression ratio = 7.438132
decompression time = 0.012016 seconds.
decompressed file = ../../../../CESM-CLIMATE-65G/4/log_normalized/SZ3_1e-7/ICEFRAC_1_768_1152.dat.SZ3.out
  ✓ Compression successful (ratio: 1.00x)

[29/90] Processing: LANDFRAC_1_768_1152.dat
compression ratio = 35.46 
compression time = 0.066981
compressed data file = ../../../../CESM-CLIMATE-65G/4/log_normalized/LANDFRAC_1_768_1152.dat.sz.tmp
compression ratio = 35.461071
decompression time = 0.037643 seconds.
decompressed file = ../../../../CESM-CLIMATE-65G/4/log_normalized/SZ3_1e-7/LANDFRAC_1_768_1152.dat.SZ3.out
  ✓ Compression successful (ratio: 1.00x)

[30/90] Processing: LHFLX_1_768_1152.dat
compression ratio = 1.21 
compression time = 0.119544
compressed data file = ../../../../CESM-CLIMATE-65G/4/log_normalized/LHFLX_1_768_1152.dat.sz.tmp
compression ratio = 1.213684
decompression time = 0.044273 seconds.
decompressed file = ../../../../CESM-CLIMATE-65G/4/log_normalized/SZ3_1e-7/LHFLX_1_768_1152.dat.SZ3.out
  ✓ Compression successful (ratio: 1.00x)

[31/90] Processing: LWCF_1_768_1152.dat
compression ratio = 1.09 
compression time = 0.108267
compressed data file = ../../../../CESM-CLIMATE-65G/4/log_normalized/LWCF_1_768_1152.dat.sz.tmp
compression ratio = 1.093526
decompression time = 0.042035 seconds.
decompressed file = ../../../../CESM-CLIMATE-65G/4/log_normalized/SZ3_1e-7/LWCF_1_768_1152.dat.SZ3.out
  ✓ Compression successful (ratio: 1.00x)

[32/90] Processing: MSKtem_1_768_1152.dat
compression ratio = 2.00 
compression time = 0.091976
compressed data file = ../../../../CESM-CLIMATE-65G/4/log_normalized/MSKtem_1_768_1152.dat.sz.tmp
compression ratio = 1.999563
decompression time = 0.031955 seconds.
decompressed file = ../../../../CESM-CLIMATE-65G/4/log_normalized/SZ3_1e-7/MSKtem_1_768_1152.dat.SZ3.out
  ✓ Compression successful (ratio: 1.00x)

[33/90] Processing: OCNFRAC_1_768_1152.dat
compression ratio = 5.75 
compression time = 0.055242
compressed data file = ../../../../CESM-CLIMATE-65G/4/log_normalized/OCNFRAC_1_768_1152.dat.sz.tmp
compression ratio = 5.748202
decompression time = 0.013954 seconds.
decompressed file = ../../../../CESM-CLIMATE-65G/4/log_normalized/SZ3_1e-7/OCNFRAC_1_768_1152.dat.SZ3.out
  ✓ Compression successful (ratio: 1.00x)

[34/90] Processing: ODV_bcar1_1_768_1152.dat
compression ratio = 2.31 
compression time = 0.080305
compressed data file = ../../../../CESM-CLIMATE-65G/4/log_normalized/ODV_bcar1_1_768_1152.dat.sz.tmp
compression ratio = 2.308021
decompression time = 0.035170 seconds.
decompressed file = ../../../../CESM-CLIMATE-65G/4/log_normalized/SZ3_1e-7/ODV_bcar1_1_768_1152.dat.SZ3.out
  ✓ Compression successful (ratio: 1.00x)

[35/90] Processing: ODV_bcar2_1_768_1152.dat
compression ratio = 1.95 
compression time = 0.091120
compressed data file = ../../../../CESM-CLIMATE-65G/4/log_normalized/ODV_bcar2_1_768_1152.dat.sz.tmp
compression ratio = 1.954619
decompression time = 0.037291 seconds.
decompressed file = ../../../../CESM-CLIMATE-65G/4/log_normalized/SZ3_1e-7/ODV_bcar2_1_768_1152.dat.SZ3.out
  ✓ Compression successful (ratio: 1.00x)

[36/90] Processing: ODV_dust1_1_768_1152.dat
compression ratio = 2.06 
compression time = 0.071499
compressed data file = ../../../../CESM-CLIMATE-65G/4/log_normalized/ODV_dust1_1_768_1152.dat.sz.tmp
compression ratio = 2.056368
decompression time = 0.040139 seconds.
decompressed file = ../../../../CESM-CLIMATE-65G/4/log_normalized/SZ3_1e-7/ODV_dust1_1_768_1152.dat.SZ3.out
  ✓ Compression successful (ratio: 1.00x)

[37/90] Processing: ODV_dust2_1_768_1152.dat
compression ratio = 2.07 
compression time = 0.087164
compressed data file = ../../../../CESM-CLIMATE-65G/4/log_normalized/ODV_dust2_1_768_1152.dat.sz.tmp
compression ratio = 2.071786
decompression time = 0.045484 seconds.
decompressed file = ../../../../CESM-CLIMATE-65G/4/log_normalized/SZ3_1e-7/ODV_dust2_1_768_1152.dat.SZ3.out
  ✓ Compression successful (ratio: 1.00x)

[38/90] Processing: ODV_dust3_1_768_1152.dat
compression ratio = 2.16 
compression time = 0.075669
compressed data file = ../../../../CESM-CLIMATE-65G/4/log_normalized/ODV_dust3_1_768_1152.dat.sz.tmp
compression ratio = 2.164461
decompression time = 0.041948 seconds.
decompressed file = ../../../../CESM-CLIMATE-65G/4/log_normalized/SZ3_1e-7/ODV_dust3_1_768_1152.dat.SZ3.out
  ✓ Compression successful (ratio: 1.00x)

[39/90] Processing: ODV_dust4_1_768_1152.dat
compression ratio = 2.32 
compression time = 0.084228
compressed data file = ../../../../CESM-CLIMATE-65G/4/log_normalized/ODV_dust4_1_768_1152.dat.sz.tmp
compression ratio = 2.324912
decompression time = 0.041205 seconds.
decompressed file = ../../../../CESM-CLIMATE-65G/4/log_normalized/SZ3_1e-7/ODV_dust4_1_768_1152.dat.SZ3.out
  ✓ Compression successful (ratio: 1.00x)

[40/90] Processing: ODV_ocar1_1_768_1152.dat
compression ratio = 2.55 
compression time = 0.115149
compressed data file = ../../../../CESM-CLIMATE-65G/4/log_normalized/ODV_ocar1_1_768_1152.dat.sz.tmp
compression ratio = 2.554683
decompression time = 0.081567 seconds.
decompressed file = ../../../../CESM-CLIMATE-65G/4/log_normalized/SZ3_1e-7/ODV_ocar1_1_768_1152.dat.SZ3.out
  ✓ Compression successful (ratio: 1.00x)

[41/90] Processing: ODV_ocar2_1_768_1152.dat
compression ratio = 1.66 
compression time = 0.096474
compressed data file = ../../../../CESM-CLIMATE-65G/4/log_normalized/ODV_ocar2_1_768_1152.dat.sz.tmp
compression ratio = 1.658851
decompression time = 0.054342 seconds.
decompressed file = ../../../../CESM-CLIMATE-65G/4/log_normalized/SZ3_1e-7/ODV_ocar2_1_768_1152.dat.SZ3.out
  ✓ Compression successful (ratio: 1.00x)

[42/90] Processing: ODV_SSLTA_1_768_1152.dat
compression ratio = 1.10 
compression time = 0.115419
compressed data file = ../../../../CESM-CLIMATE-65G/4/log_normalized/ODV_SSLTA_1_768_1152.dat.sz.tmp
compression ratio = 1.104520
decompression time = 0.043424 seconds.
decompressed file = ../../../../CESM-CLIMATE-65G/4/log_normalized/SZ3_1e-7/ODV_SSLTA_1_768_1152.dat.SZ3.out
  ✓ Compression successful (ratio: 1.00x)

[43/90] Processing: ODV_SSLTC_1_768_1152.dat
compression ratio = 1.11 
compression time = 0.118487
compressed data file = ../../../../CESM-CLIMATE-65G/4/log_normalized/ODV_SSLTC_1_768_1152.dat.sz.tmp
compression ratio = 1.110421
decompression time = 0.042337 seconds.
decompressed file = ../../../../CESM-CLIMATE-65G/4/log_normalized/SZ3_1e-7/ODV_SSLTC_1_768_1152.dat.SZ3.out
  ✓ Compression successful (ratio: 1.00x)

[44/90] Processing: ODV_sulf_1_768_1152.dat
compression ratio = 1.36 
compression time = 0.109990
compressed data file = ../../../../CESM-CLIMATE-65G/4/log_normalized/ODV_sulf_1_768_1152.dat.sz.tmp
compression ratio = 1.364115
decompression time = 0.072136 seconds.
decompressed file = ../../../../CESM-CLIMATE-65G/4/log_normalized/SZ3_1e-7/ODV_sulf_1_768_1152.dat.SZ3.out
  ✓ Compression successful (ratio: 1.00x)

[45/90] Processing: ODV_VOLC_MMR_1_768_1152.dat
compression ratio = 7.03 
compression time = 0.070915
compressed data file = ../../../../CESM-CLIMATE-65G/4/log_normalized/ODV_VOLC_MMR_1_768_1152.dat.sz.tmp
compression ratio = 7.028478
decompression time = 0.046248 seconds.
decompressed file = ../../../../CESM-CLIMATE-65G/4/log_normalized/SZ3_1e-7/ODV_VOLC_MMR_1_768_1152.dat.SZ3.out
  ✓ Compression successful (ratio: 1.00x)

[46/90] Processing: PBLH_1_768_1152.dat
compression ratio = 1.13 
compression time = 0.109017
compressed data file = ../../../../CESM-CLIMATE-65G/4/log_normalized/PBLH_1_768_1152.dat.sz.tmp
compression ratio = 1.131763
decompression time = 0.054122 seconds.
decompressed file = ../../../../CESM-CLIMATE-65G/4/log_normalized/SZ3_1e-7/PBLH_1_768_1152.dat.SZ3.out
  ✓ Compression successful (ratio: 1.00x)

[47/90] Processing: PCONVB_1_768_1152.dat
compression ratio = 1.64 
compression time = 0.104699
compressed data file = ../../../../CESM-CLIMATE-65G/4/log_normalized/PCONVB_1_768_1152.dat.sz.tmp
compression ratio = 1.639928
decompression time = 0.054713 seconds.
decompressed file = ../../../../CESM-CLIMATE-65G/4/log_normalized/SZ3_1e-7/PCONVB_1_768_1152.dat.SZ3.out
  ✓ Compression successful (ratio: 1.00x)

[48/90] Processing: PCONVT_1_768_1152.dat
compression ratio = 1.47 
compression time = 0.115091
compressed data file = ../../../../CESM-CLIMATE-65G/4/log_normalized/PCONVT_1_768_1152.dat.sz.tmp
compression ratio = 1.468380
decompression time = 0.058747 seconds.
decompressed file = ../../../../CESM-CLIMATE-65G/4/log_normalized/SZ3_1e-7/PCONVT_1_768_1152.dat.SZ3.out
  ✓ Compression successful (ratio: 1.00x)

[49/90] Processing: PHIS_1_768_1152.dat
compression ratio = 2.29 
compression time = 0.087421
compressed data file = ../../../../CESM-CLIMATE-65G/4/log_normalized/PHIS_1_768_1152.dat.sz.tmp
compression ratio = 2.293179
decompression time = 0.024872 seconds.
decompressed file = ../../../../CESM-CLIMATE-65G/4/log_normalized/SZ3_1e-7/PHIS_1_768_1152.dat.SZ3.out
  ✓ Compression successful (ratio: 1.00x)

[50/90] Processing: PRECC_1_768_1152.dat
compression ratio = 190.57 
compression time = 0.022980
compressed data file = ../../../../CESM-CLIMATE-65G/4/log_normalized/PRECC_1_768_1152.dat.sz.tmp
compression ratio = 190.573183
decompression time = 0.007618 seconds.
decompressed file = ../../../../CESM-CLIMATE-65G/4/log_normalized/SZ3_1e-7/PRECC_1_768_1152.dat.SZ3.out
  ✓ Compression successful (ratio: 1.00x)

[51/90] Processing: PRECCDZM_1_768_1152.dat
compression ratio = 234.24 
compression time = 0.020939
compressed data file = ../../../../CESM-CLIMATE-65G/4/log_normalized/PRECCDZM_1_768_1152.dat.sz.tmp
compression ratio = 234.243050
decompression time = 0.006655 seconds.
decompressed file = ../../../../CESM-CLIMATE-65G/4/log_normalized/SZ3_1e-7/PRECCDZM_1_768_1152.dat.SZ3.out
  ✓ Compression successful (ratio: 1.00x)

[52/90] Processing: PRECL_1_768_1152.dat
compression ratio = 112.81 
compression time = 0.068607
compressed data file = ../../../../CESM-CLIMATE-65G/4/log_normalized/PRECL_1_768_1152.dat.sz.tmp
compression ratio = 112.813006
decompression time = 0.038155 seconds.
decompressed file = ../../../../CESM-CLIMATE-65G/4/log_normalized/SZ3_1e-7/PRECL_1_768_1152.dat.SZ3.out
  ✓ Compression successful (ratio: 1.00x)

[53/90] Processing: PRECSC_1_768_1152.dat
compression ratio = 25831.71 
compression time = 0.021128
compressed data file = ../../../../CESM-CLIMATE-65G/4/log_normalized/PRECSC_1_768_1152.dat.sz.tmp
compression ratio = 25831.708029
decompression time = 0.004861 seconds.
decompressed file = ../../../../CESM-CLIMATE-65G/4/log_normalized/SZ3_1e-7/PRECSC_1_768_1152.dat.SZ3.out
  ✓ Compression successful (ratio: 1.00x)

[54/90] Processing: PRECSH_1_768_1152.dat
compression ratio = 17263.14 
compression time = 0.021609
compressed data file = ../../../../CESM-CLIMATE-65G/4/log_normalized/PRECSH_1_768_1152.dat.sz.tmp
compression ratio = 17263.141463
decompression time = 0.006669 seconds.
decompressed file = ../../../../CESM-CLIMATE-65G/4/log_normalized/SZ3_1e-7/PRECSH_1_768_1152.dat.SZ3.out
  ✓ Compression successful (ratio: 1.00x)

[55/90] Processing: PRECSL_1_768_1152.dat
compression ratio = 2264.20 
compression time = 0.020817
compressed data file = ../../../../CESM-CLIMATE-65G/4/log_normalized/PRECSL_1_768_1152.dat.sz.tmp
compression ratio = 2264.199616
decompression time = 0.007177 seconds.
decompressed file = ../../../../CESM-CLIMATE-65G/4/log_normalized/SZ3_1e-7/PRECSL_1_768_1152.dat.SZ3.out
  ✓ Compression successful (ratio: 1.00x)

[56/90] Processing: PRECT_1_768_1152.dat
compression ratio = 59.64 
compression time = 0.064925
compressed data file = ../../../../CESM-CLIMATE-65G/4/log_normalized/PRECT_1_768_1152.dat.sz.tmp
compression ratio = 59.644453
decompression time = 0.039562 seconds.
decompressed file = ../../../../CESM-CLIMATE-65G/4/log_normalized/SZ3_1e-7/PRECT_1_768_1152.dat.SZ3.out
  ✓ Compression successful (ratio: 1.00x)

[57/90] Processing: PS_1_768_1152.dat
compression ratio = 1.78 
compression time = 0.103140
compressed data file = ../../../../CESM-CLIMATE-65G/4/log_normalized/PS_1_768_1152.dat.sz.tmp
compression ratio = 1.776797
decompression time = 0.049148 seconds.
decompressed file = ../../../../CESM-CLIMATE-65G/4/log_normalized/SZ3_1e-7/PS_1_768_1152.dat.SZ3.out
  ✓ Compression successful (ratio: 1.00x)

[58/90] Processing: PSL_1_768_1152.dat
compression ratio = 1.55 
compression time = 0.102303
compressed data file = ../../../../CESM-CLIMATE-65G/4/log_normalized/PSL_1_768_1152.dat.sz.tmp
compression ratio = 1.547871
decompression time = 0.047804 seconds.
decompressed file = ../../../../CESM-CLIMATE-65G/4/log_normalized/SZ3_1e-7/PSL_1_768_1152.dat.SZ3.out
  ✓ Compression successful (ratio: 1.00x)

[59/90] Processing: QFLX_1_768_1152.dat
compression ratio = 3.75 
compression time = 0.082839
compressed data file = ../../../../CESM-CLIMATE-65G/4/log_normalized/QFLX_1_768_1152.dat.sz.tmp
compression ratio = 3.749668
decompression time = 0.052731 seconds.
decompressed file = ../../../../CESM-CLIMATE-65G/4/log_normalized/SZ3_1e-7/QFLX_1_768_1152.dat.SZ3.out
  ✓ Compression successful (ratio: 1.00x)

[60/90] Processing: QREFHT_1_768_1152.dat
compression ratio = 1.30 
compression time = 0.120454
compressed data file = ../../../../CESM-CLIMATE-65G/4/log_normalized/QREFHT_1_768_1152.dat.sz.tmp
compression ratio = 1.304719
decompression time = 0.044468 seconds.
decompressed file = ../../../../CESM-CLIMATE-65G/4/log_normalized/SZ3_1e-7/QREFHT_1_768_1152.dat.SZ3.out
  ✓ Compression successful (ratio: 1.00x)

[61/90] Processing: RHREFHT_1_768_1152.dat
compression ratio = 1.33 
compression time = 0.116715
compressed data file = ../../../../CESM-CLIMATE-65G/4/log_normalized/RHREFHT_1_768_1152.dat.sz.tmp
compression ratio = 1.327468
decompression time = 0.064217 seconds.
decompressed file = ../../../../CESM-CLIMATE-65G/4/log_normalized/SZ3_1e-7/RHREFHT_1_768_1152.dat.SZ3.out
  ✓ Compression successful (ratio: 1.00x)

[62/90] Processing: SFCLDICE_1_768_1152.dat
compression ratio = 25831.71 
compression time = 0.018597
compressed data file = ../../../../CESM-CLIMATE-65G/4/log_normalized/SFCLDICE_1_768_1152.dat.sz.tmp
compression ratio = 25831.708029
decompression time = 0.004238 seconds.
decompressed file = ../../../../CESM-CLIMATE-65G/4/log_normalized/SZ3_1e-7/SFCLDICE_1_768_1152.dat.SZ3.out
  ✓ Compression successful (ratio: 1.00x)

[63/90] Processing: SFCLDLIQ_1_768_1152.dat
compression ratio = 25831.71 
compression time = 0.020562
compressed data file = ../../../../CESM-CLIMATE-65G/4/log_normalized/SFCLDLIQ_1_768_1152.dat.sz.tmp
compression ratio = 25831.708029
decompression time = 0.005729 seconds.
decompressed file = ../../../../CESM-CLIMATE-65G/4/log_normalized/SZ3_1e-7/SFCLDLIQ_1_768_1152.dat.SZ3.out
  ✓ Compression successful (ratio: 1.00x)

[64/90] Processing: SHFLX_1_768_1152.dat
compression ratio = 1.27 
compression time = 0.125441
compressed data file = ../../../../CESM-CLIMATE-65G/4/log_normalized/SHFLX_1_768_1152.dat.sz.tmp
compression ratio = 1.265892
decompression time = 0.053454 seconds.
decompressed file = ../../../../CESM-CLIMATE-65G/4/log_normalized/SZ3_1e-7/SHFLX_1_768_1152.dat.SZ3.out
  ✓ Compression successful (ratio: 1.00x)

[65/90] Processing: SNOWHICE_1_768_1152.dat
compression ratio = 6.65 
compression time = 0.089149
compressed data file = ../../../../CESM-CLIMATE-65G/4/log_normalized/SNOWHICE_1_768_1152.dat.sz.tmp
compression ratio = 6.648614
decompression time = 0.048824 seconds.
decompressed file = ../../../../CESM-CLIMATE-65G/4/log_normalized/SZ3_1e-7/SNOWHICE_1_768_1152.dat.SZ3.out
  ✓ Compression successful (ratio: 1.00x)

[66/90] Processing: SNOWHLND_1_768_1152.dat
compression ratio = 6.94 
compression time = 0.046272
compressed data file = ../../../../CESM-CLIMATE-65G/4/log_normalized/SNOWHLND_1_768_1152.dat.sz.tmp
compression ratio = 6.939133
decompression time = 0.018379 seconds.
decompressed file = ../../../../CESM-CLIMATE-65G/4/log_normalized/SZ3_1e-7/SNOWHLND_1_768_1152.dat.SZ3.out
  ✓ Compression successful (ratio: 1.00x)

[67/90] Processing: SOLIN_1_768_1152.dat
compression ratio = 3.67 
compression time = 0.084002
compressed data file = ../../../../CESM-CLIMATE-65G/4/log_normalized/SOLIN_1_768_1152.dat.sz.tmp
compression ratio = 3.668322
decompression time = 0.058254 seconds.
decompressed file = ../../../../CESM-CLIMATE-65G/4/log_normalized/SZ3_1e-7/SOLIN_1_768_1152.dat.SZ3.out
  ✓ Compression successful (ratio: 1.00x)

[68/90] Processing: SRFRAD_1_768_1152.dat
compression ratio = 1.34 
compression time = 0.110607
compressed data file = ../../../../CESM-CLIMATE-65G/4/log_normalized/SRFRAD_1_768_1152.dat.sz.tmp
compression ratio = 1.339234
decompression time = 0.068746 seconds.
decompressed file = ../../../../CESM-CLIMATE-65G/4/log_normalized/SZ3_1e-7/SRFRAD_1_768_1152.dat.SZ3.out
  ✓ Compression successful (ratio: 1.00x)

[69/90] Processing: SWCF_1_768_1152.dat
compression ratio = 1.39 
compression time = 0.141047
compressed data file = ../../../../CESM-CLIMATE-65G/4/log_normalized/SWCF_1_768_1152.dat.sz.tmp
compression ratio = 1.389096
decompression time = 0.106377 seconds.
decompressed file = ../../../../CESM-CLIMATE-65G/4/log_normalized/SZ3_1e-7/SWCF_1_768_1152.dat.SZ3.out
  ✓ Compression successful (ratio: 1.00x)

[70/90] Processing: TAUX_1_768_1152.dat
compression ratio = 1.39 
compression time = 0.121871
compressed data file = ../../../../CESM-CLIMATE-65G/4/log_normalized/TAUX_1_768_1152.dat.sz.tmp
compression ratio = 1.390833
decompression time = 0.062245 seconds.
decompressed file = ../../../../CESM-CLIMATE-65G/4/log_normalized/SZ3_1e-7/TAUX_1_768_1152.dat.SZ3.out
  ✓ Compression successful (ratio: 1.00x)

[71/90] Processing: TAUY_1_768_1152.dat
compression ratio = 1.29 
compression time = 0.128511
compressed data file = ../../../../CESM-CLIMATE-65G/4/log_normalized/TAUY_1_768_1152.dat.sz.tmp
compression ratio = 1.287451
decompression time = 0.049408 seconds.
decompressed file = ../../../../CESM-CLIMATE-65G/4/log_normalized/SZ3_1e-7/TAUY_1_768_1152.dat.SZ3.out
  ✓ Compression successful (ratio: 1.00x)

[72/90] Processing: TGCLDIWP_1_768_1152.dat
compression ratio = 1.08 
compression time = 0.101002
compressed data file = ../../../../CESM-CLIMATE-65G/4/log_normalized/TGCLDIWP_1_768_1152.dat.sz.tmp
compression ratio = 1.079122
decompression time = 0.040853 seconds.
decompressed file = ../../../../CESM-CLIMATE-65G/4/log_normalized/SZ3_1e-7/TGCLDIWP_1_768_1152.dat.SZ3.out
  ✓ Compression successful (ratio: 1.00x)

[73/90] Processing: TGCLDLWP_1_768_1152.dat
compression ratio = 1.09 
compression time = 0.114049
compressed data file = ../../../../CESM-CLIMATE-65G/4/log_normalized/TGCLDLWP_1_768_1152.dat.sz.tmp
compression ratio = 1.089852
decompression time = 0.043663 seconds.
decompressed file = ../../../../CESM-CLIMATE-65G/4/log_normalized/SZ3_1e-7/TGCLDLWP_1_768_1152.dat.SZ3.out
  ✓ Compression successful (ratio: 1.00x)

[74/90] Processing: TH2d_1_768_1152.dat
compression ratio = 45.04 
compression time = 0.024936
compressed data file = ../../../../CESM-CLIMATE-65G/4/log_normalized/TH2d_1_768_1152.dat.sz.tmp
compression ratio = 45.039058
decompression time = 0.008068 seconds.
decompressed file = ../../../../CESM-CLIMATE-65G/4/log_normalized/SZ3_1e-7/TH2d_1_768_1152.dat.SZ3.out
  ✓ Compression successful (ratio: 1.00x)

[75/90] Processing: TMQ_1_768_1152.dat
compression ratio = 1.39 
compression time = 0.103620
compressed data file = ../../../../CESM-CLIMATE-65G/4/log_normalized/TMQ_1_768_1152.dat.sz.tmp
compression ratio = 1.386139
decompression time = 0.051228 seconds.
decompressed file = ../../../../CESM-CLIMATE-65G/4/log_normalized/SZ3_1e-7/TMQ_1_768_1152.dat.SZ3.out
  ✓ Compression successful (ratio: 1.00x)

[76/90] Processing: TREFHT_1_768_1152.dat
compression ratio = 1.43 
compression time = 0.107982
compressed data file = ../../../../CESM-CLIMATE-65G/4/log_normalized/TREFHT_1_768_1152.dat.sz.tmp
compression ratio = 1.432148
decompression time = 0.058834 seconds.
decompressed file = ../../../../CESM-CLIMATE-65G/4/log_normalized/SZ3_1e-7/TREFHT_1_768_1152.dat.SZ3.out
  ✓ Compression successful (ratio: 1.00x)

[77/90] Processing: TREFMNAV_1_768_1152.dat
compression ratio = 1.43 
compression time = 0.119829
compressed data file = ../../../../CESM-CLIMATE-65G/4/log_normalized/TREFMNAV_1_768_1152.dat.sz.tmp
compression ratio = 1.425581
decompression time = 0.058905 seconds.
decompressed file = ../../../../CESM-CLIMATE-65G/4/log_normalized/SZ3_1e-7/TREFMNAV_1_768_1152.dat.SZ3.out
  ✓ Compression successful (ratio: 1.00x)

[78/90] Processing: TREFMXAV_1_768_1152.dat
compression ratio = 1.43 
compression time = 0.113991
compressed data file = ../../../../CESM-CLIMATE-65G/4/log_normalized/TREFMXAV_1_768_1152.dat.sz.tmp
compression ratio = 1.433004
decompression time = 0.061440 seconds.
decompressed file = ../../../../CESM-CLIMATE-65G/4/log_normalized/SZ3_1e-7/TREFMXAV_1_768_1152.dat.SZ3.out
  ✓ Compression successful (ratio: 1.00x)

[79/90] Processing: TROP_P_1_768_1152.dat
compression ratio = 1.43 
compression time = 0.100677
compressed data file = ../../../../CESM-CLIMATE-65G/4/log_normalized/TROP_P_1_768_1152.dat.sz.tmp
compression ratio = 1.431669
decompression time = 0.050791 seconds.
decompressed file = ../../../../CESM-CLIMATE-65G/4/log_normalized/SZ3_1e-7/TROP_P_1_768_1152.dat.SZ3.out
  ✓ Compression successful (ratio: 1.00x)

[80/90] Processing: TROP_T_1_768_1152.dat
compression ratio = 1.21 
compression time = 0.099981
compressed data file = ../../../../CESM-CLIMATE-65G/4/log_normalized/TROP_T_1_768_1152.dat.sz.tmp
compression ratio = 1.206140
decompression time = 0.039182 seconds.
decompressed file = ../../../../CESM-CLIMATE-65G/4/log_normalized/SZ3_1e-7/TROP_T_1_768_1152.dat.SZ3.out
  ✓ Compression successful (ratio: 1.00x)

[81/90] Processing: TROP_Z_1_768_1152.dat
compression ratio = 1.49 
compression time = 0.098148
compressed data file = ../../../../CESM-CLIMATE-65G/4/log_normalized/TROP_Z_1_768_1152.dat.sz.tmp
compression ratio = 1.486869
decompression time = 0.053864 seconds.
decompressed file = ../../../../CESM-CLIMATE-65G/4/log_normalized/SZ3_1e-7/TROP_Z_1_768_1152.dat.SZ3.out
  ✓ Compression successful (ratio: 1.00x)

[82/90] Processing: TS_1_768_1152.dat
compression ratio = 1.44 
compression time = 0.109233
compressed data file = ../../../../CESM-CLIMATE-65G/4/log_normalized/TS_1_768_1152.dat.sz.tmp
compression ratio = 1.441648
decompression time = 0.061379 seconds.
decompressed file = ../../../../CESM-CLIMATE-65G/4/log_normalized/SZ3_1e-7/TS_1_768_1152.dat.SZ3.out
  ✓ Compression successful (ratio: 1.00x)

[83/90] Processing: TSMN_1_768_1152.dat
compression ratio = 1.27 
compression time = 0.132921
compressed data file = ../../../../CESM-CLIMATE-65G/4/log_normalized/TSMN_1_768_1152.dat.sz.tmp
compression ratio = 1.270292
decompression time = 0.052411 seconds.
decompressed file = ../../../../CESM-CLIMATE-65G/4/log_normalized/SZ3_1e-7/TSMN_1_768_1152.dat.SZ3.out
  ✓ Compression successful (ratio: 1.00x)

[84/90] Processing: TSMX_1_768_1152.dat
compression ratio = 1.40 
compression time = 0.129692
compressed data file = ../../../../CESM-CLIMATE-65G/4/log_normalized/TSMX_1_768_1152.dat.sz.tmp
compression ratio = 1.401485
decompression time = 0.062668 seconds.
decompressed file = ../../../../CESM-CLIMATE-65G/4/log_normalized/SZ3_1e-7/TSMX_1_768_1152.dat.SZ3.out
  ✓ Compression successful (ratio: 1.00x)

[85/90] Processing: U2d_1_768_1152.dat
compression ratio = 19.03 
compression time = 0.032060
compressed data file = ../../../../CESM-CLIMATE-65G/4/log_normalized/U2d_1_768_1152.dat.sz.tmp
compression ratio = 19.026069
decompression time = 0.008783 seconds.
decompressed file = ../../../../CESM-CLIMATE-65G/4/log_normalized/SZ3_1e-7/U2d_1_768_1152.dat.SZ3.out
  ✓ Compression successful (ratio: 1.00x)

[86/90] Processing: UV2d_1_768_1152.dat
compression ratio = 27.77 
compression time = 0.026326
compressed data file = ../../../../CESM-CLIMATE-65G/4/log_normalized/UV2d_1_768_1152.dat.sz.tmp
compression ratio = 27.770581
decompression time = 0.008708 seconds.
decompressed file = ../../../../CESM-CLIMATE-65G/4/log_normalized/SZ3_1e-7/UV2d_1_768_1152.dat.SZ3.out
  ✓ Compression successful (ratio: 1.00x)

[87/90] Processing: UW2d_1_768_1152.dat
compression ratio = 34.33 
compression time = 0.027139
compressed data file = ../../../../CESM-CLIMATE-65G/4/log_normalized/UW2d_1_768_1152.dat.sz.tmp
compression ratio = 34.331681
decompression time = 0.009083 seconds.
decompressed file = ../../../../CESM-CLIMATE-65G/4/log_normalized/SZ3_1e-7/UW2d_1_768_1152.dat.SZ3.out
  ✓ Compression successful (ratio: 1.00x)

[88/90] Processing: V2d_1_768_1152.dat
compression ratio = 22.81 
compression time = 0.029867
compressed data file = ../../../../CESM-CLIMATE-65G/4/log_normalized/V2d_1_768_1152.dat.sz.tmp
compression ratio = 22.810411
decompression time = 0.008919 seconds.
decompressed file = ../../../../CESM-CLIMATE-65G/4/log_normalized/SZ3_1e-7/V2d_1_768_1152.dat.SZ3.out
  ✓ Compression successful (ratio: 1.00x)

[89/90] Processing: VTH2d_1_768_1152.dat
compression ratio = 28.79 
compression time = 0.025739
compressed data file = ../../../../CESM-CLIMATE-65G/4/log_normalized/VTH2d_1_768_1152.dat.sz.tmp
compression ratio = 28.787115
decompression time = 0.007882 seconds.
decompressed file = ../../../../CESM-CLIMATE-65G/4/log_normalized/SZ3_1e-7/VTH2d_1_768_1152.dat.SZ3.out
  ✓ Compression successful (ratio: 1.00x)

[90/90] Processing: W2d_1_768_1152.dat
compression ratio = 64.26 
compression time = 0.023171
compressed data file = ../../../../CESM-CLIMATE-65G/4/log_normalized/W2d_1_768_1152.dat.sz.tmp
compression ratio = 64.260314
decompression time = 0.008327 seconds.
decompressed file = ../../../../CESM-CLIMATE-65G/4/log_normalized/SZ3_1e-7/W2d_1_768_1152.dat.SZ3.out
  ✓ Compression successful (ratio: 1.00x)

=== Summary ===
Total files processed: 90
Total files skipped: 0
Total files failed: 0

