Input directory: ../../CESM-LAND-MODELS/4/log_normalized/
Output directory: ../../CESM-LAND-MODELS/4/log_normalized/topoSZp_16_thread/
Dimensions: 192x288 (55296 elements)
Error bound: 1E-3
Block size: 16

Found 176 .dat file(s) to process

[1/176] Processing: ACTUAL_IMMOB_1_192_288.dat

compression time=0.001495, total fastmode1 topology
compression size = 53001, CR = 4.173204
done
decompression time=0.003454
done
Min=0, Max=1, range=1
Max absolute error = 0.0009999275
Max relative error = 0.001000
Max pw relative error = 0.001000
PSNR = 62.071960, NRMSE= 0.0007877746835362751986
acEff=1.000000
compressionRatio = 4.173204
  ✓ Compression and decompression successful (ratio: 4.17x)

[2/176] Processing: AGNPP_1_192_288.dat

compression time=0.001905, total fastmode1 topology
compression size = 53958, CR = 4.099188
done
decompression time=0.003228
done
Min=0, Max=1, range=1
Max absolute error = 0.0009999275
Max relative error = 0.001000
Max pw relative error = 0.001000
PSNR = 62.071970, NRMSE= 0.00078777371511307039791
acEff=1.000000
compressionRatio = 4.099188
  ✓ Compression and decompression successful (ratio: 4.09x)

[3/176] Processing: ANN_FAREA_BURNED_1_192_288.dat

compression time=0.001673, total fastmode1 topology
compression size = 54839, CR = 4.033334
done
decompression time=0.003375
done
Min=0, Max=1, range=1
Max absolute error = 0.0015493974
Max relative error = 0.001549
Max pw relative error = 0.001549
PSNR = 61.279283, NRMSE= 0.00086304983312697708484
acEff=1.000000
compressionRatio = 4.033334
  ✓ Compression and decompression successful (ratio: 4.03x)

[4/176] Processing: AR_1_192_288.dat

compression time=0.001553, total fastmode1 topology
compression size = 55426, CR = 3.990618
done
decompression time=0.003968
done
Min=0, Max=1, range=1
Max absolute error = 0.0009999275
Max relative error = 0.001000
Max pw relative error = 0.001000
PSNR = 62.071865, NRMSE= 0.00078778327059690980445
acEff=1.000000
compressionRatio = 3.990618
  ✓ Compression and decompression successful (ratio: 3.99x)

[5/176] Processing: area_192_288.dat

compression time=0.001328, total fastmode1 topology
compression size = 52401, CR = 4.220988
done
decompression time=0.002550
done
Min=0, Max=1, range=1
Max absolute error = 0.0009999275
Max relative error = 0.001000
Max pw relative error = 0.001000
PSNR = 61.236845, NRMSE= 0.00086727687774441398517
acEff=1.000000
compressionRatio = 4.220988
  ✓ Compression and decompression successful (ratio: 4.22x)

[6/176] Processing: areaatm_192_288.dat

compression time=0.001230, total fastmode1 topology
compression size = 52401, CR = 4.220988
done
decompression time=0.002447
done
Min=0, Max=1, range=1
Max absolute error = 0.0009999275
Max relative error = 0.001000
Max pw relative error = 0.001000
PSNR = 69.412901, NRMSE= 0.00033834124005249793148
acEff=1.000000
compressionRatio = 4.220988
  ✓ Compression and decompression successful (ratio: 4.22x)

[7/176] Processing: areaupsc_192_288.dat

compression time=0.001336, total fastmode1 topology
compression size = 52401, CR = 4.220988
done
decompression time=0.002497
done
Min=0, Max=1, range=1
Max absolute error = 0.0009999275
Max relative error = 0.001000
Max pw relative error = 0.001000
PSNR = 61.236845, NRMSE= 0.00086727687525883757035
acEff=1.000000
compressionRatio = 4.220988
  ✓ Compression and decompression successful (ratio: 4.22x)

[8/176] Processing: BCDEP_1_192_288.dat

compression time=0.001366, total fastmode1 topology
compression size = 52326, CR = 4.227038
done
decompression time=0.002661
done
Min=0, Max=1, range=1
Max absolute error = 0.0009999275
Max relative error = 0.001000
Max pw relative error = 0.001000
PSNR = 62.071967, NRMSE= 0.00078777397612012631852
acEff=1.000000
compressionRatio = 4.227038
  ✓ Compression and decompression successful (ratio: 4.22x)

[9/176] Processing: BGNPP_1_192_288.dat

compression time=0.001470, total fastmode1 topology
compression size = 54010, CR = 4.095242
done
decompression time=0.003348
done
Min=0, Max=1, range=1
Max absolute error = 0.0009999275
Max relative error = 0.001000
Max pw relative error = 0.001000
PSNR = 62.071964, NRMSE= 0.00078777424404132738531
acEff=1.000000
compressionRatio = 4.095242
  ✓ Compression and decompression successful (ratio: 4.09x)

[10/176] Processing: BTRAN_1_192_288.dat

compression time=0.001512, total fastmode1 topology
compression size = 57710, CR = 3.832681
done
decompression time=0.003530
done
Min=0, Max=1, range=1
Max absolute error = 0.0014253405
Max relative error = 0.001425
Max pw relative error = 0.001425
PSNR = 61.687080, NRMSE= 0.00082346665997019320715
acEff=1.000000
compressionRatio = 3.832681
  ✓ Compression and decompression successful (ratio: 3.83x)

[11/176] Processing: BUILDHEAT_1_192_288.dat

compression time=0.001905, total fastmode1 topology
compression size = 54599, CR = 4.051063
done
decompression time=0.003569
done
Min=0, Max=1, range=1
Max absolute error = 0.0010040253
Max relative error = 0.001004
Max pw relative error = 0.001004
PSNR = 62.002093, NRMSE= 0.00079413684269092103211
acEff=1.000000
compressionRatio = 4.051063
  ✓ Compression and decompression successful (ratio: 4.05x)

[12/176] Processing: COL_CTRUNC_1_192_288.dat

compression time=0.001416, total fastmode1 topology
compression size = 53325, CR = 4.147848
done
decompression time=0.003287
done
Min=0, Max=1, range=1
Max absolute error = 0.0009999987
Max relative error = 0.001000
Max pw relative error = 0.001000
PSNR = 62.071874, NRMSE= 0.00078778245105492041098
acEff=1.000000
compressionRatio = 4.147848
  ✓ Compression and decompression successful (ratio: 4.14x)

[13/176] Processing: COL_FIRE_CLOSS_1_192_288.dat

compression time=0.001390, total fastmode1 topology
compression size = 52836, CR = 4.186237
done
decompression time=0.003265
done
Min=0, Max=1, range=1
Max absolute error = 0.0009999871
Max relative error = 0.001000
Max pw relative error = 0.001000
PSNR = 62.071841, NRMSE= 0.00078778546873378089543
acEff=1.000000
compressionRatio = 4.186237
  ✓ Compression and decompression successful (ratio: 4.18x)

[14/176] Processing: COL_FIRE_NLOSS_1_192_288.dat

compression time=0.001279, total fastmode1 topology
compression size = 52423, CR = 4.219217
done
decompression time=0.002580
done
Min=0, Max=1, range=1
Max absolute error = 0.0009999275
Max relative error = 0.001000
Max pw relative error = 0.001000
PSNR = 62.071967, NRMSE= 0.00078777399280304026639
acEff=1.000000
compressionRatio = 4.219217
  ✓ Compression and decompression successful (ratio: 4.21x)

[15/176] Processing: COL_NTRUNC_1_192_288.dat

compression time=0.001456, total fastmode1 topology
compression size = 52960, CR = 4.176435
done
decompression time=0.003039
done
Min=0, Max=1, range=1
Max absolute error = 0.0013290693
Max relative error = 0.001329
Max pw relative error = 0.001329
PSNR = 62.062372, NRMSE= 0.00078864468152830494857
acEff=1.000000
compressionRatio = 4.176435
  ✓ Compression and decompression successful (ratio: 4.17x)

[16/176] Processing: CPOOL_1_192_288.dat

compression time=0.001453, total fastmode1 topology
compression size = 52326, CR = 4.227038
done
decompression time=0.002381
done
Min=0, Max=1, range=1
Max absolute error = 0.0009999275
Max relative error = 0.001000
Max pw relative error = 0.001000
PSNR = 62.071967, NRMSE= 0.00078777397612012631852
acEff=1.000000
compressionRatio = 4.227038
  ✓ Compression and decompression successful (ratio: 4.22x)

[17/176] Processing: CWDC_1_192_288.dat

compression time=0.001550, total fastmode1 topology
compression size = 60112, CR = 3.679532
done
decompression time=0.003461
done
Min=0, Max=1, range=1
Max absolute error = 0.0019370429
Max relative error = 0.001937
Max pw relative error = 0.001937
PSNR = 61.631422, NRMSE= 0.00082876022820304413516
acEff=1.000000
compressionRatio = 3.679532
  ✓ Compression and decompression successful (ratio: 3.67x)

[18/176] Processing: CWDC_HR_1_192_288.dat

compression time=0.001369, total fastmode1 topology
compression size = 52326, CR = 4.227038
done
decompression time=0.002550
done
Min=0, Max=1, range=1
Max absolute error = 0.0009999275
Max relative error = 0.001000
Max pw relative error = 0.001000
PSNR = 62.071967, NRMSE= 0.00078777397612012631852
acEff=1.000000
compressionRatio = 4.227038
  ✓ Compression and decompression successful (ratio: 4.22x)

[19/176] Processing: CWDC_LOSS_1_192_288.dat

compression time=0.001619, total fastmode1 topology
compression size = 53838, CR = 4.108325
done
decompression time=0.003903
done
Min=0, Max=1, range=1
Max absolute error = 0.0009999770
Max relative error = 0.001000
Max pw relative error = 0.001000
PSNR = 62.071836, NRMSE= 0.00078778585355174983538
acEff=1.000000
compressionRatio = 4.108325
  ✓ Compression and decompression successful (ratio: 4.10x)

[20/176] Processing: CWDN_1_192_288.dat

compression time=0.001544, total fastmode1 topology
compression size = 58500, CR = 3.780923
done
decompression time=0.003502
done
Min=0, Max=1, range=1
Max absolute error = 0.0016611414
Max relative error = 0.001661
Max pw relative error = 0.001661
PSNR = 61.677139, NRMSE= 0.00082440960251609182903
acEff=1.000000
compressionRatio = 3.780923
  ✓ Compression and decompression successful (ratio: 3.78x)

[21/176] Processing: DEADCROOTC_1_192_288.dat

compression time=0.001741, total fastmode1 topology
compression size = 60171, CR = 3.675924
done
decompression time=0.003414
done
Min=0, Max=1, range=1
Max absolute error = 0.0018982366
Max relative error = 0.001898
Max pw relative error = 0.001898
PSNR = 61.626777, NRMSE= 0.00082920357111032801101
acEff=1.000000
compressionRatio = 3.675924
  ✓ Compression and decompression successful (ratio: 3.67x)

[22/176] Processing: DEADCROOTN_1_192_288.dat

compression time=0.001736, total fastmode1 topology
compression size = 58639, CR = 3.771961
done
decompression time=0.003578
done
Min=0, Max=1, range=1
Max absolute error = 0.0016184282
Max relative error = 0.001618
Max pw relative error = 0.001618
PSNR = 61.669007, NRMSE= 0.00082518181893054753321
acEff=1.000000
compressionRatio = 3.771961
  ✓ Compression and decompression successful (ratio: 3.77x)

[23/176] Processing: DEADSTEMC_1_192_288.dat

compression time=0.001869, total fastmode1 topology
compression size = 60320, CR = 3.666843
done
decompression time=0.003518
done
Min=0, Max=1, range=1
Max absolute error = 0.0018786788
Max relative error = 0.001879
Max pw relative error = 0.001879
PSNR = 61.628547, NRMSE= 0.00082903461434504302236
acEff=1.000000
compressionRatio = 3.666844
  ✓ Compression and decompression successful (ratio: 3.66x)

[24/176] Processing: DEADSTEMN_1_192_288.dat

compression time=0.001654, total fastmode1 topology
compression size = 59072, CR = 3.744312
done
decompression time=0.003503
done
Min=0, Max=1, range=1
Max absolute error = 0.0015565697
Max relative error = 0.001557
Max pw relative error = 0.001557
PSNR = 61.657808, NRMSE= 0.0008262464596699336172
acEff=1.000000
compressionRatio = 3.744312
  ✓ Compression and decompression successful (ratio: 3.74x)

[25/176] Processing: DENIT_1_192_288.dat

compression time=0.001265, total fastmode1 topology
compression size = 52473, CR = 4.215197
done
decompression time=0.003344
done
Min=0, Max=1, range=1
Max absolute error = 0.0009999275
Max relative error = 0.001000
Max pw relative error = 0.001000
PSNR = 62.071965, NRMSE= 0.00078777415663549817462
acEff=1.000000
compressionRatio = 4.215196
  ✓ Compression and decompression successful (ratio: 4.21x)

[26/176] Processing: DISPVEGC_1_192_288.dat

compression time=0.001661, total fastmode1 topology
compression size = 60659, CR = 3.646351
done
decompression time=0.003523
done
Min=0, Max=1, range=1
Max absolute error = 0.0017272756
Max relative error = 0.001727
Max pw relative error = 0.001727
PSNR = 61.590069, NRMSE= 0.00083271529543649811314
acEff=1.000000
compressionRatio = 3.646351
  ✓ Compression and decompression successful (ratio: 3.64x)

[27/176] Processing: DISPVEGN_1_192_288.dat

compression time=0.001588, total fastmode1 topology
compression size = 59561, CR = 3.713571
done
decompression time=0.003628
done
Min=0, Max=1, range=1
Max absolute error = 0.0016675610
Max relative error = 0.001668
Max pw relative error = 0.001668
PSNR = 61.599528, NRMSE= 0.00083180892428922942501
acEff=1.000000
compressionRatio = 3.713571
  ✓ Compression and decompression successful (ratio: 3.71x)

[28/176] Processing: DSTDEP_1_192_288.dat

compression time=0.001304, total fastmode1 topology
compression size = 52326, CR = 4.227038
done
decompression time=0.002498
done
Min=0, Max=1, range=1
Max absolute error = 0.0009999275
Max relative error = 0.001000
Max pw relative error = 0.001000
PSNR = 62.071967, NRMSE= 0.00078777397612012631852
acEff=1.000000
compressionRatio = 4.227038
  ✓ Compression and decompression successful (ratio: 4.22x)

[29/176] Processing: DSTFLXT_1_192_288.dat

compression time=0.001402, total fastmode1 topology
compression size = 52436, CR = 4.218171
done
decompression time=0.002772
done
Min=0, Max=1, range=1
Max absolute error = 0.0009999275
Max relative error = 0.001000
Max pw relative error = 0.001000
PSNR = 62.071967, NRMSE= 0.00078777400372970999166
acEff=1.000000
compressionRatio = 4.218171
  ✓ Compression and decompression successful (ratio: 4.21x)

[30/176] Processing: DWT_CLOSS_1_192_288.dat

compression time=0.001348, total fastmode1 topology
compression size = 52326, CR = 4.227038
done
decompression time=0.002597
done
Min=0, Max=1, range=1
Max absolute error = 0.0009999275
Max relative error = 0.001000
Max pw relative error = 0.001000
PSNR = 62.071967, NRMSE= 0.00078777397612012631852
acEff=1.000000
compressionRatio = 4.227038
  ✓ Compression and decompression successful (ratio: 4.22x)

[31/176] Processing: DWT_CONV_CFLUX_1_192_288.dat

compression time=0.001352, total fastmode1 topology
compression size = 52326, CR = 4.227038
done
decompression time=0.002602
done
Min=0, Max=1, range=1
Max absolute error = 0.0009999275
Max relative error = 0.001000
Max pw relative error = 0.001000
PSNR = 62.071967, NRMSE= 0.00078777397612012631852
acEff=1.000000
compressionRatio = 4.227038
  ✓ Compression and decompression successful (ratio: 4.22x)

[32/176] Processing: DWT_CONV_NFLUX_1_192_288.dat

compression time=0.001325, total fastmode1 topology
compression size = 52326, CR = 4.227038
done
decompression time=0.002444
done
Min=0, Max=1, range=1
Max absolute error = 0.0009999275
Max relative error = 0.001000
Max pw relative error = 0.001000
PSNR = 62.071967, NRMSE= 0.00078777397612012631852
acEff=1.000000
compressionRatio = 4.227038
  ✓ Compression and decompression successful (ratio: 4.22x)

[33/176] Processing: DWT_NLOSS_1_192_288.dat

compression time=0.001444, total fastmode1 topology
compression size = 52326, CR = 4.227038
done
decompression time=0.002721
done
Min=0, Max=1, range=1
Max absolute error = 0.0009999275
Max relative error = 0.001000
Max pw relative error = 0.001000
PSNR = 62.071967, NRMSE= 0.00078777397612012631852
acEff=1.000000
compressionRatio = 4.227038
  ✓ Compression and decompression successful (ratio: 4.22x)

[34/176] Processing: DWT_PROD100C_GAIN_1_192_288.dat

compression time=0.001385, total fastmode1 topology
compression size = 52326, CR = 4.227038
done
decompression time=0.002561
done
Min=0, Max=1, range=1
Max absolute error = 0.0009999275
Max relative error = 0.001000
Max pw relative error = 0.001000
PSNR = 62.071967, NRMSE= 0.00078777397612012631852
acEff=1.000000
compressionRatio = 4.227038
  ✓ Compression and decompression successful (ratio: 4.22x)

[35/176] Processing: DWT_PROD100N_GAIN_1_192_288.dat

compression time=0.001403, total fastmode1 topology
compression size = 52326, CR = 4.227038
done
decompression time=0.002708
done
Min=0, Max=1, range=1
Max absolute error = 0.0009999275
Max relative error = 0.001000
Max pw relative error = 0.001000
PSNR = 62.071967, NRMSE= 0.00078777397612012631852
acEff=1.000000
compressionRatio = 4.227038
  ✓ Compression and decompression successful (ratio: 4.22x)

[36/176] Processing: DWT_PROD10C_GAIN_1_192_288.dat

compression time=0.001354, total fastmode1 topology
compression size = 52326, CR = 4.227038
done
decompression time=0.002536
done
Min=0, Max=1, range=1
Max absolute error = 0.0009999275
Max relative error = 0.001000
Max pw relative error = 0.001000
PSNR = 62.071967, NRMSE= 0.00078777397612012631852
acEff=1.000000
compressionRatio = 4.227038
  ✓ Compression and decompression successful (ratio: 4.22x)

[37/176] Processing: DWT_PROD10N_GAIN_1_192_288.dat

compression time=0.001324, total fastmode1 topology
compression size = 52326, CR = 4.227038
done
decompression time=0.002627
done
Min=0, Max=1, range=1
Max absolute error = 0.0009999275
Max relative error = 0.001000
Max pw relative error = 0.001000
PSNR = 62.071967, NRMSE= 0.00078777397612012631852
acEff=1.000000
compressionRatio = 4.227038
  ✓ Compression and decompression successful (ratio: 4.22x)

[38/176] Processing: DWT_SEEDC_TO_DEADSTEM_1_192_288.dat

compression time=0.001317, total fastmode1 topology
compression size = 52326, CR = 4.227038
done
decompression time=0.002863
done
Min=0, Max=1, range=1
Max absolute error = 0.0009999275
Max relative error = 0.001000
Max pw relative error = 0.001000
PSNR = 62.071967, NRMSE= 0.00078777397612012631852
acEff=1.000000
compressionRatio = 4.227038
  ✓ Compression and decompression successful (ratio: 4.22x)

[39/176] Processing: DWT_SEEDC_TO_LEAF_1_192_288.dat

compression time=0.001251, total fastmode1 topology
compression size = 52326, CR = 4.227038
done
decompression time=0.002654
done
Min=0, Max=1, range=1
Max absolute error = 0.0009999275
Max relative error = 0.001000
Max pw relative error = 0.001000
PSNR = 62.071967, NRMSE= 0.00078777397612012631852
acEff=1.000000
compressionRatio = 4.227038
  ✓ Compression and decompression successful (ratio: 4.22x)

[40/176] Processing: DWT_SEEDN_TO_DEADSTEM_1_192_288.dat

compression time=0.001330, total fastmode1 topology
compression size = 52326, CR = 4.227038
done
decompression time=0.002555
done
Min=0, Max=1, range=1
Max absolute error = 0.0009999275
Max relative error = 0.001000
Max pw relative error = 0.001000
PSNR = 62.071967, NRMSE= 0.00078777397612012631852
acEff=1.000000
compressionRatio = 4.227038
  ✓ Compression and decompression successful (ratio: 4.22x)

[41/176] Processing: DWT_SEEDN_TO_LEAF_1_192_288.dat

compression time=0.001336, total fastmode1 topology
compression size = 52326, CR = 4.227038
done
decompression time=0.002702
done
Min=0, Max=1, range=1
Max absolute error = 0.0009999275
Max relative error = 0.001000
Max pw relative error = 0.001000
PSNR = 62.071967, NRMSE= 0.00078777397612012631852
acEff=1.000000
compressionRatio = 4.227038
  ✓ Compression and decompression successful (ratio: 4.22x)

[42/176] Processing: EFLX_DYNBAL_1_192_288.dat

compression time=0.001369, total fastmode1 topology
compression size = 52326, CR = 4.227038
done
decompression time=0.002450
done
Min=0, Max=1, range=1
Max absolute error = 0.0009999275
Max relative error = 0.001000
Max pw relative error = 0.001000
PSNR = 62.071967, NRMSE= 0.00078777397612012631852
acEff=1.000000
compressionRatio = 4.227038
  ✓ Compression and decompression successful (ratio: 4.22x)

[43/176] Processing: EFLX_LH_TOT_R_1_192_288.dat

compression time=0.001518, total fastmode1 topology
compression size = 57071, CR = 3.875594
done
decompression time=0.003668
done
Min=0, Max=1, range=1
Max absolute error = 0.0013161227
Max relative error = 0.001316
Max pw relative error = 0.001316
PSNR = 60.842321, NRMSE= 0.00090757793784513761046
acEff=1.000000
compressionRatio = 3.875594
  ✓ Compression and decompression successful (ratio: 3.87x)

[44/176] Processing: EFLX_LH_TOT_U_1_192_288.dat

compression time=0.001694, total fastmode1 topology
compression size = 51120, CR = 4.326761
done
decompression time=0.003412
done
Min=0, Max=1, range=1
Max absolute error = 0.0012835730
Max relative error = 0.001284
Max pw relative error = 0.001284
PSNR = 60.241105, NRMSE= 0.00097262348174746964934
acEff=1.000000
compressionRatio = 4.326761
  ✓ Compression and decompression successful (ratio: 4.32x)

[45/176] Processing: ELAI_1_192_288.dat

compression time=0.001515, total fastmode1 topology
compression size = 58951, CR = 3.751997
done
decompression time=0.003647
done
Min=0, Max=1, range=1
Max absolute error = 0.0016564410
Max relative error = 0.001656
Max pw relative error = 0.001656
PSNR = 61.638289, NRMSE= 0.00082810524631501383677
acEff=1.000000
compressionRatio = 3.751997
  ✓ Compression and decompression successful (ratio: 3.75x)

[46/176] Processing: ER_1_192_288.dat

compression time=0.001670, total fastmode1 topology
compression size = 55533, CR = 3.982929
done
decompression time=0.003660
done
Min=0, Max=1, range=1
Max absolute error = 0.0009999275
Max relative error = 0.001000
Max pw relative error = 0.001000
PSNR = 62.072023, NRMSE= 0.00078776891276616722512
acEff=1.000000
compressionRatio = 3.982929
  ✓ Compression and decompression successful (ratio: 3.98x)

[47/176] Processing: ERRH2O_1_192_288.dat

compression time=0.001377, total fastmode1 topology
compression size = 52326, CR = 4.227038
done
decompression time=0.002669
done
Min=0, Max=1, range=1
Max absolute error = 0.0009999275
Max relative error = 0.001000
Max pw relative error = 0.001000
PSNR = 62.071967, NRMSE= 0.00078777397612012631852
acEff=1.000000
compressionRatio = 4.227038
  ✓ Compression and decompression successful (ratio: 4.22x)

[48/176] Processing: ERRSEB_1_192_288.dat

compression time=0.001313, total fastmode1 topology
compression size = 52326, CR = 4.227038
done
decompression time=0.002433
done
Min=0, Max=1, range=1
Max absolute error = 0.0009999275
Max relative error = 0.001000
Max pw relative error = 0.001000
PSNR = 62.071967, NRMSE= 0.00078777397612012631852
acEff=1.000000
compressionRatio = 4.227038
  ✓ Compression and decompression successful (ratio: 4.22x)

[49/176] Processing: ERRSOI_1_192_288.dat

compression time=0.001226, total fastmode1 topology
compression size = 52326, CR = 4.227038
done
decompression time=0.002571
done
Min=0, Max=1, range=1
Max absolute error = 0.0009999275
Max relative error = 0.001000
Max pw relative error = 0.001000
PSNR = 62.071967, NRMSE= 0.00078777397612012631852
acEff=1.000000
compressionRatio = 4.227038
  ✓ Compression and decompression successful (ratio: 4.22x)

[50/176] Processing: ERRSOL_1_192_288.dat

compression time=0.001357, total fastmode1 topology
compression size = 52326, CR = 4.227038
done
decompression time=0.002520
done
Min=0, Max=1, range=1
Max absolute error = 0.0009999275
Max relative error = 0.001000
Max pw relative error = 0.001000
PSNR = 62.071967, NRMSE= 0.00078777397612012631852
acEff=1.000000
compressionRatio = 4.227038
  ✓ Compression and decompression successful (ratio: 4.22x)

[51/176] Processing: ESAI_1_192_288.dat

compression time=0.001784, total fastmode1 topology
compression size = 59342, CR = 3.727276
done
decompression time=0.003677
done
Min=0, Max=1, range=1
Max absolute error = 0.0015745545
Max relative error = 0.001575
Max pw relative error = 0.001575
PSNR = 61.568232, NRMSE= 0.0008348114811601282069
acEff=1.000000
compressionRatio = 3.727276
  ✓ Compression and decompression successful (ratio: 3.72x)

[52/176] Processing: FCEV_1_192_288.dat

compression time=0.001552, total fastmode1 topology
compression size = 58191, CR = 3.801000
done
decompression time=0.003559
done
Min=0, Max=1, range=1
Max absolute error = 0.0015309565
Max relative error = 0.001531
Max pw relative error = 0.001531
PSNR = 61.341453, NRMSE= 0.00085689445552231732067
acEff=1.000000
compressionRatio = 3.801000
  ✓ Compression and decompression successful (ratio: 3.80x)

[53/176] Processing: FCOV_1_192_288.dat

compression time=0.001683, total fastmode1 topology
compression size = 58598, CR = 3.774600
done
decompression time=0.003744
done
Min=0, Max=1, range=1
Max absolute error = 0.0015401798
Max relative error = 0.001540
Max pw relative error = 0.001540
PSNR = 60.908064, NRMSE= 0.00090073452373498597533
acEff=1.000000
compressionRatio = 3.774600
  ✓ Compression and decompression successful (ratio: 3.77x)

[54/176] Processing: FCTR_1_192_288.dat

compression time=0.001640, total fastmode1 topology
compression size = 57831, CR = 3.824661
done
decompression time=0.003571
done
Min=0, Max=1, range=1
Max absolute error = 0.0017816611
Max relative error = 0.001782
Max pw relative error = 0.001782
PSNR = 61.723052, NRMSE= 0.00082006339098702454773
acEff=1.000000
compressionRatio = 3.824662
  ✓ Compression and decompression successful (ratio: 3.82x)

[55/176] Processing: FGEV_1_192_288.dat

compression time=0.001667, total fastmode1 topology
compression size = 62089, CR = 3.562370
done
decompression time=0.003957
done
Min=0, Max=1, range=1
Max absolute error = 0.0016059764
Max relative error = 0.001606
Max pw relative error = 0.001606
PSNR = 61.255984, NRMSE= 0.00086536794334276742353
acEff=1.000000
compressionRatio = 3.562370
  ✓ Compression and decompression successful (ratio: 3.56x)

[56/176] Processing: FGR_1_192_288.dat

compression time=0.001637, total fastmode1 topology
compression size = 60828, CR = 3.636220
done
decompression time=0.003713
done
Min=0, Max=1, range=1
Max absolute error = 0.0014040023
Max relative error = 0.001404
Max pw relative error = 0.001404
PSNR = 61.230238, NRMSE= 0.00086793684407679210988
acEff=1.000000
compressionRatio = 3.636220
  ✓ Compression and decompression successful (ratio: 3.63x)

[57/176] Processing: FGR12_1_192_288.dat

compression time=0.001636, total fastmode1 topology
compression size = 61033, CR = 3.624007
done
decompression time=0.003800
done
Min=0, Max=1, range=1
Max absolute error = 0.0016045235
Max relative error = 0.001605
Max pw relative error = 0.001605
PSNR = 61.249569, NRMSE= 0.00086600726707576451691
acEff=1.000000
compressionRatio = 3.624007
  ✓ Compression and decompression successful (ratio: 3.62x)

[58/176] Processing: FGR_R_1_192_288.dat

compression time=0.001767, total fastmode1 topology
compression size = 56766, CR = 3.896417
done
decompression time=0.003591
done
Min=0, Max=1, range=1
Max absolute error = 0.0011734813
Max relative error = 0.001173
Max pw relative error = 0.001173
PSNR = 60.826119, NRMSE= 0.00090927250024920081885
acEff=1.000000
compressionRatio = 3.896417
  ✓ Compression and decompression successful (ratio: 3.89x)

[59/176] Processing: FGR_U_1_192_288.dat

compression time=0.001365, total fastmode1 topology
compression size = 51145, CR = 4.324646
done
decompression time=0.003289
done
Min=0, Max=1, range=1
Max absolute error = 0.0010039955
Max relative error = 0.001004
Max pw relative error = 0.001004
PSNR = 60.219165, NRMSE= 0.0009750833748924535218
acEff=1.000000
compressionRatio = 4.324646
  ✓ Compression and decompression successful (ratio: 4.32x)

[60/176] Processing: FIRA_1_192_288.dat

compression time=0.001585, total fastmode1 topology
compression size = 60209, CR = 3.673604
done
decompression time=0.003730
done
Min=0, Max=1, range=1
Max absolute error = 0.0014234111
Max relative error = 0.001423
Max pw relative error = 0.001423
PSNR = 61.289118, NRMSE= 0.00086207306767881858832
acEff=1.000000
compressionRatio = 3.673604
  ✓ Compression and decompression successful (ratio: 3.67x)

[61/176] Processing: FIRA_R_1_192_288.dat

compression time=0.001477, total fastmode1 topology
compression size = 56515, CR = 3.913722
done
decompression time=0.003525
done
Min=0, Max=1, range=1
Max absolute error = 0.0012866966
Max relative error = 0.001287
Max pw relative error = 0.001287
PSNR = 60.843239, NRMSE= 0.00090748207167403946178
acEff=1.000000
compressionRatio = 3.913722
  ✓ Compression and decompression successful (ratio: 3.91x)

[62/176] Processing: FIRA_U_1_192_288.dat

compression time=0.001402, total fastmode1 topology
compression size = 51043, CR = 4.333288
done
decompression time=0.003227
done
Min=0, Max=1, range=1
Max absolute error = 0.0009999275
Max relative error = 0.001000
Max pw relative error = 0.001000
PSNR = 60.241246, NRMSE= 0.00097260764115382502583
acEff=1.000000
compressionRatio = 4.333288
  ✓ Compression and decompression successful (ratio: 4.33x)

[63/176] Processing: FIRE_1_192_288.dat

compression time=0.002663, total fastmode1 topology
compression size = 57915, CR = 3.819114
done
decompression time=0.003556
done
Min=0, Max=1, range=1
Max absolute error = 0.0014962628
Max relative error = 0.001496
Max pw relative error = 0.001496
PSNR = 61.263589, NRMSE= 0.00086461057900505053353
acEff=1.000000
compressionRatio = 3.819114
  ✓ Compression and decompression successful (ratio: 3.81x)

[64/176] Processing: FIRESEASONL_1_192_288.dat

compression time=0.001572, total fastmode1 topology
compression size = 58583, CR = 3.775566
done
decompression time=0.003413
done
Min=0, Max=1, range=1
Max absolute error = 0.0018511489
Max relative error = 0.001851
Max pw relative error = 0.001851
PSNR = 60.993504, NRMSE= 0.00089191776442002336598
acEff=1.000000
compressionRatio = 3.775566
  ✓ Compression and decompression successful (ratio: 3.77x)

[65/176] Processing: FLDS_1_192_288.dat

compression time=0.001508, total fastmode1 topology
compression size = 57921, CR = 3.818719
done
decompression time=0.003459
done
Min=0, Max=1, range=1
Max absolute error = 0.0011940412
Max relative error = 0.001194
Max pw relative error = 0.001194
PSNR = 61.254510, NRMSE= 0.00086551477591175027693
acEff=1.000000
compressionRatio = 3.818719
  ✓ Compression and decompression successful (ratio: 3.81x)

[66/176] Processing: FLUXFM2A_1_192_288.dat

compression time=0.001350, total fastmode1 topology
compression size = 52326, CR = 4.227038
done
decompression time=0.002445
done
Min=0, Max=1, range=1
Max absolute error = 0.0009999275
Max relative error = 0.001000
Max pw relative error = 0.001000
PSNR = 62.071967, NRMSE= 0.00078777397612012631852
acEff=1.000000
compressionRatio = 4.227038
  ✓ Compression and decompression successful (ratio: 4.22x)

[67/176] Processing: FLUXFMLND_1_192_288.dat

compression time=0.001318, total fastmode1 topology
compression size = 52326, CR = 4.227038
done
decompression time=0.002446
done
Min=0, Max=1, range=1
Max absolute error = 0.0009999275
Max relative error = 0.001000
Max pw relative error = 0.001000
PSNR = 62.071967, NRMSE= 0.00078777397612012631852
acEff=1.000000
compressionRatio = 4.227038
  ✓ Compression and decompression successful (ratio: 4.22x)

[68/176] Processing: FPG_1_192_288.dat

compression time=0.001580, total fastmode1 topology
compression size = 54552, CR = 4.054554
done
decompression time=0.003760
done
Min=0, Max=1, range=1
Max absolute error = 0.0009999711
Max relative error = 0.001000
Max pw relative error = 0.001000
PSNR = 60.849705, NRMSE= 0.00090680675950307275662
acEff=1.000000
compressionRatio = 4.054553
  ✓ Compression and decompression successful (ratio: 4.05x)

[69/176] Processing: FPI_1_192_288.dat

compression time=0.001470, total fastmode1 topology
compression size = 57439, CR = 3.850763
done
decompression time=0.003666
done
Min=0, Max=1, range=1
Max absolute error = 0.0012885728
Max relative error = 0.001289
Max pw relative error = 0.001289
PSNR = 61.016239, NRMSE= 0.00088958624464379029619
acEff=1.000000
compressionRatio = 3.850763
  ✓ Compression and decompression successful (ratio: 3.85x)

[70/176] Processing: FPSN_1_192_288.dat

compression time=0.001521, total fastmode1 topology
compression size = 57338, CR = 3.857547
done
decompression time=0.003648
done
Min=0, Max=1, range=1
Max absolute error = 0.0018265098
Max relative error = 0.001827
Max pw relative error = 0.001827
PSNR = 61.695432, NRMSE= 0.00082267520313309945926
acEff=1.000000
compressionRatio = 3.857546
  ✓ Compression and decompression successful (ratio: 3.85x)

[71/176] Processing: FROOTC_1_192_288.dat

compression time=0.001521, total fastmode1 topology
compression size = 60097, CR = 3.680450
done
decompression time=0.003661
done
Min=0, Max=1, range=1
Max absolute error = 0.0019731969
Max relative error = 0.001973
Max pw relative error = 0.001973
PSNR = 61.622327, NRMSE= 0.00082962850928116379633
acEff=1.000000
compressionRatio = 3.680450
  ✓ Compression and decompression successful (ratio: 3.68x)

[72/176] Processing: FROOTC_ALLOC_1_192_288.dat

compression time=0.001512, total fastmode1 topology
compression size = 53981, CR = 4.097442
done
decompression time=0.003321
done
Min=0, Max=1, range=1
Max absolute error = 0.0009999275
Max relative error = 0.001000
Max pw relative error = 0.001000
PSNR = 62.071971, NRMSE= 0.000787773654659686671
acEff=1.000000
compressionRatio = 4.097442
  ✓ Compression and decompression successful (ratio: 4.09x)

[73/176] Processing: FROOTC_LOSS_1_192_288.dat

compression time=0.001584, total fastmode1 topology
compression size = 54715, CR = 4.042475
done
decompression time=0.003414
done
Min=0, Max=1, range=1
Max absolute error = 0.0009999275
Max relative error = 0.001000
Max pw relative error = 0.001000
PSNR = 62.071977, NRMSE= 0.00078777308405745681726
acEff=1.000000
compressionRatio = 4.042475
  ✓ Compression and decompression successful (ratio: 4.04x)

[74/176] Processing: FROOTN_1_192_288.dat

compression time=0.001593, total fastmode1 topology
compression size = 59071, CR = 3.744375
done
decompression time=0.003704
done
Min=0, Max=1, range=1
Max absolute error = 0.0016909055
Max relative error = 0.001691
Max pw relative error = 0.001691
PSNR = 61.638882, NRMSE= 0.00082804873364451304397
acEff=1.000000
compressionRatio = 3.744375
  ✓ Compression and decompression successful (ratio: 3.74x)

[75/176] Processing: FSA_1_192_288.dat

compression time=0.001730, total fastmode1 topology
compression size = 59753, CR = 3.701638
done
decompression time=0.003792
done
Min=0, Max=1, range=1
Max absolute error = 0.0014230125
Max relative error = 0.001423
Max pw relative error = 0.001423
PSNR = 61.360557, NRMSE= 0.00085501183516474565938
acEff=1.000000
compressionRatio = 3.701638
  ✓ Compression and decompression successful (ratio: 3.70x)

[76/176] Processing: FSA_R_1_192_288.dat

compression time=0.001510, total fastmode1 topology
compression size = 55122, CR = 4.012627
done
decompression time=0.003429
done
Min=0, Max=1, range=1
Max absolute error = 0.0014230125
Max relative error = 0.001423
Max pw relative error = 0.001423
PSNR = 60.895096, NRMSE= 0.00090208029777839285508
acEff=1.000000
compressionRatio = 4.012627
  ✓ Compression and decompression successful (ratio: 4.01x)

[77/176] Processing: FSAT_1_192_288.dat

compression time=0.001717, total fastmode1 topology
compression size = 58153, CR = 3.803484
done
decompression time=0.003647
done
Min=0, Max=1, range=1
Max absolute error = 0.0010014921
Max relative error = 0.001001
Max pw relative error = 0.001001
PSNR = 60.881171, NRMSE= 0.00090352763113710405675
acEff=1.000000
compressionRatio = 3.803484
  ✓ Compression and decompression successful (ratio: 3.80x)

[78/176] Processing: FSA_U_1_192_288.dat

compression time=0.002434, total fastmode1 topology
compression size = 50830, CR = 4.351446
done
decompression time=0.003284
done
Min=0, Max=1, range=1
Max absolute error = 0.0009999275
Max relative error = 0.001000
Max pw relative error = 0.001000
PSNR = 60.240993, NRMSE= 0.00097263597462605435543
acEff=1.000000
compressionRatio = 4.351446
  ✓ Compression and decompression successful (ratio: 4.35x)

[79/176] Processing: FSDS_1_192_288.dat

compression time=0.001474, total fastmode1 topology
compression size = 56671, CR = 3.902949
done
decompression time=0.003486
done
Min=0, Max=1, range=1
Max absolute error = 0.0012363791
Max relative error = 0.001236
Max pw relative error = 0.001236
PSNR = 61.345558, NRMSE= 0.00085648960159076103094
acEff=1.000000
compressionRatio = 3.902949
  ✓ Compression and decompression successful (ratio: 3.90x)

[80/176] Processing: FSDSND_1_192_288.dat

compression time=0.002656, total fastmode1 topology
compression size = 57662, CR = 3.835871
done
decompression time=0.003539
done
Min=0, Max=1, range=1
Max absolute error = 0.0011715107
Max relative error = 0.001172
Max pw relative error = 0.001172
PSNR = 61.354093, NRMSE= 0.0008556483938694215384
acEff=1.000000
compressionRatio = 3.835871
  ✓ Compression and decompression successful (ratio: 3.83x)

[81/176] Processing: FSDSNDLN_1_192_288.dat

compression time=0.001561, total fastmode1 topology
compression size = 58467, CR = 3.783057
done
decompression time=0.003653
done
Min=0, Max=1, range=1
Max absolute error = 0.0013469346
Max relative error = 0.001347
Max pw relative error = 0.001347
PSNR = 61.347590, NRMSE= 0.00085628929097647228739
acEff=1.000000
compressionRatio = 3.783057
  ✓ Compression and decompression successful (ratio: 3.78x)

[82/176] Processing: FSDSNI_1_192_288.dat

compression time=0.002370, total fastmode1 topology
compression size = 59312, CR = 3.729161
done
decompression time=0.004010
done
Min=0, Max=1, range=1
Max absolute error = 0.0016739070
Max relative error = 0.001674
Max pw relative error = 0.001674
PSNR = 61.335067, NRMSE= 0.00085752471046898759433
acEff=1.000000
compressionRatio = 3.729161
  ✓ Compression and decompression successful (ratio: 3.72x)

[83/176] Processing: FSDSVD_1_192_288.dat

compression time=0.001806, total fastmode1 topology
compression size = 57466, CR = 3.848954
done
decompression time=0.003604
done
Min=0, Max=1, range=1
Max absolute error = 0.0011562072
Max relative error = 0.001156
Max pw relative error = 0.001156
PSNR = 61.374144, NRMSE= 0.00085367542066453773724
acEff=1.000000
compressionRatio = 3.848954
  ✓ Compression and decompression successful (ratio: 3.84x)

[84/176] Processing: FSDSVDLN_1_192_288.dat

compression time=0.001753, total fastmode1 topology
compression size = 58227, CR = 3.798650
done
decompression time=0.003479
done
Min=0, Max=1, range=1
Max absolute error = 0.0011641365
Max relative error = 0.001164
Max pw relative error = 0.001164
PSNR = 61.371199, NRMSE= 0.00085396492068362419951
acEff=1.000000
compressionRatio = 3.798650
  ✓ Compression and decompression successful (ratio: 3.79x)

[85/176] Processing: FSDSVI_1_192_288.dat

compression time=0.001485, total fastmode1 topology
compression size = 58404, CR = 3.787138
done
decompression time=0.003623
done
Min=0, Max=1, range=1
Max absolute error = 0.0015119053
Max relative error = 0.001512
Max pw relative error = 0.001512
PSNR = 61.356320, NRMSE= 0.00085542902262825517082
acEff=1.000000
compressionRatio = 3.787138
  ✓ Compression and decompression successful (ratio: 3.78x)

[86/176] Processing: FSH_1_192_288.dat

compression time=0.001902, total fastmode1 topology
compression size = 61131, CR = 3.618197
done
decompression time=0.004141
done
Min=0, Max=1, range=1
Max absolute error = 0.0010882802
Max relative error = 0.001088
Max pw relative error = 0.001088
PSNR = 61.285969, NRMSE= 0.00086238568830627993726
acEff=1.000000
compressionRatio = 3.618197
  ✓ Compression and decompression successful (ratio: 3.61x)

[87/176] Processing: FSH_G_1_192_288.dat

compression time=0.001854, total fastmode1 topology
compression size = 62372, CR = 3.546207
done
decompression time=0.004216
done
Min=0, Max=1, range=1
Max absolute error = 0.0013391674
Max relative error = 0.001339
Max pw relative error = 0.001339
PSNR = 61.227387, NRMSE= 0.00086822170565005083679
acEff=1.000000
compressionRatio = 3.546207
  ✓ Compression and decompression successful (ratio: 3.54x)

[88/176] Processing: FSH_NODYNLNDUSE_1_192_288.dat

compression time=0.001647, total fastmode1 topology
compression size = 61134, CR = 3.618019
done
decompression time=0.003935
done
Min=0, Max=1, range=1
Max absolute error = 0.0010882802
Max relative error = 0.001088
Max pw relative error = 0.001088
PSNR = 61.285954, NRMSE= 0.00086238715535710906267
acEff=1.000000
compressionRatio = 3.618019
  ✓ Compression and decompression successful (ratio: 3.61x)

[89/176] Processing: FSH_R_1_192_288.dat

compression time=0.001667, total fastmode1 topology
compression size = 56705, CR = 3.900608
done
decompression time=0.003721
done
Min=0, Max=1, range=1
Max absolute error = 0.0010764189
Max relative error = 0.001076
Max pw relative error = 0.001076
PSNR = 60.843850, NRMSE= 0.00090741826593341841194
acEff=1.000000
compressionRatio = 3.900608
  ✓ Compression and decompression successful (ratio: 3.90x)

[90/176] Processing: FSH_U_1_192_288.dat

compression time=0.001383, total fastmode1 topology
compression size = 51243, CR = 4.316375
done
decompression time=0.003249
done
Min=0, Max=1, range=1
Max absolute error = 0.0010040328
Max relative error = 0.001004
Max pw relative error = 0.001004
PSNR = 60.238921, NRMSE= 0.00097286802929994397812
acEff=1.000000
compressionRatio = 4.316375
  ✓ Compression and decompression successful (ratio: 4.31x)

[91/176] Processing: FSH_V_1_192_288.dat

compression time=0.001566, total fastmode1 topology
compression size = 58119, CR = 3.805709
done
decompression time=0.003617
done
Min=0, Max=1, range=1
Max absolute error = 0.0014131702
Max relative error = 0.001413
Max pw relative error = 0.001413
PSNR = 61.511694, NRMSE= 0.00084026316097807348358
acEff=1.000000
compressionRatio = 3.805709
  ✓ Compression and decompression successful (ratio: 3.80x)

[92/176] Processing: FSM_1_192_288.dat

compression time=0.001582, total fastmode1 topology
compression size = 59458, CR = 3.720004
done
decompression time=0.003619
done
Min=0, Max=1, range=1
Max absolute error = 0.0017386107
Max relative error = 0.001739
Max pw relative error = 0.001739
PSNR = 61.795997, NRMSE= 0.00081320523130922980383
acEff=1.000000
compressionRatio = 3.720004
  ✓ Compression and decompression successful (ratio: 3.72x)

[93/176] Processing: FSM_R_1_192_288.dat

compression time=0.001468, total fastmode1 topology
compression size = 55697, CR = 3.971201
done
decompression time=0.003540
done
Min=0, Max=1, range=1
Max absolute error = 0.0014816709
Max relative error = 0.001482
Max pw relative error = 0.001482
PSNR = 61.167072, NRMSE= 0.00087427162578892678689
acEff=1.000000
compressionRatio = 3.971201
  ✓ Compression and decompression successful (ratio: 3.97x)

[94/176] Processing: FSM_U_1_192_288.dat

compression time=0.001449, total fastmode1 topology
compression size = 51016, CR = 4.335581
done
decompression time=0.003295
done
Min=0, Max=1, range=1
Max absolute error = 0.0009999641
Max relative error = 0.001000
Max pw relative error = 0.001000
PSNR = 60.332009, NRMSE= 0.00096249741696811930407
acEff=1.000000
compressionRatio = 4.335581
  ✓ Compression and decompression successful (ratio: 4.33x)

[95/176] Processing: FSNO_1_192_288.dat

compression time=0.001425, total fastmode1 topology
compression size = 54993, CR = 4.022039
done
decompression time=0.003022
done
Min=0, Max=1, range=1
Max absolute error = 0.0013746596
Max relative error = 0.001375
Max pw relative error = 0.001375
PSNR = 61.790964, NRMSE= 0.00081367650907813993382
acEff=1.000000
compressionRatio = 4.022039
  ✓ Compression and decompression successful (ratio: 4.02x)

[96/176] Processing: FSR_1_192_288.dat

compression time=0.001674, total fastmode1 topology
compression size = 60635, CR = 3.647794
done
decompression time=0.004246
done
Min=0, Max=1, range=1
Max absolute error = 0.0016473122
Max relative error = 0.001647
Max pw relative error = 0.001647
PSNR = 61.370683, NRMSE= 0.00085401568707895185364
acEff=1.000000
compressionRatio = 3.647794
  ✓ Compression and decompression successful (ratio: 3.64x)

[97/176] Processing: FSRND_1_192_288.dat

compression time=0.001946, total fastmode1 topology
compression size = 60439, CR = 3.659624
done
decompression time=0.003738
done
Min=0, Max=1, range=1
Max absolute error = 0.0014392920
Max relative error = 0.001439
Max pw relative error = 0.001439
PSNR = 61.348785, NRMSE= 0.00085617149239739366411
acEff=1.000000
compressionRatio = 3.659624
  ✓ Compression and decompression successful (ratio: 3.65x)

[98/176] Processing: FSRNDLN_1_192_288.dat

compression time=0.002863, total fastmode1 topology
compression size = 61238, CR = 3.611875
done
decompression time=0.003843
done
Min=0, Max=1, range=1
Max absolute error = 0.0019427389
Max relative error = 0.001943
Max pw relative error = 0.001943
PSNR = 61.351093, NRMSE= 0.00085594402921364580103
acEff=1.000000
compressionRatio = 3.611875
  ✓ Compression and decompression successful (ratio: 3.61x)

[99/176] Processing: FSRNI_1_192_288.dat

compression time=0.001560, total fastmode1 topology
compression size = 60989, CR = 3.626621
done
decompression time=0.003831
done
Min=0, Max=1, range=1
Max absolute error = 0.0015351344
Max relative error = 0.001535
Max pw relative error = 0.001535
PSNR = 61.355614, NRMSE= 0.00085549859159275492768
acEff=1.000000
compressionRatio = 3.626621
  ✓ Compression and decompression successful (ratio: 3.62x)

[100/176] Processing: FSRVD_1_192_288.dat

compression time=0.001615, total fastmode1 topology
compression size = 59881, CR = 3.693726
done
decompression time=0.003787
done
Min=0, Max=1, range=1
Max absolute error = 0.0013147537
Max relative error = 0.001315
Max pw relative error = 0.001315
PSNR = 61.358349, NRMSE= 0.00085522928591874234315
acEff=1.000000
compressionRatio = 3.693726
  ✓ Compression and decompression successful (ratio: 3.69x)

[101/176] Processing: FSRVDLN_1_192_288.dat

compression time=0.002559, total fastmode1 topology
compression size = 60330, CR = 3.666236
done
decompression time=0.003787
done
Min=0, Max=1, range=1
Max absolute error = 0.0015411377
Max relative error = 0.001541
Max pw relative error = 0.001541
PSNR = 61.345556, NRMSE= 0.00085648985628585634026
acEff=1.000000
compressionRatio = 3.666236
  ✓ Compression and decompression successful (ratio: 3.66x)

[102/176] Processing: FSRVI_1_192_288.dat

compression time=0.001554, total fastmode1 topology
compression size = 60755, CR = 3.640589
done
decompression time=0.004047
done
Min=0, Max=1, range=1
Max absolute error = 0.0015832186
Max relative error = 0.001583
Max pw relative error = 0.001583
PSNR = 61.332655, NRMSE= 0.00085776292897216349469
acEff=1.000000
compressionRatio = 3.640589
  ✓ Compression and decompression successful (ratio: 3.64x)

[103/176] Processing: GC_HEAT1_1_192_288.dat

compression time=0.001791, total fastmode1 topology
compression size = 61429, CR = 3.600645
done
decompression time=0.003863
done
Min=0, Max=1, range=1
Max absolute error = 0.0010045096
Max relative error = 0.001005
Max pw relative error = 0.001005
PSNR = 61.202091, NRMSE= 0.00087075392953769447258
acEff=1.000000
compressionRatio = 3.600645
  ✓ Compression and decompression successful (ratio: 3.60x)

[104/176] Processing: GC_HEAT2_1_192_288.dat

compression time=0.001419, total fastmode1 topology
compression size = 52326, CR = 4.227038
done
decompression time=0.002537
done
Min=0, Max=1, range=1
Max absolute error = 0.0009999275
Max relative error = 0.001000
Max pw relative error = 0.001000
PSNR = 62.071967, NRMSE= 0.00078777397612012631852
acEff=1.000000
compressionRatio = 4.227038
  ✓ Compression and decompression successful (ratio: 4.22x)

[105/176] Processing: GC_ICE1_1_192_288.dat

compression time=0.001669, total fastmode1 topology
compression size = 57996, CR = 3.813780
done
decompression time=0.003423
done
Min=0, Max=1, range=1
Max absolute error = 0.0014749244
Max relative error = 0.001475
Max pw relative error = 0.001475
PSNR = 61.416643, NRMSE= 0.00084950872723574364243
acEff=1.000000
compressionRatio = 3.813780
  ✓ Compression and decompression successful (ratio: 3.81x)

[106/176] Processing: GC_ICE2_1_192_288.dat

compression time=0.001361, total fastmode1 topology
compression size = 52326, CR = 4.227038
done
decompression time=0.002682
done
Min=0, Max=1, range=1
Max absolute error = 0.0009999275
Max relative error = 0.001000
Max pw relative error = 0.001000
PSNR = 62.071967, NRMSE= 0.00078777397612012631852
acEff=1.000000
compressionRatio = 4.227038
  ✓ Compression and decompression successful (ratio: 4.22x)

[107/176] Processing: GC_LIQ1_1_192_288.dat

compression time=0.001941, total fastmode1 topology
compression size = 58364, CR = 3.789733
done
decompression time=0.003799
done
Min=0, Max=1, range=1
Max absolute error = 0.0013030618
Max relative error = 0.001303
Max pw relative error = 0.001303
PSNR = 60.265918, NRMSE= 0.00096984891609555872079
acEff=1.000000
compressionRatio = 3.789733
  ✓ Compression and decompression successful (ratio: 3.78x)

[108/176] Processing: GC_LIQ2_1_192_288.dat

compression time=0.001400, total fastmode1 topology
compression size = 52326, CR = 4.227038
done
decompression time=0.002561
done
Min=0, Max=1, range=1
Max absolute error = 0.0009999275
Max relative error = 0.001000
Max pw relative error = 0.001000
PSNR = 62.071967, NRMSE= 0.00078777397612012631852
acEff=1.000000
compressionRatio = 4.227038
  ✓ Compression and decompression successful (ratio: 4.22x)

[109/176] Processing: GPP_1_192_288.dat

compression time=0.001685, total fastmode1 topology
compression size = 54846, CR = 4.032819
done
decompression time=0.003360
done
Min=0, Max=1, range=1
Max absolute error = 0.0009999275
Max relative error = 0.001000
Max pw relative error = 0.001000
PSNR = 62.071995, NRMSE= 0.00078777146016034335901
acEff=1.000000
compressionRatio = 4.032819
  ✓ Compression and decompression successful (ratio: 4.03x)

[110/176] Processing: GR_1_192_288.dat

compression time=0.001528, total fastmode1 topology
compression size = 53813, CR = 4.110234
done
decompression time=0.003301
done
Min=0, Max=1, range=1
Max absolute error = 0.0009999275
Max relative error = 0.001000
Max pw relative error = 0.001000
PSNR = 62.071844, NRMSE= 0.0007877851632646793844
acEff=1.000000
compressionRatio = 4.110234
  ✓ Compression and decompression successful (ratio: 4.11x)

[111/176] Processing: GROSS_NMIN_1_192_288.dat

compression time=0.001509, total fastmode1 topology
compression size = 53007, CR = 4.172732
done
decompression time=0.003023
done
Min=0, Max=1, range=1
Max absolute error = 0.0009999275
Max relative error = 0.001000
Max pw relative error = 0.001000
PSNR = 62.071961, NRMSE= 0.00078777452287836255244
acEff=1.000000
compressionRatio = 4.172732
  ✓ Compression and decompression successful (ratio: 4.17x)

[112/176] Processing: H2OCAN_1_192_288.dat

compression time=0.001616, total fastmode1 topology
compression size = 58037, CR = 3.811086
done
decompression time=0.003909
done
Min=0, Max=1, range=1
Max absolute error = 0.0011158320
Max relative error = 0.001116
Max pw relative error = 0.001116
PSNR = 61.777417, NRMSE= 0.00081494660726073614877
acEff=1.000000
compressionRatio = 3.811086
  ✓ Compression and decompression successful (ratio: 3.81x)

[113/176] Processing: H2OSNO_1_192_288.dat

compression time=0.001656, total fastmode1 topology
compression size = 58291, CR = 3.794479
done
decompression time=0.003442
done
Min=0, Max=1, range=1
Max absolute error = 0.0017662123
Max relative error = 0.001766
Max pw relative error = 0.001766
PSNR = 61.704493, NRMSE= 0.00082181746000159407606
acEff=1.000000
compressionRatio = 3.794479
  ✓ Compression and decompression successful (ratio: 3.79x)

[114/176] Processing: H2OSNO_TOP_1_192_288.dat

compression time=0.001767, total fastmode1 topology
compression size = 60850, CR = 3.634906
done
decompression time=0.003653
done
Min=0, Max=1, range=1
Max absolute error = 0.0017018151
Max relative error = 0.001702
Max pw relative error = 0.001702
PSNR = 61.543511, NRMSE= 0.00083719082546484927844
acEff=1.000000
compressionRatio = 3.634906
  ✓ Compression and decompression successful (ratio: 3.63x)

[115/176] Processing: HC_1_192_288.dat

compression time=0.002006, total fastmode1 topology
compression size = 63158, CR = 3.502074
done
decompression time=0.003934
done
Min=0, Max=1, range=1
Max absolute error = 0.0018570572
Max relative error = 0.001857
Max pw relative error = 0.001857
PSNR = 61.256849, NRMSE= 0.00086528178000909905694
acEff=1.000000
compressionRatio = 3.502074
  ✓ Compression and decompression successful (ratio: 3.50x)

[116/176] Processing: HCSOI_1_192_288.dat

compression time=0.001717, total fastmode1 topology
compression size = 62539, CR = 3.536737
done
decompression time=0.003816
done
Min=0, Max=1, range=1
Max absolute error = 0.0018270910
Max relative error = 0.001827
Max pw relative error = 0.001827
PSNR = 61.246929, NRMSE= 0.00086627051659184312656
acEff=1.000000
compressionRatio = 3.536737
  ✓ Compression and decompression successful (ratio: 3.53x)

[117/176] Processing: HEAT_FROM_AC_1_192_288.dat

compression time=0.001383, total fastmode1 topology
compression size = 52466, CR = 4.215759
done
decompression time=0.003198
done
Min=0, Max=1, range=1
Max absolute error = 0.0009999275
Max relative error = 0.001000
Max pw relative error = 0.001000
PSNR = 62.071232, NRMSE= 0.00078784065225332442287
acEff=1.000000
compressionRatio = 4.215759
  ✓ Compression and decompression successful (ratio: 4.21x)

[118/176] Processing: HR_1_192_288.dat

compression time=0.001726, total fastmode1 topology
compression size = 55265, CR = 4.002244
done
decompression time=0.003457
done
Min=0, Max=1, range=1
Max absolute error = 0.0009999275
Max relative error = 0.001000
Max pw relative error = 0.001000
PSNR = 62.071985, NRMSE= 0.00078777242465345883281
acEff=1.000000
compressionRatio = 4.002244
  ✓ Compression and decompression successful (ratio: 4.00x)

[119/176] Processing: HTOP_1_192_288.dat

compression time=0.001610, total fastmode1 topology
compression size = 59920, CR = 3.691322
done
decompression time=0.003688
done
Min=0, Max=1, range=1
Max absolute error = 0.0018004477
Max relative error = 0.001800
Max pw relative error = 0.001800
PSNR = 61.578152, NRMSE= 0.00083385853568435596133
acEff=1.000000
compressionRatio = 3.691322
  ✓ Compression and decompression successful (ratio: 3.69x)

[120/176] Processing: LAISHA_1_192_288.dat

compression time=0.001445, total fastmode1 topology
compression size = 58978, CR = 3.750280
done
decompression time=0.003624
done
Min=0, Max=1, range=1
Max absolute error = 0.0018024817
Max relative error = 0.001802
Max pw relative error = 0.001802
PSNR = 61.643015, NRMSE= 0.00082765481457707564678
acEff=1.000000
compressionRatio = 3.750280
  ✓ Compression and decompression successful (ratio: 3.75x)

[121/176] Processing: LAISUN_1_192_288.dat

compression time=0.001514, total fastmode1 topology
compression size = 56611, CR = 3.907085
done
decompression time=0.003442
done
Min=0, Max=1, range=1
Max absolute error = 0.0009999275
Max relative error = 0.001000
Max pw relative error = 0.001000
PSNR = 61.725531, NRMSE= 0.0008198293581463581654
acEff=1.000000
compressionRatio = 3.907085
  ✓ Compression and decompression successful (ratio: 3.90x)

[122/176] Processing: landfrac_192_288.dat

compression time=0.001560, total fastmode1 topology
compression size = 54875, CR = 4.030688
done
decompression time=0.003244
done
Min=0, Max=1, range=1
Max absolute error = 0.0009999275
Max relative error = 0.001000
Max pw relative error = 0.001000
PSNR = 61.675940, NRMSE= 0.00082452338933737881737
acEff=1.000000
compressionRatio = 4.030688
  ✓ Compression and decompression successful (ratio: 4.03x)

[123/176] Processing: latixy_192_288.dat

compression time=0.001288, total fastmode1 topology
compression size = 52401, CR = 4.220988
done
decompression time=0.002556
done
Min=0, Max=1, range=1
Max absolute error = 0.0009999275
Max relative error = 0.001000
Max pw relative error = 0.001000
PSNR = 61.324153, NRMSE= 0.00085860286527941558597
acEff=1.000000
compressionRatio = 4.220988
  ✓ Compression and decompression successful (ratio: 4.22x)

[124/176] Processing: latixyatm_192_288.dat

compression time=0.001288, total fastmode1 topology
compression size = 45982, CR = 4.810230
done
decompression time=0.002519
done
Min=0, Max=1, range=1
Max absolute error = 0.0009999275
Max relative error = 0.001000
Max pw relative error = 0.001000
PSNR = 68.831119, NRMSE= 0.00036177959599825319824
acEff=0.999998
compressionRatio = 4.810230
  ✓ Compression and decompression successful (ratio: 4.81x)

[125/176] Processing: LEAFC_1_192_288.dat

compression time=0.001547, total fastmode1 topology
compression size = 59825, CR = 3.697183
done
decompression time=0.003551
done
Min=0, Max=1, range=1
Max absolute error = 0.0017263889
Max relative error = 0.001726
Max pw relative error = 0.001726
PSNR = 61.616921, NRMSE= 0.0008301449942933798341
acEff=1.000000
compressionRatio = 3.697183
  ✓ Compression and decompression successful (ratio: 3.69x)

[126/176] Processing: LEAFC_ALLOC_1_192_288.dat

compression time=0.001543, total fastmode1 topology
compression size = 53852, CR = 4.107257
done
decompression time=0.003182
done
Min=0, Max=1, range=1
Max absolute error = 0.0009999275
Max relative error = 0.001000
Max pw relative error = 0.001000
PSNR = 62.071962, NRMSE= 0.00078777442720957119564
acEff=1.000000
compressionRatio = 4.107257
  ✓ Compression and decompression successful (ratio: 4.10x)

[127/176] Processing: LEAFC_LOSS_1_192_288.dat

compression time=0.002543, total fastmode1 topology
compression size = 54575, CR = 4.052845
done
decompression time=0.003417
done
Min=0, Max=1, range=1
Max absolute error = 0.0009999275
Max relative error = 0.001000
Max pw relative error = 0.001000
PSNR = 62.071845, NRMSE= 0.00078778503917397899557
acEff=1.000000
compressionRatio = 4.052845
  ✓ Compression and decompression successful (ratio: 4.05x)

[128/176] Processing: LEAFN_1_192_288.dat

compression time=0.001499, total fastmode1 topology
compression size = 59039, CR = 3.746405
done
decompression time=0.003666
done
Min=0, Max=1, range=1
Max absolute error = 0.0015638582
Max relative error = 0.001564
Max pw relative error = 0.001564
PSNR = 61.633855, NRMSE= 0.00082852815070092171879
acEff=1.000000
compressionRatio = 3.746405
  ✓ Compression and decompression successful (ratio: 3.74x)

[129/176] Processing: LITFALL_1_192_288.dat

compression time=0.001801, total fastmode1 topology
compression size = 55415, CR = 3.991410
done
decompression time=0.003376
done
Min=0, Max=1, range=1
Max absolute error = 0.0009999275
Max relative error = 0.001000
Max pw relative error = 0.001000
PSNR = 62.071979, NRMSE= 0.00078777292894855691779
acEff=1.000000
compressionRatio = 3.991410
  ✓ Compression and decompression successful (ratio: 3.99x)

[130/176] Processing: LITHR_1_192_288.dat

compression time=0.002078, total fastmode1 topology
compression size = 54943, CR = 4.025699
done
decompression time=0.003343
done
Min=0, Max=1, range=1
Max absolute error = 0.0009999275
Max relative error = 0.001000
Max pw relative error = 0.001000
PSNR = 62.071961, NRMSE= 0.00078777458196179590225
acEff=1.000000
compressionRatio = 4.025699
  ✓ Compression and decompression successful (ratio: 4.02x)

[131/176] Processing: LITR1C_1_192_288.dat

compression time=0.001728, total fastmode1 topology
compression size = 61127, CR = 3.618434
done
decompression time=0.003668
done
Min=0, Max=1, range=1
Max absolute error = 0.0016877297
Max relative error = 0.001688
Max pw relative error = 0.001688
PSNR = 61.622406, NRMSE= 0.00082962095237163260841
acEff=1.000000
compressionRatio = 3.618434
  ✓ Compression and decompression successful (ratio: 3.61x)

[132/176] Processing: LITR1C_TO_SOIL1C_1_192_288.dat

compression time=0.001658, total fastmode1 topology
compression size = 54101, CR = 4.088353
done
decompression time=0.003291
done
Min=0, Max=1, range=1
Max absolute error = 0.0009999785
Max relative error = 0.001000
Max pw relative error = 0.001000
PSNR = 62.071576, NRMSE= 0.00078780950309808792098
acEff=1.000000
compressionRatio = 4.088353
  ✓ Compression and decompression successful (ratio: 4.08x)

[133/176] Processing: LITR1N_1_192_288.dat

compression time=0.001810, total fastmode1 topology
compression size = 58946, CR = 3.752316
done
decompression time=0.003696
done
Min=0, Max=1, range=1
Max absolute error = 0.0012024287
Max relative error = 0.001202
Max pw relative error = 0.001202
PSNR = 61.940598, NRMSE= 0.00079977921141747491778
acEff=1.000000
compressionRatio = 3.752316
  ✓ Compression and decompression successful (ratio: 3.75x)

[134/176] Processing: LITR2C_1_192_288.dat

compression time=0.001640, total fastmode1 topology
compression size = 60981, CR = 3.627097
done
decompression time=0.003656
done
Min=0, Max=1, range=1
Max absolute error = 0.0019523725
Max relative error = 0.001952
Max pw relative error = 0.001952
PSNR = 61.588474, NRMSE= 0.00083286823234781054252
acEff=1.000000
compressionRatio = 3.627097
  ✓ Compression and decompression successful (ratio: 3.62x)

[135/176] Processing: LITR2C_TO_SOIL2C_1_192_288.dat

compression time=0.001547, total fastmode1 topology
compression size = 54514, CR = 4.057380
done
decompression time=0.003293
done
Min=0, Max=1, range=1
Max absolute error = 0.0009999310
Max relative error = 0.001000
Max pw relative error = 0.001000
PSNR = 62.071832, NRMSE= 0.00078778628332533352698
acEff=1.000000
compressionRatio = 4.057380
  ✓ Compression and decompression successful (ratio: 4.05x)

[136/176] Processing: LITR2N_1_192_288.dat

compression time=0.001636, total fastmode1 topology
compression size = 60178, CR = 3.675496
done
decompression time=0.003656
done
Min=0, Max=1, range=1
Max absolute error = 0.0016215718
Max relative error = 0.001622
Max pw relative error = 0.001622
PSNR = 61.639608, NRMSE= 0.00082797953376543209029
acEff=1.000000
compressionRatio = 3.675496
  ✓ Compression and decompression successful (ratio: 3.67x)

[137/176] Processing: LITR3C_1_192_288.dat

compression time=0.001656, total fastmode1 topology
compression size = 60748, CR = 3.641009
done
decompression time=0.003623
done
Min=0, Max=1, range=1
Max absolute error = 0.0018474236
Max relative error = 0.001847
Max pw relative error = 0.001847
PSNR = 61.583755, NRMSE= 0.00083332080601816824889
acEff=1.000000
compressionRatio = 3.641009
  ✓ Compression and decompression successful (ratio: 3.64x)

[138/176] Processing: LITR3C_TO_SOIL3C_1_192_288.dat

compression time=0.001673, total fastmode1 topology
compression size = 54191, CR = 4.081563
done
decompression time=0.003311
done
Min=0, Max=1, range=1
Max absolute error = 0.0009999275
Max relative error = 0.001000
Max pw relative error = 0.001000
PSNR = 62.071955, NRMSE= 0.00078777512531290545036
acEff=1.000000
compressionRatio = 4.081563
  ✓ Compression and decompression successful (ratio: 4.08x)

[139/176] Processing: LITR3N_1_192_288.dat

compression time=0.001639, total fastmode1 topology
compression size = 59652, CR = 3.707906
done
decompression time=0.003837
done
Min=0, Max=1, range=1
Max absolute error = 0.0016963617
Max relative error = 0.001696
Max pw relative error = 0.001696
PSNR = 61.609195, NRMSE= 0.00083088374566848272312
acEff=1.000000
compressionRatio = 3.707906
  ✓ Compression and decompression successful (ratio: 3.70x)

[140/176] Processing: LITTERC_1_192_288.dat

compression time=0.001869, total fastmode1 topology
compression size = 60918, CR = 3.630848
done
decompression time=0.003572
done
Min=0, Max=1, range=1
Max absolute error = 0.0017743595
Max relative error = 0.001774
Max pw relative error = 0.001774
PSNR = 61.586647, NRMSE= 0.00083304341593191803036
acEff=1.000000
compressionRatio = 3.630848
  ✓ Compression and decompression successful (ratio: 3.63x)

[141/176] Processing: LITTERC_HR_1_192_288.dat

compression time=0.001739, total fastmode1 topology
compression size = 54941, CR = 4.025846
done
decompression time=0.003421
done
Min=0, Max=1, range=1
Max absolute error = 0.0009999275
Max relative error = 0.001000
Max pw relative error = 0.001000
PSNR = 62.071958, NRMSE= 0.00078777481230396116576
acEff=1.000000
compressionRatio = 4.025846
  ✓ Compression and decompression successful (ratio: 4.02x)

[142/176] Processing: LITTERC_LOSS_1_192_288.dat

compression time=0.001663, total fastmode1 topology
compression size = 55473, CR = 3.987237
done
decompression time=0.003493
done
Min=0, Max=1, range=1
Max absolute error = 0.0009999275
Max relative error = 0.001000
Max pw relative error = 0.001000
PSNR = 62.071969, NRMSE= 0.00078777385966544123067
acEff=1.000000
compressionRatio = 3.987237
  ✓ Compression and decompression successful (ratio: 3.98x)

[143/176] Processing: LIVECROOTC_1_192_288.dat

compression time=0.001847, total fastmode1 topology
compression size = 58943, CR = 3.752507
done
decompression time=0.003512
done
Min=0, Max=1, range=1
Max absolute error = 0.0018334519
Max relative error = 0.001833
Max pw relative error = 0.001833
PSNR = 61.661845, NRMSE= 0.00082586254468377010788
acEff=1.000000
compressionRatio = 3.752507
  ✓ Compression and decompression successful (ratio: 3.75x)

[144/176] Processing: LIVECROOTN_1_192_288.dat

compression time=0.001875, total fastmode1 topology
compression size = 57018, CR = 3.879196
done
decompression time=0.003507
done
Min=0, Max=1, range=1
Max absolute error = 0.0013890835
Max relative error = 0.001389
Max pw relative error = 0.001389
PSNR = 61.823861, NRMSE= 0.00081060061041187704816
acEff=1.000000
compressionRatio = 3.879196
  ✓ Compression and decompression successful (ratio: 3.87x)

[145/176] Processing: LIVESTEMC_1_192_288.dat

compression time=0.001581, total fastmode1 topology
compression size = 59353, CR = 3.726585
done
decompression time=0.003736
done
Min=0, Max=1, range=1
Max absolute error = 0.0018394999
Max relative error = 0.001839
Max pw relative error = 0.001839
PSNR = 61.643183, NRMSE= 0.00082763881976055512536
acEff=1.000000
compressionRatio = 3.726585
  ✓ Compression and decompression successful (ratio: 3.72x)

[146/176] Processing: LIVESTEMN_1_192_288.dat

compression time=0.001757, total fastmode1 topology
compression size = 57719, CR = 3.832083
done
decompression time=0.003527
done
Min=0, Max=1, range=1
Max absolute error = 0.0016058963
Max relative error = 0.001606
Max pw relative error = 0.001606
PSNR = 61.747262, NRMSE= 0.00081778079765863439556
acEff=1.000000
compressionRatio = 3.832083
  ✓ Compression and decompression successful (ratio: 3.83x)

[147/176] Processing: longxy_192_288.dat

compression time=0.001234, total fastmode1 topology
compression size = 55822, CR = 3.962309
done
decompression time=0.002658
done
Min=0, Max=1, range=1
Max absolute error = 0.0009999275
Max relative error = 0.001000
Max pw relative error = 0.001000
PSNR = 61.256411, NRMSE= 0.00086532541170605316045
acEff=1.000000
compressionRatio = 3.962309
  ✓ Compression and decompression successful (ratio: 3.96x)

[148/176] Processing: longxyatm_192_288.dat

compression time=0.001298, total fastmode1 topology
compression size = 58021, CR = 3.812137
done
decompression time=0.002450
done
Min=0, Max=1, range=1
Max absolute error = 0.0009999275
Max relative error = 0.001000
Max pw relative error = 0.001000
PSNR = 69.151006, NRMSE= 0.00034869819955605650848
acEff=1.000000
compressionRatio = 3.812137
  ✓ Compression and decompression successful (ratio: 3.81x)

[149/176] Processing: MEAN_FIRE_PROB_1_192_288.dat

compression time=0.001529, total fastmode1 topology
compression size = 56367, CR = 3.923998
done
decompression time=0.003443
done
Min=0, Max=1, range=1
Max absolute error = 0.0014073064
Max relative error = 0.001407
Max pw relative error = 0.001407
PSNR = 61.040045, NRMSE= 0.00088715138106341419853
acEff=1.000000
compressionRatio = 3.923998
  ✓ Compression and decompression successful (ratio: 3.92x)

[150/176] Processing: MR_1_192_288.dat

compression time=0.001574, total fastmode1 topology
compression size = 55427, CR = 3.990546
done
decompression time=0.003460
done
Min=0, Max=1, range=1
Max absolute error = 0.0009999275
Max relative error = 0.001000
Max pw relative error = 0.001000
PSNR = 62.071856, NRMSE= 0.00078778405446433357427
acEff=1.000000
compressionRatio = 3.990546
  ✓ Compression and decompression successful (ratio: 3.99x)

[151/176] Processing: NBP_1_192_288.dat

compression time=0.001692, total fastmode1 topology
compression size = 55761, CR = 3.966643
done
decompression time=0.003558
done
Min=0, Max=1, range=1
Max absolute error = 0.0009999275
Max relative error = 0.001000
Max pw relative error = 0.001000
PSNR = 62.071657, NRMSE= 0.00078780208775576098142
acEff=1.000000
compressionRatio = 3.966643
  ✓ Compression and decompression successful (ratio: 3.96x)

[152/176] Processing: NDEPLOY_1_192_288.dat

compression time=0.001410, total fastmode1 topology
compression size = 52725, CR = 4.195050
done
decompression time=0.003047
done
Min=0, Max=1, range=1
Max absolute error = 0.0009999275
Max relative error = 0.001000
Max pw relative error = 0.001000
PSNR = 62.071964, NRMSE= 0.00078777429288706907282
acEff=1.000000
compressionRatio = 4.195050
  ✓ Compression and decompression successful (ratio: 4.19x)

[153/176] Processing: NDEP_TO_SMINN_1_192_288.dat

compression time=0.001181, total fastmode1 topology
compression size = 52326, CR = 4.227038
done
decompression time=0.002680
done
Min=0, Max=1, range=1
Max absolute error = 0.0009999275
Max relative error = 0.001000
Max pw relative error = 0.001000
PSNR = 62.071967, NRMSE= 0.00078777397612012631852
acEff=1.000000
compressionRatio = 4.227038
  ✓ Compression and decompression successful (ratio: 4.22x)

[154/176] Processing: NEE_1_192_288.dat

compression time=0.001770, total fastmode1 topology
compression size = 55730, CR = 3.968850
done
decompression time=0.003474
done
Min=0, Max=1, range=1
Max absolute error = 0.0009999275
Max relative error = 0.001000
Max pw relative error = 0.001000
PSNR = 62.071820, NRMSE= 0.00078778734046022747244
acEff=1.000000
compressionRatio = 3.968850
  ✓ Compression and decompression successful (ratio: 3.96x)

[155/176] Processing: NEP_1_192_288.dat

compression time=0.001805, total fastmode1 topology
compression size = 55707, CR = 3.970489
done
decompression time=0.003403
done
Min=0, Max=1, range=1
Max absolute error = 0.0009999275
Max relative error = 0.001000
Max pw relative error = 0.001000
PSNR = 62.071641, NRMSE= 0.00078780354078427706523
acEff=1.000000
compressionRatio = 3.970488
  ✓ Compression and decompression successful (ratio: 3.97x)

[156/176] Processing: NET_NMIN_1_192_288.dat

compression time=0.001426, total fastmode1 topology
compression size = 52821, CR = 4.187426
done
decompression time=0.002991
done
Min=0, Max=1, range=1
Max absolute error = 0.0009999275
Max relative error = 0.001000
Max pw relative error = 0.001000
PSNR = 62.071961, NRMSE= 0.00078777453900632544992
acEff=1.000000
compressionRatio = 4.187425
  ✓ Compression and decompression successful (ratio: 4.18x)

[157/176] Processing: NFIX_TO_SMINN_1_192_288.dat

compression time=0.001386, total fastmode1 topology
compression size = 52326, CR = 4.227038
done
decompression time=0.002707
done
Min=0, Max=1, range=1
Max absolute error = 0.0009999275
Max relative error = 0.001000
Max pw relative error = 0.001000
PSNR = 62.071967, NRMSE= 0.00078777397612012631852
acEff=1.000000
compressionRatio = 4.227038
  ✓ Compression and decompression successful (ratio: 4.22x)

[158/176] Processing: NPP_1_192_288.dat

compression time=0.001574, total fastmode1 topology
compression size = 55143, CR = 4.011098
done
decompression time=0.003515
done
Min=0, Max=1, range=1
Max absolute error = 0.0009999275
Max relative error = 0.001000
Max pw relative error = 0.001000
PSNR = 62.071759, NRMSE= 0.00078779288567366368996
acEff=1.000000
compressionRatio = 4.011098
  ✓ Compression and decompression successful (ratio: 4.01x)

[159/176] Processing: OCDEP_1_192_288.dat

compression time=0.001330, total fastmode1 topology
compression size = 52326, CR = 4.227038
done
decompression time=0.002469
done
Min=0, Max=1, range=1
Max absolute error = 0.0009999275
Max relative error = 0.001000
Max pw relative error = 0.001000
PSNR = 62.071967, NRMSE= 0.00078777397612012631852
acEff=1.000000
compressionRatio = 4.227038
  ✓ Compression and decompression successful (ratio: 4.22x)

[160/176] Processing: PBOT_1_192_288.dat

compression time=0.001341, total fastmode1 topology
compression size = 56453, CR = 3.918020
done
decompression time=0.003323
done
Min=0, Max=1, range=1
Max absolute error = 0.0010007918
Max relative error = 0.001001
Max pw relative error = 0.001001
PSNR = 61.225819, NRMSE= 0.0008683785091914327783
acEff=1.000000
compressionRatio = 3.918020
  ✓ Compression and decompression successful (ratio: 3.91x)

[161/176] Processing: PCO2_1_192_288.dat

compression time=0.001457, total fastmode1 topology
compression size = 56426, CR = 3.919895
done
decompression time=0.003567
done
Min=0, Max=1, range=1
Max absolute error = 0.0010074154
Max relative error = 0.001007
Max pw relative error = 0.001007
PSNR = 61.307795, NRMSE= 0.00086022143448309911894
acEff=1.000000
compressionRatio = 3.919895
  ✓ Compression and decompression successful (ratio: 3.91x)

[162/176] Processing: PFT_CTRUNC_1_192_288.dat

compression time=0.001568, total fastmode1 topology
compression size = 55121, CR = 4.012699
done
decompression time=0.003414
done
Min=0, Max=1, range=1
Max absolute error = 0.0009999971
Max relative error = 0.001000
Max pw relative error = 0.001000
PSNR = 62.071614, NRMSE= 0.00078780605534533839143
acEff=1.000000
compressionRatio = 4.012699
  ✓ Compression and decompression successful (ratio: 4.01x)

[163/176] Processing: PFT_FIRE_CLOSS_1_192_288.dat

compression time=0.001273, total fastmode1 topology
compression size = 52795, CR = 4.189487
done
decompression time=0.003040
done
Min=0, Max=1, range=1
Max absolute error = 0.0009999885
Max relative error = 0.001000
Max pw relative error = 0.001000
PSNR = 62.071839, NRMSE= 0.00078778563817122381277
acEff=1.000000
compressionRatio = 4.189488
  ✓ Compression and decompression successful (ratio: 4.18x)

[164/176] Processing: PFT_FIRE_NLOSS_1_192_288.dat

compression time=0.001256, total fastmode1 topology
compression size = 52417, CR = 4.219700
done
decompression time=0.002463
done
Min=0, Max=1, range=1
Max absolute error = 0.0009999275
Max relative error = 0.001000
Max pw relative error = 0.001000
PSNR = 62.071967, NRMSE= 0.00078777398362276989871
acEff=1.000000
compressionRatio = 4.219700
  ✓ Compression and decompression successful (ratio: 4.21x)

[165/176] Processing: PFT_NTRUNC_1_192_288.dat

compression time=0.001787, total fastmode1 topology
compression size = 55108, CR = 4.013646
done
decompression time=0.003399
done
Min=0, Max=1, range=1
Max absolute error = 0.0009999971
Max relative error = 0.001000
Max pw relative error = 0.001000
PSNR = 62.071480, NRMSE= 0.00078781814304160148379
acEff=1.000000
compressionRatio = 4.013646
  ✓ Compression and decompression successful (ratio: 4.01x)

[166/176] Processing: PLANT_NDEMAND_1_192_288.dat

compression time=0.001638, total fastmode1 topology
compression size = 53091, CR = 4.166130
done
decompression time=0.003067
done
Min=0, Max=1, range=1
Max absolute error = 0.0009999785
Max relative error = 0.001000
Max pw relative error = 0.001000
PSNR = 62.071834, NRMSE= 0.00078778606990747982505
acEff=1.000000
compressionRatio = 4.166130
  ✓ Compression and decompression successful (ratio: 4.16x)

[167/176] Processing: POTENTIAL_IMMOB_1_192_288.dat

compression time=0.001552, total fastmode1 topology
compression size = 53611, CR = 4.125721
done
decompression time=0.003203
done
Min=0, Max=1, range=1
Max absolute error = 0.0009999987
Max relative error = 0.001000
Max pw relative error = 0.001000
PSNR = 62.071451, NRMSE= 0.00078782085662690607645
acEff=1.000000
compressionRatio = 4.125720
  ✓ Compression and decompression successful (ratio: 4.12x)

[168/176] Processing: PROD100C_1_192_288.dat

compression time=0.001382, total fastmode1 topology
compression size = 52326, CR = 4.227038
done
decompression time=0.002437
done
Min=0, Max=1, range=1
Max absolute error = 0.0009999275
Max relative error = 0.001000
Max pw relative error = 0.001000
PSNR = 62.071967, NRMSE= 0.00078777397612012631852
acEff=1.000000
compressionRatio = 4.227038
  ✓ Compression and decompression successful (ratio: 4.22x)

[169/176] Processing: PROD100C_LOSS_1_192_288.dat

compression time=0.001400, total fastmode1 topology
compression size = 52326, CR = 4.227038
done
decompression time=0.003231
done
Min=0, Max=1, range=1
Max absolute error = 0.0009999275
Max relative error = 0.001000
Max pw relative error = 0.001000
PSNR = 62.071967, NRMSE= 0.00078777397612012631852
acEff=1.000000
compressionRatio = 4.227038
  ✓ Compression and decompression successful (ratio: 4.22x)

[170/176] Processing: PROD100N_1_192_288.dat

compression time=0.001204, total fastmode1 topology
compression size = 52326, CR = 4.227038
done
decompression time=0.002459
done
Min=0, Max=1, range=1
Max absolute error = 0.0009999275
Max relative error = 0.001000
Max pw relative error = 0.001000
PSNR = 62.071967, NRMSE= 0.00078777397612012631852
acEff=1.000000
compressionRatio = 4.227038
  ✓ Compression and decompression successful (ratio: 4.22x)

[171/176] Processing: PROD100N_LOSS_1_192_288.dat

compression time=0.001256, total fastmode1 topology
compression size = 52326, CR = 4.227038
done
decompression time=0.002501
done
Min=0, Max=1, range=1
Max absolute error = 0.0009999275
Max relative error = 0.001000
Max pw relative error = 0.001000
PSNR = 62.071967, NRMSE= 0.00078777397612012631852
acEff=1.000000
compressionRatio = 4.227038
  ✓ Compression and decompression successful (ratio: 4.22x)

[172/176] Processing: PROD10C_1_192_288.dat

compression time=0.001292, total fastmode1 topology
compression size = 52326, CR = 4.227038
done
decompression time=0.002443
done
Min=0, Max=1, range=1
Max absolute error = 0.0009999275
Max relative error = 0.001000
Max pw relative error = 0.001000
PSNR = 62.071967, NRMSE= 0.00078777397612012631852
acEff=1.000000
compressionRatio = 4.227038
  ✓ Compression and decompression successful (ratio: 4.22x)

[173/176] Processing: PROD10C_LOSS_1_192_288.dat

compression time=0.001190, total fastmode1 topology
compression size = 52326, CR = 4.227038
done
decompression time=0.002574
done
Min=0, Max=1, range=1
Max absolute error = 0.0009999275
Max relative error = 0.001000
Max pw relative error = 0.001000
PSNR = 62.071967, NRMSE= 0.00078777397612012631852
acEff=1.000000
compressionRatio = 4.227038
  ✓ Compression and decompression successful (ratio: 4.22x)

[174/176] Processing: PROD10N_1_192_288.dat

compression time=0.001300, total fastmode1 topology
compression size = 52326, CR = 4.227038
done
decompression time=0.002585
done
Min=0, Max=1, range=1
Max absolute error = 0.0009999275
Max relative error = 0.001000
Max pw relative error = 0.001000
PSNR = 62.071967, NRMSE= 0.00078777397612012631852
acEff=1.000000
compressionRatio = 4.227038
  ✓ Compression and decompression successful (ratio: 4.22x)

[175/176] Processing: topo_192_288.dat

compression time=0.001364, total fastmode1 topology
compression size = 52326, CR = 4.227038
done
decompression time=0.002432
done
Min=0, Max=1, range=1
Max absolute error = 0.0009999275
Max relative error = 0.001000
Max pw relative error = 0.001000
PSNR = 62.071967, NRMSE= 0.00078777397612012631852
acEff=1.000000
compressionRatio = 4.227038
  ✓ Compression and decompression successful (ratio: 4.22x)

[176/176] Processing: topodnsc_192_288.dat

compression time=0.001563, total fastmode1 topology
compression size = 52326, CR = 4.227038
done
decompression time=0.002539
done
Min=0, Max=1, range=1
Max absolute error = 0.0009999275
Max relative error = 0.001000
Max pw relative error = 0.001000
PSNR = 62.071967, NRMSE= 0.00078777397612012631852
acEff=1.000000
compressionRatio = 4.227038
  ✓ Compression and decompression successful (ratio: 4.22x)

=== Summary ===
Total files processed: 176
Total files skipped: 0
Total files failed: 0

