Input directory: ../../CESM-LAND-MODELS/4/log_normalized/
Output directory: ../../CESM-LAND-MODELS/4/log_normalized/topoSZp_26_thread/
Dimensions: 192x288 (55296 elements)
Error bound: 1E-3
Block size: 16

Found 176 .dat file(s) to process

[1/176] Processing: ACTUAL_IMMOB_1_192_288.dat

compression time=0.002545, total fastmode1 topology
compression size = 53150, CR = 4.161505
done
decompression time=0.003795
done
Min=0, Max=1, range=1
Max absolute error = 0.0009999275
Max relative error = 0.001000
Max pw relative error = 0.001000
PSNR = 62.071960, NRMSE= 0.00078777463977702962255
acEff=1.000000
compressionRatio = 4.161505
  ✓ Compression and decompression successful (ratio: 4.16x)

[2/176] Processing: AGNPP_1_192_288.dat

compression time=0.002351, total fastmode1 topology
compression size = 54100, CR = 4.088429
done
decompression time=0.003927
done
Min=0, Max=1, range=1
Max absolute error = 0.0009999275
Max relative error = 0.001000
Max pw relative error = 0.001000
PSNR = 62.071980, NRMSE= 0.00078777284041270465714
acEff=1.000000
compressionRatio = 4.088429
  ✓ Compression and decompression successful (ratio: 4.08x)

[3/176] Processing: ANN_FAREA_BURNED_1_192_288.dat

compression time=0.002821, total fastmode1 topology
compression size = 54969, CR = 4.023795
done
decompression time=0.004729
done
Min=0, Max=1, range=1
Max absolute error = 0.0015493974
Max relative error = 0.001549
Max pw relative error = 0.001549
PSNR = 61.279291, NRMSE= 0.0008630490281471423419
acEff=1.000000
compressionRatio = 4.023795
  ✓ Compression and decompression successful (ratio: 4.02x)

[4/176] Processing: AR_1_192_288.dat

compression time=0.002868, total fastmode1 topology
compression size = 55538, CR = 3.982570
done
decompression time=0.004188
done
Min=0, Max=1, range=1
Max absolute error = 0.0009999275
Max relative error = 0.001000
Max pw relative error = 0.001000
PSNR = 62.071882, NRMSE= 0.00078778168674233334072
acEff=1.000000
compressionRatio = 3.982570
  ✓ Compression and decompression successful (ratio: 3.98x)

[5/176] Processing: area_192_288.dat

compression time=0.002202, total fastmode1 topology
compression size = 52495, CR = 4.213430
done
decompression time=0.003312
done
Min=0, Max=1, range=1
Max absolute error = 0.0009999275
Max relative error = 0.001000
Max pw relative error = 0.001000
PSNR = 61.236845, NRMSE= 0.00086727687525883757035
acEff=1.000000
compressionRatio = 4.213430
  ✓ Compression and decompression successful (ratio: 4.21x)

[6/176] Processing: areaatm_192_288.dat

compression time=0.002097, total fastmode1 topology
compression size = 52491, CR = 4.213751
done
decompression time=0.003411
done
Min=0, Max=1, range=1
Max absolute error = 0.0009999275
Max relative error = 0.001000
Max pw relative error = 0.001000
PSNR = 69.412901, NRMSE= 0.00033834124005249793148
acEff=1.000000
compressionRatio = 4.213751
  ✓ Compression and decompression successful (ratio: 4.21x)

[7/176] Processing: areaupsc_192_288.dat

compression time=0.002213, total fastmode1 topology
compression size = 52495, CR = 4.213430
done
decompression time=0.028260
done
Min=0, Max=1, range=1
Max absolute error = 0.0009999275
Max relative error = 0.001000
Max pw relative error = 0.001000
PSNR = 61.236845, NRMSE= 0.00086727687525883757035
acEff=1.000000
compressionRatio = 4.213430
  ✓ Compression and decompression successful (ratio: 4.21x)

[8/176] Processing: BCDEP_1_192_288.dat

compression time=0.002266, total fastmode1 topology
compression size = 52486, CR = 4.214152
done
decompression time=0.003439
done
Min=0, Max=1, range=1
Max absolute error = 0.0009999275
Max relative error = 0.001000
Max pw relative error = 0.001000
PSNR = 62.071967, NRMSE= 0.00078777397612012631852
acEff=1.000000
compressionRatio = 4.214152
  ✓ Compression and decompression successful (ratio: 4.21x)

[9/176] Processing: BGNPP_1_192_288.dat

compression time=0.002398, total fastmode1 topology
compression size = 54152, CR = 4.084503
done
decompression time=0.004084
done
Min=0, Max=1, range=1
Max absolute error = 0.0009999275
Max relative error = 0.001000
Max pw relative error = 0.001000
PSNR = 62.071981, NRMSE= 0.00078777271351719937737
acEff=1.000000
compressionRatio = 4.084503
  ✓ Compression and decompression successful (ratio: 4.08x)

[10/176] Processing: BTRAN_1_192_288.dat

compression time=0.002623, total fastmode1 topology
compression size = 57853, CR = 3.823207
done
decompression time=0.004244
done
Min=0, Max=1, range=1
Max absolute error = 0.0014253405
Max relative error = 0.001425
Max pw relative error = 0.001425
PSNR = 61.687056, NRMSE= 0.000823468915686527414
acEff=1.000000
compressionRatio = 3.823207
  ✓ Compression and decompression successful (ratio: 3.82x)

[11/176] Processing: BUILDHEAT_1_192_288.dat

compression time=0.002795, total fastmode1 topology
compression size = 54758, CR = 4.039300
done
decompression time=0.004044
done
Min=0, Max=1, range=1
Max absolute error = 0.0010040253
Max relative error = 0.001004
Max pw relative error = 0.001004
PSNR = 62.002050, NRMSE= 0.00079414079476872688739
acEff=1.000000
compressionRatio = 4.039300
  ✓ Compression and decompression successful (ratio: 4.03x)

[12/176] Processing: COL_CTRUNC_1_192_288.dat

compression time=0.002564, total fastmode1 topology
compression size = 53469, CR = 4.136677
done
decompression time=0.003902
done
Min=0, Max=1, range=1
Max absolute error = 0.0009999987
Max relative error = 0.001000
Max pw relative error = 0.001000
PSNR = 62.071874, NRMSE= 0.00078778242823206450114
acEff=1.000000
compressionRatio = 4.136677
  ✓ Compression and decompression successful (ratio: 4.13x)

[13/176] Processing: COL_FIRE_CLOSS_1_192_288.dat

compression time=0.002276, total fastmode1 topology
compression size = 52977, CR = 4.175095
done
decompression time=0.003851
done
Min=0, Max=1, range=1
Max absolute error = 0.0009999871
Max relative error = 0.001000
Max pw relative error = 0.001000
PSNR = 62.071842, NRMSE= 0.00078778536803434523472
acEff=1.000000
compressionRatio = 4.175095
  ✓ Compression and decompression successful (ratio: 4.17x)

[14/176] Processing: COL_FIRE_NLOSS_1_192_288.dat

compression time=0.002166, total fastmode1 topology
compression size = 52517, CR = 4.211665
done
decompression time=0.003167
done
Min=0, Max=1, range=1
Max absolute error = 0.0009999275
Max relative error = 0.001000
Max pw relative error = 0.001000
PSNR = 62.071967, NRMSE= 0.00078777399006661709066
acEff=1.000000
compressionRatio = 4.211665
  ✓ Compression and decompression successful (ratio: 4.21x)

[15/176] Processing: COL_NTRUNC_1_192_288.dat

compression time=0.002159, total fastmode1 topology
compression size = 53079, CR = 4.167072
done
decompression time=0.003771
done
Min=0, Max=1, range=1
Max absolute error = 0.0013290693
Max relative error = 0.001329
Max pw relative error = 0.001329
PSNR = 62.062388, NRMSE= 0.00078864326157665845009
acEff=1.000000
compressionRatio = 4.167072
  ✓ Compression and decompression successful (ratio: 4.16x)

[16/176] Processing: CPOOL_1_192_288.dat

compression time=0.002082, total fastmode1 topology
compression size = 52486, CR = 4.214152
done
decompression time=0.003411
done
Min=0, Max=1, range=1
Max absolute error = 0.0009999275
Max relative error = 0.001000
Max pw relative error = 0.001000
PSNR = 62.071967, NRMSE= 0.00078777397612012631852
acEff=1.000000
compressionRatio = 4.214152
  ✓ Compression and decompression successful (ratio: 4.21x)

[17/176] Processing: CWDC_1_192_288.dat

compression time=0.003070, total fastmode1 topology
compression size = 60225, CR = 3.672628
done
decompression time=0.004325
done
Min=0, Max=1, range=1
Max absolute error = 0.0019370429
Max relative error = 0.001937
Max pw relative error = 0.001937
PSNR = 61.631420, NRMSE= 0.00082876041846146665006
acEff=1.000000
compressionRatio = 3.672628
  ✓ Compression and decompression successful (ratio: 3.67x)

[18/176] Processing: CWDC_HR_1_192_288.dat

compression time=0.002224, total fastmode1 topology
compression size = 52486, CR = 4.214152
done
decompression time=0.003423
done
Min=0, Max=1, range=1
Max absolute error = 0.0009999275
Max relative error = 0.001000
Max pw relative error = 0.001000
PSNR = 62.071967, NRMSE= 0.00078777397612012631852
acEff=1.000000
compressionRatio = 4.214152
  ✓ Compression and decompression successful (ratio: 4.21x)

[19/176] Processing: CWDC_LOSS_1_192_288.dat

compression time=0.002479, total fastmode1 topology
compression size = 53965, CR = 4.098657
done
decompression time=0.004024
done
Min=0, Max=1, range=1
Max absolute error = 0.0009999770
Max relative error = 0.001000
Max pw relative error = 0.001000
PSNR = 62.071842, NRMSE= 0.00078778531932419820771
acEff=1.000000
compressionRatio = 4.098657
  ✓ Compression and decompression successful (ratio: 4.09x)

[20/176] Processing: CWDN_1_192_288.dat

compression time=0.002779, total fastmode1 topology
compression size = 58607, CR = 3.774020
done
decompression time=0.004325
done
Min=0, Max=1, range=1
Max absolute error = 0.0016611414
Max relative error = 0.001661
Max pw relative error = 0.001661
PSNR = 61.677155, NRMSE= 0.00082440810996794013435
acEff=1.000000
compressionRatio = 3.774020
  ✓ Compression and decompression successful (ratio: 3.77x)

[21/176] Processing: DEADCROOTC_1_192_288.dat

compression time=0.002210, total fastmode1 topology
compression size = 60293, CR = 3.668486
done
decompression time=0.004255
done
Min=0, Max=1, range=1
Max absolute error = 0.0018982366
Max relative error = 0.001898
Max pw relative error = 0.001898
PSNR = 61.626776, NRMSE= 0.00082920364828213872794
acEff=1.000000
compressionRatio = 3.668486
  ✓ Compression and decompression successful (ratio: 3.66x)

[22/176] Processing: DEADCROOTN_1_192_288.dat

compression time=0.002819, total fastmode1 topology
compression size = 58761, CR = 3.764129
done
decompression time=0.004208
done
Min=0, Max=1, range=1
Max absolute error = 0.0016184282
Max relative error = 0.001618
Max pw relative error = 0.001618
PSNR = 61.668966, NRMSE= 0.0008251857285515751695
acEff=1.000000
compressionRatio = 3.764129
  ✓ Compression and decompression successful (ratio: 3.76x)

[23/176] Processing: DEADSTEMC_1_192_288.dat

compression time=0.002604, total fastmode1 topology
compression size = 60447, CR = 3.659139
done
decompression time=0.004181
done
Min=0, Max=1, range=1
Max absolute error = 0.0018786788
Max relative error = 0.001879
Max pw relative error = 0.001879
PSNR = 61.628549, NRMSE= 0.0008290344397946465332
acEff=1.000000
compressionRatio = 3.659139
  ✓ Compression and decompression successful (ratio: 3.65x)

[24/176] Processing: DEADSTEMN_1_192_288.dat

compression time=0.002561, total fastmode1 topology
compression size = 59190, CR = 3.736847
done
decompression time=0.004494
done
Min=0, Max=1, range=1
Max absolute error = 0.0015565697
Max relative error = 0.001557
Max pw relative error = 0.001557
PSNR = 61.657801, NRMSE= 0.00082624711937842923969
acEff=1.000000
compressionRatio = 3.736847
  ✓ Compression and decompression successful (ratio: 3.73x)

[25/176] Processing: DENIT_1_192_288.dat

compression time=0.002145, total fastmode1 topology
compression size = 52602, CR = 4.204859
done
decompression time=0.003768
done
Min=0, Max=1, range=1
Max absolute error = 0.0009999275
Max relative error = 0.001000
Max pw relative error = 0.001000
PSNR = 62.071966, NRMSE= 0.00078777414295338478965
acEff=1.000000
compressionRatio = 4.204859
  ✓ Compression and decompression successful (ratio: 4.20x)

[26/176] Processing: DISPVEGC_1_192_288.dat

compression time=0.002443, total fastmode1 topology
compression size = 60760, CR = 3.640290
done
decompression time=0.004196
done
Min=0, Max=1, range=1
Max absolute error = 0.0017272756
Max relative error = 0.001727
Max pw relative error = 0.001727
PSNR = 61.590069, NRMSE= 0.00083271535476809298033
acEff=1.000000
compressionRatio = 3.640290
  ✓ Compression and decompression successful (ratio: 3.64x)

[27/176] Processing: DISPVEGN_1_192_288.dat

compression time=0.002639, total fastmode1 topology
compression size = 59685, CR = 3.705856
done
decompression time=0.004254
done
Min=0, Max=1, range=1
Max absolute error = 0.0016675610
Max relative error = 0.001668
Max pw relative error = 0.001668
PSNR = 61.599529, NRMSE= 0.0008318089123510338757
acEff=1.000000
compressionRatio = 3.705856
  ✓ Compression and decompression successful (ratio: 3.70x)

[28/176] Processing: DSTDEP_1_192_288.dat

compression time=0.002254, total fastmode1 topology
compression size = 52486, CR = 4.214152
done
decompression time=0.003321
done
Min=0, Max=1, range=1
Max absolute error = 0.0009999275
Max relative error = 0.001000
Max pw relative error = 0.001000
PSNR = 62.071967, NRMSE= 0.00078777397612012631852
acEff=1.000000
compressionRatio = 4.214152
  ✓ Compression and decompression successful (ratio: 4.21x)

[29/176] Processing: DSTFLXT_1_192_288.dat

compression time=0.002431, total fastmode1 topology
compression size = 52551, CR = 4.208940
done
decompression time=0.003294
done
Min=0, Max=1, range=1
Max absolute error = 0.0009999275
Max relative error = 0.001000
Max pw relative error = 0.001000
PSNR = 62.071967, NRMSE= 0.00078777399825947342325
acEff=1.000000
compressionRatio = 4.208940
  ✓ Compression and decompression successful (ratio: 4.20x)

[30/176] Processing: DWT_CLOSS_1_192_288.dat

compression time=0.002279, total fastmode1 topology
compression size = 52486, CR = 4.214152
done
decompression time=0.003231
done
Min=0, Max=1, range=1
Max absolute error = 0.0009999275
Max relative error = 0.001000
Max pw relative error = 0.001000
PSNR = 62.071967, NRMSE= 0.00078777397612012631852
acEff=1.000000
compressionRatio = 4.214152
  ✓ Compression and decompression successful (ratio: 4.21x)

[31/176] Processing: DWT_CONV_CFLUX_1_192_288.dat

compression time=0.002308, total fastmode1 topology
compression size = 52486, CR = 4.214152
done
decompression time=0.003345
done
Min=0, Max=1, range=1
Max absolute error = 0.0009999275
Max relative error = 0.001000
Max pw relative error = 0.001000
PSNR = 62.071967, NRMSE= 0.00078777397612012631852
acEff=1.000000
compressionRatio = 4.214152
  ✓ Compression and decompression successful (ratio: 4.21x)

[32/176] Processing: DWT_CONV_NFLUX_1_192_288.dat

compression time=0.002369, total fastmode1 topology
compression size = 52486, CR = 4.214152
done
decompression time=0.003367
done
Min=0, Max=1, range=1
Max absolute error = 0.0009999275
Max relative error = 0.001000
Max pw relative error = 0.001000
PSNR = 62.071967, NRMSE= 0.00078777397612012631852
acEff=1.000000
compressionRatio = 4.214152
  ✓ Compression and decompression successful (ratio: 4.21x)

[33/176] Processing: DWT_NLOSS_1_192_288.dat

compression time=0.002600, total fastmode1 topology
compression size = 52486, CR = 4.214152
done
decompression time=0.003470
done
Min=0, Max=1, range=1
Max absolute error = 0.0009999275
Max relative error = 0.001000
Max pw relative error = 0.001000
PSNR = 62.071967, NRMSE= 0.00078777397612012631852
acEff=1.000000
compressionRatio = 4.214152
  ✓ Compression and decompression successful (ratio: 4.21x)

[34/176] Processing: DWT_PROD100C_GAIN_1_192_288.dat

compression time=0.002145, total fastmode1 topology
compression size = 52486, CR = 4.214152
done
decompression time=0.003428
done
Min=0, Max=1, range=1
Max absolute error = 0.0009999275
Max relative error = 0.001000
Max pw relative error = 0.001000
PSNR = 62.071967, NRMSE= 0.00078777397612012631852
acEff=1.000000
compressionRatio = 4.214152
  ✓ Compression and decompression successful (ratio: 4.21x)

[35/176] Processing: DWT_PROD100N_GAIN_1_192_288.dat

compression time=0.002536, total fastmode1 topology
compression size = 52486, CR = 4.214152
done
decompression time=0.003290
done
Min=0, Max=1, range=1
Max absolute error = 0.0009999275
Max relative error = 0.001000
Max pw relative error = 0.001000
PSNR = 62.071967, NRMSE= 0.00078777397612012631852
acEff=1.000000
compressionRatio = 4.214152
  ✓ Compression and decompression successful (ratio: 4.21x)

[36/176] Processing: DWT_PROD10C_GAIN_1_192_288.dat

compression time=0.002324, total fastmode1 topology
compression size = 52486, CR = 4.214152
done
decompression time=0.003262
done
Min=0, Max=1, range=1
Max absolute error = 0.0009999275
Max relative error = 0.001000
Max pw relative error = 0.001000
PSNR = 62.071967, NRMSE= 0.00078777397612012631852
acEff=1.000000
compressionRatio = 4.214152
  ✓ Compression and decompression successful (ratio: 4.21x)

[37/176] Processing: DWT_PROD10N_GAIN_1_192_288.dat

compression time=0.002317, total fastmode1 topology
compression size = 52486, CR = 4.214152
done
decompression time=0.003361
done
Min=0, Max=1, range=1
Max absolute error = 0.0009999275
Max relative error = 0.001000
Max pw relative error = 0.001000
PSNR = 62.071967, NRMSE= 0.00078777397612012631852
acEff=1.000000
compressionRatio = 4.214152
  ✓ Compression and decompression successful (ratio: 4.21x)

[38/176] Processing: DWT_SEEDC_TO_DEADSTEM_1_192_288.dat

compression time=0.002151, total fastmode1 topology
compression size = 52486, CR = 4.214152
done
decompression time=0.003406
done
Min=0, Max=1, range=1
Max absolute error = 0.0009999275
Max relative error = 0.001000
Max pw relative error = 0.001000
PSNR = 62.071967, NRMSE= 0.00078777397612012631852
acEff=1.000000
compressionRatio = 4.214152
  ✓ Compression and decompression successful (ratio: 4.21x)

[39/176] Processing: DWT_SEEDC_TO_LEAF_1_192_288.dat

compression time=0.002113, total fastmode1 topology
compression size = 52486, CR = 4.214152
done
decompression time=0.003411
done
Min=0, Max=1, range=1
Max absolute error = 0.0009999275
Max relative error = 0.001000
Max pw relative error = 0.001000
PSNR = 62.071967, NRMSE= 0.00078777397612012631852
acEff=1.000000
compressionRatio = 4.214152
  ✓ Compression and decompression successful (ratio: 4.21x)

[40/176] Processing: DWT_SEEDN_TO_DEADSTEM_1_192_288.dat

compression time=0.002108, total fastmode1 topology
compression size = 52486, CR = 4.214152
done
decompression time=0.003220
done
Min=0, Max=1, range=1
Max absolute error = 0.0009999275
Max relative error = 0.001000
Max pw relative error = 0.001000
PSNR = 62.071967, NRMSE= 0.00078777397612012631852
acEff=1.000000
compressionRatio = 4.214152
  ✓ Compression and decompression successful (ratio: 4.21x)

[41/176] Processing: DWT_SEEDN_TO_LEAF_1_192_288.dat

compression time=0.002501, total fastmode1 topology
compression size = 52486, CR = 4.214152
done
decompression time=0.003358
done
Min=0, Max=1, range=1
Max absolute error = 0.0009999275
Max relative error = 0.001000
Max pw relative error = 0.001000
PSNR = 62.071967, NRMSE= 0.00078777397612012631852
acEff=1.000000
compressionRatio = 4.214152
  ✓ Compression and decompression successful (ratio: 4.21x)

[42/176] Processing: EFLX_DYNBAL_1_192_288.dat

compression time=0.002258, total fastmode1 topology
compression size = 52486, CR = 4.214152
done
decompression time=0.003338
done
Min=0, Max=1, range=1
Max absolute error = 0.0009999275
Max relative error = 0.001000
Max pw relative error = 0.001000
PSNR = 62.071967, NRMSE= 0.00078777397612012631852
acEff=1.000000
compressionRatio = 4.214152
  ✓ Compression and decompression successful (ratio: 4.21x)

[43/176] Processing: EFLX_LH_TOT_R_1_192_288.dat

compression time=0.002665, total fastmode1 topology
compression size = 57209, CR = 3.866245
done
decompression time=0.004418
done
Min=0, Max=1, range=1
Max absolute error = 0.0013161227
Max relative error = 0.001316
Max pw relative error = 0.001316
PSNR = 60.842321, NRMSE= 0.00090757796551863402588
acEff=1.000000
compressionRatio = 3.866245
  ✓ Compression and decompression successful (ratio: 3.86x)

[44/176] Processing: EFLX_LH_TOT_U_1_192_288.dat

compression time=0.002405, total fastmode1 topology
compression size = 51209, CR = 4.319241
done
decompression time=0.004757
done
Min=0, Max=1, range=1
Max absolute error = 0.0012835730
Max relative error = 0.001284
Max pw relative error = 0.001284
PSNR = 60.241105, NRMSE= 0.00097262342960474765154
acEff=1.000000
compressionRatio = 4.319241
  ✓ Compression and decompression successful (ratio: 4.31x)

[45/176] Processing: ELAI_1_192_288.dat

compression time=0.002536, total fastmode1 topology
compression size = 59081, CR = 3.743742
done
decompression time=0.004378
done
Min=0, Max=1, range=1
Max absolute error = 0.0016564410
Max relative error = 0.001656
Max pw relative error = 0.001656
PSNR = 61.638282, NRMSE= 0.0008281059666567329447
acEff=1.000000
compressionRatio = 3.743742
  ✓ Compression and decompression successful (ratio: 3.74x)

[46/176] Processing: ER_1_192_288.dat

compression time=0.002812, total fastmode1 topology
compression size = 55655, CR = 3.974198
done
decompression time=0.004351
done
Min=0, Max=1, range=1
Max absolute error = 0.0009999275
Max relative error = 0.001000
Max pw relative error = 0.001000
PSNR = 62.072006, NRMSE= 0.00078777046669766112238
acEff=1.000000
compressionRatio = 3.974198
  ✓ Compression and decompression successful (ratio: 3.97x)

[47/176] Processing: ERRH2O_1_192_288.dat

compression time=0.002431, total fastmode1 topology
compression size = 52486, CR = 4.214152
done
decompression time=0.003658
done
Min=0, Max=1, range=1
Max absolute error = 0.0009999275
Max relative error = 0.001000
Max pw relative error = 0.001000
PSNR = 62.071967, NRMSE= 0.00078777397612012631852
acEff=1.000000
compressionRatio = 4.214152
  ✓ Compression and decompression successful (ratio: 4.21x)

[48/176] Processing: ERRSEB_1_192_288.dat

compression time=0.002479, total fastmode1 topology
compression size = 52486, CR = 4.214152
done
decompression time=0.003248
done
Min=0, Max=1, range=1
Max absolute error = 0.0009999275
Max relative error = 0.001000
Max pw relative error = 0.001000
PSNR = 62.071967, NRMSE= 0.00078777397612012631852
acEff=1.000000
compressionRatio = 4.214152
  ✓ Compression and decompression successful (ratio: 4.21x)

[49/176] Processing: ERRSOI_1_192_288.dat

compression time=0.002217, total fastmode1 topology
compression size = 52486, CR = 4.214152
done
decompression time=0.003330
done
Min=0, Max=1, range=1
Max absolute error = 0.0009999275
Max relative error = 0.001000
Max pw relative error = 0.001000
PSNR = 62.071967, NRMSE= 0.00078777397612012631852
acEff=1.000000
compressionRatio = 4.214152
  ✓ Compression and decompression successful (ratio: 4.21x)

[50/176] Processing: ERRSOL_1_192_288.dat

compression time=0.002217, total fastmode1 topology
compression size = 52486, CR = 4.214152
done
decompression time=0.003323
done
Min=0, Max=1, range=1
Max absolute error = 0.0009999275
Max relative error = 0.001000
Max pw relative error = 0.001000
PSNR = 62.071967, NRMSE= 0.00078777397612012631852
acEff=1.000000
compressionRatio = 4.214152
  ✓ Compression and decompression successful (ratio: 4.21x)

[51/176] Processing: ESAI_1_192_288.dat

compression time=0.002478, total fastmode1 topology
compression size = 59511, CR = 3.716691
done
decompression time=0.004325
done
Min=0, Max=1, range=1
Max absolute error = 0.0015745545
Max relative error = 0.001575
Max pw relative error = 0.001575
PSNR = 61.568242, NRMSE= 0.00083481048843496994446
acEff=1.000000
compressionRatio = 3.716691
  ✓ Compression and decompression successful (ratio: 3.71x)

[52/176] Processing: FCEV_1_192_288.dat

compression time=0.002494, total fastmode1 topology
compression size = 58282, CR = 3.795065
done
decompression time=0.004210
done
Min=0, Max=1, range=1
Max absolute error = 0.0015309565
Max relative error = 0.001531
Max pw relative error = 0.001531
PSNR = 61.341448, NRMSE= 0.00085689493519852698907
acEff=1.000000
compressionRatio = 3.795065
  ✓ Compression and decompression successful (ratio: 3.79x)

[53/176] Processing: FCOV_1_192_288.dat

compression time=0.002750, total fastmode1 topology
compression size = 58737, CR = 3.765667
done
decompression time=0.004416
done
Min=0, Max=1, range=1
Max absolute error = 0.3758733273
Max relative error = 0.375873
Max pw relative error = 0.375873
PSNR = 52.253380, NRMSE= 0.0024396694355919333955
acEff=0.999987
compressionRatio = 3.765667
  ✓ Compression and decompression successful (ratio: 3.76x)

[54/176] Processing: FCTR_1_192_288.dat

compression time=0.002409, total fastmode1 topology
compression size = 57961, CR = 3.816083
done
decompression time=0.004273
done
Min=0, Max=1, range=1
Max absolute error = 0.0017816611
Max relative error = 0.001782
Max pw relative error = 0.001782
PSNR = 61.723022, NRMSE= 0.00082006619665212757055
acEff=1.000000
compressionRatio = 3.816083
  ✓ Compression and decompression successful (ratio: 3.81x)

[55/176] Processing: FGEV_1_192_288.dat

compression time=0.002511, total fastmode1 topology
compression size = 62248, CR = 3.553271
done
decompression time=0.004546
done
Min=0, Max=1, range=1
Max absolute error = 0.0016059764
Max relative error = 0.001606
Max pw relative error = 0.001606
PSNR = 61.255990, NRMSE= 0.00086536730207994625938
acEff=1.000000
compressionRatio = 3.553271
  ✓ Compression and decompression successful (ratio: 3.55x)

[56/176] Processing: FGR_1_192_288.dat

compression time=0.003008, total fastmode1 topology
compression size = 60967, CR = 3.627930
done
decompression time=0.004743
done
Min=0, Max=1, range=1
Max absolute error = 0.0014040023
Max relative error = 0.001404
Max pw relative error = 0.001404
PSNR = 61.230227, NRMSE= 0.00086793787304705960831
acEff=1.000000
compressionRatio = 3.627930
  ✓ Compression and decompression successful (ratio: 3.62x)

[57/176] Processing: FGR12_1_192_288.dat

compression time=0.002798, total fastmode1 topology
compression size = 61144, CR = 3.617428
done
decompression time=0.004572
done
Min=0, Max=1, range=1
Max absolute error = 0.0016045235
Max relative error = 0.001605
Max pw relative error = 0.001605
PSNR = 61.249605, NRMSE= 0.00086600374190478723434
acEff=1.000000
compressionRatio = 3.617428
  ✓ Compression and decompression successful (ratio: 3.61x)

[58/176] Processing: FGR_R_1_192_288.dat

compression time=0.002480, total fastmode1 topology
compression size = 56892, CR = 3.887787
done
decompression time=0.004319
done
Min=0, Max=1, range=1
Max absolute error = 0.0011734813
Max relative error = 0.001173
Max pw relative error = 0.001173
PSNR = 60.826105, NRMSE= 0.00090927400151595756152
acEff=1.000000
compressionRatio = 3.887787
  ✓ Compression and decompression successful (ratio: 3.88x)

[59/176] Processing: FGR_U_1_192_288.dat

compression time=0.002600, total fastmode1 topology
compression size = 51298, CR = 4.311747
done
decompression time=0.004050
done
Min=0, Max=1, range=1
Max absolute error = 0.0010039955
Max relative error = 0.001004
Max pw relative error = 0.001004
PSNR = 60.219145, NRMSE= 0.00097508561875695040026
acEff=1.000000
compressionRatio = 4.311747
  ✓ Compression and decompression successful (ratio: 4.31x)

[60/176] Processing: FIRA_1_192_288.dat

compression time=0.002642, total fastmode1 topology
compression size = 60327, CR = 3.666418
done
decompression time=0.004490
done
Min=0, Max=1, range=1
Max absolute error = 0.0014234111
Max relative error = 0.001423
Max pw relative error = 0.001423
PSNR = 61.289120, NRMSE= 0.00086207287458610034128
acEff=1.000000
compressionRatio = 3.666418
  ✓ Compression and decompression successful (ratio: 3.66x)

[61/176] Processing: FIRA_R_1_192_288.dat

compression time=0.002681, total fastmode1 topology
compression size = 56628, CR = 3.905912
done
decompression time=0.004073
done
Min=0, Max=1, range=1
Max absolute error = 0.0012866966
Max relative error = 0.001287
Max pw relative error = 0.001287
PSNR = 60.843242, NRMSE= 0.00090748172673885596409
acEff=1.000000
compressionRatio = 3.905912
  ✓ Compression and decompression successful (ratio: 3.90x)

[62/176] Processing: FIRA_U_1_192_288.dat

compression time=0.002692, total fastmode1 topology
compression size = 51200, CR = 4.320000
done
decompression time=0.003940
done
Min=0, Max=1, range=1
Max absolute error = 0.0009999275
Max relative error = 0.001000
Max pw relative error = 0.001000
PSNR = 60.241244, NRMSE= 0.00097260794931772654066
acEff=1.000000
compressionRatio = 4.320000
  ✓ Compression and decompression successful (ratio: 4.32x)

[63/176] Processing: FIRE_1_192_288.dat

compression time=0.002496, total fastmode1 topology
compression size = 58067, CR = 3.809117
done
decompression time=0.004244
done
Min=0, Max=1, range=1
Max absolute error = 0.0014962628
Max relative error = 0.001496
Max pw relative error = 0.001496
PSNR = 61.263586, NRMSE= 0.00086461091192279067568
acEff=1.000000
compressionRatio = 3.809117
  ✓ Compression and decompression successful (ratio: 3.80x)

[64/176] Processing: FIRESEASONL_1_192_288.dat

compression time=0.002741, total fastmode1 topology
compression size = 58723, CR = 3.766565
done
decompression time=0.004320
done
Min=0, Max=1, range=1
Max absolute error = 0.0018511489
Max relative error = 0.001851
Max pw relative error = 0.001851
PSNR = 60.993507, NRMSE= 0.00089191743567538020465
acEff=1.000000
compressionRatio = 3.766565
  ✓ Compression and decompression successful (ratio: 3.76x)

[65/176] Processing: FLDS_1_192_288.dat

compression time=0.002512, total fastmode1 topology
compression size = 58066, CR = 3.809183
done
decompression time=0.004258
done
Min=0, Max=1, range=1
Max absolute error = 0.0011940412
Max relative error = 0.001194
Max pw relative error = 0.001194
PSNR = 61.254514, NRMSE= 0.00086551436709445678241
acEff=1.000000
compressionRatio = 3.809183
  ✓ Compression and decompression successful (ratio: 3.80x)

[66/176] Processing: FLUXFM2A_1_192_288.dat

compression time=0.002055, total fastmode1 topology
compression size = 52486, CR = 4.214152
done
decompression time=0.003474
done
Min=0, Max=1, range=1
Max absolute error = 0.0009999275
Max relative error = 0.001000
Max pw relative error = 0.001000
PSNR = 62.071967, NRMSE= 0.00078777397612012631852
acEff=1.000000
compressionRatio = 4.214152
  ✓ Compression and decompression successful (ratio: 4.21x)

[67/176] Processing: FLUXFMLND_1_192_288.dat

compression time=0.002526, total fastmode1 topology
compression size = 52486, CR = 4.214152
done
decompression time=0.003321
done
Min=0, Max=1, range=1
Max absolute error = 0.0009999275
Max relative error = 0.001000
Max pw relative error = 0.001000
PSNR = 62.071967, NRMSE= 0.00078777397612012631852
acEff=1.000000
compressionRatio = 4.214152
  ✓ Compression and decompression successful (ratio: 4.21x)

[68/176] Processing: FPG_1_192_288.dat

compression time=0.002278, total fastmode1 topology
compression size = 54694, CR = 4.044027
done
decompression time=0.004255
done
Min=0, Max=1, range=1
Max absolute error = 0.0009999711
Max relative error = 0.001000
Max pw relative error = 0.001000
PSNR = 60.849694, NRMSE= 0.00090680789307928297803
acEff=1.000000
compressionRatio = 4.044027
  ✓ Compression and decompression successful (ratio: 4.04x)

[69/176] Processing: FPI_1_192_288.dat

compression time=0.002767, total fastmode1 topology
compression size = 57528, CR = 3.844806
done
decompression time=0.004251
done
Min=0, Max=1, range=1
Max absolute error = 0.0012885728
Max relative error = 0.001289
Max pw relative error = 0.001289
PSNR = 61.016226, NRMSE= 0.00088958750765766715727
acEff=1.000000
compressionRatio = 3.844806
  ✓ Compression and decompression successful (ratio: 3.84x)

[70/176] Processing: FPSN_1_192_288.dat

compression time=0.002513, total fastmode1 topology
compression size = 57454, CR = 3.849758
done
decompression time=0.004164
done
Min=0, Max=1, range=1
Max absolute error = 0.0018265098
Max relative error = 0.001827
Max pw relative error = 0.001827
PSNR = 61.695446, NRMSE= 0.00082267382188188243209
acEff=1.000000
compressionRatio = 3.849758
  ✓ Compression and decompression successful (ratio: 3.84x)

[71/176] Processing: FROOTC_1_192_288.dat

compression time=0.002569, total fastmode1 topology
compression size = 60220, CR = 3.672933
done
decompression time=0.004271
done
Min=0, Max=1, range=1
Max absolute error = 0.0019731969
Max relative error = 0.001973
Max pw relative error = 0.001973
PSNR = 61.622329, NRMSE= 0.00082962828151371468925
acEff=1.000000
compressionRatio = 3.672933
  ✓ Compression and decompression successful (ratio: 3.67x)

[72/176] Processing: FROOTC_ALLOC_1_192_288.dat

compression time=0.002838, total fastmode1 topology
compression size = 54115, CR = 4.087296
done
decompression time=0.004018
done
Min=0, Max=1, range=1
Max absolute error = 0.0009999275
Max relative error = 0.001000
Max pw relative error = 0.001000
PSNR = 62.071977, NRMSE= 0.00078777307254488369587
acEff=1.000000
compressionRatio = 4.087296
  ✓ Compression and decompression successful (ratio: 4.08x)

[73/176] Processing: FROOTC_LOSS_1_192_288.dat

compression time=0.002611, total fastmode1 topology
compression size = 54867, CR = 4.031276
done
decompression time=0.003983
done
Min=0, Max=1, range=1
Max absolute error = 0.0009999275
Max relative error = 0.001000
Max pw relative error = 0.001000
PSNR = 62.071982, NRMSE= 0.00078777265070566161384
acEff=1.000000
compressionRatio = 4.031276
  ✓ Compression and decompression successful (ratio: 4.03x)

[74/176] Processing: FROOTN_1_192_288.dat

compression time=0.002938, total fastmode1 topology
compression size = 59205, CR = 3.735901
done
decompression time=0.004181
done
Min=0, Max=1, range=1
Max absolute error = 0.0016909055
Max relative error = 0.001691
Max pw relative error = 0.001691
PSNR = 61.638877, NRMSE= 0.0008280492501747320315
acEff=1.000000
compressionRatio = 3.735901
  ✓ Compression and decompression successful (ratio: 3.73x)

[75/176] Processing: FSA_1_192_288.dat

compression time=0.002638, total fastmode1 topology
compression size = 59919, CR = 3.691383
done
decompression time=0.004398
done
Min=0, Max=1, range=1
Max absolute error = 0.0014230125
Max relative error = 0.001423
Max pw relative error = 0.001423
PSNR = 61.360537, NRMSE= 0.00085501385373883652397
acEff=1.000000
compressionRatio = 3.691383
  ✓ Compression and decompression successful (ratio: 3.69x)

[76/176] Processing: FSA_R_1_192_288.dat

compression time=0.002644, total fastmode1 topology
compression size = 55287, CR = 4.000651
done
decompression time=0.004176
done
Min=0, Max=1, range=1
Max absolute error = 0.0014230125
Max relative error = 0.001423
Max pw relative error = 0.001423
PSNR = 60.895102, NRMSE= 0.00090207972173469356918
acEff=1.000000
compressionRatio = 4.000651
  ✓ Compression and decompression successful (ratio: 4.00x)

[77/176] Processing: FSAT_1_192_288.dat

compression time=0.002674, total fastmode1 topology
compression size = 58293, CR = 3.794349
done
decompression time=0.004691
done
Min=0, Max=1, range=1
Max absolute error = 0.0010014921
Max relative error = 0.001001
Max pw relative error = 0.001001
PSNR = 60.881107, NRMSE= 0.00090353435232814669192
acEff=1.000000
compressionRatio = 3.794349
  ✓ Compression and decompression successful (ratio: 3.79x)

[78/176] Processing: FSA_U_1_192_288.dat

compression time=0.002289, total fastmode1 topology
compression size = 50954, CR = 4.340857
done
decompression time=0.003943
done
Min=0, Max=1, range=1
Max absolute error = 0.0009999275
Max relative error = 0.001000
Max pw relative error = 0.001000
PSNR = 60.240997, NRMSE= 0.00097263559839542805801
acEff=1.000000
compressionRatio = 4.340856
  ✓ Compression and decompression successful (ratio: 4.34x)

[79/176] Processing: FSDS_1_192_288.dat

compression time=0.002481, total fastmode1 topology
compression size = 56803, CR = 3.893879
done
decompression time=0.004281
done
Min=0, Max=1, range=1
Max absolute error = 0.0012363791
Max relative error = 0.001236
Max pw relative error = 0.001236
PSNR = 61.345555, NRMSE= 0.00085648989976845710682
acEff=1.000000
compressionRatio = 3.893879
  ✓ Compression and decompression successful (ratio: 3.89x)

[80/176] Processing: FSDSND_1_192_288.dat

compression time=0.002906, total fastmode1 topology
compression size = 57785, CR = 3.827706
done
decompression time=0.004267
done
Min=0, Max=1, range=1
Max absolute error = 0.0011715107
Max relative error = 0.001172
Max pw relative error = 0.001172
PSNR = 61.354092, NRMSE= 0.00085564854686692368418
acEff=1.000000
compressionRatio = 3.827706
  ✓ Compression and decompression successful (ratio: 3.82x)

[81/176] Processing: FSDSNDLN_1_192_288.dat

compression time=0.002636, total fastmode1 topology
compression size = 58614, CR = 3.773569
done
decompression time=0.004191
done
Min=0, Max=1, range=1
Max absolute error = 0.0013469346
Max relative error = 0.001347
Max pw relative error = 0.001347
PSNR = 61.347589, NRMSE= 0.00085628939672119613706
acEff=1.000000
compressionRatio = 3.773569
  ✓ Compression and decompression successful (ratio: 3.77x)

[82/176] Processing: FSDSNI_1_192_288.dat

compression time=0.002538, total fastmode1 topology
compression size = 59429, CR = 3.721819
done
decompression time=0.004498
done
Min=0, Max=1, range=1
Max absolute error = 0.0016739070
Max relative error = 0.001674
Max pw relative error = 0.001674
PSNR = 61.335070, NRMSE= 0.00085752443524017812459
acEff=1.000000
compressionRatio = 3.721819
  ✓ Compression and decompression successful (ratio: 3.72x)

[83/176] Processing: FSDSVD_1_192_288.dat

compression time=0.003151, total fastmode1 topology
compression size = 57622, CR = 3.838534
done
decompression time=0.004361
done
Min=0, Max=1, range=1
Max absolute error = 0.0011562072
Max relative error = 0.001156
Max pw relative error = 0.001156
PSNR = 61.374163, NRMSE= 0.00085367360193719550587
acEff=1.000000
compressionRatio = 3.838534
  ✓ Compression and decompression successful (ratio: 3.83x)

[84/176] Processing: FSDSVDLN_1_192_288.dat

compression time=0.002570, total fastmode1 topology
compression size = 58320, CR = 3.792593
done
decompression time=0.004334
done
Min=0, Max=1, range=1
Max absolute error = 0.0011641365
Max relative error = 0.001164
Max pw relative error = 0.001164
PSNR = 61.371204, NRMSE= 0.00085396447278614641234
acEff=1.000000
compressionRatio = 3.792593
  ✓ Compression and decompression successful (ratio: 3.79x)

[85/176] Processing: FSDSVI_1_192_288.dat

compression time=0.002748, total fastmode1 topology
compression size = 58522, CR = 3.779502
done
decompression time=0.004524
done
Min=0, Max=1, range=1
Max absolute error = 0.0015119053
Max relative error = 0.001512
Max pw relative error = 0.001512
PSNR = 61.356310, NRMSE= 0.00085543005915167781919
acEff=1.000000
compressionRatio = 3.779502
  ✓ Compression and decompression successful (ratio: 3.77x)

[86/176] Processing: FSH_1_192_288.dat

compression time=0.002687, total fastmode1 topology
compression size = 61255, CR = 3.610873
done
decompression time=0.004873
done
Min=0, Max=1, range=1
Max absolute error = 0.0010882802
Max relative error = 0.001088
Max pw relative error = 0.001088
PSNR = 61.285976, NRMSE= 0.00086238501571047211213
acEff=1.000000
compressionRatio = 3.610873
  ✓ Compression and decompression successful (ratio: 3.61x)

[87/176] Processing: FSH_G_1_192_288.dat

compression time=0.002966, total fastmode1 topology
compression size = 62484, CR = 3.539850
done
decompression time=0.004607
done
Min=0, Max=1, range=1
Max absolute error = 0.0013391674
Max relative error = 0.001339
Max pw relative error = 0.001339
PSNR = 61.227415, NRMSE= 0.00086821893845933902165
acEff=1.000000
compressionRatio = 3.539850
  ✓ Compression and decompression successful (ratio: 3.53x)

[88/176] Processing: FSH_NODYNLNDUSE_1_192_288.dat

compression time=0.002675, total fastmode1 topology
compression size = 61256, CR = 3.610814
done
decompression time=0.004666
done
Min=0, Max=1, range=1
Max absolute error = 0.0010882802
Max relative error = 0.001088
Max pw relative error = 0.001088
PSNR = 61.285971, NRMSE= 0.00086238549689684139941
acEff=1.000000
compressionRatio = 3.610814
  ✓ Compression and decompression successful (ratio: 3.61x)

[89/176] Processing: FSH_R_1_192_288.dat

compression time=0.002911, total fastmode1 topology
compression size = 56858, CR = 3.890112
done
decompression time=0.004486
done
Min=0, Max=1, range=1
Max absolute error = 0.0010764189
Max relative error = 0.001076
Max pw relative error = 0.001076
PSNR = 60.843828, NRMSE= 0.00090742053817702717639
acEff=1.000000
compressionRatio = 3.890112
  ✓ Compression and decompression successful (ratio: 3.89x)

[90/176] Processing: FSH_U_1_192_288.dat

compression time=0.002182, total fastmode1 topology
compression size = 51346, CR = 4.307716
done
decompression time=0.003952
done
Min=0, Max=1, range=1
Max absolute error = 0.0010040328
Max relative error = 0.001004
Max pw relative error = 0.001004
PSNR = 60.238925, NRMSE= 0.00097286763298570788378
acEff=1.000000
compressionRatio = 4.307716
  ✓ Compression and decompression successful (ratio: 4.30x)

[91/176] Processing: FSH_V_1_192_288.dat

compression time=0.002478, total fastmode1 topology
compression size = 58251, CR = 3.797085
done
decompression time=0.004558
done
Min=0, Max=1, range=1
Max absolute error = 0.0014131702
Max relative error = 0.001413
Max pw relative error = 0.001413
PSNR = 61.511674, NRMSE= 0.00084026504368576006646
acEff=1.000000
compressionRatio = 3.797085
  ✓ Compression and decompression successful (ratio: 3.79x)

[92/176] Processing: FSM_1_192_288.dat

compression time=0.002553, total fastmode1 topology
compression size = 59596, CR = 3.711390
done
decompression time=0.004395
done
Min=0, Max=1, range=1
Max absolute error = 0.0017386107
Max relative error = 0.001739
Max pw relative error = 0.001739
PSNR = 61.795984, NRMSE= 0.00081320638715936198991
acEff=1.000000
compressionRatio = 3.711390
  ✓ Compression and decompression successful (ratio: 3.71x)

[93/176] Processing: FSM_R_1_192_288.dat

compression time=0.002572, total fastmode1 topology
compression size = 55813, CR = 3.962948
done
decompression time=0.004110
done
Min=0, Max=1, range=1
Max absolute error = 0.0014816709
Max relative error = 0.001482
Max pw relative error = 0.001482
PSNR = 61.167083, NRMSE= 0.0008742705274551703775
acEff=1.000000
compressionRatio = 3.962948
  ✓ Compression and decompression successful (ratio: 3.96x)

[94/176] Processing: FSM_U_1_192_288.dat

compression time=0.002483, total fastmode1 topology
compression size = 51123, CR = 4.326507
done
decompression time=0.004465
done
Min=0, Max=1, range=1
Max absolute error = 0.0009999641
Max relative error = 0.001000
Max pw relative error = 0.001000
PSNR = 60.332009, NRMSE= 0.00096249734821695525407
acEff=1.000000
compressionRatio = 4.326507
  ✓ Compression and decompression successful (ratio: 4.32x)

[95/176] Processing: FSNO_1_192_288.dat

compression time=0.002759, total fastmode1 topology
compression size = 55135, CR = 4.011681
done
decompression time=0.004059
done
Min=0, Max=1, range=1
Max absolute error = 0.0013746596
Max relative error = 0.001375
Max pw relative error = 0.001375
PSNR = 61.790956, NRMSE= 0.00081367727928065281245
acEff=1.000000
compressionRatio = 4.011680
  ✓ Compression and decompression successful (ratio: 4.01x)

[96/176] Processing: FSR_1_192_288.dat

compression time=0.002652, total fastmode1 topology
compression size = 60787, CR = 3.638673
done
decompression time=0.004693
done
Min=0, Max=1, range=1
Max absolute error = 0.0016473122
Max relative error = 0.001647
Max pw relative error = 0.001647
PSNR = 61.370676, NRMSE= 0.00085401638114031242985
acEff=1.000000
compressionRatio = 3.638673
  ✓ Compression and decompression successful (ratio: 3.63x)

[97/176] Processing: FSRND_1_192_288.dat

compression time=0.002860, total fastmode1 topology
compression size = 60567, CR = 3.651890
done
decompression time=0.004748
done
Min=0, Max=1, range=1
Max absolute error = 0.0014392920
Max relative error = 0.001439
Max pw relative error = 0.001439
PSNR = 61.348773, NRMSE= 0.00085617261976457948846
acEff=1.000000
compressionRatio = 3.651890
  ✓ Compression and decompression successful (ratio: 3.65x)

[98/176] Processing: FSRNDLN_1_192_288.dat

compression time=0.002624, total fastmode1 topology
compression size = 61385, CR = 3.603225
done
decompression time=0.004550
done
Min=0, Max=1, range=1
Max absolute error = 0.0019427389
Max relative error = 0.001943
Max pw relative error = 0.001943
PSNR = 61.351099, NRMSE= 0.00085594339336051100762
acEff=1.000000
compressionRatio = 3.603226
  ✓ Compression and decompression successful (ratio: 3.60x)

[99/176] Processing: FSRNI_1_192_288.dat

compression time=0.002568, total fastmode1 topology
compression size = 61084, CR = 3.620981
done
decompression time=0.004587
done
Min=0, Max=1, range=1
Max absolute error = 0.0015351344
Max relative error = 0.001535
Max pw relative error = 0.001535
PSNR = 61.355612, NRMSE= 0.00085549878092570257656
acEff=1.000000
compressionRatio = 3.620981
  ✓ Compression and decompression successful (ratio: 3.62x)

[100/176] Processing: FSRVD_1_192_288.dat

compression time=0.004031, total fastmode1 topology
compression size = 60018, CR = 3.685294
done
decompression time=0.004400
done
Min=0, Max=1, range=1
Max absolute error = 0.0013147537
Max relative error = 0.001315
Max pw relative error = 0.001315
PSNR = 61.358353, NRMSE= 0.00085522881757085387686
acEff=1.000000
compressionRatio = 3.685294
  ✓ Compression and decompression successful (ratio: 3.68x)

[101/176] Processing: FSRVDLN_1_192_288.dat

compression time=0.002631, total fastmode1 topology
compression size = 60475, CR = 3.657445
done
decompression time=0.005062
done
Min=0, Max=1, range=1
Max absolute error = 0.0015411377
Max relative error = 0.001541
Max pw relative error = 0.001541
PSNR = 61.345552, NRMSE= 0.00085649020103052936163
acEff=1.000000
compressionRatio = 3.657445
  ✓ Compression and decompression successful (ratio: 3.65x)

[102/176] Processing: FSRVI_1_192_288.dat

compression time=0.002882, total fastmode1 topology
compression size = 60882, CR = 3.632995
done
decompression time=0.004614
done
Min=0, Max=1, range=1
Max absolute error = 0.0015832186
Max relative error = 0.001583
Max pw relative error = 0.001583
PSNR = 61.332656, NRMSE= 0.00085776281364588133349
acEff=1.000000
compressionRatio = 3.632995
  ✓ Compression and decompression successful (ratio: 3.63x)

[103/176] Processing: GC_HEAT1_1_192_288.dat

compression time=0.002918, total fastmode1 topology
compression size = 61574, CR = 3.592165
done
decompression time=0.004614
done
Min=0, Max=1, range=1
Max absolute error = 0.0010045096
Max relative error = 0.001005
Max pw relative error = 0.001005
PSNR = 61.201973, NRMSE= 0.00087076578217154543011
acEff=1.000000
compressionRatio = 3.592166
  ✓ Compression and decompression successful (ratio: 3.59x)

[104/176] Processing: GC_HEAT2_1_192_288.dat

compression time=0.002262, total fastmode1 topology
compression size = 52486, CR = 4.214152
done
decompression time=0.003237
done
Min=0, Max=1, range=1
Max absolute error = 0.0009999275
Max relative error = 0.001000
Max pw relative error = 0.001000
PSNR = 62.071967, NRMSE= 0.00078777397612012631852
acEff=1.000000
compressionRatio = 4.214152
  ✓ Compression and decompression successful (ratio: 4.21x)

[105/176] Processing: GC_ICE1_1_192_288.dat

compression time=0.002584, total fastmode1 topology
compression size = 58116, CR = 3.805905
done
decompression time=0.004241
done
Min=0, Max=1, range=1
Max absolute error = 0.0014749244
Max relative error = 0.001475
Max pw relative error = 0.001475
PSNR = 61.416645, NRMSE= 0.00084950854672859383351
acEff=1.000000
compressionRatio = 3.805905
  ✓ Compression and decompression successful (ratio: 3.80x)

[106/176] Processing: GC_ICE2_1_192_288.dat

compression time=0.002118, total fastmode1 topology
compression size = 52486, CR = 4.214152
done
decompression time=0.003218
done
Min=0, Max=1, range=1
Max absolute error = 0.0009999275
Max relative error = 0.001000
Max pw relative error = 0.001000
PSNR = 62.071967, NRMSE= 0.00078777397612012631852
acEff=1.000000
compressionRatio = 4.214152
  ✓ Compression and decompression successful (ratio: 4.21x)

[107/176] Processing: GC_LIQ1_1_192_288.dat

compression time=0.003115, total fastmode1 topology
compression size = 58542, CR = 3.778210
done
decompression time=0.004410
done
Min=0, Max=1, range=1
Max absolute error = 0.0013030618
Max relative error = 0.001303
Max pw relative error = 0.001303
PSNR = 60.266029, NRMSE= 0.0009698365675557125672
acEff=1.000000
compressionRatio = 3.778211
  ✓ Compression and decompression successful (ratio: 3.77x)

[108/176] Processing: GC_LIQ2_1_192_288.dat

compression time=0.002192, total fastmode1 topology
compression size = 52486, CR = 4.214152
done
decompression time=0.003237
done
Min=0, Max=1, range=1
Max absolute error = 0.0009999275
Max relative error = 0.001000
Max pw relative error = 0.001000
PSNR = 62.071967, NRMSE= 0.00078777397612012631852
acEff=1.000000
compressionRatio = 4.214152
  ✓ Compression and decompression successful (ratio: 4.21x)

[109/176] Processing: GPP_1_192_288.dat

compression time=0.002633, total fastmode1 topology
compression size = 54978, CR = 4.023137
done
decompression time=0.004211
done
Min=0, Max=1, range=1
Max absolute error = 0.0009999275
Max relative error = 0.001000
Max pw relative error = 0.001000
PSNR = 62.071972, NRMSE= 0.00078777353602510881512
acEff=1.000000
compressionRatio = 4.023137
  ✓ Compression and decompression successful (ratio: 4.02x)

[110/176] Processing: GR_1_192_288.dat

compression time=0.002562, total fastmode1 topology
compression size = 53967, CR = 4.098505
done
decompression time=0.004475
done
Min=0, Max=1, range=1
Max absolute error = 0.0009999275
Max relative error = 0.001000
Max pw relative error = 0.001000
PSNR = 62.071836, NRMSE= 0.00078778586965475602515
acEff=1.000000
compressionRatio = 4.098505
  ✓ Compression and decompression successful (ratio: 4.09x)

[111/176] Processing: GROSS_NMIN_1_192_288.dat

compression time=0.002113, total fastmode1 topology
compression size = 53142, CR = 4.162132
done
decompression time=0.003928
done
Min=0, Max=1, range=1
Max absolute error = 0.0009999275
Max relative error = 0.001000
Max pw relative error = 0.001000
PSNR = 62.071960, NRMSE= 0.00078777462951788355082
acEff=1.000000
compressionRatio = 4.162132
  ✓ Compression and decompression successful (ratio: 4.16x)

[112/176] Processing: H2OCAN_1_192_288.dat

compression time=0.002618, total fastmode1 topology
compression size = 58128, CR = 3.805120
done
decompression time=0.004529
done
Min=0, Max=1, range=1
Max absolute error = 0.0011158320
Max relative error = 0.001116
Max pw relative error = 0.001116
PSNR = 61.777319, NRMSE= 0.00081495580319397966165
acEff=1.000000
compressionRatio = 3.805120
  ✓ Compression and decompression successful (ratio: 3.80x)

[113/176] Processing: H2OSNO_1_192_288.dat

compression time=0.002661, total fastmode1 topology
compression size = 58427, CR = 3.785647
done
decompression time=0.004328
done
Min=0, Max=1, range=1
Max absolute error = 0.0017662123
Max relative error = 0.001766
Max pw relative error = 0.001766
PSNR = 61.704465, NRMSE= 0.00082182007525884973216
acEff=1.000000
compressionRatio = 3.785647
  ✓ Compression and decompression successful (ratio: 3.78x)

[114/176] Processing: H2OSNO_TOP_1_192_288.dat

compression time=0.004097, total fastmode1 topology
compression size = 60999, CR = 3.626027
done
decompression time=0.004570
done
Min=0, Max=1, range=1
Max absolute error = 0.0017018151
Max relative error = 0.001702
Max pw relative error = 0.001702
PSNR = 61.543518, NRMSE= 0.00083719010901908165728
acEff=1.000000
compressionRatio = 3.626027
  ✓ Compression and decompression successful (ratio: 3.62x)

[115/176] Processing: HC_1_192_288.dat

compression time=0.003674, total fastmode1 topology
compression size = 63280, CR = 3.495322
done
decompression time=0.004701
done
Min=0, Max=1, range=1
Max absolute error = 0.0018570572
Max relative error = 0.001857
Max pw relative error = 0.001857
PSNR = 61.256836, NRMSE= 0.00086528305769795253819
acEff=1.000000
compressionRatio = 3.495322
  ✓ Compression and decompression successful (ratio: 3.49x)

[116/176] Processing: HCSOI_1_192_288.dat

compression time=0.002664, total fastmode1 topology
compression size = 62650, CR = 3.530471
done
decompression time=0.015255
done
Min=0, Max=1, range=1
Max absolute error = 0.0018270910
Max relative error = 0.001827
Max pw relative error = 0.001827
PSNR = 61.246924, NRMSE= 0.00086627108182090774291
acEff=1.000000
compressionRatio = 3.530471
  ✓ Compression and decompression successful (ratio: 3.53x)

[117/176] Processing: HEAT_FROM_AC_1_192_288.dat

compression time=0.002124, total fastmode1 topology
compression size = 52573, CR = 4.207179
done
decompression time=0.003889
done
Min=0, Max=1, range=1
Max absolute error = 0.0009999275
Max relative error = 0.001000
Max pw relative error = 0.001000
PSNR = 62.071229, NRMSE= 0.00078784097163089536215
acEff=1.000000
compressionRatio = 4.207179
  ✓ Compression and decompression successful (ratio: 4.20x)

[118/176] Processing: HR_1_192_288.dat

compression time=0.002727, total fastmode1 topology
compression size = 55382, CR = 3.993788
done
decompression time=0.003994
done
Min=0, Max=1, range=1
Max absolute error = 0.0009999275
Max relative error = 0.001000
Max pw relative error = 0.001000
PSNR = 62.071989, NRMSE= 0.00078777199838705005194
acEff=1.000000
compressionRatio = 3.993789
  ✓ Compression and decompression successful (ratio: 3.99x)

[119/176] Processing: HTOP_1_192_288.dat

compression time=0.002639, total fastmode1 topology
compression size = 60076, CR = 3.681736
done
decompression time=0.004336
done
Min=0, Max=1, range=1
Max absolute error = 0.0018004477
Max relative error = 0.001800
Max pw relative error = 0.001800
PSNR = 61.578150, NRMSE= 0.00083385873146243872592
acEff=1.000000
compressionRatio = 3.681736
  ✓ Compression and decompression successful (ratio: 3.68x)

[120/176] Processing: LAISHA_1_192_288.dat

compression time=0.002821, total fastmode1 topology
compression size = 59131, CR = 3.740576
done
decompression time=0.004266
done
Min=0, Max=1, range=1
Max absolute error = 0.0018024817
Max relative error = 0.001802
Max pw relative error = 0.001802
PSNR = 61.643017, NRMSE= 0.00082765463704838912549
acEff=1.000000
compressionRatio = 3.740576
  ✓ Compression and decompression successful (ratio: 3.74x)

[121/176] Processing: LAISUN_1_192_288.dat

compression time=0.002483, total fastmode1 topology
compression size = 56758, CR = 3.896966
done
decompression time=0.004337
done
Min=0, Max=1, range=1
Max absolute error = 0.0009999275
Max relative error = 0.001000
Max pw relative error = 0.001000
PSNR = 61.725484, NRMSE= 0.0008198337221457057105
acEff=1.000000
compressionRatio = 3.896966
  ✓ Compression and decompression successful (ratio: 3.89x)

[122/176] Processing: landfrac_192_288.dat

compression time=0.002733, total fastmode1 topology
compression size = 54987, CR = 4.022478
done
decompression time=0.003863
done
Min=0, Max=1, range=1
Max absolute error = 0.0009999275
Max relative error = 0.001000
Max pw relative error = 0.001000
PSNR = 61.675910, NRMSE= 0.00082452626891252854286
acEff=1.000000
compressionRatio = 4.022478
  ✓ Compression and decompression successful (ratio: 4.02x)

[123/176] Processing: latixy_192_288.dat

compression time=0.002061, total fastmode1 topology
compression size = 52491, CR = 4.213751
done
decompression time=0.011919
done
Min=0, Max=1, range=1
Max absolute error = 0.0009999275
Max relative error = 0.001000
Max pw relative error = 0.001000
PSNR = 61.324153, NRMSE= 0.00085860286527941558597
acEff=1.000000
compressionRatio = 4.213751
  ✓ Compression and decompression successful (ratio: 4.21x)

[124/176] Processing: latixyatm_192_288.dat

compression time=0.002410, total fastmode1 topology
compression size = 46072, CR = 4.800834
done
decompression time=0.003407
done
Min=0, Max=1, range=1
Max absolute error = 0.0009999275
Max relative error = 0.001000
Max pw relative error = 0.001000
PSNR = 68.831119, NRMSE= 0.00036177959599825319824
acEff=0.999998
compressionRatio = 4.800833
  ✓ Compression and decompression successful (ratio: 4.80x)

[125/176] Processing: LEAFC_1_192_288.dat

compression time=0.002508, total fastmode1 topology
compression size = 59979, CR = 3.687691
done
decompression time=0.004388
done
Min=0, Max=1, range=1
Max absolute error = 0.0017263889
Max relative error = 0.001726
Max pw relative error = 0.001726
PSNR = 61.616915, NRMSE= 0.0008301455478141882326
acEff=1.000000
compressionRatio = 3.687691
  ✓ Compression and decompression successful (ratio: 3.68x)

[126/176] Processing: LEAFC_ALLOC_1_192_288.dat

compression time=0.002591, total fastmode1 topology
compression size = 53996, CR = 4.096303
done
decompression time=0.004094
done
Min=0, Max=1, range=1
Max absolute error = 0.0009999275
Max relative error = 0.001000
Max pw relative error = 0.001000
PSNR = 62.071973, NRMSE= 0.00078777350328762486744
acEff=1.000000
compressionRatio = 4.096303
  ✓ Compression and decompression successful (ratio: 4.09x)

[127/176] Processing: LEAFC_LOSS_1_192_288.dat

compression time=0.003497, total fastmode1 topology
compression size = 54726, CR = 4.041662
done
decompression time=0.004090
done
Min=0, Max=1, range=1
Max absolute error = 0.0009999275
Max relative error = 0.001000
Max pw relative error = 0.001000
PSNR = 62.071846, NRMSE= 0.00078778495327406518594
acEff=1.000000
compressionRatio = 4.041662
  ✓ Compression and decompression successful (ratio: 4.04x)

[128/176] Processing: LEAFN_1_192_288.dat

compression time=0.002710, total fastmode1 topology
compression size = 59146, CR = 3.739627
done
decompression time=0.004269
done
Min=0, Max=1, range=1
Max absolute error = 0.0015638582
Max relative error = 0.001564
Max pw relative error = 0.001564
PSNR = 61.633848, NRMSE= 0.00082852881467943592479
acEff=1.000000
compressionRatio = 3.739627
  ✓ Compression and decompression successful (ratio: 3.73x)

[129/176] Processing: LITFALL_1_192_288.dat

compression time=0.002805, total fastmode1 topology
compression size = 55518, CR = 3.984005
done
decompression time=0.004160
done
Min=0, Max=1, range=1
Max absolute error = 0.0009999275
Max relative error = 0.001000
Max pw relative error = 0.001000
PSNR = 62.071982, NRMSE= 0.00078777269537941383305
acEff=1.000000
compressionRatio = 3.984005
  ✓ Compression and decompression successful (ratio: 3.98x)

[130/176] Processing: LITHR_1_192_288.dat

compression time=0.002838, total fastmode1 topology
compression size = 55089, CR = 4.015030
done
decompression time=0.004161
done
Min=0, Max=1, range=1
Max absolute error = 0.0009999275
Max relative error = 0.001000
Max pw relative error = 0.001000
PSNR = 62.071968, NRMSE= 0.00078777396558301357801
acEff=1.000000
compressionRatio = 4.015030
  ✓ Compression and decompression successful (ratio: 4.01x)

[131/176] Processing: LITR1C_1_192_288.dat

compression time=0.002807, total fastmode1 topology
compression size = 61274, CR = 3.609753
done
decompression time=0.004355
done
Min=0, Max=1, range=1
Max absolute error = 0.0016877297
Max relative error = 0.001688
Max pw relative error = 0.001688
PSNR = 61.622408, NRMSE= 0.000829620721916884225
acEff=1.000000
compressionRatio = 3.609753
  ✓ Compression and decompression successful (ratio: 3.60x)

[132/176] Processing: LITR1C_TO_SOIL1C_1_192_288.dat

compression time=0.002923, total fastmode1 topology
compression size = 54249, CR = 4.077199
done
decompression time=0.004188
done
Min=0, Max=1, range=1
Max absolute error = 0.0009999785
Max relative error = 0.001000
Max pw relative error = 0.001000
PSNR = 62.071577, NRMSE= 0.00078780941813316686297
acEff=1.000000
compressionRatio = 4.077200
  ✓ Compression and decompression successful (ratio: 4.07x)

[133/176] Processing: LITR1N_1_192_288.dat

compression time=0.002934, total fastmode1 topology
compression size = 59094, CR = 3.742918
done
decompression time=0.004328
done
Min=0, Max=1, range=1
Max absolute error = 0.0012024287
Max relative error = 0.001202
Max pw relative error = 0.001202
PSNR = 61.940734, NRMSE= 0.00079976667189647653901
acEff=1.000000
compressionRatio = 3.742918
  ✓ Compression and decompression successful (ratio: 3.74x)

[134/176] Processing: LITR2C_1_192_288.dat

compression time=0.002611, total fastmode1 topology
compression size = 61124, CR = 3.618611
done
decompression time=0.004587
done
Min=0, Max=1, range=1
Max absolute error = 0.0019523725
Max relative error = 0.001952
Max pw relative error = 0.001952
PSNR = 61.588472, NRMSE= 0.00083286847578694180906
acEff=1.000000
compressionRatio = 3.618611
  ✓ Compression and decompression successful (ratio: 3.61x)

[135/176] Processing: LITR2C_TO_SOIL2C_1_192_288.dat

compression time=0.002638, total fastmode1 topology
compression size = 54674, CR = 4.045506
done
decompression time=0.004814
done
Min=0, Max=1, range=1
Max absolute error = 0.0009999310
Max relative error = 0.001000
Max pw relative error = 0.001000
PSNR = 62.071837, NRMSE= 0.00078778583941173558908
acEff=1.000000
compressionRatio = 4.045506
  ✓ Compression and decompression successful (ratio: 4.04x)

[136/176] Processing: LITR2N_1_192_288.dat

compression time=0.002828, total fastmode1 topology
compression size = 60342, CR = 3.665507
done
decompression time=0.004425
done
Min=0, Max=1, range=1
Max absolute error = 0.0016215718
Max relative error = 0.001622
Max pw relative error = 0.001622
PSNR = 61.639611, NRMSE= 0.00082797928262013731696
acEff=1.000000
compressionRatio = 3.665507
  ✓ Compression and decompression successful (ratio: 3.66x)

[137/176] Processing: LITR3C_1_192_288.dat

compression time=0.002724, total fastmode1 topology
compression size = 60897, CR = 3.632100
done
decompression time=0.004261
done
Min=0, Max=1, range=1
Max absolute error = 0.0018474236
Max relative error = 0.001847
Max pw relative error = 0.001847
PSNR = 61.583755, NRMSE= 0.00083332080752693109011
acEff=1.000000
compressionRatio = 3.632100
  ✓ Compression and decompression successful (ratio: 3.63x)

[138/176] Processing: LITR3C_TO_SOIL3C_1_192_288.dat

compression time=0.002886, total fastmode1 topology
compression size = 54303, CR = 4.073145
done
decompression time=0.003968
done
Min=0, Max=1, range=1
Max absolute error = 0.0009999275
Max relative error = 0.001000
Max pw relative error = 0.001000
PSNR = 62.071960, NRMSE= 0.00078777464993788149164
acEff=1.000000
compressionRatio = 4.073145
  ✓ Compression and decompression successful (ratio: 4.07x)

[139/176] Processing: LITR3N_1_192_288.dat

compression time=0.002611, total fastmode1 topology
compression size = 59807, CR = 3.698296
done
decompression time=0.004547
done
Min=0, Max=1, range=1
Max absolute error = 0.0016963617
Max relative error = 0.001696
Max pw relative error = 0.001696
PSNR = 61.609202, NRMSE= 0.00083088300455426227463
acEff=1.000000
compressionRatio = 3.698296
  ✓ Compression and decompression successful (ratio: 3.69x)

[140/176] Processing: LITTERC_1_192_288.dat

compression time=0.002518, total fastmode1 topology
compression size = 61066, CR = 3.622048
done
decompression time=0.004342
done
Min=0, Max=1, range=1
Max absolute error = 0.0017743595
Max relative error = 0.001774
Max pw relative error = 0.001774
PSNR = 61.586647, NRMSE= 0.00083304347358425503631
acEff=1.000000
compressionRatio = 3.622048
  ✓ Compression and decompression successful (ratio: 3.62x)

[141/176] Processing: LITTERC_HR_1_192_288.dat

compression time=0.002665, total fastmode1 topology
compression size = 55084, CR = 4.015395
done
decompression time=0.004173
done
Min=0, Max=1, range=1
Max absolute error = 0.0009999275
Max relative error = 0.001000
Max pw relative error = 0.001000
PSNR = 62.071972, NRMSE= 0.00078777355521988977945
acEff=1.000000
compressionRatio = 4.015395
  ✓ Compression and decompression successful (ratio: 4.01x)

[142/176] Processing: LITTERC_LOSS_1_192_288.dat

compression time=0.002923, total fastmode1 topology
compression size = 55616, CR = 3.976985
done
decompression time=0.004526
done
Min=0, Max=1, range=1
Max absolute error = 0.0009999275
Max relative error = 0.001000
Max pw relative error = 0.001000
PSNR = 62.071961, NRMSE= 0.00078777456691907265032
acEff=1.000000
compressionRatio = 3.976985
  ✓ Compression and decompression successful (ratio: 3.97x)

[143/176] Processing: LIVECROOTC_1_192_288.dat

compression time=0.002589, total fastmode1 topology
compression size = 59072, CR = 3.744312
done
decompression time=0.004244
done
Min=0, Max=1, range=1
Max absolute error = 0.0018334519
Max relative error = 0.001833
Max pw relative error = 0.001833
PSNR = 61.661843, NRMSE= 0.00082586273371413091663
acEff=1.000000
compressionRatio = 3.744312
  ✓ Compression and decompression successful (ratio: 3.74x)

[144/176] Processing: LIVECROOTN_1_192_288.dat

compression time=0.003007, total fastmode1 topology
compression size = 57162, CR = 3.869424
done
decompression time=0.004380
done
Min=0, Max=1, range=1
Max absolute error = 0.0013890835
Max relative error = 0.001389
Max pw relative error = 0.001389
PSNR = 61.823709, NRMSE= 0.00081061482363152428509
acEff=1.000000
compressionRatio = 3.869424
  ✓ Compression and decompression successful (ratio: 3.86x)

[145/176] Processing: LIVESTEMC_1_192_288.dat

compression time=0.002922, total fastmode1 topology
compression size = 59496, CR = 3.717628
done
decompression time=0.004313
done
Min=0, Max=1, range=1
Max absolute error = 0.0018394999
Max relative error = 0.001839
Max pw relative error = 0.001839
PSNR = 61.643178, NRMSE= 0.00082763931098535250923
acEff=1.000000
compressionRatio = 3.717628
  ✓ Compression and decompression successful (ratio: 3.71x)

[146/176] Processing: LIVESTEMN_1_192_288.dat

compression time=0.002832, total fastmode1 topology
compression size = 57857, CR = 3.822943
done
decompression time=0.004205
done
Min=0, Max=1, range=1
Max absolute error = 0.0016058963
Max relative error = 0.001606
Max pw relative error = 0.001606
PSNR = 61.747299, NRMSE= 0.00081777731689968802351
acEff=1.000000
compressionRatio = 3.822943
  ✓ Compression and decompression successful (ratio: 3.82x)

[147/176] Processing: longxy_192_288.dat

compression time=0.002136, total fastmode1 topology
compression size = 55917, CR = 3.955577
done
decompression time=0.003405
done
Min=0, Max=1, range=1
Max absolute error = 0.0009999275
Max relative error = 0.001000
Max pw relative error = 0.001000
PSNR = 61.256411, NRMSE= 0.00086532541419723511735
acEff=1.000000
compressionRatio = 3.955577
  ✓ Compression and decompression successful (ratio: 3.95x)

[148/176] Processing: longxyatm_192_288.dat

compression time=0.002346, total fastmode1 topology
compression size = 58116, CR = 3.805905
done
decompression time=0.003260
done
Min=0, Max=1, range=1
Max absolute error = 0.0009999275
Max relative error = 0.001000
Max pw relative error = 0.001000
PSNR = 69.151006, NRMSE= 0.00034869819955605650848
acEff=1.000000
compressionRatio = 3.805905
  ✓ Compression and decompression successful (ratio: 3.80x)

[149/176] Processing: MEAN_FIRE_PROB_1_192_288.dat

compression time=0.002788, total fastmode1 topology
compression size = 56482, CR = 3.916009
done
decompression time=0.004882
done
Min=0, Max=1, range=1
Max absolute error = 0.0014073064
Max relative error = 0.001407
Max pw relative error = 0.001407
PSNR = 61.040028, NRMSE= 0.00088715316554401101642
acEff=1.000000
compressionRatio = 3.916009
  ✓ Compression and decompression successful (ratio: 3.91x)

[150/176] Processing: MR_1_192_288.dat

compression time=0.002715, total fastmode1 topology
compression size = 55536, CR = 3.982714
done
decompression time=0.004173
done
Min=0, Max=1, range=1
Max absolute error = 0.0009999275
Max relative error = 0.001000
Max pw relative error = 0.001000
PSNR = 62.071903, NRMSE= 0.00078777981399325729996
acEff=1.000000
compressionRatio = 3.982714
  ✓ Compression and decompression successful (ratio: 3.98x)

[151/176] Processing: NBP_1_192_288.dat

compression time=0.002829, total fastmode1 topology
compression size = 55875, CR = 3.958550
done
decompression time=0.004190
done
Min=0, Max=1, range=1
Max absolute error = 0.0009999275
Max relative error = 0.001000
Max pw relative error = 0.001000
PSNR = 62.071690, NRMSE= 0.00078779912758805031078
acEff=1.000000
compressionRatio = 3.958550
  ✓ Compression and decompression successful (ratio: 3.95x)

[152/176] Processing: NDEPLOY_1_192_288.dat

compression time=0.002132, total fastmode1 topology
compression size = 52868, CR = 4.183703
done
decompression time=0.003834
done
Min=0, Max=1, range=1
Max absolute error = 0.0009999275
Max relative error = 0.001000
Max pw relative error = 0.001000
PSNR = 62.071963, NRMSE= 0.00078777435578693364316
acEff=1.000000
compressionRatio = 4.183703
  ✓ Compression and decompression successful (ratio: 4.18x)

[153/176] Processing: NDEP_TO_SMINN_1_192_288.dat

compression time=0.002165, total fastmode1 topology
compression size = 52486, CR = 4.214152
done
decompression time=0.003420
done
Min=0, Max=1, range=1
Max absolute error = 0.0009999275
Max relative error = 0.001000
Max pw relative error = 0.001000
PSNR = 62.071967, NRMSE= 0.00078777397612012631852
acEff=1.000000
compressionRatio = 4.214152
  ✓ Compression and decompression successful (ratio: 4.21x)

[154/176] Processing: NEE_1_192_288.dat

compression time=0.003020, total fastmode1 topology
compression size = 55864, CR = 3.959330
done
decompression time=0.004314
done
Min=0, Max=1, range=1
Max absolute error = 0.0009999275
Max relative error = 0.001000
Max pw relative error = 0.001000
PSNR = 62.071803, NRMSE= 0.000787788903259997275
acEff=1.000000
compressionRatio = 3.959330
  ✓ Compression and decompression successful (ratio: 3.95x)

[155/176] Processing: NEP_1_192_288.dat

compression time=0.003028, total fastmode1 topology
compression size = 55820, CR = 3.962451
done
decompression time=0.004317
done
Min=0, Max=1, range=1
Max absolute error = 0.0009999275
Max relative error = 0.001000
Max pw relative error = 0.001000
PSNR = 62.071654, NRMSE= 0.00078780239800163283457
acEff=1.000000
compressionRatio = 3.962451
  ✓ Compression and decompression successful (ratio: 3.96x)

[156/176] Processing: NET_NMIN_1_192_288.dat

compression time=0.002475, total fastmode1 topology
compression size = 52914, CR = 4.180066
done
decompression time=0.003797
done
Min=0, Max=1, range=1
Max absolute error = 0.0009999275
Max relative error = 0.001000
Max pw relative error = 0.001000
PSNR = 62.071962, NRMSE= 0.00078777445967228697937
acEff=1.000000
compressionRatio = 4.180066
  ✓ Compression and decompression successful (ratio: 4.18x)

[157/176] Processing: NFIX_TO_SMINN_1_192_288.dat

compression time=0.002125, total fastmode1 topology
compression size = 52486, CR = 4.214152
done
decompression time=0.003803
done
Min=0, Max=1, range=1
Max absolute error = 0.0009999275
Max relative error = 0.001000
Max pw relative error = 0.001000
PSNR = 62.071967, NRMSE= 0.00078777397612012631852
acEff=1.000000
compressionRatio = 4.214152
  ✓ Compression and decompression successful (ratio: 4.21x)

[158/176] Processing: NPP_1_192_288.dat

compression time=0.002650, total fastmode1 topology
compression size = 55285, CR = 4.000796
done
decompression time=0.004072
done
Min=0, Max=1, range=1
Max absolute error = 0.0009999275
Max relative error = 0.001000
Max pw relative error = 0.001000
PSNR = 62.071780, NRMSE= 0.00078779099729106496098
acEff=1.000000
compressionRatio = 4.000796
  ✓ Compression and decompression successful (ratio: 4.00x)

[159/176] Processing: OCDEP_1_192_288.dat

compression time=0.002095, total fastmode1 topology
compression size = 52486, CR = 4.214152
done
decompression time=0.003351
done
Min=0, Max=1, range=1
Max absolute error = 0.0009999275
Max relative error = 0.001000
Max pw relative error = 0.001000
PSNR = 62.071967, NRMSE= 0.00078777397612012631852
acEff=1.000000
compressionRatio = 4.214152
  ✓ Compression and decompression successful (ratio: 4.21x)

[160/176] Processing: PBOT_1_192_288.dat

compression time=0.002425, total fastmode1 topology
compression size = 56615, CR = 3.906809
done
decompression time=0.003972
done
Min=0, Max=1, range=1
Max absolute error = 0.0010007918
Max relative error = 0.001001
Max pw relative error = 0.001001
PSNR = 61.225819, NRMSE= 0.00086837843627087440632
acEff=1.000000
compressionRatio = 3.906809
  ✓ Compression and decompression successful (ratio: 3.90x)

[161/176] Processing: PCO2_1_192_288.dat

compression time=0.002418, total fastmode1 topology
compression size = 56588, CR = 3.908673
done
decompression time=0.003935
done
Min=0, Max=1, range=1
Max absolute error = 0.0010074154
Max relative error = 0.001007
Max pw relative error = 0.001007
PSNR = 61.307777, NRMSE= 0.00086022322480259734781
acEff=1.000000
compressionRatio = 3.908673
  ✓ Compression and decompression successful (ratio: 3.90x)

[162/176] Processing: PFT_CTRUNC_1_192_288.dat

compression time=0.002878, total fastmode1 topology
compression size = 55234, CR = 4.004490
done
decompression time=0.004353
done
Min=0, Max=1, range=1
Max absolute error = 0.0009999971
Max relative error = 0.001000
Max pw relative error = 0.001000
PSNR = 62.071646, NRMSE= 0.00078780316889250480514
acEff=1.000000
compressionRatio = 4.004490
  ✓ Compression and decompression successful (ratio: 4.00x)

[163/176] Processing: PFT_FIRE_CLOSS_1_192_288.dat

compression time=0.002204, total fastmode1 topology
compression size = 52936, CR = 4.178329
done
decompression time=0.003746
done
Min=0, Max=1, range=1
Max absolute error = 0.0009999885
Max relative error = 0.001000
Max pw relative error = 0.001000
PSNR = 62.071837, NRMSE= 0.00078778583209552740293
acEff=1.000000
compressionRatio = 4.178329
  ✓ Compression and decompression successful (ratio: 4.17x)

[164/176] Processing: PFT_FIRE_NLOSS_1_192_288.dat

compression time=0.002327, total fastmode1 topology
compression size = 52510, CR = 4.212226
done
decompression time=0.003491
done
Min=0, Max=1, range=1
Max absolute error = 0.0009999275
Max relative error = 0.001000
Max pw relative error = 0.001000
PSNR = 62.071967, NRMSE= 0.00078777397267707687054
acEff=1.000000
compressionRatio = 4.212226
  ✓ Compression and decompression successful (ratio: 4.21x)

[165/176] Processing: PFT_NTRUNC_1_192_288.dat

compression time=0.002708, total fastmode1 topology
compression size = 55212, CR = 4.006085
done
decompression time=0.004893
done
Min=0, Max=1, range=1
Max absolute error = 0.0009999971
Max relative error = 0.001000
Max pw relative error = 0.001000
PSNR = 62.071491, NRMSE= 0.00078781718454408510097
acEff=1.000000
compressionRatio = 4.006086
  ✓ Compression and decompression successful (ratio: 4.00x)

[166/176] Processing: PLANT_NDEMAND_1_192_288.dat

compression time=0.002521, total fastmode1 topology
compression size = 53244, CR = 4.154158
done
decompression time=0.003934
done
Min=0, Max=1, range=1
Max absolute error = 0.0009999785
Max relative error = 0.001000
Max pw relative error = 0.001000
PSNR = 62.071835, NRMSE= 0.00078778601242259285731
acEff=1.000000
compressionRatio = 4.154158
  ✓ Compression and decompression successful (ratio: 4.15x)

[167/176] Processing: POTENTIAL_IMMOB_1_192_288.dat

compression time=0.002452, total fastmode1 topology
compression size = 53758, CR = 4.114439
done
decompression time=0.003847
done
Min=0, Max=1, range=1
Max absolute error = 0.0009999987
Max relative error = 0.001000
Max pw relative error = 0.001000
PSNR = 62.071452, NRMSE= 0.00078782072266756950595
acEff=1.000000
compressionRatio = 4.114439
  ✓ Compression and decompression successful (ratio: 4.11x)

[168/176] Processing: PROD100C_1_192_288.dat

compression time=0.002081, total fastmode1 topology
compression size = 52486, CR = 4.214152
done
decompression time=0.003584
done
Min=0, Max=1, range=1
Max absolute error = 0.0009999275
Max relative error = 0.001000
Max pw relative error = 0.001000
PSNR = 62.071967, NRMSE= 0.00078777397612012631852
acEff=1.000000
compressionRatio = 4.214152
  ✓ Compression and decompression successful (ratio: 4.21x)

[169/176] Processing: PROD100C_LOSS_1_192_288.dat

compression time=0.002698, total fastmode1 topology
compression size = 52486, CR = 4.214152
done
decompression time=0.003356
done
Min=0, Max=1, range=1
Max absolute error = 0.0009999275
Max relative error = 0.001000
Max pw relative error = 0.001000
PSNR = 62.071967, NRMSE= 0.00078777397612012631852
acEff=1.000000
compressionRatio = 4.214152
  ✓ Compression and decompression successful (ratio: 4.21x)

[170/176] Processing: PROD100N_1_192_288.dat

compression time=0.002341, total fastmode1 topology
compression size = 52486, CR = 4.214152
done
decompression time=0.003569
done
Min=0, Max=1, range=1
Max absolute error = 0.0009999275
Max relative error = 0.001000
Max pw relative error = 0.001000
PSNR = 62.071967, NRMSE= 0.00078777397612012631852
acEff=1.000000
compressionRatio = 4.214152
  ✓ Compression and decompression successful (ratio: 4.21x)

[171/176] Processing: PROD100N_LOSS_1_192_288.dat

compression time=0.002305, total fastmode1 topology
compression size = 52486, CR = 4.214152
done
decompression time=0.003454
done
Min=0, Max=1, range=1
Max absolute error = 0.0009999275
Max relative error = 0.001000
Max pw relative error = 0.001000
PSNR = 62.071967, NRMSE= 0.00078777397612012631852
acEff=1.000000
compressionRatio = 4.214152
  ✓ Compression and decompression successful (ratio: 4.21x)

[172/176] Processing: PROD10C_1_192_288.dat

compression time=0.002118, total fastmode1 topology
compression size = 52486, CR = 4.214152
done
decompression time=0.003430
done
Min=0, Max=1, range=1
Max absolute error = 0.0009999275
Max relative error = 0.001000
Max pw relative error = 0.001000
PSNR = 62.071967, NRMSE= 0.00078777397612012631852
acEff=1.000000
compressionRatio = 4.214152
  ✓ Compression and decompression successful (ratio: 4.21x)

[173/176] Processing: PROD10C_LOSS_1_192_288.dat

compression time=0.002008, total fastmode1 topology
compression size = 52486, CR = 4.214152
done
decompression time=0.003393
done
Min=0, Max=1, range=1
Max absolute error = 0.0009999275
Max relative error = 0.001000
Max pw relative error = 0.001000
PSNR = 62.071967, NRMSE= 0.00078777397612012631852
acEff=1.000000
compressionRatio = 4.214152
  ✓ Compression and decompression successful (ratio: 4.21x)

[174/176] Processing: PROD10N_1_192_288.dat

compression time=0.002407, total fastmode1 topology
compression size = 52486, CR = 4.214152
done
decompression time=0.003312
done
Min=0, Max=1, range=1
Max absolute error = 0.0009999275
Max relative error = 0.001000
Max pw relative error = 0.001000
PSNR = 62.071967, NRMSE= 0.00078777397612012631852
acEff=1.000000
compressionRatio = 4.214152
  ✓ Compression and decompression successful (ratio: 4.21x)

[175/176] Processing: topo_192_288.dat

compression time=0.002152, total fastmode1 topology
compression size = 52486, CR = 4.214152
done
decompression time=0.003354
done
Min=0, Max=1, range=1
Max absolute error = 0.0009999275
Max relative error = 0.001000
Max pw relative error = 0.001000
PSNR = 62.071967, NRMSE= 0.00078777397612012631852
acEff=1.000000
compressionRatio = 4.214152
  ✓ Compression and decompression successful (ratio: 4.21x)

[176/176] Processing: topodnsc_192_288.dat

compression time=0.002140, total fastmode1 topology
compression size = 52486, CR = 4.214152
done
decompression time=0.003353
done
Min=0, Max=1, range=1
Max absolute error = 0.0009999275
Max relative error = 0.001000
Max pw relative error = 0.001000
PSNR = 62.071967, NRMSE= 0.00078777397612012631852
acEff=1.000000
compressionRatio = 4.214152
  ✓ Compression and decompression successful (ratio: 4.21x)

=== Summary ===
Total files processed: 176
Total files skipped: 0
Total files failed: 0

