Input directory: ../../CESM-ICE-MODELS/4/log_normalized/
Output directory: ../../CESM-ICE-MODELS/4/log_normalized/topoSZp_2_thread/
Dimensions: 384x320 (122880 elements)
Error bound: 1E-3
Block size: 16

Found 130 .dat file(s) to process

[1/130] Processing: aeroiceint001_1_384_320.dat

compression time=0.001800, total fastmode1 topology
compression size = 114903, CR = 4.277695
done
decompression time=0.003432
done
Min=0, Max=1, range=1
Max absolute error = 0.0009999275
Max relative error = 0.001000
Max pw relative error = 0.001000
PSNR = 65.252569, NRMSE= 0.00054622494739052604874
acEff=1.000000
compressionRatio = 4.277695
  ✓ Compression and decompression successful (ratio: 4.27x)

[2/130] Processing: aeroiceint002_1_384_320.dat

compression time=0.001799, total fastmode1 topology
compression size = 114903, CR = 4.277695
done
decompression time=0.002977
done
Min=0, Max=1, range=1
Max absolute error = 0.0009999275
Max relative error = 0.001000
Max pw relative error = 0.001000
PSNR = 65.252569, NRMSE= 0.00054622494739052604874
acEff=1.000000
compressionRatio = 4.277695
  ✓ Compression and decompression successful (ratio: 4.27x)

[3/130] Processing: aeroiceint003_1_384_320.dat

compression time=0.001765, total fastmode1 topology
compression size = 114903, CR = 4.277695
done
decompression time=0.003320
done
Min=0, Max=1, range=1
Max absolute error = 0.0009999275
Max relative error = 0.001000
Max pw relative error = 0.001000
PSNR = 65.252569, NRMSE= 0.00054622494739052604874
acEff=1.000000
compressionRatio = 4.277695
  ✓ Compression and decompression successful (ratio: 4.27x)

[4/130] Processing: aeroicessl001_1_384_320.dat

compression time=0.001741, total fastmode1 topology
compression size = 114903, CR = 4.277695
done
decompression time=0.002954
done
Min=0, Max=1, range=1
Max absolute error = 0.0009999275
Max relative error = 0.001000
Max pw relative error = 0.001000
PSNR = 65.252569, NRMSE= 0.00054622494739052604874
acEff=1.000000
compressionRatio = 4.277695
  ✓ Compression and decompression successful (ratio: 4.27x)

[5/130] Processing: aeroicessl002_1_384_320.dat

compression time=0.001834, total fastmode1 topology
compression size = 114903, CR = 4.277695
done
decompression time=0.003026
done
Min=0, Max=1, range=1
Max absolute error = 0.0009999275
Max relative error = 0.001000
Max pw relative error = 0.001000
PSNR = 65.252569, NRMSE= 0.00054622494739052604874
acEff=1.000000
compressionRatio = 4.277695
  ✓ Compression and decompression successful (ratio: 4.27x)

[6/130] Processing: aeroicessl003_1_384_320.dat

compression time=0.001792, total fastmode1 topology
compression size = 114903, CR = 4.277695
done
decompression time=0.002932
done
Min=0, Max=1, range=1
Max absolute error = 0.0009999275
Max relative error = 0.001000
Max pw relative error = 0.001000
PSNR = 65.252569, NRMSE= 0.00054622494739052604874
acEff=1.000000
compressionRatio = 4.277695
  ✓ Compression and decompression successful (ratio: 4.27x)

[7/130] Processing: aerosnoint001_1_384_320.dat

compression time=0.001727, total fastmode1 topology
compression size = 114903, CR = 4.277695
done
decompression time=0.002846
done
Min=0, Max=1, range=1
Max absolute error = 0.0009999275
Max relative error = 0.001000
Max pw relative error = 0.001000
PSNR = 65.252569, NRMSE= 0.00054622494739052604874
acEff=1.000000
compressionRatio = 4.277695
  ✓ Compression and decompression successful (ratio: 4.27x)

[8/130] Processing: aerosnoint002_1_384_320.dat

compression time=0.001769, total fastmode1 topology
compression size = 114903, CR = 4.277695
done
decompression time=0.002953
done
Min=0, Max=1, range=1
Max absolute error = 0.0009999275
Max relative error = 0.001000
Max pw relative error = 0.001000
PSNR = 65.252569, NRMSE= 0.00054622494739052604874
acEff=1.000000
compressionRatio = 4.277695
  ✓ Compression and decompression successful (ratio: 4.27x)

[9/130] Processing: aerosnoint003_1_384_320.dat

compression time=0.001662, total fastmode1 topology
compression size = 114932, CR = 4.276616
done
decompression time=0.003898
done
Min=0, Max=1, range=1
Max absolute error = 0.0009999275
Max relative error = 0.001000
Max pw relative error = 0.001000
PSNR = 65.252569, NRMSE= 0.0005462249712170759398
acEff=1.000000
compressionRatio = 4.276616
  ✓ Compression and decompression successful (ratio: 4.27x)

[10/130] Processing: aerosnossl001_1_384_320.dat

compression time=0.001824, total fastmode1 topology
compression size = 114903, CR = 4.277695
done
decompression time=0.003179
done
Min=0, Max=1, range=1
Max absolute error = 0.0009999275
Max relative error = 0.001000
Max pw relative error = 0.001000
PSNR = 65.252569, NRMSE= 0.00054622494739052604874
acEff=1.000000
compressionRatio = 4.277695
  ✓ Compression and decompression successful (ratio: 4.27x)

[11/130] Processing: aerosnossl002_1_384_320.dat

compression time=0.001778, total fastmode1 topology
compression size = 114903, CR = 4.277695
done
decompression time=0.003036
done
Min=0, Max=1, range=1
Max absolute error = 0.0009999275
Max relative error = 0.001000
Max pw relative error = 0.001000
PSNR = 65.252569, NRMSE= 0.00054622494739052604874
acEff=1.000000
compressionRatio = 4.277695
  ✓ Compression and decompression successful (ratio: 4.27x)

[12/130] Processing: aerosnossl003_1_384_320.dat

compression time=0.001778, total fastmode1 topology
compression size = 114990, CR = 4.274459
done
decompression time=0.004136
done
Min=0, Max=1, range=1
Max absolute error = 0.0009999275
Max relative error = 0.001000
Max pw relative error = 0.001000
PSNR = 65.252568, NRMSE= 0.00054622500912490483393
acEff=1.000000
compressionRatio = 4.274459
  ✓ Compression and decompression successful (ratio: 4.27x)

[13/130] Processing: aice_1_384_320.dat

compression time=0.001828, total fastmode1 topology
compression size = 118628, CR = 4.143373
done
decompression time=0.004075
done
Min=0, Max=1, range=1
Max absolute error = 0.0009999387
Max relative error = 0.001000
Max pw relative error = 0.001000
PSNR = 64.854917, NRMSE= 0.00057181316551153059651
acEff=1.000000
compressionRatio = 4.143373
  ✓ Compression and decompression successful (ratio: 4.14x)

[14/130] Processing: aicen001_1_384_320.dat

compression time=0.001993, total fastmode1 topology
compression size = 118866, CR = 4.135077
done
decompression time=0.004024
done
Min=0, Max=1, range=1
Max absolute error = 0.0017039217
Max relative error = 0.001704
Max pw relative error = 0.001704
PSNR = 64.829130, NRMSE= 0.00057351329453279636852
acEff=1.000000
compressionRatio = 4.135076
  ✓ Compression and decompression successful (ratio: 4.13x)

[15/130] Processing: aicen002_1_384_320.dat

compression time=0.002107, total fastmode1 topology
compression size = 118318, CR = 4.154228
done
decompression time=0.004017
done
Min=0, Max=1, range=1
Max absolute error = 0.0012026690
Max relative error = 0.001203
Max pw relative error = 0.001203
PSNR = 64.872176, NRMSE= 0.00057067808901842666334
acEff=1.000000
compressionRatio = 4.154228
  ✓ Compression and decompression successful (ratio: 4.15x)

[16/130] Processing: aicen003_1_384_320.dat

compression time=0.001735, total fastmode1 topology
compression size = 118022, CR = 4.164647
done
decompression time=0.004139
done
Min=0, Max=1, range=1
Max absolute error = 0.0015152413
Max relative error = 0.001515
Max pw relative error = 0.001515
PSNR = 64.879093, NRMSE= 0.00057022380660699117927
acEff=1.000000
compressionRatio = 4.164647
  ✓ Compression and decompression successful (ratio: 4.16x)

[17/130] Processing: aicen004_1_384_320.dat

compression time=0.001889, total fastmode1 topology
compression size = 117848, CR = 4.170796
done
decompression time=0.003924
done
Min=0, Max=1, range=1
Max absolute error = 0.0015191156
Max relative error = 0.001519
Max pw relative error = 0.001519
PSNR = 64.883369, NRMSE= 0.00056994315389920018836
acEff=1.000000
compressionRatio = 4.170796
  ✓ Compression and decompression successful (ratio: 4.17x)

[18/130] Processing: aicen005_1_384_320.dat

compression time=0.002107, total fastmode1 topology
compression size = 117685, CR = 4.176573
done
decompression time=0.003884
done
Min=0, Max=1, range=1
Max absolute error = 0.0011459999
Max relative error = 0.001146
Max pw relative error = 0.001146
PSNR = 64.908030, NRMSE= 0.00056832728893492338602
acEff=1.000000
compressionRatio = 4.176573
  ✓ Compression and decompression successful (ratio: 4.17x)

[19/130] Processing: aisnap_1_384_320.dat

compression time=0.001911, total fastmode1 topology
compression size = 117251, CR = 4.192032
done
decompression time=0.004084
done
Min=0, Max=1, range=1
Max absolute error = 0.0009999275
Max relative error = 0.001000
Max pw relative error = 0.001000
PSNR = 64.889080, NRMSE= 0.00056956854229842925844
acEff=1.000000
compressionRatio = 4.192032
  ✓ Compression and decompression successful (ratio: 4.19x)

[20/130] Processing: albice_1_384_320.dat

compression time=0.001786, total fastmode1 topology
compression size = 115845, CR = 4.242911
done
decompression time=0.003992
done
Min=0, Max=1, range=1
Max absolute error = 0.0013142424
Max relative error = 0.001314
Max pw relative error = 0.001314
PSNR = 65.194072, NRMSE= 0.0005499160386228411565
acEff=1.000000
compressionRatio = 4.242911
  ✓ Compression and decompression successful (ratio: 4.24x)

[21/130] Processing: albpnd_1_384_320.dat

compression time=0.001783, total fastmode1 topology
compression size = 115497, CR = 4.255695
done
decompression time=0.003886
done
Min=0, Max=1, range=1
Max absolute error = 0.0009999275
Max relative error = 0.001000
Max pw relative error = 0.001000
PSNR = 65.212271, NRMSE= 0.00054876507792679456946
acEff=1.000000
compressionRatio = 4.255695
  ✓ Compression and decompression successful (ratio: 4.25x)

[22/130] Processing: albsno_1_384_320.dat

compression time=0.001625, total fastmode1 topology
compression size = 116620, CR = 4.214715
done
decompression time=0.003812
done
Min=0, Max=1, range=1
Max absolute error = 0.0009999722
Max relative error = 0.001000
Max pw relative error = 0.001000
PSNR = 65.030176, NRMSE= 0.00056039103953003910862
acEff=1.000000
compressionRatio = 4.214714
  ✓ Compression and decompression successful (ratio: 4.21x)

[23/130] Processing: alidr_1_384_320.dat

compression time=0.001686, total fastmode1 topology
compression size = 117204, CR = 4.193714
done
decompression time=0.004229
done
Min=0, Max=1, range=1
Max absolute error = 0.0009999275
Max relative error = 0.001000
Max pw relative error = 0.001000
PSNR = 64.963005, NRMSE= 0.00056474155026907120036
acEff=1.000000
compressionRatio = 4.193714
  ✓ Compression and decompression successful (ratio: 4.19x)

[24/130] Processing: alvdr_1_384_320.dat

compression time=0.001622, total fastmode1 topology
compression size = 117228, CR = 4.192855
done
decompression time=0.004043
done
Min=0, Max=1, range=1
Max absolute error = 0.0009999275
Max relative error = 0.001000
Max pw relative error = 0.001000
PSNR = 65.011313, NRMSE= 0.00056160937408382253545
acEff=1.000000
compressionRatio = 4.192855
  ✓ Compression and decompression successful (ratio: 4.19x)

[25/130] Processing: ANGLE_384_320.dat

compression time=0.001741, total fastmode1 topology
compression size = 80369, CR = 6.115791
done
decompression time=0.004022
done
Min=0, Max=1, range=1
Max absolute error = 0.0019998550
Max relative error = 0.002000
Max pw relative error = 0.002000
PSNR = 65.108158, NRMSE= 0.00055538236741904363838
acEff=0.999993
compressionRatio = 6.115791
  ✓ Compression and decompression successful (ratio: 6.11x)

[26/130] Processing: ANGLET_384_320.dat
Error: No critical points found!
  ✗ Compression failed

[27/130] Processing: apond001_1_384_320.dat

compression time=0.001637, total fastmode1 topology
compression size = 118188, CR = 4.158798
done
decompression time=0.004167
done
Min=0, Max=1, range=1
Max absolute error = 0.0014789701
Max relative error = 0.001479
Max pw relative error = 0.001479
PSNR = 65.059661, NRMSE= 0.00055849198210757304475
acEff=1.000000
compressionRatio = 4.158798
  ✓ Compression and decompression successful (ratio: 4.15x)

[28/130] Processing: apond002_1_384_320.dat

compression time=0.001844, total fastmode1 topology
compression size = 124938, CR = 3.934111
done
decompression time=0.004544
done
Min=0, Max=1, range=1
Max absolute error = 0.0019339211
Max relative error = 0.001934
Max pw relative error = 0.001934
PSNR = 64.848273, NRMSE= 0.00057225069030642330189
acEff=1.000000
compressionRatio = 3.934111
  ✓ Compression and decompression successful (ratio: 3.93x)

[29/130] Processing: apond003_1_384_320.dat

compression time=0.001915, total fastmode1 topology
compression size = 123643, CR = 3.975316
done
decompression time=0.004369
done
Min=0, Max=1, range=1
Max absolute error = 0.0019840635
Max relative error = 0.001984
Max pw relative error = 0.001984
PSNR = 64.944013, NRMSE= 0.00056597773854473335062
acEff=1.000000
compressionRatio = 3.975316
  ✓ Compression and decompression successful (ratio: 3.97x)

[30/130] Processing: apond004_1_384_320.dat

compression time=0.001951, total fastmode1 topology
compression size = 121054, CR = 4.060337
done
decompression time=0.004444
done
Min=0, Max=1, range=1
Max absolute error = 0.0016271845
Max relative error = 0.001627
Max pw relative error = 0.001627
PSNR = 65.008623, NRMSE= 0.00056178331357417611754
acEff=1.000000
compressionRatio = 4.060337
  ✓ Compression and decompression successful (ratio: 4.06x)

[31/130] Processing: apond005_1_384_320.dat

compression time=0.001803, total fastmode1 topology
compression size = 119487, CR = 4.113585
done
decompression time=0.004283
done
Min=0, Max=1, range=1
Max absolute error = 0.0019328184
Max relative error = 0.001933
Max pw relative error = 0.001933
PSNR = 65.049237, NRMSE= 0.00055916265229421233465
acEff=1.000000
compressionRatio = 4.113586
  ✓ Compression and decompression successful (ratio: 4.11x)

[32/130] Processing: congel_1_384_320.dat

compression time=0.002410, total fastmode1 topology
compression size = 115931, CR = 4.239763
done
decompression time=0.003816
done
Min=0, Max=1, range=1
Max absolute error = 0.0009999275
Max relative error = 0.001000
Max pw relative error = 0.001000
PSNR = 65.079244, NRMSE= 0.00055723425299650231318
acEff=1.000000
compressionRatio = 4.239763
  ✓ Compression and decompression successful (ratio: 4.23x)

[33/130] Processing: coszen_1_384_320.dat

compression time=0.001774, total fastmode1 topology
compression size = 115357, CR = 4.260860
done
decompression time=0.003090
done
Min=0, Max=1, range=1
Max absolute error = 0.0010004179
Max relative error = 0.001000
Max pw relative error = 0.001000
PSNR = 62.824856, NRMSE= 0.00072236580905291286701
acEff=1.000000
compressionRatio = 4.260860
  ✓ Compression and decompression successful (ratio: 4.26x)

[34/130] Processing: daidtd_1_384_320.dat

compression time=0.001957, total fastmode1 topology
compression size = 117685, CR = 4.176573
done
decompression time=0.004204
done
Min=0, Max=1, range=1
Max absolute error = 0.0009999275
Max relative error = 0.001000
Max pw relative error = 0.001000
PSNR = 62.107954, NRMSE= 0.00078451689059568234692
acEff=1.000000
compressionRatio = 4.176573
  ✓ Compression and decompression successful (ratio: 4.17x)

[35/130] Processing: daidtt_1_384_320.dat

compression time=0.001871, total fastmode1 topology
compression size = 118024, CR = 4.164577
done
decompression time=0.004166
done
Min=0, Max=1, range=1
Max absolute error = 0.0015081875
Max relative error = 0.001508
Max pw relative error = 0.001508
PSNR = 63.245193, NRMSE= 0.00068824070476601563115
acEff=1.000000
compressionRatio = 4.164577
  ✓ Compression and decompression successful (ratio: 4.16x)

[36/130] Processing: dardg1dt_1_384_320.dat

compression time=0.001927, total fastmode1 topology
compression size = 117042, CR = 4.199518
done
decompression time=0.003885
done
Min=0, Max=1, range=1
Max absolute error = 0.0009999599
Max relative error = 0.001000
Max pw relative error = 0.001000
PSNR = 65.040919, NRMSE= 0.00055969835585836791303
acEff=1.000000
compressionRatio = 4.199518
  ✓ Compression and decompression successful (ratio: 4.19x)

[37/130] Processing: dardg2dt_1_384_320.dat

compression time=0.001751, total fastmode1 topology
compression size = 116210, CR = 4.229584
done
decompression time=0.004599
done
Min=0, Max=1, range=1
Max absolute error = 0.0009999275
Max relative error = 0.001000
Max pw relative error = 0.001000
PSNR = 65.157393, NRMSE= 0.00055224313914723648956
acEff=1.000000
compressionRatio = 4.229584
  ✓ Compression and decompression successful (ratio: 4.22x)

[38/130] Processing: divu_1_384_320.dat

compression time=0.001869, total fastmode1 topology
compression size = 119173, CR = 4.124424
done
decompression time=0.004213
done
Min=0, Max=1, range=1
Max absolute error = 0.0010028519
Max relative error = 0.001003
Max pw relative error = 0.001003
PSNR = 64.850868, NRMSE= 0.00057207975856329407009
acEff=1.000000
compressionRatio = 4.124424
  ✓ Compression and decompression successful (ratio: 4.12x)

[39/130] Processing: dvidtd_1_384_320.dat

compression time=0.001707, total fastmode1 topology
compression size = 118119, CR = 4.161227
done
decompression time=0.004007
done
Min=0, Max=1, range=1
Max absolute error = 0.0012038089
Max relative error = 0.001204
Max pw relative error = 0.001204
PSNR = 60.388180, NRMSE= 0.00095629308330641091002
acEff=1.000000
compressionRatio = 4.161227
  ✓ Compression and decompression successful (ratio: 4.16x)

[40/130] Processing: dvidtt_1_384_320.dat

compression time=0.001838, total fastmode1 topology
compression size = 117376, CR = 4.187568
done
decompression time=0.004214
done
Min=0, Max=1, range=1
Max absolute error = 0.0009999704
Max relative error = 0.001000
Max pw relative error = 0.001000
PSNR = 62.259067, NRMSE= 0.00077098627571072170326
acEff=1.000000
compressionRatio = 4.187568
  ✓ Compression and decompression successful (ratio: 4.18x)

[41/130] Processing: dvirdgdt_1_384_320.dat

compression time=0.001954, total fastmode1 topology
compression size = 116562, CR = 4.216812
done
decompression time=0.003785
done
Min=0, Max=1, range=1
Max absolute error = 0.0009999275
Max relative error = 0.001000
Max pw relative error = 0.001000
PSNR = 65.076473, NRMSE= 0.00055741203076659464385
acEff=1.000000
compressionRatio = 4.216812
  ✓ Compression and decompression successful (ratio: 4.21x)

[42/130] Processing: dxt_384_320.dat
Error: No critical points found!
  ✗ Compression failed

[43/130] Processing: dxu_384_320.dat
Error: No critical points found!
  ✗ Compression failed

[44/130] Processing: dyt_384_320.dat
Error: No critical points found!
  ✗ Compression failed

[45/130] Processing: dyu_384_320.dat

compression time=0.001843, total fastmode1 topology
compression size = 86007, CR = 5.714884
done
decompression time=0.003091
done
Min=0, Max=1, range=1
Max absolute error = 0.0009999871
Max relative error = 0.001000
Max pw relative error = 0.001000
PSNR = 65.256021, NRMSE= 0.00054600791520362538731
acEff=0.999998
compressionRatio = 5.714884
  ✓ Compression and decompression successful (ratio: 5.71x)

[46/130] Processing: evap_1_384_320.dat

compression time=0.001754, total fastmode1 topology
compression size = 116959, CR = 4.202498
done
decompression time=0.004490
done
Min=0, Max=1, range=1
Max absolute error = 0.0010079747
Max relative error = 0.001008
Max pw relative error = 0.001008
PSNR = 60.557186, NRMSE= 0.00093786582308055430838
acEff=1.000000
compressionRatio = 4.202498
  ✓ Compression and decompression successful (ratio: 4.20x)

[47/130] Processing: evap_ai_1_384_320.dat

compression time=0.001763, total fastmode1 topology
compression size = 116037, CR = 4.235890
done
decompression time=0.004142
done
Min=0, Max=1, range=1
Max absolute error = 0.0009999275
Max relative error = 0.001000
Max pw relative error = 0.001000
PSNR = 62.531248, NRMSE= 0.00074720125984458613238
acEff=1.000000
compressionRatio = 4.235890
  ✓ Compression and decompression successful (ratio: 4.23x)

[48/130] Processing: faero_atm001_1_384_320.dat

compression time=0.001648, total fastmode1 topology
compression size = 114903, CR = 4.277695
done
decompression time=0.003013
done
Min=0, Max=1, range=1
Max absolute error = 0.0009999275
Max relative error = 0.001000
Max pw relative error = 0.001000
PSNR = 65.252569, NRMSE= 0.00054622494739052604874
acEff=1.000000
compressionRatio = 4.277695
  ✓ Compression and decompression successful (ratio: 4.27x)

[49/130] Processing: faero_atm002_1_384_320.dat

compression time=0.001781, total fastmode1 topology
compression size = 114903, CR = 4.277695
done
decompression time=0.002961
done
Min=0, Max=1, range=1
Max absolute error = 0.0009999275
Max relative error = 0.001000
Max pw relative error = 0.001000
PSNR = 65.252569, NRMSE= 0.00054622494739052604874
acEff=1.000000
compressionRatio = 4.277695
  ✓ Compression and decompression successful (ratio: 4.27x)

[50/130] Processing: faero_atm003_1_384_320.dat

compression time=0.001798, total fastmode1 topology
compression size = 114903, CR = 4.277695
done
decompression time=0.003050
done
Min=0, Max=1, range=1
Max absolute error = 0.0009999275
Max relative error = 0.001000
Max pw relative error = 0.001000
PSNR = 65.252569, NRMSE= 0.00054622494739052604874
acEff=1.000000
compressionRatio = 4.277695
  ✓ Compression and decompression successful (ratio: 4.27x)

[51/130] Processing: faero_ocn001_1_384_320.dat

compression time=0.001767, total fastmode1 topology
compression size = 114903, CR = 4.277695
done
decompression time=0.003015
done
Min=0, Max=1, range=1
Max absolute error = 0.0009999275
Max relative error = 0.001000
Max pw relative error = 0.001000
PSNR = 65.252569, NRMSE= 0.00054622494739052604874
acEff=1.000000
compressionRatio = 4.277695
  ✓ Compression and decompression successful (ratio: 4.27x)

[52/130] Processing: faero_ocn002_1_384_320.dat

compression time=0.001781, total fastmode1 topology
compression size = 114903, CR = 4.277695
done
decompression time=0.002903
done
Min=0, Max=1, range=1
Max absolute error = 0.0009999275
Max relative error = 0.001000
Max pw relative error = 0.001000
PSNR = 65.252569, NRMSE= 0.00054622494739052604874
acEff=1.000000
compressionRatio = 4.277695
  ✓ Compression and decompression successful (ratio: 4.27x)

[53/130] Processing: faero_ocn003_1_384_320.dat

compression time=0.001829, total fastmode1 topology
compression size = 114903, CR = 4.277695
done
decompression time=0.003129
done
Min=0, Max=1, range=1
Max absolute error = 0.0009999275
Max relative error = 0.001000
Max pw relative error = 0.001000
PSNR = 65.252569, NRMSE= 0.00054622494739052604874
acEff=1.000000
compressionRatio = 4.277695
  ✓ Compression and decompression successful (ratio: 4.27x)

[54/130] Processing: fcondtop_ai_1_384_320.dat

compression time=0.001966, total fastmode1 topology
compression size = 116797, CR = 4.208327
done
decompression time=0.004219
done
Min=0, Max=1, range=1
Max absolute error = 0.0009999275
Max relative error = 0.001000
Max pw relative error = 0.001000
PSNR = 64.196074, NRMSE= 0.00061687376826806460464
acEff=1.000000
compressionRatio = 4.208327
  ✓ Compression and decompression successful (ratio: 4.20x)

[55/130] Processing: fhocn_1_384_320.dat

compression time=0.001984, total fastmode1 topology
compression size = 117650, CR = 4.177815
done
decompression time=0.004073
done
Min=0, Max=1, range=1
Max absolute error = 0.0010000020
Max relative error = 0.001000
Max pw relative error = 0.001000
PSNR = 64.462367, NRMSE= 0.00059824852710900358957
acEff=1.000000
compressionRatio = 4.177816
  ✓ Compression and decompression successful (ratio: 4.17x)

[56/130] Processing: fhocn_ai_1_384_320.dat

compression time=0.001904, total fastmode1 topology
compression size = 117384, CR = 4.187283
done
decompression time=0.003965
done
Min=0, Max=1, range=1
Max absolute error = 0.0009999275
Max relative error = 0.001000
Max pw relative error = 0.001000
PSNR = 62.074711, NRMSE= 0.00078752520952309512832
acEff=1.000000
compressionRatio = 4.187283
  ✓ Compression and decompression successful (ratio: 4.18x)

[57/130] Processing: flat_1_384_320.dat

compression time=0.001724, total fastmode1 topology
compression size = 118776, CR = 4.138210
done
decompression time=0.005155
done
Min=0, Max=1, range=1
Max absolute error = 0.0013413802
Max relative error = 0.001341
Max pw relative error = 0.001341
PSNR = 63.228255, NRMSE= 0.00068958408044660459476
acEff=1.000000
compressionRatio = 4.138210
  ✓ Compression and decompression successful (ratio: 4.13x)

[58/130] Processing: flat_ai_1_384_320.dat

compression time=0.002029, total fastmode1 topology
compression size = 117843, CR = 4.170973
done
decompression time=0.004250
done
Min=0, Max=1, range=1
Max absolute error = 0.0009999499
Max relative error = 0.001000
Max pw relative error = 0.001000
PSNR = 62.474053, NRMSE= 0.00075213769995027758737
acEff=1.000000
compressionRatio = 4.170973
  ✓ Compression and decompression successful (ratio: 4.17x)

[59/130] Processing: flwdn_1_384_320.dat

compression time=0.002504, total fastmode1 topology
compression size = 131380, CR = 3.741209
done
decompression time=0.004989
done
Min=0, Max=1, range=1
Max absolute error = 0.0011446774
Max relative error = 0.001145
Max pw relative error = 0.001145
PSNR = 62.781113, NRMSE= 0.0007260129408742110619
acEff=1.000000
compressionRatio = 3.741209
  ✓ Compression and decompression successful (ratio: 3.74x)

[60/130] Processing: flwup_1_384_320.dat

compression time=0.001969, total fastmode1 topology
compression size = 118248, CR = 4.156688
done
decompression time=0.004193
done
Min=0, Max=1, range=1
Max absolute error = 0.0009999275
Max relative error = 0.001000
Max pw relative error = 0.001000
PSNR = 64.667238, NRMSE= 0.00058430297580442584586
acEff=1.000000
compressionRatio = 4.156688
  ✓ Compression and decompression successful (ratio: 4.15x)

[61/130] Processing: flwup_ai_1_384_320.dat

compression time=0.001866, total fastmode1 topology
compression size = 117991, CR = 4.165741
done
decompression time=0.004051
done
Min=0, Max=1, range=1
Max absolute error = 0.0009999536
Max relative error = 0.001000
Max pw relative error = 0.001000
PSNR = 61.387136, NRMSE= 0.00085239953784956923929
acEff=1.000000
compressionRatio = 4.165741
  ✓ Compression and decompression successful (ratio: 4.16x)

[62/130] Processing: frazil_1_384_320.dat

compression time=0.001624, total fastmode1 topology
compression size = 115918, CR = 4.240239
done
decompression time=0.003954
done
Min=0, Max=1, range=1
Max absolute error = 0.0009999275
Max relative error = 0.001000
Max pw relative error = 0.001000
PSNR = 65.089592, NRMSE= 0.00055657077753581811214
acEff=1.000000
compressionRatio = 4.240239
  ✓ Compression and decompression successful (ratio: 4.24x)

[63/130] Processing: fresh_1_384_320.dat

compression time=0.001803, total fastmode1 topology
compression size = 118925, CR = 4.133025
done
decompression time=0.004196
done
Min=0, Max=1, range=1
Max absolute error = 0.0012184121
Max relative error = 0.001218
Max pw relative error = 0.001218
PSNR = 63.800611, NRMSE= 0.00064560882849114330055
acEff=1.000000
compressionRatio = 4.133025
  ✓ Compression and decompression successful (ratio: 4.13x)

[64/130] Processing: fresh_ai_1_384_320.dat

compression time=0.001663, total fastmode1 topology
compression size = 117606, CR = 4.179379
done
decompression time=0.004069
done
Min=0, Max=1, range=1
Max absolute error = 0.0012005381
Max relative error = 0.001201
Max pw relative error = 0.001201
PSNR = 62.320373, NRMSE= 0.00076556369866208004177
acEff=1.000000
compressionRatio = 4.179379
  ✓ Compression and decompression successful (ratio: 4.17x)

[65/130] Processing: fs_1_384_320.dat

compression time=0.001640, total fastmode1 topology
compression size = 117072, CR = 4.198442
done
decompression time=0.004135
done
Min=0, Max=1, range=1
Max absolute error = 0.0009999722
Max relative error = 0.001000
Max pw relative error = 0.001000
PSNR = 64.857227, NRMSE= 0.00057166112617250267654
acEff=1.000000
compressionRatio = 4.198442
  ✓ Compression and decompression successful (ratio: 4.19x)

[66/130] Processing: fsalt_1_384_320.dat

compression time=0.001744, total fastmode1 topology
compression size = 117654, CR = 4.177673
done
decompression time=0.004372
done
Min=0, Max=1, range=1
Max absolute error = 0.0010924796
Max relative error = 0.001092
Max pw relative error = 0.001092
PSNR = 63.613061, NRMSE= 0.00065970074241495193276
acEff=1.000000
compressionRatio = 4.177674
  ✓ Compression and decompression successful (ratio: 4.17x)

[67/130] Processing: fsalt_ai_1_384_320.dat

compression time=0.001790, total fastmode1 topology
compression size = 116166, CR = 4.231186
done
decompression time=0.004015
done
Min=0, Max=1, range=1
Max absolute error = 0.0010059321
Max relative error = 0.001006
Max pw relative error = 0.001006
PSNR = 60.354149, NRMSE= 0.00096004715469273789984
acEff=1.000000
compressionRatio = 4.231186
  ✓ Compression and decompression successful (ratio: 4.23x)

[68/130] Processing: fsens_1_384_320.dat

compression time=0.001841, total fastmode1 topology
compression size = 118956, CR = 4.131948
done
decompression time=0.003935
done
Min=0, Max=1, range=1
Max absolute error = 0.0016929395
Max relative error = 0.001693
Max pw relative error = 0.001693
PSNR = 62.370151, NRMSE= 0.00076118886953671768478
acEff=1.000000
compressionRatio = 4.131948
  ✓ Compression and decompression successful (ratio: 4.13x)

[69/130] Processing: fsens_ai_1_384_320.dat

compression time=0.001706, total fastmode1 topology
compression size = 117621, CR = 4.178845
done
decompression time=0.004322
done
Min=0, Max=1, range=1
Max absolute error = 0.0010012947
Max relative error = 0.001001
Max pw relative error = 0.001001
PSNR = 64.187391, NRMSE= 0.00061749074775150757533
acEff=1.000000
compressionRatio = 4.178846
  ✓ Compression and decompression successful (ratio: 4.17x)

[70/130] Processing: fsurf_ai_1_384_320.dat

compression time=0.001763, total fastmode1 topology
compression size = 117036, CR = 4.199733
done
decompression time=0.003855
done
Min=0, Max=1, range=1
Max absolute error = 0.0009999275
Max relative error = 0.001000
Max pw relative error = 0.001000
PSNR = 64.201604, NRMSE= 0.00061648114259640679133
acEff=1.000000
compressionRatio = 4.199733
  ✓ Compression and decompression successful (ratio: 4.19x)

[71/130] Processing: fswabs_1_384_320.dat

compression time=0.001772, total fastmode1 topology
compression size = 118009, CR = 4.165106
done
decompression time=0.004280
done
Min=0, Max=1, range=1
Max absolute error = 0.0017466173
Max relative error = 0.001747
Max pw relative error = 0.001747
PSNR = 64.966133, NRMSE= 0.00056453820998741402123
acEff=1.000000
compressionRatio = 4.165106
  ✓ Compression and decompression successful (ratio: 4.16x)

[72/130] Processing: fswabs_ai_1_384_320.dat

compression time=0.001615, total fastmode1 topology
compression size = 117207, CR = 4.193606
done
decompression time=0.004144
done
Min=0, Max=1, range=1
Max absolute error = 0.0009999275
Max relative error = 0.001000
Max pw relative error = 0.001000
PSNR = 65.006412, NRMSE= 0.00056192634862835689601
acEff=1.000000
compressionRatio = 4.193606
  ✓ Compression and decompression successful (ratio: 4.19x)

[73/130] Processing: fswdn_1_384_320.dat

compression time=0.002743, total fastmode1 topology
compression size = 132852, CR = 3.699756
done
decompression time=0.004979
done
Min=0, Max=1, range=1
Max absolute error = 0.0010239407
Max relative error = 0.001024
Max pw relative error = 0.001024
PSNR = 62.911703, NRMSE= 0.00071517913719649096188
acEff=1.000000
compressionRatio = 3.699756
  ✓ Compression and decompression successful (ratio: 3.69x)

[74/130] Processing: fswfac_1_384_320.dat

compression time=0.001987, total fastmode1 topology
compression size = 120418, CR = 4.081782
done
decompression time=0.004028
done
Min=0, Max=1, range=1
Max absolute error = 0.0017415080
Max relative error = 0.001742
Max pw relative error = 0.001742
PSNR = 64.031945, NRMSE= 0.00062864104391107485017
acEff=1.000000
compressionRatio = 4.081782
  ✓ Compression and decompression successful (ratio: 4.08x)

[75/130] Processing: fswthru_1_384_320.dat

compression time=0.001820, total fastmode1 topology
compression size = 118460, CR = 4.149249
done
decompression time=0.004084
done
Min=0, Max=1, range=1
Max absolute error = 0.0017630868
Max relative error = 0.001763
Max pw relative error = 0.001763
PSNR = 64.979404, NRMSE= 0.00056367634348124446599
acEff=1.000000
compressionRatio = 4.149249
  ✓ Compression and decompression successful (ratio: 4.14x)

[76/130] Processing: fswthru_ai_1_384_320.dat

compression time=0.001895, total fastmode1 topology
compression size = 117076, CR = 4.198298
done
decompression time=0.004060
done
Min=0, Max=1, range=1
Max absolute error = 0.0015817564
Max relative error = 0.001582
Max pw relative error = 0.001582
PSNR = 65.032323, NRMSE= 0.00056025258474236261895
acEff=1.000000
compressionRatio = 4.198299
  ✓ Compression and decompression successful (ratio: 4.19x)

[77/130] Processing: fswup_1_384_320.dat

compression time=0.002632, total fastmode1 topology
compression size = 133037, CR = 3.694611
done
decompression time=0.005162
done
Min=0, Max=1, range=1
Max absolute error = 0.0010239445
Max relative error = 0.001024
Max pw relative error = 0.001024
PSNR = 62.911728, NRMSE= 0.00071517713709175960261
acEff=1.000000
compressionRatio = 3.694611
  ✓ Compression and decompression successful (ratio: 3.69x)

[78/130] Processing: FYarea_1_384_320.dat

compression time=0.002039, total fastmode1 topology
compression size = 117406, CR = 4.186498
done
decompression time=0.003882
done
Min=0, Max=1, range=1
Max absolute error = 0.0009999741
Max relative error = 0.001000
Max pw relative error = 0.001000
PSNR = 64.859245, NRMSE= 0.00057152833322281334973
acEff=1.000000
compressionRatio = 4.186498
  ✓ Compression and decompression successful (ratio: 4.18x)

[79/130] Processing: hi_1_384_320.dat

compression time=0.001667, total fastmode1 topology
compression size = 117188, CR = 4.194286
done
decompression time=0.004109
done
Min=0, Max=1, range=1
Max absolute error = 0.0009999322
Max relative error = 0.001000
Max pw relative error = 0.001000
PSNR = 64.893265, NRMSE= 0.0005692942128718152554
acEff=1.000000
compressionRatio = 4.194286
  ✓ Compression and decompression successful (ratio: 4.19x)

[80/130] Processing: hisnap_1_384_320.dat

compression time=0.001717, total fastmode1 topology
compression size = 117259, CR = 4.191747
done
decompression time=0.004018
done
Min=0, Max=1, range=1
Max absolute error = 0.0011873692
Max relative error = 0.001187
Max pw relative error = 0.001187
PSNR = 64.892282, NRMSE= 0.00056935860530137646484
acEff=1.000000
compressionRatio = 4.191746
  ✓ Compression and decompression successful (ratio: 4.19x)

[81/130] Processing: hs_1_384_320.dat

compression time=0.001628, total fastmode1 topology
compression size = 116441, CR = 4.221194
done
decompression time=0.003949
done
Min=0, Max=1, range=1
Max absolute error = 0.0009999479
Max relative error = 0.001000
Max pw relative error = 0.001000
PSNR = 64.957595, NRMSE= 0.00056509341025763636709
acEff=1.000000
compressionRatio = 4.221194
  ✓ Compression and decompression successful (ratio: 4.22x)

[82/130] Processing: HTE_384_320.dat

compression time=0.001937, total fastmode1 topology
compression size = 85887, CR = 5.722868
done
decompression time=0.003270
done
Min=0, Max=1, range=1
Max absolute error = 0.0009999871
Max relative error = 0.001000
Max pw relative error = 0.001000
PSNR = 65.017388, NRMSE= 0.00056121674974861542051
acEff=0.999998
compressionRatio = 5.722868
  ✓ Compression and decompression successful (ratio: 5.72x)

[83/130] Processing: HTN_384_320.dat
Error: No critical points found!
  ✗ Compression failed

[84/130] Processing: iage_1_384_320.dat

compression time=0.001758, total fastmode1 topology
compression size = 117921, CR = 4.168214
done
decompression time=0.003916
done
Min=0, Max=1, range=1
Max absolute error = 0.0016180594
Max relative error = 0.001618
Max pw relative error = 0.001618
PSNR = 64.822102, NRMSE= 0.00057397756742936178152
acEff=1.000000
compressionRatio = 4.168214
  ✓ Compression and decompression successful (ratio: 4.16x)

[85/130] Processing: ice_present_1_384_320.dat

compression time=0.001734, total fastmode1 topology
compression size = 116103, CR = 4.233482
done
decompression time=0.003008
done
Min=0, Max=1, range=1
Max absolute error = 0.0009999275
Max relative error = 0.001000
Max pw relative error = 0.001000
PSNR = 65.181639, NRMSE= 0.00055070375730204706999
acEff=1.000000
compressionRatio = 4.233482
  ✓ Compression and decompression successful (ratio: 4.23x)

[86/130] Processing: meltb_1_384_320.dat

compression time=0.001668, total fastmode1 topology
compression size = 117432, CR = 4.185571
done
decompression time=0.003993
done
Min=0, Max=1, range=1
Max absolute error = 0.0017512455
Max relative error = 0.001751
Max pw relative error = 0.001751
PSNR = 65.001918, NRMSE= 0.00056221715692996224439
acEff=1.000000
compressionRatio = 4.185571
  ✓ Compression and decompression successful (ratio: 4.18x)

[87/130] Processing: meltl_1_384_320.dat

compression time=0.001874, total fastmode1 topology
compression size = 115857, CR = 4.242471
done
decompression time=0.003939
done
Min=0, Max=1, range=1
Max absolute error = 0.0009999297
Max relative error = 0.001000
Max pw relative error = 0.001000
PSNR = 65.121147, NRMSE= 0.00055455245083296897824
acEff=1.000000
compressionRatio = 4.242471
  ✓ Compression and decompression successful (ratio: 4.24x)

[88/130] Processing: melts_1_384_320.dat

compression time=0.001913, total fastmode1 topology
compression size = 116527, CR = 4.218078
done
decompression time=0.004389
done
Min=0, Max=1, range=1
Max absolute error = 0.0009999275
Max relative error = 0.001000
Max pw relative error = 0.001000
PSNR = 65.040982, NRMSE= 0.00055969434393820334181
acEff=1.000000
compressionRatio = 4.218078
  ✓ Compression and decompression successful (ratio: 4.21x)

[89/130] Processing: meltt_1_384_320.dat

compression time=0.001789, total fastmode1 topology
compression size = 115058, CR = 4.271933
done
decompression time=0.004343
done
Min=0, Max=1, range=1
Max absolute error = 0.0009999275
Max relative error = 0.001000
Max pw relative error = 0.001000
PSNR = 65.245862, NRMSE= 0.00054664689850968974354
acEff=1.000000
compressionRatio = 4.271932
  ✓ Compression and decompression successful (ratio: 4.27x)

[90/130] Processing: opening_1_384_320.dat

compression time=0.001915, total fastmode1 topology
compression size = 121327, CR = 4.051200
done
decompression time=0.004288
done
Min=0, Max=1, range=1
Max absolute error = 0.0017261449
Max relative error = 0.001726
Max pw relative error = 0.001726
PSNR = 64.817237, NRMSE= 0.00057429914080475740531
acEff=1.000000
compressionRatio = 4.051200
  ✓ Compression and decompression successful (ratio: 4.05x)

[91/130] Processing: qi_1_384_320.dat

compression time=0.001961, total fastmode1 topology
compression size = 111497, CR = 4.408370
done
decompression time=0.003927
done
Min=0, Max=1, range=1
Max absolute error = 0.0010014176
Max relative error = 0.001001
Max pw relative error = 0.001001
PSNR = 63.754848, NRMSE= 0.00064901928491514283056
acEff=1.000000
compressionRatio = 4.408370
  ✓ Compression and decompression successful (ratio: 4.40x)

[92/130] Processing: Qref_1_384_320.dat

compression time=0.002344, total fastmode1 topology
compression size = 129396, CR = 3.798572
done
decompression time=0.004571
done
Min=0, Max=1, range=1
Max absolute error = 0.0010020137
Max relative error = 0.001002
Max pw relative error = 0.001002
PSNR = 62.733185, NRMSE= 0.00073003006836684332988
acEff=1.000000
compressionRatio = 3.798572
  ✓ Compression and decompression successful (ratio: 3.79x)

[93/130] Processing: qs_1_384_320.dat

compression time=0.001898, total fastmode1 topology
compression size = 111317, CR = 4.415498
done
decompression time=0.003854
done
Min=0, Max=1, range=1
Max absolute error = 0.0009999275
Max relative error = 0.001000
Max pw relative error = 0.001000
PSNR = 63.560194, NRMSE= 0.00066372821984819448463
acEff=1.000000
compressionRatio = 4.415498
  ✓ Compression and decompression successful (ratio: 4.41x)

[94/130] Processing: rain_1_384_320.dat

compression time=0.002586, total fastmode1 topology
compression size = 132676, CR = 3.704664
done
decompression time=0.004921
done
Min=0, Max=1, range=1
Max absolute error = 0.0013737623
Max relative error = 0.001374
Max pw relative error = 0.001374
PSNR = 63.070283, NRMSE= 0.00070224049884244806041
acEff=1.000000
compressionRatio = 3.704664
  ✓ Compression and decompression successful (ratio: 3.70x)

[95/130] Processing: rain_ai_1_384_320.dat

compression time=0.001888, total fastmode1 topology
compression size = 115801, CR = 4.244523
done
decompression time=0.004066
done
Min=0, Max=1, range=1
Max absolute error = 0.0009999275
Max relative error = 0.001000
Max pw relative error = 0.001000
PSNR = 65.159021, NRMSE= 0.00055213966841134482118
acEff=1.000000
compressionRatio = 4.244523
  ✓ Compression and decompression successful (ratio: 4.24x)

[96/130] Processing: shear_1_384_320.dat

compression time=0.002098, total fastmode1 topology
compression size = 121575, CR = 4.042936
done
decompression time=0.004699
done
Min=0, Max=1, range=1
Max absolute error = 0.0019265357
Max relative error = 0.001927
Max pw relative error = 0.001927
PSNR = 64.805567, NRMSE= 0.0005750712297308644555
acEff=1.000000
compressionRatio = 4.042936
  ✓ Compression and decompression successful (ratio: 4.04x)

[97/130] Processing: sig1_1_384_320.dat

compression time=0.002793, total fastmode1 topology
compression size = 83546, CR = 5.883226
done
decompression time=0.004218
done
Min=0, Max=1, range=1
Max absolute error = 0.0015628655
Max relative error = 0.001563
Max pw relative error = 0.001563
PSNR = 60.289738, NRMSE= 0.00096719294176138444468
acEff=1.000000
compressionRatio = 5.883226
  ✓ Compression and decompression successful (ratio: 5.88x)

[98/130] Processing: sig2_1_384_320.dat

compression time=0.001662, total fastmode1 topology
compression size = 83648, CR = 5.876052
done
decompression time=0.005154
done
Min=0, Max=1, range=1
Max absolute error = 0.0019051731
Max relative error = 0.001905
Max pw relative error = 0.001905
PSNR = 60.267892, NRMSE= 0.00096962860576294853093
acEff=1.000000
compressionRatio = 5.876052
  ✓ Compression and decompression successful (ratio: 5.87x)

[99/130] Processing: snoice_1_384_320.dat

compression time=0.001759, total fastmode1 topology
compression size = 115872, CR = 4.241922
done
decompression time=0.004101
done
Min=0, Max=1, range=1
Max absolute error = 0.0009999275
Max relative error = 0.001000
Max pw relative error = 0.001000
PSNR = 65.144445, NRMSE= 0.00055306697818010110753
acEff=1.000000
compressionRatio = 4.241922
  ✓ Compression and decompression successful (ratio: 4.24x)

[100/130] Processing: snow_1_384_320.dat

compression time=0.002139, total fastmode1 topology
compression size = 117909, CR = 4.168639
done
decompression time=0.004188
done
Min=0, Max=1, range=1
Max absolute error = 0.0009999751
Max relative error = 0.001000
Max pw relative error = 0.001000
PSNR = 64.703178, NRMSE= 0.00058189029570609529865
acEff=1.000000
compressionRatio = 4.168639
  ✓ Compression and decompression successful (ratio: 4.16x)

[101/130] Processing: snow_ai_1_384_320.dat

compression time=0.001893, total fastmode1 topology
compression size = 116152, CR = 4.231697
done
decompression time=0.004776
done
Min=0, Max=1, range=1
Max absolute error = 0.0009999275
Max relative error = 0.001000
Max pw relative error = 0.001000
PSNR = 64.929835, NRMSE= 0.00056690236940153181187
acEff=1.000000
compressionRatio = 4.231696
  ✓ Compression and decompression successful (ratio: 4.23x)

[102/130] Processing: strairx_1_384_320.dat

compression time=0.001586, total fastmode1 topology
compression size = 115770, CR = 4.245659
done
decompression time=0.004318
done
Min=0, Max=1, range=1
Max absolute error = 0.0010034381
Max relative error = 0.001003
Max pw relative error = 0.001003
PSNR = 64.532901, NRMSE= 0.00059341008827066470208
acEff=1.000000
compressionRatio = 4.245659
  ✓ Compression and decompression successful (ratio: 4.24x)

[103/130] Processing: strairy_1_384_320.dat

compression time=0.001990, total fastmode1 topology
compression size = 115936, CR = 4.239581
done
decompression time=0.004026
done
Min=0, Max=1, range=1
Max absolute error = 0.0010050122
Max relative error = 0.001005
Max pw relative error = 0.001005
PSNR = 64.762388, NRMSE= 0.00057793713111602845484
acEff=1.000000
compressionRatio = 4.239580
  ✓ Compression and decompression successful (ratio: 4.23x)

[104/130] Processing: strcorx_1_384_320.dat

compression time=0.001715, total fastmode1 topology
compression size = 115591, CR = 4.252234
done
decompression time=0.003879
done
Min=0, Max=1, range=1
Max absolute error = 0.0009999275
Max relative error = 0.001000
Max pw relative error = 0.001000
PSNR = 63.203911, NRMSE= 0.00069151955120551160394
acEff=1.000000
compressionRatio = 4.252234
  ✓ Compression and decompression successful (ratio: 4.25x)

[105/130] Processing: strcory_1_384_320.dat

compression time=0.002265, total fastmode1 topology
compression size = 115363, CR = 4.260638
done
decompression time=0.003774
done
Min=0, Max=1, range=1
Max absolute error = 0.0009999275
Max relative error = 0.001000
Max pw relative error = 0.001000
PSNR = 63.204832, NRMSE= 0.00069144618008976218779
acEff=1.000000
compressionRatio = 4.260638
  ✓ Compression and decompression successful (ratio: 4.26x)

[106/130] Processing: strength_1_384_320.dat

compression time=0.001641, total fastmode1 topology
compression size = 119372, CR = 4.117548
done
decompression time=0.004569
done
Min=0, Max=1, range=1
Max absolute error = 0.0013351627
Max relative error = 0.001335
Max pw relative error = 0.001335
PSNR = 64.924401, NRMSE= 0.00056725708243242974494
acEff=1.000000
compressionRatio = 4.117549
  ✓ Compression and decompression successful (ratio: 4.11x)

[107/130] Processing: strintx_1_384_320.dat

compression time=0.001816, total fastmode1 topology
compression size = 116183, CR = 4.230567
done
decompression time=0.003957
done
Min=0, Max=1, range=1
Max absolute error = 0.0009999275
Max relative error = 0.001000
Max pw relative error = 0.001000
PSNR = 61.936953, NRMSE= 0.00080011491207109637289
acEff=1.000000
compressionRatio = 4.230567
  ✓ Compression and decompression successful (ratio: 4.23x)

[108/130] Processing: strinty_1_384_320.dat

compression time=0.001907, total fastmode1 topology
compression size = 116417, CR = 4.222064
done
decompression time=0.004008
done
Min=0, Max=1, range=1
Max absolute error = 0.0010077911
Max relative error = 0.001008
Max pw relative error = 0.001008
PSNR = 65.058538, NRMSE= 0.00055856420917673257637
acEff=1.000000
compressionRatio = 4.222064
  ✓ Compression and decompression successful (ratio: 4.22x)

[109/130] Processing: strocnx_1_384_320.dat

compression time=0.001630, total fastmode1 topology
compression size = 116065, CR = 4.234869
done
decompression time=0.004115
done
Min=0, Max=1, range=1
Max absolute error = 0.0010024310
Max relative error = 0.001002
Max pw relative error = 0.001002
PSNR = 64.916464, NRMSE= 0.00056777572199187336874
acEff=1.000000
compressionRatio = 4.234868
  ✓ Compression and decompression successful (ratio: 4.23x)

[110/130] Processing: strocny_1_384_320.dat

compression time=0.001818, total fastmode1 topology
compression size = 116144, CR = 4.231988
done
decompression time=0.004078
done
Min=0, Max=1, range=1
Max absolute error = 0.0009999285
Max relative error = 0.001000
Max pw relative error = 0.001000
PSNR = 61.232873, NRMSE= 0.00086767348903589002884
acEff=1.000000
compressionRatio = 4.231988
  ✓ Compression and decompression successful (ratio: 4.23x)

[111/130] Processing: Tair_1_384_320.dat

compression time=0.002058, total fastmode1 topology
compression size = 123921, CR = 3.966398
done
decompression time=0.004373
done
Min=0, Max=1, range=1
Max absolute error = 0.0009999909
Max relative error = 0.001000
Max pw relative error = 0.001000
PSNR = 62.737367, NRMSE= 0.00072967868731682052584
acEff=1.000000
compressionRatio = 3.966398
  ✓ Compression and decompression successful (ratio: 3.96x)

[112/130] Processing: tarea_384_320.dat
Error: No critical points found!
  ✗ Compression failed

[113/130] Processing: TLAT_384_320.dat

compression time=0.001766, total fastmode1 topology
compression size = 78061, CR = 6.296614
done
decompression time=0.002845
done
Min=0, Max=1, range=1
Max absolute error = 0.0009999871
Max relative error = 0.001000
Max pw relative error = 0.001000
PSNR = 64.760778, NRMSE= 0.00057804425989330034553
acEff=0.999998
compressionRatio = 6.296614
  ✓ Compression and decompression successful (ratio: 6.29x)

[114/130] Processing: TLON_384_320.dat

compression time=0.002067, total fastmode1 topology
compression size = 116424, CR = 4.221810
done
decompression time=0.003117
done
Min=0, Max=1, range=1
Max absolute error = 0.0009999871
Max relative error = 0.001000
Max pw relative error = 0.001000
PSNR = 64.509853, NRMSE= 0.00059498680615624965039
acEff=0.999998
compressionRatio = 4.221810
  ✓ Compression and decompression successful (ratio: 4.22x)

[115/130] Processing: tmask_384_320.dat

compression time=0.001704, total fastmode1 topology
compression size = 114903, CR = 4.277695
done
decompression time=0.003106
done
Min=0, Max=1, range=1
Max absolute error = 0.0009999275
Max relative error = 0.001000
Max pw relative error = 0.001000
PSNR = 61.539764, NRMSE= 0.00083755200053809472204
acEff=1.000000
compressionRatio = 4.277695
  ✓ Compression and decompression successful (ratio: 4.27x)

[116/130] Processing: transix_1_384_320.dat

compression time=0.001900, total fastmode1 topology
compression size = 117061, CR = 4.198836
done
decompression time=0.004128
done
Min=0, Max=1, range=1
Max absolute error = 0.0009999275
Max relative error = 0.001000
Max pw relative error = 0.001000
PSNR = 62.220577, NRMSE= 0.00077441034945195305877
acEff=1.000000
compressionRatio = 4.198837
  ✓ Compression and decompression successful (ratio: 4.19x)

[117/130] Processing: transiy_1_384_320.dat

compression time=0.001737, total fastmode1 topology
compression size = 116980, CR = 4.201744
done
decompression time=0.003972
done
Min=0, Max=1, range=1
Max absolute error = 0.0009999275
Max relative error = 0.001000
Max pw relative error = 0.001000
PSNR = 64.114855, NRMSE= 0.00062266902759237701629
acEff=1.000000
compressionRatio = 4.201744
  ✓ Compression and decompression successful (ratio: 4.20x)

[118/130] Processing: Tref_1_384_320.dat

compression time=0.002756, total fastmode1 topology
compression size = 124806, CR = 3.938272
done
decompression time=0.004641
done
Min=0, Max=1, range=1
Max absolute error = 0.0014443211
Max relative error = 0.001444
Max pw relative error = 0.001444
PSNR = 62.815453, NRMSE= 0.00072314827838626505839
acEff=1.000000
compressionRatio = 3.938272
  ✓ Compression and decompression successful (ratio: 3.93x)

[119/130] Processing: trsig_1_384_320.dat

compression time=0.001697, total fastmode1 topology
compression size = 116332, CR = 4.225149
done
decompression time=0.003814
done
Min=0, Max=1, range=1
Max absolute error = 0.0009999275
Max relative error = 0.001000
Max pw relative error = 0.001000
PSNR = 62.265979, NRMSE= 0.00077037300604110162464
acEff=1.000000
compressionRatio = 4.225149
  ✓ Compression and decompression successful (ratio: 4.22x)

[120/130] Processing: Tsfc_1_384_320.dat

compression time=0.001754, total fastmode1 topology
compression size = 117444, CR = 4.185143
done
decompression time=0.004473
done
Min=0, Max=1, range=1
Max absolute error = 0.0009999275
Max relative error = 0.001000
Max pw relative error = 0.001000
PSNR = 63.653771, NRMSE= 0.00065661599000433267751
acEff=1.000000
compressionRatio = 4.185144
  ✓ Compression and decompression successful (ratio: 4.18x)

[121/130] Processing: uarea_384_320.dat

compression time=0.001875, total fastmode1 topology
compression size = 79078, CR = 6.215635
done
decompression time=0.003134
done
Min=0, Max=1, range=1
Max absolute error = 0.0009999871
Max relative error = 0.001000
Max pw relative error = 0.001000
PSNR = 64.957587, NRMSE= 0.00056509394774340157216
acEff=0.999937
compressionRatio = 6.215635
  ✓ Compression and decompression successful (ratio: 6.21x)

[122/130] Processing: ULAT_384_320.dat

compression time=0.001695, total fastmode1 topology
compression size = 78069, CR = 6.295969
done
decompression time=0.003030
done
Min=0, Max=1, range=1
Max absolute error = 0.0009999871
Max relative error = 0.001000
Max pw relative error = 0.001000
PSNR = 64.978019, NRMSE= 0.00056376621106452810134
acEff=0.999999
compressionRatio = 6.295969
  ✓ Compression and decompression successful (ratio: 6.29x)

[123/130] Processing: ULON_384_320.dat

compression time=0.001978, total fastmode1 topology
compression size = 116357, CR = 4.224241
done
decompression time=0.004236
done
Min=0, Max=1, range=1
Max absolute error = 0.0009999871
Max relative error = 0.001000
Max pw relative error = 0.001000
PSNR = 64.897390, NRMSE= 0.00056902391191280166267
acEff=0.999998
compressionRatio = 4.224241
  ✓ Compression and decompression successful (ratio: 4.22x)

[124/130] Processing: uvel_1_384_320.dat

compression time=0.001782, total fastmode1 topology
compression size = 117460, CR = 4.184574
done
decompression time=0.004109
done
Min=0, Max=1, range=1
Max absolute error = 0.0009999312
Max relative error = 0.001000
Max pw relative error = 0.001000
PSNR = 63.272538, NRMSE= 0.00068607734485195124609
acEff=1.000000
compressionRatio = 4.184573
  ✓ Compression and decompression successful (ratio: 4.18x)

[125/130] Processing: vicen001_1_384_320.dat

compression time=0.001821, total fastmode1 topology
compression size = 116586, CR = 4.215944
done
decompression time=0.004063
done
Min=0, Max=1, range=1
Max absolute error = 0.0010045965
Max relative error = 0.001005
Max pw relative error = 0.001005
PSNR = 64.944789, NRMSE= 0.00056592716925246016896
acEff=1.000000
compressionRatio = 4.215944
  ✓ Compression and decompression successful (ratio: 4.21x)

[126/130] Processing: vicen002_1_384_320.dat

compression time=0.002361, total fastmode1 topology
compression size = 116580, CR = 4.216161
done
decompression time=0.003772
done
Min=0, Max=1, range=1
Max absolute error = 0.0009999312
Max relative error = 0.001000
Max pw relative error = 0.001000
PSNR = 64.961016, NRMSE= 0.00056487088759206416887
acEff=1.000000
compressionRatio = 4.216161
  ✓ Compression and decompression successful (ratio: 4.21x)

[127/130] Processing: vicen003_1_384_320.dat

compression time=0.001852, total fastmode1 topology
compression size = 116260, CR = 4.227766
done
decompression time=0.003966
done
Min=0, Max=1, range=1
Max absolute error = 0.0009999275
Max relative error = 0.001000
Max pw relative error = 0.001000
PSNR = 65.028394, NRMSE= 0.00056050607574112377117
acEff=1.000000
compressionRatio = 4.227765
  ✓ Compression and decompression successful (ratio: 4.22x)

[128/130] Processing: vicen004_1_384_320.dat

compression time=0.001895, total fastmode1 topology
compression size = 116355, CR = 4.224314
done
decompression time=0.003944
done
Min=0, Max=1, range=1
Max absolute error = 0.0009999275
Max relative error = 0.001000
Max pw relative error = 0.001000
PSNR = 65.008998, NRMSE= 0.0005617590676488851912
acEff=1.000000
compressionRatio = 4.224314
  ✓ Compression and decompression successful (ratio: 4.22x)

[129/130] Processing: vicen005_1_384_320.dat

compression time=0.001638, total fastmode1 topology
compression size = 116594, CR = 4.215654
done
decompression time=0.003936
done
Min=0, Max=1, range=1
Max absolute error = 0.0009999792
Max relative error = 0.001000
Max pw relative error = 0.001000
PSNR = 64.985303, NRMSE= 0.00056329362213495247098
acEff=1.000000
compressionRatio = 4.215654
  ✓ Compression and decompression successful (ratio: 4.21x)

[130/130] Processing: vvel_1_384_320.dat

compression time=0.001801, total fastmode1 topology
compression size = 117926, CR = 4.168037
done
decompression time=0.004587
done
Min=0, Max=1, range=1
Max absolute error = 0.0010713041
Max relative error = 0.001071
Max pw relative error = 0.001071
PSNR = 62.059697, NRMSE= 0.00078888762270717092701
acEff=1.000000
compressionRatio = 4.168038
  ✓ Compression and decompression successful (ratio: 4.16x)

=== Summary ===
Total files processed: 124
Total files skipped: 0
Total files failed: 6

