Input directory: ../../CESM-ICE-MODELS/4/log_normalized/
Output directory: ../../CESM-ICE-MODELS/4/log_normalized/topoSZp_2_thread/
Dimensions: 384x320 (122880 elements)
Error bound: 1E-4
Block size: 16

Found 130 .dat file(s) to process

[1/130] Processing: aeroiceint001_1_384_320.dat

compression time=0.001936, total fastmode1 topology
compression size = 132319, CR = 3.714659
done
decompression time=0.003485
done
Min=0, Max=1, range=1
Max absolute error = 0.0000000000
Max relative error = 0.000000
Max pw relative error = 0.000000
PSNR = inf, NRMSE= 0
acEff=1.000000
compressionRatio = 3.714659
  ✓ Compression and decompression successful (ratio: 3.71x)

[2/130] Processing: aeroiceint002_1_384_320.dat

compression time=0.001871, total fastmode1 topology
compression size = 132319, CR = 3.714659
done
decompression time=0.003305
done
Min=0, Max=1, range=1
Max absolute error = 0.0000000000
Max relative error = 0.000000
Max pw relative error = 0.000000
PSNR = inf, NRMSE= 0
acEff=1.000000
compressionRatio = 3.714659
  ✓ Compression and decompression successful (ratio: 3.71x)

[3/130] Processing: aeroiceint003_1_384_320.dat

compression time=0.001876, total fastmode1 topology
compression size = 132319, CR = 3.714659
done
decompression time=0.003190
done
Min=0, Max=1, range=1
Max absolute error = 0.0000000000
Max relative error = 0.000000
Max pw relative error = 0.000000
PSNR = inf, NRMSE= 0
acEff=1.000000
compressionRatio = 3.714659
  ✓ Compression and decompression successful (ratio: 3.71x)

[4/130] Processing: aeroicessl001_1_384_320.dat

compression time=0.001880, total fastmode1 topology
compression size = 132319, CR = 3.714659
done
decompression time=0.003146
done
Min=0, Max=1, range=1
Max absolute error = 0.0000000000
Max relative error = 0.000000
Max pw relative error = 0.000000
PSNR = inf, NRMSE= 0
acEff=1.000000
compressionRatio = 3.714659
  ✓ Compression and decompression successful (ratio: 3.71x)

[5/130] Processing: aeroicessl002_1_384_320.dat

compression time=0.001849, total fastmode1 topology
compression size = 132319, CR = 3.714659
done
decompression time=0.003036
done
Min=0, Max=1, range=1
Max absolute error = 0.0000000000
Max relative error = 0.000000
Max pw relative error = 0.000000
PSNR = inf, NRMSE= 0
acEff=1.000000
compressionRatio = 3.714659
  ✓ Compression and decompression successful (ratio: 3.71x)

[6/130] Processing: aeroicessl003_1_384_320.dat

compression time=0.001754, total fastmode1 topology
compression size = 132319, CR = 3.714659
done
decompression time=0.003204
done
Min=0, Max=1, range=1
Max absolute error = 0.0000000000
Max relative error = 0.000000
Max pw relative error = 0.000000
PSNR = inf, NRMSE= 0
acEff=1.000000
compressionRatio = 3.714659
  ✓ Compression and decompression successful (ratio: 3.71x)

[7/130] Processing: aerosnoint001_1_384_320.dat

compression time=0.001777, total fastmode1 topology
compression size = 132319, CR = 3.714659
done
decompression time=0.003396
done
Min=0, Max=1, range=1
Max absolute error = 0.0000000000
Max relative error = 0.000000
Max pw relative error = 0.000000
PSNR = inf, NRMSE= 0
acEff=1.000000
compressionRatio = 3.714659
  ✓ Compression and decompression successful (ratio: 3.71x)

[8/130] Processing: aerosnoint002_1_384_320.dat

compression time=0.001874, total fastmode1 topology
compression size = 132319, CR = 3.714659
done
decompression time=0.002986
done
Min=0, Max=1, range=1
Max absolute error = 0.0000000000
Max relative error = 0.000000
Max pw relative error = 0.000000
PSNR = inf, NRMSE= 0
acEff=1.000000
compressionRatio = 3.714659
  ✓ Compression and decompression successful (ratio: 3.71x)

[9/130] Processing: aerosnoint003_1_384_320.dat

compression time=0.001771, total fastmode1 topology
compression size = 132348, CR = 3.713845
done
decompression time=0.004033
done
Min=0, Max=1, range=1
Max absolute error = 0.0000010052
Max relative error = 0.000001
Max pw relative error = 0.000001
PSNR = 155.859246, NRMSE= 1.6107854411470974413E-08
acEff=1.000000
compressionRatio = 3.713845
  ✓ Compression and decompression successful (ratio: 3.71x)

[10/130] Processing: aerosnossl001_1_384_320.dat

compression time=0.002365, total fastmode1 topology
compression size = 132319, CR = 3.714659
done
decompression time=0.003949
done
Min=0, Max=1, range=1
Max absolute error = 0.0000000000
Max relative error = 0.000000
Max pw relative error = 0.000000
PSNR = inf, NRMSE= 0
acEff=1.000000
compressionRatio = 3.714659
  ✓ Compression and decompression successful (ratio: 3.71x)

[11/130] Processing: aerosnossl002_1_384_320.dat

compression time=0.002126, total fastmode1 topology
compression size = 132319, CR = 3.714659
done
decompression time=0.003126
done
Min=0, Max=1, range=1
Max absolute error = 0.0000000000
Max relative error = 0.000000
Max pw relative error = 0.000000
PSNR = inf, NRMSE= 0
acEff=1.000000
compressionRatio = 3.714659
  ✓ Compression and decompression successful (ratio: 3.71x)

[12/130] Processing: aerosnossl003_1_384_320.dat

compression time=0.001790, total fastmode1 topology
compression size = 132406, CR = 3.712219
done
decompression time=0.004146
done
Min=0, Max=1, range=1
Max absolute error = 0.0000010224
Max relative error = 0.000001
Max pw relative error = 0.000001
PSNR = 151.767397, NRMSE= 2.5800619120467895941E-08
acEff=1.000000
compressionRatio = 3.712218
  ✓ Compression and decompression successful (ratio: 3.71x)

[13/130] Processing: aice_1_384_320.dat

compression time=0.001858, total fastmode1 topology
compression size = 138971, CR = 3.536853
done
decompression time=0.004326
done
Min=0, Max=1, range=1
Max absolute error = 0.0001852438
Max relative error = 0.000185
Max pw relative error = 0.000185
PSNR = 95.009704, NRMSE= 1.7762938174764478992E-05
acEff=1.000000
compressionRatio = 3.536853
  ✓ Compression and decompression successful (ratio: 3.53x)

[14/130] Processing: aicen001_1_384_320.dat

compression time=0.002137, total fastmode1 topology
compression size = 139370, CR = 3.526727
done
decompression time=0.004228
done
Min=0, Max=1, range=1
Max absolute error = 0.0001801550
Max relative error = 0.000180
Max pw relative error = 0.000180
PSNR = 95.046157, NRMSE= 1.7688546442694625294E-05
acEff=1.000000
compressionRatio = 3.526727
  ✓ Compression and decompression successful (ratio: 3.52x)

[15/130] Processing: aicen002_1_384_320.dat

compression time=0.002596, total fastmode1 topology
compression size = 138754, CR = 3.542384
done
decompression time=0.004463
done
Min=0, Max=1, range=1
Max absolute error = 0.0001365952
Max relative error = 0.000137
Max pw relative error = 0.000137
PSNR = 95.288457, NRMSE= 1.7201929361194355619E-05
acEff=1.000000
compressionRatio = 3.542384
  ✓ Compression and decompression successful (ratio: 3.54x)

[16/130] Processing: aicen003_1_384_320.dat

compression time=0.002212, total fastmode1 topology
compression size = 138213, CR = 3.556250
done
decompression time=0.004408
done
Min=0, Max=1, range=1
Max absolute error = 0.0001926422
Max relative error = 0.000193
Max pw relative error = 0.000193
PSNR = 95.359849, NRMSE= 1.7061121394961196372E-05
acEff=1.000000
compressionRatio = 3.556250
  ✓ Compression and decompression successful (ratio: 3.55x)

[17/130] Processing: aicen004_1_384_320.dat

compression time=0.002075, total fastmode1 topology
compression size = 137978, CR = 3.562307
done
decompression time=0.004108
done
Min=0, Max=1, range=1
Max absolute error = 0.0001578331
Max relative error = 0.000158
Max pw relative error = 0.000158
PSNR = 95.431015, NRMSE= 1.6921904088656118643E-05
acEff=1.000000
compressionRatio = 3.562307
  ✓ Compression and decompression successful (ratio: 3.56x)

[18/130] Processing: aicen005_1_384_320.dat

compression time=0.002097, total fastmode1 topology
compression size = 137688, CR = 3.569810
done
decompression time=0.003944
done
Min=0, Max=1, range=1
Max absolute error = 0.0001908503
Max relative error = 0.000191
Max pw relative error = 0.000191
PSNR = 95.608214, NRMSE= 1.6580182264232038028E-05
acEff=1.000000
compressionRatio = 3.569810
  ✓ Compression and decompression successful (ratio: 3.56x)

[19/130] Processing: aisnap_1_384_320.dat

compression time=0.002504, total fastmode1 topology
compression size = 136790, CR = 3.593245
done
decompression time=0.004379
done
Min=0, Max=1, range=1
Max absolute error = 0.0001680958
Max relative error = 0.000168
Max pw relative error = 0.000168
PSNR = 95.656270, NRMSE= 1.648870288659299324E-05
acEff=1.000000
compressionRatio = 3.593245
  ✓ Compression and decompression successful (ratio: 3.59x)

[20/130] Processing: albice_1_384_320.dat

compression time=0.001754, total fastmode1 topology
compression size = 134085, CR = 3.665735
done
decompression time=0.004247
done
Min=0, Max=1, range=1
Max absolute error = 0.0001142425
Max relative error = 0.000114
Max pw relative error = 0.000114
PSNR = 102.860077, NRMSE= 7.194426408076083221E-06
acEff=1.000000
compressionRatio = 3.665734
  ✓ Compression and decompression successful (ratio: 3.66x)

[21/130] Processing: albpnd_1_384_320.dat

compression time=0.001673, total fastmode1 topology
compression size = 133614, CR = 3.678656
done
decompression time=0.004147
done
Min=0, Max=1, range=1
Max absolute error = 0.0001480058
Max relative error = 0.000148
Max pw relative error = 0.000148
PSNR = 104.081753, NRMSE= 6.2504656701437896676E-06
acEff=1.000000
compressionRatio = 3.678656
  ✓ Compression and decompression successful (ratio: 3.67x)

[22/130] Processing: albsno_1_384_320.dat

compression time=0.001659, total fastmode1 topology
compression size = 135556, CR = 3.625955
done
decompression time=0.003981
done
Min=0, Max=1, range=1
Max absolute error = 0.0001099575
Max relative error = 0.000110
Max pw relative error = 0.000110
PSNR = 97.525191, NRMSE= 1.3296594691886178788E-05
acEff=1.000000
compressionRatio = 3.625955
  ✓ Compression and decompression successful (ratio: 3.62x)

[23/130] Processing: alidr_1_384_320.dat

compression time=0.001912, total fastmode1 topology
compression size = 136272, CR = 3.606904
done
decompression time=0.004116
done
Min=0, Max=1, range=1
Max absolute error = 0.0001240708
Max relative error = 0.000124
Max pw relative error = 0.000124
PSNR = 97.072807, NRMSE= 1.4007468912346407702E-05
acEff=1.000000
compressionRatio = 3.606904
  ✓ Compression and decompression successful (ratio: 3.60x)

[24/130] Processing: alvdr_1_384_320.dat

compression time=0.001887, total fastmode1 topology
compression size = 136319, CR = 3.605660
done
decompression time=0.004252
done
Min=0, Max=1, range=1
Max absolute error = 0.0001290962
Max relative error = 0.000129
Max pw relative error = 0.000129
PSNR = 97.011522, NRMSE= 1.4106649820718142964E-05
acEff=1.000000
compressionRatio = 3.605660
  ✓ Compression and decompression successful (ratio: 3.60x)

[25/130] Processing: ANGLE_384_320.dat

compression time=0.001869, total fastmode1 topology
compression size = 91280, CR = 5.384750
done
decompression time=0.003147
done
Min=0, Max=1, range=1
Max absolute error = 0.0001000166
Max relative error = 0.000100
Max pw relative error = 0.000100
PSNR = 86.363857, NRMSE= 4.8062585421374647693E-05
acEff=1.000000
compressionRatio = 5.384750
  ✓ Compression and decompression successful (ratio: 5.38x)

[26/130] Processing: ANGLET_384_320.dat
Error: No critical points found!
  ✗ Compression failed

[27/130] Processing: apond001_1_384_320.dat

compression time=0.001847, total fastmode1 topology
compression size = 137822, CR = 3.566339
done
decompression time=0.004722
done
Min=0, Max=1, range=1
Max absolute error = 0.0001645242
Max relative error = 0.000165
Max pw relative error = 0.000165
PSNR = 98.123501, NRMSE= 1.2411519607449500227E-05
acEff=1.000000
compressionRatio = 3.566339
  ✓ Compression and decompression successful (ratio: 3.56x)

[28/130] Processing: apond002_1_384_320.dat

compression time=0.002551, total fastmode1 topology
compression size = 146052, CR = 3.365377
done
decompression time=0.004453
done
Min=0, Max=1, range=1
Max absolute error = 0.0001754612
Max relative error = 0.000175
Max pw relative error = 0.000175
PSNR = 95.352968, NRMSE= 1.7074641223329275694E-05
acEff=1.000000
compressionRatio = 3.365377
  ✓ Compression and decompression successful (ratio: 3.36x)

[29/130] Processing: apond003_1_384_320.dat

compression time=0.002562, total fastmode1 topology
compression size = 144070, CR = 3.411675
done
decompression time=0.003899
done
Min=0, Max=1, range=1
Max absolute error = 0.0001840703
Max relative error = 0.000184
Max pw relative error = 0.000184
PSNR = 96.531867, NRMSE= 1.4907563724492101068E-05
acEff=1.000000
compressionRatio = 3.411675
  ✓ Compression and decompression successful (ratio: 3.41x)

[30/130] Processing: apond004_1_384_320.dat

compression time=0.002049, total fastmode1 topology
compression size = 140680, CR = 3.493887
done
decompression time=0.004297
done
Min=0, Max=1, range=1
Max absolute error = 0.0001748390
Max relative error = 0.000175
Max pw relative error = 0.000175
PSNR = 97.566231, NRMSE= 1.3233918162227480085E-05
acEff=1.000000
compressionRatio = 3.493887
  ✓ Compression and decompression successful (ratio: 3.49x)

[31/130] Processing: apond005_1_384_320.dat

compression time=0.002108, total fastmode1 topology
compression size = 138565, CR = 3.547216
done
decompression time=0.004131
done
Min=0, Max=1, range=1
Max absolute error = 0.0001790747
Max relative error = 0.000179
Max pw relative error = 0.000179
PSNR = 98.396095, NRMSE= 1.2028051109676069169E-05
acEff=1.000000
compressionRatio = 3.547216
  ✓ Compression and decompression successful (ratio: 3.54x)

[32/130] Processing: congel_1_384_320.dat

compression time=0.002036, total fastmode1 topology
compression size = 134181, CR = 3.663112
done
decompression time=0.004229
done
Min=0, Max=1, range=1
Max absolute error = 0.0001339922
Max relative error = 0.000134
Max pw relative error = 0.000134
PSNR = 98.760425, NRMSE= 1.1533968375327931528E-05
acEff=1.000000
compressionRatio = 3.663112
  ✓ Compression and decompression successful (ratio: 3.66x)

[33/130] Processing: coszen_1_384_320.dat

compression time=0.002157, total fastmode1 topology
compression size = 133988, CR = 3.668388
done
decompression time=0.003352
done
Min=0, Max=1, range=1
Max absolute error = 0.0001006883
Max relative error = 0.000101
Max pw relative error = 0.000101
PSNR = 86.406375, NRMSE= 4.7827895315240878367E-05
acEff=1.000000
compressionRatio = 3.668388
  ✓ Compression and decompression successful (ratio: 3.66x)

[34/130] Processing: daidtd_1_384_320.dat

compression time=0.002207, total fastmode1 topology
compression size = 136905, CR = 3.590227
done
decompression time=0.004734
done
Min=0, Max=1, range=1
Max absolute error = 0.0001664832
Max relative error = 0.000166
Max pw relative error = 0.000166
PSNR = 83.165271, NRMSE= 6.9460265985032626306E-05
acEff=1.000000
compressionRatio = 3.590227
  ✓ Compression and decompression successful (ratio: 3.59x)

[35/130] Processing: daidtt_1_384_320.dat

compression time=0.002032, total fastmode1 topology
compression size = 137609, CR = 3.571859
done
decompression time=0.004260
done
Min=0, Max=1, range=1
Max absolute error = 0.0001523327
Max relative error = 0.000152
Max pw relative error = 0.000152
PSNR = 82.515426, NRMSE= 7.485635930491778495E-05
acEff=1.000000
compressionRatio = 3.571859
  ✓ Compression and decompression successful (ratio: 3.57x)

[36/130] Processing: dardg1dt_1_384_320.dat

compression time=0.001956, total fastmode1 topology
compression size = 136100, CR = 3.611462
done
decompression time=0.004044
done
Min=0, Max=1, range=1
Max absolute error = 0.0001381723
Max relative error = 0.000138
Max pw relative error = 0.000138
PSNR = 96.933839, NRMSE= 1.4233380087241192039E-05
acEff=1.000000
compressionRatio = 3.611462
  ✓ Compression and decompression successful (ratio: 3.61x)

[37/130] Processing: dardg2dt_1_384_320.dat

compression time=0.002630, total fastmode1 topology
compression size = 134629, CR = 3.650922
done
decompression time=0.004123
done
Min=0, Max=1, range=1
Max absolute error = 0.0000999980
Max relative error = 0.000100
Max pw relative error = 0.000100
PSNR = 98.260740, NRMSE= 1.221695617670147239E-05
acEff=1.000000
compressionRatio = 3.650922
  ✓ Compression and decompression successful (ratio: 3.65x)

[38/130] Processing: divu_1_384_320.dat

compression time=0.002047, total fastmode1 topology
compression size = 138859, CR = 3.539706
done
decompression time=0.004702
done
Min=0, Max=1, range=1
Max absolute error = 0.0001671426
Max relative error = 0.000167
Max pw relative error = 0.000167
PSNR = 91.546105, NRMSE= 2.6466391617853079029E-05
acEff=1.000000
compressionRatio = 3.539706
  ✓ Compression and decompression successful (ratio: 3.53x)

[39/130] Processing: dvidtd_1_384_320.dat

compression time=0.001996, total fastmode1 topology
compression size = 137164, CR = 3.583447
done
decompression time=0.004222
done
Min=0, Max=1, range=1
Max absolute error = 0.0001615174
Max relative error = 0.000162
Max pw relative error = 0.000162
PSNR = 84.048340, NRMSE= 6.274555916640806464E-05
acEff=1.000000
compressionRatio = 3.583448
  ✓ Compression and decompression successful (ratio: 3.58x)

[40/130] Processing: dvidtt_1_384_320.dat

compression time=0.002061, total fastmode1 topology
compression size = 136895, CR = 3.590489
done
decompression time=0.004188
done
Min=0, Max=1, range=1
Max absolute error = 0.0001450107
Max relative error = 0.000145
Max pw relative error = 0.000145
PSNR = 86.129710, NRMSE= 4.9375842335277342213E-05
acEff=1.000000
compressionRatio = 3.590489
  ✓ Compression and decompression successful (ratio: 3.59x)

[41/130] Processing: dvirdgdt_1_384_320.dat

compression time=0.001913, total fastmode1 topology
compression size = 135268, CR = 3.633675
done
decompression time=0.004301
done
Min=0, Max=1, range=1
Max absolute error = 0.0001760251
Max relative error = 0.000176
Max pw relative error = 0.000176
PSNR = 97.319339, NRMSE= 1.3615483340308038397E-05
acEff=1.000000
compressionRatio = 3.633675
  ✓ Compression and decompression successful (ratio: 3.63x)

[42/130] Processing: dxt_384_320.dat
Error: No critical points found!
  ✗ Compression failed

[43/130] Processing: dxu_384_320.dat
Error: No critical points found!
  ✗ Compression failed

[44/130] Processing: dyt_384_320.dat
Error: No critical points found!
  ✗ Compression failed

[45/130] Processing: dyu_384_320.dat

compression time=0.001910, total fastmode1 topology
compression size = 101239, CR = 4.855046
done
decompression time=0.002939
done
Min=0, Max=1, range=1
Max absolute error = 0.0001000166
Max relative error = 0.000100
Max pw relative error = 0.000100
PSNR = 83.226216, NRMSE= 6.8974599351123277308E-05
acEff=1.000000
compressionRatio = 4.855046
  ✓ Compression and decompression successful (ratio: 4.85x)

[46/130] Processing: evap_1_384_320.dat

compression time=0.001784, total fastmode1 topology
compression size = 135809, CR = 3.619200
done
decompression time=0.004407
done
Min=0, Max=1, range=1
Max absolute error = 0.0001073880
Max relative error = 0.000107
Max pw relative error = 0.000107
PSNR = 88.518198, NRMSE= 3.7505079787262816438E-05
acEff=1.000000
compressionRatio = 3.619200
  ✓ Compression and decompression successful (ratio: 3.61x)

[47/130] Processing: evap_ai_1_384_320.dat

compression time=0.001885, total fastmode1 topology
compression size = 134706, CR = 3.648835
done
decompression time=0.004411
done
Min=0, Max=1, range=1
Max absolute error = 0.0000999930
Max relative error = 0.000100
Max pw relative error = 0.000100
PSNR = 92.806433, NRMSE= 2.289171549892759407E-05
acEff=1.000000
compressionRatio = 3.648835
  ✓ Compression and decompression successful (ratio: 3.64x)

[48/130] Processing: faero_atm001_1_384_320.dat

compression time=0.001745, total fastmode1 topology
compression size = 132319, CR = 3.714659
done
decompression time=0.003013
done
Min=0, Max=1, range=1
Max absolute error = 0.0000000000
Max relative error = 0.000000
Max pw relative error = 0.000000
PSNR = inf, NRMSE= 0
acEff=1.000000
compressionRatio = 3.714659
  ✓ Compression and decompression successful (ratio: 3.71x)

[49/130] Processing: faero_atm002_1_384_320.dat

compression time=0.001940, total fastmode1 topology
compression size = 132319, CR = 3.714659
done
decompression time=0.002955
done
Min=0, Max=1, range=1
Max absolute error = 0.0000000000
Max relative error = 0.000000
Max pw relative error = 0.000000
PSNR = inf, NRMSE= 0
acEff=1.000000
compressionRatio = 3.714659
  ✓ Compression and decompression successful (ratio: 3.71x)

[50/130] Processing: faero_atm003_1_384_320.dat

compression time=0.001732, total fastmode1 topology
compression size = 132319, CR = 3.714659
done
decompression time=0.002977
done
Min=0, Max=1, range=1
Max absolute error = 0.0000000000
Max relative error = 0.000000
Max pw relative error = 0.000000
PSNR = inf, NRMSE= 0
acEff=1.000000
compressionRatio = 3.714659
  ✓ Compression and decompression successful (ratio: 3.71x)

[51/130] Processing: faero_ocn001_1_384_320.dat

compression time=0.001714, total fastmode1 topology
compression size = 132319, CR = 3.714659
done
decompression time=0.003113
done
Min=0, Max=1, range=1
Max absolute error = 0.0000000000
Max relative error = 0.000000
Max pw relative error = 0.000000
PSNR = inf, NRMSE= 0
acEff=1.000000
compressionRatio = 3.714659
  ✓ Compression and decompression successful (ratio: 3.71x)

[52/130] Processing: faero_ocn002_1_384_320.dat

compression time=0.001691, total fastmode1 topology
compression size = 132319, CR = 3.714659
done
decompression time=0.003124
done
Min=0, Max=1, range=1
Max absolute error = 0.0000000000
Max relative error = 0.000000
Max pw relative error = 0.000000
PSNR = inf, NRMSE= 0
acEff=1.000000
compressionRatio = 3.714659
  ✓ Compression and decompression successful (ratio: 3.71x)

[53/130] Processing: faero_ocn003_1_384_320.dat

compression time=0.001951, total fastmode1 topology
compression size = 132319, CR = 3.714659
done
decompression time=0.003219
done
Min=0, Max=1, range=1
Max absolute error = 0.0000000000
Max relative error = 0.000000
Max pw relative error = 0.000000
PSNR = inf, NRMSE= 0
acEff=1.000000
compressionRatio = 3.714659
  ✓ Compression and decompression successful (ratio: 3.71x)

[54/130] Processing: fcondtop_ai_1_384_320.dat

compression time=0.002109, total fastmode1 topology
compression size = 135583, CR = 3.625233
done
decompression time=0.004180
done
Min=0, Max=1, range=1
Max absolute error = 0.0001525842
Max relative error = 0.000153
Max pw relative error = 0.000153
PSNR = 81.950357, NRMSE= 7.9888108970246405455E-05
acEff=1.000000
compressionRatio = 3.625233
  ✓ Compression and decompression successful (ratio: 3.62x)

[55/130] Processing: fhocn_1_384_320.dat

compression time=0.001766, total fastmode1 topology
compression size = 137241, CR = 3.581437
done
decompression time=0.003927
done
Min=0, Max=1, range=1
Max absolute error = 0.0001507178
Max relative error = 0.000151
Max pw relative error = 0.000151
PSNR = 90.487559, NRMSE= 2.9896616945427799216E-05
acEff=1.000000
compressionRatio = 3.581437
  ✓ Compression and decompression successful (ratio: 3.58x)

[56/130] Processing: fhocn_ai_1_384_320.dat

compression time=0.001939, total fastmode1 topology
compression size = 137149, CR = 3.583839
done
decompression time=0.004322
done
Min=0, Max=1, range=1
Max absolute error = 0.0001634583
Max relative error = 0.000163
Max pw relative error = 0.000163
PSNR = 82.617810, NRMSE= 7.3979175427776381582E-05
acEff=1.000000
compressionRatio = 3.583839
  ✓ Compression and decompression successful (ratio: 3.58x)

[57/130] Processing: flat_1_384_320.dat

compression time=0.001930, total fastmode1 topology
compression size = 138862, CR = 3.539629
done
decompression time=0.004341
done
Min=0, Max=1, range=1
Max absolute error = 0.0001933463
Max relative error = 0.000193
Max pw relative error = 0.000193
PSNR = 82.841137, NRMSE= 7.2101313210757534355E-05
acEff=1.000000
compressionRatio = 3.539629
  ✓ Compression and decompression successful (ratio: 3.53x)

[58/130] Processing: flat_ai_1_384_320.dat

compression time=0.002393, total fastmode1 topology
compression size = 137457, CR = 3.575809
done
decompression time=0.004191
done
Min=0, Max=1, range=1
Max absolute error = 0.0001677051
Max relative error = 0.000168
Max pw relative error = 0.000168
PSNR = 92.225681, NRMSE= 2.4474619447016159035E-05
acEff=1.000000
compressionRatio = 3.575809
  ✓ Compression and decompression successful (ratio: 3.57x)

[59/130] Processing: flwdn_1_384_320.dat

compression time=0.003885, total fastmode1 topology
compression size = 160921, CR = 3.054418
done
decompression time=0.005500
done
Min=0, Max=1, range=1
Max absolute error = 0.0001823008
Max relative error = 0.000182
Max pw relative error = 0.000182
PSNR = 86.306809, NRMSE= 4.83792979828676141E-05
acEff=1.000000
compressionRatio = 3.054418
  ✓ Compression and decompression successful (ratio: 3.05x)

[60/130] Processing: flwup_1_384_320.dat

compression time=0.002075, total fastmode1 topology
compression size = 138447, CR = 3.550239
done
decompression time=0.004191
done
Min=0, Max=1, range=1
Max absolute error = 0.0001647286
Max relative error = 0.000165
Max pw relative error = 0.000165
PSNR = 91.053586, NRMSE= 2.8010490782162042873E-05
acEff=1.000000
compressionRatio = 3.550239
  ✓ Compression and decompression successful (ratio: 3.55x)

[61/130] Processing: flwup_ai_1_384_320.dat

compression time=0.002075, total fastmode1 topology
compression size = 138209, CR = 3.556353
done
decompression time=0.004157
done
Min=0, Max=1, range=1
Max absolute error = 0.0001321696
Max relative error = 0.000132
Max pw relative error = 0.000132
PSNR = 94.682449, NRMSE= 1.8444952374215817893E-05
acEff=1.000000
compressionRatio = 3.556353
  ✓ Compression and decompression successful (ratio: 3.55x)

[62/130] Processing: frazil_1_384_320.dat

compression time=0.001984, total fastmode1 topology
compression size = 134141, CR = 3.664204
done
decompression time=0.003945
done
Min=0, Max=1, range=1
Max absolute error = 0.0001440940
Max relative error = 0.000144
Max pw relative error = 0.000144
PSNR = 98.965540, NRMSE= 1.1264787971655697318E-05
acEff=1.000000
compressionRatio = 3.664204
  ✓ Compression and decompression successful (ratio: 3.66x)

[63/130] Processing: fresh_1_384_320.dat

compression time=0.002226, total fastmode1 topology
compression size = 139055, CR = 3.534716
done
decompression time=0.004125
done
Min=0, Max=1, range=1
Max absolute error = 0.0001532249
Max relative error = 0.000153
Max pw relative error = 0.000153
PSNR = 84.187826, NRMSE= 6.1745979718046530103E-05
acEff=1.000000
compressionRatio = 3.534716
  ✓ Compression and decompression successful (ratio: 3.53x)

[64/130] Processing: fresh_ai_1_384_320.dat

compression time=0.002040, total fastmode1 topology
compression size = 137032, CR = 3.586900
done
decompression time=0.004272
done
Min=0, Max=1, range=1
Max absolute error = 0.0001884643
Max relative error = 0.000188
Max pw relative error = 0.000188
PSNR = 87.767727, NRMSE= 4.0889674428436221978E-05
acEff=1.000000
compressionRatio = 3.586899
  ✓ Compression and decompression successful (ratio: 3.58x)

[65/130] Processing: fs_1_384_320.dat

compression time=0.001938, total fastmode1 topology
compression size = 136374, CR = 3.604206
done
decompression time=0.003947
done
Min=0, Max=1, range=1
Max absolute error = 0.0001843525
Max relative error = 0.000184
Max pw relative error = 0.000184
PSNR = 95.468212, NRMSE= 1.6849593229570295746E-05
acEff=1.000000
compressionRatio = 3.604206
  ✓ Compression and decompression successful (ratio: 3.60x)

[66/130] Processing: fsalt_1_384_320.dat

compression time=0.002091, total fastmode1 topology
compression size = 137166, CR = 3.583395
done
decompression time=0.004329
done
Min=0, Max=1, range=1
Max absolute error = 0.0001768521
Max relative error = 0.000177
Max pw relative error = 0.000177
PSNR = 92.892464, NRMSE= 2.2666100156114470424E-05
acEff=1.000000
compressionRatio = 3.583395
  ✓ Compression and decompression successful (ratio: 3.58x)

[67/130] Processing: fsalt_ai_1_384_320.dat

compression time=0.001944, total fastmode1 topology
compression size = 135067, CR = 3.639083
done
decompression time=0.004092
done
Min=0, Max=1, range=1
Max absolute error = 0.0001182730
Max relative error = 0.000118
Max pw relative error = 0.000118
PSNR = 83.485725, NRMSE= 6.6944324325990015945E-05
acEff=1.000000
compressionRatio = 3.639083
  ✓ Compression and decompression successful (ratio: 3.63x)

[68/130] Processing: fsens_1_384_320.dat

compression time=0.002200, total fastmode1 topology
compression size = 138877, CR = 3.539247
done
decompression time=0.004011
done
Min=0, Max=1, range=1
Max absolute error = 0.0001805760
Max relative error = 0.000181
Max pw relative error = 0.000181
PSNR = 88.705049, NRMSE= 3.6706885108657425257E-05
acEff=1.000000
compressionRatio = 3.539247
  ✓ Compression and decompression successful (ratio: 3.53x)

[69/130] Processing: fsens_ai_1_384_320.dat

compression time=0.002026, total fastmode1 topology
compression size = 136808, CR = 3.592772
done
decompression time=0.004163
done
Min=0, Max=1, range=1
Max absolute error = 0.0001639687
Max relative error = 0.000164
Max pw relative error = 0.000164
PSNR = 95.352107, NRMSE= 1.7076334948279785593E-05
acEff=1.000000
compressionRatio = 3.592772
  ✓ Compression and decompression successful (ratio: 3.59x)

[70/130] Processing: fsurf_ai_1_384_320.dat

compression time=0.001952, total fastmode1 topology
compression size = 136127, CR = 3.610746
done
decompression time=0.004202
done
Min=0, Max=1, range=1
Max absolute error = 0.0001525842
Max relative error = 0.000153
Max pw relative error = 0.000153
PSNR = 81.979513, NRMSE= 7.9620399748365458699E-05
acEff=1.000000
compressionRatio = 3.610746
  ✓ Compression and decompression successful (ratio: 3.61x)

[71/130] Processing: fswabs_1_384_320.dat

compression time=0.001838, total fastmode1 topology
compression size = 137338, CR = 3.578907
done
decompression time=0.004042
done
Min=0, Max=1, range=1
Max absolute error = 0.0001577064
Max relative error = 0.000158
Max pw relative error = 0.000158
PSNR = 96.948937, NRMSE= 1.4208660131217757259E-05
acEff=1.000000
compressionRatio = 3.578908
  ✓ Compression and decompression successful (ratio: 3.57x)

[72/130] Processing: fswabs_ai_1_384_320.dat

compression time=0.001776, total fastmode1 topology
compression size = 136636, CR = 3.597295
done
decompression time=0.004129
done
Min=0, Max=1, range=1
Max absolute error = 0.0001644157
Max relative error = 0.000164
Max pw relative error = 0.000164
PSNR = 97.329867, NRMSE= 1.3598990374454494764E-05
acEff=1.000000
compressionRatio = 3.597295
  ✓ Compression and decompression successful (ratio: 3.59x)

[73/130] Processing: fswdn_1_384_320.dat

compression time=0.003289, total fastmode1 topology
compression size = 165374, CR = 2.972172
done
decompression time=0.005345
done
Min=0, Max=1, range=1
Max absolute error = 0.0001983643
Max relative error = 0.000198
Max pw relative error = 0.000198
PSNR = 86.707967, NRMSE= 4.6195711687653715741E-05
acEff=1.000000
compressionRatio = 2.972172
  ✓ Compression and decompression successful (ratio: 2.97x)

[74/130] Processing: fswfac_1_384_320.dat

compression time=0.002095, total fastmode1 topology
compression size = 139688, CR = 3.518699
done
decompression time=0.004188
done
Min=0, Max=1, range=1
Max absolute error = 0.0001415089
Max relative error = 0.000142
Max pw relative error = 0.000142
PSNR = 88.036469, NRMSE= 3.9643915168285750788E-05
acEff=1.000000
compressionRatio = 3.518699
  ✓ Compression and decompression successful (ratio: 3.51x)

[75/130] Processing: fswthru_1_384_320.dat

compression time=0.002055, total fastmode1 topology
compression size = 138141, CR = 3.558104
done
decompression time=0.004281
done
Min=0, Max=1, range=1
Max absolute error = 0.0001268126
Max relative error = 0.000127
Max pw relative error = 0.000127
PSNR = 96.991834, NRMSE= 1.4138661337374634712E-05
acEff=1.000000
compressionRatio = 3.558104
  ✓ Compression and decompression successful (ratio: 3.55x)

[76/130] Processing: fswthru_ai_1_384_320.dat

compression time=0.002019, total fastmode1 topology
compression size = 136439, CR = 3.602489
done
decompression time=0.004140
done
Min=0, Max=1, range=1
Max absolute error = 0.0001344737
Max relative error = 0.000134
Max pw relative error = 0.000134
PSNR = 97.456996, NRMSE= 1.3401400233732575529E-05
acEff=1.000000
compressionRatio = 3.602489
  ✓ Compression and decompression successful (ratio: 3.60x)

[77/130] Processing: fswup_1_384_320.dat

compression time=0.003320, total fastmode1 topology
compression size = 165500, CR = 2.969909
done
decompression time=0.005286
done
Min=0, Max=1, range=1
Max absolute error = 0.0001983643
Max relative error = 0.000198
Max pw relative error = 0.000198
PSNR = 86.710425, NRMSE= 4.61826395112248115E-05
acEff=1.000000
compressionRatio = 2.969909
  ✓ Compression and decompression successful (ratio: 2.96x)

[78/130] Processing: FYarea_1_384_320.dat

compression time=0.001848, total fastmode1 topology
compression size = 136502, CR = 3.600826
done
decompression time=0.004383
done
Min=0, Max=1, range=1
Max absolute error = 0.0001379671
Max relative error = 0.000138
Max pw relative error = 0.000138
PSNR = 96.061943, NRMSE= 1.5736308489325321838E-05
acEff=1.000000
compressionRatio = 3.600826
  ✓ Compression and decompression successful (ratio: 3.60x)

[79/130] Processing: hi_1_384_320.dat

compression time=0.002003, total fastmode1 topology
compression size = 136662, CR = 3.596611
done
decompression time=0.004198
done
Min=0, Max=1, range=1
Max absolute error = 0.0001665521
Max relative error = 0.000167
Max pw relative error = 0.000167
PSNR = 95.414459, NRMSE= 1.6954189685591809197E-05
acEff=1.000000
compressionRatio = 3.596611
  ✓ Compression and decompression successful (ratio: 3.59x)

[80/130] Processing: hisnap_1_384_320.dat

compression time=0.001797, total fastmode1 topology
compression size = 136823, CR = 3.592378
done
decompression time=0.004218
done
Min=0, Max=1, range=1
Max absolute error = 0.0001445357
Max relative error = 0.000145
Max pw relative error = 0.000145
PSNR = 95.546605, NRMSE= 1.6698202661455127611E-05
acEff=1.000000
compressionRatio = 3.592378
  ✓ Compression and decompression successful (ratio: 3.59x)

[81/130] Processing: hs_1_384_320.dat

compression time=0.001740, total fastmode1 topology
compression size = 135450, CR = 3.628793
done
decompression time=0.003977
done
Min=0, Max=1, range=1
Max absolute error = 0.0001254128
Max relative error = 0.000125
Max pw relative error = 0.000125
PSNR = 95.711761, NRMSE= 1.6383698076483773287E-05
acEff=1.000000
compressionRatio = 3.628793
  ✓ Compression and decompression successful (ratio: 3.62x)

[82/130] Processing: HTE_384_320.dat

compression time=0.002016, total fastmode1 topology
compression size = 101131, CR = 4.860231
done
decompression time=0.003003
done
Min=0, Max=1, range=1
Max absolute error = 0.0000999570
Max relative error = 0.000100
Max pw relative error = 0.000100
PSNR = 83.839565, NRMSE= 6.4271987698896678202E-05
acEff=1.000000
compressionRatio = 4.860231
  ✓ Compression and decompression successful (ratio: 4.86x)

[83/130] Processing: HTN_384_320.dat
Error: No critical points found!
  ✗ Compression failed

[84/130] Processing: iage_1_384_320.dat

compression time=0.002031, total fastmode1 topology
compression size = 137653, CR = 3.570718
done
decompression time=0.004266
done
Min=0, Max=1, range=1
Max absolute error = 0.0001805359
Max relative error = 0.000181
Max pw relative error = 0.000181
PSNR = 94.976675, NRMSE= 1.7830612466253030891E-05
acEff=1.000000
compressionRatio = 3.570718
  ✓ Compression and decompression successful (ratio: 3.57x)

[85/130] Processing: ice_present_1_384_320.dat

compression time=0.001672, total fastmode1 topology
compression size = 134597, CR = 3.651790
done
decompression time=0.003057
done
Min=0, Max=1, range=1
Max absolute error = 0.0000998984
Max relative error = 0.000100
Max pw relative error = 0.000100
PSNR = 98.358108, NRMSE= 1.208076904315406011E-05
acEff=1.000000
compressionRatio = 3.651790
  ✓ Compression and decompression successful (ratio: 3.65x)

[86/130] Processing: meltb_1_384_320.dat

compression time=0.001946, total fastmode1 topology
compression size = 136837, CR = 3.592011
done
decompression time=0.004670
done
Min=0, Max=1, range=1
Max absolute error = 0.0001739776
Max relative error = 0.000174
Max pw relative error = 0.000174
PSNR = 96.700974, NRMSE= 1.4620132567444574643E-05
acEff=1.000000
compressionRatio = 3.592011
  ✓ Compression and decompression successful (ratio: 3.59x)

[87/130] Processing: meltl_1_384_320.dat

compression time=0.001786, total fastmode1 topology
compression size = 134536, CR = 3.653446
done
decompression time=0.004312
done
Min=0, Max=1, range=1
Max absolute error = 0.0001323973
Max relative error = 0.000132
Max pw relative error = 0.000132
PSNR = 97.745917, NRMSE= 1.2962959114937785688E-05
acEff=1.000000
compressionRatio = 3.653446
  ✓ Compression and decompression successful (ratio: 3.65x)

[88/130] Processing: melts_1_384_320.dat

compression time=0.001925, total fastmode1 topology
compression size = 135494, CR = 3.627614
done
decompression time=0.004190
done
Min=0, Max=1, range=1
Max absolute error = 0.0001536882
Max relative error = 0.000154
Max pw relative error = 0.000154
PSNR = 97.412939, NRMSE= 1.3469548916888750536E-05
acEff=1.000000
compressionRatio = 3.627615
  ✓ Compression and decompression successful (ratio: 3.62x)

[89/130] Processing: meltt_1_384_320.dat

compression time=0.001857, total fastmode1 topology
compression size = 132662, CR = 3.705055
done
decompression time=0.003982
done
Min=0, Max=1, range=1
Max absolute error = 0.0001425361
Max relative error = 0.000143
Max pw relative error = 0.000143
PSNR = 109.744556, NRMSE= 3.2566584964298627524E-06
acEff=1.000000
compressionRatio = 3.705055
  ✓ Compression and decompression successful (ratio: 3.70x)

[90/130] Processing: opening_1_384_320.dat

compression time=0.002602, total fastmode1 topology
compression size = 141916, CR = 3.463457
done
decompression time=0.004275
done
Min=0, Max=1, range=1
Max absolute error = 0.0001740437
Max relative error = 0.000174
Max pw relative error = 0.000174
PSNR = 94.937598, NRMSE= 1.791101115539467419E-05
acEff=1.000000
compressionRatio = 3.463457
  ✓ Compression and decompression successful (ratio: 3.46x)

[91/130] Processing: qi_1_384_320.dat

compression time=0.001631, total fastmode1 topology
compression size = 125798, CR = 3.907216
done
decompression time=0.003839
done
Min=0, Max=1, range=1
Max absolute error = 0.0000999570
Max relative error = 0.000100
Max pw relative error = 0.000100
PSNR = 95.023165, NRMSE= 1.7735430980428695016E-05
acEff=1.000000
compressionRatio = 3.907216
  ✓ Compression and decompression successful (ratio: 3.90x)

[92/130] Processing: Qref_1_384_320.dat

compression time=0.002706, total fastmode1 topology
compression size = 156535, CR = 3.140001
done
decompression time=0.004751
done
Min=0, Max=1, range=1
Max absolute error = 0.0000999980
Max relative error = 0.000100
Max pw relative error = 0.000100
PSNR = 86.293605, NRMSE= 4.8452896824075244694E-05
acEff=1.000000
compressionRatio = 3.140001
  ✓ Compression and decompression successful (ratio: 3.14x)

[93/130] Processing: qs_1_384_320.dat

compression time=0.001740, total fastmode1 topology
compression size = 129937, CR = 3.782756
done
decompression time=0.004107
done
Min=0, Max=1, range=1
Max absolute error = 0.0000999570
Max relative error = 0.000100
Max pw relative error = 0.000100
PSNR = 87.844469, NRMSE= 4.0529993789040369716E-05
acEff=1.000000
compressionRatio = 3.782756
  ✓ Compression and decompression successful (ratio: 3.78x)

[94/130] Processing: rain_1_384_320.dat

compression time=0.003039, total fastmode1 topology
compression size = 166223, CR = 2.956991
done
decompression time=0.005107
done
Min=0, Max=1, range=1
Max absolute error = 0.0001858096
Max relative error = 0.000186
Max pw relative error = 0.000186
PSNR = 86.341791, NRMSE= 4.818484153144483444E-05
acEff=1.000000
compressionRatio = 2.956992
  ✓ Compression and decompression successful (ratio: 2.95x)

[95/130] Processing: rain_ai_1_384_320.dat

compression time=0.001899, total fastmode1 topology
compression size = 134582, CR = 3.652197
done
decompression time=0.004247
done
Min=0, Max=1, range=1
Max absolute error = 0.0001178419
Max relative error = 0.000118
Max pw relative error = 0.000118
PSNR = 96.055010, NRMSE= 1.5748873218949750242E-05
acEff=1.000000
compressionRatio = 3.652197
  ✓ Compression and decompression successful (ratio: 3.65x)

[96/130] Processing: shear_1_384_320.dat

compression time=0.002493, total fastmode1 topology
compression size = 142250, CR = 3.455325
done
decompression time=0.004065
done
Min=0, Max=1, range=1
Max absolute error = 0.0001813099
Max relative error = 0.000181
Max pw relative error = 0.000181
PSNR = 94.910579, NRMSE= 1.7966814016568615435E-05
acEff=1.000000
compressionRatio = 3.455325
  ✓ Compression and decompression successful (ratio: 3.45x)

[97/130] Processing: sig1_1_384_320.dat

compression time=0.001766, total fastmode1 topology
compression size = 89231, CR = 5.508399
done
decompression time=0.004413
done
Min=0, Max=1, range=1
Max absolute error = 0.0001704535
Max relative error = 0.000170
Max pw relative error = 0.000170
PSNR = 95.053622, NRMSE= 1.7673351647094904637E-05
acEff=1.000000
compressionRatio = 5.508400
  ✓ Compression and decompression successful (ratio: 5.50x)

[98/130] Processing: sig2_1_384_320.dat

compression time=0.001889, total fastmode1 topology
compression size = 89512, CR = 5.491107
done
decompression time=0.004955
done
Min=0, Max=1, range=1
Max absolute error = 0.0001792773
Max relative error = 0.000179
Max pw relative error = 0.000179
PSNR = 95.228260, NRMSE= 1.7321559729523515724E-05
acEff=1.000000
compressionRatio = 5.491107
  ✓ Compression and decompression successful (ratio: 5.49x)

[99/130] Processing: snoice_1_384_320.dat

compression time=0.001766, total fastmode1 topology
compression size = 134764, CR = 3.647265
done
decompression time=0.003979
done
Min=0, Max=1, range=1
Max absolute error = 0.0001497160
Max relative error = 0.000150
Max pw relative error = 0.000150
PSNR = 98.429841, NRMSE= 1.1981410610070456537E-05
acEff=1.000000
compressionRatio = 3.647265
  ✓ Compression and decompression successful (ratio: 3.64x)

[100/130] Processing: snow_1_384_320.dat

compression time=0.002376, total fastmode1 topology
compression size = 137753, CR = 3.568125
done
decompression time=0.004253
done
Min=0, Max=1, range=1
Max absolute error = 0.0000999967
Max relative error = 0.000100
Max pw relative error = 0.000100
PSNR = 93.525592, NRMSE= 2.1072710389140461096E-05
acEff=1.000000
compressionRatio = 3.568126
  ✓ Compression and decompression successful (ratio: 3.56x)

[101/130] Processing: snow_ai_1_384_320.dat

compression time=0.001770, total fastmode1 topology
compression size = 135177, CR = 3.636122
done
decompression time=0.004654
done
Min=0, Max=1, range=1
Max absolute error = 0.0000999763
Max relative error = 0.000100
Max pw relative error = 0.000100
PSNR = 95.927036, NRMSE= 1.5982627895856145488E-05
acEff=1.000000
compressionRatio = 3.636122
  ✓ Compression and decompression successful (ratio: 3.63x)

[102/130] Processing: strairx_1_384_320.dat

compression time=0.001954, total fastmode1 topology
compression size = 134539, CR = 3.653364
done
decompression time=0.004138
done
Min=0, Max=1, range=1
Max absolute error = 0.0001002352
Max relative error = 0.000100
Max pw relative error = 0.000100
PSNR = 90.231941, NRMSE= 3.0789523459868834104E-05
acEff=1.000000
compressionRatio = 3.653364
  ✓ Compression and decompression successful (ratio: 3.65x)

[103/130] Processing: strairy_1_384_320.dat

compression time=0.001919, total fastmode1 topology
compression size = 134552, CR = 3.653012
done
decompression time=0.004178
done
Min=0, Max=1, range=1
Max absolute error = 0.0001005777
Max relative error = 0.000101
Max pw relative error = 0.000101
PSNR = 84.196804, NRMSE= 6.1682194306076487808E-05
acEff=1.000000
compressionRatio = 3.653011
  ✓ Compression and decompression successful (ratio: 3.65x)

[104/130] Processing: strcorx_1_384_320.dat

compression time=0.002035, total fastmode1 topology
compression size = 134087, CR = 3.665680
done
decompression time=0.004184
done
Min=0, Max=1, range=1
Max absolute error = 0.0001004967
Max relative error = 0.000100
Max pw relative error = 0.000100
PSNR = 96.153053, NRMSE= 1.5572105236650556342E-05
acEff=1.000000
compressionRatio = 3.665680
  ✓ Compression and decompression successful (ratio: 3.66x)

[105/130] Processing: strcory_1_384_320.dat

compression time=0.001660, total fastmode1 topology
compression size = 133586, CR = 3.679427
done
decompression time=0.004162
done
Min=0, Max=1, range=1
Max absolute error = 0.0000999786
Max relative error = 0.000100
Max pw relative error = 0.000100
PSNR = 96.596306, NRMSE= 1.4797376389411667107E-05
acEff=1.000000
compressionRatio = 3.679427
  ✓ Compression and decompression successful (ratio: 3.67x)

[106/130] Processing: strength_1_384_320.dat

compression time=0.002062, total fastmode1 topology
compression size = 139485, CR = 3.523820
done
decompression time=0.004600
done
Min=0, Max=1, range=1
Max absolute error = 0.0001639724
Max relative error = 0.000164
Max pw relative error = 0.000164
PSNR = 96.111732, NRMSE= 1.5646363660366975883E-05
acEff=1.000000
compressionRatio = 3.523820
  ✓ Compression and decompression successful (ratio: 3.52x)

[107/130] Processing: strintx_1_384_320.dat

compression time=0.001980, total fastmode1 topology
compression size = 134634, CR = 3.650787
done
decompression time=0.004301
done
Min=0, Max=1, range=1
Max absolute error = 0.0001008635
Max relative error = 0.000101
Max pw relative error = 0.000101
PSNR = 81.834257, NRMSE= 8.0963099722071844877E-05
acEff=1.000000
compressionRatio = 3.650787
  ✓ Compression and decompression successful (ratio: 3.65x)

[108/130] Processing: strinty_1_384_320.dat

compression time=0.001761, total fastmode1 topology
compression size = 134220, CR = 3.662047
done
decompression time=0.004154
done
Min=0, Max=1, range=1
Max absolute error = 0.0000999814
Max relative error = 0.000100
Max pw relative error = 0.000100
PSNR = 88.301517, NRMSE= 3.8452460836356763189E-05
acEff=1.000000
compressionRatio = 3.662047
  ✓ Compression and decompression successful (ratio: 3.66x)

[109/130] Processing: strocnx_1_384_320.dat

compression time=0.001778, total fastmode1 topology
compression size = 134780, CR = 3.646832
done
decompression time=0.004119
done
Min=0, Max=1, range=1
Max absolute error = 0.0000999967
Max relative error = 0.000100
Max pw relative error = 0.000100
PSNR = 88.043495, NRMSE= 3.9611863047853544564E-05
acEff=1.000000
compressionRatio = 3.646832
  ✓ Compression and decompression successful (ratio: 3.64x)

[110/130] Processing: strocny_1_384_320.dat

compression time=0.001954, total fastmode1 topology
compression size = 134849, CR = 3.644966
done
decompression time=0.004121
done
Min=0, Max=1, range=1
Max absolute error = 0.0000999954
Max relative error = 0.000100
Max pw relative error = 0.000100
PSNR = 94.543942, NRMSE= 1.8741437582171654612E-05
acEff=1.000000
compressionRatio = 3.644966
  ✓ Compression and decompression successful (ratio: 3.64x)

[111/130] Processing: Tair_1_384_320.dat

compression time=0.002635, total fastmode1 topology
compression size = 151910, CR = 3.235600
done
decompression time=0.004744
done
Min=0, Max=1, range=1
Max absolute error = 0.0000999980
Max relative error = 0.000100
Max pw relative error = 0.000100
PSNR = 86.284148, NRMSE= 4.850567949819319677E-05
acEff=1.000000
compressionRatio = 3.235600
  ✓ Compression and decompression successful (ratio: 3.23x)

[112/130] Processing: tarea_384_320.dat
Error: No critical points found!
  ✗ Compression failed

[113/130] Processing: TLAT_384_320.dat

compression time=0.001848, total fastmode1 topology
compression size = 84873, CR = 5.791241
done
decompression time=0.003189
done
Min=0, Max=1, range=1
Max absolute error = 0.0001000166
Max relative error = 0.000100
Max pw relative error = 0.000100
PSNR = 84.878610, NRMSE= 5.7025550667994002335E-05
acEff=1.000000
compressionRatio = 5.791241
  ✓ Compression and decompression successful (ratio: 5.79x)

[114/130] Processing: TLON_384_320.dat

compression time=0.002061, total fastmode1 topology
compression size = 156903, CR = 3.132636
done
decompression time=0.003299
done
Min=0, Max=1, range=1
Max absolute error = 0.0001000166
Max relative error = 0.000100
Max pw relative error = 0.000100
PSNR = 84.906256, NRMSE= 5.6844335955122973726E-05
acEff=1.000000
compressionRatio = 3.132636
  ✓ Compression and decompression successful (ratio: 3.13x)

[115/130] Processing: tmask_384_320.dat

compression time=0.001788, total fastmode1 topology
compression size = 132319, CR = 3.714659
done
decompression time=0.003135
done
Min=0, Max=1, range=1
Max absolute error = 0.0000000000
Max relative error = 0.000000
Max pw relative error = 0.000000
PSNR = inf, NRMSE= 0
acEff=1.000000
compressionRatio = 3.714659
  ✓ Compression and decompression successful (ratio: 3.71x)

[116/130] Processing: transix_1_384_320.dat

compression time=0.001989, total fastmode1 topology
compression size = 131975, CR = 3.724342
done
decompression time=0.004567
done
Min=0, Max=1, range=1
Max absolute error = 0.0001144856
Max relative error = 0.000114
Max pw relative error = 0.000114
PSNR = 85.528920, NRMSE= 5.2911976005466180022E-05
acEff=1.000000
compressionRatio = 3.724342
  ✓ Compression and decompression successful (ratio: 3.72x)

[117/130] Processing: transiy_1_384_320.dat

compression time=0.001894, total fastmode1 topology
compression size = 132056, CR = 3.722057
done
decompression time=0.003916
done
Min=0, Max=1, range=1
Max absolute error = 0.0001005530
Max relative error = 0.000101
Max pw relative error = 0.000101
PSNR = 91.182015, NRMSE= 2.7599373996117137548E-05
acEff=1.000000
compressionRatio = 3.722057
  ✓ Compression and decompression successful (ratio: 3.72x)

[118/130] Processing: Tref_1_384_320.dat

compression time=0.002765, total fastmode1 topology
compression size = 153219, CR = 3.207957
done
decompression time=0.004870
done
Min=0, Max=1, range=1
Max absolute error = 0.0001870841
Max relative error = 0.000187
Max pw relative error = 0.000187
PSNR = 86.308306, NRMSE= 4.8370959592531140303E-05
acEff=1.000000
compressionRatio = 3.207957
  ✓ Compression and decompression successful (ratio: 3.20x)

[119/130] Processing: trsig_1_384_320.dat

compression time=0.002035, total fastmode1 topology
compression size = 134688, CR = 3.649323
done
decompression time=0.004319
done
Min=0, Max=1, range=1
Max absolute error = 0.0001000017
Max relative error = 0.000100
Max pw relative error = 0.000100
PSNR = 86.659267, NRMSE= 4.6455450137871294534E-05
acEff=1.000000
compressionRatio = 3.649323
  ✓ Compression and decompression successful (ratio: 3.64x)

[120/130] Processing: Tsfc_1_384_320.dat

compression time=0.002161, total fastmode1 topology
compression size = 137043, CR = 3.586612
done
decompression time=0.004075
done
Min=0, Max=1, range=1
Max absolute error = 0.0001525879
Max relative error = 0.000153
Max pw relative error = 0.000153
PSNR = 94.309587, NRMSE= 1.9253986089619742298E-05
acEff=1.000000
compressionRatio = 3.586612
  ✓ Compression and decompression successful (ratio: 3.58x)

[121/130] Processing: uarea_384_320.dat

compression time=0.001884, total fastmode1 topology
compression size = 86513, CR = 5.681458
done
decompression time=0.003070
done
Min=0, Max=1, range=1
Max absolute error = 0.0001000166
Max relative error = 0.000100
Max pw relative error = 0.000100
PSNR = 84.620231, NRMSE= 5.8747369898978578882E-05
acEff=0.999999
compressionRatio = 5.681458
  ✓ Compression and decompression successful (ratio: 5.68x)

[122/130] Processing: ULAT_384_320.dat

compression time=0.001846, total fastmode1 topology
compression size = 84973, CR = 5.784426
done
decompression time=0.003546
done
Min=0, Max=1, range=1
Max absolute error = 0.0001000166
Max relative error = 0.000100
Max pw relative error = 0.000100
PSNR = 85.025990, NRMSE= 5.6066117585499932233E-05
acEff=1.000000
compressionRatio = 5.784426
  ✓ Compression and decompression successful (ratio: 5.78x)

[123/130] Processing: ULON_384_320.dat

compression time=0.002041, total fastmode1 topology
compression size = 156859, CR = 3.133515
done
decompression time=0.004244
done
Min=0, Max=1, range=1
Max absolute error = 0.0001000166
Max relative error = 0.000100
Max pw relative error = 0.000100
PSNR = 84.838604, NRMSE= 5.7288807385415669833E-05
acEff=1.000000
compressionRatio = 3.133515
  ✓ Compression and decompression successful (ratio: 3.13x)

[124/130] Processing: uvel_1_384_320.dat

compression time=0.002168, total fastmode1 topology
compression size = 136846, CR = 3.591775
done
decompression time=0.004034
done
Min=0, Max=1, range=1
Max absolute error = 0.0001277663
Max relative error = 0.000128
Max pw relative error = 0.000128
PSNR = 83.499867, NRMSE= 6.6835415923052515948E-05
acEff=1.000000
compressionRatio = 3.591775
  ✓ Compression and decompression successful (ratio: 3.59x)

[125/130] Processing: vicen001_1_384_320.dat

compression time=0.001978, total fastmode1 topology
compression size = 135441, CR = 3.629034
done
decompression time=0.004085
done
Min=0, Max=1, range=1
Max absolute error = 0.0000999938
Max relative error = 0.000100
Max pw relative error = 0.000100
PSNR = 95.819715, NRMSE= 1.61813304793738741E-05
acEff=1.000000
compressionRatio = 3.629034
  ✓ Compression and decompression successful (ratio: 3.62x)

[126/130] Processing: vicen002_1_384_320.dat

compression time=0.002041, total fastmode1 topology
compression size = 135471, CR = 3.628230
done
decompression time=0.004162
done
Min=0, Max=1, range=1
Max absolute error = 0.0001550807
Max relative error = 0.000155
Max pw relative error = 0.000155
PSNR = 96.128660, NRMSE= 1.5615899843048427651E-05
acEff=1.000000
compressionRatio = 3.628230
  ✓ Compression and decompression successful (ratio: 3.62x)

[127/130] Processing: vicen003_1_384_320.dat

compression time=0.001734, total fastmode1 topology
compression size = 135084, CR = 3.638625
done
decompression time=0.003955
done
Min=0, Max=1, range=1
Max absolute error = 0.0001296210
Max relative error = 0.000130
Max pw relative error = 0.000130
PSNR = 96.254773, NRMSE= 1.5390805328311802085E-05
acEff=1.000000
compressionRatio = 3.638625
  ✓ Compression and decompression successful (ratio: 3.63x)

[128/130] Processing: vicen004_1_384_320.dat

compression time=0.001623, total fastmode1 topology
compression size = 135293, CR = 3.633004
done
decompression time=0.004233
done
Min=0, Max=1, range=1
Max absolute error = 0.0001499949
Max relative error = 0.000150
Max pw relative error = 0.000150
PSNR = 96.157519, NRMSE= 1.5564101015953887597E-05
acEff=1.000000
compressionRatio = 3.633004
  ✓ Compression and decompression successful (ratio: 3.63x)

[129/130] Processing: vicen005_1_384_320.dat

compression time=0.001712, total fastmode1 topology
compression size = 135636, CR = 3.623817
done
decompression time=0.004116
done
Min=0, Max=1, range=1
Max absolute error = 0.0000999845
Max relative error = 0.000100
Max pw relative error = 0.000100
PSNR = 96.229500, NRMSE= 1.5435652238669148446E-05
acEff=1.000000
compressionRatio = 3.623817
  ✓ Compression and decompression successful (ratio: 3.62x)

[130/130] Processing: vvel_1_384_320.dat

compression time=0.001981, total fastmode1 topology
compression size = 137586, CR = 3.572457
done
decompression time=0.004212
done
Min=0, Max=1, range=1
Max absolute error = 0.0001771674
Max relative error = 0.000177
Max pw relative error = 0.000177
PSNR = 82.632285, NRMSE= 7.3855996879345608952E-05
acEff=1.000000
compressionRatio = 3.572456
  ✓ Compression and decompression successful (ratio: 3.57x)

=== Summary ===
Total files processed: 124
Total files skipped: 0
Total files failed: 6

