Input directory: ../../CESM-ICE-MODELS/4/log_normalized
Output directory: ../../CESM-ICE-MODELS/4/log_normalized/sz_1E-8
Dimensions: 384x320
Error bound: 1E-8
SZ config: sz.config

Found 130 .dat file(s) to process

[1/130] Processing: aeroiceint001_1_384_320.dat
compression time = 0.012580
compressed data file: ../../CESM-ICE-MODELS/4/log_normalized/aeroiceint001_1_384_320.dat.sz
Min=0, Max=1, range=1
Max absolute error = 0.0000000091
Max relative error = 0.000000
Max pw relative error = 0.000000
PSNR = 189.366261, NRMSE= 3.4016290401418941822E-10
normError = 0.000000, normErr_norm = 0.000000
acEff=1.000000
compressionRatio=55.146415
decompression time = 0.007047 seconds.
decompressed data file: ../../CESM-ICE-MODELS/4/log_normalized/sz_1E-8/aeroiceint001_1_384_320.dat.sz.out
  ✓ Compression and decompression successful (ratio: 55.14x)

[2/130] Processing: aeroiceint002_1_384_320.dat
compression time = 0.011871
compressed data file: ../../CESM-ICE-MODELS/4/log_normalized/aeroiceint002_1_384_320.dat.sz
Min=0, Max=1, range=1
Max absolute error = 0.0000000091
Max relative error = 0.000000
Max pw relative error = 0.000000
PSNR = 189.366261, NRMSE= 3.4016290401418941822E-10
normError = 0.000000, normErr_norm = 0.000000
acEff=1.000000
compressionRatio=55.146415
decompression time = 0.006470 seconds.
decompressed data file: ../../CESM-ICE-MODELS/4/log_normalized/sz_1E-8/aeroiceint002_1_384_320.dat.sz.out
  ✓ Compression and decompression successful (ratio: 55.14x)

[3/130] Processing: aeroiceint003_1_384_320.dat
compression time = 0.013168
compressed data file: ../../CESM-ICE-MODELS/4/log_normalized/aeroiceint003_1_384_320.dat.sz
Min=0, Max=1, range=1
Max absolute error = 0.0000000091
Max relative error = 0.000000
Max pw relative error = 0.000000
PSNR = 189.366261, NRMSE= 3.4016290401418941822E-10
normError = 0.000000, normErr_norm = 0.000000
acEff=1.000000
compressionRatio=55.146415
decompression time = 0.005987 seconds.
decompressed data file: ../../CESM-ICE-MODELS/4/log_normalized/sz_1E-8/aeroiceint003_1_384_320.dat.sz.out
  ✓ Compression and decompression successful (ratio: 55.14x)

[4/130] Processing: aeroicessl001_1_384_320.dat
compression time = 0.011874
compressed data file: ../../CESM-ICE-MODELS/4/log_normalized/aeroicessl001_1_384_320.dat.sz
Min=0, Max=1, range=1
Max absolute error = 0.0000000091
Max relative error = 0.000000
Max pw relative error = 0.000000
PSNR = 189.366261, NRMSE= 3.4016290401418941822E-10
normError = 0.000000, normErr_norm = 0.000000
acEff=1.000000
compressionRatio=55.146415
decompression time = 0.005821 seconds.
decompressed data file: ../../CESM-ICE-MODELS/4/log_normalized/sz_1E-8/aeroicessl001_1_384_320.dat.sz.out
  ✓ Compression and decompression successful (ratio: 55.14x)

[5/130] Processing: aeroicessl002_1_384_320.dat
compression time = 0.012501
compressed data file: ../../CESM-ICE-MODELS/4/log_normalized/aeroicessl002_1_384_320.dat.sz
Min=0, Max=1, range=1
Max absolute error = 0.0000000091
Max relative error = 0.000000
Max pw relative error = 0.000000
PSNR = 189.366261, NRMSE= 3.4016290401418941822E-10
normError = 0.000000, normErr_norm = 0.000000
acEff=1.000000
compressionRatio=55.146415
decompression time = 0.007483 seconds.
decompressed data file: ../../CESM-ICE-MODELS/4/log_normalized/sz_1E-8/aeroicessl002_1_384_320.dat.sz.out
  ✓ Compression and decompression successful (ratio: 55.14x)

[6/130] Processing: aeroicessl003_1_384_320.dat
compression time = 0.012992
compressed data file: ../../CESM-ICE-MODELS/4/log_normalized/aeroicessl003_1_384_320.dat.sz
Min=0, Max=1, range=1
Max absolute error = 0.0000000091
Max relative error = 0.000000
Max pw relative error = 0.000000
PSNR = 189.366261, NRMSE= 3.4016290401418941822E-10
normError = 0.000000, normErr_norm = 0.000000
acEff=1.000000
compressionRatio=55.146415
decompression time = 0.006350 seconds.
decompressed data file: ../../CESM-ICE-MODELS/4/log_normalized/sz_1E-8/aeroicessl003_1_384_320.dat.sz.out
  ✓ Compression and decompression successful (ratio: 55.14x)

[7/130] Processing: aerosnoint001_1_384_320.dat
compression time = 0.011402
compressed data file: ../../CESM-ICE-MODELS/4/log_normalized/aerosnoint001_1_384_320.dat.sz
Min=0, Max=1, range=1
Max absolute error = 0.0000000091
Max relative error = 0.000000
Max pw relative error = 0.000000
PSNR = 189.366261, NRMSE= 3.4016290401418941822E-10
normError = 0.000000, normErr_norm = 0.000000
acEff=1.000000
compressionRatio=55.146415
decompression time = 0.008313 seconds.
decompressed data file: ../../CESM-ICE-MODELS/4/log_normalized/sz_1E-8/aerosnoint001_1_384_320.dat.sz.out
  ✓ Compression and decompression successful (ratio: 55.14x)

[8/130] Processing: aerosnoint002_1_384_320.dat
compression time = 0.011006
compressed data file: ../../CESM-ICE-MODELS/4/log_normalized/aerosnoint002_1_384_320.dat.sz
Min=0, Max=1, range=1
Max absolute error = 0.0000000091
Max relative error = 0.000000
Max pw relative error = 0.000000
PSNR = 189.366261, NRMSE= 3.4016290401418941822E-10
normError = 0.000000, normErr_norm = 0.000000
acEff=1.000000
compressionRatio=55.146415
decompression time = 0.005844 seconds.
decompressed data file: ../../CESM-ICE-MODELS/4/log_normalized/sz_1E-8/aerosnoint002_1_384_320.dat.sz.out
  ✓ Compression and decompression successful (ratio: 55.14x)

[9/130] Processing: aerosnoint003_1_384_320.dat
compression time = 0.012468
compressed data file: ../../CESM-ICE-MODELS/4/log_normalized/aerosnoint003_1_384_320.dat.sz
Min=0, Max=1, range=1
Max absolute error = 0.0000000096
Max relative error = 0.000000
Max pw relative error = 5.589292
PSNR = 182.405842, NRMSE= 7.5806753241326677148E-10
normError = 0.000000, normErr_norm = 0.000000
acEff=1.000000
compressionRatio=53.443514
decompression time = 0.005538 seconds.
decompressed data file: ../../CESM-ICE-MODELS/4/log_normalized/sz_1E-8/aerosnoint003_1_384_320.dat.sz.out
  ✓ Compression and decompression successful (ratio: 53.44x)

[10/130] Processing: aerosnossl001_1_384_320.dat
compression time = 0.011585
compressed data file: ../../CESM-ICE-MODELS/4/log_normalized/aerosnossl001_1_384_320.dat.sz
Min=0, Max=1, range=1
Max absolute error = 0.0000000091
Max relative error = 0.000000
Max pw relative error = 0.000000
PSNR = 189.366261, NRMSE= 3.4016290401418941822E-10
normError = 0.000000, normErr_norm = 0.000000
acEff=1.000000
compressionRatio=55.146415
decompression time = 0.006387 seconds.
decompressed data file: ../../CESM-ICE-MODELS/4/log_normalized/sz_1E-8/aerosnossl001_1_384_320.dat.sz.out
  ✓ Compression and decompression successful (ratio: 55.14x)

[11/130] Processing: aerosnossl002_1_384_320.dat
compression time = 0.013253
compressed data file: ../../CESM-ICE-MODELS/4/log_normalized/aerosnossl002_1_384_320.dat.sz
Min=0, Max=1, range=1
Max absolute error = 0.0000000091
Max relative error = 0.000000
Max pw relative error = 0.000000
PSNR = 189.366261, NRMSE= 3.4016290401418941822E-10
normError = 0.000000, normErr_norm = 0.000000
acEff=1.000000
compressionRatio=55.146415
decompression time = 0.006415 seconds.
decompressed data file: ../../CESM-ICE-MODELS/4/log_normalized/sz_1E-8/aerosnossl002_1_384_320.dat.sz.out
  ✓ Compression and decompression successful (ratio: 55.14x)

[12/130] Processing: aerosnossl003_1_384_320.dat
compression time = 0.011662
compressed data file: ../../CESM-ICE-MODELS/4/log_normalized/aerosnossl003_1_384_320.dat.sz
Min=0, Max=1, range=1
Max absolute error = 0.0000000096
Max relative error = 0.000000
Max pw relative error = 5.589298
PSNR = 180.794936, NRMSE= 9.125427348265728139E-10
normError = 0.000000, normErr_norm = 0.000000
acEff=1.000000
compressionRatio=51.684543
decompression time = 0.006174 seconds.
decompressed data file: ../../CESM-ICE-MODELS/4/log_normalized/sz_1E-8/aerosnossl003_1_384_320.dat.sz.out
  ✓ Compression and decompression successful (ratio: 51.68x)

[13/130] Processing: aice_1_384_320.dat
compression time = 0.017116
compressed data file: ../../CESM-ICE-MODELS/4/log_normalized/aice_1_384_320.dat.sz
Min=0, Max=1, range=1
Max absolute error = 0.0000000100
Max relative error = 0.000000
Max pw relative error = 4.662566
PSNR = 173.442027, NRMSE= 2.1276424702202769022E-09
normError = 0.000001, normErr_norm = 0.000000
acEff=1.000000
compressionRatio=4.219201
decompression time = 0.006652 seconds.
decompressed data file: ../../CESM-ICE-MODELS/4/log_normalized/sz_1E-8/aice_1_384_320.dat.sz.out
  ✓ Compression and decompression successful (ratio: 4.21x)

[14/130] Processing: aicen001_1_384_320.dat
compression time = 0.016416
compressed data file: ../../CESM-ICE-MODELS/4/log_normalized/aicen001_1_384_320.dat.sz
Min=0, Max=1, range=1
Max absolute error = 0.0000000100
Max relative error = 0.000000
Max pw relative error = 3.366649
PSNR = 173.848725, NRMSE= 2.0303164460686117403E-09
normError = 0.000001, normErr_norm = 0.000000
acEff=1.000000
compressionRatio=4.390806
decompression time = 0.007393 seconds.
decompressed data file: ../../CESM-ICE-MODELS/4/log_normalized/sz_1E-8/aicen001_1_384_320.dat.sz.out
  ✓ Compression and decompression successful (ratio: 4.39x)

[15/130] Processing: aicen002_1_384_320.dat
compression time = 0.014010
compressed data file: ../../CESM-ICE-MODELS/4/log_normalized/aicen002_1_384_320.dat.sz
Min=0, Max=1, range=1
Max absolute error = 0.0000000100
Max relative error = 0.000000
Max pw relative error = 5.728991
PSNR = 173.901623, NRMSE= 2.017989183370867335E-09
normError = 0.000001, normErr_norm = 0.000000
acEff=1.000000
compressionRatio=4.485040
decompression time = 0.006520 seconds.
decompressed data file: ../../CESM-ICE-MODELS/4/log_normalized/sz_1E-8/aicen002_1_384_320.dat.sz.out
  ✓ Compression and decompression successful (ratio: 4.48x)

[16/130] Processing: aicen003_1_384_320.dat
compression time = 0.016244
compressed data file: ../../CESM-ICE-MODELS/4/log_normalized/aicen003_1_384_320.dat.sz
Min=0, Max=1, range=1
Max absolute error = 0.0000000100
Max relative error = 0.000000
Max pw relative error = 5.549211
PSNR = 173.515461, NRMSE= 2.1097303709431332472E-09
normError = 0.000001, normErr_norm = 0.000000
acEff=1.000000
compressionRatio=4.462481
decompression time = 0.008731 seconds.
decompressed data file: ../../CESM-ICE-MODELS/4/log_normalized/sz_1E-8/aicen003_1_384_320.dat.sz.out
  ✓ Compression and decompression successful (ratio: 4.46x)

[17/130] Processing: aicen004_1_384_320.dat
compression time = 0.016655
compressed data file: ../../CESM-ICE-MODELS/4/log_normalized/aicen004_1_384_320.dat.sz
Min=0, Max=1, range=1
Max absolute error = 0.0000000100
Max relative error = 0.000000
Max pw relative error = 5.671504
PSNR = 173.219276, NRMSE= 2.1829117444491023448E-09
normError = 0.000001, normErr_norm = 0.000000
acEff=1.000000
compressionRatio=4.453707
decompression time = 0.007150 seconds.
decompressed data file: ../../CESM-ICE-MODELS/4/log_normalized/sz_1E-8/aicen004_1_384_320.dat.sz.out
  ✓ Compression and decompression successful (ratio: 4.45x)

[18/130] Processing: aicen005_1_384_320.dat
compression time = 0.017792
compressed data file: ../../CESM-ICE-MODELS/4/log_normalized/aicen005_1_384_320.dat.sz
Min=0, Max=1, range=1
Max absolute error = 0.0000000100
Max relative error = 0.000000
Max pw relative error = 5.663413
PSNR = 173.659160, NRMSE= 2.0751142034605249586E-09
normError = 0.000001, normErr_norm = 0.000000
acEff=1.000000
compressionRatio=4.561840
decompression time = 0.007146 seconds.
decompressed data file: ../../CESM-ICE-MODELS/4/log_normalized/sz_1E-8/aicen005_1_384_320.dat.sz.out
  ✓ Compression and decompression successful (ratio: 4.56x)

[19/130] Processing: aisnap_1_384_320.dat
compression time = 0.017315
compressed data file: ../../CESM-ICE-MODELS/4/log_normalized/aisnap_1_384_320.dat.sz
Min=0, Max=1, range=1
Max absolute error = 0.0000000100
Max relative error = 0.000000
Max pw relative error = 4.835165
PSNR = 172.461213, NRMSE= 2.3819869331460819244E-09
normError = 0.000001, normErr_norm = 0.000000
acEff=1.000000
compressionRatio=4.128685
decompression time = 0.008261 seconds.
decompressed data file: ../../CESM-ICE-MODELS/4/log_normalized/sz_1E-8/aisnap_1_384_320.dat.sz.out
  ✓ Compression and decompression successful (ratio: 4.12x)

[20/130] Processing: albice_1_384_320.dat
compression time = 0.016243
compressed data file: ../../CESM-ICE-MODELS/4/log_normalized/albice_1_384_320.dat.sz
Min=0, Max=1, range=1
Max absolute error = 0.0000000100
Max relative error = 0.000000
Max pw relative error = 5.106006
PSNR = 173.918408, NRMSE= 2.0140934580839516342E-09
normError = 0.000001, normErr_norm = 0.000000
acEff=1.000000
compressionRatio=10.517171
decompression time = 0.006915 seconds.
decompressed data file: ../../CESM-ICE-MODELS/4/log_normalized/sz_1E-8/albice_1_384_320.dat.sz.out
  ✓ Compression and decompression successful (ratio: 10.51x)

[21/130] Processing: albpnd_1_384_320.dat
compression time = 0.016320
compressed data file: ../../CESM-ICE-MODELS/4/log_normalized/albpnd_1_384_320.dat.sz
Min=0, Max=1, range=1
Max absolute error = 0.0000000100
Max relative error = 0.000000
Max pw relative error = 5.492947
PSNR = 175.230718, NRMSE= 1.7316658157829214323E-09
normError = 0.000001, normErr_norm = 0.000000
acEff=1.000000
compressionRatio=12.253690
decompression time = 0.007477 seconds.
decompressed data file: ../../CESM-ICE-MODELS/4/log_normalized/sz_1E-8/albpnd_1_384_320.dat.sz.out
  ✓ Compression and decompression successful (ratio: 12.25x)

[22/130] Processing: albsno_1_384_320.dat
compression time = 0.015142
compressed data file: ../../CESM-ICE-MODELS/4/log_normalized/albsno_1_384_320.dat.sz
Min=0, Max=1, range=1
Max absolute error = 0.0000000100
Max relative error = 0.000000
Max pw relative error = 5.532371
PSNR = 173.767498, NRMSE= 2.0493923213739681813E-09
normError = 0.000001, normErr_norm = 0.000000
acEff=1.000000
compressionRatio=6.112977
decompression time = 0.008783 seconds.
decompressed data file: ../../CESM-ICE-MODELS/4/log_normalized/sz_1E-8/albsno_1_384_320.dat.sz.out
  ✓ Compression and decompression successful (ratio: 6.11x)

[23/130] Processing: alidr_1_384_320.dat
compression time = 0.018304
compressed data file: ../../CESM-ICE-MODELS/4/log_normalized/alidr_1_384_320.dat.sz
Min=0, Max=1, range=1
Max absolute error = 0.0000000100
Max relative error = 0.000000
Max pw relative error = 0.000006
PSNR = 174.510796, NRMSE= 1.8813092816736275932E-09
normError = 0.000001, normErr_norm = 0.000000
acEff=1.000000
compressionRatio=5.892889
decompression time = 0.006883 seconds.
decompressed data file: ../../CESM-ICE-MODELS/4/log_normalized/sz_1E-8/alidr_1_384_320.dat.sz.out
  ✓ Compression and decompression successful (ratio: 5.89x)

[24/130] Processing: alvdr_1_384_320.dat
compression time = 0.015514
compressed data file: ../../CESM-ICE-MODELS/4/log_normalized/alvdr_1_384_320.dat.sz
Min=0, Max=1, range=1
Max absolute error = 0.0000000100
Max relative error = 0.000000
Max pw relative error = 0.000005
PSNR = 174.338988, NRMSE= 1.9188923419329298678E-09
normError = 0.000001, normErr_norm = 0.000000
acEff=1.000000
compressionRatio=5.966207
decompression time = 0.006523 seconds.
decompressed data file: ../../CESM-ICE-MODELS/4/log_normalized/sz_1E-8/alvdr_1_384_320.dat.sz.out
  ✓ Compression and decompression successful (ratio: 5.96x)

[25/130] Processing: ANGLE_384_320.dat
compression time = 0.012576
compressed data file: ../../CESM-ICE-MODELS/4/log_normalized/ANGLE_384_320.dat.sz
Min=0, Max=1, range=1
Max absolute error = 0.0000000000
Max relative error = 0.000000
Max pw relative error = 0.000000
PSNR = inf, NRMSE= 0
normError = 0.000000, normErr_norm = 0.000000
acEff=1.000000
compressionRatio=2.012282
decompression time = 0.006292 seconds.
decompressed data file: ../../CESM-ICE-MODELS/4/log_normalized/sz_1E-8/ANGLE_384_320.dat.sz.out
  ✓ Compression and decompression successful (ratio: 2.01x)

[26/130] Processing: ANGLET_384_320.dat
compression time = 0.012240
compressed data file: ../../CESM-ICE-MODELS/4/log_normalized/ANGLET_384_320.dat.sz
Min=0, Max=1, range=1
Max absolute error = 0.0000000000
Max relative error = 0.000000
Max pw relative error = 0.000000
PSNR = inf, NRMSE= 0
normError = 0.000000, normErr_norm = 0.000000
acEff=1.000000
compressionRatio=2.014451
decompression time = 0.007315 seconds.
decompressed data file: ../../CESM-ICE-MODELS/4/log_normalized/sz_1E-8/ANGLET_384_320.dat.sz.out
  ✓ Compression and decompression successful (ratio: 2.01x)

[27/130] Processing: apond001_1_384_320.dat
compression time = 0.015098
compressed data file: ../../CESM-ICE-MODELS/4/log_normalized/apond001_1_384_320.dat.sz
Min=0, Max=1, range=1
Max absolute error = 0.0000000100
Max relative error = 0.000000
Max pw relative error = 5.378118
PSNR = 175.999820, NRMSE= 1.5849259864576665965E-09
normError = 0.000001, normErr_norm = 0.000000
acEff=1.000000
compressionRatio=6.115334
decompression time = 0.006637 seconds.
decompressed data file: ../../CESM-ICE-MODELS/4/log_normalized/sz_1E-8/apond001_1_384_320.dat.sz.out
  ✓ Compression and decompression successful (ratio: 6.11x)

[28/130] Processing: apond002_1_384_320.dat
compression time = 0.020233
compressed data file: ../../CESM-ICE-MODELS/4/log_normalized/apond002_1_384_320.dat.sz
Min=0, Max=1, range=1
Max absolute error = 0.0000000100
Max relative error = 0.000000
Max pw relative error = 0.130319
PSNR = 175.120085, NRMSE= 1.7538632446535648284E-09
normError = 0.000001, normErr_norm = 0.000000
acEff=1.000000
compressionRatio=4.511137
decompression time = 0.007637 seconds.
decompressed data file: ../../CESM-ICE-MODELS/4/log_normalized/sz_1E-8/apond002_1_384_320.dat.sz.out
  ✓ Compression and decompression successful (ratio: 4.51x)

[29/130] Processing: apond003_1_384_320.dat
compression time = 0.016143
compressed data file: ../../CESM-ICE-MODELS/4/log_normalized/apond003_1_384_320.dat.sz
Min=0, Max=1, range=1
Max absolute error = 0.0000000100
Max relative error = 0.000000
Max pw relative error = 1.000000
PSNR = 175.931506, NRMSE= 1.5974405911058389E-09
normError = 0.000001, normErr_norm = 0.000000
acEff=1.000000
compressionRatio=5.509573
decompression time = 0.007591 seconds.
decompressed data file: ../../CESM-ICE-MODELS/4/log_normalized/sz_1E-8/apond003_1_384_320.dat.sz.out
  ✓ Compression and decompression successful (ratio: 5.50x)

[30/130] Processing: apond004_1_384_320.dat
compression time = 0.015869
compressed data file: ../../CESM-ICE-MODELS/4/log_normalized/apond004_1_384_320.dat.sz
Min=0, Max=1, range=1
Max absolute error = 0.0000000100
Max relative error = 0.000000
Max pw relative error = 0.141533
PSNR = 176.870518, NRMSE= 1.4337522512852236363E-09
normError = 0.000001, normErr_norm = 0.000000
acEff=1.000000
compressionRatio=6.512528
decompression time = 0.007167 seconds.
decompressed data file: ../../CESM-ICE-MODELS/4/log_normalized/sz_1E-8/apond004_1_384_320.dat.sz.out
  ✓ Compression and decompression successful (ratio: 6.51x)

[31/130] Processing: apond005_1_384_320.dat
compression time = 0.015142
compressed data file: ../../CESM-ICE-MODELS/4/log_normalized/apond005_1_384_320.dat.sz
Min=0, Max=1, range=1
Max absolute error = 0.0000000100
Max relative error = 0.000000
Max pw relative error = 0.050720
PSNR = 179.494198, NRMSE= 1.0599615730336010328E-09
normError = 0.000000, normErr_norm = 0.000000
acEff=1.000000
compressionRatio=7.593975
decompression time = 0.006767 seconds.
decompressed data file: ../../CESM-ICE-MODELS/4/log_normalized/sz_1E-8/apond005_1_384_320.dat.sz.out
  ✓ Compression and decompression successful (ratio: 7.59x)

[32/130] Processing: congel_1_384_320.dat
compression time = 0.016206
compressed data file: ../../CESM-ICE-MODELS/4/log_normalized/congel_1_384_320.dat.sz
Min=0, Max=1, range=1
Max absolute error = 0.0000000100
Max relative error = 0.000000
Max pw relative error = 5.589293
PSNR = 177.485879, NRMSE= 1.3356910940763182056E-09
normError = 0.000000, normErr_norm = 0.000000
acEff=1.000000
compressionRatio=6.547315
decompression time = 0.006990 seconds.
decompressed data file: ../../CESM-ICE-MODELS/4/log_normalized/sz_1E-8/congel_1_384_320.dat.sz.out
  ✓ Compression and decompression successful (ratio: 6.54x)

[33/130] Processing: coszen_1_384_320.dat
compression time = 0.013509
compressed data file: ../../CESM-ICE-MODELS/4/log_normalized/coszen_1_384_320.dat.sz
Min=0, Max=1, range=1
Max absolute error = 0.0000000100
Max relative error = 0.000000
Max pw relative error = 5.223538
PSNR = 166.661875, NRMSE= 4.6441503673805883804E-09
normError = 0.000002, normErr_norm = 0.000000
acEff=1.000000
compressionRatio=4.286350
decompression time = 0.007735 seconds.
decompressed data file: ../../CESM-ICE-MODELS/4/log_normalized/sz_1E-8/coszen_1_384_320.dat.sz.out
  ✓ Compression and decompression successful (ratio: 4.28x)

[34/130] Processing: daidtd_1_384_320.dat
compression time = 0.018981
compressed data file: ../../CESM-ICE-MODELS/4/log_normalized/daidtd_1_384_320.dat.sz
Min=0, Max=1, range=1
Max absolute error = 0.0000000075
Max relative error = 0.000000
Max pw relative error = 0.000000
PSNR = 168.846993, NRMSE= 3.6111900227590637276E-09
normError = 0.000001, normErr_norm = 0.000000
acEff=1.000000
compressionRatio=3.964478
decompression time = 0.007448 seconds.
decompressed data file: ../../CESM-ICE-MODELS/4/log_normalized/sz_1E-8/daidtd_1_384_320.dat.sz.out
  ✓ Compression and decompression successful (ratio: 3.96x)

[35/130] Processing: daidtt_1_384_320.dat
compression time = 0.018976
compressed data file: ../../CESM-ICE-MODELS/4/log_normalized/daidtt_1_384_320.dat.sz
Min=0, Max=1, range=1
Max absolute error = 0.0000000093
Max relative error = 0.000000
Max pw relative error = 0.000002
PSNR = 166.256648, NRMSE= 4.8659497191859803765E-09
normError = 0.000002, normErr_norm = 0.000000
acEff=1.000000
compressionRatio=3.586742
decompression time = 0.007686 seconds.
decompressed data file: ../../CESM-ICE-MODELS/4/log_normalized/sz_1E-8/daidtt_1_384_320.dat.sz.out
  ✓ Compression and decompression successful (ratio: 3.58x)

[36/130] Processing: dardg1dt_1_384_320.dat
compression time = 0.016843
compressed data file: ../../CESM-ICE-MODELS/4/log_normalized/dardg1dt_1_384_320.dat.sz
Min=0, Max=1, range=1
Max absolute error = 0.0000000100
Max relative error = 0.000000
Max pw relative error = 5.701545
PSNR = 174.169522, NRMSE= 1.956698516458721613E-09
normError = 0.000001, normErr_norm = 0.000000
acEff=1.000000
compressionRatio=5.100237
decompression time = 0.007126 seconds.
decompressed data file: ../../CESM-ICE-MODELS/4/log_normalized/sz_1E-8/dardg1dt_1_384_320.dat.sz.out
  ✓ Compression and decompression successful (ratio: 5.10x)

[37/130] Processing: dardg2dt_1_384_320.dat
compression time = 0.016824
compressed data file: ../../CESM-ICE-MODELS/4/log_normalized/dardg2dt_1_384_320.dat.sz
Min=0, Max=1, range=1
Max absolute error = 0.0000000100
Max relative error = 0.000000
Max pw relative error = 5.761798
PSNR = 173.685774, NRMSE= 2.0687657386864063008E-09
normError = 0.000001, normErr_norm = 0.000000
acEff=1.000000
compressionRatio=6.360248
decompression time = 0.006488 seconds.
decompressed data file: ../../CESM-ICE-MODELS/4/log_normalized/sz_1E-8/dardg2dt_1_384_320.dat.sz.out
  ✓ Compression and decompression successful (ratio: 6.36x)

[38/130] Processing: divu_1_384_320.dat
compression time = 0.017102
compressed data file: ../../CESM-ICE-MODELS/4/log_normalized/divu_1_384_320.dat.sz
Min=0, Max=1, range=1
Max absolute error = 0.0000000075
Max relative error = 0.000000
Max pw relative error = 0.000000
PSNR = 172.272416, NRMSE= 2.4343285391905064929E-09
normError = 0.000001, normErr_norm = 0.000000
acEff=1.000000
compressionRatio=3.938556
decompression time = 0.008512 seconds.
decompressed data file: ../../CESM-ICE-MODELS/4/log_normalized/sz_1E-8/divu_1_384_320.dat.sz.out
  ✓ Compression and decompression successful (ratio: 3.93x)

[39/130] Processing: dvidtd_1_384_320.dat
compression time = 0.019623
compressed data file: ../../CESM-ICE-MODELS/4/log_normalized/dvidtd_1_384_320.dat.sz
Min=0, Max=1, range=1
Max absolute error = 0.0000000093
Max relative error = 0.000000
Max pw relative error = 0.000000
PSNR = 166.588899, NRMSE= 4.6833329574569843226E-09
normError = 0.000002, normErr_norm = 0.000000
acEff=1.000000
compressionRatio=3.843663
decompression time = 0.008121 seconds.
decompressed data file: ../../CESM-ICE-MODELS/4/log_normalized/sz_1E-8/dvidtd_1_384_320.dat.sz.out
  ✓ Compression and decompression successful (ratio: 3.84x)

[40/130] Processing: dvidtt_1_384_320.dat
compression time = 0.018779
compressed data file: ../../CESM-ICE-MODELS/4/log_normalized/dvidtt_1_384_320.dat.sz
Min=0, Max=1, range=1
Max absolute error = 0.0000000098
Max relative error = 0.000000
Max pw relative error = 0.000001
PSNR = 168.772562, NRMSE= 3.6422681233224101977E-09
normError = 0.000001, normErr_norm = 0.000000
acEff=1.000000
compressionRatio=3.569577
decompression time = 0.007482 seconds.
decompressed data file: ../../CESM-ICE-MODELS/4/log_normalized/sz_1E-8/dvidtt_1_384_320.dat.sz.out
  ✓ Compression and decompression successful (ratio: 3.56x)

[41/130] Processing: dvirdgdt_1_384_320.dat
compression time = 0.016732
compressed data file: ../../CESM-ICE-MODELS/4/log_normalized/dvirdgdt_1_384_320.dat.sz
Min=0, Max=1, range=1
Max absolute error = 0.0000000100
Max relative error = 0.000000
Max pw relative error = 5.790652
PSNR = 174.036571, NRMSE= 1.9868791917677246515E-09
normError = 0.000001, normErr_norm = 0.000000
acEff=1.000000
compressionRatio=5.589329
decompression time = 0.006703 seconds.
decompressed data file: ../../CESM-ICE-MODELS/4/log_normalized/sz_1E-8/dvirdgdt_1_384_320.dat.sz.out
  ✓ Compression and decompression successful (ratio: 5.58x)

[42/130] Processing: dxt_384_320.dat
compression time = 0.011850
compressed data file: ../../CESM-ICE-MODELS/4/log_normalized/dxt_384_320.dat.sz
Min=0, Max=1, range=1
Max absolute error = 0.0000000000
Max relative error = 0.000000
Max pw relative error = 0.000000
PSNR = inf, NRMSE= 0
normError = 0.000000, normErr_norm = 0.000000
acEff=1.000000
compressionRatio=2.350702
decompression time = 0.005603 seconds.
decompressed data file: ../../CESM-ICE-MODELS/4/log_normalized/sz_1E-8/dxt_384_320.dat.sz.out
  ✓ Compression and decompression successful (ratio: 2.35x)

[43/130] Processing: dxu_384_320.dat
compression time = 0.011575
compressed data file: ../../CESM-ICE-MODELS/4/log_normalized/dxu_384_320.dat.sz
Min=0, Max=1, range=1
Max absolute error = 0.0000000000
Max relative error = 0.000000
Max pw relative error = 0.000000
PSNR = inf, NRMSE= 0
normError = 0.000000, normErr_norm = 0.000000
acEff=1.000000
compressionRatio=2.326799
decompression time = 0.005780 seconds.
decompressed data file: ../../CESM-ICE-MODELS/4/log_normalized/sz_1E-8/dxu_384_320.dat.sz.out
  ✓ Compression and decompression successful (ratio: 2.32x)

[44/130] Processing: dyt_384_320.dat
compression time = 0.014318
compressed data file: ../../CESM-ICE-MODELS/4/log_normalized/dyt_384_320.dat.sz
Min=0, Max=1, range=1
Max absolute error = 0.0000000000
Max relative error = 0.000000
Max pw relative error = 0.000000
PSNR = inf, NRMSE= 0
normError = 0.000000, normErr_norm = 0.000000
acEff=1.000000
compressionRatio=1.713473
decompression time = 0.006641 seconds.
decompressed data file: ../../CESM-ICE-MODELS/4/log_normalized/sz_1E-8/dyt_384_320.dat.sz.out
  ✓ Compression and decompression successful (ratio: 1.71x)

[45/130] Processing: dyu_384_320.dat
compression time = 0.014757
compressed data file: ../../CESM-ICE-MODELS/4/log_normalized/dyu_384_320.dat.sz
Min=0, Max=1, range=1
Max absolute error = 0.0000000000
Max relative error = 0.000000
Max pw relative error = 0.000000
PSNR = inf, NRMSE= 0
normError = 0.000000, normErr_norm = 0.000000
acEff=1.000000
compressionRatio=1.703366
decompression time = 0.006224 seconds.
decompressed data file: ../../CESM-ICE-MODELS/4/log_normalized/sz_1E-8/dyu_384_320.dat.sz.out
  ✓ Compression and decompression successful (ratio: 1.70x)

[46/130] Processing: evap_1_384_320.dat
compression time = 0.015757
compressed data file: ../../CESM-ICE-MODELS/4/log_normalized/evap_1_384_320.dat.sz
Min=0, Max=1, range=1
Max absolute error = 0.0000000100
Max relative error = 0.000000
Max pw relative error = 0.000638
PSNR = 166.268985, NRMSE= 4.859043041718785051E-09
normError = 0.000002, normErr_norm = 0.000000
acEff=1.000000
compressionRatio=5.315511
decompression time = 0.007443 seconds.
decompressed data file: ../../CESM-ICE-MODELS/4/log_normalized/sz_1E-8/evap_1_384_320.dat.sz.out
  ✓ Compression and decompression successful (ratio: 5.31x)

[47/130] Processing: evap_ai_1_384_320.dat
compression time = 0.016844
compressed data file: ../../CESM-ICE-MODELS/4/log_normalized/evap_ai_1_384_320.dat.sz
Min=0, Max=1, range=1
Max absolute error = 0.0000000100
Max relative error = 0.000000
Max pw relative error = 0.000156
PSNR = 169.108073, NRMSE= 3.5042601162817463962E-09
normError = 0.000001, normErr_norm = 0.000000
acEff=1.000000
compressionRatio=6.546791
decompression time = 0.008323 seconds.
decompressed data file: ../../CESM-ICE-MODELS/4/log_normalized/sz_1E-8/evap_ai_1_384_320.dat.sz.out
  ✓ Compression and decompression successful (ratio: 6.54x)

[48/130] Processing: faero_atm001_1_384_320.dat
compression time = 0.011898
compressed data file: ../../CESM-ICE-MODELS/4/log_normalized/faero_atm001_1_384_320.dat.sz
Min=0, Max=1, range=1
Max absolute error = 0.0000000091
Max relative error = 0.000000
Max pw relative error = 0.000000
PSNR = 189.366261, NRMSE= 3.4016290401418941822E-10
normError = 0.000000, normErr_norm = 0.000000
acEff=1.000000
compressionRatio=55.146415
decompression time = 0.005532 seconds.
decompressed data file: ../../CESM-ICE-MODELS/4/log_normalized/sz_1E-8/faero_atm001_1_384_320.dat.sz.out
  ✓ Compression and decompression successful (ratio: 55.14x)

[49/130] Processing: faero_atm002_1_384_320.dat
compression time = 0.012058
compressed data file: ../../CESM-ICE-MODELS/4/log_normalized/faero_atm002_1_384_320.dat.sz
Min=0, Max=1, range=1
Max absolute error = 0.0000000091
Max relative error = 0.000000
Max pw relative error = 0.000000
PSNR = 189.366261, NRMSE= 3.4016290401418941822E-10
normError = 0.000000, normErr_norm = 0.000000
acEff=1.000000
compressionRatio=55.146415
decompression time = 0.006464 seconds.
decompressed data file: ../../CESM-ICE-MODELS/4/log_normalized/sz_1E-8/faero_atm002_1_384_320.dat.sz.out
  ✓ Compression and decompression successful (ratio: 55.14x)

[50/130] Processing: faero_atm003_1_384_320.dat
compression time = 0.013580
compressed data file: ../../CESM-ICE-MODELS/4/log_normalized/faero_atm003_1_384_320.dat.sz
Min=0, Max=1, range=1
Max absolute error = 0.0000000091
Max relative error = 0.000000
Max pw relative error = 0.000000
PSNR = 189.366261, NRMSE= 3.4016290401418941822E-10
normError = 0.000000, normErr_norm = 0.000000
acEff=1.000000
compressionRatio=55.146415
decompression time = 0.006364 seconds.
decompressed data file: ../../CESM-ICE-MODELS/4/log_normalized/sz_1E-8/faero_atm003_1_384_320.dat.sz.out
  ✓ Compression and decompression successful (ratio: 55.14x)

[51/130] Processing: faero_ocn001_1_384_320.dat
compression time = 0.010515
compressed data file: ../../CESM-ICE-MODELS/4/log_normalized/faero_ocn001_1_384_320.dat.sz
Min=0, Max=1, range=1
Max absolute error = 0.0000000091
Max relative error = 0.000000
Max pw relative error = 0.000000
PSNR = 189.366261, NRMSE= 3.4016290401418941822E-10
normError = 0.000000, normErr_norm = 0.000000
acEff=1.000000
compressionRatio=55.146415
decompression time = 0.006384 seconds.
decompressed data file: ../../CESM-ICE-MODELS/4/log_normalized/sz_1E-8/faero_ocn001_1_384_320.dat.sz.out
  ✓ Compression and decompression successful (ratio: 55.14x)

[52/130] Processing: faero_ocn002_1_384_320.dat
compression time = 0.014008
compressed data file: ../../CESM-ICE-MODELS/4/log_normalized/faero_ocn002_1_384_320.dat.sz
Min=0, Max=1, range=1
Max absolute error = 0.0000000091
Max relative error = 0.000000
Max pw relative error = 0.000000
PSNR = 189.366261, NRMSE= 3.4016290401418941822E-10
normError = 0.000000, normErr_norm = 0.000000
acEff=1.000000
compressionRatio=55.146415
decompression time = 0.005872 seconds.
decompressed data file: ../../CESM-ICE-MODELS/4/log_normalized/sz_1E-8/faero_ocn002_1_384_320.dat.sz.out
  ✓ Compression and decompression successful (ratio: 55.14x)

[53/130] Processing: faero_ocn003_1_384_320.dat
compression time = 0.012706
compressed data file: ../../CESM-ICE-MODELS/4/log_normalized/faero_ocn003_1_384_320.dat.sz
Min=0, Max=1, range=1
Max absolute error = 0.0000000091
Max relative error = 0.000000
Max pw relative error = 0.000000
PSNR = 189.366261, NRMSE= 3.4016290401418941822E-10
normError = 0.000000, normErr_norm = 0.000000
acEff=1.000000
compressionRatio=55.146415
decompression time = 0.007958 seconds.
decompressed data file: ../../CESM-ICE-MODELS/4/log_normalized/sz_1E-8/faero_ocn003_1_384_320.dat.sz.out
  ✓ Compression and decompression successful (ratio: 55.14x)

[54/130] Processing: fcondtop_ai_1_384_320.dat
compression time = 0.018330
compressed data file: ../../CESM-ICE-MODELS/4/log_normalized/fcondtop_ai_1_384_320.dat.sz
Min=0, Max=1, range=1
Max absolute error = 0.0000000075
Max relative error = 0.000000
Max pw relative error = 0.000000
PSNR = 169.423644, NRMSE= 3.3792302427804497116E-09
normError = 0.000001, normErr_norm = 0.000000
acEff=1.000000
compressionRatio=4.348926
decompression time = 0.008292 seconds.
decompressed data file: ../../CESM-ICE-MODELS/4/log_normalized/sz_1E-8/fcondtop_ai_1_384_320.dat.sz.out
  ✓ Compression and decompression successful (ratio: 4.34x)

[55/130] Processing: fhocn_1_384_320.dat
compression time = 0.019735
compressed data file: ../../CESM-ICE-MODELS/4/log_normalized/fhocn_1_384_320.dat.sz
Min=0, Max=1, range=1
Max absolute error = 0.0000000075
Max relative error = 0.000000
Max pw relative error = 0.000000
PSNR = 165.618050, NRMSE= 5.2371801772859838887E-09
normError = 0.000002, normErr_norm = 0.000000
acEff=1.000000
compressionRatio=4.210851
decompression time = 0.007860 seconds.
decompressed data file: ../../CESM-ICE-MODELS/4/log_normalized/sz_1E-8/fhocn_1_384_320.dat.sz.out
  ✓ Compression and decompression successful (ratio: 4.21x)

[56/130] Processing: fhocn_ai_1_384_320.dat
compression time = 0.019747
compressed data file: ../../CESM-ICE-MODELS/4/log_normalized/fhocn_ai_1_384_320.dat.sz
Min=0, Max=1, range=1
Max absolute error = 0.0000000075
Max relative error = 0.000000
Max pw relative error = 0.000000
PSNR = 165.503812, NRMSE= 5.3065150627978870442E-09
normError = 0.000002, normErr_norm = 0.000000
acEff=1.000000
compressionRatio=3.919055
decompression time = 0.009577 seconds.
decompressed data file: ../../CESM-ICE-MODELS/4/log_normalized/sz_1E-8/fhocn_ai_1_384_320.dat.sz.out
  ✓ Compression and decompression successful (ratio: 3.91x)

[57/130] Processing: flat_1_384_320.dat
compression time = 0.021018
compressed data file: ../../CESM-ICE-MODELS/4/log_normalized/flat_1_384_320.dat.sz
Min=0, Max=1, range=1
Max absolute error = 0.0000000075
Max relative error = 0.000000
Max pw relative error = 0.000000
PSNR = 172.604175, NRMSE= 2.3431023773884644113E-09
normError = 0.000001, normErr_norm = 0.000000
acEff=1.000000
compressionRatio=3.515905
decompression time = 0.008685 seconds.
decompressed data file: ../../CESM-ICE-MODELS/4/log_normalized/sz_1E-8/flat_1_384_320.dat.sz.out
  ✓ Compression and decompression successful (ratio: 3.51x)

[58/130] Processing: flat_ai_1_384_320.dat
compression time = 0.017791
compressed data file: ../../CESM-ICE-MODELS/4/log_normalized/flat_ai_1_384_320.dat.sz
Min=0, Max=1, range=1
Max absolute error = 0.0000000093
Max relative error = 0.000000
Max pw relative error = 0.000000
PSNR = 169.430471, NRMSE= 3.3765753524931009665E-09
normError = 0.000001, normErr_norm = 0.000000
acEff=1.000000
compressionRatio=3.618588
decompression time = 0.009018 seconds.
decompressed data file: ../../CESM-ICE-MODELS/4/log_normalized/sz_1E-8/flat_ai_1_384_320.dat.sz.out
  ✓ Compression and decompression successful (ratio: 3.61x)

[59/130] Processing: flwdn_1_384_320.dat
compression time = 0.029183
compressed data file: ../../CESM-ICE-MODELS/4/log_normalized/flwdn_1_384_320.dat.sz
Min=0, Max=1, range=1
Max absolute error = 0.0000000000
Max relative error = 0.000000
Max pw relative error = 0.000000
PSNR = inf, NRMSE= 0
normError = 0.000000, normErr_norm = 0.000000
acEff=1.000000
compressionRatio=1.943766
decompression time = 0.001846 seconds.
decompressed data file: ../../CESM-ICE-MODELS/4/log_normalized/sz_1E-8/flwdn_1_384_320.dat.sz.out
  ✓ Compression and decompression successful (ratio: 1.94x)

[60/130] Processing: flwup_1_384_320.dat
compression time = 0.020576
compressed data file: ../../CESM-ICE-MODELS/4/log_normalized/flwup_1_384_320.dat.sz
Min=0, Max=1, range=1
Max absolute error = 0.0000000093
Max relative error = 0.000000
Max pw relative error = 0.000000
PSNR = 166.639038, NRMSE= 4.6563763984505406755E-09
normError = 0.000002, normErr_norm = 0.000000
acEff=1.000000
compressionRatio=3.391267
decompression time = 0.008775 seconds.
decompressed data file: ../../CESM-ICE-MODELS/4/log_normalized/sz_1E-8/flwup_1_384_320.dat.sz.out
  ✓ Compression and decompression successful (ratio: 3.39x)

[61/130] Processing: flwup_ai_1_384_320.dat
compression time = 0.015736
compressed data file: ../../CESM-ICE-MODELS/4/log_normalized/flwup_ai_1_384_320.dat.sz
Min=0, Max=1, range=1
Max absolute error = 0.0000000075
Max relative error = 0.000000
Max pw relative error = 0.000000
PSNR = 165.909319, NRMSE= 5.0644707032077487224E-09
normError = 0.000002, normErr_norm = 0.000000
acEff=1.000000
compressionRatio=3.976249
decompression time = 0.008820 seconds.
decompressed data file: ../../CESM-ICE-MODELS/4/log_normalized/sz_1E-8/flwup_ai_1_384_320.dat.sz.out
  ✓ Compression and decompression successful (ratio: 3.97x)

[62/130] Processing: frazil_1_384_320.dat
compression time = 0.016406
compressed data file: ../../CESM-ICE-MODELS/4/log_normalized/frazil_1_384_320.dat.sz
Min=0, Max=1, range=1
Max absolute error = 0.0000000100
Max relative error = 0.000000
Max pw relative error = 0.058260
PSNR = 176.757681, NRMSE= 1.4524993394267459017E-09
normError = 0.000001, normErr_norm = 0.000000
acEff=1.000000
compressionRatio=7.210421
decompression time = 0.007693 seconds.
decompressed data file: ../../CESM-ICE-MODELS/4/log_normalized/sz_1E-8/frazil_1_384_320.dat.sz.out
  ✓ Compression and decompression successful (ratio: 7.21x)

[63/130] Processing: fresh_1_384_320.dat
compression time = 0.017037
compressed data file: ../../CESM-ICE-MODELS/4/log_normalized/fresh_1_384_320.dat.sz
Min=0, Max=1, range=1
Max absolute error = 0.0000000093
Max relative error = 0.000000
Max pw relative error = 0.000001
PSNR = 165.539365, NRMSE= 5.2848387761553779046E-09
normError = 0.000002, normErr_norm = 0.000000
acEff=1.000000
compressionRatio=3.578178
decompression time = 0.010128 seconds.
decompressed data file: ../../CESM-ICE-MODELS/4/log_normalized/sz_1E-8/fresh_1_384_320.dat.sz.out
  ✓ Compression and decompression successful (ratio: 3.57x)

[64/130] Processing: fresh_ai_1_384_320.dat
compression time = 0.022699
compressed data file: ../../CESM-ICE-MODELS/4/log_normalized/fresh_ai_1_384_320.dat.sz
Min=0, Max=1, range=1
Max absolute error = 0.0000000098
Max relative error = 0.000000
Max pw relative error = 0.000004
PSNR = 165.224443, NRMSE= 5.4799657000720572784E-09
normError = 0.000002, normErr_norm = 0.000000
acEff=1.000000
compressionRatio=3.473468
decompression time = 0.009328 seconds.
decompressed data file: ../../CESM-ICE-MODELS/4/log_normalized/sz_1E-8/fresh_ai_1_384_320.dat.sz.out
  ✓ Compression and decompression successful (ratio: 3.47x)

[65/130] Processing: fs_1_384_320.dat
compression time = 0.020602
compressed data file: ../../CESM-ICE-MODELS/4/log_normalized/fs_1_384_320.dat.sz
Min=0, Max=1, range=1
Max absolute error = 0.0000000100
Max relative error = 0.000000
Max pw relative error = 5.637775
PSNR = 172.348692, NRMSE= 2.4130447821538645433E-09
normError = 0.000001, normErr_norm = 0.000000
acEff=1.000000
compressionRatio=3.920180
decompression time = 0.009314 seconds.
decompressed data file: ../../CESM-ICE-MODELS/4/log_normalized/sz_1E-8/fs_1_384_320.dat.sz.out
  ✓ Compression and decompression successful (ratio: 3.92x)

[66/130] Processing: fsalt_1_384_320.dat
compression time = 0.018499
compressed data file: ../../CESM-ICE-MODELS/4/log_normalized/fsalt_1_384_320.dat.sz
Min=0, Max=1, range=1
Max absolute error = 0.0000000100
Max relative error = 0.000000
Max pw relative error = 0.000035
PSNR = 167.425579, NRMSE= 4.2532515898535081957E-09
normError = 0.000001, normErr_norm = 0.000000
acEff=1.000000
compressionRatio=3.780341
decompression time = 0.009582 seconds.
decompressed data file: ../../CESM-ICE-MODELS/4/log_normalized/sz_1E-8/fsalt_1_384_320.dat.sz.out
  ✓ Compression and decompression successful (ratio: 3.78x)

[67/130] Processing: fsalt_ai_1_384_320.dat
compression time = 0.017703
compressed data file: ../../CESM-ICE-MODELS/4/log_normalized/fsalt_ai_1_384_320.dat.sz
Min=0, Max=1, range=1
Max absolute error = 0.0000000100
Max relative error = 0.000000
Max pw relative error = 0.000610
PSNR = 166.430329, NRMSE= 4.7696174758172312202E-09
normError = 0.000002, normErr_norm = 0.000000
acEff=1.000000
compressionRatio=4.945068
decompression time = 0.007744 seconds.
decompressed data file: ../../CESM-ICE-MODELS/4/log_normalized/sz_1E-8/fsalt_ai_1_384_320.dat.sz.out
  ✓ Compression and decompression successful (ratio: 4.94x)

[68/130] Processing: fsens_1_384_320.dat
compression time = 0.019575
compressed data file: ../../CESM-ICE-MODELS/4/log_normalized/fsens_1_384_320.dat.sz
Min=0, Max=1, range=1
Max absolute error = 0.0000000075
Max relative error = 0.000000
Max pw relative error = 0.000000
PSNR = 171.279462, NRMSE= 2.7291469453883962133E-09
normError = 0.000001, normErr_norm = 0.000000
acEff=1.000000
compressionRatio=3.345471
decompression time = 0.008847 seconds.
decompressed data file: ../../CESM-ICE-MODELS/4/log_normalized/sz_1E-8/fsens_1_384_320.dat.sz.out
  ✓ Compression and decompression successful (ratio: 3.34x)

[69/130] Processing: fsens_ai_1_384_320.dat
compression time = 0.018459
compressed data file: ../../CESM-ICE-MODELS/4/log_normalized/fsens_ai_1_384_320.dat.sz
Min=0, Max=1, range=1
Max absolute error = 0.0000000075
Max relative error = 0.000000
Max pw relative error = 0.000000
PSNR = 166.567679, NRMSE= 4.6947885578102662586E-09
normError = 0.000002, normErr_norm = 0.000000
acEff=1.000000
compressionRatio=3.490240
decompression time = 0.009616 seconds.
decompressed data file: ../../CESM-ICE-MODELS/4/log_normalized/sz_1E-8/fsens_ai_1_384_320.dat.sz.out
  ✓ Compression and decompression successful (ratio: 3.49x)

[70/130] Processing: fsurf_ai_1_384_320.dat
compression time = 0.019643
compressed data file: ../../CESM-ICE-MODELS/4/log_normalized/fsurf_ai_1_384_320.dat.sz
Min=0, Max=1, range=1
Max absolute error = 0.0000000075
Max relative error = 0.000000
Max pw relative error = 0.000000
PSNR = 169.562250, NRMSE= 3.3257340264957144902E-09
normError = 0.000001, normErr_norm = 0.000000
acEff=1.000000
compressionRatio=3.963168
decompression time = 0.009790 seconds.
decompressed data file: ../../CESM-ICE-MODELS/4/log_normalized/sz_1E-8/fsurf_ai_1_384_320.dat.sz.out
  ✓ Compression and decompression successful (ratio: 3.96x)

[71/130] Processing: fswabs_1_384_320.dat
compression time = 0.017227
compressed data file: ../../CESM-ICE-MODELS/4/log_normalized/fswabs_1_384_320.dat.sz
Min=0, Max=1, range=1
Max absolute error = 0.0000000100
Max relative error = 0.000000
Max pw relative error = 0.011967
PSNR = 174.763389, NRMSE= 1.8273870711571768843E-09
normError = 0.000001, normErr_norm = 0.000000
acEff=1.000000
compressionRatio=5.786400
decompression time = 0.008484 seconds.
decompressed data file: ../../CESM-ICE-MODELS/4/log_normalized/sz_1E-8/fswabs_1_384_320.dat.sz.out
  ✓ Compression and decompression successful (ratio: 5.78x)

[72/130] Processing: fswabs_ai_1_384_320.dat
compression time = 0.013791
compressed data file: ../../CESM-ICE-MODELS/4/log_normalized/fswabs_ai_1_384_320.dat.sz
Min=0, Max=1, range=1
Max absolute error = 0.0000000100
Max relative error = 0.000000
Max pw relative error = 5.434782
PSNR = 174.183521, NRMSE= 1.9535473737546271976E-09
normError = 0.000001, normErr_norm = 0.000000
acEff=1.000000
compressionRatio=6.545832
decompression time = 0.007049 seconds.
decompressed data file: ../../CESM-ICE-MODELS/4/log_normalized/sz_1E-8/fswabs_ai_1_384_320.dat.sz.out
  ✓ Compression and decompression successful (ratio: 6.54x)

[73/130] Processing: fswdn_1_384_320.dat
compression time = 0.033442
compressed data file: ../../CESM-ICE-MODELS/4/log_normalized/fswdn_1_384_320.dat.sz
Min=0, Max=1, range=1
Max absolute error = 0.0000000000
Max relative error = 0.000000
Max pw relative error = 0.000000
PSNR = inf, NRMSE= 0
normError = 0.000000, normErr_norm = 0.000000
acEff=1.000000
compressionRatio=2.100549
decompression time = 0.001896 seconds.
decompressed data file: ../../CESM-ICE-MODELS/4/log_normalized/sz_1E-8/fswdn_1_384_320.dat.sz.out
  ✓ Compression and decompression successful (ratio: 2.10x)

[74/130] Processing: fswfac_1_384_320.dat
compression time = 0.017456
compressed data file: ../../CESM-ICE-MODELS/4/log_normalized/fswfac_1_384_320.dat.sz
Min=0, Max=1, range=1
Max absolute error = 0.0000000100
Max relative error = 0.000000
Max pw relative error = 0.000512
PSNR = 170.888190, NRMSE= 2.8548973769592733641E-09
normError = 0.000001, normErr_norm = 0.000000
acEff=1.000000
compressionRatio=7.533566
decompression time = 0.008333 seconds.
decompressed data file: ../../CESM-ICE-MODELS/4/log_normalized/sz_1E-8/fswfac_1_384_320.dat.sz.out
  ✓ Compression and decompression successful (ratio: 7.53x)

[75/130] Processing: fswthru_1_384_320.dat
compression time = 0.015530
compressed data file: ../../CESM-ICE-MODELS/4/log_normalized/fswthru_1_384_320.dat.sz
Min=0, Max=1, range=1
Max absolute error = 0.0000000100
Max relative error = 0.000000
Max pw relative error = 1.000000
PSNR = 177.224783, NRMSE= 1.3764512897597130232E-09
normError = 0.000000, normErr_norm = 0.000000
acEff=1.000000
compressionRatio=7.488916
decompression time = 0.007188 seconds.
decompressed data file: ../../CESM-ICE-MODELS/4/log_normalized/sz_1E-8/fswthru_1_384_320.dat.sz.out
  ✓ Compression and decompression successful (ratio: 7.48x)

[76/130] Processing: fswthru_ai_1_384_320.dat
compression time = 0.016645
compressed data file: ../../CESM-ICE-MODELS/4/log_normalized/fswthru_ai_1_384_320.dat.sz
Min=0, Max=1, range=1
Max absolute error = 0.0000000100
Max relative error = 0.000000
Max pw relative error = 5.705802
PSNR = 174.120195, NRMSE= 1.9678420157527464354E-09
normError = 0.000001, normErr_norm = 0.000000
acEff=1.000000
compressionRatio=7.000712
decompression time = 0.007507 seconds.
decompressed data file: ../../CESM-ICE-MODELS/4/log_normalized/sz_1E-8/fswthru_ai_1_384_320.dat.sz.out
  ✓ Compression and decompression successful (ratio: 7.00x)

[77/130] Processing: fswup_1_384_320.dat
compression time = 0.029775
compressed data file: ../../CESM-ICE-MODELS/4/log_normalized/fswup_1_384_320.dat.sz
Min=0, Max=1, range=1
Max absolute error = 0.0000000000
Max relative error = 0.000000
Max pw relative error = 0.000000
PSNR = inf, NRMSE= 0
normError = 0.000000, normErr_norm = 0.000000
acEff=1.000000
compressionRatio=2.098065
decompression time = 0.001799 seconds.
decompressed data file: ../../CESM-ICE-MODELS/4/log_normalized/sz_1E-8/fswup_1_384_320.dat.sz.out
  ✓ Compression and decompression successful (ratio: 2.09x)

[78/130] Processing: FYarea_1_384_320.dat
compression time = 0.018062
compressed data file: ../../CESM-ICE-MODELS/4/log_normalized/FYarea_1_384_320.dat.sz
Min=0, Max=1, range=1
Max absolute error = 0.0000000100
Max relative error = 0.000000
Max pw relative error = 0.020007
PSNR = 172.431707, NRMSE= 2.3900921330857651612E-09
normError = 0.000001, normErr_norm = 0.000000
acEff=1.000000
compressionRatio=4.842323
decompression time = 0.008588 seconds.
decompressed data file: ../../CESM-ICE-MODELS/4/log_normalized/sz_1E-8/FYarea_1_384_320.dat.sz.out
  ✓ Compression and decompression successful (ratio: 4.84x)

[79/130] Processing: hi_1_384_320.dat
compression time = 0.018058
compressed data file: ../../CESM-ICE-MODELS/4/log_normalized/hi_1_384_320.dat.sz
Min=0, Max=1, range=1
Max absolute error = 0.0000000100
Max relative error = 0.000000
Max pw relative error = 5.773260
PSNR = 172.387219, NRMSE= 2.4023653548617755715E-09
normError = 0.000001, normErr_norm = 0.000000
acEff=1.000000
compressionRatio=3.818699
decompression time = 0.008630 seconds.
decompressed data file: ../../CESM-ICE-MODELS/4/log_normalized/sz_1E-8/hi_1_384_320.dat.sz.out
  ✓ Compression and decompression successful (ratio: 3.81x)

[80/130] Processing: hisnap_1_384_320.dat
compression time = 0.018763
compressed data file: ../../CESM-ICE-MODELS/4/log_normalized/hisnap_1_384_320.dat.sz
Min=0, Max=1, range=1
Max absolute error = 0.0000000100
Max relative error = 0.000000
Max pw relative error = 5.755828
PSNR = 172.784745, NRMSE= 2.2948946019008262448E-09
normError = 0.000001, normErr_norm = 0.000000
acEff=1.000000
compressionRatio=3.903896
decompression time = 0.008181 seconds.
decompressed data file: ../../CESM-ICE-MODELS/4/log_normalized/sz_1E-8/hisnap_1_384_320.dat.sz.out
  ✓ Compression and decompression successful (ratio: 3.90x)

[81/130] Processing: hs_1_384_320.dat
compression time = 0.022047
compressed data file: ../../CESM-ICE-MODELS/4/log_normalized/hs_1_384_320.dat.sz
Min=0, Max=1, range=1
Max absolute error = 0.0000000100
Max relative error = 0.000000
Max pw relative error = 5.761337
PSNR = 172.464176, NRMSE= 2.3811744274304209619E-09
normError = 0.000001, normErr_norm = 0.000000
acEff=1.000000
compressionRatio=4.160910
decompression time = 0.008417 seconds.
decompressed data file: ../../CESM-ICE-MODELS/4/log_normalized/sz_1E-8/hs_1_384_320.dat.sz.out
  ✓ Compression and decompression successful (ratio: 4.16x)

[82/130] Processing: HTE_384_320.dat
compression time = 0.015467
compressed data file: ../../CESM-ICE-MODELS/4/log_normalized/HTE_384_320.dat.sz
Min=0, Max=1, range=1
Max absolute error = 0.0000000000
Max relative error = 0.000000
Max pw relative error = 0.000000
PSNR = inf, NRMSE= 0
normError = 0.000000, normErr_norm = 0.000000
acEff=1.000000
compressionRatio=1.706933
decompression time = 0.006286 seconds.
decompressed data file: ../../CESM-ICE-MODELS/4/log_normalized/sz_1E-8/HTE_384_320.dat.sz.out
  ✓ Compression and decompression successful (ratio: 1.70x)

[83/130] Processing: HTN_384_320.dat
compression time = 0.011953
compressed data file: ../../CESM-ICE-MODELS/4/log_normalized/HTN_384_320.dat.sz
Min=0, Max=1, range=1
Max absolute error = 0.0000000000
Max relative error = 0.000000
Max pw relative error = 0.000000
PSNR = inf, NRMSE= 0
normError = 0.000000, normErr_norm = 0.000000
acEff=1.000000
compressionRatio=2.315629
decompression time = 0.005846 seconds.
decompressed data file: ../../CESM-ICE-MODELS/4/log_normalized/sz_1E-8/HTN_384_320.dat.sz.out
  ✓ Compression and decompression successful (ratio: 2.31x)

[84/130] Processing: iage_1_384_320.dat
compression time = 0.021519
compressed data file: ../../CESM-ICE-MODELS/4/log_normalized/iage_1_384_320.dat.sz
Min=0, Max=1, range=1
Max absolute error = 0.0000000100
Max relative error = 0.000000
Max pw relative error = 0.000474
PSNR = 172.398789, NRMSE= 2.3991674906057549965E-09
normError = 0.000001, normErr_norm = 0.000000
acEff=1.000000
compressionRatio=3.737312
decompression time = 0.008798 seconds.
decompressed data file: ../../CESM-ICE-MODELS/4/log_normalized/sz_1E-8/iage_1_384_320.dat.sz.out
  ✓ Compression and decompression successful (ratio: 3.73x)

[85/130] Processing: ice_present_1_384_320.dat
compression time = 0.013864
compressed data file: ../../CESM-ICE-MODELS/4/log_normalized/ice_present_1_384_320.dat.sz
Min=0, Max=1, range=1
Max absolute error = 0.0000000100
Max relative error = 0.000000
Max pw relative error = 0.000658
PSNR = 172.893641, NRMSE= 2.2663027861112706444E-09
normError = 0.000001, normErr_norm = 0.000000
acEff=1.000000
compressionRatio=14.936640
decompression time = 0.005672 seconds.
decompressed data file: ../../CESM-ICE-MODELS/4/log_normalized/sz_1E-8/ice_present_1_384_320.dat.sz.out
  ✓ Compression and decompression successful (ratio: 14.93x)

[86/130] Processing: meltb_1_384_320.dat
compression time = 0.015941
compressed data file: ../../CESM-ICE-MODELS/4/log_normalized/meltb_1_384_320.dat.sz
Min=0, Max=1, range=1
Max absolute error = 0.0000000100
Max relative error = 0.000000
Max pw relative error = 5.712126
PSNR = 172.789692, NRMSE= 2.2935878909515708403E-09
normError = 0.000001, normErr_norm = 0.000000
acEff=1.000000
compressionRatio=4.578284
decompression time = 0.006929 seconds.
decompressed data file: ../../CESM-ICE-MODELS/4/log_normalized/sz_1E-8/meltb_1_384_320.dat.sz.out
  ✓ Compression and decompression successful (ratio: 4.57x)

[87/130] Processing: meltl_1_384_320.dat
compression time = 0.014419
compressed data file: ../../CESM-ICE-MODELS/4/log_normalized/meltl_1_384_320.dat.sz
Min=0, Max=1, range=1
Max absolute error = 0.0000000100
Max relative error = 0.000000
Max pw relative error = 5.615837
PSNR = 171.872355, NRMSE= 2.5490727202365805686E-09
normError = 0.000001, normErr_norm = 0.000000
acEff=1.000000
compressionRatio=5.713289
decompression time = 0.006905 seconds.
decompressed data file: ../../CESM-ICE-MODELS/4/log_normalized/sz_1E-8/meltl_1_384_320.dat.sz.out
  ✓ Compression and decompression successful (ratio: 5.71x)

[88/130] Processing: melts_1_384_320.dat
compression time = 0.017924
compressed data file: ../../CESM-ICE-MODELS/4/log_normalized/melts_1_384_320.dat.sz
Min=0, Max=1, range=1
Max absolute error = 0.0000000100
Max relative error = 0.000000
Max pw relative error = 5.703233
PSNR = 173.083082, NRMSE= 2.2174095465201921545E-09
normError = 0.000001, normErr_norm = 0.000000
acEff=1.000000
compressionRatio=5.302723
decompression time = 0.007317 seconds.
decompressed data file: ../../CESM-ICE-MODELS/4/log_normalized/sz_1E-8/melts_1_384_320.dat.sz.out
  ✓ Compression and decompression successful (ratio: 5.30x)

[89/130] Processing: meltt_1_384_320.dat
compression time = 0.014056
compressed data file: ../../CESM-ICE-MODELS/4/log_normalized/meltt_1_384_320.dat.sz
Min=0, Max=1, range=1
Max absolute error = 0.0000000100
Max relative error = 0.000000
Max pw relative error = 4.031575
PSNR = 177.441865, NRMSE= 1.3424767071631106006E-09
normError = 0.000000, normErr_norm = 0.000000
acEff=1.000000
compressionRatio=21.321303
decompression time = 0.006943 seconds.
decompressed data file: ../../CESM-ICE-MODELS/4/log_normalized/sz_1E-8/meltt_1_384_320.dat.sz.out
  ✓ Compression and decompression successful (ratio: 21.32x)

[90/130] Processing: opening_1_384_320.dat
compression time = 0.017426
compressed data file: ../../CESM-ICE-MODELS/4/log_normalized/opening_1_384_320.dat.sz
Min=0, Max=1, range=1
Max absolute error = 0.0000000100
Max relative error = 0.000000
Max pw relative error = 0.001217
PSNR = 175.672055, NRMSE= 1.645876551218150676E-09
normError = 0.000001, normErr_norm = 0.000000
acEff=1.000000
compressionRatio=4.584219
decompression time = 0.006854 seconds.
decompressed data file: ../../CESM-ICE-MODELS/4/log_normalized/sz_1E-8/opening_1_384_320.dat.sz.out
  ✓ Compression and decompression successful (ratio: 4.58x)

[91/130] Processing: qi_1_384_320.dat
compression time = 0.017527
compressed data file: ../../CESM-ICE-MODELS/4/log_normalized/qi_1_384_320.dat.sz
Min=0, Max=1, range=1
Max absolute error = 0.0000000000
Max relative error = 0.000000
Max pw relative error = 0.000000
PSNR = inf, NRMSE= 0
normError = 0.000000, normErr_norm = 0.000000
acEff=1.000000
compressionRatio=7.607609
decompression time = 0.007151 seconds.
decompressed data file: ../../CESM-ICE-MODELS/4/log_normalized/sz_1E-8/qi_1_384_320.dat.sz.out
  ✓ Compression and decompression successful (ratio: 7.60x)

[92/130] Processing: Qref_1_384_320.dat
compression time = 0.029308
compressed data file: ../../CESM-ICE-MODELS/4/log_normalized/Qref_1_384_320.dat.sz
Min=0, Max=1, range=1
Max absolute error = 0.0000000000
Max relative error = 0.000000
Max pw relative error = 0.000000
PSNR = inf, NRMSE= 0
normError = 0.000000, normErr_norm = 0.000000
acEff=1.000000
compressionRatio=1.640073
decompression time = 0.001735 seconds.
decompressed data file: ../../CESM-ICE-MODELS/4/log_normalized/sz_1E-8/Qref_1_384_320.dat.sz.out
  ✓ Compression and decompression successful (ratio: 1.64x)

[93/130] Processing: qs_1_384_320.dat
compression time = 0.014631
compressed data file: ../../CESM-ICE-MODELS/4/log_normalized/qs_1_384_320.dat.sz
Min=0, Max=1, range=1
Max absolute error = 0.0000000000
Max relative error = 0.000000
Max pw relative error = 0.000000
PSNR = inf, NRMSE= 0
normError = 0.000000, normErr_norm = 0.000000
acEff=1.000000
compressionRatio=7.580272
decompression time = 0.006860 seconds.
decompressed data file: ../../CESM-ICE-MODELS/4/log_normalized/sz_1E-8/qs_1_384_320.dat.sz.out
  ✓ Compression and decompression successful (ratio: 7.58x)

[94/130] Processing: rain_1_384_320.dat
compression time = 0.028281
compressed data file: ../../CESM-ICE-MODELS/4/log_normalized/rain_1_384_320.dat.sz
Min=0, Max=1, range=1
Max absolute error = 0.0000000000
Max relative error = 0.000000
Max pw relative error = 0.000000
PSNR = inf, NRMSE= 0
normError = 0.000000, normErr_norm = 0.000000
acEff=1.000000
compressionRatio=1.718379
decompression time = 0.001705 seconds.
decompressed data file: ../../CESM-ICE-MODELS/4/log_normalized/sz_1E-8/rain_1_384_320.dat.sz.out
  ✓ Compression and decompression successful (ratio: 1.71x)

[95/130] Processing: rain_ai_1_384_320.dat
compression time = 0.015296
compressed data file: ../../CESM-ICE-MODELS/4/log_normalized/rain_ai_1_384_320.dat.sz
Min=0, Max=1, range=1
Max absolute error = 0.0000000100
Max relative error = 0.000000
Max pw relative error = 5.773178
PSNR = 171.783594, NRMSE= 2.5752554582810356563E-09
normError = 0.000001, normErr_norm = 0.000000
acEff=1.000000
compressionRatio=6.163647
decompression time = 0.007607 seconds.
decompressed data file: ../../CESM-ICE-MODELS/4/log_normalized/sz_1E-8/rain_ai_1_384_320.dat.sz.out
  ✓ Compression and decompression successful (ratio: 6.16x)

[96/130] Processing: shear_1_384_320.dat
compression time = 0.016497
compressed data file: ../../CESM-ICE-MODELS/4/log_normalized/shear_1_384_320.dat.sz
Min=0, Max=1, range=1
Max absolute error = 0.0000000100
Max relative error = 0.000000
Max pw relative error = 0.000026
PSNR = 175.130280, NRMSE= 1.7518059628703855541E-09
normError = 0.000001, normErr_norm = 0.000000
acEff=1.000000
compressionRatio=4.983373
decompression time = 0.007012 seconds.
decompressed data file: ../../CESM-ICE-MODELS/4/log_normalized/sz_1E-8/shear_1_384_320.dat.sz.out
  ✓ Compression and decompression successful (ratio: 4.98x)

[97/130] Processing: sig1_1_384_320.dat
compression time = 0.015916
compressed data file: ../../CESM-ICE-MODELS/4/log_normalized/sig1_1_384_320.dat.sz
Min=0, Max=1, range=1
Max absolute error = 0.0000000098
Max relative error = 0.000000
Max pw relative error = 0.000099
PSNR = 178.238633, NRMSE= 1.2248090084729771992E-09
normError = 0.000000, normErr_norm = 0.000000
acEff=1.000000
compressionRatio=4.915987
decompression time = 0.006902 seconds.
decompressed data file: ../../CESM-ICE-MODELS/4/log_normalized/sz_1E-8/sig1_1_384_320.dat.sz.out
  ✓ Compression and decompression successful (ratio: 4.91x)

[98/130] Processing: sig2_1_384_320.dat
compression time = 0.017449
compressed data file: ../../CESM-ICE-MODELS/4/log_normalized/sig2_1_384_320.dat.sz
Min=0, Max=1, range=1
Max absolute error = 0.0000000100
Max relative error = 0.000000
Max pw relative error = 0.000099
PSNR = 178.741997, NRMSE= 1.1558465007603661488E-09
normError = 0.000000, normErr_norm = 0.000000
acEff=1.000000
compressionRatio=4.998017
decompression time = 0.007122 seconds.
decompressed data file: ../../CESM-ICE-MODELS/4/log_normalized/sz_1E-8/sig2_1_384_320.dat.sz.out
  ✓ Compression and decompression successful (ratio: 4.99x)

[99/130] Processing: snoice_1_384_320.dat
compression time = 0.016018
compressed data file: ../../CESM-ICE-MODELS/4/log_normalized/snoice_1_384_320.dat.sz
Min=0, Max=1, range=1
Max absolute error = 0.0000000100
Max relative error = 0.000000
Max pw relative error = 5.484049
PSNR = 172.078672, NRMSE= 2.4892379165382687999E-09
normError = 0.000001, normErr_norm = 0.000000
acEff=1.000000
compressionRatio=5.706524
decompression time = 0.006762 seconds.
decompressed data file: ../../CESM-ICE-MODELS/4/log_normalized/sz_1E-8/snoice_1_384_320.dat.sz.out
  ✓ Compression and decompression successful (ratio: 5.70x)

[100/130] Processing: snow_1_384_320.dat
compression time = 0.021160
compressed data file: ../../CESM-ICE-MODELS/4/log_normalized/snow_1_384_320.dat.sz
Min=0, Max=1, range=1
Max absolute error = 0.0000000100
Max relative error = 0.000000
Max pw relative error = 5.785504
PSNR = 168.303064, NRMSE= 3.8445613973405587438E-09
normError = 0.000001, normErr_norm = 0.000000
acEff=1.000000
compressionRatio=2.955072
decompression time = 0.009835 seconds.
decompressed data file: ../../CESM-ICE-MODELS/4/log_normalized/sz_1E-8/snow_1_384_320.dat.sz.out
  ✓ Compression and decompression successful (ratio: 2.95x)

[101/130] Processing: snow_ai_1_384_320.dat
compression time = 0.017831
compressed data file: ../../CESM-ICE-MODELS/4/log_normalized/snow_ai_1_384_320.dat.sz
Min=0, Max=1, range=1
Max absolute error = 0.0000000100
Max relative error = 0.000000
Max pw relative error = 5.760603
PSNR = 172.028692, NRMSE= 2.5036026549803849184E-09
normError = 0.000001, normErr_norm = 0.000000
acEff=1.000000
compressionRatio=4.640440
decompression time = 0.008617 seconds.
decompressed data file: ../../CESM-ICE-MODELS/4/log_normalized/sz_1E-8/snow_ai_1_384_320.dat.sz.out
  ✓ Compression and decompression successful (ratio: 4.64x)

[102/130] Processing: strairx_1_384_320.dat
compression time = 0.016973
compressed data file: ../../CESM-ICE-MODELS/4/log_normalized/strairx_1_384_320.dat.sz
Min=0, Max=1, range=1
Max absolute error = 0.0000000099
Max relative error = 0.000000
Max pw relative error = 0.000013
PSNR = 166.967381, NRMSE= 4.4836423911539253654E-09
normError = 0.000002, normErr_norm = 0.000000
acEff=1.000000
compressionRatio=5.052372
decompression time = 0.007727 seconds.
decompressed data file: ../../CESM-ICE-MODELS/4/log_normalized/sz_1E-8/strairx_1_384_320.dat.sz.out
  ✓ Compression and decompression successful (ratio: 5.05x)

[103/130] Processing: strairy_1_384_320.dat
compression time = 0.014835
compressed data file: ../../CESM-ICE-MODELS/4/log_normalized/strairy_1_384_320.dat.sz
Min=0, Max=1, range=1
Max absolute error = 0.0000000100
Max relative error = 0.000000
Max pw relative error = 0.000029
PSNR = 166.996758, NRMSE= 4.4685037270994956243E-09
normError = 0.000002, normErr_norm = 0.000000
acEff=1.000000
compressionRatio=5.409165
decompression time = 0.008097 seconds.
decompressed data file: ../../CESM-ICE-MODELS/4/log_normalized/sz_1E-8/strairy_1_384_320.dat.sz.out
  ✓ Compression and decompression successful (ratio: 5.40x)

[104/130] Processing: strcorx_1_384_320.dat
compression time = 0.014225
compressed data file: ../../CESM-ICE-MODELS/4/log_normalized/strcorx_1_384_320.dat.sz
Min=0, Max=1, range=1
Max absolute error = 0.0000000100
Max relative error = 0.000000
Max pw relative error = 0.004012
PSNR = 169.116288, NRMSE= 3.5009475838887836474E-09
normError = 0.000001, normErr_norm = 0.000000
acEff=1.000000
compressionRatio=7.668138
decompression time = 0.006864 seconds.
decompressed data file: ../../CESM-ICE-MODELS/4/log_normalized/sz_1E-8/strcorx_1_384_320.dat.sz.out
  ✓ Compression and decompression successful (ratio: 7.66x)

[105/130] Processing: strcory_1_384_320.dat
compression time = 0.013801
compressed data file: ../../CESM-ICE-MODELS/4/log_normalized/strcory_1_384_320.dat.sz
Min=0, Max=1, range=1
Max absolute error = 0.0000000100
Max relative error = 0.000000
Max pw relative error = 0.000453
PSNR = 169.770960, NRMSE= 3.2467735489022997309E-09
normError = 0.000001, normErr_norm = 0.000000
acEff=1.000000
compressionRatio=7.645714
decompression time = 0.007142 seconds.
decompressed data file: ../../CESM-ICE-MODELS/4/log_normalized/sz_1E-8/strcory_1_384_320.dat.sz.out
  ✓ Compression and decompression successful (ratio: 7.64x)

[106/130] Processing: strength_1_384_320.dat
compression time = 0.015444
compressed data file: ../../CESM-ICE-MODELS/4/log_normalized/strength_1_384_320.dat.sz
Min=0, Max=1, range=1
Max absolute error = 0.0000000100
Max relative error = 0.000000
Max pw relative error = 5.718887
PSNR = 174.651110, NRMSE= 1.8511623842430927447E-09
normError = 0.000001, normErr_norm = 0.000000
acEff=1.000000
compressionRatio=5.911458
decompression time = 0.006621 seconds.
decompressed data file: ../../CESM-ICE-MODELS/4/log_normalized/sz_1E-8/strength_1_384_320.dat.sz.out
  ✓ Compression and decompression successful (ratio: 5.91x)

[107/130] Processing: strintx_1_384_320.dat
compression time = 0.015113
compressed data file: ../../CESM-ICE-MODELS/4/log_normalized/strintx_1_384_320.dat.sz
Min=0, Max=1, range=1
Max absolute error = 0.0000000100
Max relative error = 0.000000
Max pw relative error = 0.000064
PSNR = 173.464351, NRMSE= 2.1221810799250268922E-09
normError = 0.000001, normErr_norm = 0.000000
acEff=1.000000
compressionRatio=7.215926
decompression time = 0.007058 seconds.
decompressed data file: ../../CESM-ICE-MODELS/4/log_normalized/sz_1E-8/strintx_1_384_320.dat.sz.out
  ✓ Compression and decompression successful (ratio: 7.21x)

[108/130] Processing: strinty_1_384_320.dat
compression time = 0.014794
compressed data file: ../../CESM-ICE-MODELS/4/log_normalized/strinty_1_384_320.dat.sz
Min=0, Max=1, range=1
Max absolute error = 0.0000000100
Max relative error = 0.000000
Max pw relative error = 0.000017
PSNR = 165.983067, NRMSE= 5.0216521978656641247E-09
normError = 0.000002, normErr_norm = 0.000000
acEff=1.000000
compressionRatio=6.655293
decompression time = 0.008009 seconds.
decompressed data file: ../../CESM-ICE-MODELS/4/log_normalized/sz_1E-8/strinty_1_384_320.dat.sz.out
  ✓ Compression and decompression successful (ratio: 6.65x)

[109/130] Processing: strocnx_1_384_320.dat
compression time = 0.016156
compressed data file: ../../CESM-ICE-MODELS/4/log_normalized/strocnx_1_384_320.dat.sz
Min=0, Max=1, range=1
Max absolute error = 0.0000000100
Max relative error = 0.000000
Max pw relative error = 0.000949
PSNR = 166.205216, NRMSE= 4.8948480438148220131E-09
normError = 0.000002, normErr_norm = 0.000000
acEff=1.000000
compressionRatio=5.233836
decompression time = 0.008745 seconds.
decompressed data file: ../../CESM-ICE-MODELS/4/log_normalized/sz_1E-8/strocnx_1_384_320.dat.sz.out
  ✓ Compression and decompression successful (ratio: 5.23x)

[110/130] Processing: strocny_1_384_320.dat
compression time = 0.017042
compressed data file: ../../CESM-ICE-MODELS/4/log_normalized/strocny_1_384_320.dat.sz
Min=0, Max=1, range=1
Max absolute error = 0.0000000100
Max relative error = 0.000000
Max pw relative error = 0.000205
PSNR = 168.945713, NRMSE= 3.570379348197103637E-09
normError = 0.000001, normErr_norm = 0.000000
acEff=1.000000
compressionRatio=5.388646
decompression time = 0.008198 seconds.
decompressed data file: ../../CESM-ICE-MODELS/4/log_normalized/sz_1E-8/strocny_1_384_320.dat.sz.out
  ✓ Compression and decompression successful (ratio: 5.38x)

[111/130] Processing: Tair_1_384_320.dat
compression time = 0.033780
compressed data file: ../../CESM-ICE-MODELS/4/log_normalized/Tair_1_384_320.dat.sz
Min=0, Max=1, range=1
Max absolute error = 0.0000000000
Max relative error = 0.000000
Max pw relative error = 0.000000
PSNR = inf, NRMSE= 0
normError = 0.000000, normErr_norm = 0.000000
acEff=1.000000
compressionRatio=1.721557
decompression time = 0.001761 seconds.
decompressed data file: ../../CESM-ICE-MODELS/4/log_normalized/sz_1E-8/Tair_1_384_320.dat.sz.out
  ✓ Compression and decompression successful (ratio: 1.72x)

[112/130] Processing: tarea_384_320.dat
compression time = 0.009755
compressed data file: ../../CESM-ICE-MODELS/4/log_normalized/tarea_384_320.dat.sz
Min=0, Max=1, range=1
Max absolute error = 0.0000000000
Max relative error = 0.000000
Max pw relative error = 0.000000
PSNR = inf, NRMSE= 0
normError = 0.000000, normErr_norm = 0.000000
acEff=1.000000
compressionRatio=2.582964
decompression time = 0.005775 seconds.
decompressed data file: ../../CESM-ICE-MODELS/4/log_normalized/sz_1E-8/tarea_384_320.dat.sz.out
  ✓ Compression and decompression successful (ratio: 2.58x)

[113/130] Processing: TLAT_384_320.dat
compression time = 0.010452
compressed data file: ../../CESM-ICE-MODELS/4/log_normalized/TLAT_384_320.dat.sz
Min=0, Max=1, range=1
Max absolute error = 0.0000000000
Max relative error = 0.000000
Max pw relative error = 0.000000
PSNR = inf, NRMSE= 0
normError = 0.000000, normErr_norm = 0.000000
acEff=1.000000
compressionRatio=2.467334
decompression time = 0.006411 seconds.
decompressed data file: ../../CESM-ICE-MODELS/4/log_normalized/sz_1E-8/TLAT_384_320.dat.sz.out
  ✓ Compression and decompression successful (ratio: 2.46x)

[114/130] Processing: TLON_384_320.dat
compression time = 0.009868
compressed data file: ../../CESM-ICE-MODELS/4/log_normalized/TLON_384_320.dat.sz
Min=0, Max=1, range=1
Max absolute error = 0.0000000000
Max relative error = 0.000000
Max pw relative error = 0.000000
PSNR = inf, NRMSE= 0
normError = 0.000000, normErr_norm = 0.000000
acEff=1.000000
compressionRatio=2.453993
decompression time = 0.001723 seconds.
decompressed data file: ../../CESM-ICE-MODELS/4/log_normalized/sz_1E-8/TLON_384_320.dat.sz.out
  ✓ Compression and decompression successful (ratio: 2.45x)

[115/130] Processing: tmask_384_320.dat
compression time = 0.013905
compressed data file: ../../CESM-ICE-MODELS/4/log_normalized/tmask_384_320.dat.sz
Min=0, Max=1, range=1
Max absolute error = 0.0000000000
Max relative error = 0.000000
Max pw relative error = 0.000000
PSNR = inf, NRMSE= 0
normError = 0.000000, normErr_norm = 0.000000
acEff=1.000000
compressionRatio=55.289089
decompression time = 0.006413 seconds.
decompressed data file: ../../CESM-ICE-MODELS/4/log_normalized/sz_1E-8/tmask_384_320.dat.sz.out
  ✓ Compression and decompression successful (ratio: 55.28x)

[116/130] Processing: transix_1_384_320.dat
compression time = 0.017454
compressed data file: ../../CESM-ICE-MODELS/4/log_normalized/transix_1_384_320.dat.sz
Min=0, Max=1, range=1
Max absolute error = 0.0000000000
Max relative error = 0.000000
Max pw relative error = 0.000000
PSNR = inf, NRMSE= 0
normError = 0.000000, normErr_norm = 0.000000
acEff=1.000000
compressionRatio=4.371243
decompression time = 0.008199 seconds.
decompressed data file: ../../CESM-ICE-MODELS/4/log_normalized/sz_1E-8/transix_1_384_320.dat.sz.out
  ✓ Compression and decompression successful (ratio: 4.37x)

[117/130] Processing: transiy_1_384_320.dat
compression time = 0.017391
compressed data file: ../../CESM-ICE-MODELS/4/log_normalized/transiy_1_384_320.dat.sz
Min=0, Max=1, range=1
Max absolute error = 0.0000000000
Max relative error = 0.000000
Max pw relative error = 0.000000
PSNR = inf, NRMSE= 0
normError = 0.000000, normErr_norm = 0.000000
acEff=1.000000
compressionRatio=4.641491
decompression time = 0.007156 seconds.
decompressed data file: ../../CESM-ICE-MODELS/4/log_normalized/sz_1E-8/transiy_1_384_320.dat.sz.out
  ✓ Compression and decompression successful (ratio: 4.64x)

[118/130] Processing: Tref_1_384_320.dat
compression time = 0.025089
compressed data file: ../../CESM-ICE-MODELS/4/log_normalized/Tref_1_384_320.dat.sz
Min=0, Max=1, range=1
Max absolute error = 0.0000000000
Max relative error = 0.000000
Max pw relative error = 0.000000
PSNR = inf, NRMSE= 0
normError = 0.000000, normErr_norm = 0.000000
acEff=1.000000
compressionRatio=1.726334
decompression time = 0.001911 seconds.
decompressed data file: ../../CESM-ICE-MODELS/4/log_normalized/sz_1E-8/Tref_1_384_320.dat.sz.out
  ✓ Compression and decompression successful (ratio: 1.72x)

[119/130] Processing: trsig_1_384_320.dat
compression time = 0.018365
compressed data file: ../../CESM-ICE-MODELS/4/log_normalized/trsig_1_384_320.dat.sz
Min=0, Max=1, range=1
Max absolute error = 0.0000000000
Max relative error = 0.000000
Max pw relative error = 0.000000
PSNR = inf, NRMSE= 0
normError = 0.000000, normErr_norm = 0.000000
acEff=1.000000
compressionRatio=6.410350
decompression time = 0.006880 seconds.
decompressed data file: ../../CESM-ICE-MODELS/4/log_normalized/sz_1E-8/trsig_1_384_320.dat.sz.out
  ✓ Compression and decompression successful (ratio: 6.41x)

[120/130] Processing: Tsfc_1_384_320.dat
compression time = 0.018214
compressed data file: ../../CESM-ICE-MODELS/4/log_normalized/Tsfc_1_384_320.dat.sz
Min=0, Max=1, range=1
Max absolute error = 0.0000000093
Max relative error = 0.000000
Max pw relative error = 0.000001
PSNR = 169.483794, NRMSE= 3.3559098761266611533E-09
normError = 0.000001, normErr_norm = 0.000000
acEff=1.000000
compressionRatio=3.494086
decompression time = 0.008305 seconds.
decompressed data file: ../../CESM-ICE-MODELS/4/log_normalized/sz_1E-8/Tsfc_1_384_320.dat.sz.out
  ✓ Compression and decompression successful (ratio: 3.49x)

[121/130] Processing: uarea_384_320.dat
compression time = 0.009836
compressed data file: ../../CESM-ICE-MODELS/4/log_normalized/uarea_384_320.dat.sz
Min=0, Max=1, range=1
Max absolute error = 0.0000000000
Max relative error = 0.000000
Max pw relative error = 0.000000
PSNR = inf, NRMSE= 0
normError = 0.000000, normErr_norm = 0.000000
acEff=1.000000
compressionRatio=2.575318
decompression time = 0.005897 seconds.
decompressed data file: ../../CESM-ICE-MODELS/4/log_normalized/sz_1E-8/uarea_384_320.dat.sz.out
  ✓ Compression and decompression successful (ratio: 2.57x)

[122/130] Processing: ULAT_384_320.dat
compression time = 0.009822
compressed data file: ../../CESM-ICE-MODELS/4/log_normalized/ULAT_384_320.dat.sz
Min=0, Max=1, range=1
Max absolute error = 0.0000000000
Max relative error = 0.000000
Max pw relative error = 0.000000
PSNR = inf, NRMSE= 0
normError = 0.000000, normErr_norm = 0.000000
acEff=1.000000
compressionRatio=2.476022
decompression time = 0.006360 seconds.
decompressed data file: ../../CESM-ICE-MODELS/4/log_normalized/sz_1E-8/ULAT_384_320.dat.sz.out
  ✓ Compression and decompression successful (ratio: 2.47x)

[123/130] Processing: ULON_384_320.dat
compression time = 0.010836
compressed data file: ../../CESM-ICE-MODELS/4/log_normalized/ULON_384_320.dat.sz
Min=0, Max=1, range=1
Max absolute error = 0.0000000000
Max relative error = 0.000000
Max pw relative error = 0.000000
PSNR = inf, NRMSE= 0
normError = 0.000000, normErr_norm = 0.000000
acEff=1.000000
compressionRatio=2.459297
decompression time = 0.001765 seconds.
decompressed data file: ../../CESM-ICE-MODELS/4/log_normalized/sz_1E-8/ULON_384_320.dat.sz.out
  ✓ Compression and decompression successful (ratio: 2.45x)

[124/130] Processing: uvel_1_384_320.dat
compression time = 0.020573
compressed data file: ../../CESM-ICE-MODELS/4/log_normalized/uvel_1_384_320.dat.sz
Min=0, Max=1, range=1
Max absolute error = 0.0000000075
Max relative error = 0.000000
Max pw relative error = 0.000000
PSNR = 169.492200, NRMSE= 3.3526635807246103248E-09
normError = 0.000001, normErr_norm = 0.000000
acEff=1.000000
compressionRatio=3.656408
decompression time = 0.008517 seconds.
decompressed data file: ../../CESM-ICE-MODELS/4/log_normalized/sz_1E-8/uvel_1_384_320.dat.sz.out
  ✓ Compression and decompression successful (ratio: 3.65x)

[125/130] Processing: vicen001_1_384_320.dat
compression time = 0.015304
compressed data file: ../../CESM-ICE-MODELS/4/log_normalized/vicen001_1_384_320.dat.sz
Min=0, Max=1, range=1
Max absolute error = 0.0000000100
Max relative error = 0.000000
Max pw relative error = 5.573215
PSNR = 172.400808, NRMSE= 2.3986097714229134648E-09
normError = 0.000001, normErr_norm = 0.000000
acEff=1.000000
compressionRatio=4.113758
decompression time = 0.007389 seconds.
decompressed data file: ../../CESM-ICE-MODELS/4/log_normalized/sz_1E-8/vicen001_1_384_320.dat.sz.out
  ✓ Compression and decompression successful (ratio: 4.11x)

[126/130] Processing: vicen002_1_384_320.dat
compression time = 0.018269
compressed data file: ../../CESM-ICE-MODELS/4/log_normalized/vicen002_1_384_320.dat.sz
Min=0, Max=1, range=1
Max absolute error = 0.0000000100
Max relative error = 0.000000
Max pw relative error = 5.675457
PSNR = 172.189449, NRMSE= 2.4576924366988137144E-09
normError = 0.000001, normErr_norm = 0.000000
acEff=1.000000
compressionRatio=4.137861
decompression time = 0.006908 seconds.
decompressed data file: ../../CESM-ICE-MODELS/4/log_normalized/sz_1E-8/vicen002_1_384_320.dat.sz.out
  ✓ Compression and decompression successful (ratio: 4.13x)

[127/130] Processing: vicen003_1_384_320.dat
compression time = 0.016811
compressed data file: ../../CESM-ICE-MODELS/4/log_normalized/vicen003_1_384_320.dat.sz
Min=0, Max=1, range=1
Max absolute error = 0.0000000100
Max relative error = 0.000000
Max pw relative error = 5.359078
PSNR = 172.247668, NRMSE= 2.4412743443311107449E-09
normError = 0.000001, normErr_norm = 0.000000
acEff=1.000000
compressionRatio=4.513416
decompression time = 0.007048 seconds.
decompressed data file: ../../CESM-ICE-MODELS/4/log_normalized/sz_1E-8/vicen003_1_384_320.dat.sz.out
  ✓ Compression and decompression successful (ratio: 4.51x)

[128/130] Processing: vicen004_1_384_320.dat
compression time = 0.017895
compressed data file: ../../CESM-ICE-MODELS/4/log_normalized/vicen004_1_384_320.dat.sz
Min=0, Max=1, range=1
Max absolute error = 0.0000000100
Max relative error = 0.000000
Max pw relative error = 5.617098
PSNR = 172.027516, NRMSE= 2.5039416427848828288E-09
normError = 0.000001, normErr_norm = 0.000000
acEff=1.000000
compressionRatio=4.352623
decompression time = 0.008446 seconds.
decompressed data file: ../../CESM-ICE-MODELS/4/log_normalized/sz_1E-8/vicen004_1_384_320.dat.sz.out
  ✓ Compression and decompression successful (ratio: 4.35x)

[129/130] Processing: vicen005_1_384_320.dat
compression time = 0.016709
compressed data file: ../../CESM-ICE-MODELS/4/log_normalized/vicen005_1_384_320.dat.sz
Min=0, Max=1, range=1
Max absolute error = 0.0000000100
Max relative error = 0.000000
Max pw relative error = 5.762464
PSNR = 172.502327, NRMSE= 2.3707383947995096273E-09
normError = 0.000001, normErr_norm = 0.000000
acEff=1.000000
compressionRatio=4.387749
decompression time = 0.007358 seconds.
decompressed data file: ../../CESM-ICE-MODELS/4/log_normalized/sz_1E-8/vicen005_1_384_320.dat.sz.out
  ✓ Compression and decompression successful (ratio: 4.38x)

[130/130] Processing: vvel_1_384_320.dat
compression time = 0.018754
compressed data file: ../../CESM-ICE-MODELS/4/log_normalized/vvel_1_384_320.dat.sz
Min=0, Max=1, range=1
Max absolute error = 0.0000000075
Max relative error = 0.000000
Max pw relative error = 0.000000
PSNR = 172.301399, NRMSE= 2.4262193161869118158E-09
normError = 0.000001, normErr_norm = 0.000000
acEff=1.000000
compressionRatio=3.724398
decompression time = 0.007761 seconds.
decompressed data file: ../../CESM-ICE-MODELS/4/log_normalized/sz_1E-8/vvel_1_384_320.dat.sz.out
  ✓ Compression and decompression successful (ratio: 3.72x)

=== Summary ===
Total files processed: 130
Total files skipped: 0
Total files failed: 0

