Found 60 .dat file(s) to process

[1/60] Processing: AEROD_v_1_1800_3600.dat
  False Negatives: 39085
  False Positives: 186375
  False Types: 2308
  Grand Total: 227768

[2/60] Processing: CLDHGH_1_1800_3600.dat
  False Negatives: 23516
  False Positives: 61116
  False Types: 962
  Grand Total: 85594

[3/60] Processing: CLDLOW_1_1800_3600.dat
  False Negatives: 12737
  False Positives: 118007
  False Types: 917
  Grand Total: 131661

[4/60] Processing: CLDMED_1_1800_3600.dat
  False Negatives: 24895
  False Positives: 121990
  False Types: 1541
  Grand Total: 148426

[5/60] Processing: CLDTOT_1_1800_3600.dat
  False Negatives: 13586
  False Positives: 41704
  False Types: 808
  Grand Total: 56098

[6/60] Processing: FLDS_1_1800_3600.dat
  False Negatives: 200
  False Positives: 472
  False Types: 2
  Grand Total: 674

[7/60] Processing: FLDSC_1_1800_3600.dat
  False Negatives: 73
  False Positives: 968
  False Types: 4
  Grand Total: 1045

[8/60] Processing: FLNS_1_1800_3600.dat
  False Negatives: 254
  False Positives: 470
  False Types: 12
  Grand Total: 736

[9/60] Processing: FLNSC_1_1800_3600.dat
  False Negatives: 264
  False Positives: 555
  False Types: 11
  Grand Total: 830

[10/60] Processing: FLNT_1_1800_3600.dat
  False Negatives: 213
  False Positives: 803
  False Types: 7
  Grand Total: 1023

[11/60] Processing: FLNTC_1_1800_3600.dat
  False Negatives: 140
  False Positives: 481
  False Types: 4
  Grand Total: 625

[12/60] Processing: FLUT_1_1800_3600.dat
  False Negatives: 237
  False Positives: 798
  False Types: 10
  Grand Total: 1045

[13/60] Processing: FLUTC_1_1800_3600.dat
  False Negatives: 159
  False Positives: 506
  False Types: 5
  Grand Total: 670

[14/60] Processing: FREQSH_1_1800_3600.dat
  False Negatives: 10029
  False Positives: 49966
  False Types: 790
  Grand Total: 60785

[15/60] Processing: FREQZM_1_1800_3600.dat
  False Negatives: 13989
  False Positives: 435550
  False Types: 751
  Grand Total: 450290

[16/60] Processing: FSDS_1_1800_3600.dat
  False Negatives: 47
  False Positives: 1677
  False Types: 0
  Grand Total: 1724

[17/60] Processing: FSDSC_1_1800_3600.dat
  False Negatives: 92
  False Positives: 6996
  False Types: 2
  Grand Total: 7090

[18/60] Processing: FSDTOA_1_1800_3600.dat
  False Negatives: 28
  False Positives: 3768
  False Types: 1
  Grand Total: 3797

[19/60] Processing: FSNS_1_1800_3600.dat
  False Negatives: 57
  False Positives: 1326
  False Types: 0
  Grand Total: 1383

[20/60] Processing: FSNSC_1_1800_3600.dat
  False Negatives: 98
  False Positives: 8040
  False Types: 1
  Grand Total: 8139

[21/60] Processing: FSNT_1_1800_3600.dat
  False Negatives: 43
  False Positives: 1630
  False Types: 0
  Grand Total: 1673

[22/60] Processing: FSNTC_1_1800_3600.dat
  False Negatives: 81
  False Positives: 9461
  False Types: 1
  Grand Total: 9543

[23/60] Processing: FSNTOA_1_1800_3600.dat
  False Negatives: 53
  False Positives: 1825
  False Types: 0
  Grand Total: 1878

[24/60] Processing: FSNTOAC_1_1800_3600.dat
  False Negatives: 66
  False Positives: 6112
  False Types: 2
  Grand Total: 6180

[25/60] Processing: FSUTOA_1_1800_3600.dat
  False Negatives: 50
  False Positives: 1634
  False Types: 0
  Grand Total: 1684

[26/60] Processing: ICEFRAC_1_1800_3600.dat
  False Negatives: 2185
  False Positives: 404550
  False Types: 396
  Grand Total: 407131

[27/60] Processing: LANDFRAC_1_1800_3600.dat
  False Negatives: 148
  False Positives: 745197
  False Types: 6
  Grand Total: 745351

[28/60] Processing: LHFLX_1_1800_3600.dat
  False Negatives: 494
  False Positives: 2481
  False Types: 45
  Grand Total: 3020

[29/60] Processing: LWCF_1_1800_3600.dat
  False Negatives: 476
  False Positives: 1452
  False Types: 34
  Grand Total: 1962

[30/60] Processing: OCNFRAC_1_1800_3600.dat
  False Negatives: 2404
  False Positives: 1296157
  False Types: 397
  Grand Total: 1298958

[31/60] Processing: ODV_bcar1_1_1800_3600.dat
  False Negatives: 2944
  False Positives: 46758
  False Types: 23
  Grand Total: 49725

[32/60] Processing: ODV_bcar2_1_1800_3600.dat
  False Negatives: 2792
  False Positives: 61816
  False Types: 19
  Grand Total: 64627

[33/60] Processing: ODV_dust1_1_1800_3600.dat
  False Negatives: 2425
  False Positives: 328331
  False Types: 81
  Grand Total: 330837

[34/60] Processing: ODV_dust2_1_1800_3600.dat
  False Negatives: 2283
  False Positives: 329271
  False Types: 99
  Grand Total: 331653

[35/60] Processing: ODV_dust3_1_1800_3600.dat
  False Negatives: 2359
  False Positives: 272806
  False Types: 77
  Grand Total: 275242

[36/60] Processing: ODV_dust4_1_1800_3600.dat
  False Negatives: 1908
  False Positives: 271421
  False Types: 58
  Grand Total: 273387

[37/60] Processing: ODV_ocar1_1_1800_3600.dat
  False Negatives: 3283
  False Positives: 50032
  False Types: 27
  Grand Total: 53342

[38/60] Processing: ODV_ocar2_1_1800_3600.dat
  False Negatives: 58984
  False Positives: 554764
  False Types: 3778
  Grand Total: 617526

[39/60] Processing: ODV_SSLTA_1_1800_3600.dat
  False Negatives: 49668
  False Positives: 447370
  False Types: 2636
  Grand Total: 499674

[40/60] Processing: ODV_SSLTC_1_1800_3600.dat
  False Negatives: 57359
  False Positives: 671922
  False Types: 4362
  Grand Total: 733643

[41/60] Processing: ODV_sulf_1_1800_3600.dat
  False Negatives: 66277
  False Positives: 515603
  False Types: 3011
  Grand Total: 584891

[42/60] Processing: QREFHT_1_1800_3600.dat
  False Negatives: 11564
  False Positives: 1108938
  False Types: 1261
  Grand Total: 1121763

[43/60] Processing: RHREFHT_1_1800_3600.dat
  False Negatives: 438
  False Positives: 1143
  False Types: 18
  Grand Total: 1599

[44/60] Processing: SHFLX_1_1800_3600.dat
  False Negatives: 253
  False Positives: 457
  False Types: 14
  Grand Total: 724

[45/60] Processing: SNOWHICE_1_1800_3600.dat
  False Negatives: 3704
  False Positives: 186519
  False Types: 182
  Grand Total: 190405

[46/60] Processing: SOLIN_1_1800_3600.dat
  False Negatives: 28
  False Positives: 3768
  False Types: 1
  Grand Total: 3797

[47/60] Processing: SRFRAD_1_1800_3600.dat
  False Negatives: 97
  False Positives: 133
  False Types: 2
  Grand Total: 232

[48/60] Processing: SWCF_1_1800_3600.dat
  False Negatives: 395
  False Positives: 2088
  False Types: 19
  Grand Total: 2502

[49/60] Processing: TAUX_1_1800_3600.dat
  False Negatives: 5968
  False Positives: 54832
  False Types: 451
  Grand Total: 61251

[50/60] Processing: TAUY_1_1800_3600.dat
  False Negatives: 9204
  False Positives: 113153
  False Types: 513
  Grand Total: 122870

[51/60] Processing: TGCLDIWP_1_1800_3600.dat
  False Negatives: 343
  False Positives: 698
  False Types: 13
  Grand Total: 1054

[52/60] Processing: TGCLDLWP_1_1800_3600.dat
  False Negatives: 48
  False Positives: 67
  False Types: 2
  Grand Total: 117

[53/60] Processing: TMQ_1_1800_3600.dat
  False Negatives: 258
  False Positives: 4756
  False Types: 28
  Grand Total: 5042

[54/60] Processing: TREFHT_1_1800_3600.dat
  False Negatives: 216
  False Positives: 1194
  False Types: 4
  Grand Total: 1414

[55/60] Processing: TREFMNAV_1_1800_3600.dat
  False Negatives: 332
  False Positives: 1323
  False Types: 7
  Grand Total: 1662

[56/60] Processing: TREFMXAV_1_1800_3600.dat
  False Negatives: 297
  False Positives: 1092
  False Types: 12
  Grand Total: 1401

[57/60] Processing: TROP_T_1_1800_3600.dat
  False Negatives: 441
  False Positives: 716
  False Types: 11
  Grand Total: 1168

[58/60] Processing: TS_1_1800_3600.dat
  False Negatives: 212
  False Positives: 1010
  False Types: 7
  Grand Total: 1229

[59/60] Processing: TSMN_1_1800_3600.dat
  False Negatives: 213
  False Positives: 827
  False Types: 9
  Grand Total: 1049

[60/60] Processing: TSMX_1_1800_3600.dat
  False Negatives: 567
  False Positives: 1979
  False Types: 23
  Grand Total: 2569

=== Summary ===
Total files processed: 60
Total files failed: 0
Total false cases across all files: 9003178
Average false cases per file: 150052.96
