Input directory: ../../CESM-CLIMATE-65G/4/log_normalized
Output directory: ../../CESM-CLIMATE-65G/4/log_normalized/sz_1E-8
Dimensions: 768x1152
Error bound: 1E-8
SZ config: sz.config

Found 90 .dat file(s) to process

[1/90] Processing: AEROD_v_1_768_1152.dat
compression time = 0.067172
compressed data file: ../../CESM-CLIMATE-65G/4/log_normalized/AEROD_v_1_768_1152.dat.sz
Min=0, Max=1, range=1
Max absolute error = 0.0000000000
Max relative error = 0.000000
Max pw relative error = 0.000000
PSNR = inf, NRMSE= 0
normError = 0.000000, normErr_norm = 0.000000
acEff=1.000000
compressionRatio=1.155164
decompression time = 0.012884 seconds.
decompressed data file: ../../CESM-CLIMATE-65G/4/log_normalized/sz_1E-8/AEROD_v_1_768_1152.dat.sz.out
  ✓ Compression and decompression successful (ratio: 1.15x)

[2/90] Processing: cb_ozone_c_1_768_1152.dat
compression time = 0.051198
compressed data file: ../../CESM-CLIMATE-65G/4/log_normalized/cb_ozone_c_1_768_1152.dat.sz
Min=0, Max=1, range=1
Max absolute error = 0.0000000098
Max relative error = 0.000000
Max pw relative error = 0.000005
PSNR = 173.775404, NRMSE= 2.0475278663459400707E-09
normError = 0.000002, normErr_norm = 0.000000
acEff=1.000000
compressionRatio=2.026030
decompression time = 0.029633 seconds.
decompressed data file: ../../CESM-CLIMATE-65G/4/log_normalized/sz_1E-8/cb_ozone_c_1_768_1152.dat.sz.out
  ✓ Compression and decompression successful (ratio: 2.02x)

[3/90] Processing: cb_sulf_c_1_768_1152.dat
compression time = 0.042319
compressed data file: ../../CESM-CLIMATE-65G/4/log_normalized/cb_sulf_c_1_768_1152.dat.sz
Min=0, Max=1, range=1
Max absolute error = 0.0000000098
Max relative error = 0.000000
Max pw relative error = 0.000003
PSNR = 168.395597, NRMSE= 3.8038217062973995462E-09
normError = 0.000004, normErr_norm = 0.000000
acEff=1.000000
compressionRatio=9.342415
decompression time = 0.019818 seconds.
decompressed data file: ../../CESM-CLIMATE-65G/4/log_normalized/sz_1E-8/cb_sulf_c_1_768_1152.dat.sz.out
  ✓ Compression and decompression successful (ratio: 9.34x)

[4/90] Processing: CLDHGH_1_768_1152.dat
compression time = 0.040231
compressed data file: ../../CESM-CLIMATE-65G/4/log_normalized/CLDHGH_1_768_1152.dat.sz
Min=0, Max=1, range=1
Max absolute error = 0.0000000000
Max relative error = 0.000000
Max pw relative error = 0.000000
PSNR = inf, NRMSE= 0
normError = 0.000000, normErr_norm = 0.000000
acEff=1.000000
compressionRatio=1.148350
decompression time = 0.012212 seconds.
decompressed data file: ../../CESM-CLIMATE-65G/4/log_normalized/sz_1E-8/CLDHGH_1_768_1152.dat.sz.out
  ✓ Compression and decompression successful (ratio: 1.14x)

[5/90] Processing: CLDLOW_1_768_1152.dat
compression time = 0.047430
compressed data file: ../../CESM-CLIMATE-65G/4/log_normalized/CLDLOW_1_768_1152.dat.sz
Min=0, Max=1, range=1
Max absolute error = 0.0000000000
Max relative error = 0.000000
Max pw relative error = 0.000000
PSNR = inf, NRMSE= 0
normError = 0.000000, normErr_norm = 0.000000
acEff=1.000000
compressionRatio=1.203628
decompression time = 0.012982 seconds.
decompressed data file: ../../CESM-CLIMATE-65G/4/log_normalized/sz_1E-8/CLDLOW_1_768_1152.dat.sz.out
  ✓ Compression and decompression successful (ratio: 1.20x)

[6/90] Processing: CLDMED_1_768_1152.dat
compression time = 0.051500
compressed data file: ../../CESM-CLIMATE-65G/4/log_normalized/CLDMED_1_768_1152.dat.sz
Min=0, Max=1, range=1
Max absolute error = 0.0000000000
Max relative error = 0.000000
Max pw relative error = 0.000000
PSNR = inf, NRMSE= 0
normError = 0.000000, normErr_norm = 0.000000
acEff=1.000000
compressionRatio=1.166275
decompression time = 0.012753 seconds.
decompressed data file: ../../CESM-CLIMATE-65G/4/log_normalized/sz_1E-8/CLDMED_1_768_1152.dat.sz.out
  ✓ Compression and decompression successful (ratio: 1.16x)

[7/90] Processing: CLDTOT_1_768_1152.dat
compression time = 0.039866
compressed data file: ../../CESM-CLIMATE-65G/4/log_normalized/CLDTOT_1_768_1152.dat.sz
Min=0, Max=1, range=1
Max absolute error = 0.0000000000
Max relative error = 0.000000
Max pw relative error = 0.000000
PSNR = inf, NRMSE= 0
normError = 0.000000, normErr_norm = 0.000000
acEff=1.000000
compressionRatio=1.157441
decompression time = 0.012177 seconds.
decompressed data file: ../../CESM-CLIMATE-65G/4/log_normalized/sz_1E-8/CLDTOT_1_768_1152.dat.sz.out
  ✓ Compression and decompression successful (ratio: 1.15x)

[8/90] Processing: FLDS_1_768_1152.dat
compression time = 0.063174
compressed data file: ../../CESM-CLIMATE-65G/4/log_normalized/FLDS_1_768_1152.dat.sz
Min=0, Max=1, range=1
Max absolute error = 0.0000000000
Max relative error = 0.000000
Max pw relative error = 0.000000
PSNR = inf, NRMSE= 0
normError = 0.000000, normErr_norm = 0.000000
acEff=1.000000
compressionRatio=1.417956
decompression time = 0.058868 seconds.
decompressed data file: ../../CESM-CLIMATE-65G/4/log_normalized/sz_1E-8/FLDS_1_768_1152.dat.sz.out
  ✓ Compression and decompression successful (ratio: 1.41x)

[9/90] Processing: FLDSC_1_768_1152.dat
compression time = 0.055495
compressed data file: ../../CESM-CLIMATE-65G/4/log_normalized/FLDSC_1_768_1152.dat.sz
Min=0, Max=1, range=1
Max absolute error = 0.0000000093
Max relative error = 0.000000
Max pw relative error = 0.000010
PSNR = 203.735285, NRMSE= 6.5048272485135815303E-11
normError = 0.000000, normErr_norm = 0.000000
acEff=1.000000
compressionRatio=1.506460
decompression time = 0.062000 seconds.
decompressed data file: ../../CESM-CLIMATE-65G/4/log_normalized/sz_1E-8/FLDSC_1_768_1152.dat.sz.out
  ✓ Compression and decompression successful (ratio: 1.50x)

[10/90] Processing: FLNS_1_768_1152.dat
compression time = 0.050064
compressed data file: ../../CESM-CLIMATE-65G/4/log_normalized/FLNS_1_768_1152.dat.sz
Min=0, Max=1, range=1
Max absolute error = 0.0000000000
Max relative error = 0.000000
Max pw relative error = 0.000000
PSNR = inf, NRMSE= 0
normError = 0.000000, normErr_norm = 0.000000
acEff=1.000000
compressionRatio=1.225216
decompression time = 0.011745 seconds.
decompressed data file: ../../CESM-CLIMATE-65G/4/log_normalized/sz_1E-8/FLNS_1_768_1152.dat.sz.out
  ✓ Compression and decompression successful (ratio: 1.22x)

[11/90] Processing: FLNSC_1_768_1152.dat
compression time = 0.053941
compressed data file: ../../CESM-CLIMATE-65G/4/log_normalized/FLNSC_1_768_1152.dat.sz
Min=0, Max=1, range=1
Max absolute error = 0.0000000000
Max relative error = 0.000000
Max pw relative error = 0.000000
PSNR = inf, NRMSE= 0
normError = 0.000000, normErr_norm = 0.000000
acEff=1.000000
compressionRatio=1.222554
decompression time = 0.012734 seconds.
decompressed data file: ../../CESM-CLIMATE-65G/4/log_normalized/sz_1E-8/FLNSC_1_768_1152.dat.sz.out
  ✓ Compression and decompression successful (ratio: 1.22x)

[12/90] Processing: FLNT_1_768_1152.dat
compression time = 0.046103
compressed data file: ../../CESM-CLIMATE-65G/4/log_normalized/FLNT_1_768_1152.dat.sz
Min=0, Max=1, range=1
Max absolute error = 0.0000000075
Max relative error = 0.000000
Max pw relative error = 0.000000
PSNR = 217.937696, NRMSE= 1.2679881782773916606E-11
normError = 0.000000, normErr_norm = 0.000000
acEff=1.000000
compressionRatio=1.292511
decompression time = 0.038491 seconds.
decompressed data file: ../../CESM-CLIMATE-65G/4/log_normalized/sz_1E-8/FLNT_1_768_1152.dat.sz.out
  ✓ Compression and decompression successful (ratio: 1.29x)

[13/90] Processing: FLNTC_1_768_1152.dat
compression time = 0.060856
compressed data file: ../../CESM-CLIMATE-65G/4/log_normalized/FLNTC_1_768_1152.dat.sz
Min=0, Max=1, range=1
Max absolute error = 0.0000000075
Max relative error = 0.000000
Max pw relative error = 0.000000
PSNR = 215.740445, NRMSE= 1.6329682190168594109E-11
normError = 0.000000, normErr_norm = 0.000000
acEff=1.000000
compressionRatio=1.599504
decompression time = 0.065396 seconds.
decompressed data file: ../../CESM-CLIMATE-65G/4/log_normalized/sz_1E-8/FLNTC_1_768_1152.dat.sz.out
  ✓ Compression and decompression successful (ratio: 1.59x)

[14/90] Processing: FLUT_1_768_1152.dat
compression time = 0.052493
compressed data file: ../../CESM-CLIMATE-65G/4/log_normalized/FLUT_1_768_1152.dat.sz
Min=0, Max=1, range=1
Max absolute error = 0.0000000075
Max relative error = 0.000000
Max pw relative error = 0.000000
PSNR = 215.986803, NRMSE= 1.5873030187076931827E-11
normError = 0.000000, normErr_norm = 0.000000
acEff=1.000000
compressionRatio=1.293483
decompression time = 0.039866 seconds.
decompressed data file: ../../CESM-CLIMATE-65G/4/log_normalized/sz_1E-8/FLUT_1_768_1152.dat.sz.out
  ✓ Compression and decompression successful (ratio: 1.29x)

[15/90] Processing: FLUTC_1_768_1152.dat
compression time = 0.050561
compressed data file: ../../CESM-CLIMATE-65G/4/log_normalized/FLUTC_1_768_1152.dat.sz
Min=0, Max=1, range=1
Max absolute error = 0.0000000075
Max relative error = 0.000000
Max pw relative error = 0.000000
PSNR = 217.253122, NRMSE= 1.3719677249639984166E-11
normError = 0.000000, normErr_norm = 0.000000
acEff=1.000000
compressionRatio=1.598947
decompression time = 0.065172 seconds.
decompressed data file: ../../CESM-CLIMATE-65G/4/log_normalized/sz_1E-8/FLUTC_1_768_1152.dat.sz.out
  ✓ Compression and decompression successful (ratio: 1.59x)

[16/90] Processing: FREQSH_1_768_1152.dat
compression time = 0.073749
compressed data file: ../../CESM-CLIMATE-65G/4/log_normalized/FREQSH_1_768_1152.dat.sz
Min=0, Max=1, range=1
Max absolute error = 0.0000000000
Max relative error = 0.000000
Max pw relative error = 0.000000
PSNR = inf, NRMSE= 0
normError = 0.000000, normErr_norm = 0.000000
acEff=1.000000
compressionRatio=1.782635
decompression time = 0.013766 seconds.
decompressed data file: ../../CESM-CLIMATE-65G/4/log_normalized/sz_1E-8/FREQSH_1_768_1152.dat.sz.out
  ✓ Compression and decompression successful (ratio: 1.78x)

[17/90] Processing: FREQZM_1_768_1152.dat
compression time = 0.061016
compressed data file: ../../CESM-CLIMATE-65G/4/log_normalized/FREQZM_1_768_1152.dat.sz
Min=0, Max=1, range=1
Max absolute error = 0.0000000100
Max relative error = 0.000000
Max pw relative error = 0.000019
PSNR = 177.934945, NRMSE= 1.2683898496152023564E-09
normError = 0.000001, normErr_norm = 0.000000
acEff=1.000000
compressionRatio=2.261128
decompression time = 0.024481 seconds.
decompressed data file: ../../CESM-CLIMATE-65G/4/log_normalized/sz_1E-8/FREQZM_1_768_1152.dat.sz.out
  ✓ Compression and decompression successful (ratio: 2.26x)

[18/90] Processing: FSDS_1_768_1152.dat
compression time = 0.048403
compressed data file: ../../CESM-CLIMATE-65G/4/log_normalized/FSDS_1_768_1152.dat.sz
Min=0, Max=1, range=1
Max absolute error = 0.0000000000
Max relative error = 0.000000
Max pw relative error = 0.000000
PSNR = inf, NRMSE= 0
normError = 0.000000, normErr_norm = 0.000000
acEff=1.000000
compressionRatio=1.234050
decompression time = 0.013219 seconds.
decompressed data file: ../../CESM-CLIMATE-65G/4/log_normalized/sz_1E-8/FSDS_1_768_1152.dat.sz.out
  ✓ Compression and decompression successful (ratio: 1.23x)

[19/90] Processing: FSDSC_1_768_1152.dat
compression time = 0.053690
compressed data file: ../../CESM-CLIMATE-65G/4/log_normalized/FSDSC_1_768_1152.dat.sz
Min=0, Max=1, range=1
Max absolute error = 0.0000000099
Max relative error = 0.000000
Max pw relative error = 0.000045
PSNR = 185.696750, NRMSE= 5.1899417027238835193E-10
normError = 0.000000, normErr_norm = 0.000000
acEff=1.000000
compressionRatio=1.708404
decompression time = 0.079247 seconds.
decompressed data file: ../../CESM-CLIMATE-65G/4/log_normalized/sz_1E-8/FSDSC_1_768_1152.dat.sz.out
  ✓ Compression and decompression successful (ratio: 1.70x)

[20/90] Processing: FSDTOA_1_768_1152.dat
compression time = 0.027288
compressed data file: ../../CESM-CLIMATE-65G/4/log_normalized/FSDTOA_1_768_1152.dat.sz
Min=0, Max=1, range=1
Max absolute error = 0.0000000100
Max relative error = 0.000000
Max pw relative error = 0.037041
PSNR = 188.039656, NRMSE= 3.9629373911041636144E-10
normError = 0.000000, normErr_norm = 0.000000
acEff=1.000000
compressionRatio=3.490847
decompression time = 0.026304 seconds.
decompressed data file: ../../CESM-CLIMATE-65G/4/log_normalized/sz_1E-8/FSDTOA_1_768_1152.dat.sz.out
  ✓ Compression and decompression successful (ratio: 3.49x)

[21/90] Processing: FSNS_1_768_1152.dat
compression time = 0.065309
compressed data file: ../../CESM-CLIMATE-65G/4/log_normalized/FSNS_1_768_1152.dat.sz
Min=0, Max=1, range=1
Max absolute error = 0.0000000000
Max relative error = 0.000000
Max pw relative error = 0.000000
PSNR = inf, NRMSE= 0
normError = 0.000000, normErr_norm = 0.000000
acEff=1.000000
compressionRatio=1.220943
decompression time = 0.011814 seconds.
decompressed data file: ../../CESM-CLIMATE-65G/4/log_normalized/sz_1E-8/FSNS_1_768_1152.dat.sz.out
  ✓ Compression and decompression successful (ratio: 1.22x)

[22/90] Processing: FSNSC_1_768_1152.dat
compression time = 0.079725
compressed data file: ../../CESM-CLIMATE-65G/4/log_normalized/FSNSC_1_768_1152.dat.sz
Min=0, Max=1, range=1
Max absolute error = 0.0000000000
Max relative error = 0.000000
Max pw relative error = 0.000000
PSNR = inf, NRMSE= 0
normError = 0.000000, normErr_norm = 0.000000
acEff=1.000000
compressionRatio=1.268602
decompression time = 0.013098 seconds.
decompressed data file: ../../CESM-CLIMATE-65G/4/log_normalized/sz_1E-8/FSNSC_1_768_1152.dat.sz.out
  ✓ Compression and decompression successful (ratio: 1.26x)

[23/90] Processing: FSNT_1_768_1152.dat
compression time = 0.067957
compressed data file: ../../CESM-CLIMATE-65G/4/log_normalized/FSNT_1_768_1152.dat.sz
Min=0, Max=1, range=1
Max absolute error = 0.0000000000
Max relative error = 0.000000
Max pw relative error = 0.000000
PSNR = inf, NRMSE= 0
normError = 0.000000, normErr_norm = 0.000000
acEff=1.000000
compressionRatio=1.247451
decompression time = 0.012926 seconds.
decompressed data file: ../../CESM-CLIMATE-65G/4/log_normalized/sz_1E-8/FSNT_1_768_1152.dat.sz.out
  ✓ Compression and decompression successful (ratio: 1.24x)

[24/90] Processing: FSNTC_1_768_1152.dat
compression time = 0.067677
compressed data file: ../../CESM-CLIMATE-65G/4/log_normalized/FSNTC_1_768_1152.dat.sz
Min=0, Max=1, range=1
Max absolute error = 0.0000000099
Max relative error = 0.000000
Max pw relative error = 0.000158
PSNR = 184.454840, NRMSE= 5.9876721885988632643E-10
normError = 0.000001, normErr_norm = 0.000000
acEff=1.000000
compressionRatio=1.507735
decompression time = 0.072352 seconds.
decompressed data file: ../../CESM-CLIMATE-65G/4/log_normalized/sz_1E-8/FSNTC_1_768_1152.dat.sz.out
  ✓ Compression and decompression successful (ratio: 1.50x)

[25/90] Processing: FSNTOA_1_768_1152.dat
compression time = 0.066050
compressed data file: ../../CESM-CLIMATE-65G/4/log_normalized/FSNTOA_1_768_1152.dat.sz
Min=0, Max=1, range=1
Max absolute error = 0.0000000000
Max relative error = 0.000000
Max pw relative error = 0.000000
PSNR = inf, NRMSE= 0
normError = 0.000000, normErr_norm = 0.000000
acEff=1.000000
compressionRatio=1.248277
decompression time = 0.012470 seconds.
decompressed data file: ../../CESM-CLIMATE-65G/4/log_normalized/sz_1E-8/FSNTOA_1_768_1152.dat.sz.out
  ✓ Compression and decompression successful (ratio: 1.24x)

[26/90] Processing: FSNTOAC_1_768_1152.dat
compression time = 0.067823
compressed data file: ../../CESM-CLIMATE-65G/4/log_normalized/FSNTOAC_1_768_1152.dat.sz
Min=0, Max=1, range=1
Max absolute error = 0.0000000098
Max relative error = 0.000000
Max pw relative error = 0.000062
PSNR = 184.497998, NRMSE= 5.9579945055917045512E-10
normError = 0.000001, normErr_norm = 0.000000
acEff=1.000000
compressionRatio=1.512261
decompression time = 0.062892 seconds.
decompressed data file: ../../CESM-CLIMATE-65G/4/log_normalized/sz_1E-8/FSNTOAC_1_768_1152.dat.sz.out
  ✓ Compression and decompression successful (ratio: 1.51x)

[27/90] Processing: FSUTOA_1_768_1152.dat
compression time = 0.053698
compressed data file: ../../CESM-CLIMATE-65G/4/log_normalized/FSUTOA_1_768_1152.dat.sz
Min=0, Max=1, range=1
Max absolute error = 0.0000000000
Max relative error = 0.000000
Max pw relative error = 0.000000
PSNR = inf, NRMSE= 0
normError = 0.000000, normErr_norm = 0.000000
acEff=1.000000
compressionRatio=1.230355
decompression time = 0.013558 seconds.
decompressed data file: ../../CESM-CLIMATE-65G/4/log_normalized/sz_1E-8/FSUTOA_1_768_1152.dat.sz.out
  ✓ Compression and decompression successful (ratio: 1.23x)

[28/90] Processing: ICEFRAC_1_768_1152.dat
compression time = 0.038311
compressed data file: ../../CESM-CLIMATE-65G/4/log_normalized/ICEFRAC_1_768_1152.dat.sz
Min=0, Max=1, range=1
Max absolute error = 0.0000000100
Max relative error = 0.000000
Max pw relative error = 0.056516
PSNR = 180.196908, NRMSE= 9.7758515708121119357E-10
normError = 0.000001, normErr_norm = 0.000000
acEff=1.000000
compressionRatio=7.506430
decompression time = 0.021162 seconds.
decompressed data file: ../../CESM-CLIMATE-65G/4/log_normalized/sz_1E-8/ICEFRAC_1_768_1152.dat.sz.out
  ✓ Compression and decompression successful (ratio: 7.50x)

[29/90] Processing: LANDFRAC_1_768_1152.dat
compression time = 0.030921
compressed data file: ../../CESM-CLIMATE-65G/4/log_normalized/LANDFRAC_1_768_1152.dat.sz
Min=0, Max=1, range=1
Max absolute error = 0.0000000100
Max relative error = 0.000000
Max pw relative error = 0.000001
PSNR = 186.420883, NRMSE= 4.7748075572437926993E-10
normError = 0.000000, normErr_norm = 0.000000
acEff=1.000000
compressionRatio=36.016120
decompression time = 0.012275 seconds.
decompressed data file: ../../CESM-CLIMATE-65G/4/log_normalized/sz_1E-8/LANDFRAC_1_768_1152.dat.sz.out
  ✓ Compression and decompression successful (ratio: 36.01x)

[30/90] Processing: LHFLX_1_768_1152.dat
compression time = 0.079210
compressed data file: ../../CESM-CLIMATE-65G/4/log_normalized/LHFLX_1_768_1152.dat.sz
Min=0, Max=1, range=1
Max absolute error = 0.0000000000
Max relative error = 0.000000
Max pw relative error = 0.000000
PSNR = inf, NRMSE= 0
normError = 0.000000, normErr_norm = 0.000000
acEff=1.000000
compressionRatio=1.535701
decompression time = 0.015363 seconds.
decompressed data file: ../../CESM-CLIMATE-65G/4/log_normalized/sz_1E-8/LHFLX_1_768_1152.dat.sz.out
  ✓ Compression and decompression successful (ratio: 1.53x)

[31/90] Processing: LWCF_1_768_1152.dat
compression time = 0.035917
compressed data file: ../../CESM-CLIMATE-65G/4/log_normalized/LWCF_1_768_1152.dat.sz
Min=0, Max=1, range=1
Max absolute error = 0.0000000000
Max relative error = 0.000000
Max pw relative error = 0.000000
PSNR = inf, NRMSE= 0
normError = 0.000000, normErr_norm = 0.000000
acEff=1.000000
compressionRatio=1.196207
decompression time = 0.014371 seconds.
decompressed data file: ../../CESM-CLIMATE-65G/4/log_normalized/sz_1E-8/LWCF_1_768_1152.dat.sz.out
  ✓ Compression and decompression successful (ratio: 1.19x)

[32/90] Processing: MSKtem_1_768_1152.dat
compression time = 0.064717
compressed data file: ../../CESM-CLIMATE-65G/4/log_normalized/MSKtem_1_768_1152.dat.sz
Min=0, Max=1, range=1
Max absolute error = 0.0000000092
Max relative error = 0.000000
Max pw relative error = 0.000027
PSNR = 217.335513, NRMSE= 1.3590152527580818101E-11
normError = 0.000000, normErr_norm = 0.000000
acEff=1.000000
compressionRatio=2.334206
decompression time = 0.050381 seconds.
decompressed data file: ../../CESM-CLIMATE-65G/4/log_normalized/sz_1E-8/MSKtem_1_768_1152.dat.sz.out
  ✓ Compression and decompression successful (ratio: 2.33x)

[33/90] Processing: OCNFRAC_1_768_1152.dat
compression time = 0.046445
compressed data file: ../../CESM-CLIMATE-65G/4/log_normalized/OCNFRAC_1_768_1152.dat.sz
Min=0, Max=1, range=1
Max absolute error = 0.0000000100
Max relative error = 0.000000
Max pw relative error = 0.049177
PSNR = 178.033221, NRMSE= 1.2541196296323575227E-09
normError = 0.000001, normErr_norm = 0.000000
acEff=1.000000
compressionRatio=5.780841
decompression time = 0.022281 seconds.
decompressed data file: ../../CESM-CLIMATE-65G/4/log_normalized/sz_1E-8/OCNFRAC_1_768_1152.dat.sz.out
  ✓ Compression and decompression successful (ratio: 5.78x)

[34/90] Processing: ODV_bcar1_1_768_1152.dat
compression time = 0.053535
compressed data file: ../../CESM-CLIMATE-65G/4/log_normalized/ODV_bcar1_1_768_1152.dat.sz
Min=0, Max=1, range=1
Max absolute error = 0.0000000100
Max relative error = 0.000000
Max pw relative error = 0.002334
PSNR = 166.381077, NRMSE= 4.7967399098322803774E-09
normError = 0.000005, normErr_norm = 0.000000
acEff=1.000000
compressionRatio=2.330787
decompression time = 0.032735 seconds.
decompressed data file: ../../CESM-CLIMATE-65G/4/log_normalized/sz_1E-8/ODV_bcar1_1_768_1152.dat.sz.out
  ✓ Compression and decompression successful (ratio: 2.33x)

[35/90] Processing: ODV_bcar2_1_768_1152.dat
compression time = 0.068869
compressed data file: ../../CESM-CLIMATE-65G/4/log_normalized/ODV_bcar2_1_768_1152.dat.sz
Min=0, Max=1, range=1
Max absolute error = 0.0000000100
Max relative error = 0.000000
Max pw relative error = 0.003005
PSNR = 166.718645, NRMSE= 4.6138952380166523498E-09
normError = 0.000004, normErr_norm = 0.000000
acEff=1.000000
compressionRatio=1.618039
decompression time = 0.044834 seconds.
decompressed data file: ../../CESM-CLIMATE-65G/4/log_normalized/sz_1E-8/ODV_bcar2_1_768_1152.dat.sz.out
  ✓ Compression and decompression successful (ratio: 1.61x)

[36/90] Processing: ODV_dust1_1_768_1152.dat
compression time = 0.076512
compressed data file: ../../CESM-CLIMATE-65G/4/log_normalized/ODV_dust1_1_768_1152.dat.sz
Min=0, Max=1, range=1
Max absolute error = 0.0000000100
Max relative error = 0.000000
Max pw relative error = 0.011410
PSNR = 165.715274, NRMSE= 5.1788855024675503913E-09
normError = 0.000005, normErr_norm = 0.000000
acEff=1.000000
compressionRatio=1.624194
decompression time = 0.055258 seconds.
decompressed data file: ../../CESM-CLIMATE-65G/4/log_normalized/sz_1E-8/ODV_dust1_1_768_1152.dat.sz.out
  ✓ Compression and decompression successful (ratio: 1.62x)

[37/90] Processing: ODV_dust2_1_768_1152.dat
compression time = 0.066266
compressed data file: ../../CESM-CLIMATE-65G/4/log_normalized/ODV_dust2_1_768_1152.dat.sz
Min=0, Max=1, range=1
Max absolute error = 0.0000000100
Max relative error = 0.000000
Max pw relative error = 0.012766
PSNR = 165.715975, NRMSE= 5.1784673812623608688E-09
normError = 0.000005, normErr_norm = 0.000000
acEff=1.000000
compressionRatio=1.642393
decompression time = 0.053224 seconds.
decompressed data file: ../../CESM-CLIMATE-65G/4/log_normalized/sz_1E-8/ODV_dust2_1_768_1152.dat.sz.out
  ✓ Compression and decompression successful (ratio: 1.64x)

[38/90] Processing: ODV_dust3_1_768_1152.dat
compression time = 0.070221
compressed data file: ../../CESM-CLIMATE-65G/4/log_normalized/ODV_dust3_1_768_1152.dat.sz
Min=0, Max=1, range=1
Max absolute error = 0.0000000100
Max relative error = 0.000000
Max pw relative error = 0.007218
PSNR = 165.629016, NRMSE= 5.2305719984801134017E-09
normError = 0.000005, normErr_norm = 0.000000
acEff=1.000000
compressionRatio=1.808052
decompression time = 0.052469 seconds.
decompressed data file: ../../CESM-CLIMATE-65G/4/log_normalized/sz_1E-8/ODV_dust3_1_768_1152.dat.sz.out
  ✓ Compression and decompression successful (ratio: 1.80x)

[39/90] Processing: ODV_dust4_1_768_1152.dat
compression time = 0.066952
compressed data file: ../../CESM-CLIMATE-65G/4/log_normalized/ODV_dust4_1_768_1152.dat.sz
Min=0, Max=1, range=1
Max absolute error = 0.0000000100
Max relative error = 0.000000
Max pw relative error = 0.002740
PSNR = 165.658224, NRMSE= 5.2130130038718381609E-09
normError = 0.000005, normErr_norm = 0.000000
acEff=1.000000
compressionRatio=2.002798
decompression time = 0.045236 seconds.
decompressed data file: ../../CESM-CLIMATE-65G/4/log_normalized/sz_1E-8/ODV_dust4_1_768_1152.dat.sz.out
  ✓ Compression and decompression successful (ratio: 2.00x)

[40/90] Processing: ODV_ocar1_1_768_1152.dat
compression time = 0.051094
compressed data file: ../../CESM-CLIMATE-65G/4/log_normalized/ODV_ocar1_1_768_1152.dat.sz
Min=0, Max=1, range=1
Max absolute error = 0.0000000100
Max relative error = 0.000000
Max pw relative error = 0.005604
PSNR = 165.456060, NRMSE= 5.3357690475833758943E-09
normError = 0.000005, normErr_norm = 0.000000
acEff=1.000000
compressionRatio=2.437293
decompression time = 0.039694 seconds.
decompressed data file: ../../CESM-CLIMATE-65G/4/log_normalized/sz_1E-8/ODV_ocar1_1_768_1152.dat.sz.out
  ✓ Compression and decompression successful (ratio: 2.43x)

[41/90] Processing: ODV_ocar2_1_768_1152.dat
compression time = 0.102114
compressed data file: ../../CESM-CLIMATE-65G/4/log_normalized/ODV_ocar2_1_768_1152.dat.sz
Min=0, Max=1, range=1
Max absolute error = 0.0000000000
Max relative error = 0.000000
Max pw relative error = 0.000000
PSNR = inf, NRMSE= 0
normError = 0.000000, normErr_norm = 0.000000
acEff=1.000000
compressionRatio=1.427124
decompression time = 0.016039 seconds.
decompressed data file: ../../CESM-CLIMATE-65G/4/log_normalized/sz_1E-8/ODV_ocar2_1_768_1152.dat.sz.out
  ✓ Compression and decompression successful (ratio: 1.42x)

[42/90] Processing: ODV_SSLTA_1_768_1152.dat
compression time = 0.081541
compressed data file: ../../CESM-CLIMATE-65G/4/log_normalized/ODV_SSLTA_1_768_1152.dat.sz
Min=0, Max=1, range=1
Max absolute error = 0.0000000000
Max relative error = 0.000000
Max pw relative error = 0.000000
PSNR = inf, NRMSE= 0
normError = 0.000000, normErr_norm = 0.000000
acEff=1.000000
compressionRatio=1.176196
decompression time = 0.014304 seconds.
decompressed data file: ../../CESM-CLIMATE-65G/4/log_normalized/sz_1E-8/ODV_SSLTA_1_768_1152.dat.sz.out
  ✓ Compression and decompression successful (ratio: 1.17x)

[43/90] Processing: ODV_SSLTC_1_768_1152.dat
compression time = 0.090224
compressed data file: ../../CESM-CLIMATE-65G/4/log_normalized/ODV_SSLTC_1_768_1152.dat.sz
Min=0, Max=1, range=1
Max absolute error = 0.0000000000
Max relative error = 0.000000
Max pw relative error = 0.000000
PSNR = inf, NRMSE= 0
normError = 0.000000, normErr_norm = 0.000000
acEff=1.000000
compressionRatio=1.197147
decompression time = 0.014705 seconds.
decompressed data file: ../../CESM-CLIMATE-65G/4/log_normalized/sz_1E-8/ODV_SSLTC_1_768_1152.dat.sz.out
  ✓ Compression and decompression successful (ratio: 1.19x)

[44/90] Processing: ODV_sulf_1_768_1152.dat
compression time = 0.096726
compressed data file: ../../CESM-CLIMATE-65G/4/log_normalized/ODV_sulf_1_768_1152.dat.sz
Min=0, Max=1, range=1
Max absolute error = 0.0000000000
Max relative error = 0.000000
Max pw relative error = 0.000000
PSNR = inf, NRMSE= 0
normError = 0.000000, normErr_norm = 0.000000
acEff=1.000000
compressionRatio=1.182597
decompression time = 0.014682 seconds.
decompressed data file: ../../CESM-CLIMATE-65G/4/log_normalized/sz_1E-8/ODV_sulf_1_768_1152.dat.sz.out
  ✓ Compression and decompression successful (ratio: 1.18x)

[45/90] Processing: ODV_VOLC_MMR_1_768_1152.dat
compression time = 0.036094
compressed data file: ../../CESM-CLIMATE-65G/4/log_normalized/ODV_VOLC_MMR_1_768_1152.dat.sz
Min=0, Max=1, range=1
Max absolute error = 0.0000000099
Max relative error = 0.000000
Max pw relative error = 0.000008
PSNR = 178.388696, NRMSE= 1.2038301626224806525E-09
normError = 0.000001, normErr_norm = 0.000000
acEff=1.000000
compressionRatio=6.261091
decompression time = 0.022683 seconds.
decompressed data file: ../../CESM-CLIMATE-65G/4/log_normalized/sz_1E-8/ODV_VOLC_MMR_1_768_1152.dat.sz.out
  ✓ Compression and decompression successful (ratio: 6.26x)

[46/90] Processing: PBLH_1_768_1152.dat
compression time = 0.045166
compressed data file: ../../CESM-CLIMATE-65G/4/log_normalized/PBLH_1_768_1152.dat.sz
Min=0, Max=1, range=1
Max absolute error = 0.0000000000
Max relative error = 0.000000
Max pw relative error = 0.000000
PSNR = inf, NRMSE= 0
normError = 0.000000, normErr_norm = 0.000000
acEff=1.000000
compressionRatio=1.216268
decompression time = 0.013115 seconds.
decompressed data file: ../../CESM-CLIMATE-65G/4/log_normalized/sz_1E-8/PBLH_1_768_1152.dat.sz.out
  ✓ Compression and decompression successful (ratio: 1.21x)

[47/90] Processing: PCONVB_1_768_1152.dat
compression time = 0.065438
compressed data file: ../../CESM-CLIMATE-65G/4/log_normalized/PCONVB_1_768_1152.dat.sz
Min=0, Max=1, range=1
Max absolute error = 0.0000000000
Max relative error = 0.000000
Max pw relative error = 0.000000
PSNR = inf, NRMSE= 0
normError = 0.000000, normErr_norm = 0.000000
acEff=1.000000
compressionRatio=1.734830
decompression time = 0.068895 seconds.
decompressed data file: ../../CESM-CLIMATE-65G/4/log_normalized/sz_1E-8/PCONVB_1_768_1152.dat.sz.out
  ✓ Compression and decompression successful (ratio: 1.73x)

[48/90] Processing: PCONVT_1_768_1152.dat
compression time = 0.058868
compressed data file: ../../CESM-CLIMATE-65G/4/log_normalized/PCONVT_1_768_1152.dat.sz
Min=0, Max=1, range=1
Max absolute error = 0.0000000000
Max relative error = 0.000000
Max pw relative error = 0.000000
PSNR = inf, NRMSE= 0
normError = 0.000000, normErr_norm = 0.000000
acEff=1.000000
compressionRatio=1.514293
decompression time = 0.055802 seconds.
decompressed data file: ../../CESM-CLIMATE-65G/4/log_normalized/sz_1E-8/PCONVT_1_768_1152.dat.sz.out
  ✓ Compression and decompression successful (ratio: 1.51x)

[49/90] Processing: PHIS_1_768_1152.dat
compression time = 0.060121
compressed data file: ../../CESM-CLIMATE-65G/4/log_normalized/PHIS_1_768_1152.dat.sz
Min=0, Max=1, range=1
Max absolute error = 0.0000000000
Max relative error = 0.000000
Max pw relative error = 0.000000
PSNR = inf, NRMSE= 0
normError = 0.000000, normErr_norm = 0.000000
acEff=1.000000
compressionRatio=2.469874
decompression time = 0.035248 seconds.
decompressed data file: ../../CESM-CLIMATE-65G/4/log_normalized/sz_1E-8/PHIS_1_768_1152.dat.sz.out
  ✓ Compression and decompression successful (ratio: 2.46x)

[50/90] Processing: PRECC_1_768_1152.dat
compression time = 0.023864
compressed data file: ../../CESM-CLIMATE-65G/4/log_normalized/PRECC_1_768_1152.dat.sz
Min=0, Max=1, range=1
Max absolute error = 0.0000000100
Max relative error = 0.000000
Max pw relative error = 0.000000
PSNR = 191.123746, NRMSE= 2.778514591620160128E-10
normError = 0.000000, normErr_norm = 0.000000
acEff=1.000000
compressionRatio=265.646600
decompression time = 0.010729 seconds.
decompressed data file: ../../CESM-CLIMATE-65G/4/log_normalized/sz_1E-8/PRECC_1_768_1152.dat.sz.out
  ✓ Compression and decompression successful (ratio: 265.64x)

[51/90] Processing: PRECCDZM_1_768_1152.dat
compression time = 0.023628
compressed data file: ../../CESM-CLIMATE-65G/4/log_normalized/PRECCDZM_1_768_1152.dat.sz
Min=0, Max=1, range=1
Max absolute error = 0.0000000037
Max relative error = 0.000000
Max pw relative error = 0.000000
PSNR = 222.314645, NRMSE= 7.6606875923492033276E-12
normError = 0.000000, normErr_norm = 0.000000
acEff=1.000000
compressionRatio=396.431500
decompression time = 0.009892 seconds.
decompressed data file: ../../CESM-CLIMATE-65G/4/log_normalized/sz_1E-8/PRECCDZM_1_768_1152.dat.sz.out
  ✓ Compression and decompression successful (ratio: 396.43x)

[52/90] Processing: PRECL_1_768_1152.dat
compression time = 0.024916
compressed data file: ../../CESM-CLIMATE-65G/4/log_normalized/PRECL_1_768_1152.dat.sz
Min=0, Max=1, range=1
Max absolute error = 0.0000000100
Max relative error = 0.000000
Max pw relative error = 0.000000
PSNR = 181.385941, NRMSE= 8.5251679995546726579E-10
normError = 0.000001, normErr_norm = 0.000000
acEff=1.000000
compressionRatio=86.072186
decompression time = 0.013174 seconds.
decompressed data file: ../../CESM-CLIMATE-65G/4/log_normalized/sz_1E-8/PRECL_1_768_1152.dat.sz.out
  ✓ Compression and decompression successful (ratio: 86.07x)

[53/90] Processing: PRECSC_1_768_1152.dat
compression time = 0.016303
compressed data file: ../../CESM-CLIMATE-65G/4/log_normalized/PRECSC_1_768_1152.dat.sz
Min=-NAN, Max=-NAN, range=-NAN
Max absolute error = nan
Max relative error = nan
Max pw relative error = 0.000000
PSNR = -nan, NRMSE= -NAN
normError = -nan, normErr_norm = -nan
acEff=-nan
compressionRatio=9337.583113
decompression time = 0.008196 seconds.
decompressed data file: ../../CESM-CLIMATE-65G/4/log_normalized/sz_1E-8/PRECSC_1_768_1152.dat.sz.out
  ✓ Compression and decompression successful (ratio: 9337.58x)

[54/90] Processing: PRECSH_1_768_1152.dat
compression time = 0.021007
compressed data file: ../../CESM-CLIMATE-65G/4/log_normalized/PRECSH_1_768_1152.dat.sz
Min=0, Max=1, range=1
Max absolute error = 0.0000000000
Max relative error = 0.000000
Max pw relative error = 0.000000
PSNR = inf, NRMSE= 0
normError = 0.000000, normErr_norm = 0.000000
acEff=1.000000
compressionRatio=15123.692308
decompression time = 0.011794 seconds.
decompressed data file: ../../CESM-CLIMATE-65G/4/log_normalized/sz_1E-8/PRECSH_1_768_1152.dat.sz.out
  ✓ Compression and decompression successful (ratio: 15123.69x)

[55/90] Processing: PRECSL_1_768_1152.dat
compression time = 0.019725
compressed data file: ../../CESM-CLIMATE-65G/4/log_normalized/PRECSL_1_768_1152.dat.sz
Min=0, Max=1, range=1
Max absolute error = 0.0000000002
Max relative error = 0.000000
Max pw relative error = 0.000000
PSNR = 254.626109, NRMSE= 1.8564982859236943897E-13
normError = 0.000000, normErr_norm = 0.000000
acEff=1.000000
compressionRatio=2405.808294
decompression time = 0.009941 seconds.
decompressed data file: ../../CESM-CLIMATE-65G/4/log_normalized/sz_1E-8/PRECSL_1_768_1152.dat.sz.out
  ✓ Compression and decompression successful (ratio: 2405.80x)

[56/90] Processing: PRECT_1_768_1152.dat
compression time = 0.026121
compressed data file: ../../CESM-CLIMATE-65G/4/log_normalized/PRECT_1_768_1152.dat.sz
Min=0, Max=1, range=1
Max absolute error = 0.0000000100
Max relative error = 0.000000
Max pw relative error = 0.000000
PSNR = 173.119641, NRMSE= 2.2080960287657052349E-09
normError = 0.000002, normErr_norm = 0.000000
acEff=1.000000
compressionRatio=62.689435
decompression time = 0.012728 seconds.
decompressed data file: ../../CESM-CLIMATE-65G/4/log_normalized/sz_1E-8/PRECT_1_768_1152.dat.sz.out
  ✓ Compression and decompression successful (ratio: 62.68x)

[57/90] Processing: PS_1_768_1152.dat
compression time = 0.063974
compressed data file: ../../CESM-CLIMATE-65G/4/log_normalized/PS_1_768_1152.dat.sz
Min=0, Max=1, range=1
Max absolute error = 0.0000000000
Max relative error = 0.000000
Max pw relative error = 0.000000
PSNR = inf, NRMSE= 0
normError = 0.000000, normErr_norm = 0.000000
acEff=1.000000
compressionRatio=1.783457
decompression time = 0.060439 seconds.
decompressed data file: ../../CESM-CLIMATE-65G/4/log_normalized/sz_1E-8/PS_1_768_1152.dat.sz.out
  ✓ Compression and decompression successful (ratio: 1.78x)

[58/90] Processing: PSL_1_768_1152.dat
compression time = 0.055962
compressed data file: ../../CESM-CLIMATE-65G/4/log_normalized/PSL_1_768_1152.dat.sz
Min=0, Max=1, range=1
Max absolute error = 0.0000000000
Max relative error = 0.000000
Max pw relative error = 0.000000
PSNR = inf, NRMSE= 0
normError = 0.000000, normErr_norm = 0.000000
acEff=1.000000
compressionRatio=1.704310
decompression time = 0.090453 seconds.
decompressed data file: ../../CESM-CLIMATE-65G/4/log_normalized/sz_1E-8/PSL_1_768_1152.dat.sz.out
  ✓ Compression and decompression successful (ratio: 1.70x)

[59/90] Processing: QFLX_1_768_1152.dat
compression time = 0.049176
compressed data file: ../../CESM-CLIMATE-65G/4/log_normalized/QFLX_1_768_1152.dat.sz
Min=0, Max=1, range=1
Max absolute error = 0.0000000098
Max relative error = 0.000000
Max pw relative error = 0.000006
PSNR = 175.664983, NRMSE= 1.6472170898397067567E-09
normError = 0.000002, normErr_norm = 0.000000
acEff=1.000000
compressionRatio=3.630777
decompression time = 0.024137 seconds.
decompressed data file: ../../CESM-CLIMATE-65G/4/log_normalized/sz_1E-8/QFLX_1_768_1152.dat.sz.out
  ✓ Compression and decompression successful (ratio: 3.63x)

[60/90] Processing: QREFHT_1_768_1152.dat
compression time = 0.078743
compressed data file: ../../CESM-CLIMATE-65G/4/log_normalized/QREFHT_1_768_1152.dat.sz
Min=0, Max=1, range=1
Max absolute error = 0.0000000000
Max relative error = 0.000000
Max pw relative error = 0.000000
PSNR = inf, NRMSE= 0
normError = 0.000000, normErr_norm = 0.000000
acEff=1.000000
compressionRatio=1.713179
decompression time = 0.015488 seconds.
decompressed data file: ../../CESM-CLIMATE-65G/4/log_normalized/sz_1E-8/QREFHT_1_768_1152.dat.sz.out
  ✓ Compression and decompression successful (ratio: 1.71x)

[61/90] Processing: RHREFHT_1_768_1152.dat
compression time = 0.059574
compressed data file: ../../CESM-CLIMATE-65G/4/log_normalized/RHREFHT_1_768_1152.dat.sz
Min=0, Max=1, range=1
Max absolute error = 0.0000000000
Max relative error = 0.000000
Max pw relative error = 0.000000
PSNR = inf, NRMSE= 0
normError = 0.000000, normErr_norm = 0.000000
acEff=1.000000
compressionRatio=1.392066
decompression time = 0.051830 seconds.
decompressed data file: ../../CESM-CLIMATE-65G/4/log_normalized/sz_1E-8/RHREFHT_1_768_1152.dat.sz.out
  ✓ Compression and decompression successful (ratio: 1.39x)

[62/90] Processing: SFCLDICE_1_768_1152.dat
compression time = 0.016553
compressed data file: ../../CESM-CLIMATE-65G/4/log_normalized/SFCLDICE_1_768_1152.dat.sz
Min=-NAN, Max=-NAN, range=-NAN
Max absolute error = nan
Max relative error = nan
Max pw relative error = 0.000000
PSNR = -nan, NRMSE= -NAN
normError = -nan, normErr_norm = -nan
acEff=-nan
compressionRatio=9337.583113
decompression time = 0.008540 seconds.
decompressed data file: ../../CESM-CLIMATE-65G/4/log_normalized/sz_1E-8/SFCLDICE_1_768_1152.dat.sz.out
  ✓ Compression and decompression successful (ratio: 9337.58x)

[63/90] Processing: SFCLDLIQ_1_768_1152.dat
compression time = 0.016887
compressed data file: ../../CESM-CLIMATE-65G/4/log_normalized/SFCLDLIQ_1_768_1152.dat.sz
Min=-NAN, Max=-NAN, range=-NAN
Max absolute error = nan
Max relative error = nan
Max pw relative error = 0.000000
PSNR = -nan, NRMSE= -NAN
normError = -nan, normErr_norm = -nan
acEff=-nan
compressionRatio=9337.583113
decompression time = 0.008328 seconds.
decompressed data file: ../../CESM-CLIMATE-65G/4/log_normalized/sz_1E-8/SFCLDLIQ_1_768_1152.dat.sz.out
  ✓ Compression and decompression successful (ratio: 9337.58x)

[64/90] Processing: SHFLX_1_768_1152.dat
compression time = 0.082719
compressed data file: ../../CESM-CLIMATE-65G/4/log_normalized/SHFLX_1_768_1152.dat.sz
Min=0, Max=1, range=1
Max absolute error = 0.0000000000
Max relative error = 0.000000
Max pw relative error = 0.000000
PSNR = inf, NRMSE= 0
normError = 0.000000, normErr_norm = 0.000000
acEff=1.000000
compressionRatio=1.472921
decompression time = 0.058041 seconds.
decompressed data file: ../../CESM-CLIMATE-65G/4/log_normalized/sz_1E-8/SHFLX_1_768_1152.dat.sz.out
  ✓ Compression and decompression successful (ratio: 1.47x)

[65/90] Processing: SNOWHICE_1_768_1152.dat
compression time = 0.041517
compressed data file: ../../CESM-CLIMATE-65G/4/log_normalized/SNOWHICE_1_768_1152.dat.sz
Min=0, Max=1, range=1
Max absolute error = 0.0000000100
Max relative error = 0.000000
Max pw relative error = 0.031632
PSNR = 178.209883, NRMSE= 1.2288696965468795506E-09
normError = 0.000001, normErr_norm = 0.000000
acEff=1.000000
compressionRatio=7.399438
decompression time = 0.017455 seconds.
decompressed data file: ../../CESM-CLIMATE-65G/4/log_normalized/sz_1E-8/SNOWHICE_1_768_1152.dat.sz.out
  ✓ Compression and decompression successful (ratio: 7.39x)

[66/90] Processing: SNOWHLND_1_768_1152.dat
compression time = 0.045230
compressed data file: ../../CESM-CLIMATE-65G/4/log_normalized/SNOWHLND_1_768_1152.dat.sz
Min=0, Max=1, range=1
Max absolute error = 0.0000000100
Max relative error = 0.000000
Max pw relative error = 0.058122
PSNR = 172.051814, NRMSE= 2.49694691278929628E-09
normError = 0.000002, normErr_norm = 0.000000
acEff=1.000000
compressionRatio=4.992289
decompression time = 0.027057 seconds.
decompressed data file: ../../CESM-CLIMATE-65G/4/log_normalized/sz_1E-8/SNOWHLND_1_768_1152.dat.sz.out
  ✓ Compression and decompression successful (ratio: 4.99x)

[67/90] Processing: SOLIN_1_768_1152.dat
compression time = 0.028504
compressed data file: ../../CESM-CLIMATE-65G/4/log_normalized/SOLIN_1_768_1152.dat.sz
Min=0, Max=1, range=1
Max absolute error = 0.0000000100
Max relative error = 0.000000
Max pw relative error = 0.037041
PSNR = 188.039656, NRMSE= 3.9629373911041636144E-10
normError = 0.000000, normErr_norm = 0.000000
acEff=1.000000
compressionRatio=3.490847
decompression time = 0.028308 seconds.
decompressed data file: ../../CESM-CLIMATE-65G/4/log_normalized/sz_1E-8/SOLIN_1_768_1152.dat.sz.out
  ✓ Compression and decompression successful (ratio: 3.49x)

[68/90] Processing: SRFRAD_1_768_1152.dat
compression time = 0.067210
compressed data file: ../../CESM-CLIMATE-65G/4/log_normalized/SRFRAD_1_768_1152.dat.sz
Min=0, Max=1, range=1
Max absolute error = 0.0000000075
Max relative error = 0.000000
Max pw relative error = 0.000000
PSNR = 219.014035, NRMSE= 1.120206956576295559E-11
normError = 0.000000, normErr_norm = 0.000000
acEff=1.000000
compressionRatio=1.373082
decompression time = 0.051839 seconds.
decompressed data file: ../../CESM-CLIMATE-65G/4/log_normalized/sz_1E-8/SRFRAD_1_768_1152.dat.sz.out
  ✓ Compression and decompression successful (ratio: 1.37x)

[69/90] Processing: SWCF_1_768_1152.dat
compression time = 0.059673
compressed data file: ../../CESM-CLIMATE-65G/4/log_normalized/SWCF_1_768_1152.dat.sz
Min=0, Max=1, range=1
Max absolute error = 0.0000000000
Max relative error = 0.000000
Max pw relative error = 0.000000
PSNR = inf, NRMSE= 0
normError = 0.000000, normErr_norm = 0.000000
acEff=1.000000
compressionRatio=1.362121
decompression time = 0.047013 seconds.
decompressed data file: ../../CESM-CLIMATE-65G/4/log_normalized/sz_1E-8/SWCF_1_768_1152.dat.sz.out
  ✓ Compression and decompression successful (ratio: 1.36x)

[70/90] Processing: TAUX_1_768_1152.dat
compression time = 0.064654
compressed data file: ../../CESM-CLIMATE-65G/4/log_normalized/TAUX_1_768_1152.dat.sz
Min=0, Max=1, range=1
Max absolute error = 0.0000000000
Max relative error = 0.000000
Max pw relative error = 0.000000
PSNR = inf, NRMSE= 0
normError = 0.000000, normErr_norm = 0.000000
acEff=1.000000
compressionRatio=1.570081
decompression time = 0.060060 seconds.
decompressed data file: ../../CESM-CLIMATE-65G/4/log_normalized/sz_1E-8/TAUX_1_768_1152.dat.sz.out
  ✓ Compression and decompression successful (ratio: 1.57x)

[71/90] Processing: TAUY_1_768_1152.dat
compression time = 0.068115
compressed data file: ../../CESM-CLIMATE-65G/4/log_normalized/TAUY_1_768_1152.dat.sz
Min=0, Max=1, range=1
Max absolute error = 0.0000000082
Max relative error = 0.000000
Max pw relative error = 0.000000
PSNR = 221.215008, NRMSE= 8.6946003057426358714E-12
normError = 0.000000, normErr_norm = 0.000000
acEff=1.000000
compressionRatio=1.497900
decompression time = 0.060100 seconds.
decompressed data file: ../../CESM-CLIMATE-65G/4/log_normalized/sz_1E-8/TAUY_1_768_1152.dat.sz.out
  ✓ Compression and decompression successful (ratio: 1.49x)

[72/90] Processing: TGCLDIWP_1_768_1152.dat
compression time = 0.043863
compressed data file: ../../CESM-CLIMATE-65G/4/log_normalized/TGCLDIWP_1_768_1152.dat.sz
Min=0, Max=1, range=1
Max absolute error = 0.0000000000
Max relative error = 0.000000
Max pw relative error = 0.000000
PSNR = inf, NRMSE= 0
normError = 0.000000, normErr_norm = 0.000000
acEff=1.000000
compressionRatio=1.176684
decompression time = 0.012697 seconds.
decompressed data file: ../../CESM-CLIMATE-65G/4/log_normalized/sz_1E-8/TGCLDIWP_1_768_1152.dat.sz.out
  ✓ Compression and decompression successful (ratio: 1.17x)

[73/90] Processing: TGCLDLWP_1_768_1152.dat
compression time = 0.037305
compressed data file: ../../CESM-CLIMATE-65G/4/log_normalized/TGCLDLWP_1_768_1152.dat.sz
Min=0, Max=1, range=1
Max absolute error = 0.0000000000
Max relative error = 0.000000
Max pw relative error = 0.000000
PSNR = inf, NRMSE= 0
normError = 0.000000, normErr_norm = 0.000000
acEff=1.000000
compressionRatio=1.182082
decompression time = 0.012618 seconds.
decompressed data file: ../../CESM-CLIMATE-65G/4/log_normalized/sz_1E-8/TGCLDLWP_1_768_1152.dat.sz.out
  ✓ Compression and decompression successful (ratio: 1.18x)

[74/90] Processing: TH2d_1_768_1152.dat
compression time = 0.030973
compressed data file: ../../CESM-CLIMATE-65G/4/log_normalized/TH2d_1_768_1152.dat.sz
Min=0, Max=1, range=1
Max absolute error = 0.0000000100
Max relative error = 0.000000
Max pw relative error = 0.000000
PSNR = 179.246791, NRMSE= 1.0905873292180220695E-09
normError = 0.000001, normErr_norm = 0.000000
acEff=1.000000
compressionRatio=16.264875
decompression time = 0.019883 seconds.
decompressed data file: ../../CESM-CLIMATE-65G/4/log_normalized/sz_1E-8/TH2d_1_768_1152.dat.sz.out
  ✓ Compression and decompression successful (ratio: 16.26x)

[75/90] Processing: TMQ_1_768_1152.dat
compression time = 0.050155
compressed data file: ../../CESM-CLIMATE-65G/4/log_normalized/TMQ_1_768_1152.dat.sz
Min=0, Max=1, range=1
Max absolute error = 0.0000000000
Max relative error = 0.000000
Max pw relative error = 0.000000
PSNR = inf, NRMSE= 0
normError = 0.000000, normErr_norm = 0.000000
acEff=1.000000
compressionRatio=1.202326
decompression time = 0.012148 seconds.
decompressed data file: ../../CESM-CLIMATE-65G/4/log_normalized/sz_1E-8/TMQ_1_768_1152.dat.sz.out
  ✓ Compression and decompression successful (ratio: 1.20x)

[76/90] Processing: TREFHT_1_768_1152.dat
compression time = 0.071217
compressed data file: ../../CESM-CLIMATE-65G/4/log_normalized/TREFHT_1_768_1152.dat.sz
Min=0, Max=1, range=1
Max absolute error = 0.0000000075
Max relative error = 0.000000
Max pw relative error = 0.000000
PSNR = 222.024335, NRMSE= 7.9210593532744293961E-12
normError = 0.000000, normErr_norm = 0.000000
acEff=1.000000
compressionRatio=1.635559
decompression time = 0.077364 seconds.
decompressed data file: ../../CESM-CLIMATE-65G/4/log_normalized/sz_1E-8/TREFHT_1_768_1152.dat.sz.out
  ✓ Compression and decompression successful (ratio: 1.63x)

[77/90] Processing: TREFMNAV_1_768_1152.dat
compression time = 0.059245
compressed data file: ../../CESM-CLIMATE-65G/4/log_normalized/TREFMNAV_1_768_1152.dat.sz
Min=0, Max=1, range=1
Max absolute error = 0.0000000000
Max relative error = 0.000000
Max pw relative error = 0.000000
PSNR = inf, NRMSE= 0
normError = 0.000000, normErr_norm = 0.000000
acEff=1.000000
compressionRatio=1.598910
decompression time = 0.057774 seconds.
decompressed data file: ../../CESM-CLIMATE-65G/4/log_normalized/sz_1E-8/TREFMNAV_1_768_1152.dat.sz.out
  ✓ Compression and decompression successful (ratio: 1.59x)

[78/90] Processing: TREFMXAV_1_768_1152.dat
compression time = 0.066723
compressed data file: ../../CESM-CLIMATE-65G/4/log_normalized/TREFMXAV_1_768_1152.dat.sz
Min=0, Max=1, range=1
Max absolute error = 0.0000000075
Max relative error = 0.000000
Max pw relative error = 0.000001
PSNR = 220.075291, NRMSE= 9.9136931210771829086E-12
normError = 0.000000, normErr_norm = 0.000000
acEff=1.000000
compressionRatio=1.609540
decompression time = 0.077351 seconds.
decompressed data file: ../../CESM-CLIMATE-65G/4/log_normalized/sz_1E-8/TREFMXAV_1_768_1152.dat.sz.out
  ✓ Compression and decompression successful (ratio: 1.60x)

[79/90] Processing: TROP_P_1_768_1152.dat
compression time = 0.046650
compressed data file: ../../CESM-CLIMATE-65G/4/log_normalized/TROP_P_1_768_1152.dat.sz
Min=0, Max=1, range=1
Max absolute error = 0.0000000000
Max relative error = 0.000000
Max pw relative error = 0.000000
PSNR = inf, NRMSE= 0
normError = 0.000000, normErr_norm = 0.000000
acEff=1.000000
compressionRatio=1.570485
decompression time = 0.069304 seconds.
decompressed data file: ../../CESM-CLIMATE-65G/4/log_normalized/sz_1E-8/TROP_P_1_768_1152.dat.sz.out
  ✓ Compression and decompression successful (ratio: 1.57x)

[80/90] Processing: TROP_T_1_768_1152.dat
compression time = 0.078852
compressed data file: ../../CESM-CLIMATE-65G/4/log_normalized/TROP_T_1_768_1152.dat.sz
Min=0, Max=1, range=1
Max absolute error = 0.0000000000
Max relative error = 0.000000
Max pw relative error = 0.000000
PSNR = inf, NRMSE= 0
normError = 0.000000, normErr_norm = 0.000000
acEff=1.000000
compressionRatio=1.224938
decompression time = 0.013438 seconds.
decompressed data file: ../../CESM-CLIMATE-65G/4/log_normalized/sz_1E-8/TROP_T_1_768_1152.dat.sz.out
  ✓ Compression and decompression successful (ratio: 1.22x)

[81/90] Processing: TROP_Z_1_768_1152.dat
compression time = 0.048392
compressed data file: ../../CESM-CLIMATE-65G/4/log_normalized/TROP_Z_1_768_1152.dat.sz
Min=0, Max=1, range=1
Max absolute error = 0.0000000000
Max relative error = 0.000000
Max pw relative error = 0.000000
PSNR = inf, NRMSE= 0
normError = 0.000000, normErr_norm = 0.000000
acEff=1.000000
compressionRatio=1.659570
decompression time = 0.075924 seconds.
decompressed data file: ../../CESM-CLIMATE-65G/4/log_normalized/sz_1E-8/TROP_Z_1_768_1152.dat.sz.out
  ✓ Compression and decompression successful (ratio: 1.65x)

[82/90] Processing: TS_1_768_1152.dat
compression time = 0.064725
compressed data file: ../../CESM-CLIMATE-65G/4/log_normalized/TS_1_768_1152.dat.sz
Min=0, Max=1, range=1
Max absolute error = 0.0000000075
Max relative error = 0.000000
Max pw relative error = 0.000000
PSNR = 219.014035, NRMSE= 1.120206956576295559E-11
normError = 0.000000, normErr_norm = 0.000000
acEff=1.000000
compressionRatio=1.616206
decompression time = 0.061409 seconds.
decompressed data file: ../../CESM-CLIMATE-65G/4/log_normalized/sz_1E-8/TS_1_768_1152.dat.sz.out
  ✓ Compression and decompression successful (ratio: 1.61x)

[83/90] Processing: TSMN_1_768_1152.dat
compression time = 0.059999
compressed data file: ../../CESM-CLIMATE-65G/4/log_normalized/TSMN_1_768_1152.dat.sz
Min=0, Max=1, range=1
Max absolute error = 0.0000000070
Max relative error = 0.000000
Max pw relative error = 0.000002
PSNR = 222.584909, NRMSE= 7.4259931436947779627E-12
normError = 0.000000, normErr_norm = 0.000000
acEff=1.000000
compressionRatio=1.543487
decompression time = 0.055690 seconds.
decompressed data file: ../../CESM-CLIMATE-65G/4/log_normalized/sz_1E-8/TSMN_1_768_1152.dat.sz.out
  ✓ Compression and decompression successful (ratio: 1.54x)

[84/90] Processing: TSMX_1_768_1152.dat
compression time = 0.082052
compressed data file: ../../CESM-CLIMATE-65G/4/log_normalized/TSMX_1_768_1152.dat.sz
Min=0, Max=1, range=1
Max absolute error = 0.0000000000
Max relative error = 0.000000
Max pw relative error = 0.000000
PSNR = inf, NRMSE= 0
normError = 0.000000, normErr_norm = 0.000000
acEff=1.000000
compressionRatio=1.548472
decompression time = 0.061116 seconds.
decompressed data file: ../../CESM-CLIMATE-65G/4/log_normalized/sz_1E-8/TSMX_1_768_1152.dat.sz.out
  ✓ Compression and decompression successful (ratio: 1.54x)

[85/90] Processing: U2d_1_768_1152.dat
compression time = 0.044502
compressed data file: ../../CESM-CLIMATE-65G/4/log_normalized/U2d_1_768_1152.dat.sz
Min=0, Max=1, range=1
Max absolute error = 0.0000000093
Max relative error = 0.000000
Max pw relative error = 0.000001
PSNR = 166.432922, NRMSE= 4.7681940048843020483E-09
normError = 0.000004, normErr_norm = 0.000000
acEff=1.000000
compressionRatio=10.962219
decompression time = 0.017511 seconds.
decompressed data file: ../../CESM-CLIMATE-65G/4/log_normalized/sz_1E-8/U2d_1_768_1152.dat.sz.out
  ✓ Compression and decompression successful (ratio: 10.96x)

[86/90] Processing: UV2d_1_768_1152.dat
compression time = 0.039888
compressed data file: ../../CESM-CLIMATE-65G/4/log_normalized/UV2d_1_768_1152.dat.sz
Min=0, Max=1, range=1
Max absolute error = 0.0000000075
Max relative error = 0.000000
Max pw relative error = 0.000000
PSNR = 166.257064, NRMSE= 4.8657166283673445181E-09
normError = 0.000005, normErr_norm = 0.000000
acEff=1.000000
compressionRatio=13.936197
decompression time = 0.017139 seconds.
decompressed data file: ../../CESM-CLIMATE-65G/4/log_normalized/sz_1E-8/UV2d_1_768_1152.dat.sz.out
  ✓ Compression and decompression successful (ratio: 13.93x)

[87/90] Processing: UW2d_1_768_1152.dat
compression time = 0.026221
compressed data file: ../../CESM-CLIMATE-65G/4/log_normalized/UW2d_1_768_1152.dat.sz
Min=0, Max=1, range=1
Max absolute error = 0.0000000099
Max relative error = 0.000000
Max pw relative error = 0.000075
PSNR = 168.774395, NRMSE= 3.6414992574614793769E-09
normError = 0.000003, normErr_norm = 0.000000
acEff=1.000000
compressionRatio=25.226817
decompression time = 0.012696 seconds.
decompressed data file: ../../CESM-CLIMATE-65G/4/log_normalized/sz_1E-8/UW2d_1_768_1152.dat.sz.out
  ✓ Compression and decompression successful (ratio: 25.22x)

[88/90] Processing: V2d_1_768_1152.dat
compression time = 0.034198
compressed data file: ../../CESM-CLIMATE-65G/4/log_normalized/V2d_1_768_1152.dat.sz
Min=0, Max=1, range=1
Max absolute error = 0.0000000095
Max relative error = 0.000000
Max pw relative error = 0.000003
PSNR = 164.672887, NRMSE= 5.8392310572387272625E-09
normError = 0.000005, normErr_norm = 0.000000
acEff=1.000000
compressionRatio=12.384539
decompression time = 0.016224 seconds.
decompressed data file: ../../CESM-CLIMATE-65G/4/log_normalized/sz_1E-8/V2d_1_768_1152.dat.sz.out
  ✓ Compression and decompression successful (ratio: 12.38x)

[89/90] Processing: VTH2d_1_768_1152.dat
compression time = 0.044866
compressed data file: ../../CESM-CLIMATE-65G/4/log_normalized/VTH2d_1_768_1152.dat.sz
Min=0, Max=1, range=1
Max absolute error = 0.0000000075
Max relative error = 0.000000
Max pw relative error = 0.000000
PSNR = 167.247921, NRMSE= 4.3411416191018662572E-09
normError = 0.000004, normErr_norm = 0.000000
acEff=1.000000
compressionRatio=15.045379
decompression time = 0.021587 seconds.
decompressed data file: ../../CESM-CLIMATE-65G/4/log_normalized/sz_1E-8/VTH2d_1_768_1152.dat.sz.out
  ✓ Compression and decompression successful (ratio: 15.04x)

[90/90] Processing: W2d_1_768_1152.dat
compression time = 0.021672
compressed data file: ../../CESM-CLIMATE-65G/4/log_normalized/W2d_1_768_1152.dat.sz
Min=0, Max=1, range=1
Max absolute error = 0.0000000100
Max relative error = 0.000000
Max pw relative error = 0.000059
PSNR = 181.339932, NRMSE= 8.5704457355850468942E-10
normError = 0.000001, normErr_norm = 0.000000
acEff=1.000000
compressionRatio=48.745114
decompression time = 0.011268 seconds.
decompressed data file: ../../CESM-CLIMATE-65G/4/log_normalized/sz_1E-8/W2d_1_768_1152.dat.sz.out
  ✓ Compression and decompression successful (ratio: 48.74x)

=== Summary ===
Total files processed: 90
Total files skipped: 0
Total files failed: 0

