Auto-detected decompressed suffix: .sz.out

Found 90 .dat file(s) to process

[1/90] Processing: AEROD_v_1_768_1152.dat
  False Negatives: 0
  False Positives: 0
  False Types: 0
  Grand Total: 0
  Total Critical Points (Decompressed): 83886

[2/90] Processing: cb_ozone_c_1_768_1152.dat
  False Negatives: 0
  False Positives: 86
  False Types: 0
  Grand Total: 86
  Total Critical Points (Decompressed): 3570

[3/90] Processing: cb_sulf_c_1_768_1152.dat
  False Negatives: 0
  False Positives: 85431
  False Types: 0
  Grand Total: 85431
  Total Critical Points (Decompressed): 86729

[4/90] Processing: CLDHGH_1_768_1152.dat
  False Negatives: 0
  False Positives: 0
  False Types: 0
  Grand Total: 0
  Total Critical Points (Decompressed): 181579

[5/90] Processing: CLDLOW_1_768_1152.dat
  False Negatives: 0
  False Positives: 0
  False Types: 0
  Grand Total: 0
  Total Critical Points (Decompressed): 134473

[6/90] Processing: CLDMED_1_768_1152.dat
  False Negatives: 0
  False Positives: 0
  False Types: 0
  Grand Total: 0
  Total Critical Points (Decompressed): 134476

[7/90] Processing: CLDTOT_1_768_1152.dat
  False Negatives: 0
  False Positives: 0
  False Types: 0
  Grand Total: 0
  Total Critical Points (Decompressed): 170096

[8/90] Processing: FLDS_1_768_1152.dat
  False Negatives: 0
  False Positives: 0
  False Types: 0
  Grand Total: 0
  Total Critical Points (Decompressed): 94633

[9/90] Processing: FLDSC_1_768_1152.dat
  False Negatives: 0
  False Positives: 0
  False Types: 0
  Grand Total: 0
  Total Critical Points (Decompressed): 22767

[10/90] Processing: FLNS_1_768_1152.dat
  False Negatives: 0
  False Positives: 0
  False Types: 0
  Grand Total: 0
  Total Critical Points (Decompressed): 137701

[11/90] Processing: FLNSC_1_768_1152.dat
  False Negatives: 0
  False Positives: 0
  False Types: 0
  Grand Total: 0
  Total Critical Points (Decompressed): 101467

[12/90] Processing: FLNT_1_768_1152.dat
  False Negatives: 0
  False Positives: 0
  False Types: 0
  Grand Total: 0
  Total Critical Points (Decompressed): 97395

[13/90] Processing: FLNTC_1_768_1152.dat
  False Negatives: 0
  False Positives: 0
  False Types: 0
  Grand Total: 0
  Total Critical Points (Decompressed): 38184

[14/90] Processing: FLUT_1_768_1152.dat
  False Negatives: 0
  False Positives: 0
  False Types: 0
  Grand Total: 0
  Total Critical Points (Decompressed): 97279

[15/90] Processing: FLUTC_1_768_1152.dat
  False Negatives: 0
  False Positives: 0
  False Types: 0
  Grand Total: 0
  Total Critical Points (Decompressed): 38045

[16/90] Processing: FREQSH_1_768_1152.dat
  False Negatives: 0
  False Positives: 0
  False Types: 0
  Grand Total: 0
  Total Critical Points (Decompressed): 146807

[17/90] Processing: FREQZM_1_768_1152.dat
  False Negatives: 0
  False Positives: 15035
  False Types: 0
  Grand Total: 15035
  Total Critical Points (Decompressed): 92209

[18/90] Processing: FSDS_1_768_1152.dat
  False Negatives: 0
  False Positives: 0
  False Types: 0
  Grand Total: 0
  Total Critical Points (Decompressed): 97271

[19/90] Processing: FSDSC_1_768_1152.dat
  False Negatives: 0
  False Positives: 0
  False Types: 0
  Grand Total: 0
  Total Critical Points (Decompressed): 9505

[20/90] Processing: FSDTOA_1_768_1152.dat
  False Negatives: 0
  False Positives: 0
  False Types: 0
  Grand Total: 0
  Total Critical Points (Decompressed): 51

[21/90] Processing: FSNS_1_768_1152.dat
  False Negatives: 0
  False Positives: 0
  False Types: 0
  Grand Total: 0
  Total Critical Points (Decompressed): 107695

[22/90] Processing: FSNSC_1_768_1152.dat
  False Negatives: 0
  False Positives: 0
  False Types: 0
  Grand Total: 0
  Total Critical Points (Decompressed): 40910

[23/90] Processing: FSNT_1_768_1152.dat
  False Negatives: 0
  False Positives: 0
  False Types: 0
  Grand Total: 0
  Total Critical Points (Decompressed): 89458

[24/90] Processing: FSNTC_1_768_1152.dat
  False Negatives: 0
  False Positives: 0
  False Types: 0
  Grand Total: 0
  Total Critical Points (Decompressed): 30852

[25/90] Processing: FSNTOA_1_768_1152.dat
  False Negatives: 0
  False Positives: 0
  False Types: 0
  Grand Total: 0
  Total Critical Points (Decompressed): 88990

[26/90] Processing: FSNTOAC_1_768_1152.dat
  False Negatives: 0
  False Positives: 0
  False Types: 0
  Grand Total: 0
  Total Critical Points (Decompressed): 30632

[27/90] Processing: FSUTOA_1_768_1152.dat
  False Negatives: 0
  False Positives: 0
  False Types: 0
  Grand Total: 0
  Total Critical Points (Decompressed): 107685

[28/90] Processing: ICEFRAC_1_768_1152.dat
  False Negatives: 0
  False Positives: 8093
  False Types: 0
  Grand Total: 8093
  Total Critical Points (Decompressed): 8727

[29/90] Processing: LANDFRAC_1_768_1152.dat
  False Negatives: 0
  False Positives: 1824
  False Types: 0
  Grand Total: 1824
  Total Critical Points (Decompressed): 1859

[30/90] Processing: LHFLX_1_768_1152.dat
  False Negatives: 0
  False Positives: 0
  False Types: 0
  Grand Total: 0
  Total Critical Points (Decompressed): 45816

[31/90] Processing: LWCF_1_768_1152.dat
  False Negatives: 0
  False Positives: 0
  False Types: 0
  Grand Total: 0
  Total Critical Points (Decompressed): 121734

[32/90] Processing: MSKtem_1_768_1152.dat
  False Negatives: 0
  False Positives: 1
  False Types: 0
  Grand Total: 1
  Total Critical Points (Decompressed): 7916

[33/90] Processing: OCNFRAC_1_768_1152.dat
  False Negatives: 0
  False Positives: 4911
  False Types: 0
  Grand Total: 4911
  Total Critical Points (Decompressed): 5572

[34/90] Processing: ODV_bcar1_1_768_1152.dat
  False Negatives: 0
  False Positives: 23573
  False Types: 0
  Grand Total: 23573
  Total Critical Points (Decompressed): 29638

[35/90] Processing: ODV_bcar2_1_768_1152.dat
  False Negatives: 0
  False Positives: 5371
  False Types: 0
  Grand Total: 5371
  Total Critical Points (Decompressed): 11111

[36/90] Processing: ODV_dust1_1_768_1152.dat
  False Negatives: 0
  False Positives: 3895
  False Types: 0
  Grand Total: 3895
  Total Critical Points (Decompressed): 7731

[37/90] Processing: ODV_dust2_1_768_1152.dat
  False Negatives: 0
  False Positives: 4867
  False Types: 0
  Grand Total: 4867
  Total Critical Points (Decompressed): 8647

[38/90] Processing: ODV_dust3_1_768_1152.dat
  False Negatives: 0
  False Positives: 8191
  False Types: 0
  Grand Total: 8191
  Total Critical Points (Decompressed): 11450

[39/90] Processing: ODV_dust4_1_768_1152.dat
  False Negatives: 0
  False Positives: 9172
  False Types: 0
  Grand Total: 9172
  Total Critical Points (Decompressed): 11731

[40/90] Processing: ODV_ocar1_1_768_1152.dat
  False Negatives: 0
  False Positives: 28032
  False Types: 0
  Grand Total: 28032
  Total Critical Points (Decompressed): 33979

[41/90] Processing: ODV_ocar2_1_768_1152.dat
  False Negatives: 0
  False Positives: 0
  False Types: 0
  Grand Total: 0
  Total Critical Points (Decompressed): 83989

[42/90] Processing: ODV_SSLTA_1_768_1152.dat
  False Negatives: 0
  False Positives: 0
  False Types: 0
  Grand Total: 0
  Total Critical Points (Decompressed): 75299

[43/90] Processing: ODV_SSLTC_1_768_1152.dat
  False Negatives: 0
  False Positives: 0
  False Types: 0
  Grand Total: 0
  Total Critical Points (Decompressed): 81003

[44/90] Processing: ODV_sulf_1_768_1152.dat
  False Negatives: 0
  False Positives: 0
  False Types: 0
  Grand Total: 0
  Total Critical Points (Decompressed): 91938

[45/90] Processing: ODV_VOLC_MMR_1_768_1152.dat
  False Negatives: 0
  False Positives: 3451
  False Types: 0
  Grand Total: 3451
  Total Critical Points (Decompressed): 25354

[46/90] Processing: PBLH_1_768_1152.dat
  False Negatives: 0
  False Positives: 0
  False Types: 0
  Grand Total: 0
  Total Critical Points (Decompressed): 83209

[47/90] Processing: PCONVB_1_768_1152.dat
  False Negatives: 0
  False Positives: 0
  False Types: 0
  Grand Total: 0
  Total Critical Points (Decompressed): 43992

[48/90] Processing: PCONVT_1_768_1152.dat
  False Negatives: 0
  False Positives: 0
  False Types: 0
  Grand Total: 0
  Total Critical Points (Decompressed): 66961

[49/90] Processing: PHIS_1_768_1152.dat
  False Negatives: 0
  False Positives: 0
  False Types: 0
  Grand Total: 0
  Total Critical Points (Decompressed): 8842

[50/90] Processing: PRECC_1_768_1152.dat
  False Negatives: 0
  False Positives: 639
  False Types: 0
  Grand Total: 639
  Total Critical Points (Decompressed): 731

[51/90] Processing: PRECCDZM_1_768_1152.dat
  False Negatives: 0
  False Positives: 9
  False Types: 0
  Grand Total: 9
  Total Critical Points (Decompressed): 96

[52/90] Processing: PRECL_1_768_1152.dat
  False Negatives: 0
  False Positives: 6458
  False Types: 0
  Grand Total: 6458
  Total Critical Points (Decompressed): 6704

[53/90] Processing: PRECSC_1_768_1152.dat
  False Negatives: 0
  False Positives: 0
  False Types: 0
  Grand Total: 0
  Total Critical Points (Decompressed): 0

[54/90] Processing: PRECSH_1_768_1152.dat
  False Negatives: 0
  False Positives: 0
  False Types: 0
  Grand Total: 0
  Total Critical Points (Decompressed): 0

[55/90] Processing: PRECSL_1_768_1152.dat
  False Negatives: 0
  False Positives: 1
  False Types: 0
  Grand Total: 1
  Total Critical Points (Decompressed): 13

[56/90] Processing: PRECT_1_768_1152.dat
  False Negatives: 0
  False Positives: 17341
  False Types: 0
  Grand Total: 17341
  Total Critical Points (Decompressed): 17619

[57/90] Processing: PS_1_768_1152.dat
  False Negatives: 0
  False Positives: 0
  False Types: 0
  Grand Total: 0
  Total Critical Points (Decompressed): 10559

[58/90] Processing: PSL_1_768_1152.dat
  False Negatives: 0
  False Positives: 0
  False Types: 0
  Grand Total: 0
  Total Critical Points (Decompressed): 18315

[59/90] Processing: QFLX_1_768_1152.dat
  False Negatives: 0
  False Positives: 21253
  False Types: 0
  Grand Total: 21253
  Total Critical Points (Decompressed): 44794

[60/90] Processing: QREFHT_1_768_1152.dat
  False Negatives: 0
  False Positives: 0
  False Types: 0
  Grand Total: 0
  Total Critical Points (Decompressed): 19516

[61/90] Processing: RHREFHT_1_768_1152.dat
  False Negatives: 0
  False Positives: 0
  False Types: 0
  Grand Total: 0
  Total Critical Points (Decompressed): 79464

[62/90] Processing: SFCLDICE_1_768_1152.dat
  False Negatives: 0
  False Positives: 0
  False Types: 0
  Grand Total: 0
  Total Critical Points (Decompressed): 0

[63/90] Processing: SFCLDLIQ_1_768_1152.dat
  False Negatives: 0
  False Positives: 0
  False Types: 0
  Grand Total: 0
  Total Critical Points (Decompressed): 0

[64/90] Processing: SHFLX_1_768_1152.dat
  False Negatives: 0
  False Positives: 0
  False Types: 0
  Grand Total: 0
  Total Critical Points (Decompressed): 47010

[65/90] Processing: SNOWHICE_1_768_1152.dat
  False Negatives: 0
  False Positives: 11060
  False Types: 0
  Grand Total: 11060
  Total Critical Points (Decompressed): 11704

[66/90] Processing: SNOWHLND_1_768_1152.dat
  False Negatives: 0
  False Positives: 53236
  False Types: 0
  Grand Total: 53236
  Total Critical Points (Decompressed): 86838

[67/90] Processing: SOLIN_1_768_1152.dat
  False Negatives: 0
  False Positives: 0
  False Types: 0
  Grand Total: 0
  Total Critical Points (Decompressed): 51

[68/90] Processing: SRFRAD_1_768_1152.dat
  False Negatives: 0
  False Positives: 0
  False Types: 0
  Grand Total: 0
  Total Critical Points (Decompressed): 93762

[69/90] Processing: SWCF_1_768_1152.dat
  False Negatives: 0
  False Positives: 0
  False Types: 0
  Grand Total: 0
  Total Critical Points (Decompressed): 125302

[70/90] Processing: TAUX_1_768_1152.dat
  False Negatives: 0
  False Positives: 0
  False Types: 0
  Grand Total: 0
  Total Critical Points (Decompressed): 24214

[71/90] Processing: TAUY_1_768_1152.dat
  False Negatives: 0
  False Positives: 1
  False Types: 0
  Grand Total: 1
  Total Critical Points (Decompressed): 24480

[72/90] Processing: TGCLDIWP_1_768_1152.dat
  False Negatives: 0
  False Positives: 0
  False Types: 0
  Grand Total: 0
  Total Critical Points (Decompressed): 84478

[73/90] Processing: TGCLDLWP_1_768_1152.dat
  False Negatives: 0
  False Positives: 0
  False Types: 0
  Grand Total: 0
  Total Critical Points (Decompressed): 81571

[74/90] Processing: TH2d_1_768_1152.dat
  False Negatives: 0
  False Positives: 11877
  False Types: 0
  Grand Total: 11877
  Total Critical Points (Decompressed): 11905

[75/90] Processing: TMQ_1_768_1152.dat
  False Negatives: 0
  False Positives: 0
  False Types: 0
  Grand Total: 0
  Total Critical Points (Decompressed): 13554

[76/90] Processing: TREFHT_1_768_1152.dat
  False Negatives: 0
  False Positives: 0
  False Types: 0
  Grand Total: 0
  Total Critical Points (Decompressed): 20849

[77/90] Processing: TREFMNAV_1_768_1152.dat
  False Negatives: 0
  False Positives: 0
  False Types: 0
  Grand Total: 0
  Total Critical Points (Decompressed): 43081

[78/90] Processing: TREFMXAV_1_768_1152.dat
  False Negatives: 0
  False Positives: 0
  False Types: 0
  Grand Total: 0
  Total Critical Points (Decompressed): 36416

[79/90] Processing: TROP_P_1_768_1152.dat
  False Negatives: 0
  False Positives: 0
  False Types: 0
  Grand Total: 0
  Total Critical Points (Decompressed): 25880

[80/90] Processing: TROP_T_1_768_1152.dat
  False Negatives: 0
  False Positives: 0
  False Types: 0
  Grand Total: 0
  Total Critical Points (Decompressed): 13560

[81/90] Processing: TROP_Z_1_768_1152.dat
  False Negatives: 0
  False Positives: 0
  False Types: 0
  Grand Total: 0
  Total Critical Points (Decompressed): 20535

[82/90] Processing: TS_1_768_1152.dat
  False Negatives: 0
  False Positives: 0
  False Types: 0
  Grand Total: 0
  Total Critical Points (Decompressed): 24943

[83/90] Processing: TSMN_1_768_1152.dat
  False Negatives: 0
  False Positives: 0
  False Types: 0
  Grand Total: 0
  Total Critical Points (Decompressed): 45369

[84/90] Processing: TSMX_1_768_1152.dat
  False Negatives: 0
  False Positives: 0
  False Types: 0
  Grand Total: 0
  Total Critical Points (Decompressed): 44497

[85/90] Processing: U2d_1_768_1152.dat
  False Negatives: 0
  False Positives: 154711
  False Types: 0
  Grand Total: 154711
  Total Critical Points (Decompressed): 154825

[86/90] Processing: UV2d_1_768_1152.dat
  False Negatives: 1
  False Positives: 68666
  False Types: 0
  Grand Total: 68667
  Total Critical Points (Decompressed): 69058

[87/90] Processing: UW2d_1_768_1152.dat
  False Negatives: 0
  False Positives: 16865
  False Types: 0
  Grand Total: 16865
  Total Critical Points (Decompressed): 18414

[88/90] Processing: V2d_1_768_1152.dat
  False Negatives: 0
  False Positives: 20265
  False Types: 0
  Grand Total: 20265
  Total Critical Points (Decompressed): 21138

[89/90] Processing: VTH2d_1_768_1152.dat
  False Negatives: 3
  False Positives: 147427
  False Types: 0
  Grand Total: 147430
  Total Critical Points (Decompressed): 147843

[90/90] Processing: W2d_1_768_1152.dat
  False Negatives: 24
  False Positives: 23283
  False Types: 0
  Grand Total: 23307
  Total Critical Points (Decompressed): 25237

=== Summary ===
Total files processed: 90
Total files failed: 0
Total false cases across all files: 755053
Average false cases per file: 8389.47
