Found 176 .dat file(s) to process

[1/176] Processing: ACTUAL_IMMOB_1_192_288.dat
  False Negatives: 739
  False Positives: 4778
  False Types: 22
  Grand Total: 5539
  Total Critical Points (Decompressed): 4822

[2/176] Processing: AGNPP_1_192_288.dat
  False Negatives: 1311
  False Positives: 5887
  False Types: 52
  Grand Total: 7250
  Total Critical Points (Decompressed): 5959

[3/176] Processing: ANN_FAREA_BURNED_1_192_288.dat
  False Negatives: 1549
  False Positives: 14030
  False Types: 362
  Grand Total: 15941
  Total Critical Points (Decompressed): 14862

[4/176] Processing: AR_1_192_288.dat
  False Negatives: 2280
  False Positives: 8019
  False Types: 239
  Grand Total: 10538
  Total Critical Points (Decompressed): 8217

[5/176] Processing: area_192_288.dat
  False Negatives: 0
  False Positives: 8041
  False Types: 0
  Grand Total: 8041
  Total Critical Points (Decompressed): 8063

[6/176] Processing: areaatm_192_288.dat
  False Negatives: 1
  False Positives: 4595
  False Types: 0
  Grand Total: 4596
  Total Critical Points (Decompressed): 4614

[7/176] Processing: areaupsc_192_288.dat
  False Negatives: 0
  False Positives: 8041
  False Types: 0
  Grand Total: 8041
  Total Critical Points (Decompressed): 8063

[8/176] Processing: BCDEP_1_192_288.dat
  False Negatives: 0
  False Positives: 4807
  False Types: 0
  Grand Total: 4807
  Total Critical Points (Decompressed): 4822

[9/176] Processing: BGNPP_1_192_288.dat
  False Negatives: 1389
  False Positives: 5146
  False Types: 48
  Grand Total: 6583
  Total Critical Points (Decompressed): 5207

[10/176] Processing: BTRAN_1_192_288.dat
  False Negatives: 667
  False Positives: 9465
  False Types: 81
  Grand Total: 10213
  Total Critical Points (Decompressed): 11266

[11/176] Processing: BUILDHEAT_1_192_288.dat
  False Negatives: 972
  False Positives: 11009
  False Types: 197
  Grand Total: 12178
  Total Critical Points (Decompressed): 11527

[12/176] Processing: COL_CTRUNC_1_192_288.dat
  False Negatives: 749
  False Positives: 7838
  False Types: 94
  Grand Total: 8681
  Total Critical Points (Decompressed): 7916

[13/176] Processing: COL_FIRE_CLOSS_1_192_288.dat
  False Negatives: 448
  False Positives: 4795
  False Types: 13
  Grand Total: 5256
  Total Critical Points (Decompressed): 4822

[14/176] Processing: COL_FIRE_NLOSS_1_192_288.dat
  False Negatives: 34
  False Positives: 4805
  False Types: 0
  Grand Total: 4839
  Total Critical Points (Decompressed): 4822

[15/176] Processing: COL_NTRUNC_1_192_288.dat
  False Negatives: 286
  False Positives: 10392
  False Types: 57
  Grand Total: 10735
  Total Critical Points (Decompressed): 10533

[16/176] Processing: CPOOL_1_192_288.dat
  False Negatives: 0
  False Positives: 4807
  False Types: 0
  Grand Total: 4807
  Total Critical Points (Decompressed): 4822

[17/176] Processing: CWDC_1_192_288.dat
  False Negatives: 97
  False Positives: 9992
  False Types: 6
  Grand Total: 10095
  Total Critical Points (Decompressed): 12532

[18/176] Processing: CWDC_HR_1_192_288.dat
  False Negatives: 0
  False Positives: 4807
  False Types: 0
  Grand Total: 4807
  Total Critical Points (Decompressed): 4822

[19/176] Processing: CWDC_LOSS_1_192_288.dat
  False Negatives: 1285
  False Positives: 6151
  False Types: 102
  Grand Total: 7538
  Total Critical Points (Decompressed): 6250

[20/176] Processing: CWDN_1_192_288.dat
  False Negatives: 404
  False Positives: 10553
  False Types: 38
  Grand Total: 10995
  Total Critical Points (Decompressed): 12776

[21/176] Processing: DEADCROOTC_1_192_288.dat
  False Negatives: 64
  False Positives: 8999
  False Types: 2
  Grand Total: 9065
  Total Critical Points (Decompressed): 11530

[22/176] Processing: DEADCROOTN_1_192_288.dat
  False Negatives: 346
  False Positives: 10739
  False Types: 37
  Grand Total: 11122
  Total Critical Points (Decompressed): 12984

[23/176] Processing: DEADSTEMC_1_192_288.dat
  False Negatives: 69
  False Positives: 10428
  False Types: 1
  Grand Total: 10498
  Total Critical Points (Decompressed): 12954

[24/176] Processing: DEADSTEMN_1_192_288.dat
  False Negatives: 202
  False Positives: 10892
  False Types: 24
  Grand Total: 11118
  Total Critical Points (Decompressed): 13282

[25/176] Processing: DENIT_1_192_288.dat
  False Negatives: 164
  False Positives: 4796
  False Types: 8
  Grand Total: 4968
  Total Critical Points (Decompressed): 4822

[26/176] Processing: DISPVEGC_1_192_288.dat
  False Negatives: 89
  False Positives: 9041
  False Types: 1
  Grand Total: 9131
  Total Critical Points (Decompressed): 11803

[27/176] Processing: DISPVEGN_1_192_288.dat
  False Negatives: 150
  False Positives: 10105
  False Types: 7
  Grand Total: 10262
  Total Critical Points (Decompressed): 12849

[28/176] Processing: DSTDEP_1_192_288.dat
  False Negatives: 0
  False Positives: 4807
  False Types: 0
  Grand Total: 4807
  Total Critical Points (Decompressed): 4822

[29/176] Processing: DSTFLXT_1_192_288.dat
  False Negatives: 65
  False Positives: 4805
  False Types: 2
  Grand Total: 4872
  Total Critical Points (Decompressed): 4822

[30/176] Processing: DWT_CLOSS_1_192_288.dat
  False Negatives: 0
  False Positives: 4807
  False Types: 0
  Grand Total: 4807
  Total Critical Points (Decompressed): 4822

[31/176] Processing: DWT_CONV_CFLUX_1_192_288.dat
  False Negatives: 0
  False Positives: 4807
  False Types: 0
  Grand Total: 4807
  Total Critical Points (Decompressed): 4822

[32/176] Processing: DWT_CONV_NFLUX_1_192_288.dat
  False Negatives: 0
  False Positives: 4807
  False Types: 0
  Grand Total: 4807
  Total Critical Points (Decompressed): 4822

[33/176] Processing: DWT_NLOSS_1_192_288.dat
  False Negatives: 0
  False Positives: 4807
  False Types: 0
  Grand Total: 4807
  Total Critical Points (Decompressed): 4822

[34/176] Processing: DWT_PROD100C_GAIN_1_192_288.dat
  False Negatives: 0
  False Positives: 4807
  False Types: 0
  Grand Total: 4807
  Total Critical Points (Decompressed): 4822

[35/176] Processing: DWT_PROD100N_GAIN_1_192_288.dat
  False Negatives: 0
  False Positives: 4807
  False Types: 0
  Grand Total: 4807
  Total Critical Points (Decompressed): 4822

[36/176] Processing: DWT_PROD10C_GAIN_1_192_288.dat
  False Negatives: 0
  False Positives: 4807
  False Types: 0
  Grand Total: 4807
  Total Critical Points (Decompressed): 4822

[37/176] Processing: DWT_PROD10N_GAIN_1_192_288.dat
  False Negatives: 0
  False Positives: 4807
  False Types: 0
  Grand Total: 4807
  Total Critical Points (Decompressed): 4822

[38/176] Processing: DWT_SEEDC_TO_DEADSTEM_1_192_288.dat
  False Negatives: 0
  False Positives: 4807
  False Types: 0
  Grand Total: 4807
  Total Critical Points (Decompressed): 4822

[39/176] Processing: DWT_SEEDC_TO_LEAF_1_192_288.dat
  False Negatives: 0
  False Positives: 4807
  False Types: 0
  Grand Total: 4807
  Total Critical Points (Decompressed): 4822

[40/176] Processing: DWT_SEEDN_TO_DEADSTEM_1_192_288.dat
  False Negatives: 0
  False Positives: 4807
  False Types: 0
  Grand Total: 4807
  Total Critical Points (Decompressed): 4822

[41/176] Processing: DWT_SEEDN_TO_LEAF_1_192_288.dat
  False Negatives: 0
  False Positives: 4807
  False Types: 0
  Grand Total: 4807
  Total Critical Points (Decompressed): 4822

[42/176] Processing: EFLX_DYNBAL_1_192_288.dat
  False Negatives: 0
  False Positives: 4807
  False Types: 0
  Grand Total: 4807
  Total Critical Points (Decompressed): 4822

[43/176] Processing: EFLX_LH_TOT_R_1_192_288.dat
  False Negatives: 368
  False Positives: 8843
  False Types: 20
  Grand Total: 9231
  Total Critical Points (Decompressed): 11170

[44/176] Processing: EFLX_LH_TOT_U_1_192_288.dat
  False Negatives: 51
  False Positives: 9953
  False Types: 0
  Grand Total: 10004
  Total Critical Points (Decompressed): 11131

[45/176] Processing: ELAI_1_192_288.dat
  False Negatives: 233
  False Positives: 9600
  False Types: 16
  Grand Total: 9849
  Total Critical Points (Decompressed): 12371

[46/176] Processing: ER_1_192_288.dat
  False Negatives: 2349
  False Positives: 7216
  False Types: 210
  Grand Total: 9775
  Total Critical Points (Decompressed): 7396

[47/176] Processing: ERRH2O_1_192_288.dat
  False Negatives: 0
  False Positives: 4807
  False Types: 0
  Grand Total: 4807
  Total Critical Points (Decompressed): 4822

[48/176] Processing: ERRSEB_1_192_288.dat
  False Negatives: 0
  False Positives: 4807
  False Types: 0
  Grand Total: 4807
  Total Critical Points (Decompressed): 4822

[49/176] Processing: ERRSOI_1_192_288.dat
  False Negatives: 0
  False Positives: 4807
  False Types: 0
  Grand Total: 4807
  Total Critical Points (Decompressed): 4822

[50/176] Processing: ERRSOL_1_192_288.dat
  False Negatives: 0
  False Positives: 4807
  False Types: 0
  Grand Total: 4807
  Total Critical Points (Decompressed): 4822

[51/176] Processing: ESAI_1_192_288.dat
  False Negatives: 574
  False Positives: 9485
  False Types: 56
  Grand Total: 10115
  Total Critical Points (Decompressed): 12014

[52/176] Processing: FCEV_1_192_288.dat
  False Negatives: 516
  False Positives: 10668
  False Types: 60
  Grand Total: 11244
  Total Critical Points (Decompressed): 12687

[53/176] Processing: FCOV_1_192_288.dat
  False Negatives: 1396
  False Positives: 10781
  False Types: 185
  Grand Total: 12362
  Total Critical Points (Decompressed): 13354

[54/176] Processing: FCTR_1_192_288.dat
  False Negatives: 522
  False Positives: 11002
  False Types: 109
  Grand Total: 11633
  Total Critical Points (Decompressed): 12993

[55/176] Processing: FGEV_1_192_288.dat
  False Negatives: 645
  False Positives: 9253
  False Types: 36
  Grand Total: 9934
  Total Critical Points (Decompressed): 12751

[56/176] Processing: FGR_1_192_288.dat
  False Negatives: 1942
  False Positives: 10376
  False Types: 207
  Grand Total: 12525
  Total Critical Points (Decompressed): 12826

[57/176] Processing: FGR12_1_192_288.dat
  False Negatives: 1600
  False Positives: 12901
  False Types: 173
  Grand Total: 14674
  Total Critical Points (Decompressed): 15548

[58/176] Processing: FGR_R_1_192_288.dat
  False Negatives: 800
  False Positives: 10520
  False Types: 78
  Grand Total: 11398
  Total Critical Points (Decompressed): 12434

[59/176] Processing: FGR_U_1_192_288.dat
  False Negatives: 357
  False Positives: 12055
  False Types: 41
  Grand Total: 12453
  Total Critical Points (Decompressed): 12819

[60/176] Processing: FIRA_1_192_288.dat
  False Negatives: 664
  False Positives: 10460
  False Types: 38
  Grand Total: 11162
  Total Critical Points (Decompressed): 13163

[61/176] Processing: FIRA_R_1_192_288.dat
  False Negatives: 318
  False Positives: 8722
  False Types: 15
  Grand Total: 9055
  Total Critical Points (Decompressed): 10771

[62/176] Processing: FIRA_U_1_192_288.dat
  False Negatives: 69
  False Positives: 10482
  False Types: 4
  Grand Total: 10555
  Total Critical Points (Decompressed): 11577

[63/176] Processing: FIRE_1_192_288.dat
  False Negatives: 607
  False Positives: 9843
  False Types: 61
  Grand Total: 10511
  Total Critical Points (Decompressed): 11052

[64/176] Processing: FIRESEASONL_1_192_288.dat
  False Negatives: 113
  False Positives: 11552
  False Types: 9
  Grand Total: 11674
  Total Critical Points (Decompressed): 13851

[65/176] Processing: FLDS_1_192_288.dat
  False Negatives: 719
  False Positives: 11267
  False Types: 64
  Grand Total: 12050
  Total Critical Points (Decompressed): 12440

[66/176] Processing: FLUXFM2A_1_192_288.dat
  False Negatives: 0
  False Positives: 4807
  False Types: 0
  Grand Total: 4807
  Total Critical Points (Decompressed): 4822

[67/176] Processing: FLUXFMLND_1_192_288.dat
  False Negatives: 0
  False Positives: 4807
  False Types: 0
  Grand Total: 4807
  Total Critical Points (Decompressed): 4822

[68/176] Processing: FPG_1_192_288.dat
  False Negatives: 599
  False Positives: 12150
  False Types: 74
  Grand Total: 12823
  Total Critical Points (Decompressed): 13571

[69/176] Processing: FPI_1_192_288.dat
  False Negatives: 631
  False Positives: 10422
  False Types: 71
  Grand Total: 11124
  Total Critical Points (Decompressed): 12602

[70/176] Processing: FPSN_1_192_288.dat
  False Negatives: 393
  False Positives: 10029
  False Types: 42
  Grand Total: 10464
  Total Critical Points (Decompressed): 11988

[71/176] Processing: FROOTC_1_192_288.dat
  False Negatives: 120
  False Positives: 10073
  False Types: 1
  Grand Total: 10194
  Total Critical Points (Decompressed): 12866

[72/176] Processing: FROOTC_ALLOC_1_192_288.dat
  False Negatives: 1390
  False Positives: 4939
  False Types: 38
  Grand Total: 6367
  Total Critical Points (Decompressed): 4991

[73/176] Processing: FROOTC_LOSS_1_192_288.dat
  False Negatives: 1955
  False Positives: 4884
  False Types: 126
  Grand Total: 6965
  Total Critical Points (Decompressed): 4978

[74/176] Processing: FROOTN_1_192_288.dat
  False Negatives: 185
  False Positives: 9746
  False Types: 4
  Grand Total: 9935
  Total Critical Points (Decompressed): 12473

[75/176] Processing: FSA_1_192_288.dat
  False Negatives: 642
  False Positives: 10691
  False Types: 33
  Grand Total: 11366
  Total Critical Points (Decompressed): 13219

[76/176] Processing: FSA_R_1_192_288.dat
  False Negatives: 260
  False Positives: 9999
  False Types: 10
  Grand Total: 10269
  Total Critical Points (Decompressed): 11271

[77/176] Processing: FSAT_1_192_288.dat
  False Negatives: 1847
  False Positives: 11518
  False Types: 282
  Grand Total: 13647
  Total Critical Points (Decompressed): 13657

[78/176] Processing: FSA_U_1_192_288.dat
  False Negatives: 105
  False Positives: 10936
  False Types: 4
  Grand Total: 11045
  Total Critical Points (Decompressed): 11835

[79/176] Processing: FSDS_1_192_288.dat
  False Negatives: 782
  False Positives: 10038
  False Types: 38
  Grand Total: 10858
  Total Critical Points (Decompressed): 11072

[80/176] Processing: FSDSND_1_192_288.dat
  False Negatives: 575
  False Positives: 11708
  False Types: 44
  Grand Total: 12327
  Total Critical Points (Decompressed): 13181

[81/176] Processing: FSDSNDLN_1_192_288.dat
  False Negatives: 567
  False Positives: 10047
  False Types: 30
  Grand Total: 10644
  Total Critical Points (Decompressed): 11918

[82/176] Processing: FSDSNI_1_192_288.dat
  False Negatives: 484
  False Positives: 11394
  False Types: 20
  Grand Total: 11898
  Total Critical Points (Decompressed): 13908

[83/176] Processing: FSDSVD_1_192_288.dat
  False Negatives: 579
  False Positives: 12096
  False Types: 36
  Grand Total: 12711
  Total Critical Points (Decompressed): 13503

[84/176] Processing: FSDSVDLN_1_192_288.dat
  False Negatives: 552
  False Positives: 10185
  False Types: 33
  Grand Total: 10770
  Total Critical Points (Decompressed): 11938

[85/176] Processing: FSDSVI_1_192_288.dat
  False Negatives: 663
  False Positives: 10130
  False Types: 39
  Grand Total: 10832
  Total Critical Points (Decompressed): 12150

[86/176] Processing: FSH_1_192_288.dat
  False Negatives: 1160
  False Positives: 11514
  False Types: 86
  Grand Total: 12760
  Total Critical Points (Decompressed): 14574

[87/176] Processing: FSH_G_1_192_288.dat
  False Negatives: 1620
  False Positives: 12608
  False Types: 185
  Grand Total: 14413
  Total Critical Points (Decompressed): 15746

[88/176] Processing: FSH_NODYNLNDUSE_1_192_288.dat
  False Negatives: 1160
  False Positives: 11514
  False Types: 86
  Grand Total: 12760
  Total Critical Points (Decompressed): 14574

[89/176] Processing: FSH_R_1_192_288.dat
  False Negatives: 638
  False Positives: 9692
  False Types: 43
  Grand Total: 10373
  Total Critical Points (Decompressed): 11839

[90/176] Processing: FSH_U_1_192_288.dat
  False Negatives: 93
  False Positives: 11712
  False Types: 4
  Grand Total: 11809
  Total Critical Points (Decompressed): 12814

[91/176] Processing: FSH_V_1_192_288.dat
  False Negatives: 658
  False Positives: 9246
  False Types: 77
  Grand Total: 9981
  Total Critical Points (Decompressed): 11511

[92/176] Processing: FSM_1_192_288.dat
  False Negatives: 1085
  False Positives: 9724
  False Types: 101
  Grand Total: 10910
  Total Critical Points (Decompressed): 11268

[93/176] Processing: FSM_R_1_192_288.dat
  False Negatives: 1025
  False Positives: 7167
  False Types: 42
  Grand Total: 8234
  Total Critical Points (Decompressed): 8058

[94/176] Processing: FSM_U_1_192_288.dat
  False Negatives: 381
  False Positives: 10755
  False Types: 55
  Grand Total: 11191
  Total Critical Points (Decompressed): 11288

[95/176] Processing: FSNO_1_192_288.dat
  False Negatives: 605
  False Positives: 8061
  False Types: 86
  Grand Total: 8752
  Total Critical Points (Decompressed): 8590

[96/176] Processing: FSR_1_192_288.dat
  False Negatives: 888
  False Positives: 11568
  False Types: 76
  Grand Total: 12532
  Total Critical Points (Decompressed): 14664

[97/176] Processing: FSRND_1_192_288.dat
  False Negatives: 570
  False Positives: 10369
  False Types: 22
  Grand Total: 10961
  Total Critical Points (Decompressed): 13575

[98/176] Processing: FSRNDLN_1_192_288.dat
  False Negatives: 518
  False Positives: 10650
  False Types: 17
  Grand Total: 11185
  Total Critical Points (Decompressed): 14170

[99/176] Processing: FSRNI_1_192_288.dat
  False Negatives: 548
  False Positives: 10788
  False Types: 7
  Grand Total: 11343
  Total Critical Points (Decompressed): 14160

[100/176] Processing: FSRVD_1_192_288.dat
  False Negatives: 692
  False Positives: 12904
  False Types: 41
  Grand Total: 13637
  Total Critical Points (Decompressed): 15533

[101/176] Processing: FSRVDLN_1_192_288.dat
  False Negatives: 492
  False Positives: 12317
  False Types: 23
  Grand Total: 12832
  Total Critical Points (Decompressed): 15227

[102/176] Processing: FSRVI_1_192_288.dat
  False Negatives: 677
  False Positives: 12095
  False Types: 30
  Grand Total: 12802
  Total Critical Points (Decompressed): 15216

[103/176] Processing: GC_HEAT1_1_192_288.dat
  False Negatives: 1856
  False Positives: 11071
  False Types: 178
  Grand Total: 13105
  Total Critical Points (Decompressed): 13900

[104/176] Processing: GC_HEAT2_1_192_288.dat
  False Negatives: 0
  False Positives: 4807
  False Types: 0
  Grand Total: 4807
  Total Critical Points (Decompressed): 4822

[105/176] Processing: GC_ICE1_1_192_288.dat
  False Negatives: 744
  False Positives: 7225
  False Types: 28
  Grand Total: 7997
  Total Critical Points (Decompressed): 8677

[106/176] Processing: GC_ICE2_1_192_288.dat
  False Negatives: 0
  False Positives: 4807
  False Types: 0
  Grand Total: 4807
  Total Critical Points (Decompressed): 4822

[107/176] Processing: GC_LIQ1_1_192_288.dat
  False Negatives: 3391
  False Positives: 9708
  False Types: 534
  Grand Total: 13633
  Total Critical Points (Decompressed): 10400

[108/176] Processing: GC_LIQ2_1_192_288.dat
  False Negatives: 0
  False Positives: 4807
  False Types: 0
  Grand Total: 4807
  Total Critical Points (Decompressed): 4822

[109/176] Processing: GPP_1_192_288.dat
  False Negatives: 1924
  False Positives: 5628
  False Types: 117
  Grand Total: 7669
  Total Critical Points (Decompressed): 5736

[110/176] Processing: GR_1_192_288.dat
  False Negatives: 1339
  False Positives: 4829
  False Types: 40
  Grand Total: 6208
  Total Critical Points (Decompressed): 4880

[111/176] Processing: GROSS_NMIN_1_192_288.dat
  False Negatives: 706
  False Positives: 4778
  False Types: 17
  Grand Total: 5501
  Total Critical Points (Decompressed): 4822

[112/176] Processing: H2OCAN_1_192_288.dat
  False Negatives: 1412
  False Positives: 11714
  False Types: 260
  Grand Total: 13386
  Total Critical Points (Decompressed): 13418

[113/176] Processing: H2OSNO_1_192_288.dat
  False Negatives: 1027
  False Positives: 9445
  False Types: 141
  Grand Total: 10613
  Total Critical Points (Decompressed): 10568

[114/176] Processing: H2OSNO_TOP_1_192_288.dat
  False Negatives: 479
  False Positives: 9283
  False Types: 24
  Grand Total: 9786
  Total Critical Points (Decompressed): 12271

[115/176] Processing: HC_1_192_288.dat
  False Negatives: 678
  False Positives: 12137
  False Types: 44
  Grand Total: 12859
  Total Critical Points (Decompressed): 16098

[116/176] Processing: HCSOI_1_192_288.dat
  False Negatives: 731
  False Positives: 11381
  False Types: 43
  Grand Total: 12155
  Total Critical Points (Decompressed): 15154

[117/176] Processing: HEAT_FROM_AC_1_192_288.dat
  False Negatives: 54
  False Positives: 5445
  False Types: 0
  Grand Total: 5499
  Total Critical Points (Decompressed): 5473

[118/176] Processing: HR_1_192_288.dat
  False Negatives: 2366
  False Positives: 5831
  False Types: 172
  Grand Total: 8369
  Total Critical Points (Decompressed): 5984

[119/176] Processing: HTOP_1_192_288.dat
  False Negatives: 415
  False Positives: 9103
  False Types: 41
  Grand Total: 9559
  Total Critical Points (Decompressed): 11720

[120/176] Processing: LAISHA_1_192_288.dat
  False Negatives: 228
  False Positives: 10252
  False Types: 12
  Grand Total: 10492
  Total Critical Points (Decompressed): 13057

[121/176] Processing: LAISUN_1_192_288.dat
  False Negatives: 943
  False Positives: 12129
  False Types: 154
  Grand Total: 13226
  Total Critical Points (Decompressed): 13694

[122/176] Processing: landfrac_192_288.dat
  False Negatives: 39
  False Positives: 13342
  False Types: 0
  Grand Total: 13381
  Total Critical Points (Decompressed): 14559

[123/176] Processing: latixy_192_288.dat
  False Negatives: 0
  False Positives: 10574
  False Types: 0
  Grand Total: 10574
  Total Critical Points (Decompressed): 10594

[124/176] Processing: latixyatm_192_288.dat
  False Negatives: 0
  False Positives: 10335
  False Types: 0
  Grand Total: 10335
  Total Critical Points (Decompressed): 10357

[125/176] Processing: LEAFC_1_192_288.dat
  False Negatives: 96
  False Positives: 9848
  False Types: 3
  Grand Total: 9947
  Total Critical Points (Decompressed): 12518

[126/176] Processing: LEAFC_ALLOC_1_192_288.dat
  False Negatives: 1306
  False Positives: 4939
  False Types: 37
  Grand Total: 6282
  Total Critical Points (Decompressed): 4991

[127/176] Processing: LEAFC_LOSS_1_192_288.dat
  False Negatives: 1841
  False Positives: 4800
  False Types: 123
  Grand Total: 6764
  Total Critical Points (Decompressed): 4899

[128/176] Processing: LEAFN_1_192_288.dat
  False Negatives: 190
  False Positives: 9833
  False Types: 11
  Grand Total: 10034
  Total Critical Points (Decompressed): 12512

[129/176] Processing: LITFALL_1_192_288.dat
  False Negatives: 2298
  False Positives: 6919
  False Types: 236
  Grand Total: 9453
  Total Critical Points (Decompressed): 7090

[130/176] Processing: LITHR_1_192_288.dat
  False Negatives: 2232
  False Positives: 5778
  False Types: 160
  Grand Total: 8170
  Total Critical Points (Decompressed): 5922

[131/176] Processing: LITR1C_1_192_288.dat
  False Negatives: 529
  False Positives: 10049
  False Types: 73
  Grand Total: 10651
  Total Critical Points (Decompressed): 12985

[132/176] Processing: LITR1C_TO_SOIL1C_1_192_288.dat
  False Negatives: 1616
  False Positives: 4770
  False Types: 88
  Grand Total: 6474
  Total Critical Points (Decompressed): 4865

[133/176] Processing: LITR1N_1_192_288.dat
  False Negatives: 1944
  False Positives: 12884
  False Types: 451
  Grand Total: 15279
  Total Critical Points (Decompressed): 14388

[134/176] Processing: LITR2C_1_192_288.dat
  False Negatives: 129
  False Positives: 9866
  False Types: 6
  Grand Total: 10001
  Total Critical Points (Decompressed): 13088

[135/176] Processing: LITR2C_TO_SOIL2C_1_192_288.dat
  False Negatives: 1911
  False Positives: 6111
  False Types: 149
  Grand Total: 8171
  Total Critical Points (Decompressed): 6236

[136/176] Processing: LITR2N_1_192_288.dat
  False Negatives: 570
  False Positives: 10212
  False Types: 69
  Grand Total: 10851
  Total Critical Points (Decompressed): 13064

[137/176] Processing: LITR3C_1_192_288.dat
  False Negatives: 133
  False Positives: 10061
  False Types: 13
  Grand Total: 10207
  Total Critical Points (Decompressed): 13248

[138/176] Processing: LITR3C_TO_SOIL3C_1_192_288.dat
  False Negatives: 1675
  False Positives: 4722
  False Types: 64
  Grand Total: 6461
  Total Critical Points (Decompressed): 4805

[139/176] Processing: LITR3N_1_192_288.dat
  False Negatives: 356
  False Positives: 9096
  False Types: 27
  Grand Total: 9479
  Total Critical Points (Decompressed): 12127

[140/176] Processing: LITTERC_1_192_288.dat
  False Negatives: 135
  False Positives: 11215
  False Types: 12
  Grand Total: 11362
  Total Critical Points (Decompressed): 14444

[141/176] Processing: LITTERC_HR_1_192_288.dat
  False Negatives: 2232
  False Positives: 5778
  False Types: 160
  Grand Total: 8170
  Total Critical Points (Decompressed): 5922

[142/176] Processing: LITTERC_LOSS_1_192_288.dat
  False Negatives: 2521
  False Positives: 5540
  False Types: 172
  Grand Total: 8233
  Total Critical Points (Decompressed): 5691

[143/176] Processing: LIVECROOTC_1_192_288.dat
  False Negatives: 220
  False Positives: 9636
  False Types: 9
  Grand Total: 9865
  Total Critical Points (Decompressed): 12076

[144/176] Processing: LIVECROOTN_1_192_288.dat
  False Negatives: 1203
  False Positives: 11655
  False Types: 210
  Grand Total: 13068
  Total Critical Points (Decompressed): 13112

[145/176] Processing: LIVESTEMC_1_192_288.dat
  False Negatives: 170
  False Positives: 9360
  False Types: 12
  Grand Total: 9542
  Total Critical Points (Decompressed): 11850

[146/176] Processing: LIVESTEMN_1_192_288.dat
  False Negatives: 769
  False Positives: 11833
  False Types: 135
  Grand Total: 12737
  Total Critical Points (Decompressed): 13724

[147/176] Processing: longxy_192_288.dat
  False Negatives: 5
  False Positives: 11468
  False Types: 0
  Grand Total: 11473
  Total Critical Points (Decompressed): 11502

[148/176] Processing: longxyatm_192_288.dat
  False Negatives: 0
  False Positives: 12081
  False Types: 0
  Grand Total: 12081
  Total Critical Points (Decompressed): 12117

[149/176] Processing: MEAN_FIRE_PROB_1_192_288.dat
  False Negatives: 558
  False Positives: 10320
  False Types: 50
  Grand Total: 10928
  Total Critical Points (Decompressed): 12158

[150/176] Processing: MR_1_192_288.dat
  False Negatives: 2314
  False Positives: 6431
  False Types: 192
  Grand Total: 8937
  Total Critical Points (Decompressed): 6601

[151/176] Processing: NBP_1_192_288.dat
  False Negatives: 2621
  False Positives: 10530
  False Types: 356
  Grand Total: 13507
  Total Critical Points (Decompressed): 10775

[152/176] Processing: NDEPLOY_1_192_288.dat
  False Negatives: 439
  False Positives: 4789
  False Types: 9
  Grand Total: 5237
  Total Critical Points (Decompressed): 4822

[153/176] Processing: NDEP_TO_SMINN_1_192_288.dat
  False Negatives: 0
  False Positives: 4807
  False Types: 0
  Grand Total: 4807
  Total Critical Points (Decompressed): 4822

[154/176] Processing: NEE_1_192_288.dat
  False Negatives: 2628
  False Positives: 9448
  False Types: 323
  Grand Total: 12399
  Total Critical Points (Decompressed): 9676

[155/176] Processing: NEP_1_192_288.dat
  False Negatives: 2566
  False Positives: 10372
  False Types: 357
  Grand Total: 13295
  Total Critical Points (Decompressed): 10610

[156/176] Processing: NET_NMIN_1_192_288.dat
  False Negatives: 528
  False Positives: 4784
  False Types: 17
  Grand Total: 5329
  Total Critical Points (Decompressed): 4822

[157/176] Processing: NFIX_TO_SMINN_1_192_288.dat
  False Negatives: 0
  False Positives: 4807
  False Types: 0
  Grand Total: 4807
  Total Critical Points (Decompressed): 4822

[158/176] Processing: NPP_1_192_288.dat
  False Negatives: 2189
  False Positives: 7545
  False Types: 241
  Grand Total: 9975
  Total Critical Points (Decompressed): 7733

[159/176] Processing: OCDEP_1_192_288.dat
  False Negatives: 0
  False Positives: 4807
  False Types: 0
  Grand Total: 4807
  Total Critical Points (Decompressed): 4822

[160/176] Processing: PBOT_1_192_288.dat
  False Negatives: 352
  False Positives: 10888
  False Types: 61
  Grand Total: 11301
  Total Critical Points (Decompressed): 11191

[161/176] Processing: PCO2_1_192_288.dat
  False Negatives: 349
  False Positives: 10982
  False Types: 63
  Grand Total: 11394
  Total Critical Points (Decompressed): 11288

[162/176] Processing: PFT_CTRUNC_1_192_288.dat
  False Negatives: 2245
  False Positives: 5216
  False Types: 174
  Grand Total: 7635
  Total Critical Points (Decompressed): 5342

[163/176] Processing: PFT_FIRE_CLOSS_1_192_288.dat
  False Negatives: 429
  False Positives: 4795
  False Types: 13
  Grand Total: 5237
  Total Critical Points (Decompressed): 4822

[164/176] Processing: PFT_FIRE_NLOSS_1_192_288.dat
  False Negatives: 27
  False Positives: 4806
  False Types: 0
  Grand Total: 4833
  Total Critical Points (Decompressed): 4822

[165/176] Processing: PFT_NTRUNC_1_192_288.dat
  False Negatives: 2150
  False Positives: 5328
  False Types: 171
  Grand Total: 7649
  Total Critical Points (Decompressed): 5472

[166/176] Processing: PLANT_NDEMAND_1_192_288.dat
  False Negatives: 792
  False Positives: 5320
  False Types: 21
  Grand Total: 6133
  Total Critical Points (Decompressed): 5357

[167/176] Processing: POTENTIAL_IMMOB_1_192_288.dat
  False Negatives: 1213
  False Positives: 4748
  False Types: 56
  Grand Total: 6017
  Total Critical Points (Decompressed): 4822

[168/176] Processing: PROD100C_1_192_288.dat
  False Negatives: 0
  False Positives: 4807
  False Types: 0
  Grand Total: 4807
  Total Critical Points (Decompressed): 4822

[169/176] Processing: PROD100C_LOSS_1_192_288.dat
  False Negatives: 0
  False Positives: 4807
  False Types: 0
  Grand Total: 4807
  Total Critical Points (Decompressed): 4822

[170/176] Processing: PROD100N_1_192_288.dat
  False Negatives: 0
  False Positives: 4807
  False Types: 0
  Grand Total: 4807
  Total Critical Points (Decompressed): 4822

[171/176] Processing: PROD100N_LOSS_1_192_288.dat
  False Negatives: 0
  False Positives: 4807
  False Types: 0
  Grand Total: 4807
  Total Critical Points (Decompressed): 4822

[172/176] Processing: PROD10C_1_192_288.dat
  False Negatives: 0
  False Positives: 4807
  False Types: 0
  Grand Total: 4807
  Total Critical Points (Decompressed): 4822

[173/176] Processing: PROD10C_LOSS_1_192_288.dat
  False Negatives: 0
  False Positives: 4807
  False Types: 0
  Grand Total: 4807
  Total Critical Points (Decompressed): 4822

[174/176] Processing: PROD10N_1_192_288.dat
  False Negatives: 0
  False Positives: 4807
  False Types: 0
  Grand Total: 4807
  Total Critical Points (Decompressed): 4822

[175/176] Processing: topo_192_288.dat
  False Negatives: 0
  False Positives: 4807
  False Types: 0
  Grand Total: 4807
  Total Critical Points (Decompressed): 4822

[176/176] Processing: topodnsc_192_288.dat
  False Negatives: 0
  False Positives: 4807
  False Types: 0
  Grand Total: 4807
  Total Critical Points (Decompressed): 4822

=== Summary ===
Total files processed: 176
Total files failed: 0
Total false cases across all files: 1570587
Average false cases per file: 8923.78
