Input directory: /lcrc/project/ECP-EZ/tripti/CESM-OCEAN-MODELS/4/log_normalized
Output directory: /lcrc/project/ECP-EZ/tripti/CESM-OCEAN-MODELS/4/log_normalized/ZFP_1e-4
Dimensions: 384x320
Error bound: 1E-4

Found 54 .dat file(s) to process

[1/54] Processing: ADVS_1_384_320.dat
type=float nx=384 ny=320 nz=1 nw=1 raw=491520 zfp=168584 ratio=2.92 rate=10.98 rmse=3.887e-07 nrmse=3.887e-07 maxe=8.497e-07 psnr=122.19
compressionTime = 0.002704
decompressionTime = 0.001507
  ✓ Compression successful (ratio: 2.91x)

[2/54] Processing: ADVS_ISOP_1_384_320.dat
type=float nx=384 ny=320 nz=1 nw=1 raw=491520 zfp=168584 ratio=2.92 rate=10.98 rmse=2.381e-07 nrmse=2.381e-07 maxe=6.197e-07 psnr=126.44
compressionTime = 0.002742
decompressionTime = 0.001583
  ✓ Compression successful (ratio: 2.91x)

[3/54] Processing: ADVS_SUBM_1_384_320.dat
type=float nx=384 ny=320 nz=1 nw=1 raw=491520 zfp=168584 ratio=2.92 rate=10.98 rmse=6.12e-08 nrmse=6.12e-08 maxe=1.553e-07 psnr=138.24
compressionTime = 0.002659
decompressionTime = 0.001531
  ✓ Compression successful (ratio: 2.91x)

[4/54] Processing: ADVT_1_384_320.dat
type=float nx=384 ny=320 nz=1 nw=1 raw=491520 zfp=190792 ratio=2.58 rate=12.42 rmse=4.985e-06 nrmse=4.985e-06 maxe=2.364e-05 psnr=100.03
compressionTime = 0.003550
decompressionTime = 0.002943
  ✓ Compression successful (ratio: 2.57x)

[5/54] Processing: ADVT_ISOP_1_384_320.dat
type=float nx=384 ny=320 nz=1 nw=1 raw=491520 zfp=184064 ratio=2.67 rate=11.98 rmse=4.471e-06 nrmse=4.471e-06 maxe=2.283e-05 psnr=100.97
compressionTime = 0.003180
decompressionTime = 0.002603
  ✓ Compression successful (ratio: 2.67x)

[6/54] Processing: ADVT_SUBM_1_384_320.dat
type=float nx=384 ny=320 nz=1 nw=1 raw=491520 zfp=174816 ratio=2.81 rate=11.38 rmse=3.519e-06 nrmse=3.519e-06 maxe=2.193e-05 psnr=103.05
compressionTime = 0.003200
decompressionTime = 0.002427
  ✓ Compression successful (ratio: 2.81x)

[7/54] Processing: BSF_1_384_320.dat
type=float nx=384 ny=320 nz=1 nw=1 raw=491520 zfp=210432 ratio=2.34 rate=13.7 rmse=5.109e-06 nrmse=5.109e-06 maxe=2.388e-05 psnr=99.81
compressionTime = 0.003586
decompressionTime = 0.003736
  ✓ Compression successful (ratio: 2.33x)

[8/54] Processing: DIA_DEPTH_1_384_320.dat
type=float nx=384 ny=320 nz=1 nw=1 raw=491520 zfp=224120 ratio=2.19 rate=14.59 rmse=5.172e-06 nrmse=5.172e-06 maxe=2.289e-05 psnr=99.71
compressionTime = 0.003956
decompressionTime = 0.003747
  ✓ Compression successful (ratio: 2.19x)

[9/54] Processing: dTEMP_NEG_2D_1_384_320.dat
type=float nx=384 ny=320 nz=1 nw=1 raw=491520 zfp=202744 ratio=2.42 rate=13.2 rmse=5.149e-06 nrmse=5.149e-06 maxe=2.353e-05 psnr=99.74
compressionTime = 0.003584
decompressionTime = 0.003571
  ✓ Compression successful (ratio: 2.42x)

[10/54] Processing: dTEMP_POS_2D_1_384_320.dat
type=float nx=384 ny=320 nz=1 nw=1 raw=491520 zfp=208872 ratio=2.35 rate=13.6 rmse=5.175e-06 nrmse=5.175e-06 maxe=2.432e-05 psnr=99.70
compressionTime = 0.003549
decompressionTime = 0.003285
  ✓ Compression successful (ratio: 2.35x)

[11/54] Processing: EVAP_F_1_384_320.dat
type=float nx=384 ny=320 nz=1 nw=1 raw=491520 zfp=171368 ratio=2.87 rate=11.16 rmse=1.748e-06 nrmse=1.748e-06 maxe=6.712e-06 psnr=109.13
compressionTime = 0.002967
decompressionTime = 0.001701
  ✓ Compression successful (ratio: 2.86x)

[12/54] Processing: FW_1_384_320.dat
type=float nx=384 ny=320 nz=1 nw=1 raw=491520 zfp=168584 ratio=2.92 rate=10.98 rmse=0 nrmse=0 maxe=0 psnr=inf
compressionTime = 0.002712
decompressionTime = 0.001582
  ✓ Compression successful (ratio: 2.91x)

[13/54] Processing: HBLT_1_384_320.dat
type=float nx=384 ny=320 nz=1 nw=1 raw=491520 zfp=224176 ratio=2.19 rate=14.59 rmse=5.19e-06 nrmse=5.19e-06 maxe=2.532e-05 psnr=99.68
compressionTime = 0.003730
decompressionTime = 0.003945
  ✓ Compression successful (ratio: 2.19x)

[14/54] Processing: HDIFS_1_384_320.dat
type=float nx=384 ny=320 nz=1 nw=1 raw=491520 zfp=168584 ratio=2.92 rate=10.98 rmse=3.188e-07 nrmse=3.188e-07 maxe=8.314e-07 psnr=123.91
compressionTime = 0.002724
decompressionTime = 0.001738
  ✓ Compression successful (ratio: 2.91x)

[15/54] Processing: HDIFT_1_384_320.dat
type=float nx=384 ny=320 nz=1 nw=1 raw=491520 zfp=185528 ratio=2.65 rate=12.08 rmse=4.626e-06 nrmse=4.626e-06 maxe=2.478e-05 psnr=100.68
compressionTime = 0.003335
decompressionTime = 0.002828
  ✓ Compression successful (ratio: 2.64x)

[16/54] Processing: HLS_SUBM_1_384_320.dat
type=float nx=384 ny=320 nz=1 nw=1 raw=491520 zfp=196448 ratio=2.5 rate=12.79 rmse=3.506e-06 nrmse=3.506e-06 maxe=2.789e-05 psnr=103.08
compressionTime = 0.003122
decompressionTime = 0.002855
  ✓ Compression successful (ratio: 2.50x)

[17/54] Processing: HMXL_1_384_320.dat
type=float nx=384 ny=320 nz=1 nw=1 raw=491520 zfp=225024 ratio=2.18 rate=14.65 rmse=5.17e-06 nrmse=5.17e-06 maxe=2.401e-05 psnr=99.71
compressionTime = 0.003894
decompressionTime = 0.003756
  ✓ Compression successful (ratio: 2.18x)

[18/54] Processing: IFRAC_1_384_320.dat
type=float nx=384 ny=320 nz=1 nw=1 raw=491520 zfp=177120 ratio=2.78 rate=11.53 rmse=2.164e-06 nrmse=2.164e-06 maxe=2.408e-05 psnr=107.27
compressionTime = 0.002847
decompressionTime = 0.001850
  ✓ Compression successful (ratio: 2.77x)

[19/54] Processing: INT_DEPTH_1_384_320.dat
type=float nx=384 ny=320 nz=1 nw=1 raw=491520 zfp=224424 ratio=2.19 rate=14.61 rmse=5.19e-06 nrmse=5.19e-06 maxe=2.355e-05 psnr=99.68
compressionTime = 0.003655
decompressionTime = 0.003661
  ✓ Compression successful (ratio: 2.19x)

[20/54] Processing: IOFF_F_1_384_320.dat
type=float nx=384 ny=320 nz=1 nw=1 raw=491520 zfp=168584 ratio=2.92 rate=10.98 rmse=3.161e-08 nrmse=3.161e-08 maxe=1.091e-06 psnr=143.98
compressionTime = 0.002742
decompressionTime = 0.001707
  ✓ Compression successful (ratio: 2.91x)

[21/54] Processing: LWDN_F_1_384_320.dat
type=float nx=384 ny=320 nz=1 nw=1 raw=491520 zfp=208408 ratio=2.36 rate=13.57 rmse=5.154e-06 nrmse=5.154e-06 maxe=2.384e-05 psnr=99.74
compressionTime = 0.003646
decompressionTime = 0.003541
  ✓ Compression successful (ratio: 2.35x)

[22/54] Processing: LWUP_F_1_384_320.dat
type=float nx=384 ny=320 nz=1 nw=1 raw=491520 zfp=215040 ratio=2.29 rate=14 rmse=5.125e-06 nrmse=5.125e-06 maxe=2.363e-05 psnr=99.79
compressionTime = 0.003701
decompressionTime = 0.003571
  ✓ Compression successful (ratio: 2.28x)

[23/54] Processing: MELT_F_1_384_320.dat
type=float nx=384 ny=320 nz=1 nw=1 raw=491520 zfp=171424 ratio=2.87 rate=11.16 rmse=1.789e-06 nrmse=1.789e-06 maxe=7.648e-06 psnr=108.93
compressionTime = 0.002739
decompressionTime = 0.001803
  ✓ Compression successful (ratio: 2.86x)

[24/54] Processing: MELTH_F_1_384_320.dat
type=float nx=384 ny=320 nz=1 nw=1 raw=491520 zfp=184832 ratio=2.66 rate=12.03 rmse=3.881e-06 nrmse=3.881e-06 maxe=2.193e-05 psnr=102.20
compressionTime = 0.003468
decompressionTime = 0.002967
  ✓ Compression successful (ratio: 2.65x)

[25/54] Processing: PREC_F_1_384_320.dat
type=float nx=384 ny=320 nz=1 nw=1 raw=491520 zfp=169224 ratio=2.9 rate=11.02 rmse=6.033e-07 nrmse=6.033e-07 maxe=5.722e-06 psnr=118.37
compressionTime = 0.002735
decompressionTime = 0.001709
  ✓ Compression successful (ratio: 2.90x)

[26/54] Processing: QFLUX_1_384_320.dat
type=float nx=384 ny=320 nz=1 nw=1 raw=491520 zfp=173200 ratio=2.84 rate=11.28 rmse=1.693e-06 nrmse=1.693e-06 maxe=2.217e-05 psnr=109.41
compressionTime = 0.002745
decompressionTime = 0.001897
  ✓ Compression successful (ratio: 2.83x)

[27/54] Processing: QSW_HBL_1_384_320.dat
type=float nx=384 ny=320 nz=1 nw=1 raw=491520 zfp=217952 ratio=2.26 rate=14.19 rmse=5.059e-06 nrmse=5.059e-06 maxe=2.48e-05 psnr=99.90
compressionTime = 0.003766
decompressionTime = 0.003713
  ✓ Compression successful (ratio: 2.25x)

[28/54] Processing: QSW_HTP_1_384_320.dat
type=float nx=384 ny=320 nz=1 nw=1 raw=491520 zfp=218072 ratio=2.25 rate=14.2 rmse=5.061e-06 nrmse=5.061e-06 maxe=2.328e-05 psnr=99.89
compressionTime = 0.003768
decompressionTime = 0.003554
  ✓ Compression successful (ratio: 2.25x)

[29/54] Processing: RESID_S_1_384_320.dat
type=float nx=384 ny=320 nz=1 nw=1 raw=491520 zfp=168584 ratio=2.92 rate=10.98 rmse=0 nrmse=0 maxe=0 psnr=inf
compressionTime = 0.002783
decompressionTime = 0.001505
  ✓ Compression successful (ratio: 2.91x)

[30/54] Processing: RESID_T_1_384_320.dat
type=float nx=384 ny=320 nz=1 nw=1 raw=491520 zfp=168584 ratio=2.92 rate=10.98 rmse=0 nrmse=0 maxe=0 psnr=inf
compressionTime = 0.002733
decompressionTime = 0.001791
  ✓ Compression successful (ratio: 2.91x)

[31/54] Processing: RHO_VINT_1_384_320.dat
type=float nx=384 ny=320 nz=1 nw=1 raw=491520 zfp=229072 ratio=2.15 rate=14.91 rmse=5.129e-06 nrmse=5.129e-06 maxe=2.48e-05 psnr=99.78
compressionTime = 0.003876
decompressionTime = 0.003842
  ✓ Compression successful (ratio: 2.14x)

[32/54] Processing: ROFF_F_1_384_320.dat
type=float nx=384 ny=320 nz=1 nw=1 raw=491520 zfp=168672 ratio=2.91 rate=10.98 rmse=2.824e-07 nrmse=2.824e-07 maxe=1.192e-05 psnr=124.96
compressionTime = 0.002707
decompressionTime = 0.001634
  ✓ Compression successful (ratio: 2.91x)

[33/54] Processing: SALT_F_1_384_320.dat
type=float nx=384 ny=320 nz=1 nw=1 raw=491520 zfp=168584 ratio=2.92 rate=10.98 rmse=8.417e-09 nrmse=8.417e-09 maxe=2.379e-08 psnr=155.48
compressionTime = 0.003045
decompressionTime = 0.001650
  ✓ Compression successful (ratio: 2.91x)

[34/54] Processing: SENH_F_1_384_320.dat
type=float nx=384 ny=320 nz=1 nw=1 raw=491520 zfp=201624 ratio=2.44 rate=13.13 rmse=5.02e-06 nrmse=5.02e-06 maxe=2.401e-05 psnr=99.97
compressionTime = 0.003697
decompressionTime = 0.003342
  ✓ Compression successful (ratio: 2.43x)

[35/54] Processing: SFWF_1_384_320.dat
type=float nx=384 ny=320 nz=1 nw=1 raw=491520 zfp=171544 ratio=2.87 rate=11.17 rmse=2.089e-06 nrmse=2.089e-06 maxe=1.335e-05 psnr=107.58
compressionTime = 0.002803
decompressionTime = 0.001781
  ✓ Compression successful (ratio: 2.86x)

[36/54] Processing: SFWF_WRST_1_384_320.dat
type=float nx=384 ny=320 nz=1 nw=1 raw=491520 zfp=168584 ratio=2.92 rate=10.98 rmse=0 nrmse=0 maxe=0 psnr=inf
compressionTime = 0.002692
decompressionTime = 0.001434
  ✓ Compression successful (ratio: 2.91x)

[37/54] Processing: SHF_1_384_320.dat
type=float nx=384 ny=320 nz=1 nw=1 raw=491520 zfp=207184 ratio=2.37 rate=13.49 rmse=5.144e-06 nrmse=5.144e-06 maxe=2.456e-05 psnr=99.75
compressionTime = 0.003856
decompressionTime = 0.003501
  ✓ Compression successful (ratio: 2.37x)

[38/54] Processing: SHF_QSW_1_384_320.dat
type=float nx=384 ny=320 nz=1 nw=1 raw=491520 zfp=216808 ratio=2.27 rate=14.12 rmse=5.059e-06 nrmse=5.059e-06 maxe=2.378e-05 psnr=99.90
compressionTime = 0.003656
decompressionTime = 0.003542
  ✓ Compression successful (ratio: 2.26x)

[39/54] Processing: SNOW_F_1_384_320.dat
type=float nx=384 ny=320 nz=1 nw=1 raw=491520 zfp=168584 ratio=2.92 rate=10.98 rmse=2.919e-08 nrmse=2.919e-08 maxe=1.714e-06 psnr=144.67
compressionTime = 0.002819
decompressionTime = 0.001497
  ✓ Compression successful (ratio: 2.91x)

[40/54] Processing: SSH_1_384_320.dat
type=float nx=384 ny=320 nz=1 nw=1 raw=491520 zfp=214384 ratio=2.29 rate=13.96 rmse=5.157e-06 nrmse=5.157e-06 maxe=2.456e-05 psnr=99.73
compressionTime = 0.003853
decompressionTime = 0.003687
  ✓ Compression successful (ratio: 2.29x)

[41/54] Processing: SSH2_1_384_320.dat
type=float nx=384 ny=320 nz=1 nw=1 raw=491520 zfp=231352 ratio=2.12 rate=15.06 rmse=5.172e-06 nrmse=5.172e-06 maxe=2.384e-05 psnr=99.71
compressionTime = 0.003851
decompressionTime = 0.003904
  ✓ Compression successful (ratio: 2.12x)

[42/54] Processing: SU_1_384_320.dat
type=float nx=384 ny=320 nz=1 nw=1 raw=491520 zfp=209280 ratio=2.35 rate=13.62 rmse=5.189e-06 nrmse=5.189e-06 maxe=2.432e-05 psnr=99.68
compressionTime = 0.003723
decompressionTime = 0.003847
  ✓ Compression successful (ratio: 2.34x)

[43/54] Processing: SV_1_384_320.dat
type=float nx=384 ny=320 nz=1 nw=1 raw=491520 zfp=206888 ratio=2.38 rate=13.47 rmse=5.203e-06 nrmse=5.203e-06 maxe=2.718e-05 psnr=99.65
compressionTime = 0.003827
decompressionTime = 0.003635
  ✓ Compression successful (ratio: 2.37x)

[44/54] Processing: TAUX_1_384_320.dat
type=float nx=384 ny=320 nz=1 nw=1 raw=491520 zfp=199888 ratio=2.46 rate=13.01 rmse=4.939e-06 nrmse=4.939e-06 maxe=2.311e-05 psnr=100.11
compressionTime = 0.003360
decompressionTime = 0.003191
  ✓ Compression successful (ratio: 2.45x)

[45/54] Processing: TAUX2_1_384_320.dat
type=float nx=384 ny=320 nz=1 nw=1 raw=491520 zfp=215416 ratio=2.28 rate=14.02 rmse=5.171e-06 nrmse=5.171e-06 maxe=2.503e-05 psnr=99.71
compressionTime = 0.003611
decompressionTime = 0.003390
  ✓ Compression successful (ratio: 2.28x)

[46/54] Processing: TAUY_1_384_320.dat
type=float nx=384 ny=320 nz=1 nw=1 raw=491520 zfp=200936 ratio=2.45 rate=13.08 rmse=4.984e-06 nrmse=4.984e-06 maxe=2.426e-05 psnr=100.03
compressionTime = 0.003495
decompressionTime = 0.003209
  ✓ Compression successful (ratio: 2.44x)

[47/54] Processing: TAUY2_1_384_320.dat
type=float nx=384 ny=320 nz=1 nw=1 raw=491520 zfp=213712 ratio=2.3 rate=13.91 rmse=5.153e-06 nrmse=5.153e-06 maxe=2.284e-05 psnr=99.74
compressionTime = 0.003653
decompressionTime = 0.003455
  ✓ Compression successful (ratio: 2.29x)

[48/54] Processing: TBLT_1_384_320.dat
type=float nx=384 ny=320 nz=1 nw=1 raw=491520 zfp=233936 ratio=2.1 rate=15.23 rmse=5.181e-06 nrmse=5.181e-06 maxe=2.447e-05 psnr=99.69
compressionTime = 0.003824
decompressionTime = 0.003932
  ✓ Compression successful (ratio: 2.10x)

[49/54] Processing: TFW_S_1_384_320.dat
type=float nx=384 ny=320 nz=1 nw=1 raw=491520 zfp=168584 ratio=2.92 rate=10.98 rmse=0 nrmse=0 maxe=0 psnr=inf
compressionTime = 0.002789
decompressionTime = 0.001857
  ✓ Compression successful (ratio: 2.91x)

[50/54] Processing: TFW_T_1_384_320.dat
type=float nx=384 ny=320 nz=1 nw=1 raw=491520 zfp=168584 ratio=2.92 rate=10.98 rmse=0 nrmse=0 maxe=0 psnr=inf
compressionTime = 0.002709
decompressionTime = 0.001745
  ✓ Compression successful (ratio: 2.91x)

[51/54] Processing: TLT_1_384_320.dat
type=float nx=384 ny=320 nz=1 nw=1 raw=491520 zfp=231608 ratio=2.12 rate=15.08 rmse=5.179e-06 nrmse=5.179e-06 maxe=2.503e-05 psnr=99.69
compressionTime = 0.003620
decompressionTime = 0.003825
  ✓ Compression successful (ratio: 2.12x)

[52/54] Processing: TMXL_1_384_320.dat
type=float nx=384 ny=320 nz=1 nw=1 raw=491520 zfp=233184 ratio=2.11 rate=15.18 rmse=5.074e-06 nrmse=5.074e-06 maxe=2.456e-05 psnr=99.87
compressionTime = 0.003957
decompressionTime = 0.003951
  ✓ Compression successful (ratio: 2.10x)

[53/54] Processing: XBLT_1_384_320.dat
type=float nx=384 ny=320 nz=1 nw=1 raw=491520 zfp=224160 ratio=2.19 rate=14.59 rmse=5.159e-06 nrmse=5.159e-06 maxe=2.326e-05 psnr=99.73
compressionTime = 0.003781
decompressionTime = 0.004190
  ✓ Compression successful (ratio: 2.19x)

[54/54] Processing: XMXL_1_384_320.dat
type=float nx=384 ny=320 nz=1 nw=1 raw=491520 zfp=225576 ratio=2.18 rate=14.69 rmse=5.182e-06 nrmse=5.182e-06 maxe=2.41e-05 psnr=99.69
compressionTime = 0.003849
decompressionTime = 0.003874
  ✓ Compression successful (ratio: 2.17x)

=== Summary ===
Total files processed: 54
Total files skipped: 0
Total files failed: 0

