Input directory: ../../CESM-ICE-MODELS/4/log_normalized
Output directory: ../../CESM-ICE-MODELS/4/log_normalized/tthresh_1E-4
Dimensions: 384x320
Error bound: 0.0001

Found 130 .dat file(s) to process

[1/130] Processing: aeroiceint001_1_384_320.dat
oldbits = 3932160, newbits = 1118416, compressionratio = 3.51583, bpv = 9.10169
Total compression time: 233.794ms
eps = 0.0218432, rmse = 0.0119322, psnr = 32.445
Total decompression time: 31.156ms
Total time: 265.001ms
  ✓ Compression successful (ratio: 3.51x)

[2/130] Processing: aeroiceint002_1_384_320.dat
oldbits = 3932160, newbits = 1118416, compressionratio = 3.51583, bpv = 9.10169
Total compression time: 223.944ms
eps = 0.0218432, rmse = 0.0119322, psnr = 32.445
Total decompression time: 31.693ms
Total time: 255.672ms
  ✓ Compression successful (ratio: 3.51x)

[3/130] Processing: aeroiceint003_1_384_320.dat
oldbits = 3932160, newbits = 1118416, compressionratio = 3.51583, bpv = 9.10169
Total compression time: 224.033ms
eps = 0.0218432, rmse = 0.0119322, psnr = 32.445
Total decompression time: 30.897ms
Total time: 254.967ms
  ✓ Compression successful (ratio: 3.51x)

[4/130] Processing: aeroicessl001_1_384_320.dat
oldbits = 3932160, newbits = 1118416, compressionratio = 3.51583, bpv = 9.10169
Total compression time: 231.167ms
eps = 0.0218432, rmse = 0.0119322, psnr = 32.445
Total decompression time: 31.165ms
Total time: 262.374ms
  ✓ Compression successful (ratio: 3.51x)

[5/130] Processing: aeroicessl002_1_384_320.dat
oldbits = 3932160, newbits = 1118416, compressionratio = 3.51583, bpv = 9.10169
Total compression time: 219.935ms
eps = 0.0218432, rmse = 0.0119322, psnr = 32.445
Total decompression time: 30.858ms
Total time: 250.824ms
  ✓ Compression successful (ratio: 3.51x)

[6/130] Processing: aeroicessl003_1_384_320.dat
oldbits = 3932160, newbits = 1118416, compressionratio = 3.51583, bpv = 9.10169
Total compression time: 238.716ms
eps = 0.0218432, rmse = 0.0119322, psnr = 32.445
Total decompression time: 30.801ms
Total time: 269.55ms
  ✓ Compression successful (ratio: 3.51x)

[7/130] Processing: aerosnoint001_1_384_320.dat
oldbits = 3932160, newbits = 1118416, compressionratio = 3.51583, bpv = 9.10169
Total compression time: 224.089ms
eps = 0.0218432, rmse = 0.0119322, psnr = 32.445
Total decompression time: 30.399ms
Total time: 254.54ms
  ✓ Compression successful (ratio: 3.51x)

[8/130] Processing: aerosnoint002_1_384_320.dat
oldbits = 3932160, newbits = 1118416, compressionratio = 3.51583, bpv = 9.10169
Total compression time: 219.467ms
eps = 0.0218432, rmse = 0.0119322, psnr = 32.445
Total decompression time: 30.444ms
Total time: 249.948ms
  ✓ Compression successful (ratio: 3.51x)

[9/130] Processing: aerosnoint003_1_384_320.dat
oldbits = 3932160, newbits = 1118416, compressionratio = 3.51583, bpv = 9.10169
Total compression time: 232.472ms
eps = 0.0218432, rmse = 0.0119322, psnr = 32.445
Total decompression time: 30.43ms
Total time: 262.936ms
  ✓ Compression successful (ratio: 3.51x)

[10/130] Processing: aerosnossl001_1_384_320.dat
oldbits = 3932160, newbits = 1118416, compressionratio = 3.51583, bpv = 9.10169
Total compression time: 227.916ms
eps = 0.0218432, rmse = 0.0119322, psnr = 32.445
Total decompression time: 30.268ms
Total time: 258.243ms
  ✓ Compression successful (ratio: 3.51x)

[11/130] Processing: aerosnossl002_1_384_320.dat
oldbits = 3932160, newbits = 1118416, compressionratio = 3.51583, bpv = 9.10169
Total compression time: 247.05ms
eps = 0.0218432, rmse = 0.0119322, psnr = 32.445
Total decompression time: 31.393ms
Total time: 278.493ms
  ✓ Compression successful (ratio: 3.51x)

[12/130] Processing: aerosnossl003_1_384_320.dat
oldbits = 3932160, newbits = 1118416, compressionratio = 3.51583, bpv = 9.10169
Total compression time: 224.885ms
eps = 0.0218432, rmse = 0.0119322, psnr = 32.445
Total decompression time: 30.498ms
Total time: 255.44ms
  ✓ Compression successful (ratio: 3.51x)

[13/130] Processing: aice_1_384_320.dat
oldbits = 3932160, newbits = 1120208, compressionratio = 3.51021, bpv = 9.11628
Total compression time: 232.966ms
eps = 0.0219026, rmse = 0.0119702, psnr = 32.4174
Total decompression time: 31.89ms
Total time: 264.893ms
  ✓ Compression successful (ratio: 3.51x)

[14/130] Processing: aicen001_1_384_320.dat
oldbits = 3932160, newbits = 1120400, compressionratio = 3.5096, bpv = 9.11784
Total compression time: 234.246ms
eps = 0.0218573, rmse = 0.0119438, psnr = 32.4366
Total decompression time: 31.971ms
Total time: 266.269ms
  ✓ Compression successful (ratio: 3.50x)

[15/130] Processing: aicen002_1_384_320.dat
oldbits = 3932160, newbits = 1119504, compressionratio = 3.51241, bpv = 9.11055
Total compression time: 221.326ms
eps = 0.0218868, rmse = 0.0119583, psnr = 32.426
Total decompression time: 42.397ms
Total time: 263.769ms
  ✓ Compression successful (ratio: 3.51x)

[16/130] Processing: aicen003_1_384_320.dat
oldbits = 3932160, newbits = 1119440, compressionratio = 3.51261, bpv = 9.11003
Total compression time: 229.995ms
eps = 0.0218351, rmse = 0.0119286, psnr = 32.4476
Total decompression time: 31.316ms
Total time: 261.369ms
  ✓ Compression successful (ratio: 3.51x)

[17/130] Processing: aicen004_1_384_320.dat
oldbits = 3932160, newbits = 1253584, compressionratio = 3.13673, bpv = 10.2017
Total compression time: 234.757ms
eps = 0.0107107, rmse = 0.00585118, psnr = 38.6345
Total decompression time: 33.816ms
Total time: 268.615ms
  ✓ Compression successful (ratio: 3.13x)

[18/130] Processing: aicen005_1_384_320.dat
oldbits = 3932160, newbits = 1253456, compressionratio = 3.13705, bpv = 10.2007
Total compression time: 240.781ms
eps = 0.0106807, rmse = 0.00583478, psnr = 38.6589
Total decompression time: 34.165ms
Total time: 274.989ms
  ✓ Compression successful (ratio: 3.13x)

[19/130] Processing: aisnap_1_384_320.dat
oldbits = 3932160, newbits = 1253328, compressionratio = 3.13738, bpv = 10.1996
Total compression time: 225.386ms
eps = 0.0107283, rmse = 0.00586055, psnr = 38.6206
Total decompression time: 31.845ms
Total time: 257.277ms
  ✓ Compression successful (ratio: 3.13x)

[20/130] Processing: albice_1_384_320.dat
oldbits = 3932160, newbits = 1252496, compressionratio = 3.13946, bpv = 10.1928
Total compression time: 223.065ms
eps = 0.0107537, rmse = 0.00587437, psnr = 38.6002
Total decompression time: 33.116ms
Total time: 256.222ms
  ✓ Compression successful (ratio: 3.13x)

[21/130] Processing: albpnd_1_384_320.dat
oldbits = 3932160, newbits = 1252560, compressionratio = 3.1393, bpv = 10.1934
Total compression time: 230.286ms
eps = 0.0107245, rmse = 0.0058584, psnr = 38.6238
Total decompression time: 32.057ms
Total time: 262.38ms
  ✓ Compression successful (ratio: 3.13x)

[22/130] Processing: albsno_1_384_320.dat
oldbits = 3932160, newbits = 1355408, compressionratio = 2.90109, bpv = 11.0303
Total compression time: 226.081ms
eps = 0.0101157, rmse = 0.00552604, psnr = 39.1311
Total decompression time: 34.866ms
Total time: 261.007ms
  ✓ Compression successful (ratio: 2.90x)

[23/130] Processing: alidr_1_384_320.dat
oldbits = 3932160, newbits = 1257872, compressionratio = 3.12604, bpv = 10.2366
Total compression time: 244.562ms
eps = 0.0107572, rmse = 0.00587807, psnr = 38.5947
Total decompression time: 34.792ms
Total time: 279.397ms
  ✓ Compression successful (ratio: 3.12x)

[24/130] Processing: alvdr_1_384_320.dat
oldbits = 3932160, newbits = 1258192, compressionratio = 3.12525, bpv = 10.2392
Total compression time: 230.055ms
eps = 0.0107842, rmse = 0.00589328, psnr = 38.5723
Total decompression time: 34.514ms
Total time: 264.628ms
  ✓ Compression successful (ratio: 3.12x)

[25/130] Processing: ANGLE_384_320.dat
oldbits = 3932160, newbits = 70800, compressionratio = 55.539, bpv = 0.576172
Total compression time: 135.572ms
eps = 0.000664954, rmse = 0.000474865, psnr = 60.448
Total decompression time: 9.5ms
Total time: 145.116ms
  ✓ Compression successful (ratio: 55.53x)

[26/130] Processing: ANGLET_384_320.dat
oldbits = 3932160, newbits = 39056, compressionratio = 100.68, bpv = 0.317839
Total compression time: 122.162ms
eps = 0.00391197, rmse = 0.00279733, psnr = 45.0445
Total decompression time: 9.515ms
Total time: 131.723ms
  ✓ Compression successful (ratio: 100.68x)

[27/130] Processing: apond001_1_384_320.dat
oldbits = 3932160, newbits = 1125328, compressionratio = 3.49423, bpv = 9.15794
Total compression time: 228.288ms
eps = 0.0219132, rmse = 0.0119706, psnr = 32.4171
Total decompression time: 32.742ms
Total time: 261.071ms
  ✓ Compression successful (ratio: 3.49x)

[28/130] Processing: apond002_1_384_320.dat
oldbits = 3932160, newbits = 1127248, compressionratio = 3.48828, bpv = 9.17357
Total compression time: 239.836ms
eps = 0.0219512, rmse = 0.0119952, psnr = 32.3993
Total decompression time: 32.949ms
Total time: 272.829ms
  ✓ Compression successful (ratio: 3.48x)

[29/130] Processing: apond003_1_384_320.dat
oldbits = 3932160, newbits = 1126416, compressionratio = 3.49086, bpv = 9.1668
Total compression time: 242.329ms
eps = 0.0220206, rmse = 0.0120323, psnr = 32.3724
Total decompression time: 31.592ms
Total time: 273.971ms
  ✓ Compression successful (ratio: 3.49x)

[30/130] Processing: apond004_1_384_320.dat
oldbits = 3932160, newbits = 1124688, compressionratio = 3.49622, bpv = 9.15273
Total compression time: 223.069ms
eps = 0.0218979, rmse = 0.0119646, psnr = 32.4215
Total decompression time: 31.049ms
Total time: 254.155ms
  ✓ Compression successful (ratio: 3.49x)

[31/130] Processing: apond005_1_384_320.dat
oldbits = 3932160, newbits = 1257040, compressionratio = 3.12811, bpv = 10.2298
Total compression time: 234.384ms
eps = 0.0107624, rmse = 0.00588006, psnr = 38.5918
Total decompression time: 39.265ms
Total time: 273.693ms
  ✓ Compression successful (ratio: 3.12x)

[32/130] Processing: congel_1_384_320.dat
oldbits = 3932160, newbits = 1482832, compressionratio = 2.65179, bpv = 12.0673
Total compression time: 228.175ms
eps = 0.0049665, rmse = 0.00271303, psnr = 45.3103
Total decompression time: 36.016ms
Total time: 264.232ms
  ✓ Compression successful (ratio: 2.65x)

[33/130] Processing: coszen_1_384_320.dat
oldbits = 3932160, newbits = 1117328, compressionratio = 3.51925, bpv = 9.09284
Total compression time: 274.504ms
eps = 0.02186, rmse = 0.0119418, psnr = 32.438
Total decompression time: 31.021ms
Total time: 305.586ms
  ✓ Compression successful (ratio: 3.51x)

[34/130] Processing: daidtd_1_384_320.dat
oldbits = 3932160, newbits = 1614032, compressionratio = 2.43623, bpv = 13.135
Total compression time: 239.207ms
eps = 0.004268, rmse = 0.00233598, psnr = 46.61
Total decompression time: 35.374ms
Total time: 274.621ms
  ✓ Compression successful (ratio: 2.43x)

[35/130] Processing: daidtt_1_384_320.dat
oldbits = 3932160, newbits = 1245200, compressionratio = 3.15785, bpv = 10.1335
Total compression time: 240.081ms
eps = 0.0107614, rmse = 0.00588271, psnr = 38.5878
Total decompression time: 34ms
Total time: 274.121ms
  ✓ Compression successful (ratio: 3.15x)

[36/130] Processing: dardg1dt_1_384_320.dat
oldbits = 3932160, newbits = 1252432, compressionratio = 3.13962, bpv = 10.1923
Total compression time: 233.25ms
eps = 0.0107037, rmse = 0.00584709, psnr = 38.6406
Total decompression time: 31.766ms
Total time: 265.055ms
  ✓ Compression successful (ratio: 3.13x)

[37/130] Processing: dardg2dt_1_384_320.dat
oldbits = 3932160, newbits = 1252304, compressionratio = 3.13994, bpv = 10.1913
Total compression time: 220.54ms
eps = 0.0107326, rmse = 0.00586286, psnr = 38.6172
Total decompression time: 32.127ms
Total time: 252.708ms
  ✓ Compression successful (ratio: 3.13x)

[38/130] Processing: divu_1_384_320.dat
oldbits = 3932160, newbits = 1489168, compressionratio = 2.64051, bpv = 12.1189
Total compression time: 218.757ms
eps = 0.00468537, rmse = 0.00256891, psnr = 45.7844
Total decompression time: 59.076ms
Total time: 277.875ms
  ✓ Compression successful (ratio: 2.64x)

[39/130] Processing: dvidtd_1_384_320.dat
oldbits = 3932160, newbits = 1736976, compressionratio = 2.2638, bpv = 14.1355
Total compression time: 243.541ms
eps = 0.00416068, rmse = 0.00227556, psnr = 46.8376
Total decompression time: 35.487ms
Total time: 279.087ms
  ✓ Compression successful (ratio: 2.26x)

[40/130] Processing: dvidtt_1_384_320.dat
oldbits = 3932160, newbits = 1113232, compressionratio = 3.5322, bpv = 9.05951
Total compression time: 225.521ms
eps = 0.0218749, rmse = 0.0119548, psnr = 32.4285
Total decompression time: 31.226ms
Total time: 256.789ms
  ✓ Compression successful (ratio: 3.53x)

[41/130] Processing: dvirdgdt_1_384_320.dat
oldbits = 3932160, newbits = 1354000, compressionratio = 2.90411, bpv = 11.0189
Total compression time: 237.683ms
eps = 0.010092, rmse = 0.0055129, psnr = 39.1518
Total decompression time: 97.955ms
Total time: 335.687ms
  ✓ Compression successful (ratio: 2.90x)

[42/130] Processing: dxt_384_320.dat
oldbits = 3932160, newbits = 29968, compressionratio = 131.212, bpv = 0.24388
Total compression time: 149.208ms
eps = 0.00107295, rmse = 0.00103193, psnr = 53.7064
Total decompression time: 8.186ms
Total time: 157.434ms
  ✓ Compression successful (ratio: 131.21x)

[43/130] Processing: dxu_384_320.dat
oldbits = 3932160, newbits = 25872, compressionratio = 151.985, bpv = 0.210547
Total compression time: 134.039ms
eps = 0.00183137, rmse = 0.00176156, psnr = 49.0615
Total decompression time: 7.992ms
Total time: 142.085ms
  ✓ Compression successful (ratio: 151.98x)

[44/130] Processing: dyt_384_320.dat
oldbits = 3932160, newbits = 38480, compressionratio = 102.187, bpv = 0.313151
Total compression time: 134.357ms
eps = 0.00233828, rmse = 0.00205009, psnr = 47.7439
Total decompression time: 9.157ms
Total time: 143.549ms
  ✓ Compression successful (ratio: 102.18x)

[45/130] Processing: dyu_384_320.dat
oldbits = 3932160, newbits = 37968, compressionratio = 103.565, bpv = 0.308984
Total compression time: 121.807ms
eps = 0.00233321, rmse = 0.00204559, psnr = 47.763
Total decompression time: 9.382ms
Total time: 131.243ms
  ✓ Compression successful (ratio: 103.56x)

[46/130] Processing: evap_1_384_320.dat
oldbits = 3932160, newbits = 1118224, compressionratio = 3.51643, bpv = 9.10013
Total compression time: 222.107ms
eps = 0.0218523, rmse = 0.0119372, psnr = 32.4414
Total decompression time: 31.949ms
Total time: 254.106ms
  ✓ Compression successful (ratio: 3.51x)

[47/130] Processing: evap_ai_1_384_320.dat
oldbits = 3932160, newbits = 1252304, compressionratio = 3.13994, bpv = 10.1913
Total compression time: 231.702ms
eps = 0.0107257, rmse = 0.00585905, psnr = 38.6229
Total decompression time: 32.853ms
Total time: 264.61ms
  ✓ Compression successful (ratio: 3.13x)

[48/130] Processing: faero_atm001_1_384_320.dat
oldbits = 3932160, newbits = 1118416, compressionratio = 3.51583, bpv = 9.10169
Total compression time: 237.371ms
eps = 0.0218432, rmse = 0.0119322, psnr = 32.445
Total decompression time: 31.424ms
Total time: 268.836ms
  ✓ Compression successful (ratio: 3.51x)

[49/130] Processing: faero_atm002_1_384_320.dat
oldbits = 3932160, newbits = 1118416, compressionratio = 3.51583, bpv = 9.10169
Total compression time: 231.125ms
eps = 0.0218432, rmse = 0.0119322, psnr = 32.445
Total decompression time: 32.178ms
Total time: 263.342ms
  ✓ Compression successful (ratio: 3.51x)

[50/130] Processing: faero_atm003_1_384_320.dat
oldbits = 3932160, newbits = 1118416, compressionratio = 3.51583, bpv = 9.10169
Total compression time: 225.121ms
eps = 0.0218432, rmse = 0.0119322, psnr = 32.445
Total decompression time: 33.903ms
Total time: 259.065ms
  ✓ Compression successful (ratio: 3.51x)

[51/130] Processing: faero_ocn001_1_384_320.dat
oldbits = 3932160, newbits = 1118416, compressionratio = 3.51583, bpv = 9.10169
Total compression time: 237.661ms
eps = 0.0218432, rmse = 0.0119322, psnr = 32.445
Total decompression time: 32.869ms
Total time: 270.583ms
  ✓ Compression successful (ratio: 3.51x)

[52/130] Processing: faero_ocn002_1_384_320.dat
oldbits = 3932160, newbits = 1118416, compressionratio = 3.51583, bpv = 9.10169
Total compression time: 232.808ms
eps = 0.0218432, rmse = 0.0119322, psnr = 32.445
Total decompression time: 33.474ms
Total time: 266.334ms
  ✓ Compression successful (ratio: 3.51x)

[53/130] Processing: faero_ocn003_1_384_320.dat
oldbits = 3932160, newbits = 1118416, compressionratio = 3.51583, bpv = 9.10169
Total compression time: 222.272ms
eps = 0.0218432, rmse = 0.0119322, psnr = 32.445
Total decompression time: 31.453ms
Total time: 253.795ms
  ✓ Compression successful (ratio: 3.51x)

[54/130] Processing: fcondtop_ai_1_384_320.dat
oldbits = 3932160, newbits = 1607760, compressionratio = 2.44574, bpv = 13.084
Total compression time: 234.121ms
eps = 0.00429643, rmse = 0.00235688, psnr = 46.5327
Total decompression time: 35.239ms
Total time: 269.414ms
  ✓ Compression successful (ratio: 2.44x)

[55/130] Processing: fhocn_1_384_320.dat
oldbits = 3932160, newbits = 1219536, compressionratio = 3.22431, bpv = 9.92461
Total compression time: 217.492ms
eps = 0.0107429, rmse = 0.00594249, psnr = 38.5
Total decompression time: 34.09ms
Total time: 251.636ms
  ✓ Compression successful (ratio: 3.22x)

[56/130] Processing: fhocn_ai_1_384_320.dat
oldbits = 3932160, newbits = 1361808, compressionratio = 2.88746, bpv = 11.0824
Total compression time: 238.105ms
eps = 0.00621015, rmse = 0.00340987, psnr = 43.3246
Total decompression time: 36.208ms
Total time: 274.372ms
  ✓ Compression successful (ratio: 2.88x)

[57/130] Processing: flat_1_384_320.dat
oldbits = 3932160, newbits = 1619664, compressionratio = 2.42776, bpv = 13.1809
Total compression time: 235.515ms
eps = 0.00429163, rmse = 0.00234994, psnr = 46.5583
Total decompression time: 39.841ms
Total time: 275.415ms
  ✓ Compression successful (ratio: 2.42x)

[58/130] Processing: flat_ai_1_384_320.dat
oldbits = 3932160, newbits = 1721552, compressionratio = 2.28408, bpv = 14.01
Total compression time: 232.306ms
eps = 0.00224223, rmse = 0.00122706, psnr = 52.2021
Total decompression time: 37.407ms
Total time: 269.758ms
  ✓ Compression successful (ratio: 2.28x)

[59/130] Processing: flwdn_1_384_320.dat
oldbits = 3932160, newbits = 1359184, compressionratio = 2.89303, bpv = 11.0611
Total compression time: 219.82ms
eps = 0.00617442, rmse = 0.00339382, psnr = 43.3656
Total decompression time: 33.949ms
Total time: 253.812ms
  ✓ Compression successful (ratio: 2.89x)

[60/130] Processing: flwup_1_384_320.dat
oldbits = 3932160, newbits = 1620624, compressionratio = 2.42632, bpv = 13.1887
Total compression time: 227.403ms
eps = 0.0043058, rmse = 0.00235727, psnr = 46.5312
Total decompression time: 37.636ms
Total time: 265.082ms
  ✓ Compression successful (ratio: 2.42x)

[61/130] Processing: flwup_ai_1_384_320.dat
oldbits = 3932160, newbits = 1355984, compressionratio = 2.89986, bpv = 11.035
Total compression time: 225.672ms
eps = 0.00620949, rmse = 0.00341815, psnr = 43.3036
Total decompression time: 35.455ms
Total time: 261.168ms
  ✓ Compression successful (ratio: 2.89x)

[62/130] Processing: frazil_1_384_320.dat
oldbits = 3932160, newbits = 1118032, compressionratio = 3.51704, bpv = 9.09857
Total compression time: 222.293ms
eps = 0.0218695, rmse = 0.0119465, psnr = 32.4346
Total decompression time: 31.257ms
Total time: 253.589ms
  ✓ Compression successful (ratio: 3.51x)

[63/130] Processing: fresh_1_384_320.dat
oldbits = 3932160, newbits = 1116560, compressionratio = 3.52167, bpv = 9.08659
Total compression time: 232.74ms
eps = 0.0219296, rmse = 0.0119849, psnr = 32.4067
Total decompression time: 31.592ms
Total time: 264.389ms
  ✓ Compression successful (ratio: 3.52x)

[64/130] Processing: fresh_ai_1_384_320.dat
oldbits = 3932160, newbits = 1115536, compressionratio = 3.52491, bpv = 9.07826
Total compression time: 240.047ms
eps = 0.0219145, rmse = 0.0119742, psnr = 32.4144
Total decompression time: 30.949ms
Total time: 271.038ms
  ✓ Compression successful (ratio: 3.52x)

[65/130] Processing: fs_1_384_320.dat
oldbits = 3932160, newbits = 1253840, compressionratio = 3.13609, bpv = 10.2038
Total compression time: 231.304ms
eps = 0.0107271, rmse = 0.0058599, psnr = 38.6216
Total decompression time: 35.058ms
Total time: 266.398ms
  ✓ Compression successful (ratio: 3.13x)

[66/130] Processing: fsalt_1_384_320.dat
oldbits = 3932160, newbits = 1120784, compressionratio = 3.5084, bpv = 9.12096
Total compression time: 227.526ms
eps = 0.0218675, rmse = 0.0119455, psnr = 32.4353
Total decompression time: 33.795ms
Total time: 261.362ms
  ✓ Compression successful (ratio: 3.50x)

[67/130] Processing: fsalt_ai_1_384_320.dat
oldbits = 3932160, newbits = 1251984, compressionratio = 3.14074, bpv = 10.1887
Total compression time: 237.303ms
eps = 0.0107307, rmse = 0.00586182, psnr = 38.6188
Total decompression time: 33.675ms
Total time: 271.021ms
  ✓ Compression successful (ratio: 3.14x)

[68/130] Processing: fsens_1_384_320.dat
oldbits = 3932160, newbits = 1618256, compressionratio = 2.42988, bpv = 13.1694
Total compression time: 225.327ms
eps = 0.00431025, rmse = 0.00236146, psnr = 46.5158
Total decompression time: 36.796ms
Total time: 262.166ms
  ✓ Compression successful (ratio: 2.42x)

[69/130] Processing: fsens_ai_1_384_320.dat
oldbits = 3932160, newbits = 1611664, compressionratio = 2.43981, bpv = 13.1158
Total compression time: 223.569ms
eps = 0.00428096, rmse = 0.00234499, psnr = 46.5766
Total decompression time: 35.727ms
Total time: 259.34ms
  ✓ Compression successful (ratio: 2.43x)

[70/130] Processing: fsurf_ai_1_384_320.dat
oldbits = 3932160, newbits = 1485648, compressionratio = 2.64676, bpv = 12.0902
Total compression time: 231.638ms
eps = 0.00469629, rmse = 0.00257625, psnr = 45.7596
Total decompression time: 34.231ms
Total time: 265.914ms
  ✓ Compression successful (ratio: 2.64x)

[71/130] Processing: fswabs_1_384_320.dat
oldbits = 3932160, newbits = 1259600, compressionratio = 3.12175, bpv = 10.2507
Total compression time: 246.685ms
eps = 0.0107843, rmse = 0.00589316, psnr = 38.5724
Total decompression time: 36.222ms
Total time: 282.946ms
  ✓ Compression successful (ratio: 3.12x)

[72/130] Processing: fswabs_ai_1_384_320.dat
oldbits = 3932160, newbits = 1254864, compressionratio = 3.13353, bpv = 10.2121
Total compression time: 236.355ms
eps = 0.0107339, rmse = 0.00586466, psnr = 38.6145
Total decompression time: 32.21ms
Total time: 268.657ms
  ✓ Compression successful (ratio: 3.13x)

[73/130] Processing: fswdn_1_384_320.dat
oldbits = 3932160, newbits = 1361168, compressionratio = 2.88881, bpv = 11.0772
Total compression time: 222.991ms
eps = 0.006178, rmse = 0.00339574, psnr = 43.3607
Total decompression time: 34.908ms
Total time: 257.938ms
  ✓ Compression successful (ratio: 2.88x)

[74/130] Processing: fswfac_1_384_320.dat
oldbits = 3932160, newbits = 1272208, compressionratio = 3.09082, bpv = 10.3533
Total compression time: 244.568ms
eps = 0.01098, rmse = 0.00599866, psnr = 38.4183
Total decompression time: 34.162ms
Total time: 278.786ms
  ✓ Compression successful (ratio: 3.09x)

[75/130] Processing: fswthru_1_384_320.dat
oldbits = 3932160, newbits = 1124880, compressionratio = 3.49563, bpv = 9.1543
Total compression time: 236.326ms
eps = 0.021951, rmse = 0.0119922, psnr = 32.4014
Total decompression time: 32.328ms
Total time: 268.709ms
  ✓ Compression successful (ratio: 3.49x)

[76/130] Processing: fswthru_ai_1_384_320.dat
oldbits = 3932160, newbits = 1119696, compressionratio = 3.51181, bpv = 9.11211
Total compression time: 233.468ms
eps = 0.0219077, rmse = 0.0119679, psnr = 32.4191
Total decompression time: 33.178ms
Total time: 266.69ms
  ✓ Compression successful (ratio: 3.51x)

[77/130] Processing: fswup_1_384_320.dat
oldbits = 3932160, newbits = 1361168, compressionratio = 2.88881, bpv = 11.0772
Total compression time: 225.435ms
eps = 0.00618662, rmse = 0.00340039, psnr = 43.3488
Total decompression time: 38.713ms
Total time: 264.189ms
  ✓ Compression successful (ratio: 2.88x)

[78/130] Processing: FYarea_1_384_320.dat
oldbits = 3932160, newbits = 1120720, compressionratio = 3.5086, bpv = 9.12044
Total compression time: 230.433ms
eps = 0.0218377, rmse = 0.0119293, psnr = 32.4471
Total decompression time: 31.182ms
Total time: 261.651ms
  ✓ Compression successful (ratio: 3.50x)

[79/130] Processing: hi_1_384_320.dat
oldbits = 3932160, newbits = 1253712, compressionratio = 3.13641, bpv = 10.2027
Total compression time: 221.52ms
eps = 0.0107265, rmse = 0.00585958, psnr = 38.6221
Total decompression time: 33.019ms
Total time: 254.59ms
  ✓ Compression successful (ratio: 3.13x)

[80/130] Processing: hisnap_1_384_320.dat
oldbits = 3932160, newbits = 1253520, compressionratio = 3.13689, bpv = 10.2012
Total compression time: 237.131ms
eps = 0.0107046, rmse = 0.00584761, psnr = 38.6398
Total decompression time: 34.339ms
Total time: 271.512ms
  ✓ Compression successful (ratio: 3.13x)

[81/130] Processing: hs_1_384_320.dat
oldbits = 3932160, newbits = 771280, compressionratio = 5.09823, bpv = 6.27669
Total compression time: 210.692ms
eps = 0.048138, rmse = 0.0262961, psnr = 25.5816
Total decompression time: 25.635ms
Total time: 236.383ms
  ✓ Compression successful (ratio: 5.09x)

[82/130] Processing: HTE_384_320.dat
oldbits = 3932160, newbits = 38352, compressionratio = 102.528, bpv = 0.312109
Total compression time: 123.614ms
eps = 0.00232942, rmse = 0.00204233, psnr = 47.7769
Total decompression time: 8.363ms
Total time: 132.01ms
  ✓ Compression successful (ratio: 102.52x)

[83/130] Processing: HTN_384_320.dat
oldbits = 3932160, newbits = 25872, compressionratio = 151.985, bpv = 0.210547
Total compression time: 149.432ms
eps = 0.00181919, rmse = 0.00174984, psnr = 49.1194
Total decompression time: 8.38ms
Total time: 157.877ms
  ✓ Compression successful (ratio: 151.98x)

[84/130] Processing: iage_1_384_320.dat
oldbits = 3932160, newbits = 1254672, compressionratio = 3.13401, bpv = 10.2105
Total compression time: 222.06ms
eps = 0.0107544, rmse = 0.00587481, psnr = 38.5995
Total decompression time: 32.15ms
Total time: 254.249ms
  ✓ Compression successful (ratio: 3.13x)

[85/130] Processing: ice_present_1_384_320.dat
oldbits = 3932160, newbits = 1120592, compressionratio = 3.509, bpv = 9.1194
Total compression time: 221.661ms
eps = 0.0218591, rmse = 0.0119411, psnr = 32.4385
Total decompression time: 30.995ms
Total time: 252.697ms
  ✓ Compression successful (ratio: 3.50x)

[86/130] Processing: meltb_1_384_320.dat
oldbits = 3932160, newbits = 1255056, compressionratio = 3.13306, bpv = 10.2137
Total compression time: 229.276ms
eps = 0.0107195, rmse = 0.00585572, psnr = 38.6278
Total decompression time: 34.473ms
Total time: 263.803ms
  ✓ Compression successful (ratio: 3.13x)

[87/130] Processing: meltl_1_384_320.dat
oldbits = 3932160, newbits = 1118288, compressionratio = 3.51623, bpv = 9.10065
Total compression time: 232.987ms
eps = 0.0218422, rmse = 0.0119316, psnr = 32.4454
Total decompression time: 31.996ms
Total time: 265.025ms
  ✓ Compression successful (ratio: 3.51x)

[88/130] Processing: melts_1_384_320.dat
oldbits = 3932160, newbits = 1253456, compressionratio = 3.13705, bpv = 10.2007
Total compression time: 232.759ms
eps = 0.010725, rmse = 0.00585871, psnr = 38.6234
Total decompression time: 33.9ms
Total time: 266.704ms
  ✓ Compression successful (ratio: 3.13x)

[89/130] Processing: meltt_1_384_320.dat
oldbits = 3932160, newbits = 1118480, compressionratio = 3.51563, bpv = 9.10221
Total compression time: 218.078ms
eps = 0.0218418, rmse = 0.0119314, psnr = 32.4456
Total decompression time: 29.842ms
Total time: 247.97ms
  ✓ Compression successful (ratio: 3.51x)

[90/130] Processing: opening_1_384_320.dat
oldbits = 3932160, newbits = 1120848, compressionratio = 3.5082, bpv = 9.12148
Total compression time: 232.934ms
eps = 0.0219341, rmse = 0.0119822, psnr = 32.4087
Total decompression time: 32.817ms
Total time: 265.789ms
  ✓ Compression successful (ratio: 3.50x)

[91/130] Processing: qi_1_384_320.dat
oldbits = 3932160, newbits = 455568, compressionratio = 8.63133, bpv = 3.70742
Total compression time: 193.821ms
eps = 0.0332847, rmse = 0.0250943, psnr = 25.9879
Total decompression time: 20.019ms
Total time: 213.882ms
  ✓ Compression successful (ratio: 8.63x)

[92/130] Processing: Qref_1_384_320.dat
oldbits = 3932160, newbits = 1738448, compressionratio = 2.26188, bpv = 14.1475
Total compression time: 246.869ms
eps = 0.0041396, rmse = 0.00226458, psnr = 46.8797
Total decompression time: 38.669ms
Total time: 285.584ms
  ✓ Compression successful (ratio: 2.26x)

[93/130] Processing: qs_1_384_320.dat
oldbits = 3932160, newbits = 477840, compressionratio = 8.22903, bpv = 3.88867
Total compression time: 189.307ms
eps = 0.0345054, rmse = 0.0254064, psnr = 25.8805
Total decompression time: 20.027ms
Total time: 209.378ms
  ✓ Compression successful (ratio: 8.22x)

[94/130] Processing: rain_1_384_320.dat
oldbits = 3932160, newbits = 1117648, compressionratio = 3.51825, bpv = 9.09544
Total compression time: 222.672ms
eps = 0.0219641, rmse = 0.0119986, psnr = 32.3968
Total decompression time: 31.202ms
Total time: 253.92ms
  ✓ Compression successful (ratio: 3.51x)

[95/130] Processing: rain_ai_1_384_320.dat
oldbits = 3932160, newbits = 1252240, compressionratio = 3.1401, bpv = 10.1908
Total compression time: 232.327ms
eps = 0.0107278, rmse = 0.0058602, psnr = 38.6212
Total decompression time: 32.277ms
Total time: 264.642ms
  ✓ Compression successful (ratio: 3.14x)

[96/130] Processing: shear_1_384_320.dat
oldbits = 3932160, newbits = 1256912, compressionratio = 3.12843, bpv = 10.2288
Total compression time: 235.957ms
eps = 0.0107585, rmse = 0.0058777, psnr = 38.5953
Total decompression time: 35.199ms
Total time: 271.198ms
  ✓ Compression successful (ratio: 3.12x)

[97/130] Processing: sig1_1_384_320.dat
oldbits = 3932160, newbits = 221200, compressionratio = 17.7765, bpv = 1.80013
Total compression time: 143.373ms
eps = 0.00627957, rmse = 0.00599113, psnr = 38.4292
Total decompression time: 10.654ms
Total time: 154.058ms
  ✓ Compression successful (ratio: 17.77x)

[98/130] Processing: sig2_1_384_320.dat
oldbits = 3932160, newbits = 187600, compressionratio = 20.9603, bpv = 1.52669
Total compression time: 143.463ms
eps = 0.0127751, rmse = 0.0121883, psnr = 32.2606
Total decompression time: 11.561ms
Total time: 155.068ms
  ✓ Compression successful (ratio: 20.96x)

[99/130] Processing: snoice_1_384_320.dat
oldbits = 3932160, newbits = 1118416, compressionratio = 3.51583, bpv = 9.10169
Total compression time: 231.238ms
eps = 0.0218309, rmse = 0.0119255, psnr = 32.4499
Total decompression time: 31.436ms
Total time: 262.718ms
  ✓ Compression successful (ratio: 3.51x)

[100/130] Processing: snow_1_384_320.dat
oldbits = 3932160, newbits = 1252368, compressionratio = 3.13978, bpv = 10.1918
Total compression time: 228.354ms
eps = 0.0107068, rmse = 0.00584874, psnr = 38.6382
Total decompression time: 34.251ms
Total time: 262.663ms
  ✓ Compression successful (ratio: 3.13x)

[101/130] Processing: snow_ai_1_384_320.dat
oldbits = 3932160, newbits = 1118288, compressionratio = 3.51623, bpv = 9.10065
Total compression time: 224.074ms
eps = 0.0218386, rmse = 0.0119297, psnr = 32.4468
Total decompression time: 30.62ms
Total time: 254.774ms
  ✓ Compression successful (ratio: 3.51x)

[102/130] Processing: strairx_1_384_320.dat
oldbits = 3932160, newbits = 1118608, compressionratio = 3.51523, bpv = 9.10326
Total compression time: 225.38ms
eps = 0.0218417, rmse = 0.0119314, psnr = 32.4456
Total decompression time: 31.073ms
Total time: 256.494ms
  ✓ Compression successful (ratio: 3.51x)

[103/130] Processing: strairy_1_384_320.dat
oldbits = 3932160, newbits = 770896, compressionratio = 5.10077, bpv = 6.27357
Total compression time: 217.44ms
eps = 0.0481123, rmse = 0.0262821, psnr = 25.5862
Total decompression time: 25.955ms
Total time: 243.444ms
  ✓ Compression successful (ratio: 5.10x)

[104/130] Processing: strcorx_1_384_320.dat
oldbits = 3932160, newbits = 771024, compressionratio = 5.09992, bpv = 6.27461
Total compression time: 213.614ms
eps = 0.0481188, rmse = 0.0262856, psnr = 25.585
Total decompression time: 26.055ms
Total time: 239.709ms
  ✓ Compression successful (ratio: 5.09x)

[105/130] Processing: strcory_1_384_320.dat
oldbits = 3932160, newbits = 771024, compressionratio = 5.09992, bpv = 6.27461
Total compression time: 207.476ms
eps = 0.0481203, rmse = 0.0262864, psnr = 25.5848
Total decompression time: 25.89ms
Total time: 233.41ms
  ✓ Compression successful (ratio: 5.09x)

[106/130] Processing: strength_1_384_320.dat
oldbits = 3932160, newbits = 1250576, compressionratio = 3.14428, bpv = 10.1772
Total compression time: 226.954ms
eps = 0.0107361, rmse = 0.0058722, psnr = 38.6034
Total decompression time: 32.514ms
Total time: 259.509ms
  ✓ Compression successful (ratio: 3.14x)

[107/130] Processing: strintx_1_384_320.dat
oldbits = 3932160, newbits = 1118160, compressionratio = 3.51663, bpv = 9.09961
Total compression time: 223.951ms
eps = 0.0218461, rmse = 0.0119338, psnr = 32.4438
Total decompression time: 32.349ms
Total time: 256.358ms
  ✓ Compression successful (ratio: 3.51x)

[108/130] Processing: strinty_1_384_320.dat
oldbits = 3932160, newbits = 1118032, compressionratio = 3.51704, bpv = 9.09857
Total compression time: 227.216ms
eps = 0.0218532, rmse = 0.0119376, psnr = 32.441
Total decompression time: 30.328ms
Total time: 257.592ms
  ✓ Compression successful (ratio: 3.51x)

[109/130] Processing: strocnx_1_384_320.dat
oldbits = 3932160, newbits = 1118032, compressionratio = 3.51704, bpv = 9.09857
Total compression time: 238.164ms
eps = 0.0218376, rmse = 0.0119291, psnr = 32.4472
Total decompression time: 33.678ms
Total time: 271.889ms
  ✓ Compression successful (ratio: 3.51x)

[110/130] Processing: strocny_1_384_320.dat
oldbits = 3932160, newbits = 1584016, compressionratio = 2.4824, bpv = 12.8908
Total compression time: 233.772ms
eps = 0.00467631, rmse = 0.00255451, psnr = 45.8333
Total decompression time: 35.673ms
Total time: 269.489ms
  ✓ Compression successful (ratio: 2.48x)

[111/130] Processing: Tair_1_384_320.dat
oldbits = 3932160, newbits = 1611600, compressionratio = 2.43991, bpv = 13.1152
Total compression time: 226.751ms
eps = 0.00427984, rmse = 0.00234528, psnr = 46.5755
Total decompression time: 34.817ms
Total time: 261.612ms
  ✓ Compression successful (ratio: 2.43x)

[112/130] Processing: tarea_384_320.dat
oldbits = 3932160, newbits = 24016, compressionratio = 163.731, bpv = 0.195443
Total compression time: 131.618ms
eps = 0.00186229, rmse = 0.00180359, psnr = 48.8566
Total decompression time: 7.654ms
Total time: 139.312ms
  ✓ Compression successful (ratio: 163.73x)

[113/130] Processing: TLAT_384_320.dat
oldbits = 3932160, newbits = 26512, compressionratio = 148.316, bpv = 0.215755
Total compression time: 128.999ms
eps = 0.00182256, rmse = 0.00151497, psnr = 50.3713
Total decompression time: 7.708ms
Total time: 136.749ms
  ✓ Compression successful (ratio: 148.31x)

[114/130] Processing: TLON_384_320.dat
oldbits = 3932160, newbits = 97424, compressionratio = 40.3613, bpv = 0.792839
Total compression time: 132.621ms
eps = 0.00548836, rmse = 0.00468208, psnr = 40.5706
Total decompression time: 10.179ms
Total time: 142.865ms
  ✓ Compression successful (ratio: 40.36x)

[115/130] Processing: tmask_384_320.dat
oldbits = 3932160, newbits = 774352, compressionratio = 5.078, bpv = 6.30169
Total compression time: 209.215ms
eps = 0.0315236, rmse = 0.0264045, psnr = 25.5458
Total decompression time: 25.238ms
Total time: 234.49ms
  ✓ Compression successful (ratio: 5.07x)

[116/130] Processing: transix_1_384_320.dat
oldbits = 3932160, newbits = 1502736, compressionratio = 2.61667, bpv = 12.2293
Total compression time: 222.914ms
eps = 0.00450396, rmse = 0.00261715, psnr = 45.6228
Total decompression time: 39.873ms
Total time: 262.838ms
  ✓ Compression successful (ratio: 2.61x)

[117/130] Processing: transiy_1_384_320.dat
oldbits = 3932160, newbits = 684432, compressionratio = 5.74514, bpv = 5.56992
Total compression time: 226.649ms
eps = 0.0458446, rmse = 0.0264958, psnr = 25.5159
Total decompression time: 30.233ms
Total time: 256.941ms
  ✓ Compression successful (ratio: 5.74x)

[118/130] Processing: Tref_1_384_320.dat
oldbits = 3932160, newbits = 1614672, compressionratio = 2.43527, bpv = 13.1402
Total compression time: 233.695ms
eps = 0.004285, rmse = 0.00234804, psnr = 46.5653
Total decompression time: 36.635ms
Total time: 270.372ms
  ✓ Compression successful (ratio: 2.43x)

[119/130] Processing: trsig_1_384_320.dat
oldbits = 3932160, newbits = 1428112, compressionratio = 2.7534, bpv = 11.622
Total compression time: 223.071ms
eps = 0.00492978, rmse = 0.00277741, psnr = 45.1066
Total decompression time: 35.646ms
Total time: 258.763ms
  ✓ Compression successful (ratio: 2.75x)

[120/130] Processing: Tsfc_1_384_320.dat
oldbits = 3932160, newbits = 1613968, compressionratio = 2.43633, bpv = 13.1345
Total compression time: 230.416ms
eps = 0.00427131, rmse = 0.00233808, psnr = 46.6022
Total decompression time: 34.703ms
Total time: 265.161ms
  ✓ Compression successful (ratio: 2.43x)

[121/130] Processing: uarea_384_320.dat
oldbits = 3932160, newbits = 26000, compressionratio = 151.237, bpv = 0.211589
Total compression time: 132.962ms
eps = 0.00136247, rmse = 0.00131971, psnr = 51.5699
Total decompression time: 7.838ms
Total time: 140.859ms
  ✓ Compression successful (ratio: 151.23x)

[122/130] Processing: ULAT_384_320.dat
oldbits = 3932160, newbits = 33488, compressionratio = 117.42, bpv = 0.272526
Total compression time: 133.841ms
eps = 0.000770886, rmse = 0.00064067, psnr = 57.8467
Total decompression time: 8.157ms
Total time: 142.054ms
  ✓ Compression successful (ratio: 117.41x)

[123/130] Processing: ULON_384_320.dat
oldbits = 3932160, newbits = 106960, compressionratio = 36.7629, bpv = 0.870443
Total compression time: 125.843ms
eps = 0.00575103, rmse = 0.00490373, psnr = 40.1689
Total decompression time: 8.708ms
Total time: 134.588ms
  ✓ Compression successful (ratio: 36.76x)

[124/130] Processing: uvel_1_384_320.dat
oldbits = 3932160, newbits = 1489296, compressionratio = 2.64028, bpv = 12.1199
Total compression time: 221.717ms
eps = 0.00468676, rmse = 0.00256912, psnr = 45.7837
Total decompression time: 36.073ms
Total time: 257.827ms
  ✓ Compression successful (ratio: 2.64x)

[125/130] Processing: vicen001_1_384_320.dat
oldbits = 3932160, newbits = 1252304, compressionratio = 3.13994, bpv = 10.1913
Total compression time: 227.53ms
eps = 0.0106983, rmse = 0.00584408, psnr = 38.6451
Total decompression time: 32.631ms
Total time: 260.218ms
  ✓ Compression successful (ratio: 3.13x)

[126/130] Processing: vicen002_1_384_320.dat
oldbits = 3932160, newbits = 1118288, compressionratio = 3.51623, bpv = 9.10065
Total compression time: 221.782ms
eps = 0.0218603, rmse = 0.0119415, psnr = 32.4382
Total decompression time: 31.615ms
Total time: 253.454ms
  ✓ Compression successful (ratio: 3.51x)

[127/130] Processing: vicen003_1_384_320.dat
oldbits = 3932160, newbits = 1118544, compressionratio = 3.51543, bpv = 9.10273
Total compression time: 221.865ms
eps = 0.0218433, rmse = 0.0119322, psnr = 32.445
Total decompression time: 30.671ms
Total time: 252.609ms
  ✓ Compression successful (ratio: 3.51x)

[128/130] Processing: vicen004_1_384_320.dat
oldbits = 3932160, newbits = 771152, compressionratio = 5.09907, bpv = 6.27565
Total compression time: 222.22ms
eps = 0.048098, rmse = 0.0262743, psnr = 25.5888
Total decompression time: 25.936ms
Total time: 248.195ms
  ✓ Compression successful (ratio: 5.09x)

[129/130] Processing: vicen005_1_384_320.dat
oldbits = 3932160, newbits = 1118416, compressionratio = 3.51583, bpv = 9.10169
Total compression time: 217.788ms
eps = 0.0218559, rmse = 0.0119391, psnr = 32.4399
Total decompression time: 30.372ms
Total time: 248.209ms
  ✓ Compression successful (ratio: 3.51x)

[130/130] Processing: vvel_1_384_320.dat
oldbits = 3932160, newbits = 1945104, compressionratio = 2.02157, bpv = 15.8293
Total compression time: 223.199ms
eps = 0.001107, rmse = 0.000606396, psnr = 58.3243
Total decompression time: 38.434ms
Total time: 261.735ms
  ✓ Compression successful (ratio: 2.02x)

=== Summary ===
Total files processed: 130
Total files skipped: 0
Total files failed: 0

