Found 60 .dat file(s) to process

[1/60] Processing: AEROD_v_1_1800_3600.dat
  False Negatives: 9106
  False Positives: 33943
  False Types: 528
  Grand Total: 43577
  Total Critical Points (Decompressed): 96442

[2/60] Processing: CLDHGH_1_1800_3600.dat
  False Negatives: 3476
  False Positives: 9732
  False Types: 171
  Grand Total: 13379
  Total Critical Points (Decompressed): 227729

[3/60] Processing: CLDLOW_1_1800_3600.dat
  False Negatives: 2193
  False Positives: 98263
  False Types: 129
  Grand Total: 100585
  Total Critical Points (Decompressed): 209898

[4/60] Processing: CLDMED_1_1800_3600.dat
  False Negatives: 4722
  False Positives: 51663
  False Types: 273
  Grand Total: 56658
  Total Critical Points (Decompressed): 224174

[5/60] Processing: CLDTOT_1_1800_3600.dat
  False Negatives: 2010
  False Positives: 7418
  False Types: 99
  Grand Total: 9527
  Total Critical Points (Decompressed): 185416

[6/60] Processing: FLDS_1_1800_3600.dat
  False Negatives: 1
  False Positives: 0
  False Types: 0
  Grand Total: 1
  Total Critical Points (Decompressed): 74198

[7/60] Processing: FLDSC_1_1800_3600.dat
  False Negatives: 2
  False Positives: 5
  False Types: 0
  Grand Total: 7
  Total Critical Points (Decompressed): 9109

[8/60] Processing: FLNS_1_1800_3600.dat
  False Negatives: 32
  False Positives: 43
  False Types: 0
  Grand Total: 75
  Total Critical Points (Decompressed): 107637

[9/60] Processing: FLNSC_1_1800_3600.dat
  False Negatives: 24
  False Positives: 44
  False Types: 0
  Grand Total: 68
  Total Critical Points (Decompressed): 49592

[10/60] Processing: FLNT_1_1800_3600.dat
  False Negatives: 0
  False Positives: 0
  False Types: 0
  Grand Total: 0
  Total Critical Points (Decompressed): 86009

[11/60] Processing: FLNTC_1_1800_3600.dat
  False Negatives: 0
  False Positives: 0
  False Types: 0
  Grand Total: 0
  Total Critical Points (Decompressed): 18860

[12/60] Processing: FLUT_1_1800_3600.dat
  False Negatives: 0
  False Positives: 0
  False Types: 0
  Grand Total: 0
  Total Critical Points (Decompressed): 85988

[13/60] Processing: FLUTC_1_1800_3600.dat
  False Negatives: 0
  False Positives: 0
  False Types: 0
  Grand Total: 0
  Total Critical Points (Decompressed): 18882

[14/60] Processing: FREQSH_1_1800_3600.dat
  False Negatives: 1530
  False Positives: 14122
  False Types: 103
  Grand Total: 15755
  Total Critical Points (Decompressed): 153304

[15/60] Processing: FREQZM_1_1800_3600.dat
  False Negatives: 2588
  False Positives: 222275
  False Types: 81
  Grand Total: 224944
  Total Critical Points (Decompressed): 299710

[16/60] Processing: FSDS_1_1800_3600.dat
  False Negatives: 0
  False Positives: 24019
  False Types: 0
  Grand Total: 24019
  Total Critical Points (Decompressed): 111571

[17/60] Processing: FSDSC_1_1800_3600.dat
  False Negatives: 0
  False Positives: 24107
  False Types: 0
  Grand Total: 24107
  Total Critical Points (Decompressed): 31866

[18/60] Processing: FSDTOA_1_1800_3600.dat
  False Negatives: 0
  False Positives: 25283
  False Types: 0
  Grand Total: 25283
  Total Critical Points (Decompressed): 25837

[19/60] Processing: FSNS_1_1800_3600.dat
  False Negatives: 5
  False Positives: 23940
  False Types: 0
  Grand Total: 23945
  Total Critical Points (Decompressed): 120683

[20/60] Processing: FSNSC_1_1800_3600.dat
  False Negatives: 2
  False Positives: 23775
  False Types: 0
  Grand Total: 23777
  Total Critical Points (Decompressed): 55624

[21/60] Processing: FSNT_1_1800_3600.dat
  False Negatives: 0
  False Positives: 24271
  False Types: 0
  Grand Total: 24271
  Total Critical Points (Decompressed): 114195

[22/60] Processing: FSNTC_1_1800_3600.dat
  False Negatives: 1
  False Positives: 24301
  False Types: 0
  Grand Total: 24302
  Total Critical Points (Decompressed): 50823

[23/60] Processing: FSNTOA_1_1800_3600.dat
  False Negatives: 0
  False Positives: 24883
  False Types: 0
  Grand Total: 24883
  Total Critical Points (Decompressed): 114541

[24/60] Processing: FSNTOAC_1_1800_3600.dat
  False Negatives: 3
  False Positives: 24942
  False Types: 0
  Grand Total: 24945
  Total Critical Points (Decompressed): 51301

[25/60] Processing: FSUTOA_1_1800_3600.dat
  False Negatives: 2
  False Positives: 24842
  False Types: 0
  Grand Total: 24844
  Total Critical Points (Decompressed): 127319

[26/60] Processing: ICEFRAC_1_1800_3600.dat
  False Negatives: 1070
  False Positives: 261810
  False Types: 138
  Grand Total: 263018
  Total Critical Points (Decompressed): 267703

[27/60] Processing: LANDFRAC_1_1800_3600.dat
  False Negatives: 55
  False Positives: 309216
  False Types: 1
  Grand Total: 309272
  Total Critical Points (Decompressed): 313155

[28/60] Processing: LHFLX_1_1800_3600.dat
  False Negatives: 91
  False Positives: 261
  False Types: 2
  Grand Total: 354
  Total Critical Points (Decompressed): 49942

[29/60] Processing: LWCF_1_1800_3600.dat
  False Negatives: 65
  False Positives: 100
  False Types: 3
  Grand Total: 168
  Total Critical Points (Decompressed): 124889

[30/60] Processing: OCNFRAC_1_1800_3600.dat
  False Negatives: 1242
  False Positives: 379416
  False Types: 164
  Grand Total: 380822
  Total Critical Points (Decompressed): 386760

[31/60] Processing: ODV_bcar1_1_1800_3600.dat
  False Negatives: 2798
  False Positives: 185181
  False Types: 65
  Grand Total: 188044
  Total Critical Points (Decompressed): 185392

[32/60] Processing: ODV_bcar2_1_1800_3600.dat
  False Negatives: 2674
  False Positives: 342883
  False Types: 116
  Grand Total: 345673
  Total Critical Points (Decompressed): 343138

[33/60] Processing: ODV_dust1_1_1800_3600.dat
  False Negatives: 1661
  False Positives: 310722
  False Types: 99
  Grand Total: 312482
  Total Critical Points (Decompressed): 311760

[34/60] Processing: ODV_dust2_1_1800_3600.dat
  False Negatives: 1639
  False Positives: 354910
  False Types: 127
  Grand Total: 356676
  Total Critical Points (Decompressed): 355901

[35/60] Processing: ODV_dust3_1_1800_3600.dat
  False Negatives: 1893
  False Positives: 312395
  False Types: 83
  Grand Total: 314371
  Total Critical Points (Decompressed): 313029

[36/60] Processing: ODV_dust4_1_1800_3600.dat
  False Negatives: 1583
  False Positives: 258983
  False Types: 49
  Grand Total: 260615
  Total Critical Points (Decompressed): 259459

[37/60] Processing: ODV_ocar1_1_1800_3600.dat
  False Negatives: 3043
  False Positives: 197732
  False Types: 113
  Grand Total: 200888
  Total Critical Points (Decompressed): 198030

[38/60] Processing: ODV_ocar2_1_1800_3600.dat
  False Negatives: 52777
  False Positives: 445035
  False Types: 3171
  Grand Total: 500983
  Total Critical Points (Decompressed): 453654

[39/60] Processing: ODV_SSLTA_1_1800_3600.dat
  False Negatives: 19191
  False Positives: 181025
  False Types: 2060
  Grand Total: 202276
  Total Critical Points (Decompressed): 224202

[40/60] Processing: ODV_SSLTC_1_1800_3600.dat
  False Negatives: 24558
  False Positives: 231139
  False Types: 2845
  Grand Total: 258542
  Total Critical Points (Decompressed): 275245

[41/60] Processing: ODV_sulf_1_1800_3600.dat
  False Negatives: 22317
  False Positives: 77919
  False Types: 2058
  Grand Total: 102294
  Total Critical Points (Decompressed): 137323

[42/60] Processing: QREFHT_1_1800_3600.dat
  False Negatives: 8238
  False Positives: 434138
  False Types: 1030
  Grand Total: 443406
  Total Critical Points (Decompressed): 438635

[43/60] Processing: RHREFHT_1_1800_3600.dat
  False Negatives: 63
  False Positives: 92
  False Types: 0
  Grand Total: 155
  Total Critical Points (Decompressed): 42133

[44/60] Processing: SHFLX_1_1800_3600.dat
  False Negatives: 28
  False Positives: 48
  False Types: 4
  Grand Total: 80
  Total Critical Points (Decompressed): 60205

[45/60] Processing: SNOWHICE_1_1800_3600.dat
  False Negatives: 1309
  False Positives: 257705
  False Types: 79
  Grand Total: 259093
  Total Critical Points (Decompressed): 267577

[46/60] Processing: SOLIN_1_1800_3600.dat
  False Negatives: 0
  False Positives: 25283
  False Types: 0
  Grand Total: 25283
  Total Critical Points (Decompressed): 25837

[47/60] Processing: SRFRAD_1_1800_3600.dat
  False Negatives: 0
  False Positives: 0
  False Types: 0
  Grand Total: 0
  Total Critical Points (Decompressed): 90538

[48/60] Processing: SWCF_1_1800_3600.dat
  False Negatives: 195
  False Positives: 3038
  False Types: 27
  Grand Total: 3260
  Total Critical Points (Decompressed): 108873

[49/60] Processing: TAUX_1_1800_3600.dat
  False Negatives: 1628
  False Positives: 4347
  False Types: 120
  Grand Total: 6095
  Total Critical Points (Decompressed): 32567

[50/60] Processing: TAUY_1_1800_3600.dat
  False Negatives: 2809
  False Positives: 7118
  False Types: 220
  Grand Total: 10147
  Total Critical Points (Decompressed): 34330

[51/60] Processing: TGCLDIWP_1_1800_3600.dat
  False Negatives: 35
  False Positives: 73
  False Types: 0
  Grand Total: 108
  Total Critical Points (Decompressed): 111670

[52/60] Processing: TGCLDLWP_1_1800_3600.dat
  False Negatives: 10
  False Positives: 13
  False Types: 0
  Grand Total: 23
  Total Critical Points (Decompressed): 79458

[53/60] Processing: TMQ_1_1800_3600.dat
  False Negatives: 59
  False Positives: 427
  False Types: 4
  Grand Total: 490
  Total Critical Points (Decompressed): 5396

[54/60] Processing: TREFHT_1_1800_3600.dat
  False Negatives: 0
  False Positives: 0
  False Types: 0
  Grand Total: 0
  Total Critical Points (Decompressed): 11674

[55/60] Processing: TREFMNAV_1_1800_3600.dat
  False Negatives: 0
  False Positives: 0
  False Types: 0
  Grand Total: 0
  Total Critical Points (Decompressed): 19953

[56/60] Processing: TREFMXAV_1_1800_3600.dat
  False Negatives: 0
  False Positives: 0
  False Types: 0
  Grand Total: 0
  Total Critical Points (Decompressed): 14225

[57/60] Processing: TROP_T_1_1800_3600.dat
  False Negatives: 0
  False Positives: 0
  False Types: 0
  Grand Total: 0
  Total Critical Points (Decompressed): 13882

[58/60] Processing: TS_1_1800_3600.dat
  False Negatives: 0
  False Positives: 0
  False Types: 0
  Grand Total: 0
  Total Critical Points (Decompressed): 17793

[59/60] Processing: TSMN_1_1800_3600.dat
  False Negatives: 0
  False Positives: 0
  False Types: 0
  Grand Total: 0
  Total Critical Points (Decompressed): 37575

[60/60] Processing: TSMX_1_1800_3600.dat
  False Negatives: 0
  False Positives: 0
  False Types: 0
  Grand Total: 0
  Total Critical Points (Decompressed): 35592

=== Summary ===
Total files processed: 60
Total files failed: 0
Total false cases across all files: 5453570
Average false cases per file: 90892.83
