Input directory: ../../../../CESM-CLIMATE-65G/4/log_normalized/
Output directory: ../../../../CESM-CLIMATE-65G/4/log_normalized/SZ3_1e-3
Dimensions: 768x1152
Error bound: 1e-3

Found 90 .dat file(s) to process

[1/90] Skipping: AEROD_v_1_768_1152.dat (output file already exists)
[2/90] Skipping: cb_ozone_c_1_768_1152.dat (output file already exists)
[3/90] Skipping: cb_sulf_c_1_768_1152.dat (output file already exists)
[4/90] Skipping: CLDHGH_1_768_1152.dat (output file already exists)
[5/90] Skipping: CLDLOW_1_768_1152.dat (output file already exists)
[6/90] Skipping: CLDMED_1_768_1152.dat (output file already exists)
[7/90] Skipping: CLDTOT_1_768_1152.dat (output file already exists)
[8/90] Skipping: FLDS_1_768_1152.dat (output file already exists)
[9/90] Skipping: FLDSC_1_768_1152.dat (output file already exists)
[10/90] Skipping: FLNS_1_768_1152.dat (output file already exists)
[11/90] Skipping: FLNSC_1_768_1152.dat (output file already exists)
[12/90] Skipping: FLNT_1_768_1152.dat (output file already exists)
[13/90] Skipping: FLNTC_1_768_1152.dat (output file already exists)
[14/90] Skipping: FLUT_1_768_1152.dat (output file already exists)
[15/90] Skipping: FLUTC_1_768_1152.dat (output file already exists)
[16/90] Skipping: FREQSH_1_768_1152.dat (output file already exists)
[17/90] Skipping: FREQZM_1_768_1152.dat (output file already exists)
[18/90] Skipping: FSDS_1_768_1152.dat (output file already exists)
[19/90] Processing: FSDSC_1_768_1152.dat
compression ratio = 36.33 
compression time = 0.068906
compressed data file = ../../../../CESM-CLIMATE-65G/4/log_normalized/FSDSC_1_768_1152.dat.sz.tmp
compression ratio = 36.327414
decompression time = 0.043539 seconds.
decompressed file = ../../../../CESM-CLIMATE-65G/4/log_normalized/SZ3_1e-3/FSDSC_1_768_1152.dat.SZ3.out
  ✓ Compression successful (ratio: 1.00x)

[20/90] Processing: FSDTOA_1_768_1152.dat
compression ratio = 207.77 
compression time = 0.023389
compressed data file = ../../../../CESM-CLIMATE-65G/4/log_normalized/FSDTOA_1_768_1152.dat.sz.tmp
compression ratio = 207.769859
decompression time = 0.006968 seconds.
decompressed file = ../../../../CESM-CLIMATE-65G/4/log_normalized/SZ3_1e-3/FSDTOA_1_768_1152.dat.SZ3.out
  ✓ Compression successful (ratio: 1.00x)

[21/90] Processing: FSNS_1_768_1152.dat
compression ratio = 8.97 
compression time = 0.066817
compressed data file = ../../../../CESM-CLIMATE-65G/4/log_normalized/FSNS_1_768_1152.dat.sz.tmp
compression ratio = 8.968752
decompression time = 0.048859 seconds.
decompressed file = ../../../../CESM-CLIMATE-65G/4/log_normalized/SZ3_1e-3/FSNS_1_768_1152.dat.SZ3.out
  ✓ Compression successful (ratio: 1.00x)

[22/90] Processing: FSNSC_1_768_1152.dat
compression ratio = 13.96 
compression time = 0.067594
compressed data file = ../../../../CESM-CLIMATE-65G/4/log_normalized/FSNSC_1_768_1152.dat.sz.tmp
compression ratio = 13.959175
decompression time = 0.044905 seconds.
decompressed file = ../../../../CESM-CLIMATE-65G/4/log_normalized/SZ3_1e-3/FSNSC_1_768_1152.dat.SZ3.out
  ✓ Compression successful (ratio: 1.00x)

[23/90] Processing: FSNT_1_768_1152.dat
compression ratio = 11.66 
compression time = 0.068830
compressed data file = ../../../../CESM-CLIMATE-65G/4/log_normalized/FSNT_1_768_1152.dat.sz.tmp
compression ratio = 11.662324
decompression time = 0.044628 seconds.
decompressed file = ../../../../CESM-CLIMATE-65G/4/log_normalized/SZ3_1e-3/FSNT_1_768_1152.dat.SZ3.out
  ✓ Compression successful (ratio: 1.00x)

[24/90] Processing: FSNTC_1_768_1152.dat
compression ratio = 19.23 
compression time = 0.067211
compressed data file = ../../../../CESM-CLIMATE-65G/4/log_normalized/FSNTC_1_768_1152.dat.sz.tmp
compression ratio = 19.233809
decompression time = 0.044179 seconds.
decompressed file = ../../../../CESM-CLIMATE-65G/4/log_normalized/SZ3_1e-3/FSNTC_1_768_1152.dat.SZ3.out
  ✓ Compression successful (ratio: 1.00x)

[25/90] Processing: FSNTOA_1_768_1152.dat
compression ratio = 11.73 
compression time = 0.063449
compressed data file = ../../../../CESM-CLIMATE-65G/4/log_normalized/FSNTOA_1_768_1152.dat.sz.tmp
compression ratio = 11.733160
decompression time = 0.044089 seconds.
decompressed file = ../../../../CESM-CLIMATE-65G/4/log_normalized/SZ3_1e-3/FSNTOA_1_768_1152.dat.SZ3.out
  ✓ Compression successful (ratio: 1.00x)

[26/90] Processing: FSNTOAC_1_768_1152.dat
compression ratio = 19.43 
compression time = 0.066682
compressed data file = ../../../../CESM-CLIMATE-65G/4/log_normalized/FSNTOAC_1_768_1152.dat.sz.tmp
compression ratio = 19.429695
decompression time = 0.043444 seconds.
decompressed file = ../../../../CESM-CLIMATE-65G/4/log_normalized/SZ3_1e-3/FSNTOAC_1_768_1152.dat.SZ3.out
  ✓ Compression successful (ratio: 1.00x)

[27/90] Processing: FSUTOA_1_768_1152.dat
compression ratio = 8.61 
compression time = 0.068096
compressed data file = ../../../../CESM-CLIMATE-65G/4/log_normalized/FSUTOA_1_768_1152.dat.sz.tmp
compression ratio = 8.608307
decompression time = 0.049837 seconds.
decompressed file = ../../../../CESM-CLIMATE-65G/4/log_normalized/SZ3_1e-3/FSUTOA_1_768_1152.dat.SZ3.out
  ✓ Compression successful (ratio: 1.00x)

[28/90] Processing: ICEFRAC_1_768_1152.dat
compression ratio = 42.66 
compression time = 0.067308
compressed data file = ../../../../CESM-CLIMATE-65G/4/log_normalized/ICEFRAC_1_768_1152.dat.sz.tmp
compression ratio = 42.662038
decompression time = 0.040670 seconds.
decompressed file = ../../../../CESM-CLIMATE-65G/4/log_normalized/SZ3_1e-3/ICEFRAC_1_768_1152.dat.SZ3.out
  ✓ Compression successful (ratio: 1.00x)

[29/90] Processing: LANDFRAC_1_768_1152.dat
compression ratio = 31.58 
compression time = 0.024864
compressed data file = ../../../../CESM-CLIMATE-65G/4/log_normalized/LANDFRAC_1_768_1152.dat.sz.tmp
compression ratio = 31.577415
decompression time = 0.008800 seconds.
decompressed file = ../../../../CESM-CLIMATE-65G/4/log_normalized/SZ3_1e-3/LANDFRAC_1_768_1152.dat.SZ3.out
  ✓ Compression successful (ratio: 1.00x)

[30/90] Processing: LHFLX_1_768_1152.dat
compression ratio = 7.46 
compression time = 0.070061
compressed data file = ../../../../CESM-CLIMATE-65G/4/log_normalized/LHFLX_1_768_1152.dat.sz.tmp
compression ratio = 7.463151
decompression time = 0.052279 seconds.
decompressed file = ../../../../CESM-CLIMATE-65G/4/log_normalized/SZ3_1e-3/LHFLX_1_768_1152.dat.SZ3.out
  ✓ Compression successful (ratio: 1.00x)

[31/90] Processing: LWCF_1_768_1152.dat
compression ratio = 7.56 
compression time = 0.066410
compressed data file = ../../../../CESM-CLIMATE-65G/4/log_normalized/LWCF_1_768_1152.dat.sz.tmp
compression ratio = 7.560748
decompression time = 0.051125 seconds.
decompressed file = ../../../../CESM-CLIMATE-65G/4/log_normalized/SZ3_1e-3/LWCF_1_768_1152.dat.SZ3.out
  ✓ Compression successful (ratio: 1.00x)

[32/90] Processing: MSKtem_1_768_1152.dat
compression ratio = 12.27 
compression time = 0.074704
compressed data file = ../../../../CESM-CLIMATE-65G/4/log_normalized/MSKtem_1_768_1152.dat.sz.tmp
compression ratio = 12.267384
decompression time = 0.056364 seconds.
decompressed file = ../../../../CESM-CLIMATE-65G/4/log_normalized/SZ3_1e-3/MSKtem_1_768_1152.dat.SZ3.out
  ✓ Compression successful (ratio: 1.00x)

[33/90] Processing: OCNFRAC_1_768_1152.dat
compression ratio = 22.58 
compression time = 0.068977
compressed data file = ../../../../CESM-CLIMATE-65G/4/log_normalized/OCNFRAC_1_768_1152.dat.sz.tmp
compression ratio = 22.583334
decompression time = 0.042315 seconds.
decompressed file = ../../../../CESM-CLIMATE-65G/4/log_normalized/SZ3_1e-3/OCNFRAC_1_768_1152.dat.SZ3.out
  ✓ Compression successful (ratio: 1.00x)

[34/90] Processing: ODV_bcar1_1_768_1152.dat
compression ratio = 23.53 
compression time = 0.065702
compressed data file = ../../../../CESM-CLIMATE-65G/4/log_normalized/ODV_bcar1_1_768_1152.dat.sz.tmp
compression ratio = 23.534751
decompression time = 0.042508 seconds.
decompressed file = ../../../../CESM-CLIMATE-65G/4/log_normalized/SZ3_1e-3/ODV_bcar1_1_768_1152.dat.SZ3.out
  ✓ Compression successful (ratio: 1.00x)

[35/90] Processing: ODV_bcar2_1_768_1152.dat
compression ratio = 19.45 
compression time = 0.065696
compressed data file = ../../../../CESM-CLIMATE-65G/4/log_normalized/ODV_bcar2_1_768_1152.dat.sz.tmp
compression ratio = 19.452550
decompression time = 0.043070 seconds.
decompressed file = ../../../../CESM-CLIMATE-65G/4/log_normalized/SZ3_1e-3/ODV_bcar2_1_768_1152.dat.SZ3.out
  ✓ Compression successful (ratio: 1.00x)

[36/90] Processing: ODV_dust1_1_768_1152.dat
compression ratio = 32.27 
compression time = 0.066152
compressed data file = ../../../../CESM-CLIMATE-65G/4/log_normalized/ODV_dust1_1_768_1152.dat.sz.tmp
compression ratio = 32.268731
decompression time = 0.041319 seconds.
decompressed file = ../../../../CESM-CLIMATE-65G/4/log_normalized/SZ3_1e-3/ODV_dust1_1_768_1152.dat.SZ3.out
  ✓ Compression successful (ratio: 1.00x)

[37/90] Processing: ODV_dust2_1_768_1152.dat
compression ratio = 32.49 
compression time = 0.064955
compressed data file = ../../../../CESM-CLIMATE-65G/4/log_normalized/ODV_dust2_1_768_1152.dat.sz.tmp
compression ratio = 32.494505
decompression time = 0.040800 seconds.
decompressed file = ../../../../CESM-CLIMATE-65G/4/log_normalized/SZ3_1e-3/ODV_dust2_1_768_1152.dat.SZ3.out
  ✓ Compression successful (ratio: 1.00x)

[38/90] Processing: ODV_dust3_1_768_1152.dat
compression ratio = 35.89 
compression time = 0.065073
compressed data file = ../../../../CESM-CLIMATE-65G/4/log_normalized/ODV_dust3_1_768_1152.dat.sz.tmp
compression ratio = 35.887923
decompression time = 0.040836 seconds.
decompressed file = ../../../../CESM-CLIMATE-65G/4/log_normalized/SZ3_1e-3/ODV_dust3_1_768_1152.dat.SZ3.out
  ✓ Compression successful (ratio: 1.00x)

[39/90] Processing: ODV_dust4_1_768_1152.dat
compression ratio = 39.53 
compression time = 0.063632
compressed data file = ../../../../CESM-CLIMATE-65G/4/log_normalized/ODV_dust4_1_768_1152.dat.sz.tmp
compression ratio = 39.529790
decompression time = 0.040397 seconds.
decompressed file = ../../../../CESM-CLIMATE-65G/4/log_normalized/SZ3_1e-3/ODV_dust4_1_768_1152.dat.SZ3.out
  ✓ Compression successful (ratio: 1.00x)

[40/90] Processing: ODV_ocar1_1_768_1152.dat
compression ratio = 40.04 
compression time = 0.064806
compressed data file = ../../../../CESM-CLIMATE-65G/4/log_normalized/ODV_ocar1_1_768_1152.dat.sz.tmp
compression ratio = 40.036473
decompression time = 0.040142 seconds.
decompressed file = ../../../../CESM-CLIMATE-65G/4/log_normalized/SZ3_1e-3/ODV_ocar1_1_768_1152.dat.SZ3.out
  ✓ Compression successful (ratio: 1.00x)

[41/90] Processing: ODV_ocar2_1_768_1152.dat
compression ratio = 26.23 
compression time = 0.064859
compressed data file = ../../../../CESM-CLIMATE-65G/4/log_normalized/ODV_ocar2_1_768_1152.dat.sz.tmp
compression ratio = 26.233055
decompression time = 0.043733 seconds.
decompressed file = ../../../../CESM-CLIMATE-65G/4/log_normalized/SZ3_1e-3/ODV_ocar2_1_768_1152.dat.SZ3.out
  ✓ Compression successful (ratio: 1.00x)

[42/90] Processing: ODV_SSLTA_1_768_1152.dat
compression ratio = 8.47 
compression time = 0.068590
compressed data file = ../../../../CESM-CLIMATE-65G/4/log_normalized/ODV_SSLTA_1_768_1152.dat.sz.tmp
compression ratio = 8.473813
decompression time = 0.049859 seconds.
decompressed file = ../../../../CESM-CLIMATE-65G/4/log_normalized/SZ3_1e-3/ODV_SSLTA_1_768_1152.dat.SZ3.out
  ✓ Compression successful (ratio: 1.00x)

[43/90] Processing: ODV_SSLTC_1_768_1152.dat
compression ratio = 8.36 
compression time = 0.067666
compressed data file = ../../../../CESM-CLIMATE-65G/4/log_normalized/ODV_SSLTC_1_768_1152.dat.sz.tmp
compression ratio = 8.362305
decompression time = 0.049556 seconds.
decompressed file = ../../../../CESM-CLIMATE-65G/4/log_normalized/SZ3_1e-3/ODV_SSLTC_1_768_1152.dat.SZ3.out
  ✓ Compression successful (ratio: 1.00x)

[44/90] Processing: ODV_sulf_1_768_1152.dat
compression ratio = 11.76 
compression time = 0.067119
compressed data file = ../../../../CESM-CLIMATE-65G/4/log_normalized/ODV_sulf_1_768_1152.dat.sz.tmp
compression ratio = 11.761978
decompression time = 0.046809 seconds.
decompressed file = ../../../../CESM-CLIMATE-65G/4/log_normalized/SZ3_1e-3/ODV_sulf_1_768_1152.dat.SZ3.out
  ✓ Compression successful (ratio: 1.00x)

[45/90] Processing: ODV_VOLC_MMR_1_768_1152.dat
compression ratio = 58.46 
compression time = 0.062015
compressed data file = ../../../../CESM-CLIMATE-65G/4/log_normalized/ODV_VOLC_MMR_1_768_1152.dat.sz.tmp
compression ratio = 58.458225
decompression time = 0.040096 seconds.
decompressed file = ../../../../CESM-CLIMATE-65G/4/log_normalized/SZ3_1e-3/ODV_VOLC_MMR_1_768_1152.dat.SZ3.out
  ✓ Compression successful (ratio: 1.00x)

[46/90] Processing: PBLH_1_768_1152.dat
compression ratio = 8.21 
compression time = 0.074776
compressed data file = ../../../../CESM-CLIMATE-65G/4/log_normalized/PBLH_1_768_1152.dat.sz.tmp
compression ratio = 8.207027
decompression time = 0.054176 seconds.
decompressed file = ../../../../CESM-CLIMATE-65G/4/log_normalized/SZ3_1e-3/PBLH_1_768_1152.dat.SZ3.out
  ✓ Compression successful (ratio: 1.00x)

[47/90] Processing: PCONVB_1_768_1152.dat
compression ratio = 23.96 
compression time = 0.067249
compressed data file = ../../../../CESM-CLIMATE-65G/4/log_normalized/PCONVB_1_768_1152.dat.sz.tmp
compression ratio = 23.956135
decompression time = 0.041882 seconds.
decompressed file = ../../../../CESM-CLIMATE-65G/4/log_normalized/SZ3_1e-3/PCONVB_1_768_1152.dat.SZ3.out
  ✓ Compression successful (ratio: 1.00x)

[48/90] Processing: PCONVT_1_768_1152.dat
compression ratio = 16.24 
compression time = 0.067604
compressed data file = ../../../../CESM-CLIMATE-65G/4/log_normalized/PCONVT_1_768_1152.dat.sz.tmp
compression ratio = 16.240691
decompression time = 0.044013 seconds.
decompressed file = ../../../../CESM-CLIMATE-65G/4/log_normalized/SZ3_1e-3/PCONVT_1_768_1152.dat.SZ3.out
  ✓ Compression successful (ratio: 1.00x)

[49/90] Processing: PHIS_1_768_1152.dat
compression ratio = 11.03 
compression time = 0.069144
compressed data file = ../../../../CESM-CLIMATE-65G/4/log_normalized/PHIS_1_768_1152.dat.sz.tmp
compression ratio = 11.032721
decompression time = 0.047184 seconds.
decompressed file = ../../../../CESM-CLIMATE-65G/4/log_normalized/SZ3_1e-3/PHIS_1_768_1152.dat.SZ3.out
  ✓ Compression successful (ratio: 1.00x)

[50/90] Processing: PRECC_1_768_1152.dat
compression ratio = 213.90 
compression time = 0.021636
compressed data file = ../../../../CESM-CLIMATE-65G/4/log_normalized/PRECC_1_768_1152.dat.sz.tmp
compression ratio = 213.898096
decompression time = 0.006763 seconds.
decompressed file = ../../../../CESM-CLIMATE-65G/4/log_normalized/SZ3_1e-3/PRECC_1_768_1152.dat.SZ3.out
  ✓ Compression successful (ratio: 1.00x)

[51/90] Processing: PRECCDZM_1_768_1152.dat
compression ratio = 264.08 
compression time = 0.021124
compressed data file = ../../../../CESM-CLIMATE-65G/4/log_normalized/PRECCDZM_1_768_1152.dat.sz.tmp
compression ratio = 264.080591
decompression time = 0.006401 seconds.
decompressed file = ../../../../CESM-CLIMATE-65G/4/log_normalized/SZ3_1e-3/PRECCDZM_1_768_1152.dat.SZ3.out
  ✓ Compression successful (ratio: 1.00x)

[52/90] Processing: PRECL_1_768_1152.dat
compression ratio = 180.74 
compression time = 0.061661
compressed data file = ../../../../CESM-CLIMATE-65G/4/log_normalized/PRECL_1_768_1152.dat.sz.tmp
compression ratio = 180.742799
decompression time = 0.037959 seconds.
decompressed file = ../../../../CESM-CLIMATE-65G/4/log_normalized/SZ3_1e-3/PRECL_1_768_1152.dat.SZ3.out
  ✓ Compression successful (ratio: 1.00x)

[53/90] Processing: PRECSC_1_768_1152.dat
compression ratio = 25831.71 
compression time = 0.018919
compressed data file = ../../../../CESM-CLIMATE-65G/4/log_normalized/PRECSC_1_768_1152.dat.sz.tmp
compression ratio = 25831.708029
decompression time = 0.004568 seconds.
decompressed file = ../../../../CESM-CLIMATE-65G/4/log_normalized/SZ3_1e-3/PRECSC_1_768_1152.dat.SZ3.out
  ✓ Compression successful (ratio: 1.00x)

[54/90] Processing: PRECSH_1_768_1152.dat
compression ratio = 16159.56 
compression time = 0.019160
compressed data file = ../../../../CESM-CLIMATE-65G/4/log_normalized/PRECSH_1_768_1152.dat.sz.tmp
compression ratio = 16159.561644
decompression time = 0.017310 seconds.
decompressed file = ../../../../CESM-CLIMATE-65G/4/log_normalized/SZ3_1e-3/PRECSH_1_768_1152.dat.SZ3.out
  ✓ Compression successful (ratio: 1.00x)

[55/90] Processing: PRECSL_1_768_1152.dat
compression ratio = 2357.72 
compression time = 0.019311
compressed data file = ../../../../CESM-CLIMATE-65G/4/log_normalized/PRECSL_1_768_1152.dat.sz.tmp
compression ratio = 2357.724184
decompression time = 0.005943 seconds.
decompressed file = ../../../../CESM-CLIMATE-65G/4/log_normalized/SZ3_1e-3/PRECSL_1_768_1152.dat.SZ3.out
  ✓ Compression successful (ratio: 1.00x)

[56/90] Processing: PRECT_1_768_1152.dat
compression ratio = 126.22 
compression time = 0.062779
compressed data file = ../../../../CESM-CLIMATE-65G/4/log_normalized/PRECT_1_768_1152.dat.sz.tmp
compression ratio = 126.224061
decompression time = 0.038152 seconds.
decompressed file = ../../../../CESM-CLIMATE-65G/4/log_normalized/SZ3_1e-3/PRECT_1_768_1152.dat.SZ3.out
  ✓ Compression successful (ratio: 1.00x)

[57/90] Processing: PS_1_768_1152.dat
compression ratio = 24.23 
compression time = 0.066542
compressed data file = ../../../../CESM-CLIMATE-65G/4/log_normalized/PS_1_768_1152.dat.sz.tmp
compression ratio = 24.234197
decompression time = 0.042669 seconds.
decompressed file = ../../../../CESM-CLIMATE-65G/4/log_normalized/SZ3_1e-3/PS_1_768_1152.dat.SZ3.out
  ✓ Compression successful (ratio: 1.00x)

[58/90] Processing: PSL_1_768_1152.dat
compression ratio = 26.70 
compression time = 0.066923
compressed data file = ../../../../CESM-CLIMATE-65G/4/log_normalized/PSL_1_768_1152.dat.sz.tmp
compression ratio = 26.701958
decompression time = 0.043495 seconds.
decompressed file = ../../../../CESM-CLIMATE-65G/4/log_normalized/SZ3_1e-3/PSL_1_768_1152.dat.SZ3.out
  ✓ Compression successful (ratio: 1.00x)

[59/90] Processing: QFLX_1_768_1152.dat
compression ratio = 8.66 
compression time = 0.068670
compressed data file = ../../../../CESM-CLIMATE-65G/4/log_normalized/QFLX_1_768_1152.dat.sz.tmp
compression ratio = 8.660891
decompression time = 0.051572 seconds.
decompressed file = ../../../../CESM-CLIMATE-65G/4/log_normalized/SZ3_1e-3/QFLX_1_768_1152.dat.SZ3.out
  ✓ Compression successful (ratio: 1.00x)

[60/90] Processing: QREFHT_1_768_1152.dat
compression ratio = 10.22 
compression time = 0.068866
compressed data file = ../../../../CESM-CLIMATE-65G/4/log_normalized/QREFHT_1_768_1152.dat.sz.tmp
compression ratio = 10.217177
decompression time = 0.048126 seconds.
decompressed file = ../../../../CESM-CLIMATE-65G/4/log_normalized/SZ3_1e-3/QREFHT_1_768_1152.dat.SZ3.out
  ✓ Compression successful (ratio: 1.00x)

[61/90] Processing: RHREFHT_1_768_1152.dat
compression ratio = 11.07 
compression time = 0.066345
compressed data file = ../../../../CESM-CLIMATE-65G/4/log_normalized/RHREFHT_1_768_1152.dat.sz.tmp
compression ratio = 11.067674
decompression time = 0.047445 seconds.
decompressed file = ../../../../CESM-CLIMATE-65G/4/log_normalized/SZ3_1e-3/RHREFHT_1_768_1152.dat.SZ3.out
  ✓ Compression successful (ratio: 1.00x)

[62/90] Processing: SFCLDICE_1_768_1152.dat
compression ratio = 25831.71 
compression time = 0.019740
compressed data file = ../../../../CESM-CLIMATE-65G/4/log_normalized/SFCLDICE_1_768_1152.dat.sz.tmp
compression ratio = 25831.708029
decompression time = 0.004786 seconds.
decompressed file = ../../../../CESM-CLIMATE-65G/4/log_normalized/SZ3_1e-3/SFCLDICE_1_768_1152.dat.SZ3.out
  ✓ Compression successful (ratio: 1.00x)

[63/90] Processing: SFCLDLIQ_1_768_1152.dat
compression ratio = 25831.71 
compression time = 0.018949
compressed data file = ../../../../CESM-CLIMATE-65G/4/log_normalized/SFCLDLIQ_1_768_1152.dat.sz.tmp
compression ratio = 25831.708029
decompression time = 0.004721 seconds.
decompressed file = ../../../../CESM-CLIMATE-65G/4/log_normalized/SZ3_1e-3/SFCLDLIQ_1_768_1152.dat.SZ3.out
  ✓ Compression successful (ratio: 1.00x)

[64/90] Processing: SHFLX_1_768_1152.dat
compression ratio = 10.62 
compression time = 0.065715
compressed data file = ../../../../CESM-CLIMATE-65G/4/log_normalized/SHFLX_1_768_1152.dat.sz.tmp
compression ratio = 10.618722
decompression time = 0.047599 seconds.
decompressed file = ../../../../CESM-CLIMATE-65G/4/log_normalized/SZ3_1e-3/SHFLX_1_768_1152.dat.SZ3.out
  ✓ Compression successful (ratio: 1.00x)

[65/90] Processing: SNOWHICE_1_768_1152.dat
compression ratio = 63.20 
compression time = 0.064208
compressed data file = ../../../../CESM-CLIMATE-65G/4/log_normalized/SNOWHICE_1_768_1152.dat.sz.tmp
compression ratio = 63.196557
decompression time = 0.040466 seconds.
decompressed file = ../../../../CESM-CLIMATE-65G/4/log_normalized/SZ3_1e-3/SNOWHICE_1_768_1152.dat.SZ3.out
  ✓ Compression successful (ratio: 1.00x)

[66/90] Processing: SNOWHLND_1_768_1152.dat
compression ratio = 66.08 
compression time = 0.069089
compressed data file = ../../../../CESM-CLIMATE-65G/4/log_normalized/SNOWHLND_1_768_1152.dat.sz.tmp
compression ratio = 66.084255
decompression time = 0.044758 seconds.
decompressed file = ../../../../CESM-CLIMATE-65G/4/log_normalized/SZ3_1e-3/SNOWHLND_1_768_1152.dat.SZ3.out
  ✓ Compression successful (ratio: 1.00x)

[67/90] Processing: SOLIN_1_768_1152.dat
compression ratio = 207.77 
compression time = 0.023639
compressed data file = ../../../../CESM-CLIMATE-65G/4/log_normalized/SOLIN_1_768_1152.dat.sz.tmp
compression ratio = 207.769859
decompression time = 0.006206 seconds.
decompressed file = ../../../../CESM-CLIMATE-65G/4/log_normalized/SZ3_1e-3/SOLIN_1_768_1152.dat.SZ3.out
  ✓ Compression successful (ratio: 1.00x)

[68/90] Processing: SRFRAD_1_768_1152.dat
compression ratio = 14.31 
compression time = 0.063709
compressed data file = ../../../../CESM-CLIMATE-65G/4/log_normalized/SRFRAD_1_768_1152.dat.sz.tmp
compression ratio = 14.308187
decompression time = 0.046642 seconds.
decompressed file = ../../../../CESM-CLIMATE-65G/4/log_normalized/SZ3_1e-3/SRFRAD_1_768_1152.dat.SZ3.out
  ✓ Compression successful (ratio: 1.00x)

[69/90] Processing: SWCF_1_768_1152.dat
compression ratio = 12.05 
compression time = 0.068325
compressed data file = ../../../../CESM-CLIMATE-65G/4/log_normalized/SWCF_1_768_1152.dat.sz.tmp
compression ratio = 12.050053
decompression time = 0.048132 seconds.
decompressed file = ../../../../CESM-CLIMATE-65G/4/log_normalized/SZ3_1e-3/SWCF_1_768_1152.dat.SZ3.out
  ✓ Compression successful (ratio: 1.00x)

[70/90] Processing: TAUX_1_768_1152.dat
compression ratio = 15.04 
compression time = 0.068199
compressed data file = ../../../../CESM-CLIMATE-65G/4/log_normalized/TAUX_1_768_1152.dat.sz.tmp
compression ratio = 15.041926
decompression time = 0.044443 seconds.
decompressed file = ../../../../CESM-CLIMATE-65G/4/log_normalized/SZ3_1e-3/TAUX_1_768_1152.dat.SZ3.out
  ✓ Compression successful (ratio: 1.00x)

[71/90] Processing: TAUY_1_768_1152.dat
compression ratio = 12.16 
compression time = 0.066713
compressed data file = ../../../../CESM-CLIMATE-65G/4/log_normalized/TAUY_1_768_1152.dat.sz.tmp
compression ratio = 12.155388
decompression time = 0.046537 seconds.
decompressed file = ../../../../CESM-CLIMATE-65G/4/log_normalized/SZ3_1e-3/TAUY_1_768_1152.dat.SZ3.out
  ✓ Compression successful (ratio: 1.00x)

[72/90] Processing: TGCLDIWP_1_768_1152.dat
compression ratio = 6.71 
compression time = 0.070251
compressed data file = ../../../../CESM-CLIMATE-65G/4/log_normalized/TGCLDIWP_1_768_1152.dat.sz.tmp
compression ratio = 6.713824
decompression time = 0.052892 seconds.
decompressed file = ../../../../CESM-CLIMATE-65G/4/log_normalized/SZ3_1e-3/TGCLDIWP_1_768_1152.dat.SZ3.out
  ✓ Compression successful (ratio: 1.00x)

[73/90] Processing: TGCLDLWP_1_768_1152.dat
compression ratio = 6.79 
compression time = 0.068324
compressed data file = ../../../../CESM-CLIMATE-65G/4/log_normalized/TGCLDLWP_1_768_1152.dat.sz.tmp
compression ratio = 6.790201
decompression time = 0.051367 seconds.
decompressed file = ../../../../CESM-CLIMATE-65G/4/log_normalized/SZ3_1e-3/TGCLDLWP_1_768_1152.dat.SZ3.out
  ✓ Compression successful (ratio: 1.00x)

[74/90] Processing: TH2d_1_768_1152.dat
compression ratio = 279.52 
compression time = 0.020604
compressed data file = ../../../../CESM-CLIMATE-65G/4/log_normalized/TH2d_1_768_1152.dat.sz.tmp
compression ratio = 279.515362
decompression time = 0.007873 seconds.
decompressed file = ../../../../CESM-CLIMATE-65G/4/log_normalized/SZ3_1e-3/TH2d_1_768_1152.dat.SZ3.out
  ✓ Compression successful (ratio: 1.00x)

[75/90] Processing: TMQ_1_768_1152.dat
compression ratio = 10.79 
compression time = 0.067236
compressed data file = ../../../../CESM-CLIMATE-65G/4/log_normalized/TMQ_1_768_1152.dat.sz.tmp
compression ratio = 10.791437
decompression time = 0.047778 seconds.
decompressed file = ../../../../CESM-CLIMATE-65G/4/log_normalized/SZ3_1e-3/TMQ_1_768_1152.dat.SZ3.out
  ✓ Compression successful (ratio: 1.00x)

[76/90] Processing: TREFHT_1_768_1152.dat
compression ratio = 20.40 
compression time = 0.067353
compressed data file = ../../../../CESM-CLIMATE-65G/4/log_normalized/TREFHT_1_768_1152.dat.sz.tmp
compression ratio = 20.404428
decompression time = 0.043556 seconds.
decompressed file = ../../../../CESM-CLIMATE-65G/4/log_normalized/SZ3_1e-3/TREFHT_1_768_1152.dat.SZ3.out
  ✓ Compression successful (ratio: 1.00x)

[77/90] Processing: TREFMNAV_1_768_1152.dat
compression ratio = 18.43 
compression time = 0.075896
compressed data file = ../../../../CESM-CLIMATE-65G/4/log_normalized/TREFMNAV_1_768_1152.dat.sz.tmp
compression ratio = 18.431712
decompression time = 0.044893 seconds.
decompressed file = ../../../../CESM-CLIMATE-65G/4/log_normalized/SZ3_1e-3/TREFMNAV_1_768_1152.dat.SZ3.out
  ✓ Compression successful (ratio: 1.00x)

[78/90] Processing: TREFMXAV_1_768_1152.dat
compression ratio = 19.24 
compression time = 0.069721
compressed data file = ../../../../CESM-CLIMATE-65G/4/log_normalized/TREFMXAV_1_768_1152.dat.sz.tmp
compression ratio = 19.237469
decompression time = 0.043974 seconds.
decompressed file = ../../../../CESM-CLIMATE-65G/4/log_normalized/SZ3_1e-3/TREFMXAV_1_768_1152.dat.SZ3.out
  ✓ Compression successful (ratio: 1.00x)

[79/90] Processing: TROP_P_1_768_1152.dat
compression ratio = 20.26 
compression time = 0.066182
compressed data file = ../../../../CESM-CLIMATE-65G/4/log_normalized/TROP_P_1_768_1152.dat.sz.tmp
compression ratio = 20.263063
decompression time = 0.044818 seconds.
decompressed file = ../../../../CESM-CLIMATE-65G/4/log_normalized/SZ3_1e-3/TROP_P_1_768_1152.dat.SZ3.out
  ✓ Compression successful (ratio: 1.00x)

[80/90] Processing: TROP_T_1_768_1152.dat
compression ratio = 15.80 
compression time = 0.065556
compressed data file = ../../../../CESM-CLIMATE-65G/4/log_normalized/TROP_T_1_768_1152.dat.sz.tmp
compression ratio = 15.799845
decompression time = 0.045999 seconds.
decompressed file = ../../../../CESM-CLIMATE-65G/4/log_normalized/SZ3_1e-3/TROP_T_1_768_1152.dat.SZ3.out
  ✓ Compression successful (ratio: 1.00x)

[81/90] Processing: TROP_Z_1_768_1152.dat
compression ratio = 23.12 
compression time = 0.067021
compressed data file = ../../../../CESM-CLIMATE-65G/4/log_normalized/TROP_Z_1_768_1152.dat.sz.tmp
compression ratio = 23.115547
decompression time = 0.043542 seconds.
decompressed file = ../../../../CESM-CLIMATE-65G/4/log_normalized/SZ3_1e-3/TROP_Z_1_768_1152.dat.SZ3.out
  ✓ Compression successful (ratio: 1.00x)

[82/90] Processing: TS_1_768_1152.dat
compression ratio = 19.27 
compression time = 0.065394
compressed data file = ../../../../CESM-CLIMATE-65G/4/log_normalized/TS_1_768_1152.dat.sz.tmp
compression ratio = 19.267738
decompression time = 0.044768 seconds.
decompressed file = ../../../../CESM-CLIMATE-65G/4/log_normalized/SZ3_1e-3/TS_1_768_1152.dat.SZ3.out
  ✓ Compression successful (ratio: 1.00x)

[83/90] Processing: TSMN_1_768_1152.dat
compression ratio = 14.03 
compression time = 0.066383
compressed data file = ../../../../CESM-CLIMATE-65G/4/log_normalized/TSMN_1_768_1152.dat.sz.tmp
compression ratio = 14.026674
decompression time = 0.045233 seconds.
decompressed file = ../../../../CESM-CLIMATE-65G/4/log_normalized/SZ3_1e-3/TSMN_1_768_1152.dat.SZ3.out
  ✓ Compression successful (ratio: 1.00x)

[84/90] Processing: TSMX_1_768_1152.dat
compression ratio = 14.81 
compression time = 0.065469
compressed data file = ../../../../CESM-CLIMATE-65G/4/log_normalized/TSMX_1_768_1152.dat.sz.tmp
compression ratio = 14.813557
decompression time = 0.046419 seconds.
decompressed file = ../../../../CESM-CLIMATE-65G/4/log_normalized/SZ3_1e-3/TSMX_1_768_1152.dat.SZ3.out
  ✓ Compression successful (ratio: 1.00x)

[85/90] Processing: U2d_1_768_1152.dat
compression ratio = 184.58 
compression time = 0.021912
compressed data file = ../../../../CESM-CLIMATE-65G/4/log_normalized/U2d_1_768_1152.dat.sz.tmp
compression ratio = 184.579565
decompression time = 0.007962 seconds.
decompressed file = ../../../../CESM-CLIMATE-65G/4/log_normalized/SZ3_1e-3/U2d_1_768_1152.dat.SZ3.out
  ✓ Compression successful (ratio: 1.00x)

[86/90] Processing: UV2d_1_768_1152.dat
compression ratio = 347.60 
compression time = 0.022010
compressed data file = ../../../../CESM-CLIMATE-65G/4/log_normalized/UV2d_1_768_1152.dat.sz.tmp
compression ratio = 347.602790
decompression time = 0.007582 seconds.
decompressed file = ../../../../CESM-CLIMATE-65G/4/log_normalized/SZ3_1e-3/UV2d_1_768_1152.dat.SZ3.out
  ✓ Compression successful (ratio: 1.00x)

[87/90] Processing: UW2d_1_768_1152.dat
compression ratio = 934.99 
compression time = 0.020883
compressed data file = ../../../../CESM-CLIMATE-65G/4/log_normalized/UW2d_1_768_1152.dat.sz.tmp
compression ratio = 934.991810
decompression time = 0.007354 seconds.
decompressed file = ../../../../CESM-CLIMATE-65G/4/log_normalized/SZ3_1e-3/UW2d_1_768_1152.dat.SZ3.out
  ✓ Compression successful (ratio: 1.00x)

[88/90] Processing: V2d_1_768_1152.dat
compression ratio = 285.84 
compression time = 0.022071
compressed data file = ../../../../CESM-CLIMATE-65G/4/log_normalized/V2d_1_768_1152.dat.sz.tmp
compression ratio = 285.836685
decompression time = 0.007587 seconds.
decompressed file = ../../../../CESM-CLIMATE-65G/4/log_normalized/SZ3_1e-3/V2d_1_768_1152.dat.SZ3.out
  ✓ Compression successful (ratio: 1.00x)

[89/90] Processing: VTH2d_1_768_1152.dat
compression ratio = 380.41 
compression time = 0.020295
compressed data file = ../../../../CESM-CLIMATE-65G/4/log_normalized/VTH2d_1_768_1152.dat.sz.tmp
compression ratio = 380.408900
decompression time = 0.007279 seconds.
decompressed file = ../../../../CESM-CLIMATE-65G/4/log_normalized/SZ3_1e-3/VTH2d_1_768_1152.dat.SZ3.out
  ✓ Compression successful (ratio: 1.00x)

[90/90] Processing: W2d_1_768_1152.dat
compression ratio = 1383.48 
compression time = 0.020472
compressed data file = ../../../../CESM-CLIMATE-65G/4/log_normalized/W2d_1_768_1152.dat.sz.tmp
compression ratio = 1383.480844
decompression time = 0.007188 seconds.
decompressed file = ../../../../CESM-CLIMATE-65G/4/log_normalized/SZ3_1e-3/W2d_1_768_1152.dat.SZ3.out
  ✓ Compression successful (ratio: 1.00x)

=== Summary ===
Total files processed: 72
Total files skipped: 18
Total files failed: 0

