Found 90 .dat file(s) to process

[1/90] Processing: AEROD_v_1_768_1152.dat
  False Negatives: 56429
  False Positives: 108623
  False Types: 8539
  Grand Total: 173591

[2/90] Processing: cb_ozone_c_1_768_1152.dat
  False Negatives: 2382
  False Positives: 86175
  False Types: 523
  Grand Total: 89080

[3/90] Processing: cb_sulf_c_1_768_1152.dat
  False Negatives: 0
  False Positives: 157585
  False Types: 0
  Grand Total: 157585

[4/90] Processing: CLDHGH_1_768_1152.dat
  False Negatives: 20840
  False Positives: 22577
  False Types: 691
  Grand Total: 44108

[5/90] Processing: CLDLOW_1_768_1152.dat
  False Negatives: 23337
  False Positives: 41602
  False Types: 1121
  Grand Total: 66060

[6/90] Processing: CLDMED_1_768_1152.dat
  False Negatives: 29803
  False Positives: 47336
  False Types: 2191
  Grand Total: 79330

[7/90] Processing: CLDTOT_1_768_1152.dat
  False Negatives: 23319
  False Positives: 24273
  False Types: 662
  Grand Total: 48254

[8/90] Processing: FLDS_1_768_1152.dat
  False Negatives: 68152
  False Positives: 209050
  False Types: 16874
  Grand Total: 294076

[9/90] Processing: FLDSC_1_768_1152.dat
  False Negatives: 16964
  False Positives: 140762
  False Types: 2931
  Grand Total: 160657

[10/90] Processing: FLNS_1_768_1152.dat
  False Negatives: 56401
  False Positives: 78834
  False Types: 5841
  Grand Total: 141076

[11/90] Processing: FLNSC_1_768_1152.dat
  False Negatives: 56244
  False Positives: 95693
  False Types: 6750
  Grand Total: 158687

[12/90] Processing: FLNT_1_768_1152.dat
  False Negatives: 60782
  False Positives: 147355
  False Types: 11805
  Grand Total: 219942

[13/90] Processing: FLNTC_1_768_1152.dat
  False Negatives: 29404
  False Positives: 219996
  False Types: 6835
  Grand Total: 256235

[14/90] Processing: FLUT_1_768_1152.dat
  False Negatives: 61627
  False Positives: 144874
  False Types: 10912
  Grand Total: 217413

[15/90] Processing: FLUTC_1_768_1152.dat
  False Negatives: 28945
  False Positives: 243238
  False Types: 7288
  Grand Total: 279471

[16/90] Processing: FREQSH_1_768_1152.dat
  False Negatives: 18054
  False Positives: 28471
  False Types: 769
  Grand Total: 47294

[17/90] Processing: FREQZM_1_768_1152.dat
  False Negatives: 10651
  False Positives: 68258
  False Types: 481
  Grand Total: 79390

[18/90] Processing: FSDS_1_768_1152.dat
  False Negatives: 47225
  False Positives: 81145
  False Types: 6187
  Grand Total: 134557

[19/90] Processing: FSDSC_1_768_1152.dat
  False Negatives: 7282
  False Positives: 223463
  False Types: 2405
  Grand Total: 233150

[20/90] Processing: FSDTOA_1_768_1152.dat
  False Negatives: 50
  False Positives: 8872
  False Types: 4
  Grand Total: 8926

[21/90] Processing: FSNS_1_768_1152.dat
  False Negatives: 49287
  False Positives: 79857
  False Types: 6125
  Grand Total: 135269

[22/90] Processing: FSNSC_1_768_1152.dat
  False Negatives: 21192
  False Positives: 191838
  False Types: 3719
  Grand Total: 216749

[23/90] Processing: FSNT_1_768_1152.dat
  False Negatives: 51702
  False Positives: 113533
  False Types: 9013
  Grand Total: 174248

[24/90] Processing: FSNTC_1_768_1152.dat
  False Negatives: 18424
  False Positives: 213266
  False Types: 3451
  Grand Total: 235141

[25/90] Processing: FSNTOA_1_768_1152.dat
  False Negatives: 51561
  False Positives: 115328
  False Types: 9375
  Grand Total: 176264

[26/90] Processing: FSNTOAC_1_768_1152.dat
  False Negatives: 18537
  False Positives: 200302
  False Types: 3456
  Grand Total: 222295

[27/90] Processing: FSUTOA_1_768_1152.dat
  False Negatives: 40892
  False Positives: 57434
  False Types: 3931
  Grand Total: 102257

[28/90] Processing: ICEFRAC_1_768_1152.dat
  False Negatives: 412
  False Positives: 344972
  False Types: 61
  Grand Total: 345445

[29/90] Processing: LANDFRAC_1_768_1152.dat
  False Negatives: 2
  False Positives: 15440
  False Types: 0
  Grand Total: 15442

[30/90] Processing: LHFLX_1_768_1152.dat
  False Negatives: 16586
  False Positives: 90160
  False Types: 1825
  Grand Total: 108571

[31/90] Processing: LWCF_1_768_1152.dat
  False Negatives: 35907
  False Positives: 41861
  False Types: 2052
  Grand Total: 79820

[32/90] Processing: MSKtem_1_768_1152.dat
  False Negatives: 4627
  False Positives: 205676
  False Types: 786
  Grand Total: 211089

[33/90] Processing: OCNFRAC_1_768_1152.dat
  False Negatives: 374
  False Positives: 283089
  False Types: 54
  Grand Total: 283517

[34/90] Processing: ODV_bcar1_1_768_1152.dat
  False Negatives: 3839
  False Positives: 132913
  False Types: 547
  Grand Total: 137299

[35/90] Processing: ODV_bcar2_1_768_1152.dat
  False Negatives: 3498
  False Positives: 103774
  False Types: 473
  Grand Total: 107745

[36/90] Processing: ODV_dust1_1_768_1152.dat
  False Negatives: 2707
  False Positives: 131384
  False Types: 564
  Grand Total: 134655

[37/90] Processing: ODV_dust2_1_768_1152.dat
  False Negatives: 2601
  False Positives: 137633
  False Types: 466
  Grand Total: 140700

[38/90] Processing: ODV_dust3_1_768_1152.dat
  False Negatives: 2323
  False Positives: 132403
  False Types: 406
  Grand Total: 135132

[39/90] Processing: ODV_dust4_1_768_1152.dat
  False Negatives: 1749
  False Positives: 130756
  False Types: 308
  Grand Total: 132813

[40/90] Processing: ODV_ocar1_1_768_1152.dat
  False Negatives: 4623
  False Positives: 179488
  False Types: 1027
  Grand Total: 185138

[41/90] Processing: ODV_ocar2_1_768_1152.dat
  False Negatives: 77103
  False Positives: 164339
  False Types: 8577
  Grand Total: 250019

[42/90] Processing: ODV_SSLTA_1_768_1152.dat
  False Negatives: 36773
  False Positives: 77376
  False Types: 4759
  Grand Total: 118908

[43/90] Processing: ODV_SSLTC_1_768_1152.dat
  False Negatives: 38108
  False Positives: 81332
  False Types: 5071
  Grand Total: 124511

[44/90] Processing: ODV_sulf_1_768_1152.dat
  False Negatives: 65371
  False Positives: 146804
  False Types: 13017
  Grand Total: 225192

[45/90] Processing: ODV_VOLC_MMR_1_768_1152.dat
  False Negatives: 16489
  False Positives: 178668
  False Types: 5208
  Grand Total: 200365

[46/90] Processing: PBLH_1_768_1152.dat
  False Negatives: 37606
  False Positives: 62829
  False Types: 3415
  Grand Total: 103850

[47/90] Processing: PCONVB_1_768_1152.dat
  False Negatives: 36581
  False Positives: 298800
  False Types: 12366
  Grand Total: 347747

[48/90] Processing: PCONVT_1_768_1152.dat
  False Negatives: 46974
  False Positives: 242493
  False Types: 13214
  Grand Total: 302681

[49/90] Processing: PHIS_1_768_1152.dat
  False Negatives: 3508
  False Positives: 147310
  False Types: 290
  Grand Total: 151108

[50/90] Processing: PRECC_1_768_1152.dat
  False Negatives: 0
  False Positives: 0
  False Types: 0
  Grand Total: 0

[51/90] Processing: PRECCDZM_1_768_1152.dat
  False Negatives: 0
  False Positives: 0
  False Types: 0
  Grand Total: 0

[52/90] Processing: PRECL_1_768_1152.dat
  False Negatives: 0
  False Positives: 231586
  False Types: 0
  Grand Total: 231586

[53/90] Processing: PRECSC_1_768_1152.dat
  False Negatives: 0
  False Positives: 504992
  False Types: 0
  Grand Total: 504992

[54/90] Processing: PRECSH_1_768_1152.dat
  False Negatives: 0
  False Positives: 0
  False Types: 0
  Grand Total: 0

[55/90] Processing: PRECSL_1_768_1152.dat
  False Negatives: 0
  False Positives: 0
  False Types: 0
  Grand Total: 0

[56/90] Processing: PRECT_1_768_1152.dat
  False Negatives: 0
  False Positives: 226295
  False Types: 0
  Grand Total: 226295

[57/90] Processing: PS_1_768_1152.dat
  False Negatives: 7893
  False Positives: 284090
  False Types: 1876
  Grand Total: 293859

[58/90] Processing: PSL_1_768_1152.dat
  False Negatives: 13685
  False Positives: 205882
  False Types: 3206
  Grand Total: 222773

[59/90] Processing: QFLX_1_768_1152.dat
  False Negatives: 4062
  False Positives: 102881
  False Types: 349
  Grand Total: 107292

[60/90] Processing: QREFHT_1_768_1152.dat
  False Negatives: 8236
  False Positives: 88548
  False Types: 810
  Grand Total: 97594

[61/90] Processing: RHREFHT_1_768_1152.dat
  False Negatives: 53355
  False Positives: 188503
  False Types: 10966
  Grand Total: 252824

[62/90] Processing: SFCLDICE_1_768_1152.dat
  False Negatives: 0
  False Positives: 504992
  False Types: 0
  Grand Total: 504992

[63/90] Processing: SFCLDLIQ_1_768_1152.dat
  False Negatives: 0
  False Positives: 504992
  False Types: 0
  Grand Total: 504992

[64/90] Processing: SHFLX_1_768_1152.dat
  False Negatives: 21372
  False Positives: 168243
  False Types: 2525
  Grand Total: 192140

[65/90] Processing: SNOWHICE_1_768_1152.dat
  False Negatives: 390
  False Positives: 355035
  False Types: 62
  Grand Total: 355487

[66/90] Processing: SNOWHLND_1_768_1152.dat
  False Negatives: 29509
  False Positives: 347130
  False Types: 4145
  Grand Total: 380784

[67/90] Processing: SOLIN_1_768_1152.dat
  False Negatives: 50
  False Positives: 8872
  False Types: 4
  Grand Total: 8926

[68/90] Processing: SRFRAD_1_768_1152.dat
  False Negatives: 63821
  False Positives: 201532
  False Types: 16198
  Grand Total: 281551

[69/90] Processing: SWCF_1_768_1152.dat
  False Negatives: 81712
  False Positives: 119908
  False Types: 9759
  Grand Total: 211379

[70/90] Processing: TAUX_1_768_1152.dat
  False Negatives: 13606
  False Positives: 198310
  False Types: 2396
  Grand Total: 214312

[71/90] Processing: TAUY_1_768_1152.dat
  False Negatives: 12319
  False Positives: 133265
  False Types: 1256
  Grand Total: 146840

[72/90] Processing: TGCLDIWP_1_768_1152.dat
  False Negatives: 23966
  False Positives: 29306
  False Types: 1232
  Grand Total: 54504

[73/90] Processing: TGCLDLWP_1_768_1152.dat
  False Negatives: 27469
  False Positives: 38653
  False Types: 2015
  Grand Total: 68137

[74/90] Processing: TH2d_1_768_1152.dat
  False Negatives: 18
  False Positives: 10261
  False Types: 4
  Grand Total: 10283

[75/90] Processing: TMQ_1_768_1152.dat
  False Negatives: 8126
  False Positives: 71519
  False Types: 1226
  Grand Total: 80871

[76/90] Processing: TREFHT_1_768_1152.dat
  False Negatives: 14771
  False Positives: 212498
  False Types: 2968
  Grand Total: 230237

[77/90] Processing: TREFMNAV_1_768_1152.dat
  False Negatives: 31843
  False Positives: 212838
  False Types: 6992
  Grand Total: 251673

[78/90] Processing: TREFMXAV_1_768_1152.dat
  False Negatives: 27086
  False Positives: 210794
  False Types: 5934
  Grand Total: 243814

[79/90] Processing: TROP_P_1_768_1152.dat
  False Negatives: 19424
  False Positives: 212601
  False Types: 4373
  Grand Total: 236398

[80/90] Processing: TROP_T_1_768_1152.dat
  False Negatives: 9261
  False Positives: 96836
  False Types: 1642
  Grand Total: 107739

[81/90] Processing: TROP_Z_1_768_1152.dat
  False Negatives: 16840
  False Positives: 209966
  False Types: 3874
  Grand Total: 230680

[82/90] Processing: TS_1_768_1152.dat
  False Negatives: 16761
  False Positives: 229247
  False Types: 3554
  Grand Total: 249562

[83/90] Processing: TSMN_1_768_1152.dat
  False Negatives: 22617
  False Positives: 210494
  False Types: 3456
  Grand Total: 236567

[84/90] Processing: TSMX_1_768_1152.dat
  False Negatives: 22478
  False Positives: 246073
  False Types: 3702
  Grand Total: 272253

[85/90] Processing: U2d_1_768_1152.dat
  False Negatives: 92
  False Positives: 34223
  False Types: 32
  Grand Total: 34347

[86/90] Processing: UV2d_1_768_1152.dat
  False Negatives: 353
  False Positives: 22296
  False Types: 46
  Grand Total: 22695

[87/90] Processing: UW2d_1_768_1152.dat
  False Negatives: 1524
  False Positives: 4552
  False Types: 25
  Grand Total: 6101

[88/90] Processing: V2d_1_768_1152.dat
  False Negatives: 786
  False Positives: 29942
  False Types: 101
  Grand Total: 30829

[89/90] Processing: VTH2d_1_768_1152.dat
  False Negatives: 396
  False Positives: 22496
  False Types: 33
  Grand Total: 22925

[90/90] Processing: W2d_1_768_1152.dat
  False Negatives: 1971
  False Positives: 132
  False Types: 1
  Grand Total: 2104

=== Summary ===
Total files processed: 90
Total files failed: 0
Total false cases across all files: 15123189
Average false cases per file: 168035.43
