Auto-detected decompressed suffix: .sz.out

Found 60 .dat file(s) to process

[1/60] Processing: AEROD_v_1_1800_3600.dat
  False Negatives: 168
  False Positives: 1297
  False Types: 7
  Grand Total: 1472
  Total Critical Points (Decompressed): 72734

[2/60] Processing: CLDHGH_1_1800_3600.dat
  False Negatives: 47
  False Positives: 146
  False Types: 2
  Grand Total: 195
  Total Critical Points (Decompressed): 221572

[3/60] Processing: CLDLOW_1_1800_3600.dat
  False Negatives: 52
  False Positives: 112410
  False Types: 3
  Grand Total: 112465
  Total Critical Points (Decompressed): 226186

[4/60] Processing: CLDMED_1_1800_3600.dat
  False Negatives: 149
  False Positives: 50718
  False Types: 12
  Grand Total: 50879
  Total Critical Points (Decompressed): 227802

[5/60] Processing: CLDTOT_1_1800_3600.dat
  False Negatives: 33
  False Positives: 133
  False Types: 2
  Grand Total: 168
  Total Critical Points (Decompressed): 180108

[6/60] Processing: FLDS_1_1800_3600.dat
  False Negatives: 0
  False Positives: 0
  False Types: 0
  Grand Total: 0
  Total Critical Points (Decompressed): 74199

[7/60] Processing: FLDSC_1_1800_3600.dat
  False Negatives: 0
  False Positives: 0
  False Types: 0
  Grand Total: 0
  Total Critical Points (Decompressed): 9106

[8/60] Processing: FLNS_1_1800_3600.dat
  False Negatives: 0
  False Positives: 0
  False Types: 0
  Grand Total: 0
  Total Critical Points (Decompressed): 107626

[9/60] Processing: FLNSC_1_1800_3600.dat
  False Negatives: 0
  False Positives: 0
  False Types: 0
  Grand Total: 0
  Total Critical Points (Decompressed): 49572

[10/60] Processing: FLNT_1_1800_3600.dat
  False Negatives: 0
  False Positives: 0
  False Types: 0
  Grand Total: 0
  Total Critical Points (Decompressed): 86009

[11/60] Processing: FLNTC_1_1800_3600.dat
  False Negatives: 0
  False Positives: 0
  False Types: 0
  Grand Total: 0
  Total Critical Points (Decompressed): 18860

[12/60] Processing: FLUT_1_1800_3600.dat
  False Negatives: 0
  False Positives: 0
  False Types: 0
  Grand Total: 0
  Total Critical Points (Decompressed): 85988

[13/60] Processing: FLUTC_1_1800_3600.dat
  False Negatives: 0
  False Positives: 0
  False Types: 0
  Grand Total: 0
  Total Critical Points (Decompressed): 18882

[14/60] Processing: FREQSH_1_1800_3600.dat
  False Negatives: 21
  False Positives: 978
  False Types: 0
  Grand Total: 999
  Total Critical Points (Decompressed): 141669

[15/60] Processing: FREQZM_1_1800_3600.dat
  False Negatives: 61
  False Positives: 238030
  False Types: 6
  Grand Total: 238097
  Total Critical Points (Decompressed): 317992

[16/60] Processing: FSDS_1_1800_3600.dat
  False Negatives: 0
  False Positives: 3238
  False Types: 0
  Grand Total: 3238
  Total Critical Points (Decompressed): 90790

[17/60] Processing: FSDSC_1_1800_3600.dat
  False Negatives: 0
  False Positives: 26579
  False Types: 0
  Grand Total: 26579
  Total Critical Points (Decompressed): 34338

[18/60] Processing: FSDTOA_1_1800_3600.dat
  False Negatives: 0
  False Positives: 4998
  False Types: 0
  Grand Total: 4998
  Total Critical Points (Decompressed): 5552

[19/60] Processing: FSNS_1_1800_3600.dat
  False Negatives: 0
  False Positives: 26109
  False Types: 0
  Grand Total: 26109
  Total Critical Points (Decompressed): 122857

[20/60] Processing: FSNSC_1_1800_3600.dat
  False Negatives: 0
  False Positives: 26032
  False Types: 0
  Grand Total: 26032
  Total Critical Points (Decompressed): 57883

[21/60] Processing: FSNT_1_1800_3600.dat
  False Negatives: 0
  False Positives: 3734
  False Types: 0
  Grand Total: 3734
  Total Critical Points (Decompressed): 93658

[22/60] Processing: FSNTC_1_1800_3600.dat
  False Negatives: 0
  False Positives: 3981
  False Types: 0
  Grand Total: 3981
  Total Critical Points (Decompressed): 30504

[23/60] Processing: FSNTOA_1_1800_3600.dat
  False Negatives: 0
  False Positives: 5081
  False Types: 0
  Grand Total: 5081
  Total Critical Points (Decompressed): 94739

[24/60] Processing: FSNTOAC_1_1800_3600.dat
  False Negatives: 0
  False Positives: 27759
  False Types: 0
  Grand Total: 27759
  Total Critical Points (Decompressed): 54121

[25/60] Processing: FSUTOA_1_1800_3600.dat
  False Negatives: 0
  False Positives: 27339
  False Types: 0
  Grand Total: 27339
  Total Critical Points (Decompressed): 129818

[26/60] Processing: ICEFRAC_1_1800_3600.dat
  False Negatives: 32
  False Positives: 176276
  False Types: 0
  Grand Total: 176308
  Total Critical Points (Decompressed): 183207

[27/60] Processing: LANDFRAC_1_1800_3600.dat
  False Negatives: 29
  False Positives: 56384
  False Types: 0
  Grand Total: 56413
  Total Critical Points (Decompressed): 60349

[28/60] Processing: LHFLX_1_1800_3600.dat
  False Negatives: 0
  False Positives: 0
  False Types: 0
  Grand Total: 0
  Total Critical Points (Decompressed): 49772

[29/60] Processing: LWCF_1_1800_3600.dat
  False Negatives: 0
  False Positives: 0
  False Types: 0
  Grand Total: 0
  Total Critical Points (Decompressed): 124854

[30/60] Processing: OCNFRAC_1_1800_3600.dat
  False Negatives: 108
  False Positives: 129484
  False Types: 6
  Grand Total: 129598
  Total Critical Points (Decompressed): 137962

[31/60] Processing: ODV_bcar1_1_1800_3600.dat
  False Negatives: 1327
  False Positives: 239777
  False Types: 108
  Grand Total: 241212
  Total Critical Points (Decompressed): 241459

[32/60] Processing: ODV_bcar2_1_1800_3600.dat
  False Negatives: 957
  False Positives: 88060
  False Types: 96
  Grand Total: 89113
  Total Critical Points (Decompressed): 90032

[33/60] Processing: ODV_dust1_1_1800_3600.dat
  False Negatives: 291
  False Positives: 8491
  False Types: 28
  Grand Total: 8810
  Total Critical Points (Decompressed): 10899

[34/60] Processing: ODV_dust2_1_1800_3600.dat
  False Negatives: 321
  False Positives: 35390
  False Types: 25
  Grand Total: 35736
  Total Critical Points (Decompressed): 37699

[35/60] Processing: ODV_dust3_1_1800_3600.dat
  False Negatives: 585
  False Positives: 147443
  False Types: 72
  Grand Total: 148100
  Total Critical Points (Decompressed): 149385

[36/60] Processing: ODV_dust4_1_1800_3600.dat
  False Negatives: 654
  False Positives: 176135
  False Types: 83
  Grand Total: 176872
  Total Critical Points (Decompressed): 177540

[37/60] Processing: ODV_ocar1_1_1800_3600.dat
  False Negatives: 1428
  False Positives: 223972
  False Types: 151
  Grand Total: 225551
  Total Critical Points (Decompressed): 225885

[38/60] Processing: ODV_ocar2_1_1800_3600.dat
  False Negatives: 13938
  False Positives: 45224
  False Types: 957
  Grand Total: 60119
  Total Critical Points (Decompressed): 92682

[39/60] Processing: ODV_SSLTA_1_1800_3600.dat
  False Negatives: 915
  False Positives: 2015
  False Types: 17
  Grand Total: 2947
  Total Critical Points (Decompressed): 63468

[40/60] Processing: ODV_SSLTC_1_1800_3600.dat
  False Negatives: 1373
  False Positives: 3355
  False Types: 41
  Grand Total: 4769
  Total Critical Points (Decompressed): 70646

[41/60] Processing: ODV_sulf_1_1800_3600.dat
  False Negatives: 467
  False Positives: 1435
  False Types: 14
  Grand Total: 1916
  Total Critical Points (Decompressed): 82689

[42/60] Processing: QREFHT_1_1800_3600.dat
  False Negatives: 1223
  False Positives: 14316
  False Types: 97
  Grand Total: 15636
  Total Critical Points (Decompressed): 25828

[43/60] Processing: RHREFHT_1_1800_3600.dat
  False Negatives: 0
  False Positives: 0
  False Types: 0
  Grand Total: 0
  Total Critical Points (Decompressed): 42104

[44/60] Processing: SHFLX_1_1800_3600.dat
  False Negatives: 0
  False Positives: 0
  False Types: 0
  Grand Total: 0
  Total Critical Points (Decompressed): 60185

[45/60] Processing: SNOWHICE_1_1800_3600.dat
  False Negatives: 54
  False Positives: 183539
  False Types: 0
  Grand Total: 183593
  Total Critical Points (Decompressed): 194666

[46/60] Processing: SOLIN_1_1800_3600.dat
  False Negatives: 0
  False Positives: 4998
  False Types: 0
  Grand Total: 4998
  Total Critical Points (Decompressed): 5552

[47/60] Processing: SRFRAD_1_1800_3600.dat
  False Negatives: 0
  False Positives: 0
  False Types: 0
  Grand Total: 0
  Total Critical Points (Decompressed): 90538

[48/60] Processing: SWCF_1_1800_3600.dat
  False Negatives: 36
  False Positives: 24896
  False Types: 6
  Grand Total: 24938
  Total Critical Points (Decompressed): 130890

[49/60] Processing: TAUX_1_1800_3600.dat
  False Negatives: 26
  False Positives: 41
  False Types: 0
  Grand Total: 67
  Total Critical Points (Decompressed): 29863

[50/60] Processing: TAUY_1_1800_3600.dat
  False Negatives: 42
  False Positives: 48
  False Types: 2
  Grand Total: 92
  Total Critical Points (Decompressed): 30027

[51/60] Processing: TGCLDIWP_1_1800_3600.dat
  False Negatives: 0
  False Positives: 0
  False Types: 0
  Grand Total: 0
  Total Critical Points (Decompressed): 111632

[52/60] Processing: TGCLDLWP_1_1800_3600.dat
  False Negatives: 0
  False Positives: 0
  False Types: 0
  Grand Total: 0
  Total Critical Points (Decompressed): 79455

[53/60] Processing: TMQ_1_1800_3600.dat
  False Negatives: 0
  False Positives: 0
  False Types: 0
  Grand Total: 0
  Total Critical Points (Decompressed): 5028

[54/60] Processing: TREFHT_1_1800_3600.dat
  False Negatives: 0
  False Positives: 0
  False Types: 0
  Grand Total: 0
  Total Critical Points (Decompressed): 11674

[55/60] Processing: TREFMNAV_1_1800_3600.dat
  False Negatives: 0
  False Positives: 0
  False Types: 0
  Grand Total: 0
  Total Critical Points (Decompressed): 19953

[56/60] Processing: TREFMXAV_1_1800_3600.dat
  False Negatives: 0
  False Positives: 0
  False Types: 0
  Grand Total: 0
  Total Critical Points (Decompressed): 14225

[57/60] Processing: TROP_T_1_1800_3600.dat
  False Negatives: 0
  False Positives: 0
  False Types: 0
  Grand Total: 0
  Total Critical Points (Decompressed): 13882

[58/60] Processing: TS_1_1800_3600.dat
  False Negatives: 0
  False Positives: 0
  False Types: 0
  Grand Total: 0
  Total Critical Points (Decompressed): 17793

[59/60] Processing: TSMN_1_1800_3600.dat
  False Negatives: 0
  False Positives: 0
  False Types: 0
  Grand Total: 0
  Total Critical Points (Decompressed): 37575

[60/60] Processing: TSMX_1_1800_3600.dat
  False Negatives: 0
  False Positives: 0
  False Types: 0
  Grand Total: 0
  Total Critical Points (Decompressed): 35592

=== Summary ===
Total files processed: 60
Total files failed: 0
Total false cases across all files: 2145913
Average false cases per file: 35765.21
