Input directory: ../../SDRBENCH-CESM-ATM-cleared-1800x3600/
Output directory: ../../SDRBENCH-CESM-ATM-cleared-1800x3600/topoSZp_28_thread/
Dimensions: 1800x3600 (6480000 elements)
Error bound: 1E-3
Block size: 16

Found 60 .dat file(s) to process

[1/60] Processing: AEROD_v_1_1800_3600.dat

compression time=0.021983, total fastmode1 topology
compression size = 5062670, CR = 5.119828
done
decompression time=0.199274
done
Min=0, Max=0.57155454158782958984, range=0.57155454158782958984
Max absolute error = 0.0019486547
Max relative error = 0.003409
Max pw relative error = 0.001949
PSNR = 60.478750, NRMSE= 0.0009463733386439716162
acEff=0.999982
compressionRatio = 5.119828
  ✓ Compression and decompression successful (ratio: 5.11x)

[2/60] Processing: CLDHGH_1_1800_3600.dat

compression time=0.035966, total fastmode1 topology
compression size = 6656718, CR = 3.893811
done
decompression time=0.208345
done
Min=3.374915706899628276E-07, Max=0.92075449228286743164, range=0.9207541346549987793
Max absolute error = 0.0019636154
Max relative error = 0.002133
Max pw relative error = 0.001964
PSNR = 64.048844, NRMSE= 0.00062741917124796648189
acEff=0.999998
compressionRatio = 3.893811
  ✓ Compression and decompression successful (ratio: 3.89x)

[3/60] Processing: CLDLOW_1_1800_3600.dat

compression time=0.141386, total fastmode1 topology
compression size = 6478106, CR = 4.001170
done
decompression time=0.205539
done
Min=-1.2620235048717439418E-16, Max=0.9765370488166809082, range=0.9765370488166809082
Max absolute error = 0.0019726604
Max relative error = 0.002020
Max pw relative error = 0.001973
PSNR = 64.804202, NRMSE= 0.00057516164196169726561
acEff=0.999999
compressionRatio = 4.001169
  ✓ Compression and decompression successful (ratio: 4.00x)

[4/60] Processing: CLDMED_1_1800_3600.dat

compression time=0.028021, total fastmode1 topology
compression size = 6336394, CR = 4.090655
done
decompression time=0.200744
done
Min=-8.7300302704795394065E-18, Max=0.83042794466018676758, range=0.83042794466018676758
Max absolute error = 0.0019799173
Max relative error = 0.002384
Max pw relative error = 0.001980
PSNR = 63.291722, NRMSE= 0.00068456374146533510543
acEff=0.999997
compressionRatio = 4.090655
  ✓ Compression and decompression successful (ratio: 4.09x)

[5/60] Processing: CLDTOT_1_1800_3600.dat

compression time=0.028275, total fastmode1 topology
compression size = 6839377, CR = 3.789819
done
decompression time=0.200068
done
Min=0.0089103020727634429932, Max=0.98004901409149169922, range=0.97113871574401855469
Max absolute error = 0.0019866228
Max relative error = 0.002046
Max pw relative error = 0.001987
PSNR = 64.510890, NRMSE= 0.00059491580929219522143
acEff=0.999999
compressionRatio = 3.789819
  ✓ Compression and decompression successful (ratio: 3.78x)

[6/60] Processing: FLDS_1_1800_3600.dat

compression time=0.031193, total fastmode1 topology
compression size = 11077626, CR = 2.339852
done
decompression time=0.172927
done
Min=111.13311767578125, Max=436.666412353515625, range=325.533294677734375
Max absolute error = 0.0019531250
Max relative error = 0.000006
Max pw relative error = 0.000014
PSNR = 115.019632, NRMSE= 1.7742647394784056833E-06
acEff=1.000000
compressionRatio = 2.339852
  ✓ Compression and decompression successful (ratio: 2.33x)

[7/60] Processing: FLDSC_1_1800_3600.dat

compression time=0.026381, total fastmode1 topology
compression size = 10209050, CR = 2.538924
done
decompression time=0.134686
done
Min=92.84610748291015625, Max=418.2393798828125, range=325.393280029296875
Max absolute error = 0.0019683838
Max relative error = 0.000006
Max pw relative error = 0.000017
PSNR = 115.019016, NRMSE= 1.7743904717169144559E-06
acEff=1.000000
compressionRatio = 2.538924
  ✓ Compression and decompression successful (ratio: 2.53x)

[8/60] Processing: FLNS_1_1800_3600.dat

compression time=0.029937, total fastmode1 topology
compression size = 11092492, CR = 2.336716
done
decompression time=0.169856
done
Min=2.3647515773773193359, Max=177.68426513671875, range=175.31951904296875
Max absolute error = 0.0019493103
Max relative error = 0.000011
Max pw relative error = 0.000318
PSNR = 109.644489, NRMSE= 3.2943939031971161848E-06
acEff=1.000000
compressionRatio = 2.336716
  ✓ Compression and decompression successful (ratio: 2.33x)

[9/60] Processing: FLNSC_1_1800_3600.dat

compression time=0.025603, total fastmode1 topology
compression size = 10286236, CR = 2.519872
done
decompression time=0.167213
done
Min=33.335693359375, Max=179.8714752197265625, range=146.5357818603515625
Max absolute error = 0.0019721985
Max relative error = 0.000013
Max pw relative error = 0.000053
PSNR = 108.090532, NRMSE= 3.9397927844358205112E-06
acEff=1.000000
compressionRatio = 2.519872
  ✓ Compression and decompression successful (ratio: 2.51x)

[10/60] Processing: FLNT_1_1800_3600.dat

compression time=0.028271, total fastmode1 topology
compression size = 10691074, CR = 2.424452
done
decompression time=0.260520
done
Min=140.1259002685546875, Max=320.225982666015625, range=180.1000823974609375
Max absolute error = 0.0019836426
Max relative error = 0.000011
Max pw relative error = 0.000012
PSNR = 109.877702, NRMSE= 3.2071177944728583986E-06
acEff=1.000000
compressionRatio = 2.424452
  ✓ Compression and decompression successful (ratio: 2.42x)

[11/60] Processing: FLNTC_1_1800_3600.dat

compression time=0.052122, total fastmode1 topology
compression size = 9749050, CR = 2.658720
done
decompression time=0.140943
done
Min=148.67449951171875, Max=324.029327392578125, range=175.354827880859375
Max absolute error = 0.0019531250
Max relative error = 0.000011
Max pw relative error = 0.000012
PSNR = 109.647178, NRMSE= 3.2933744623791666709E-06
acEff=1.000000
compressionRatio = 2.658721
  ✓ Compression and decompression successful (ratio: 2.65x)

[12/60] Processing: FLUT_1_1800_3600.dat

compression time=0.030285, total fastmode1 topology
compression size = 10691092, CR = 2.424448
done
decompression time=0.164546
done
Min=140.81109619140625, Max=321.594085693359375, range=180.782989501953125
Max absolute error = 0.0019531250
Max relative error = 0.000011
Max pw relative error = 0.000012
PSNR = 109.910855, NRMSE= 3.1949000349289584163E-06
acEff=1.000000
compressionRatio = 2.424448
  ✓ Compression and decompression successful (ratio: 2.42x)

[13/60] Processing: FLUTC_1_1800_3600.dat

compression time=0.030239, total fastmode1 topology
compression size = 9748791, CR = 2.658791
done
decompression time=0.145305
done
Min=149.345123291015625, Max=325.3800048828125, range=176.034881591796875
Max absolute error = 0.0019836426
Max relative error = 0.000011
Max pw relative error = 0.000011
PSNR = 109.679811, NRMSE= 3.2810241631747413035E-06
acEff=1.000000
compressionRatio = 2.658791
  ✓ Compression and decompression successful (ratio: 2.65x)

[14/60] Processing: FREQSH_1_1800_3600.dat

compression time=0.026520, total fastmode1 topology
compression size = 7016122, CR = 3.694349
done
decompression time=0.214497
done
Min=0.0055586360394954681396, Max=1, range=0.99444139003753662109
Max absolute error = 0.0019882917
Max relative error = 0.001999
Max pw relative error = 0.001988
PSNR = 64.687644, NRMSE= 0.00058293189860994488408
acEff=0.999999
compressionRatio = 3.694349
  ✓ Compression and decompression successful (ratio: 3.69x)

[15/60] Processing: FREQZM_1_1800_3600.dat

compression time=0.024090, total fastmode1 topology
compression size = 5718796, CR = 4.532423
done
decompression time=0.193229
done
Min=-1.2376302794798001768E-16, Max=0.94867545366287231445, range=0.94867545366287231445
Max absolute error = 0.0019914508
Max relative error = 0.002099
Max pw relative error = 0.001991
PSNR = 66.146501, NRMSE= 0.00049280482248808426572
acEff=0.999999
compressionRatio = 4.532423
  ✓ Compression and decompression successful (ratio: 4.53x)

[16/60] Processing: FSDS_1_1800_3600.dat

compression time=0.032845, total fastmode1 topology
compression size = 10943887, CR = 2.368445
done
decompression time=0.168375
done
Min=0, Max=458.06646728515625, range=458.06646728515625
Max absolute error = 0.0019531250
Max relative error = 0.000004
Max pw relative error = 0.001000
PSNR = 118.545982, NRMSE= 1.1822270940398805469E-06
acEff=1.000000
compressionRatio = 2.368446
  ✓ Compression and decompression successful (ratio: 2.36x)

[17/60] Processing: FSDSC_1_1800_3600.dat

compression time=0.022212, total fastmode1 topology
compression size = 8554373, CR = 3.030029
done
decompression time=0.149746
done
Min=0, Max=478.47100830078125, range=478.47100830078125
Max absolute error = 0.0019531250
Max relative error = 0.000004
Max pw relative error = 0.001000
PSNR = 118.927079, NRMSE= 1.1314778350158262275E-06
acEff=1.000000
compressionRatio = 3.030029
  ✓ Compression and decompression successful (ratio: 3.03x)

[18/60] Processing: FSDTOA_1_1800_3600.dat

compression time=0.014117, total fastmode1 topology
compression size = 7412414, CR = 3.496836
done
decompression time=0.130801
done
Min=0, Max=548.49273681640625, range=548.49273681640625
Max absolute error = 0.0013732910
Max relative error = 0.000003
Max pw relative error = 0.001000
PSNR = 120.108874, NRMSE= 9.8754370113548915939E-07
acEff=1.000000
compressionRatio = 3.496837
  ✓ Compression and decompression successful (ratio: 3.49x)

[19/60] Processing: FSNS_1_1800_3600.dat

compression time=0.029688, total fastmode1 topology
compression size = 11024684, CR = 2.351088
done
decompression time=0.165572
done
Min=0, Max=374.014617919921875, range=374.014617919921875
Max absolute error = 0.0019226074
Max relative error = 0.000005
Max pw relative error = 0.001793
PSNR = 116.787667, NRMSE= 1.4474936354319302676E-06
acEff=1.000000
compressionRatio = 2.351088
  ✓ Compression and decompression successful (ratio: 2.35x)

[20/60] Processing: FSNSC_1_1800_3600.dat

compression time=0.024177, total fastmode1 topology
compression size = 9310184, CR = 2.784048
done
decompression time=0.145682
done
Min=0, Max=378.979705810546875, range=378.979705810546875
Max absolute error = 0.0019531250
Max relative error = 0.000005
Max pw relative error = 0.001932
PSNR = 116.902942, NRMSE= 1.4284101307459349714E-06
acEff=1.000000
compressionRatio = 2.784048
  ✓ Compression and decompression successful (ratio: 2.78x)

[21/60] Processing: FSNT_1_1800_3600.dat

compression time=0.032093, total fastmode1 topology
compression size = 10935801, CR = 2.370197
done
decompression time=0.164899
done
Min=0, Max=458.6556396484375, range=458.6556396484375
Max absolute error = 0.0019531250
Max relative error = 0.000004
Max pw relative error = 0.001000
PSNR = 118.557018, NRMSE= 1.180725912954380562E-06
acEff=1.000000
compressionRatio = 2.370197
  ✓ Compression and decompression successful (ratio: 2.37x)

[22/60] Processing: FSNTC_1_1800_3600.dat

compression time=0.023467, total fastmode1 topology
compression size = 9112763, CR = 2.844362
done
decompression time=0.141373
done
Min=0, Max=465.281341552734375, range=465.281341552734375
Max absolute error = 0.0019531250
Max relative error = 0.000004
Max pw relative error = 0.001000
PSNR = 118.681138, NRMSE= 1.1639734641153522079E-06
acEff=1.000000
compressionRatio = 2.844362
  ✓ Compression and decompression successful (ratio: 2.84x)

[23/60] Processing: FSNTOA_1_1800_3600.dat

compression time=0.032112, total fastmode1 topology
compression size = 10936066, CR = 2.370139
done
decompression time=0.162532
done
Min=0, Max=462.84429931640625, range=462.84429931640625
Max absolute error = 0.0019531250
Max relative error = 0.000004
Max pw relative error = 0.001000
PSNR = 118.632505, NRMSE= 1.1705090053106317651E-06
acEff=1.000000
compressionRatio = 2.370139
  ✓ Compression and decompression successful (ratio: 2.37x)

[24/60] Processing: FSNTOAC_1_1800_3600.dat

compression time=0.023549, total fastmode1 topology
compression size = 9121952, CR = 2.841497
done
decompression time=0.149762
done
Min=0, Max=469.5364990234375, range=469.5364990234375
Max absolute error = 0.0019836426
Max relative error = 0.000004
Max pw relative error = 0.001000
PSNR = 118.762982, NRMSE= 1.153057383956705833E-06
acEff=1.000000
compressionRatio = 2.841497
  ✓ Compression and decompression successful (ratio: 2.84x)

[25/60] Processing: FSUTOA_1_1800_3600.dat

compression time=0.032820, total fastmode1 topology
compression size = 10944330, CR = 2.368350
done
decompression time=0.159674
done
Min=0, Max=393.674560546875, range=393.674560546875
Max absolute error = 0.0019607544
Max relative error = 0.000005
Max pw relative error = 0.001000
PSNR = 117.231253, NRMSE= 1.3754263519430870923E-06
acEff=1.000000
compressionRatio = 2.368350
  ✓ Compression and decompression successful (ratio: 2.36x)

[26/60] Processing: ICEFRAC_1_1800_3600.dat

compression time=0.014138, total fastmode1 topology
compression size = 4083566, CR = 6.347394
done
decompression time=0.138448
done
Min=0, Max=1, range=1
Max absolute error = 0.0019114614
Max relative error = 0.001911
Max pw relative error = 0.001911
PSNR = 72.004291, NRMSE= 0.0002510645890448218241
acEff=1.000000
compressionRatio = 6.347393
  ✓ Compression and decompression successful (ratio: 6.34x)

[27/60] Processing: LANDFRAC_1_1800_3600.dat

compression time=0.015702, total fastmode1 topology
compression size = 4222565, CR = 6.138449
done
decompression time=0.129639
done
Min=-2.1914590571359658655E-14, Max=1, range=1
Max absolute error = 0.0019786954
Max relative error = 0.001979
Max pw relative error = 0.001979
PSNR = 64.741067, NRMSE= 0.00057935749658197656462
acEff=1.000000
compressionRatio = 6.138449
  ✓ Compression and decompression successful (ratio: 6.13x)

[28/60] Processing: LHFLX_1_1800_3600.dat

compression time=0.177592, total fastmode1 topology
compression size = 10901559, CR = 2.377642
done
decompression time=0.168385
done
Min=-5.2279806137084960938, Max=543.463134765625, range=548.69110107421875
Max absolute error = 0.0019845068
Max relative error = 0.000004
Max pw relative error = 0.001985
PSNR = 119.555795, NRMSE= 1.0524712139579378893E-06
acEff=1.000000
compressionRatio = 2.377642
  ✓ Compression and decompression successful (ratio: 2.37x)

[29/60] Processing: LWCF_1_1800_3600.dat

compression time=0.026594, total fastmode1 topology
compression size = 10432994, CR = 2.484426
done
decompression time=0.168818
done
Min=-0.33079123497009277344, Max=112.6002197265625, range=112.93100738525390625
Max absolute error = 0.0019478798
Max relative error = 0.000017
Max pw relative error = 0.001948
PSNR = 105.824990, NRMSE= 5.1138797629330909987E-06
acEff=1.000000
compressionRatio = 2.484426
  ✓ Compression and decompression successful (ratio: 2.48x)

[30/60] Processing: OCNFRAC_1_1800_3600.dat

compression time=0.016003, total fastmode1 topology
compression size = 4376510, CR = 5.922527
done
decompression time=0.140466
done
Min=-2.189816829657829228E-14, Max=1, range=1
Max absolute error = 0.0019949079
Max relative error = 0.001995
Max pw relative error = 0.001995
PSNR = 62.661746, NRMSE= 0.00073605914344966713765
acEff=1.000000
compressionRatio = 5.922527
  ✓ Compression and decompression successful (ratio: 5.92x)

[31/60] Processing: ODV_bcar1_1_1800_3600.dat

compression time=0.014302, total fastmode1 topology
compression size = 3681087, CR = 7.041399
done
decompression time=0.134644
done
Min=0, Max=0.014418269507586956024, range=0.014418269507586956024
Max absolute error = 0.0010020561
Max relative error = 0.069499
Max pw relative error = 0.001002
PSNR = 37.799506, NRMSE= 0.012883228389838980582
acEff=0.969565
compressionRatio = 7.041398
  ✓ Compression and decompression successful (ratio: 7.04x)

[32/60] Processing: ODV_bcar2_1_1800_3600.dat

compression time=0.014077, total fastmode1 topology
compression size = 3695113, CR = 7.014670
done
decompression time=0.135134
done
Min=0, Max=0.018967432901263237, range=0.018967432901263237
Max absolute error = 0.0010054428
Max relative error = 0.053009
Max pw relative error = 0.001005
PSNR = 34.475866, NRMSE= 0.018888902450963005603
acEff=0.984481
compressionRatio = 7.014670
  ✓ Compression and decompression successful (ratio: 7.01x)

[33/60] Processing: ODV_dust1_1_1800_3600.dat

compression time=0.015276, total fastmode1 topology
compression size = 3976631, CR = 6.518080
done
decompression time=0.136112
done
Min=0, Max=0.18463411927223205566, range=0.18463411927223205566
Max absolute error = 0.0010069236
Max relative error = 0.005454
Max pw relative error = 0.001007
PSNR = 51.693730, NRMSE= 0.0026020371553053178379
acEff=0.999838
compressionRatio = 6.518080
  ✓ Compression and decompression successful (ratio: 6.51x)

[34/60] Processing: ODV_dust2_1_1800_3600.dat

compression time=0.013798, total fastmode1 topology
compression size = 3956097, CR = 6.551912
done
decompression time=0.138460
done
Min=0, Max=0.17442569136619567871, range=0.17442569136619567871
Max absolute error = 0.0010096559
Max relative error = 0.005788
Max pw relative error = 0.001010
PSNR = 51.262324, NRMSE= 0.0027345371285901437335
acEff=0.999792
compressionRatio = 6.551912
  ✓ Compression and decompression successful (ratio: 6.55x)

[35/60] Processing: ODV_dust3_1_1800_3600.dat

compression time=0.013904, total fastmode1 topology
compression size = 3822081, CR = 6.781646
done
decompression time=0.129169
done
Min=0, Max=0.096076495945453643799, range=0.096076495945453643799
Max absolute error = 0.0010055713
Max relative error = 0.010466
Max pw relative error = 0.001006
PSNR = 47.997286, NRMSE= 0.0039823160307824838344
acEff=0.998688
compressionRatio = 6.781646
  ✓ Compression and decompression successful (ratio: 6.78x)

[36/60] Processing: ODV_dust4_1_1800_3600.dat

compression time=0.013577, total fastmode1 topology
compression size = 3771420, CR = 6.872743
done
decompression time=0.128346
done
Min=0, Max=0.10546880215406417847, range=0.10546880215406417847
Max absolute error = 0.0010096007
Max relative error = 0.009573
Max pw relative error = 0.001010
PSNR = 51.253408, NRMSE= 0.0027373453073298776618
acEff=0.998065
compressionRatio = 6.872743
  ✓ Compression and decompression successful (ratio: 6.87x)

[37/60] Processing: ODV_ocar1_1_1800_3600.dat

compression time=0.014459, total fastmode1 topology
compression size = 3688171, CR = 7.027874
done
decompression time=0.134778
done
Min=0, Max=0.019741568714380264282, range=0.019741568714380264282
Max absolute error = 0.0009999990
Max relative error = 0.050654
Max pw relative error = 0.001000
PSNR = 40.086475, NRMSE= 0.0099009355210458102614
acEff=0.981775
compressionRatio = 7.027874
  ✓ Compression and decompression successful (ratio: 7.02x)

[38/60] Processing: ODV_ocar2_1_1800_3600.dat

compression time=0.026853, total fastmode1 topology
compression size = 3880135, CR = 6.680180
done
decompression time=0.159925
done
Min=0, Max=0.067497961223125457764, range=0.067497961223125457764
Max absolute error = 0.0010095410
Max relative error = 0.014957
Max pw relative error = 0.001010
PSNR = 43.666447, NRMSE= 0.0065565844810747814231
acEff=0.996808
compressionRatio = 6.680180
  ✓ Compression and decompression successful (ratio: 6.68x)

[39/60] Processing: ODV_SSLTA_1_1800_3600.dat

compression time=0.020747, total fastmode1 topology
compression size = 4536475, CR = 5.713687
done
decompression time=0.167493
done
Min=0, Max=0.078465133905410766602, range=0.078465133905410766602
Max absolute error = 0.0018765815
Max relative error = 0.023916
Max pw relative error = 0.001877
PSNR = 43.301544, NRMSE= 0.006837900927524804412
acEff=0.999769
compressionRatio = 5.713687
  ✓ Compression and decompression successful (ratio: 5.71x)

[40/60] Processing: ODV_SSLTC_1_1800_3600.dat

compression time=0.021413, total fastmode1 topology
compression size = 4404022, CR = 5.885529
done
decompression time=0.160571
done
Min=0, Max=0.051866430789232254028, range=0.051866430789232254028
Max absolute error = 0.0017109439
Max relative error = 0.032988
Max pw relative error = 0.001711
PSNR = 39.808294, NRMSE= 0.01022316338780551552
acEff=0.999440
compressionRatio = 5.885529
  ✓ Compression and decompression successful (ratio: 5.88x)

[41/60] Processing: ODV_sulf_1_1800_3600.dat

compression time=0.023952, total fastmode1 topology
compression size = 4691444, CR = 5.524951
done
decompression time=0.165769
done
Min=0, Max=0.19155621528625488281, range=0.19155621528625488281
Max absolute error = 0.0013958467
Max relative error = 0.007287
Max pw relative error = 0.001396
PSNR = 50.973659, NRMSE= 0.0028269428680992841202
acEff=0.999824
compressionRatio = 5.524951
  ✓ Compression and decompression successful (ratio: 5.52x)

[42/60] Processing: QREFHT_1_1800_3600.dat

compression time=0.015769, total fastmode1 topology
compression size = 3892469, CR = 6.659013
done
decompression time=0.135272
done
Min=9.6609612228348851204E-05, Max=0.019656945019960403442, range=0.019560335204005241394
Max absolute error = 0.0010089866
Max relative error = 0.051583
Max pw relative error = 0.001009
PSNR = 30.976199, NRMSE= 0.028261163892740977233
acEff=0.998883
compressionRatio = 6.659013
  ✓ Compression and decompression successful (ratio: 6.65x)

[43/60] Processing: RHREFHT_1_1800_3600.dat

compression time=0.022104, total fastmode1 topology
compression size = 9771546, CR = 2.652600
done
decompression time=0.156626
done
Min=19.985654830932617188, Max=115.62657928466796875, range=95.64092254638671875
Max absolute error = 0.0019607544
Max relative error = 0.000021
Max pw relative error = 0.000048
PSNR = 104.382332, NRMSE= 6.0378649484363089393E-06
acEff=1.000000
compressionRatio = 2.652600
  ✓ Compression and decompression successful (ratio: 2.65x)

[44/60] Processing: SHFLX_1_1800_3600.dat

compression time=0.029769, total fastmode1 topology
compression size = 10735388, CR = 2.414445
done
decompression time=0.170013
done
Min=-78.49718475341796875, Max=326.216217041015625, range=404.713409423828125
Max absolute error = 0.0019378662
Max relative error = 0.000005
Max pw relative error = 0.001923
PSNR = 116.912806, NRMSE= 1.4267888046079848796E-06
acEff=1.000000
compressionRatio = 2.414445
  ✓ Compression and decompression successful (ratio: 2.41x)

[45/60] Processing: SNOWHICE_1_1800_3600.dat

compression time=0.015911, total fastmode1 topology
compression size = 4088072, CR = 6.340397
done
decompression time=0.141386
done
Min=0, Max=0.66062295436859130859, range=0.66062295436859130859
Max absolute error = 0.0019169450
Max relative error = 0.002902
Max pw relative error = 0.001917
PSNR = 68.484849, NRMSE= 0.00037649355189395825646
acEff=0.999999
compressionRatio = 6.340397
  ✓ Compression and decompression successful (ratio: 6.34x)

[46/60] Processing: SOLIN_1_1800_3600.dat

compression time=0.018205, total fastmode1 topology
compression size = 7412418, CR = 3.496835
done
decompression time=0.129004
done
Min=0, Max=548.49273681640625, range=548.49273681640625
Max absolute error = 0.0013732910
Max relative error = 0.000003
Max pw relative error = 0.001000
PSNR = 120.108871, NRMSE= 9.875439430138349302E-07
acEff=1.000000
compressionRatio = 3.496835
  ✓ Compression and decompression successful (ratio: 3.49x)

[47/60] Processing: SRFRAD_1_1800_3600.dat

compression time=0.031265, total fastmode1 topology
compression size = 11921051, CR = 2.174305
done
decompression time=0.162938
done
Min=112.9439239501953125, Max=713.7137451171875, range=600.76983642578125
Max absolute error = 0.0019531250
Max relative error = 0.000003
Max pw relative error = 0.000014
PSNR = 120.340052, NRMSE= 9.6160649611768918048E-07
acEff=1.000000
compressionRatio = 2.174305
  ✓ Compression and decompression successful (ratio: 2.17x)

[48/60] Processing: SWCF_1_1800_3600.dat

compression time=0.030398, total fastmode1 topology
compression size = 10601037, CR = 2.445044
done
decompression time=0.160918
done
Min=-200.759490966796875, Max=9.9914715974591672421E-05, range=200.7595977783203125
Max absolute error = 0.0019869804
Max relative error = 0.000010
Max pw relative error = 0.001760
PSNR = 111.396109, NRMSE= 2.6927408104787680988E-06
acEff=1.000000
compressionRatio = 2.445044
  ✓ Compression and decompression successful (ratio: 2.44x)

[49/60] Processing: TAUX_1_1800_3600.dat

compression time=0.020066, total fastmode1 topology
compression size = 5694348, CR = 4.551882
done
decompression time=0.174632
done
Min=-1.4790518283843994141, Max=1.1800894737243652344, range=2.6591413021087646484
Max absolute error = 0.0019279271
Max relative error = 0.000725
Max pw relative error = 0.001928
PSNR = 73.278130, NRMSE= 0.00021681709339089140953
acEff=0.999991
compressionRatio = 4.551882
  ✓ Compression and decompression successful (ratio: 4.55x)

[50/60] Processing: TAUY_1_1800_3600.dat

compression time=0.019233, total fastmode1 topology
compression size = 5626169, CR = 4.607043
done
decompression time=0.176632
done
Min=-1.1452076435089111328, Max=1.2904068231582641602, range=2.4356145858764648438
Max absolute error = 0.0019518137
Max relative error = 0.000801
Max pw relative error = 0.001952
PSNR = 72.528336, NRMSE= 0.00023636502657573753251
acEff=0.999978
compressionRatio = 4.607043
  ✓ Compression and decompression successful (ratio: 4.60x)

[51/60] Processing: TGCLDIWP_1_1800_3600.dat

compression time=0.026669, total fastmode1 topology
compression size = 10739784, CR = 2.413456
done
decompression time=0.172574
done
Min=1.4108197943230038618E-09, Max=108.541107177734375, range=108.541107177734375
Max absolute error = 0.0019721985
Max relative error = 0.000018
Max pw relative error = 0.001933
PSNR = 105.481121, NRMSE= 5.3203959397838566854E-06
acEff=1.000000
compressionRatio = 2.413456
  ✓ Compression and decompression successful (ratio: 2.41x)

[52/60] Processing: TGCLDLWP_1_1800_3600.dat

compression time=0.037140, total fastmode1 topology
compression size = 12481588, CR = 2.076659
done
decompression time=0.173309
done
Min=0.00016882304043974727392, Max=693.2628173828125, range=693.26263427734375
Max absolute error = 0.0018844604
Max relative error = 0.000003
Max pw relative error = 0.001473
PSNR = 121.586130, NRMSE= 8.3309306706629193411E-07
acEff=1.000000
compressionRatio = 2.076659
  ✓ Compression and decompression successful (ratio: 2.07x)

[53/60] Processing: TMQ_1_1800_3600.dat

compression time=0.018400, total fastmode1 topology
compression size = 8198814, CR = 3.161433
done
decompression time=0.147631
done
Min=0.43145361542701721191, Max=55.315334320068359375, range=54.883880615234375
Max absolute error = 0.0018944740
Max relative error = 0.000035
Max pw relative error = 0.001279
PSNR = 99.560838, NRMSE= 1.0518603687924123007E-05
acEff=1.000000
compressionRatio = 3.161433
  ✓ Compression and decompression successful (ratio: 3.16x)

[54/60] Processing: TREFHT_1_1800_3600.dat

compression time=0.019110, total fastmode1 topology
compression size = 8513451, CR = 3.044594
done
decompression time=0.151154
done
Min=231.5278472900390625, Max=305.8504638671875, range=74.3226165771484375
Max absolute error = 0.0019226074
Max relative error = 0.000026
Max pw relative error = 0.000008
PSNR = 102.193714, NRMSE= 7.7680908619560553967E-06
acEff=1.000000
compressionRatio = 3.044594
  ✓ Compression and decompression successful (ratio: 3.04x)

[55/60] Processing: TREFMNAV_1_1800_3600.dat

compression time=0.022072, total fastmode1 topology
compression size = 8819222, CR = 2.939035
done
decompression time=0.148892
done
Min=227.771759033203125, Max=301.67401123046875, range=73.902252197265625
Max absolute error = 0.0019836426
Max relative error = 0.000027
Max pw relative error = 0.000008
PSNR = 102.138420, NRMSE= 7.8176999031637508343E-06
acEff=1.000000
compressionRatio = 2.939035
  ✓ Compression and decompression successful (ratio: 2.93x)

[56/60] Processing: TREFMXAV_1_1800_3600.dat

compression time=0.126503, total fastmode1 topology
compression size = 8617257, CR = 3.007918
done
decompression time=0.144064
done
Min=233.2447509765625, Max=313.71270751953125, range=80.46795654296875
Max absolute error = 0.0019073486
Max relative error = 0.000024
Max pw relative error = 0.000008
PSNR = 102.879733, NRMSE= 7.1781634379072006388E-06
acEff=1.000000
compressionRatio = 3.007918
  ✓ Compression and decompression successful (ratio: 3.00x)

[57/60] Processing: TROP_T_1_1800_3600.dat

compression time=0.018568, total fastmode1 topology
compression size = 7752033, CR = 3.343639
done
decompression time=0.138179
done
Min=185.6568450927734375, Max=218.2051239013671875, range=32.54827880859375
Max absolute error = 0.0019683838
Max relative error = 0.000060
Max pw relative error = 0.000010
PSNR = 95.024059, NRMSE= 1.7733605628804814718E-05
acEff=1.000000
compressionRatio = 3.343639
  ✓ Compression and decompression successful (ratio: 3.34x)

[58/60] Processing: TS_1_1800_3600.dat

compression time=0.019364, total fastmode1 topology
compression size = 8593728, CR = 3.016153
done
decompression time=0.152424
done
Min=228.4328460693359375, Max=308.9439697265625, range=80.5111236572265625
Max absolute error = 0.0019683838
Max relative error = 0.000024
Max pw relative error = 0.000008
PSNR = 102.883778, NRMSE= 7.1748214611572187711E-06
acEff=1.000000
compressionRatio = 3.016153
  ✓ Compression and decompression successful (ratio: 3.01x)

[59/60] Processing: TSMN_1_1800_3600.dat

compression time=0.021629, total fastmode1 topology
compression size = 9043842, CR = 2.866039
done
decompression time=0.150581
done
Min=211.0350189208984375, Max=303.356781005859375, range=92.3217620849609375
Max absolute error = 0.0019531250
Max relative error = 0.000021
Max pw relative error = 0.000008
PSNR = 104.073473, NRMSE= 6.2564267798096124968E-06
acEff=1.000000
compressionRatio = 2.866039
  ✓ Compression and decompression successful (ratio: 2.86x)

[60/60] Processing: TSMX_1_1800_3600.dat

compression time=0.020920, total fastmode1 topology
compression size = 8648271, CR = 2.997131
done
decompression time=0.153663
done
Min=241.6193389892578125, Max=336.633941650390625, range=95.0146026611328125
Max absolute error = 0.0019836426
Max relative error = 0.000021
Max pw relative error = 0.000008
PSNR = 104.325293, NRMSE= 6.0776455738901038168E-06
acEff=1.000000
compressionRatio = 2.997131
  ✓ Compression and decompression successful (ratio: 2.99x)

=== Summary ===
Total files processed: 60
Total files skipped: 0
Total files failed: 0

