Auto-detected decompressed suffix: .tthresh.out

Found 90 .dat file(s) to process

[1/90] Processing: AEROD_v_1_768_1152.dat
  False Negatives: 71845
  False Positives: 258896
  False Types: 18599
  Grand Total: 349340

[2/90] Processing: cb_ozone_c_1_768_1152.dat
  False Negatives: 3084
  False Positives: 181647
  False Types: 772
  Grand Total: 185503

[3/90] Processing: cb_sulf_c_1_768_1152.dat
  False Negatives: 853
  False Positives: 245794
  False Types: 132
  Grand Total: 246779

[4/90] Processing: CLDHGH_1_768_1152.dat
  False Negatives: 132473
  False Positives: 194290
  False Types: 25849
  Grand Total: 352612

[5/90] Processing: CLDLOW_1_768_1152.dat
  False Negatives: 111740
  False Positives: 256612
  False Types: 27870
  Grand Total: 396222

[6/90] Processing: CLDMED_1_768_1152.dat
  False Negatives: 105879
  False Positives: 217425
  False Types: 23497
  Grand Total: 346801

[7/90] Processing: CLDTOT_1_768_1152.dat
  False Negatives: 143381
  False Positives: 249526
  False Types: 34830
  Grand Total: 427737

[8/90] Processing: FLDS_1_768_1152.dat
  False Negatives: 90602
  False Positives: 112768
  False Types: 8457
  Grand Total: 211827

[9/90] Processing: FLDSC_1_768_1152.dat
  False Negatives: 21493
  False Positives: 133703
  False Types: 2533
  Grand Total: 157729

[10/90] Processing: FLNS_1_768_1152.dat
  False Negatives: 119852
  False Positives: 281175
  False Types: 30672
  Grand Total: 431699

[11/90] Processing: FLNSC_1_768_1152.dat
  False Negatives: 86868
  False Positives: 296224
  False Types: 23495
  Grand Total: 406587

[12/90] Processing: FLNT_1_768_1152.dat
  False Negatives: 90438
  False Positives: 180869
  False Types: 13939
  Grand Total: 285246

[13/90] Processing: FLNTC_1_768_1152.dat
  False Negatives: 37169
  False Positives: 56784
  False Types: 2043
  Grand Total: 95996

[14/90] Processing: FLUT_1_768_1152.dat
  False Negatives: 90270
  False Positives: 183484
  False Types: 14130
  Grand Total: 287884

[15/90] Processing: FLUTC_1_768_1152.dat
  False Negatives: 36920
  False Positives: 61605
  False Types: 2158
  Grand Total: 100683

[16/90] Processing: FREQSH_1_768_1152.dat
  False Negatives: 119141
  False Positives: 231078
  False Types: 27363
  Grand Total: 377582

[17/90] Processing: FREQZM_1_768_1152.dat
  False Negatives: 56494
  False Positives: 174811
  False Types: 11537
  Grand Total: 242842

[18/90] Processing: FSDS_1_768_1152.dat
  False Negatives: 86945
  False Positives: 232541
  False Types: 19548
  Grand Total: 339034

[19/90] Processing: FSDSC_1_768_1152.dat
  False Negatives: 9472
  False Positives: 5006
  False Types: 51
  Grand Total: 14529

[20/90] Processing: FSDTOA_1_768_1152.dat
  False Negatives: 51
  False Positives: 0
  False Types: 0
  Grand Total: 51

[21/90] Processing: FSNS_1_768_1152.dat
  False Negatives: 96382
  False Positives: 226932
  False Types: 20376
  Grand Total: 343690

[22/90] Processing: FSNSC_1_768_1152.dat
  False Negatives: 38275
  False Positives: 122297
  False Types: 4457
  Grand Total: 165029

[23/90] Processing: FSNT_1_768_1152.dat
  False Negatives: 83498
  False Positives: 149467
  False Types: 11903
  Grand Total: 244868

[24/90] Processing: FSNTC_1_768_1152.dat
  False Negatives: 29295
  False Positives: 94570
  False Types: 2769
  Grand Total: 126634

[25/90] Processing: FSNTOA_1_768_1152.dat
  False Negatives: 82948
  False Positives: 145659
  False Types: 11440
  Grand Total: 240047

[26/90] Processing: FSNTOAC_1_768_1152.dat
  False Negatives: 29020
  False Positives: 98189
  False Types: 2818
  Grand Total: 130027

[27/90] Processing: FSUTOA_1_768_1152.dat
  False Negatives: 93717
  False Positives: 244500
  False Types: 23993
  Grand Total: 362210

[28/90] Processing: ICEFRAC_1_768_1152.dat
  False Negatives: 512
  False Positives: 86061
  False Types: 135
  Grand Total: 86708

[29/90] Processing: LANDFRAC_1_768_1152.dat
  False Negatives: 13
  False Positives: 338597
  False Types: 1
  Grand Total: 338611

[30/90] Processing: LHFLX_1_768_1152.dat
  False Negatives: 38759
  False Positives: 311045
  False Types: 10010
  Grand Total: 359814

[31/90] Processing: LWCF_1_768_1152.dat
  False Negatives: 105197
  False Positives: 275188
  False Types: 28645
  Grand Total: 409030

[32/90] Processing: MSKtem_1_768_1152.dat
  False Negatives: 6856
  False Positives: 297390
  False Types: 1723
  Grand Total: 305969

[33/90] Processing: OCNFRAC_1_768_1152.dat
  False Negatives: 564
  False Positives: 317139
  False Types: 120
  Grand Total: 317823

[34/90] Processing: ODV_bcar1_1_768_1152.dat
  False Negatives: 4150
  False Positives: 168884
  False Types: 628
  Grand Total: 173662

[35/90] Processing: ODV_bcar2_1_768_1152.dat
  False Negatives: 4742
  False Positives: 266249
  False Types: 1252
  Grand Total: 272243

[36/90] Processing: ODV_dust1_1_768_1152.dat
  False Negatives: 2961
  False Positives: 197843
  False Types: 586
  Grand Total: 201390

[37/90] Processing: ODV_dust2_1_768_1152.dat
  False Negatives: 2916
  False Positives: 193119
  False Types: 623
  Grand Total: 196658

[38/90] Processing: ODV_dust3_1_768_1152.dat
  False Negatives: 2468
  False Positives: 194216
  False Types: 591
  Grand Total: 197275

[39/90] Processing: ODV_dust4_1_768_1152.dat
  False Negatives: 1962
  False Positives: 190171
  False Types: 440
  Grand Total: 192573

[40/90] Processing: ODV_ocar1_1_768_1152.dat
  False Negatives: 4542
  False Positives: 211185
  False Types: 1005
  Grand Total: 216732

[41/90] Processing: ODV_ocar2_1_768_1152.dat
  False Negatives: 76710
  False Positives: 227613
  False Types: 12909
  Grand Total: 317232

[42/90] Processing: ODV_SSLTA_1_768_1152.dat
  False Negatives: 64833
  False Positives: 238773
  False Types: 15759
  Grand Total: 319365

[43/90] Processing: ODV_SSLTC_1_768_1152.dat
  False Negatives: 69615
  False Positives: 242945
  False Types: 16763
  Grand Total: 329323

[44/90] Processing: ODV_sulf_1_768_1152.dat
  False Negatives: 81012
  False Positives: 242119
  False Types: 18276
  Grand Total: 341407

[45/90] Processing: ODV_VOLC_MMR_1_768_1152.dat
  False Negatives: 21882
  False Positives: 424
  False Types: 21
  Grand Total: 22327

[46/90] Processing: PBLH_1_768_1152.dat
  False Negatives: 71361
  False Positives: 291949
  False Types: 19986
  Grand Total: 383296

[47/90] Processing: PCONVB_1_768_1152.dat
  False Negatives: 42334
  False Positives: 90015
  False Types: 3398
  Grand Total: 135747

[48/90] Processing: PCONVT_1_768_1152.dat
  False Negatives: 65215
  False Positives: 59367
  False Types: 3281
  Grand Total: 127863

[49/90] Processing: PHIS_1_768_1152.dat
  False Negatives: 7695
  False Positives: 281384
  False Types: 1877
  Grand Total: 290956

[50/90] Processing: PRECC_1_768_1152.dat
  False Negatives: 0
  False Positives: 99819
  False Types: 0
  Grand Total: 99819

[51/90] Processing: PRECCDZM_1_768_1152.dat
  False Negatives: 0
  False Positives: 89863
  False Types: 0
  Grand Total: 89863

[52/90] Processing: PRECL_1_768_1152.dat
  False Negatives: 0
  False Positives: 286644
  False Types: 0
  Grand Total: 286644

[53/90] Skipping: PRECSC_1_768_1152.dat (decompressed file not found: PRECSC_1_768_1152.dat.tthresh.out)
[54/90] Processing: PRECSH_1_768_1152.dat
  False Negatives: 0
  False Positives: 1
  False Types: 0
  Grand Total: 1

[55/90] Processing: PRECSL_1_768_1152.dat
  False Negatives: 0
  False Positives: 312
  False Types: 0
  Grand Total: 312

[56/90] Processing: PRECT_1_768_1152.dat
  False Negatives: 0
  False Positives: 294334
  False Types: 0
  Grand Total: 294334

[57/90] Processing: PS_1_768_1152.dat
  False Negatives: 10125
  False Positives: 91408
  False Types: 812
  Grand Total: 102345

[58/90] Processing: PSL_1_768_1152.dat
  False Negatives: 17969
  False Positives: 71161
  False Types: 700
  Grand Total: 89830

[59/90] Processing: QFLX_1_768_1152.dat
  False Negatives: 18120
  False Positives: 298389
  False Types: 4270
  Grand Total: 320779

[60/90] Processing: QREFHT_1_768_1152.dat
  False Negatives: 16498
  False Positives: 279575
  False Types: 3907
  Grand Total: 299980

[61/90] Processing: RHREFHT_1_768_1152.dat
  False Negatives: 69277
  False Positives: 300206
  False Types: 17990
  Grand Total: 387473

[62/90] Skipping: SFCLDICE_1_768_1152.dat (decompressed file not found: SFCLDICE_1_768_1152.dat.tthresh.out)
[63/90] Skipping: SFCLDLIQ_1_768_1152.dat (decompressed file not found: SFCLDLIQ_1_768_1152.dat.tthresh.out)
[64/90] Processing: SHFLX_1_768_1152.dat
  False Negatives: 42391
  False Positives: 225080
  False Types: 7993
  Grand Total: 275464

[65/90] Processing: SNOWHICE_1_768_1152.dat
  False Negatives: 485
  False Positives: 83311
  False Types: 121
  Grand Total: 83917

[66/90] Processing: SNOWHLND_1_768_1152.dat
  False Negatives: 28642
  False Positives: 100827
  False Types: 8042
  Grand Total: 137511

[67/90] Processing: SOLIN_1_768_1152.dat
  False Negatives: 51
  False Positives: 0
  False Types: 0
  Grand Total: 51

[68/90] Processing: SRFRAD_1_768_1152.dat
  False Negatives: 90380
  False Positives: 88792
  False Types: 6853
  Grand Total: 186025

[69/90] Processing: SWCF_1_768_1152.dat
  False Negatives: 119136
  False Positives: 121354
  False Types: 11089
  Grand Total: 251579

[70/90] Processing: TAUX_1_768_1152.dat
  False Negatives: 22798
  False Positives: 130417
  False Types: 2574
  Grand Total: 155789

[71/90] Processing: TAUY_1_768_1152.dat
  False Negatives: 22728
  False Positives: 149556
  False Types: 2931
  Grand Total: 175215

[72/90] Processing: TGCLDIWP_1_768_1152.dat
  False Negatives: 74051
  False Positives: 188688
  False Types: 14800
  Grand Total: 277539

[73/90] Processing: TGCLDLWP_1_768_1152.dat
  False Negatives: 69093
  False Positives: 277742
  False Types: 18549
  Grand Total: 365384

[74/90] Processing: TH2d_1_768_1152.dat
  False Negatives: 8
  False Positives: 1877
  False Types: 4
  Grand Total: 1889

[75/90] Processing: TMQ_1_768_1152.dat
  False Negatives: 11790
  False Positives: 287667
  False Types: 3200
  Grand Total: 302657

[76/90] Processing: TREFHT_1_768_1152.dat
  False Negatives: 20092
  False Positives: 75583
  False Types: 1375
  Grand Total: 97050

[77/90] Processing: TREFMNAV_1_768_1152.dat
  False Negatives: 41024
  False Positives: 106640
  False Types: 3962
  Grand Total: 151626

[78/90] Processing: TREFMXAV_1_768_1152.dat
  False Negatives: 34802
  False Positives: 90442
  False Types: 3020
  Grand Total: 128264

[79/90] Processing: TROP_P_1_768_1152.dat
  False Negatives: 24750
  False Positives: 96773
  False Types: 2220
  Grand Total: 123743

[80/90] Processing: TROP_T_1_768_1152.dat
  False Negatives: 12269
  False Positives: 194021
  False Types: 2386
  Grand Total: 208676

[81/90] Processing: TROP_Z_1_768_1152.dat
  False Negatives: 20026
  False Positives: 80328
  False Types: 1029
  Grand Total: 101383

[82/90] Processing: TS_1_768_1152.dat
  False Negatives: 23924
  False Positives: 75721
  False Types: 1864
  Grand Total: 101509

[83/90] Processing: TSMN_1_768_1152.dat
  False Negatives: 40457
  False Positives: 213427
  False Types: 8386
  Grand Total: 262270

[84/90] Processing: TSMX_1_768_1152.dat
  False Negatives: 40204
  False Positives: 197163
  False Types: 7504
  Grand Total: 244871

[85/90] Processing: U2d_1_768_1152.dat
  False Negatives: 88
  False Positives: 15960
  False Types: 27
  Grand Total: 16075

[86/90] Processing: UV2d_1_768_1152.dat
  False Negatives: 314
  False Positives: 18570
  False Types: 98
  Grand Total: 18982

[87/90] Processing: UW2d_1_768_1152.dat
  False Negatives: 1296
  False Positives: 22865
  False Types: 406
  Grand Total: 24567

[88/90] Processing: V2d_1_768_1152.dat
  False Negatives: 621
  False Positives: 23190
  False Types: 235
  Grand Total: 24046

[89/90] Processing: VTH2d_1_768_1152.dat
  False Negatives: 357
  False Positives: 20853
  False Types: 111
  Grand Total: 21321

[90/90] Processing: W2d_1_768_1152.dat
  False Negatives: 1890
  False Positives: 5496
  False Types: 143
  Grand Total: 7529

=== Summary ===
Total files processed: 87
Total files failed: 3
Total false cases across all files: 18121504
Average false cases per file: 208293.14
