Input directory: ../../CESM-CLIMATE-65G/4/log_normalized
Output directory: ../../CESM-CLIMATE-65G/4/log_normalized/tthresh_1E-3
Dimensions: 768x1152
Error bound: 0.001

Found 90 .dat file(s) to process

[1/90] Processing: AEROD_v_1_768_1152.dat
oldbits = 28311552, newbits = 259216, compressionratio = 109.22, bpv = 0.292987
Total compression time: 1884.2ms
eps = 0.0679788, rmse = 0.00926999, psnr = 34.6378
Total decompression time: 65.872ms
Total time: 1950.13ms
  ✓ Compression successful (ratio: 109.21x)

[2/90] Processing: cb_ozone_c_1_768_1152.dat
oldbits = 28311552, newbits = 66320, compressionratio = 426.893, bpv = 0.0749602
Total compression time: 1694.39ms
eps = 0.0278255, rmse = 0.0116226, psnr = 32.6734
Total decompression time: 39.556ms
Total time: 1734ms
  ✓ Compression successful (ratio: 426.89x)

[3/90] Processing: cb_sulf_c_1_768_1152.dat
oldbits = 28311552, newbits = 227344, compressionratio = 124.532, bpv = 0.256963
Total compression time: 1781.12ms
eps = 0.0747437, rmse = 0.0128331, psnr = 31.8128
Total decompression time: 65.616ms
Total time: 1846.77ms
  ✓ Compression successful (ratio: 124.53x)

[4/90] Processing: CLDHGH_1_768_1152.dat
oldbits = 28311552, newbits = 331664, compressionratio = 85.3621, bpv = 0.374873
Total compression time: 1967.15ms
eps = 0.0738022, rmse = 0.0236799, psnr = 26.4918
Total decompression time: 76.863ms
Total time: 2044.05ms
  ✓ Compression successful (ratio: 85.36x)

[5/90] Processing: CLDLOW_1_768_1152.dat
oldbits = 28311552, newbits = 301200, compressionratio = 93.9959, bpv = 0.340441
Total compression time: 2097.19ms
eps = 0.103559, rmse = 0.0451933, psnr = 20.8779
Total decompression time: 71.104ms
Total time: 2168.34ms
  ✓ Compression successful (ratio: 93.99x)

[6/90] Processing: CLDMED_1_768_1152.dat
oldbits = 28311552, newbits = 323152, compressionratio = 87.6106, bpv = 0.365252
Total compression time: 1964.3ms
eps = 0.0845914, rmse = 0.0228964, psnr = 26.7841
Total decompression time: 102.373ms
Total time: 2066.71ms
  ✓ Compression successful (ratio: 87.61x)

[7/90] Processing: CLDTOT_1_768_1152.dat
oldbits = 28311552, newbits = 253392, compressionratio = 111.73, bpv = 0.286404
Total compression time: 1983.87ms
eps = 0.0692709, rmse = 0.039089, psnr = 22.1383
Total decompression time: 267.224ms
Total time: 2251.16ms
  ✓ Compression successful (ratio: 111.73x)

[8/90] Processing: FLDS_1_768_1152.dat
oldbits = 28311552, newbits = 53392, compressionratio = 530.258, bpv = 0.0603479
Total compression time: 1817.09ms
eps = 0.019205, rmse = 0.0173944, psnr = 29.1712
Total decompression time: 42.681ms
Total time: 1859.82ms
  ✓ Compression successful (ratio: 530.25x)

[9/90] Processing: FLDSC_1_768_1152.dat
oldbits = 28311552, newbits = 54224, compressionratio = 522.122, bpv = 0.0612883
Total compression time: 1773.7ms
eps = 0.0202466, rmse = 0.0179658, psnr = 28.8904
Total decompression time: 43.613ms
Total time: 1817.36ms
  ✓ Compression successful (ratio: 522.12x)

[10/90] Processing: FLNS_1_768_1152.dat
oldbits = 28311552, newbits = 132240, compressionratio = 214.092, bpv = 0.149468
Total compression time: 1860.09ms
eps = 0.0334973, rmse = 0.0259621, psnr = 25.6926
Total decompression time: 56.665ms
Total time: 1916.8ms
  ✓ Compression successful (ratio: 214.09x)

[11/90] Processing: FLNSC_1_768_1152.dat
oldbits = 28311552, newbits = 129680, compressionratio = 218.319, bpv = 0.146575
Total compression time: 1809.1ms
eps = 0.0341418, rmse = 0.0258907, psnr = 25.7165
Total decompression time: 60.284ms
Total time: 1869.43ms
  ✓ Compression successful (ratio: 218.31x)

[12/90] Processing: FLNT_1_768_1152.dat
oldbits = 28311552, newbits = 62800, compressionratio = 450.821, bpv = 0.0709816
Total compression time: 1741.93ms
eps = 0.0240715, rmse = 0.0211544, psnr = 27.4714
Total decompression time: 47.834ms
Total time: 1789.81ms
  ✓ Compression successful (ratio: 450.82x)

[13/90] Processing: FLNTC_1_768_1152.dat
oldbits = 28311552, newbits = 46160, compressionratio = 613.335, bpv = 0.0521738
Total compression time: 1814.07ms
eps = 0.0140146, rmse = 0.0127732, psnr = 31.8534
Total decompression time: 34.056ms
Total time: 1848.17ms
  ✓ Compression successful (ratio: 613.33x)

[14/90] Processing: FLUT_1_768_1152.dat
oldbits = 28311552, newbits = 62864, compressionratio = 450.362, bpv = 0.071054
Total compression time: 1826.56ms
eps = 0.0240301, rmse = 0.0211215, psnr = 27.4849
Total decompression time: 50.445ms
Total time: 1877.04ms
  ✓ Compression successful (ratio: 450.36x)

[15/90] Processing: FLUTC_1_768_1152.dat
oldbits = 28311552, newbits = 46096, compressionratio = 614.187, bpv = 0.0521014
Total compression time: 1788.04ms
eps = 0.0140219, rmse = 0.0127804, psnr = 31.8485
Total decompression time: 35.794ms
Total time: 1823.88ms
  ✓ Compression successful (ratio: 614.18x)

[16/90] Processing: FREQSH_1_768_1152.dat
oldbits = 28311552, newbits = 248016, compressionratio = 114.152, bpv = 0.280328
Total compression time: 2010.69ms
eps = 0.0927401, rmse = 0.0604262, psnr = 18.3549
Total decompression time: 143.694ms
Total time: 2154.44ms
  ✓ Compression successful (ratio: 114.15x)

[17/90] Processing: FREQZM_1_768_1152.dat
oldbits = 28311552, newbits = 380048, compressionratio = 74.4947, bpv = 0.429561
Total compression time: 1791.88ms
eps = 0.0849563, rmse = 0.0246555, psnr = 26.1411
Total decompression time: 154.432ms
Total time: 1946.36ms
  ✓ Compression successful (ratio: 74.49x)

[18/90] Processing: FSDS_1_768_1152.dat
oldbits = 28311552, newbits = 97424, compressionratio = 290.601, bpv = 0.110116
Total compression time: 1823.99ms
eps = 0.0206982, rmse = 0.0171695, psnr = 29.2842
Total decompression time: 57.068ms
Total time: 1881.1ms
  ✓ Compression successful (ratio: 290.60x)

[19/90] Processing: FSDSC_1_768_1152.dat
oldbits = 28311552, newbits = 39952, compressionratio = 708.639, bpv = 0.045157
Total compression time: 1695.34ms
eps = 0.00539467, rmse = 0.00471474, psnr = 40.5102
Total decompression time: 32.493ms
Total time: 1727.86ms
  ✓ Compression successful (ratio: 708.63x)

[20/90] Processing: FSDTOA_1_768_1152.dat
oldbits = 28311552, newbits = 21648, compressionratio = 1307.81, bpv = 0.0244683
Total compression time: 1963.63ms
eps = 0.00618912, rmse = 0.00555137, psnr = 39.0914
Total decompression time: 26.739ms
Total time: 1990.41ms
  ✓ Compression successful (ratio: 1307.81x)

[21/90] Processing: FSNS_1_768_1152.dat
oldbits = 28311552, newbits = 128656, compressionratio = 220.056, bpv = 0.145417
Total compression time: 1868.22ms
eps = 0.0258943, rmse = 0.0206786, psnr = 27.669
Total decompression time: 69.593ms
Total time: 1937.86ms
  ✓ Compression successful (ratio: 220.05x)

[22/90] Processing: FSNSC_1_768_1152.dat
oldbits = 28311552, newbits = 106000, compressionratio = 267.09, bpv = 0.11981
Total compression time: 1870.23ms
eps = 0.0188625, rmse = 0.0158411, psnr = 29.9837
Total decompression time: 59.181ms
Total time: 1929.46ms
  ✓ Compression successful (ratio: 267.09x)

[23/90] Processing: FSNT_1_768_1152.dat
oldbits = 28311552, newbits = 83088, compressionratio = 340.742, bpv = 0.0939128
Total compression time: 1854.88ms
eps = 0.0168456, rmse = 0.0141063, psnr = 30.9911
Total decompression time: 55.361ms
Total time: 1910.29ms
  ✓ Compression successful (ratio: 340.74x)

[24/90] Processing: FSNTC_1_768_1152.dat
oldbits = 28311552, newbits = 100112, compressionratio = 282.799, bpv = 0.113155
Total compression time: 1772.15ms
eps = 0.0101799, rmse = 0.0087806, psnr = 35.1089
Total decompression time: 44.895ms
Total time: 1817.09ms
  ✓ Compression successful (ratio: 282.79x)

[25/90] Processing: FSNTOA_1_768_1152.dat
oldbits = 28311552, newbits = 82384, compressionratio = 343.654, bpv = 0.093117
Total compression time: 1814.64ms
eps = 0.0165787, rmse = 0.0139062, psnr = 31.1152
Total decompression time: 52.725ms
Total time: 1867.42ms
  ✓ Compression successful (ratio: 343.65x)

[26/90] Processing: FSNTOAC_1_768_1152.dat
oldbits = 28311552, newbits = 61712, compressionratio = 458.769, bpv = 0.0697519
Total compression time: 1791.33ms
eps = 0.0186618, rmse = 0.0161148, psnr = 29.8349
Total decompression time: 43.312ms
Total time: 1834.69ms
  ✓ Compression successful (ratio: 458.76x)

[27/90] Processing: FSUTOA_1_768_1152.dat
oldbits = 28311552, newbits = 115536, compressionratio = 245.045, bpv = 0.130588
Total compression time: 1838.77ms
eps = 0.0302767, rmse = 0.023138, psnr = 26.6929
Total decompression time: 79.568ms
Total time: 1918.39ms
  ✓ Compression successful (ratio: 245.04x)

[28/90] Processing: ICEFRAC_1_768_1152.dat
oldbits = 28311552, newbits = 127888, compressionratio = 221.378, bpv = 0.144549
Total compression time: 1370.85ms
eps = 0.110683, rmse = 0.0357401, psnr = 22.9163
Total decompression time: 50.883ms
Total time: 1421.78ms
  ✓ Compression successful (ratio: 221.37x)

[29/90] Processing: LANDFRAC_1_768_1152.dat
oldbits = 28311552, newbits = 361424, compressionratio = 78.3333, bpv = 0.408511
Total compression time: 1856.84ms
eps = 0.17536, rmse = 0.102467, psnr = 13.7677
Total decompression time: 70.14ms
Total time: 1927.02ms
  ✓ Compression successful (ratio: 78.33x)

[30/90] Processing: LHFLX_1_768_1152.dat
oldbits = 28311552, newbits = 192272, compressionratio = 147.247, bpv = 0.217321
Total compression time: 1962.44ms
eps = 0.0526075, rmse = 0.0339841, psnr = 23.3539
Total decompression time: 62.915ms
Total time: 2025.42ms
  ✓ Compression successful (ratio: 147.24x)

[31/90] Processing: LWCF_1_768_1152.dat
oldbits = 28311552, newbits = 158160, compressionratio = 179.006, bpv = 0.178765
Total compression time: 1906.12ms
eps = 0.0394006, rmse = 0.0267428, psnr = 25.4353
Total decompression time: 68.198ms
Total time: 1974.36ms
  ✓ Compression successful (ratio: 179.00x)

[32/90] Processing: MSKtem_1_768_1152.dat
oldbits = 28311552, newbits = 160976, compressionratio = 175.874, bpv = 0.181948
Total compression time: 1916.47ms
eps = 0.0504585, rmse = 0.0464723, psnr = 20.6355
Total decompression time: 67.43ms
Total time: 1983.94ms
  ✓ Compression successful (ratio: 175.87x)

[33/90] Processing: OCNFRAC_1_768_1152.dat
oldbits = 28311552, newbits = 344720, compressionratio = 82.1291, bpv = 0.38963
Total compression time: 1851.41ms
eps = 0.13506, rmse = 0.0988614, psnr = 14.0789
Total decompression time: 85.275ms
Total time: 1936.73ms
  ✓ Compression successful (ratio: 82.12x)

[34/90] Processing: ODV_bcar1_1_768_1152.dat
oldbits = 28311552, newbits = 520464, compressionratio = 54.3968, bpv = 0.58827
Total compression time: 1872.15ms
eps = 0.0917392, rmse = 0.00392258, psnr = 42.108
Total decompression time: 96.27ms
Total time: 1968.46ms
  ✓ Compression successful (ratio: 54.39x)

[35/90] Processing: ODV_bcar2_1_768_1152.dat
oldbits = 28311552, newbits = 240080, compressionratio = 117.925, bpv = 0.271358
Total compression time: 1857.34ms
eps = 0.0734369, rmse = 0.0067499, psnr = 37.3935
Total decompression time: 59.264ms
Total time: 1916.65ms
  ✓ Compression successful (ratio: 117.92x)

[36/90] Processing: ODV_dust1_1_768_1152.dat
oldbits = 28311552, newbits = 188368, compressionratio = 150.299, bpv = 0.212909
Total compression time: 1718.18ms
eps = 0.0567419, rmse = 0.00401412, psnr = 41.9076
Total decompression time: 54.662ms
Total time: 1772.89ms
  ✓ Compression successful (ratio: 150.29x)

[37/90] Processing: ODV_dust2_1_768_1152.dat
oldbits = 28311552, newbits = 186320, compressionratio = 151.951, bpv = 0.210594
Total compression time: 1668.12ms
eps = 0.0579944, rmse = 0.00400596, psnr = 41.9253
Total decompression time: 50.949ms
Total time: 1719.12ms
  ✓ Compression successful (ratio: 151.95x)

[38/90] Processing: ODV_dust3_1_768_1152.dat
oldbits = 28311552, newbits = 170896, compressionratio = 165.665, bpv = 0.19316
Total compression time: 1690.89ms
eps = 0.0636592, rmse = 0.00380509, psnr = 42.3721
Total decompression time: 44.721ms
Total time: 1735.66ms
  ✓ Compression successful (ratio: 165.66x)

[39/90] Processing: ODV_dust4_1_768_1152.dat
oldbits = 28311552, newbits = 171920, compressionratio = 164.679, bpv = 0.194318
Total compression time: 1577.2ms
eps = 0.0747685, rmse = 0.00374762, psnr = 42.5043
Total decompression time: 50.702ms
Total time: 1627.95ms
  ✓ Compression successful (ratio: 164.67x)

[40/90] Processing: ODV_ocar1_1_768_1152.dat
oldbits = 28311552, newbits = 236752, compressionratio = 119.583, bpv = 0.267596
Total compression time: 1744.75ms
eps = 0.0924163, rmse = 0.00224071, psnr = 46.9717
Total decompression time: 51.153ms
Total time: 1795.97ms
  ✓ Compression successful (ratio: 119.58x)

[41/90] Processing: ODV_ocar2_1_768_1152.dat
oldbits = 28311552, newbits = 294928, compressionratio = 95.9948, bpv = 0.333351
Total compression time: 1743.42ms
eps = 0.048777, rmse = 0.00243507, psnr = 46.2492
Total decompression time: 54.634ms
Total time: 1798.1ms
  ✓ Compression successful (ratio: 95.99x)

[42/90] Processing: ODV_SSLTA_1_768_1152.dat
oldbits = 28311552, newbits = 241040, compressionratio = 117.456, bpv = 0.272443
Total compression time: 1807.08ms
eps = 0.0561001, rmse = 0.0163939, psnr = 29.6858
Total decompression time: 70.653ms
Total time: 1877.78ms
  ✓ Compression successful (ratio: 117.45x)

[43/90] Processing: ODV_SSLTC_1_768_1152.dat
oldbits = 28311552, newbits = 242384, compressionratio = 116.805, bpv = 0.273962
Total compression time: 1892.77ms
eps = 0.0593655, rmse = 0.0166606, psnr = 29.5456
Total decompression time: 87.146ms
Total time: 1979.95ms
  ✓ Compression successful (ratio: 116.80x)

[44/90] Processing: ODV_sulf_1_768_1152.dat
oldbits = 28311552, newbits = 219152, compressionratio = 129.187, bpv = 0.247703
Total compression time: 1939.26ms
eps = 0.0919149, rmse = 0.0126218, psnr = 31.957
Total decompression time: 112.806ms
Total time: 2052.12ms
  ✓ Compression successful (ratio: 129.18x)

[45/90] Processing: ODV_VOLC_MMR_1_768_1152.dat
oldbits = 28311552, newbits = 25616, compressionratio = 1105.23, bpv = 0.0289533
Total compression time: 1238.84ms
eps = 0.00846257, rmse = 0.00481306, psnr = 40.331
Total decompression time: 31.975ms
Total time: 1270.85ms
  ✓ Compression successful (ratio: 1105.22x)

[46/90] Processing: PBLH_1_768_1152.dat
oldbits = 28311552, newbits = 144720, compressionratio = 195.63, bpv = 0.163574
Total compression time: 1846.74ms
eps = 0.0360968, rmse = 0.0290676, psnr = 24.7112
Total decompression time: 56.008ms
Total time: 1902.79ms
  ✓ Compression successful (ratio: 195.62x)

[47/90] Processing: PCONVB_1_768_1152.dat
oldbits = 28311552, newbits = 53008, compressionratio = 534.1, bpv = 0.0599139
Total compression time: 1707.42ms
eps = 0.0136142, rmse = 0.013404, psnr = 31.4347
Total decompression time: 37.348ms
Total time: 1744.81ms
  ✓ Compression successful (ratio: 534.09x)

[48/90] Processing: PCONVT_1_768_1152.dat
oldbits = 28311552, newbits = 58512, compressionratio = 483.859, bpv = 0.066135
Total compression time: 1803.58ms
eps = 0.0152222, rmse = 0.0148855, psnr = 30.5241
Total decompression time: 44.857ms
Total time: 1848.48ms
  ✓ Compression successful (ratio: 483.85x)

[49/90] Processing: PHIS_1_768_1152.dat
oldbits = 28311552, newbits = 130384, compressionratio = 217.14, bpv = 0.147371
Total compression time: 1848.82ms
eps = 0.0655472, rmse = 0.044232, psnr = 21.0647
Total decompression time: 54.707ms
Total time: 1903.57ms
  ✓ Compression successful (ratio: 217.13x)

[50/90] Processing: PRECC_1_768_1152.dat
oldbits = 28311552, newbits = 335248, compressionratio = 84.4496, bpv = 0.378924
Total compression time: 1087.32ms
eps = 0.315784, rmse = 0.0253422, psnr = 25.9025
Total decompression time: 54.641ms
Total time: 1142ms
  ✓ Compression successful (ratio: 84.44x)

[51/90] Processing: PRECCDZM_1_768_1152.dat
oldbits = 28311552, newbits = 844944, compressionratio = 33.507, bpv = 0.955024
Total compression time: 1001.23ms
eps = 0.0998915, rmse = 0.013863, psnr = 31.1423
Total decompression time: 59.009ms
Total time: 1060.28ms
  ✓ Compression successful (ratio: 33.50x)

[52/90] Processing: PRECL_1_768_1152.dat
oldbits = 28311552, newbits = 2215952, compressionratio = 12.7762, bpv = 2.50465
Total compression time: 1913.81ms
eps = 0.163097, rmse = 0.00501021, psnr = 39.9823
Total decompression time: 210.679ms
Total time: 2124.54ms
  ✓ Compression successful (ratio: 12.77x)

[53/90] Processing: PRECSC_1_768_1152.dat
  ✗ Compression failed (exit code: 139)

[54/90] Processing: PRECSH_1_768_1152.dat
oldbits = 28311552, newbits = 10640, compressionratio = 2660.86, bpv = 0.0120262
Total compression time: 649.662ms
eps = 0.00412247, rmse = 1.31484e-05, psnr = 91.602
Total decompression time: 25.857ms
Total time: 675.551ms
  ✓ Compression successful (ratio: 2660.86x)

[55/90] Processing: PRECSL_1_768_1152.dat
oldbits = 28311552, newbits = 61072, compressionratio = 463.577, bpv = 0.0690285
Total compression time: 762.585ms
eps = 0.00265972, rmse = 2.86977e-05, psnr = 84.8224
Total decompression time: 31.517ms
Total time: 794.134ms
  ✓ Compression successful (ratio: 463.57x)

[56/90] Processing: PRECT_1_768_1152.dat
oldbits = 28311552, newbits = 862864, compressionratio = 32.8111, bpv = 0.975279
Total compression time: 1806.22ms
eps = 0.25186, rmse = 0.0101199, psnr = 33.8759
Total decompression time: 79.188ms
Total time: 1885.45ms
  ✓ Compression successful (ratio: 32.81x)

[57/90] Processing: PS_1_768_1152.dat
oldbits = 28311552, newbits = 52560, compressionratio = 538.652, bpv = 0.0594076
Total compression time: 1702.76ms
eps = 0.0135857, rmse = 0.0133794, psnr = 31.4507
Total decompression time: 38.323ms
Total time: 1741.13ms
  ✓ Compression successful (ratio: 538.65x)

[58/90] Processing: PSL_1_768_1152.dat
oldbits = 28311552, newbits = 45072, compressionratio = 628.141, bpv = 0.050944
Total compression time: 1745.67ms
eps = 0.01089, rmse = 0.0102795, psnr = 33.7399
Total decompression time: 32.644ms
Total time: 1778.35ms
  ✓ Compression successful (ratio: 628.14x)

[59/90] Processing: QFLX_1_768_1152.dat
oldbits = 28311552, newbits = 269648, compressionratio = 104.994, bpv = 0.304778
Total compression time: 1882.75ms
eps = 0.102655, rmse = 0.0203586, psnr = 27.8045
Total decompression time: 125.211ms
Total time: 2008.01ms
  ✓ Compression successful (ratio: 104.99x)

[60/90] Processing: QREFHT_1_768_1152.dat
oldbits = 28311552, newbits = 183376, compressionratio = 154.391, bpv = 0.207266
Total compression time: 1898.43ms
eps = 0.0559498, rmse = 0.024572, psnr = 26.1706
Total decompression time: 65.683ms
Total time: 1964.16ms
  ✓ Compression successful (ratio: 154.39x)

[61/90] Processing: RHREFHT_1_768_1152.dat
oldbits = 28311552, newbits = 113040, compressionratio = 250.456, bpv = 0.127767
Total compression time: 1870.13ms
eps = 0.0258742, rmse = 0.0232104, psnr = 26.6658
Total decompression time: 60.076ms
Total time: 1930.26ms
  ✓ Compression successful (ratio: 250.45x)

[62/90] Processing: SFCLDICE_1_768_1152.dat
  ✗ Compression failed (exit code: 139)

[63/90] Processing: SFCLDLIQ_1_768_1152.dat
  ✗ Compression failed (exit code: 139)

[64/90] Processing: SHFLX_1_768_1152.dat
oldbits = 28311552, newbits = 118736, compressionratio = 238.441, bpv = 0.134205
Total compression time: 1832.74ms
eps = 0.0239525, rmse = 0.0200235, psnr = 27.9486
Total decompression time: 58.324ms
Total time: 1891.1ms
  ✓ Compression successful (ratio: 238.44x)

[65/90] Processing: SNOWHICE_1_768_1152.dat
oldbits = 28311552, newbits = 176528, compressionratio = 160.38, bpv = 0.199526
Total compression time: 1354.05ms
eps = 0.100629, rmse = 0.0205813, psnr = 27.7099
Total decompression time: 49.211ms
Total time: 1403.3ms
  ✓ Compression successful (ratio: 160.37x)

[66/90] Processing: SNOWHLND_1_768_1152.dat
oldbits = 28311552, newbits = 172560, compressionratio = 164.068, bpv = 0.195041
Total compression time: 1462.25ms
eps = 0.100271, rmse = 0.0332916, psnr = 23.5327
Total decompression time: 54.854ms
Total time: 1517.15ms
  ✓ Compression successful (ratio: 164.06x)

[67/90] Processing: SOLIN_1_768_1152.dat
oldbits = 28311552, newbits = 21648, compressionratio = 1307.81, bpv = 0.0244683
Total compression time: 1987.39ms
eps = 0.00618912, rmse = 0.00555137, psnr = 39.0914
Total decompression time: 26.986ms
Total time: 2014.41ms
  ✓ Compression successful (ratio: 1307.81x)

[68/90] Processing: SRFRAD_1_768_1152.dat
oldbits = 28311552, newbits = 58384, compressionratio = 484.92, bpv = 0.0659903
Total compression time: 1723.33ms
eps = 0.0177091, rmse = 0.0158453, psnr = 29.9814
Total decompression time: 48.701ms
Total time: 1772.08ms
  ✓ Compression successful (ratio: 484.91x)

[69/90] Processing: SWCF_1_768_1152.dat
oldbits = 28311552, newbits = 72848, compressionratio = 388.639, bpv = 0.0823387
Total compression time: 1791.67ms
eps = 0.0207487, rmse = 0.0199925, psnr = 27.962
Total decompression time: 49.891ms
Total time: 1841.61ms
  ✓ Compression successful (ratio: 388.63x)

[70/90] Processing: TAUX_1_768_1152.dat
oldbits = 28311552, newbits = 79376, compressionratio = 356.676, bpv = 0.0897172
Total compression time: 1857.51ms
eps = 0.0153728, rmse = 0.0129205, psnr = 31.7538
Total decompression time: 51.098ms
Total time: 1908.66ms
  ✓ Compression successful (ratio: 356.67x)

[71/90] Processing: TAUY_1_768_1152.dat
oldbits = 28311552, newbits = 96848, compressionratio = 292.33, bpv = 0.109465
Total compression time: 1865.52ms
eps = 0.0241509, rmse = 0.0177809, psnr = 28.9803
Total decompression time: 57.655ms
Total time: 1923.22ms
  ✓ Compression successful (ratio: 292.32x)

[72/90] Processing: TGCLDIWP_1_768_1152.dat
oldbits = 28311552, newbits = 165520, compressionratio = 171.046, bpv = 0.187084
Total compression time: 1860.02ms
eps = 0.0685792, rmse = 0.0433894, psnr = 21.2317
Total decompression time: 70.217ms
Total time: 1930.28ms
  ✓ Compression successful (ratio: 171.04x)

[73/90] Processing: TGCLDLWP_1_768_1152.dat
oldbits = 28311552, newbits = 201424, compressionratio = 140.557, bpv = 0.227666
Total compression time: 1915.51ms
eps = 0.0567995, rmse = 0.0345607, psnr = 23.2077
Total decompression time: 64.491ms
Total time: 1980.04ms
  ✓ Compression successful (ratio: 140.55x)

[74/90] Processing: TH2d_1_768_1152.dat
oldbits = 28311552, newbits = 35408, compressionratio = 799.581, bpv = 0.040021
Total compression time: 1604.39ms
eps = 0.0167244, rmse = 0.000483038, psnr = 60.2998
Total decompression time: 31.177ms
Total time: 1635.61ms
  ✓ Compression successful (ratio: 799.58x)

[75/90] Processing: TMQ_1_768_1152.dat
oldbits = 28311552, newbits = 112080, compressionratio = 252.601, bpv = 0.126682
Total compression time: 1863.77ms
eps = 0.0360625, rmse = 0.0247443, psnr = 26.1099
Total decompression time: 61.299ms
Total time: 1925.11ms
  ✓ Compression successful (ratio: 252.60x)

[76/90] Processing: TREFHT_1_768_1152.dat
oldbits = 28311552, newbits = 47184, compressionratio = 600.024, bpv = 0.0533312
Total compression time: 1691.01ms
eps = 0.017207, rmse = 0.0156955, psnr = 30.0639
Total decompression time: 37.821ms
Total time: 1728.87ms
  ✓ Compression successful (ratio: 600.02x)

[77/90] Processing: TREFMNAV_1_768_1152.dat
oldbits = 28311552, newbits = 49616, compressionratio = 570.613, bpv = 0.05608
Total compression time: 1766.6ms
eps = 0.0177215, rmse = 0.0162539, psnr = 29.7602
Total decompression time: 40.692ms
Total time: 1807.33ms
  ✓ Compression successful (ratio: 570.61x)

[78/90] Processing: TREFMXAV_1_768_1152.dat
oldbits = 28311552, newbits = 49360, compressionratio = 573.573, bpv = 0.0557907
Total compression time: 1816.19ms
eps = 0.0172473, rmse = 0.0155993, psnr = 30.1173
Total decompression time: 39.717ms
Total time: 1855.94ms
  ✓ Compression successful (ratio: 573.57x)

[79/90] Processing: TROP_P_1_768_1152.dat
oldbits = 28311552, newbits = 50192, compressionratio = 564.065, bpv = 0.056731
Total compression time: 1849.87ms
eps = 0.0154548, rmse = 0.0134699, psnr = 31.3921
Total decompression time: 39.948ms
Total time: 1889.85ms
  ✓ Compression successful (ratio: 564.06x)

[80/90] Processing: TROP_T_1_768_1152.dat
oldbits = 28311552, newbits = 56080, compressionratio = 504.842, bpv = 0.0633861
Total compression time: 1763.95ms
eps = 0.0295637, rmse = 0.0223979, psnr = 26.9752
Total decompression time: 39.08ms
Total time: 1803.07ms
  ✓ Compression successful (ratio: 504.84x)

[81/90] Processing: TROP_Z_1_768_1152.dat
oldbits = 28311552, newbits = 47056, compressionratio = 601.657, bpv = 0.0531865
Total compression time: 1770.96ms
eps = 0.014089, rmse = 0.013106, psnr = 31.63
Total decompression time: 37.387ms
Total time: 1808.39ms
  ✓ Compression successful (ratio: 601.65x)

[82/90] Processing: TS_1_768_1152.dat
oldbits = 28311552, newbits = 49552, compressionratio = 571.35, bpv = 0.0560077
Total compression time: 1827.13ms
eps = 0.0173521, rmse = 0.0158563, psnr = 29.9754
Total decompression time: 39.407ms
Total time: 1866.6ms
  ✓ Compression successful (ratio: 571.35x)

[83/90] Processing: TSMN_1_768_1152.dat
oldbits = 28311552, newbits = 110032, compressionratio = 257.303, bpv = 0.124367
Total compression time: 1835.59ms
eps = 0.0136666, rmse = 0.0125332, psnr = 32.0182
Total decompression time: 53.386ms
Total time: 1889.02ms
  ✓ Compression successful (ratio: 257.30x)

[84/90] Processing: TSMX_1_768_1152.dat
oldbits = 28311552, newbits = 86992, compressionratio = 325.45, bpv = 0.0983254
Total compression time: 1809.51ms
eps = 0.0165948, rmse = 0.0145375, psnr = 30.7296
Total decompression time: 54.811ms
Total time: 1864.39ms
  ✓ Compression successful (ratio: 325.45x)

[85/90] Processing: U2d_1_768_1152.dat
oldbits = 28311552, newbits = 66832, compressionratio = 423.623, bpv = 0.0755389
Total compression time: 2005.12ms
eps = 0.0156723, rmse = 0.000765082, psnr = 56.3052
Total decompression time: 32.007ms
Total time: 2037.17ms
  ✓ Compression successful (ratio: 423.62x)

[86/90] Processing: UV2d_1_768_1152.dat
oldbits = 28311552, newbits = 64592, compressionratio = 438.314, bpv = 0.0730071
Total compression time: 1989.88ms
eps = 0.00788897, rmse = 0.000586521, psnr = 58.6137
Total decompression time: 32.442ms
Total time: 2022.38ms
  ✓ Compression successful (ratio: 438.31x)

[87/90] Processing: UW2d_1_768_1152.dat
oldbits = 28311552, newbits = 32976, compressionratio = 858.55, bpv = 0.0372721
Total compression time: 1965.66ms
eps = 0.0303036, rmse = 0.000807044, psnr = 55.8415
Total decompression time: 31.422ms
Total time: 1997.12ms
  ✓ Compression successful (ratio: 858.55x)

[88/90] Processing: V2d_1_768_1152.dat
oldbits = 28311552, newbits = 52944, compressionratio = 534.745, bpv = 0.0598416
Total compression time: 1942.99ms
eps = 0.0355005, rmse = 0.00110881, psnr = 53.0823
Total decompression time: 30.317ms
Total time: 1973.34ms
  ✓ Compression successful (ratio: 534.74x)

[89/90] Processing: VTH2d_1_768_1152.dat
oldbits = 28311552, newbits = 53584, compressionratio = 528.358, bpv = 0.060565
Total compression time: 1976.22ms
eps = 0.0126103, rmse = 0.000945425, psnr = 54.4669
Total decompression time: 31.825ms
Total time: 2008.09ms
  ✓ Compression successful (ratio: 528.35x)

[90/90] Processing: W2d_1_768_1152.dat
oldbits = 28311552, newbits = 36368, compressionratio = 778.474, bpv = 0.041106
Total compression time: 1891.29ms
eps = 0.00490779, rmse = 0.000130525, psnr = 71.6655
Total decompression time: 32.021ms
Total time: 1923.37ms
  ✓ Compression successful (ratio: 778.47x)

=== Summary ===
Total files processed: 87
Total files skipped: 0
Total files failed: 3

