Auto-detected decompressed suffix: .sz.out

Found 176 .dat file(s) to process

[1/176] Processing: ACTUAL_IMMOB_1_192_288.dat
  False Negatives: 652
  False Positives: 605
  False Types: 12
  Grand Total: 1269
  Total Critical Points (Decompressed): 736

[2/176] Processing: AGNPP_1_192_288.dat
  False Negatives: 533
  False Positives: 640
  False Types: 10
  Grand Total: 1183
  Total Critical Points (Decompressed): 1490

[3/176] Processing: ANN_FAREA_BURNED_1_192_288.dat
  False Negatives: 13
  False Positives: 521
  False Types: 0
  Grand Total: 534
  Total Critical Points (Decompressed): 2889

[4/176] Processing: AR_1_192_288.dat
  False Negatives: 656
  False Positives: 789
  False Types: 21
  Grand Total: 1466
  Total Critical Points (Decompressed): 2611

[5/176] Processing: area_192_288.dat
  False Negatives: 0
  False Positives: 107
  False Types: 0
  Grand Total: 107
  Total Critical Points (Decompressed): 129

[6/176] Processing: areaatm_192_288.dat
  False Negatives: 0
  False Positives: 35
  False Types: 0
  Grand Total: 35
  Total Critical Points (Decompressed): 55

[7/176] Processing: areaupsc_192_288.dat
  False Negatives: 0
  False Positives: 107
  False Types: 0
  Grand Total: 107
  Total Critical Points (Decompressed): 129

[8/176] Processing: BCDEP_1_192_288.dat
  False Negatives: 0
  False Positives: 34
  False Types: 0
  Grand Total: 34
  Total Critical Points (Decompressed): 49

[9/176] Processing: BGNPP_1_192_288.dat
  False Negatives: 563
  False Positives: 696
  False Types: 10
  Grand Total: 1269
  Total Critical Points (Decompressed): 1583

[10/176] Processing: BTRAN_1_192_288.dat
  False Negatives: 0
  False Positives: 0
  False Types: 0
  Grand Total: 0
  Total Critical Points (Decompressed): 2468

[11/176] Processing: BUILDHEAT_1_192_288.dat
  False Negatives: 9
  False Positives: 731
  False Types: 0
  Grand Total: 740
  Total Critical Points (Decompressed): 2212

[12/176] Processing: COL_CTRUNC_1_192_288.dat
  False Negatives: 256
  False Positives: 1249
  False Types: 8
  Grand Total: 1513
  Total Critical Points (Decompressed): 1820

[13/176] Processing: COL_FIRE_CLOSS_1_192_288.dat
  False Negatives: 276
  False Positives: 129
  False Types: 2
  Grand Total: 407
  Total Critical Points (Decompressed): 328

[14/176] Processing: COL_FIRE_NLOSS_1_192_288.dat
  False Negatives: 35
  False Positives: 38
  False Types: 0
  Grand Total: 73
  Total Critical Points (Decompressed): 54

[15/176] Processing: COL_NTRUNC_1_192_288.dat
  False Negatives: 115
  False Positives: 740
  False Types: 1
  Grand Total: 856
  Total Critical Points (Decompressed): 1052

[16/176] Processing: CPOOL_1_192_288.dat
  False Negatives: 0
  False Positives: 34
  False Types: 0
  Grand Total: 34
  Total Critical Points (Decompressed): 49

[17/176] Processing: CWDC_1_192_288.dat
  False Negatives: 2
  False Positives: 63
  False Types: 0
  Grand Total: 65
  Total Critical Points (Decompressed): 2698

[18/176] Processing: CWDC_HR_1_192_288.dat
  False Negatives: 0
  False Positives: 34
  False Types: 0
  Grand Total: 34
  Total Critical Points (Decompressed): 49

[19/176] Processing: CWDC_LOSS_1_192_288.dat
  False Negatives: 736
  False Positives: 796
  False Types: 31
  Grand Total: 1563
  Total Critical Points (Decompressed): 1444

[20/176] Processing: CWDN_1_192_288.dat
  False Negatives: 3
  False Positives: 296
  False Types: 1
  Grand Total: 300
  Total Critical Points (Decompressed): 2920

[21/176] Processing: DEADCROOTC_1_192_288.dat
  False Negatives: 1
  False Positives: 67
  False Types: 0
  Grand Total: 68
  Total Critical Points (Decompressed): 2661

[22/176] Processing: DEADCROOTN_1_192_288.dat
  False Negatives: 0
  False Positives: 256
  False Types: 0
  Grand Total: 256
  Total Critical Points (Decompressed): 2847

[23/176] Processing: DEADSTEMC_1_192_288.dat
  False Negatives: 1
  False Positives: 58
  False Types: 0
  Grand Total: 59
  Total Critical Points (Decompressed): 2652

[24/176] Processing: DEADSTEMN_1_192_288.dat
  False Negatives: 1
  False Positives: 207
  False Types: 0
  Grand Total: 208
  Total Critical Points (Decompressed): 2798

[25/176] Processing: DENIT_1_192_288.dat
  False Negatives: 161
  False Positives: 149
  False Types: 2
  Grand Total: 312
  Total Critical Points (Decompressed): 178

[26/176] Processing: DISPVEGC_1_192_288.dat
  False Negatives: 1
  False Positives: 45
  False Types: 0
  Grand Total: 46
  Total Critical Points (Decompressed): 2895

[27/176] Processing: DISPVEGN_1_192_288.dat
  False Negatives: 0
  False Positives: 148
  False Types: 0
  Grand Total: 148
  Total Critical Points (Decompressed): 3042

[28/176] Processing: DSTDEP_1_192_288.dat
  False Negatives: 0
  False Positives: 34
  False Types: 0
  Grand Total: 34
  Total Critical Points (Decompressed): 49

[29/176] Processing: DSTFLXT_1_192_288.dat
  False Negatives: 64
  False Positives: 41
  False Types: 0
  Grand Total: 105
  Total Critical Points (Decompressed): 59

[30/176] Processing: DWT_CLOSS_1_192_288.dat
  False Negatives: 0
  False Positives: 34
  False Types: 0
  Grand Total: 34
  Total Critical Points (Decompressed): 49

[31/176] Processing: DWT_CONV_CFLUX_1_192_288.dat
  False Negatives: 0
  False Positives: 34
  False Types: 0
  Grand Total: 34
  Total Critical Points (Decompressed): 49

[32/176] Processing: DWT_CONV_NFLUX_1_192_288.dat
  False Negatives: 0
  False Positives: 34
  False Types: 0
  Grand Total: 34
  Total Critical Points (Decompressed): 49

[33/176] Processing: DWT_NLOSS_1_192_288.dat
  False Negatives: 0
  False Positives: 34
  False Types: 0
  Grand Total: 34
  Total Critical Points (Decompressed): 49

[34/176] Processing: DWT_PROD100C_GAIN_1_192_288.dat
  False Negatives: 0
  False Positives: 34
  False Types: 0
  Grand Total: 34
  Total Critical Points (Decompressed): 49

[35/176] Processing: DWT_PROD100N_GAIN_1_192_288.dat
  False Negatives: 0
  False Positives: 34
  False Types: 0
  Grand Total: 34
  Total Critical Points (Decompressed): 49

[36/176] Processing: DWT_PROD10C_GAIN_1_192_288.dat
  False Negatives: 0
  False Positives: 34
  False Types: 0
  Grand Total: 34
  Total Critical Points (Decompressed): 49

[37/176] Processing: DWT_PROD10N_GAIN_1_192_288.dat
  False Negatives: 0
  False Positives: 34
  False Types: 0
  Grand Total: 34
  Total Critical Points (Decompressed): 49

[38/176] Processing: DWT_SEEDC_TO_DEADSTEM_1_192_288.dat
  False Negatives: 0
  False Positives: 34
  False Types: 0
  Grand Total: 34
  Total Critical Points (Decompressed): 49

[39/176] Processing: DWT_SEEDC_TO_LEAF_1_192_288.dat
  False Negatives: 0
  False Positives: 34
  False Types: 0
  Grand Total: 34
  Total Critical Points (Decompressed): 49

[40/176] Processing: DWT_SEEDN_TO_DEADSTEM_1_192_288.dat
  False Negatives: 0
  False Positives: 34
  False Types: 0
  Grand Total: 34
  Total Critical Points (Decompressed): 49

[41/176] Processing: DWT_SEEDN_TO_LEAF_1_192_288.dat
  False Negatives: 0
  False Positives: 34
  False Types: 0
  Grand Total: 34
  Total Critical Points (Decompressed): 49

[42/176] Processing: EFLX_DYNBAL_1_192_288.dat
  False Negatives: 0
  False Positives: 34
  False Types: 0
  Grand Total: 34
  Total Critical Points (Decompressed): 49

[43/176] Processing: EFLX_LH_TOT_R_1_192_288.dat
  False Negatives: 0
  False Positives: 0
  False Types: 0
  Grand Total: 0
  Total Critical Points (Decompressed): 2695

[44/176] Processing: EFLX_LH_TOT_U_1_192_288.dat
  False Negatives: 0
  False Positives: 0
  False Types: 0
  Grand Total: 0
  Total Critical Points (Decompressed): 1229

[45/176] Processing: ELAI_1_192_288.dat
  False Negatives: 0
  False Positives: 338
  False Types: 0
  Grand Total: 338
  Total Critical Points (Decompressed): 3342

[46/176] Processing: ER_1_192_288.dat
  False Negatives: 566
  False Positives: 674
  False Types: 15
  Grand Total: 1255
  Total Critical Points (Decompressed): 2637

[47/176] Processing: ERRH2O_1_192_288.dat
  False Negatives: 0
  False Positives: 34
  False Types: 0
  Grand Total: 34
  Total Critical Points (Decompressed): 49

[48/176] Processing: ERRSEB_1_192_288.dat
  False Negatives: 0
  False Positives: 34
  False Types: 0
  Grand Total: 34
  Total Critical Points (Decompressed): 49

[49/176] Processing: ERRSOI_1_192_288.dat
  False Negatives: 0
  False Positives: 34
  False Types: 0
  Grand Total: 34
  Total Critical Points (Decompressed): 49

[50/176] Processing: ERRSOL_1_192_288.dat
  False Negatives: 0
  False Positives: 34
  False Types: 0
  Grand Total: 34
  Total Critical Points (Decompressed): 49

[51/176] Processing: ESAI_1_192_288.dat
  False Negatives: 0
  False Positives: 0
  False Types: 0
  Grand Total: 0
  Total Critical Points (Decompressed): 3103

[52/176] Processing: FCEV_1_192_288.dat
  False Negatives: 6
  False Positives: 742
  False Types: 0
  Grand Total: 748
  Total Critical Points (Decompressed): 3271

[53/176] Processing: FCOV_1_192_288.dat
  False Negatives: 0
  False Positives: 0
  False Types: 0
  Grand Total: 0
  Total Critical Points (Decompressed): 3969

[54/176] Processing: FCTR_1_192_288.dat
  False Negatives: 14
  False Positives: 480
  False Types: 2
  Grand Total: 496
  Total Critical Points (Decompressed): 2979

[55/176] Processing: FGEV_1_192_288.dat
  False Negatives: 0
  False Positives: 0
  False Types: 0
  Grand Total: 0
  Total Critical Points (Decompressed): 4143

[56/176] Processing: FGR_1_192_288.dat
  False Negatives: 0
  False Positives: 0
  False Types: 0
  Grand Total: 0
  Total Critical Points (Decompressed): 4392

[57/176] Processing: FGR12_1_192_288.dat
  False Negatives: 0
  False Positives: 0
  False Types: 0
  Grand Total: 0
  Total Critical Points (Decompressed): 4247

[58/176] Processing: FGR_R_1_192_288.dat
  False Negatives: 0
  False Positives: 0
  False Types: 0
  Grand Total: 0
  Total Critical Points (Decompressed): 2714

[59/176] Processing: FGR_U_1_192_288.dat
  False Negatives: 0
  False Positives: 0
  False Types: 0
  Grand Total: 0
  Total Critical Points (Decompressed): 1121

[60/176] Processing: FIRA_1_192_288.dat
  False Negatives: 0
  False Positives: 0
  False Types: 0
  Grand Total: 0
  Total Critical Points (Decompressed): 3367

[61/176] Processing: FIRA_R_1_192_288.dat
  False Negatives: 0
  False Positives: 0
  False Types: 0
  Grand Total: 0
  Total Critical Points (Decompressed): 2367

[62/176] Processing: FIRA_U_1_192_288.dat
  False Negatives: 0
  False Positives: 0
  False Types: 0
  Grand Total: 0
  Total Critical Points (Decompressed): 1164

[63/176] Processing: FIRE_1_192_288.dat
  False Negatives: 0
  False Positives: 0
  False Types: 0
  Grand Total: 0
  Total Critical Points (Decompressed): 1816

[64/176] Processing: FIRESEASONL_1_192_288.dat
  False Negatives: 0
  False Positives: 166
  False Types: 0
  Grand Total: 166
  Total Critical Points (Decompressed): 2578

[65/176] Processing: FLDS_1_192_288.dat
  False Negatives: 0
  False Positives: 0
  False Types: 0
  Grand Total: 0
  Total Critical Points (Decompressed): 1892

[66/176] Processing: FLUXFM2A_1_192_288.dat
  False Negatives: 0
  False Positives: 34
  False Types: 0
  Grand Total: 34
  Total Critical Points (Decompressed): 49

[67/176] Processing: FLUXFMLND_1_192_288.dat
  False Negatives: 0
  False Positives: 34
  False Types: 0
  Grand Total: 34
  Total Critical Points (Decompressed): 49

[68/176] Processing: FPG_1_192_288.dat
  False Negatives: 0
  False Positives: 902
  False Types: 0
  Grand Total: 902
  Total Critical Points (Decompressed): 2922

[69/176] Processing: FPI_1_192_288.dat
  False Negatives: 0
  False Positives: 643
  False Types: 0
  Grand Total: 643
  Total Critical Points (Decompressed): 3454

[70/176] Processing: FPSN_1_192_288.dat
  False Negatives: 6
  False Positives: 462
  False Types: 2
  Grand Total: 470
  Total Critical Points (Decompressed): 2808

[71/176] Processing: FROOTC_1_192_288.dat
  False Negatives: 0
  False Positives: 102
  False Types: 0
  Grand Total: 102
  Total Critical Points (Decompressed): 3015

[72/176] Processing: FROOTC_ALLOC_1_192_288.dat
  False Negatives: 563
  False Positives: 676
  False Types: 9
  Grand Total: 1248
  Total Critical Points (Decompressed): 1555

[73/176] Processing: FROOTC_LOSS_1_192_288.dat
  False Negatives: 902
  False Positives: 1095
  False Types: 23
  Grand Total: 2020
  Total Critical Points (Decompressed): 2242

[74/176] Processing: FROOTN_1_192_288.dat
  False Negatives: 0
  False Positives: 298
  False Types: 0
  Grand Total: 298
  Total Critical Points (Decompressed): 3210

[75/176] Processing: FSA_1_192_288.dat
  False Negatives: 0
  False Positives: 0
  False Types: 0
  Grand Total: 0
  Total Critical Points (Decompressed): 3170

[76/176] Processing: FSA_R_1_192_288.dat
  False Negatives: 0
  False Positives: 0
  False Types: 0
  Grand Total: 0
  Total Critical Points (Decompressed): 1532

[77/176] Processing: FSAT_1_192_288.dat
  False Negatives: 0
  False Positives: 0
  False Types: 0
  Grand Total: 0
  Total Critical Points (Decompressed): 3986

[78/176] Processing: FSA_U_1_192_288.dat
  False Negatives: 0
  False Positives: 0
  False Types: 0
  Grand Total: 0
  Total Critical Points (Decompressed): 1004

[79/176] Processing: FSDS_1_192_288.dat
  False Negatives: 0
  False Positives: 0
  False Types: 0
  Grand Total: 0
  Total Critical Points (Decompressed): 1816

[80/176] Processing: FSDSND_1_192_288.dat
  False Negatives: 0
  False Positives: 0
  False Types: 0
  Grand Total: 0
  Total Critical Points (Decompressed): 2048

[81/176] Processing: FSDSNDLN_1_192_288.dat
  False Negatives: 0
  False Positives: 0
  False Types: 0
  Grand Total: 0
  Total Critical Points (Decompressed): 2438

[82/176] Processing: FSDSNI_1_192_288.dat
  False Negatives: 0
  False Positives: 0
  False Types: 0
  Grand Total: 0
  Total Critical Points (Decompressed): 2998

[83/176] Processing: FSDSVD_1_192_288.dat
  False Negatives: 0
  False Positives: 0
  False Types: 0
  Grand Total: 0
  Total Critical Points (Decompressed): 1986

[84/176] Processing: FSDSVDLN_1_192_288.dat
  False Negatives: 0
  False Positives: 0
  False Types: 0
  Grand Total: 0
  Total Critical Points (Decompressed): 2305

[85/176] Processing: FSDSVI_1_192_288.dat
  False Negatives: 0
  False Positives: 0
  False Types: 0
  Grand Total: 0
  Total Critical Points (Decompressed): 2683

[86/176] Processing: FSH_1_192_288.dat
  False Negatives: 0
  False Positives: 0
  False Types: 0
  Grand Total: 0
  Total Critical Points (Decompressed): 4220

[87/176] Processing: FSH_G_1_192_288.dat
  False Negatives: 0
  False Positives: 0
  False Types: 0
  Grand Total: 0
  Total Critical Points (Decompressed): 4758

[88/176] Processing: FSH_NODYNLNDUSE_1_192_288.dat
  False Negatives: 0
  False Positives: 0
  False Types: 0
  Grand Total: 0
  Total Critical Points (Decompressed): 4220

[89/176] Processing: FSH_R_1_192_288.dat
  False Negatives: 0
  False Positives: 0
  False Types: 0
  Grand Total: 0
  Total Critical Points (Decompressed): 2785

[90/176] Processing: FSH_U_1_192_288.dat
  False Negatives: 0
  False Positives: 0
  False Types: 0
  Grand Total: 0
  Total Critical Points (Decompressed): 1195

[91/176] Processing: FSH_V_1_192_288.dat
  False Negatives: 0
  False Positives: 0
  False Types: 0
  Grand Total: 0
  Total Critical Points (Decompressed): 2923

[92/176] Processing: FSM_1_192_288.dat
  False Negatives: 145
  False Positives: 881
  False Types: 3
  Grand Total: 1029
  Total Critical Points (Decompressed): 3365

[93/176] Processing: FSM_R_1_192_288.dat
  False Negatives: 143
  False Positives: 528
  False Types: 3
  Grand Total: 674
  Total Critical Points (Decompressed): 2301

[94/176] Processing: FSM_U_1_192_288.dat
  False Negatives: 29
  False Positives: 74
  False Types: 0
  Grand Total: 103
  Total Critical Points (Decompressed): 959

[95/176] Processing: FSNO_1_192_288.dat
  False Negatives: 125
  False Positives: 1127
  False Types: 7
  Grand Total: 1259
  Total Critical Points (Decompressed): 2136

[96/176] Processing: FSR_1_192_288.dat
  False Negatives: 0
  False Positives: 0
  False Types: 0
  Grand Total: 0
  Total Critical Points (Decompressed): 3984

[97/176] Processing: FSRND_1_192_288.dat
  False Negatives: 0
  False Positives: 0
  False Types: 0
  Grand Total: 0
  Total Critical Points (Decompressed): 3776

[98/176] Processing: FSRNDLN_1_192_288.dat
  False Negatives: 0
  False Positives: 0
  False Types: 0
  Grand Total: 0
  Total Critical Points (Decompressed): 4038

[99/176] Processing: FSRNI_1_192_288.dat
  False Negatives: 0
  False Positives: 0
  False Types: 0
  Grand Total: 0
  Total Critical Points (Decompressed): 3920

[100/176] Processing: FSRVD_1_192_288.dat
  False Negatives: 0
  False Positives: 0
  False Types: 0
  Grand Total: 0
  Total Critical Points (Decompressed): 3321

[101/176] Processing: FSRVDLN_1_192_288.dat
  False Negatives: 0
  False Positives: 0
  False Types: 0
  Grand Total: 0
  Total Critical Points (Decompressed): 3402

[102/176] Processing: FSRVI_1_192_288.dat
  False Negatives: 0
  False Positives: 0
  False Types: 0
  Grand Total: 0
  Total Critical Points (Decompressed): 3798

[103/176] Processing: GC_HEAT1_1_192_288.dat
  False Negatives: 0
  False Positives: 0
  False Types: 0
  Grand Total: 0
  Total Critical Points (Decompressed): 4685

[104/176] Processing: GC_HEAT2_1_192_288.dat
  False Negatives: 0
  False Positives: 34
  False Types: 0
  Grand Total: 34
  Total Critical Points (Decompressed): 49

[105/176] Processing: GC_ICE1_1_192_288.dat
  False Negatives: 0
  False Positives: 93
  False Types: 0
  Grand Total: 93
  Total Critical Points (Decompressed): 2289

[106/176] Processing: GC_ICE2_1_192_288.dat
  False Negatives: 0
  False Positives: 34
  False Types: 0
  Grand Total: 34
  Total Critical Points (Decompressed): 49

[107/176] Processing: GC_LIQ1_1_192_288.dat
  False Negatives: 0
  False Positives: 0
  False Types: 0
  Grand Total: 0
  Total Critical Points (Decompressed): 4083

[108/176] Processing: GC_LIQ2_1_192_288.dat
  False Negatives: 0
  False Positives: 34
  False Types: 0
  Grand Total: 34
  Total Critical Points (Decompressed): 49

[109/176] Processing: GPP_1_192_288.dat
  False Negatives: 499
  False Positives: 724
  False Types: 22
  Grand Total: 1245
  Total Critical Points (Decompressed): 2257

[110/176] Processing: GR_1_192_288.dat
  False Negatives: 770
  False Positives: 626
  False Types: 17
  Grand Total: 1413
  Total Critical Points (Decompressed): 1246

[111/176] Processing: GROSS_NMIN_1_192_288.dat
  False Negatives: 596
  False Positives: 724
  False Types: 17
  Grand Total: 1337
  Total Critical Points (Decompressed): 878

[112/176] Processing: H2OCAN_1_192_288.dat
  False Negatives: 0
  False Positives: 0
  False Types: 0
  Grand Total: 0
  Total Critical Points (Decompressed): 3116

[113/176] Processing: H2OSNO_1_192_288.dat
  False Negatives: 57
  False Positives: 143
  False Types: 1
  Grand Total: 201
  Total Critical Points (Decompressed): 2236

[114/176] Processing: H2OSNO_TOP_1_192_288.dat
  False Negatives: 0
  False Positives: 85
  False Types: 0
  Grand Total: 85
  Total Critical Points (Decompressed): 3552

[115/176] Processing: HC_1_192_288.dat
  False Negatives: 0
  False Positives: 0
  False Types: 0
  Grand Total: 0
  Total Critical Points (Decompressed): 4639

[116/176] Processing: HCSOI_1_192_288.dat
  False Negatives: 0
  False Positives: 0
  False Types: 0
  Grand Total: 0
  Total Critical Points (Decompressed): 4504

[117/176] Processing: HEAT_FROM_AC_1_192_288.dat
  False Negatives: 0
  False Positives: 64
  False Types: 0
  Grand Total: 64
  Total Critical Points (Decompressed): 146

[118/176] Processing: HR_1_192_288.dat
  False Negatives: 934
  False Positives: 1039
  False Types: 38
  Grand Total: 2011
  Total Critical Points (Decompressed): 2624

[119/176] Processing: HTOP_1_192_288.dat
  False Negatives: 0
  False Positives: 151
  False Types: 0
  Grand Total: 151
  Total Critical Points (Decompressed): 3183

[120/176] Processing: LAISHA_1_192_288.dat
  False Negatives: 0
  False Positives: 355
  False Types: 0
  Grand Total: 355
  Total Critical Points (Decompressed): 3388

[121/176] Processing: LAISUN_1_192_288.dat
  False Negatives: 0
  False Positives: 0
  False Types: 0
  Grand Total: 0
  Total Critical Points (Decompressed): 2508

[122/176] Processing: landfrac_192_288.dat
  False Negatives: 1
  False Positives: 378
  False Types: 0
  Grand Total: 379
  Total Critical Points (Decompressed): 1633

[123/176] Processing: latixy_192_288.dat
  False Negatives: 0
  False Positives: 104
  False Types: 0
  Grand Total: 104
  Total Critical Points (Decompressed): 124

[124/176] Processing: latixyatm_192_288.dat
  False Negatives: 0
  False Positives: 0
  False Types: 0
  Grand Total: 0
  Total Critical Points (Decompressed): 22

[125/176] Processing: LEAFC_1_192_288.dat
  False Negatives: 0
  False Positives: 99
  False Types: 0
  Grand Total: 99
  Total Critical Points (Decompressed): 2865

[126/176] Processing: LEAFC_ALLOC_1_192_288.dat
  False Negatives: 637
  False Positives: 604
  False Types: 7
  Grand Total: 1248
  Total Critical Points (Decompressed): 1325

[127/176] Processing: LEAFC_LOSS_1_192_288.dat
  False Negatives: 908
  False Positives: 1078
  False Types: 40
  Grand Total: 2026
  Total Critical Points (Decompressed): 2110

[128/176] Processing: LEAFN_1_192_288.dat
  False Negatives: 0
  False Positives: 273
  False Types: 0
  Grand Total: 273
  Total Critical Points (Decompressed): 3142

[129/176] Processing: LITFALL_1_192_288.dat
  False Negatives: 857
  False Positives: 1049
  False Types: 33
  Grand Total: 1939
  Total Critical Points (Decompressed): 2661

[130/176] Processing: LITHR_1_192_288.dat
  False Negatives: 1073
  False Positives: 1055
  False Types: 49
  Grand Total: 2177
  Total Critical Points (Decompressed): 2358

[131/176] Processing: LITR1C_1_192_288.dat
  False Negatives: 0
  False Positives: 171
  False Types: 0
  Grand Total: 171
  Total Critical Points (Decompressed): 3636

[132/176] Processing: LITR1C_TO_SOIL1C_1_192_288.dat
  False Negatives: 1031
  False Positives: 875
  False Types: 37
  Grand Total: 1943
  Total Critical Points (Decompressed): 1555

[133/176] Processing: LITR1N_1_192_288.dat
  False Negatives: 1
  False Positives: 295
  False Types: 0
  Grand Total: 296
  Total Critical Points (Decompressed): 3742

[134/176] Processing: LITR2C_1_192_288.dat
  False Negatives: 3
  False Positives: 90
  False Types: 0
  Grand Total: 93
  Total Critical Points (Decompressed): 3438

[135/176] Processing: LITR2C_TO_SOIL2C_1_192_288.dat
  False Negatives: 1121
  False Positives: 975
  False Types: 36
  Grand Total: 2132
  Total Critical Points (Decompressed): 1890

[136/176] Processing: LITR2N_1_192_288.dat
  False Negatives: 2
  False Positives: 228
  False Types: 0
  Grand Total: 230
  Total Critical Points (Decompressed): 3648

[137/176] Processing: LITR3C_1_192_288.dat
  False Negatives: 4
  False Positives: 85
  False Types: 0
  Grand Total: 89
  Total Critical Points (Decompressed): 3401

[138/176] Processing: LITR3C_TO_SOIL3C_1_192_288.dat
  False Negatives: 1109
  False Positives: 898
  False Types: 31
  Grand Total: 2038
  Total Critical Points (Decompressed): 1547

[139/176] Processing: LITR3N_1_192_288.dat
  False Negatives: 6
  False Positives: 236
  False Types: 0
  Grand Total: 242
  Total Critical Points (Decompressed): 3617

[140/176] Processing: LITTERC_1_192_288.dat
  False Negatives: 6
  False Positives: 68
  False Types: 0
  Grand Total: 74
  Total Critical Points (Decompressed): 3426

[141/176] Processing: LITTERC_HR_1_192_288.dat
  False Negatives: 1073
  False Positives: 1055
  False Types: 49
  Grand Total: 2177
  Total Critical Points (Decompressed): 2358

[142/176] Processing: LITTERC_LOSS_1_192_288.dat
  False Negatives: 903
  False Positives: 940
  False Types: 31
  Grand Total: 1874
  Total Critical Points (Decompressed): 2709

[143/176] Processing: LIVECROOTC_1_192_288.dat
  False Negatives: 0
  False Positives: 239
  False Types: 0
  Grand Total: 239
  Total Critical Points (Decompressed): 2899

[144/176] Processing: LIVECROOTN_1_192_288.dat
  False Negatives: 0
  False Positives: 0
  False Types: 0
  Grand Total: 0
  Total Critical Points (Decompressed): 2660

[145/176] Processing: LIVESTEMC_1_192_288.dat
  False Negatives: 0
  False Positives: 170
  False Types: 0
  Grand Total: 170
  Total Critical Points (Decompressed): 2830

[146/176] Processing: LIVESTEMN_1_192_288.dat
  False Negatives: 0
  False Positives: 0
  False Types: 0
  Grand Total: 0
  Total Critical Points (Decompressed): 2660

[147/176] Processing: longxy_192_288.dat
  False Negatives: 0
  False Positives: 69
  False Types: 0
  Grand Total: 69
  Total Critical Points (Decompressed): 108

[148/176] Processing: longxyatm_192_288.dat
  False Negatives: 0
  False Positives: 244
  False Types: 0
  Grand Total: 244
  Total Critical Points (Decompressed): 280

[149/176] Processing: MEAN_FIRE_PROB_1_192_288.dat
  False Negatives: 5
  False Positives: 426
  False Types: 0
  Grand Total: 431
  Total Critical Points (Decompressed): 2817

[150/176] Processing: MR_1_192_288.dat
  False Negatives: 660
  False Positives: 803
  False Types: 19
  Grand Total: 1482
  Total Critical Points (Decompressed): 2627

[151/176] Processing: NBP_1_192_288.dat
  False Negatives: 838
  False Positives: 943
  False Types: 20
  Grand Total: 1801
  Total Critical Points (Decompressed): 2971

[152/176] Processing: NDEPLOY_1_192_288.dat
  False Negatives: 401
  False Positives: 238
  False Types: 2
  Grand Total: 641
  Total Critical Points (Decompressed): 309

[153/176] Processing: NDEP_TO_SMINN_1_192_288.dat
  False Negatives: 0
  False Positives: 34
  False Types: 0
  Grand Total: 34
  Total Critical Points (Decompressed): 49

[154/176] Processing: NEE_1_192_288.dat
  False Negatives: 827
  False Positives: 955
  False Types: 23
  Grand Total: 1805
  Total Critical Points (Decompressed): 2984

[155/176] Processing: NEP_1_192_288.dat
  False Negatives: 853
  False Positives: 930
  False Types: 20
  Grand Total: 1803
  Total Critical Points (Decompressed): 2881

[156/176] Processing: NET_NMIN_1_192_288.dat
  False Negatives: 510
  False Positives: 414
  False Types: 11
  Grand Total: 935
  Total Critical Points (Decompressed): 470

[157/176] Processing: NFIX_TO_SMINN_1_192_288.dat
  False Negatives: 0
  False Positives: 34
  False Types: 0
  Grand Total: 34
  Total Critical Points (Decompressed): 49

[158/176] Processing: NPP_1_192_288.dat
  False Negatives: 815
  False Positives: 1071
  False Types: 22
  Grand Total: 1908
  Total Critical Points (Decompressed): 2633

[159/176] Processing: OCDEP_1_192_288.dat
  False Negatives: 0
  False Positives: 34
  False Types: 0
  Grand Total: 34
  Total Critical Points (Decompressed): 49

[160/176] Processing: PBOT_1_192_288.dat
  False Negatives: 0
  False Positives: 0
  False Types: 0
  Grand Total: 0
  Total Critical Points (Decompressed): 655

[161/176] Processing: PCO2_1_192_288.dat
  False Negatives: 0
  False Positives: 0
  False Types: 0
  Grand Total: 0
  Total Critical Points (Decompressed): 655

[162/176] Processing: PFT_CTRUNC_1_192_288.dat
  False Negatives: 705
  False Positives: 916
  False Types: 19
  Grand Total: 1640
  Total Critical Points (Decompressed): 2582

[163/176] Processing: PFT_FIRE_CLOSS_1_192_288.dat
  False Negatives: 303
  False Positives: 122
  False Types: 0
  Grand Total: 425
  Total Critical Points (Decompressed): 275

[164/176] Processing: PFT_FIRE_NLOSS_1_192_288.dat
  False Negatives: 28
  False Positives: 38
  False Types: 0
  Grand Total: 66
  Total Critical Points (Decompressed): 53

[165/176] Processing: PFT_NTRUNC_1_192_288.dat
  False Negatives: 851
  False Positives: 988
  False Types: 23
  Grand Total: 1862
  Total Critical Points (Decompressed): 2431

[166/176] Processing: PLANT_NDEMAND_1_192_288.dat
  False Negatives: 637
  False Positives: 343
  False Types: 4
  Grand Total: 984
  Total Critical Points (Decompressed): 535

[167/176] Processing: POTENTIAL_IMMOB_1_192_288.dat
  False Negatives: 900
  False Positives: 745
  False Types: 30
  Grand Total: 1675
  Total Critical Points (Decompressed): 1132

[168/176] Processing: PROD100C_1_192_288.dat
  False Negatives: 0
  False Positives: 34
  False Types: 0
  Grand Total: 34
  Total Critical Points (Decompressed): 49

[169/176] Processing: PROD100C_LOSS_1_192_288.dat
  False Negatives: 0
  False Positives: 34
  False Types: 0
  Grand Total: 34
  Total Critical Points (Decompressed): 49

[170/176] Processing: PROD100N_1_192_288.dat
  False Negatives: 0
  False Positives: 34
  False Types: 0
  Grand Total: 34
  Total Critical Points (Decompressed): 49

[171/176] Processing: PROD100N_LOSS_1_192_288.dat
  False Negatives: 0
  False Positives: 34
  False Types: 0
  Grand Total: 34
  Total Critical Points (Decompressed): 49

[172/176] Processing: PROD10C_1_192_288.dat
  False Negatives: 0
  False Positives: 34
  False Types: 0
  Grand Total: 34
  Total Critical Points (Decompressed): 49

[173/176] Processing: PROD10C_LOSS_1_192_288.dat
  False Negatives: 0
  False Positives: 34
  False Types: 0
  Grand Total: 34
  Total Critical Points (Decompressed): 49

[174/176] Processing: PROD10N_1_192_288.dat
  False Negatives: 0
  False Positives: 34
  False Types: 0
  Grand Total: 34
  Total Critical Points (Decompressed): 49

[175/176] Processing: topo_192_288.dat
  False Negatives: 0
  False Positives: 34
  False Types: 0
  Grand Total: 34
  Total Critical Points (Decompressed): 49

[176/176] Processing: topodnsc_192_288.dat
  False Negatives: 0
  False Positives: 34
  False Types: 0
  Grand Total: 34
  Total Critical Points (Decompressed): 49

=== Summary ===
Total files processed: 176
Total files failed: 0
Total false cases across all files: 70471
Average false cases per file: 400.40
