Input directory: ../../../../CESM-ICE-MODELS/4/log_normalized/
Output directory: ../../../../CESM-ICE-MODELS/4/log_normalized/SZ3_1e-8
Dimensions: 384x320
Error bound: 1e-8

Found 130 .dat file(s) to process

[1/130] Processing: aeroiceint001_1_384_320.dat
compression ratio = 59.72 
compression time = 0.013913
compressed data file = ../../../../CESM-ICE-MODELS/4/log_normalized/aeroiceint001_1_384_320.dat.sz.tmp
compression ratio = 59.722965
decompression time = 0.006031 seconds.
decompressed file = ../../../../CESM-ICE-MODELS/4/log_normalized/SZ3_1e-8/aeroiceint001_1_384_320.dat.SZ3.out
  ✓ Compression successful (ratio: 1.00x)

[2/130] Processing: aeroiceint002_1_384_320.dat
compression ratio = 59.72 
compression time = 0.013366
compressed data file = ../../../../CESM-ICE-MODELS/4/log_normalized/aeroiceint002_1_384_320.dat.sz.tmp
compression ratio = 59.722965
decompression time = 0.006237 seconds.
decompressed file = ../../../../CESM-ICE-MODELS/4/log_normalized/SZ3_1e-8/aeroiceint002_1_384_320.dat.SZ3.out
  ✓ Compression successful (ratio: 1.00x)

[3/130] Processing: aeroiceint003_1_384_320.dat
compression ratio = 59.72 
compression time = 0.011941
compressed data file = ../../../../CESM-ICE-MODELS/4/log_normalized/aeroiceint003_1_384_320.dat.sz.tmp
compression ratio = 59.722965
decompression time = 0.006153 seconds.
decompressed file = ../../../../CESM-ICE-MODELS/4/log_normalized/SZ3_1e-8/aeroiceint003_1_384_320.dat.SZ3.out
  ✓ Compression successful (ratio: 1.00x)

[4/130] Processing: aeroicessl001_1_384_320.dat
compression ratio = 59.72 
compression time = 0.011918
compressed data file = ../../../../CESM-ICE-MODELS/4/log_normalized/aeroicessl001_1_384_320.dat.sz.tmp
compression ratio = 59.722965
decompression time = 0.006315 seconds.
decompressed file = ../../../../CESM-ICE-MODELS/4/log_normalized/SZ3_1e-8/aeroicessl001_1_384_320.dat.SZ3.out
  ✓ Compression successful (ratio: 1.00x)

[5/130] Processing: aeroicessl002_1_384_320.dat
compression ratio = 59.72 
compression time = 0.011943
compressed data file = ../../../../CESM-ICE-MODELS/4/log_normalized/aeroicessl002_1_384_320.dat.sz.tmp
compression ratio = 59.722965
decompression time = 0.006202 seconds.
decompressed file = ../../../../CESM-ICE-MODELS/4/log_normalized/SZ3_1e-8/aeroicessl002_1_384_320.dat.SZ3.out
  ✓ Compression successful (ratio: 1.00x)

[6/130] Processing: aeroicessl003_1_384_320.dat
compression ratio = 59.72 
compression time = 0.011918
compressed data file = ../../../../CESM-ICE-MODELS/4/log_normalized/aeroicessl003_1_384_320.dat.sz.tmp
compression ratio = 59.722965
decompression time = 0.006352 seconds.
decompressed file = ../../../../CESM-ICE-MODELS/4/log_normalized/SZ3_1e-8/aeroicessl003_1_384_320.dat.SZ3.out
  ✓ Compression successful (ratio: 1.00x)

[7/130] Processing: aerosnoint001_1_384_320.dat
compression ratio = 59.72 
compression time = 0.011812
compressed data file = ../../../../CESM-ICE-MODELS/4/log_normalized/aerosnoint001_1_384_320.dat.sz.tmp
compression ratio = 59.722965
decompression time = 0.006193 seconds.
decompressed file = ../../../../CESM-ICE-MODELS/4/log_normalized/SZ3_1e-8/aerosnoint001_1_384_320.dat.SZ3.out
  ✓ Compression successful (ratio: 1.00x)

[8/130] Processing: aerosnoint002_1_384_320.dat
compression ratio = 59.72 
compression time = 0.011965
compressed data file = ../../../../CESM-ICE-MODELS/4/log_normalized/aerosnoint002_1_384_320.dat.sz.tmp
compression ratio = 59.722965
decompression time = 0.006248 seconds.
decompressed file = ../../../../CESM-ICE-MODELS/4/log_normalized/SZ3_1e-8/aerosnoint002_1_384_320.dat.SZ3.out
  ✓ Compression successful (ratio: 1.00x)

[9/130] Processing: aerosnoint003_1_384_320.dat
compression ratio = 55.77 
compression time = 0.012086
compressed data file = ../../../../CESM-ICE-MODELS/4/log_normalized/aerosnoint003_1_384_320.dat.sz.tmp
compression ratio = 55.772155
decompression time = 0.006433 seconds.
decompressed file = ../../../../CESM-ICE-MODELS/4/log_normalized/SZ3_1e-8/aerosnoint003_1_384_320.dat.SZ3.out
  ✓ Compression successful (ratio: 1.00x)

[10/130] Processing: aerosnossl001_1_384_320.dat
compression ratio = 59.72 
compression time = 0.012446
compressed data file = ../../../../CESM-ICE-MODELS/4/log_normalized/aerosnossl001_1_384_320.dat.sz.tmp
compression ratio = 59.722965
decompression time = 0.006210 seconds.
decompressed file = ../../../../CESM-ICE-MODELS/4/log_normalized/SZ3_1e-8/aerosnossl001_1_384_320.dat.SZ3.out
  ✓ Compression successful (ratio: 1.00x)

[11/130] Processing: aerosnossl002_1_384_320.dat
compression ratio = 59.72 
compression time = 0.011938
compressed data file = ../../../../CESM-ICE-MODELS/4/log_normalized/aerosnossl002_1_384_320.dat.sz.tmp
compression ratio = 59.722965
decompression time = 0.006120 seconds.
decompressed file = ../../../../CESM-ICE-MODELS/4/log_normalized/SZ3_1e-8/aerosnossl002_1_384_320.dat.SZ3.out
  ✓ Compression successful (ratio: 1.00x)

[12/130] Processing: aerosnossl003_1_384_320.dat
compression ratio = 53.67 
compression time = 0.012008
compressed data file = ../../../../CESM-ICE-MODELS/4/log_normalized/aerosnossl003_1_384_320.dat.sz.tmp
compression ratio = 53.665247
decompression time = 0.006231 seconds.
decompressed file = ../../../../CESM-ICE-MODELS/4/log_normalized/SZ3_1e-8/aerosnossl003_1_384_320.dat.SZ3.out
  ✓ Compression successful (ratio: 1.00x)

[13/130] Processing: aice_1_384_320.dat
compression ratio = 4.97 
compression time = 0.012450
compressed data file = ../../../../CESM-ICE-MODELS/4/log_normalized/aice_1_384_320.dat.sz.tmp
compression ratio = 4.974748
decompression time = 0.003190 seconds.
decompressed file = ../../../../CESM-ICE-MODELS/4/log_normalized/SZ3_1e-8/aice_1_384_320.dat.SZ3.out
  ✓ Compression successful (ratio: 1.00x)

[14/130] Processing: aicen001_1_384_320.dat
compression ratio = 4.87 
compression time = 0.010582
compressed data file = ../../../../CESM-ICE-MODELS/4/log_normalized/aicen001_1_384_320.dat.sz.tmp
compression ratio = 4.873531
decompression time = 0.003067 seconds.
decompressed file = ../../../../CESM-ICE-MODELS/4/log_normalized/SZ3_1e-8/aicen001_1_384_320.dat.SZ3.out
  ✓ Compression successful (ratio: 1.00x)

[15/130] Processing: aicen002_1_384_320.dat
compression ratio = 4.92 
compression time = 0.014638
compressed data file = ../../../../CESM-ICE-MODELS/4/log_normalized/aicen002_1_384_320.dat.sz.tmp
compression ratio = 4.918495
decompression time = 0.002986 seconds.
decompressed file = ../../../../CESM-ICE-MODELS/4/log_normalized/SZ3_1e-8/aicen002_1_384_320.dat.SZ3.out
  ✓ Compression successful (ratio: 1.00x)

[16/130] Processing: aicen003_1_384_320.dat
compression ratio = 4.85 
compression time = 0.012564
compressed data file = ../../../../CESM-ICE-MODELS/4/log_normalized/aicen003_1_384_320.dat.sz.tmp
compression ratio = 4.852314
decompression time = 0.003013 seconds.
decompressed file = ../../../../CESM-ICE-MODELS/4/log_normalized/SZ3_1e-8/aicen003_1_384_320.dat.SZ3.out
  ✓ Compression successful (ratio: 1.00x)

[17/130] Processing: aicen004_1_384_320.dat
compression ratio = 4.89 
compression time = 0.011888
compressed data file = ../../../../CESM-ICE-MODELS/4/log_normalized/aicen004_1_384_320.dat.sz.tmp
compression ratio = 4.889822
decompression time = 0.002871 seconds.
decompressed file = ../../../../CESM-ICE-MODELS/4/log_normalized/SZ3_1e-8/aicen004_1_384_320.dat.SZ3.out
  ✓ Compression successful (ratio: 1.00x)

[18/130] Processing: aicen005_1_384_320.dat
compression ratio = 5.31 
compression time = 0.017368
compressed data file = ../../../../CESM-ICE-MODELS/4/log_normalized/aicen005_1_384_320.dat.sz.tmp
compression ratio = 5.308794
decompression time = 0.006630 seconds.
decompressed file = ../../../../CESM-ICE-MODELS/4/log_normalized/SZ3_1e-8/aicen005_1_384_320.dat.SZ3.out
  ✓ Compression successful (ratio: 1.00x)

[19/130] Processing: aisnap_1_384_320.dat
compression ratio = 3.95 
compression time = 0.019332
compressed data file = ../../../../CESM-ICE-MODELS/4/log_normalized/aisnap_1_384_320.dat.sz.tmp
compression ratio = 3.949824
decompression time = 0.008062 seconds.
decompressed file = ../../../../CESM-ICE-MODELS/4/log_normalized/SZ3_1e-8/aisnap_1_384_320.dat.SZ3.out
  ✓ Compression successful (ratio: 1.00x)

[20/130] Processing: albice_1_384_320.dat
compression ratio = 10.23 
compression time = 0.014128
compressed data file = ../../../../CESM-ICE-MODELS/4/log_normalized/albice_1_384_320.dat.sz.tmp
compression ratio = 10.234030
decompression time = 0.007154 seconds.
decompressed file = ../../../../CESM-ICE-MODELS/4/log_normalized/SZ3_1e-8/albice_1_384_320.dat.SZ3.out
  ✓ Compression successful (ratio: 1.00x)

[21/130] Processing: albpnd_1_384_320.dat
compression ratio = 12.03 
compression time = 0.013776
compressed data file = ../../../../CESM-ICE-MODELS/4/log_normalized/albpnd_1_384_320.dat.sz.tmp
compression ratio = 12.031135
decompression time = 0.006835 seconds.
decompressed file = ../../../../CESM-ICE-MODELS/4/log_normalized/SZ3_1e-8/albpnd_1_384_320.dat.SZ3.out
  ✓ Compression successful (ratio: 1.00x)

[22/130] Processing: albsno_1_384_320.dat
compression ratio = 6.87 
compression time = 0.008902
compressed data file = ../../../../CESM-ICE-MODELS/4/log_normalized/albsno_1_384_320.dat.sz.tmp
compression ratio = 6.873252
decompression time = 0.002499 seconds.
decompressed file = ../../../../CESM-ICE-MODELS/4/log_normalized/SZ3_1e-8/albsno_1_384_320.dat.SZ3.out
  ✓ Compression successful (ratio: 1.00x)

[23/130] Processing: alidr_1_384_320.dat
compression ratio = 6.87 
compression time = 0.016111
compressed data file = ../../../../CESM-ICE-MODELS/4/log_normalized/alidr_1_384_320.dat.sz.tmp
compression ratio = 6.868162
decompression time = 0.006573 seconds.
decompressed file = ../../../../CESM-ICE-MODELS/4/log_normalized/SZ3_1e-8/alidr_1_384_320.dat.SZ3.out
  ✓ Compression successful (ratio: 1.00x)

[24/130] Processing: alvdr_1_384_320.dat
compression ratio = 6.95 
compression time = 0.015653
compressed data file = ../../../../CESM-ICE-MODELS/4/log_normalized/alvdr_1_384_320.dat.sz.tmp
compression ratio = 6.948752
decompression time = 0.006532 seconds.
decompressed file = ../../../../CESM-ICE-MODELS/4/log_normalized/SZ3_1e-8/alvdr_1_384_320.dat.SZ3.out
  ✓ Compression successful (ratio: 1.00x)

[25/130] Processing: ANGLE_384_320.dat
compression ratio = 3.78 
compression time = 0.013790
compressed data file = ../../../../CESM-ICE-MODELS/4/log_normalized/ANGLE_384_320.dat.sz.tmp
compression ratio = 3.782174
decompression time = 0.003306 seconds.
decompressed file = ../../../../CESM-ICE-MODELS/4/log_normalized/SZ3_1e-8/ANGLE_384_320.dat.SZ3.out
  ✓ Compression successful (ratio: 1.00x)

[26/130] Processing: ANGLET_384_320.dat
compression ratio = 3.80 
compression time = 0.013263
compressed data file = ../../../../CESM-ICE-MODELS/4/log_normalized/ANGLET_384_320.dat.sz.tmp
compression ratio = 3.799570
decompression time = 0.003330 seconds.
decompressed file = ../../../../CESM-ICE-MODELS/4/log_normalized/SZ3_1e-8/ANGLET_384_320.dat.SZ3.out
  ✓ Compression successful (ratio: 1.00x)

[27/130] Processing: apond001_1_384_320.dat
compression ratio = 8.04 
compression time = 0.014250
compressed data file = ../../../../CESM-ICE-MODELS/4/log_normalized/apond001_1_384_320.dat.sz.tmp
compression ratio = 8.044517
decompression time = 0.006378 seconds.
decompressed file = ../../../../CESM-ICE-MODELS/4/log_normalized/SZ3_1e-8/apond001_1_384_320.dat.SZ3.out
  ✓ Compression successful (ratio: 1.00x)

[28/130] Processing: apond002_1_384_320.dat
compression ratio = 5.96 
compression time = 0.012881
compressed data file = ../../../../CESM-ICE-MODELS/4/log_normalized/apond002_1_384_320.dat.sz.tmp
compression ratio = 5.960708
decompression time = 0.002584 seconds.
decompressed file = ../../../../CESM-ICE-MODELS/4/log_normalized/SZ3_1e-8/apond002_1_384_320.dat.SZ3.out
  ✓ Compression successful (ratio: 1.00x)

[29/130] Processing: apond003_1_384_320.dat
compression ratio = 7.18 
compression time = 0.010801
compressed data file = ../../../../CESM-ICE-MODELS/4/log_normalized/apond003_1_384_320.dat.sz.tmp
compression ratio = 7.184704
decompression time = 0.002521 seconds.
decompressed file = ../../../../CESM-ICE-MODELS/4/log_normalized/SZ3_1e-8/apond003_1_384_320.dat.SZ3.out
  ✓ Compression successful (ratio: 1.00x)

[30/130] Processing: apond004_1_384_320.dat
compression ratio = 8.19 
compression time = 0.010917
compressed data file = ../../../../CESM-ICE-MODELS/4/log_normalized/apond004_1_384_320.dat.sz.tmp
compression ratio = 8.194868
decompression time = 0.002536 seconds.
decompressed file = ../../../../CESM-ICE-MODELS/4/log_normalized/SZ3_1e-8/apond004_1_384_320.dat.SZ3.out
  ✓ Compression successful (ratio: 1.00x)

[31/130] Processing: apond005_1_384_320.dat
compression ratio = 9.20 
compression time = 0.009615
compressed data file = ../../../../CESM-ICE-MODELS/4/log_normalized/apond005_1_384_320.dat.sz.tmp
compression ratio = 9.200187
decompression time = 0.002536 seconds.
decompressed file = ../../../../CESM-ICE-MODELS/4/log_normalized/SZ3_1e-8/apond005_1_384_320.dat.SZ3.out
  ✓ Compression successful (ratio: 1.00x)

[32/130] Processing: congel_1_384_320.dat
compression ratio = 7.94 
compression time = 0.013980
compressed data file = ../../../../CESM-ICE-MODELS/4/log_normalized/congel_1_384_320.dat.sz.tmp
compression ratio = 7.940421
decompression time = 0.006689 seconds.
decompressed file = ../../../../CESM-ICE-MODELS/4/log_normalized/SZ3_1e-8/congel_1_384_320.dat.SZ3.out
  ✓ Compression successful (ratio: 1.00x)

[33/130] Processing: coszen_1_384_320.dat
compression ratio = 3.49 
compression time = 0.011867
compressed data file = ../../../../CESM-ICE-MODELS/4/log_normalized/coszen_1_384_320.dat.sz.tmp
compression ratio = 3.494881
decompression time = 0.003307 seconds.
decompressed file = ../../../../CESM-ICE-MODELS/4/log_normalized/SZ3_1e-8/coszen_1_384_320.dat.SZ3.out
  ✓ Compression successful (ratio: 1.00x)

[34/130] Processing: daidtd_1_384_320.dat
compression ratio = 4.95 
compression time = 0.010756
compressed data file = ../../../../CESM-ICE-MODELS/4/log_normalized/daidtd_1_384_320.dat.sz.tmp
compression ratio = 4.953990
decompression time = 0.003029 seconds.
decompressed file = ../../../../CESM-ICE-MODELS/4/log_normalized/SZ3_1e-8/daidtd_1_384_320.dat.SZ3.out
  ✓ Compression successful (ratio: 1.00x)

[35/130] Processing: daidtt_1_384_320.dat
compression ratio = 5.02 
compression time = 0.011594
compressed data file = ../../../../CESM-ICE-MODELS/4/log_normalized/daidtt_1_384_320.dat.sz.tmp
compression ratio = 5.021300
decompression time = 0.003017 seconds.
decompressed file = ../../../../CESM-ICE-MODELS/4/log_normalized/SZ3_1e-8/daidtt_1_384_320.dat.SZ3.out
  ✓ Compression successful (ratio: 1.00x)

[36/130] Processing: dardg1dt_1_384_320.dat
compression ratio = 6.07 
compression time = 0.015527
compressed data file = ../../../../CESM-ICE-MODELS/4/log_normalized/dardg1dt_1_384_320.dat.sz.tmp
compression ratio = 6.070097
decompression time = 0.006665 seconds.
decompressed file = ../../../../CESM-ICE-MODELS/4/log_normalized/SZ3_1e-8/dardg1dt_1_384_320.dat.SZ3.out
  ✓ Compression successful (ratio: 1.00x)

[37/130] Processing: dardg2dt_1_384_320.dat
compression ratio = 6.87 
compression time = 0.014608
compressed data file = ../../../../CESM-ICE-MODELS/4/log_normalized/dardg2dt_1_384_320.dat.sz.tmp
compression ratio = 6.869986
decompression time = 0.006792 seconds.
decompressed file = ../../../../CESM-ICE-MODELS/4/log_normalized/SZ3_1e-8/dardg2dt_1_384_320.dat.SZ3.out
  ✓ Compression successful (ratio: 1.00x)

[38/130] Processing: divu_1_384_320.dat
compression ratio = 4.77 
compression time = 0.012282
compressed data file = ../../../../CESM-ICE-MODELS/4/log_normalized/divu_1_384_320.dat.sz.tmp
compression ratio = 4.774032
decompression time = 0.003018 seconds.
decompressed file = ../../../../CESM-ICE-MODELS/4/log_normalized/SZ3_1e-8/divu_1_384_320.dat.SZ3.out
  ✓ Compression successful (ratio: 1.00x)

[39/130] Processing: dvidtd_1_384_320.dat
compression ratio = 4.88 
compression time = 0.010613
compressed data file = ../../../../CESM-ICE-MODELS/4/log_normalized/dvidtd_1_384_320.dat.sz.tmp
compression ratio = 4.883118
decompression time = 0.003428 seconds.
decompressed file = ../../../../CESM-ICE-MODELS/4/log_normalized/SZ3_1e-8/dvidtd_1_384_320.dat.SZ3.out
  ✓ Compression successful (ratio: 1.00x)

[40/130] Processing: dvidtt_1_384_320.dat
compression ratio = 4.99 
compression time = 0.009955
compressed data file = ../../../../CESM-ICE-MODELS/4/log_normalized/dvidtt_1_384_320.dat.sz.tmp
compression ratio = 4.992839
decompression time = 0.002918 seconds.
decompressed file = ../../../../CESM-ICE-MODELS/4/log_normalized/SZ3_1e-8/dvidtt_1_384_320.dat.SZ3.out
  ✓ Compression successful (ratio: 1.00x)

[41/130] Processing: dvirdgdt_1_384_320.dat
compression ratio = 6.17 
compression time = 0.015579
compressed data file = ../../../../CESM-ICE-MODELS/4/log_normalized/dvirdgdt_1_384_320.dat.sz.tmp
compression ratio = 6.174176
decompression time = 0.006834 seconds.
decompressed file = ../../../../CESM-ICE-MODELS/4/log_normalized/SZ3_1e-8/dvirdgdt_1_384_320.dat.SZ3.out
  ✓ Compression successful (ratio: 1.00x)

[42/130] Processing: dxt_384_320.dat
compression ratio = 3.48 
compression time = 0.014756
compressed data file = ../../../../CESM-ICE-MODELS/4/log_normalized/dxt_384_320.dat.sz.tmp
compression ratio = 3.478975
decompression time = 0.004096 seconds.
decompressed file = ../../../../CESM-ICE-MODELS/4/log_normalized/SZ3_1e-8/dxt_384_320.dat.SZ3.out
  ✓ Compression successful (ratio: 1.00x)

[43/130] Processing: dxu_384_320.dat
compression ratio = 3.59 
compression time = 0.013504
compressed data file = ../../../../CESM-ICE-MODELS/4/log_normalized/dxu_384_320.dat.sz.tmp
compression ratio = 3.589152
decompression time = 0.004114 seconds.
decompressed file = ../../../../CESM-ICE-MODELS/4/log_normalized/SZ3_1e-8/dxu_384_320.dat.SZ3.out
  ✓ Compression successful (ratio: 1.00x)

[44/130] Processing: dyt_384_320.dat
compression ratio = 4.26 
compression time = 0.012358
compressed data file = ../../../../CESM-ICE-MODELS/4/log_normalized/dyt_384_320.dat.sz.tmp
compression ratio = 4.255584
decompression time = 0.002893 seconds.
decompressed file = ../../../../CESM-ICE-MODELS/4/log_normalized/SZ3_1e-8/dyt_384_320.dat.SZ3.out
  ✓ Compression successful (ratio: 1.00x)

[45/130] Processing: dyu_384_320.dat
compression ratio = 4.50 
compression time = 0.011945
compressed data file = ../../../../CESM-ICE-MODELS/4/log_normalized/dyu_384_320.dat.sz.tmp
compression ratio = 4.496240
decompression time = 0.002981 seconds.
decompressed file = ../../../../CESM-ICE-MODELS/4/log_normalized/SZ3_1e-8/dyu_384_320.dat.SZ3.out
  ✓ Compression successful (ratio: 1.00x)

[46/130] Processing: evap_1_384_320.dat
compression ratio = 5.44 
compression time = 0.012240
compressed data file = ../../../../CESM-ICE-MODELS/4/log_normalized/evap_1_384_320.dat.sz.tmp
compression ratio = 5.441141
decompression time = 0.003103 seconds.
decompressed file = ../../../../CESM-ICE-MODELS/4/log_normalized/SZ3_1e-8/evap_1_384_320.dat.SZ3.out
  ✓ Compression successful (ratio: 1.00x)

[47/130] Processing: evap_ai_1_384_320.dat
compression ratio = 6.44 
compression time = 0.010429
compressed data file = ../../../../CESM-ICE-MODELS/4/log_normalized/evap_ai_1_384_320.dat.sz.tmp
compression ratio = 6.441602
decompression time = 0.002694 seconds.
decompressed file = ../../../../CESM-ICE-MODELS/4/log_normalized/SZ3_1e-8/evap_ai_1_384_320.dat.SZ3.out
  ✓ Compression successful (ratio: 1.00x)

[48/130] Processing: faero_atm001_1_384_320.dat
compression ratio = 59.72 
compression time = 0.011605
compressed data file = ../../../../CESM-ICE-MODELS/4/log_normalized/faero_atm001_1_384_320.dat.sz.tmp
compression ratio = 59.722965
decompression time = 0.006247 seconds.
decompressed file = ../../../../CESM-ICE-MODELS/4/log_normalized/SZ3_1e-8/faero_atm001_1_384_320.dat.SZ3.out
  ✓ Compression successful (ratio: 1.00x)

[49/130] Processing: faero_atm002_1_384_320.dat
compression ratio = 59.72 
compression time = 0.011659
compressed data file = ../../../../CESM-ICE-MODELS/4/log_normalized/faero_atm002_1_384_320.dat.sz.tmp
compression ratio = 59.722965
decompression time = 0.006140 seconds.
decompressed file = ../../../../CESM-ICE-MODELS/4/log_normalized/SZ3_1e-8/faero_atm002_1_384_320.dat.SZ3.out
  ✓ Compression successful (ratio: 1.00x)

[50/130] Processing: faero_atm003_1_384_320.dat
compression ratio = 59.72 
compression time = 0.011474
compressed data file = ../../../../CESM-ICE-MODELS/4/log_normalized/faero_atm003_1_384_320.dat.sz.tmp
compression ratio = 59.722965
decompression time = 0.006217 seconds.
decompressed file = ../../../../CESM-ICE-MODELS/4/log_normalized/SZ3_1e-8/faero_atm003_1_384_320.dat.SZ3.out
  ✓ Compression successful (ratio: 1.00x)

[51/130] Processing: faero_ocn001_1_384_320.dat
compression ratio = 59.72 
compression time = 0.011692
compressed data file = ../../../../CESM-ICE-MODELS/4/log_normalized/faero_ocn001_1_384_320.dat.sz.tmp
compression ratio = 59.722965
decompression time = 0.006283 seconds.
decompressed file = ../../../../CESM-ICE-MODELS/4/log_normalized/SZ3_1e-8/faero_ocn001_1_384_320.dat.SZ3.out
  ✓ Compression successful (ratio: 1.00x)

[52/130] Processing: faero_ocn002_1_384_320.dat
compression ratio = 59.72 
compression time = 0.011922
compressed data file = ../../../../CESM-ICE-MODELS/4/log_normalized/faero_ocn002_1_384_320.dat.sz.tmp
compression ratio = 59.722965
decompression time = 0.006110 seconds.
decompressed file = ../../../../CESM-ICE-MODELS/4/log_normalized/SZ3_1e-8/faero_ocn002_1_384_320.dat.SZ3.out
  ✓ Compression successful (ratio: 1.00x)

[53/130] Processing: faero_ocn003_1_384_320.dat
compression ratio = 59.72 
compression time = 0.011876
compressed data file = ../../../../CESM-ICE-MODELS/4/log_normalized/faero_ocn003_1_384_320.dat.sz.tmp
compression ratio = 59.722965
decompression time = 0.006283 seconds.
decompressed file = ../../../../CESM-ICE-MODELS/4/log_normalized/SZ3_1e-8/faero_ocn003_1_384_320.dat.SZ3.out
  ✓ Compression successful (ratio: 1.00x)

[54/130] Processing: fcondtop_ai_1_384_320.dat
compression ratio = 4.18 
compression time = 0.018368
compressed data file = ../../../../CESM-ICE-MODELS/4/log_normalized/fcondtop_ai_1_384_320.dat.sz.tmp
compression ratio = 4.178100
decompression time = 0.008742 seconds.
decompressed file = ../../../../CESM-ICE-MODELS/4/log_normalized/SZ3_1e-8/fcondtop_ai_1_384_320.dat.SZ3.out
  ✓ Compression successful (ratio: 1.00x)

[55/130] Processing: fhocn_1_384_320.dat
compression ratio = 5.52 
compression time = 0.015020
compressed data file = ../../../../CESM-ICE-MODELS/4/log_normalized/fhocn_1_384_320.dat.sz.tmp
compression ratio = 5.518109
decompression time = 0.003048 seconds.
decompressed file = ../../../../CESM-ICE-MODELS/4/log_normalized/SZ3_1e-8/fhocn_1_384_320.dat.SZ3.out
  ✓ Compression successful (ratio: 1.00x)

[56/130] Processing: fhocn_ai_1_384_320.dat
compression ratio = 5.10 
compression time = 0.010568
compressed data file = ../../../../CESM-ICE-MODELS/4/log_normalized/fhocn_ai_1_384_320.dat.sz.tmp
compression ratio = 5.096112
decompression time = 0.003243 seconds.
decompressed file = ../../../../CESM-ICE-MODELS/4/log_normalized/SZ3_1e-8/fhocn_ai_1_384_320.dat.SZ3.out
  ✓ Compression successful (ratio: 1.00x)

[57/130] Processing: flat_1_384_320.dat
compression ratio = 4.62 
compression time = 0.013022
compressed data file = ../../../../CESM-ICE-MODELS/4/log_normalized/flat_1_384_320.dat.sz.tmp
compression ratio = 4.620331
decompression time = 0.002904 seconds.
decompressed file = ../../../../CESM-ICE-MODELS/4/log_normalized/SZ3_1e-8/flat_1_384_320.dat.SZ3.out
  ✓ Compression successful (ratio: 1.00x)

[58/130] Processing: flat_ai_1_384_320.dat
compression ratio = 4.87 
compression time = 0.011684
compressed data file = ../../../../CESM-ICE-MODELS/4/log_normalized/flat_ai_1_384_320.dat.sz.tmp
compression ratio = 4.867547
decompression time = 0.003252 seconds.
decompressed file = ../../../../CESM-ICE-MODELS/4/log_normalized/SZ3_1e-8/flat_ai_1_384_320.dat.SZ3.out
  ✓ Compression successful (ratio: 1.00x)

[59/130] Processing: flwdn_1_384_320.dat
compression ratio = 1.26 
compression time = 0.027265
compressed data file = ../../../../CESM-ICE-MODELS/4/log_normalized/flwdn_1_384_320.dat.sz.tmp
compression ratio = 1.259730
decompression time = 0.006248 seconds.
decompressed file = ../../../../CESM-ICE-MODELS/4/log_normalized/SZ3_1e-8/flwdn_1_384_320.dat.SZ3.out
  ✓ Compression successful (ratio: 1.00x)

[60/130] Processing: flwup_1_384_320.dat
compression ratio = 4.82 
compression time = 0.012393
compressed data file = ../../../../CESM-ICE-MODELS/4/log_normalized/flwup_1_384_320.dat.sz.tmp
compression ratio = 4.817690
decompression time = 0.002751 seconds.
decompressed file = ../../../../CESM-ICE-MODELS/4/log_normalized/SZ3_1e-8/flwup_1_384_320.dat.SZ3.out
  ✓ Compression successful (ratio: 1.00x)

[61/130] Processing: flwup_ai_1_384_320.dat
compression ratio = 5.03 
compression time = 0.009763
compressed data file = ../../../../CESM-ICE-MODELS/4/log_normalized/flwup_ai_1_384_320.dat.sz.tmp
compression ratio = 5.027103
decompression time = 0.003072 seconds.
decompressed file = ../../../../CESM-ICE-MODELS/4/log_normalized/SZ3_1e-8/flwup_ai_1_384_320.dat.SZ3.out
  ✓ Compression successful (ratio: 1.00x)

[62/130] Processing: frazil_1_384_320.dat
compression ratio = 8.89 
compression time = 0.014606
compressed data file = ../../../../CESM-ICE-MODELS/4/log_normalized/frazil_1_384_320.dat.sz.tmp
compression ratio = 8.887764
decompression time = 0.006325 seconds.
decompressed file = ../../../../CESM-ICE-MODELS/4/log_normalized/SZ3_1e-8/frazil_1_384_320.dat.SZ3.out
  ✓ Compression successful (ratio: 1.00x)

[63/130] Processing: fresh_1_384_320.dat
compression ratio = 4.84 
compression time = 0.013370
compressed data file = ../../../../CESM-ICE-MODELS/4/log_normalized/fresh_1_384_320.dat.sz.tmp
compression ratio = 4.840988
decompression time = 0.002938 seconds.
decompressed file = ../../../../CESM-ICE-MODELS/4/log_normalized/SZ3_1e-8/fresh_1_384_320.dat.SZ3.out
  ✓ Compression successful (ratio: 1.00x)

[64/130] Processing: fresh_ai_1_384_320.dat
compression ratio = 4.94 
compression time = 0.012969
compressed data file = ../../../../CESM-ICE-MODELS/4/log_normalized/fresh_ai_1_384_320.dat.sz.tmp
compression ratio = 4.935188
decompression time = 0.003351 seconds.
decompressed file = ../../../../CESM-ICE-MODELS/4/log_normalized/SZ3_1e-8/fresh_ai_1_384_320.dat.SZ3.out
  ✓ Compression successful (ratio: 1.00x)

[65/130] Processing: fs_1_384_320.dat
compression ratio = 5.15 
compression time = 0.010221
compressed data file = ../../../../CESM-ICE-MODELS/4/log_normalized/fs_1_384_320.dat.sz.tmp
compression ratio = 5.146321
decompression time = 0.002780 seconds.
decompressed file = ../../../../CESM-ICE-MODELS/4/log_normalized/SZ3_1e-8/fs_1_384_320.dat.SZ3.out
  ✓ Compression successful (ratio: 1.00x)

[66/130] Processing: fsalt_1_384_320.dat
compression ratio = 5.08 
compression time = 0.013913
compressed data file = ../../../../CESM-ICE-MODELS/4/log_normalized/fsalt_1_384_320.dat.sz.tmp
compression ratio = 5.080730
decompression time = 0.003213 seconds.
decompressed file = ../../../../CESM-ICE-MODELS/4/log_normalized/SZ3_1e-8/fsalt_1_384_320.dat.SZ3.out
  ✓ Compression successful (ratio: 1.00x)

[67/130] Processing: fsalt_ai_1_384_320.dat
compression ratio = 5.56 
compression time = 0.009922
compressed data file = ../../../../CESM-ICE-MODELS/4/log_normalized/fsalt_ai_1_384_320.dat.sz.tmp
compression ratio = 5.558860
decompression time = 0.002838 seconds.
decompressed file = ../../../../CESM-ICE-MODELS/4/log_normalized/SZ3_1e-8/fsalt_ai_1_384_320.dat.SZ3.out
  ✓ Compression successful (ratio: 1.00x)

[68/130] Processing: fsens_1_384_320.dat
compression ratio = 4.74 
compression time = 0.012669
compressed data file = ../../../../CESM-ICE-MODELS/4/log_normalized/fsens_1_384_320.dat.sz.tmp
compression ratio = 4.740695
decompression time = 0.002847 seconds.
decompressed file = ../../../../CESM-ICE-MODELS/4/log_normalized/SZ3_1e-8/fsens_1_384_320.dat.SZ3.out
  ✓ Compression successful (ratio: 1.00x)

[69/130] Processing: fsens_ai_1_384_320.dat
compression ratio = 4.85 
compression time = 0.012058
compressed data file = ../../../../CESM-ICE-MODELS/4/log_normalized/fsens_ai_1_384_320.dat.sz.tmp
compression ratio = 4.852937
decompression time = 0.003289 seconds.
decompressed file = ../../../../CESM-ICE-MODELS/4/log_normalized/SZ3_1e-8/fsens_ai_1_384_320.dat.SZ3.out
  ✓ Compression successful (ratio: 1.00x)

[70/130] Processing: fsurf_ai_1_384_320.dat
compression ratio = 5.42 
compression time = 0.011325
compressed data file = ../../../../CESM-ICE-MODELS/4/log_normalized/fsurf_ai_1_384_320.dat.sz.tmp
compression ratio = 5.420977
decompression time = 0.003712 seconds.
decompressed file = ../../../../CESM-ICE-MODELS/4/log_normalized/SZ3_1e-8/fsurf_ai_1_384_320.dat.SZ3.out
  ✓ Compression successful (ratio: 1.00x)

[71/130] Processing: fswabs_1_384_320.dat
compression ratio = 8.25 
compression time = 0.016267
compressed data file = ../../../../CESM-ICE-MODELS/4/log_normalized/fswabs_1_384_320.dat.sz.tmp
compression ratio = 8.249056
decompression time = 0.006378 seconds.
decompressed file = ../../../../CESM-ICE-MODELS/4/log_normalized/SZ3_1e-8/fswabs_1_384_320.dat.SZ3.out
  ✓ Compression successful (ratio: 1.00x)

[72/130] Processing: fswabs_ai_1_384_320.dat
compression ratio = 6.88 
compression time = 0.011780
compressed data file = ../../../../CESM-ICE-MODELS/4/log_normalized/fswabs_ai_1_384_320.dat.sz.tmp
compression ratio = 6.884034
decompression time = 0.002644 seconds.
decompressed file = ../../../../CESM-ICE-MODELS/4/log_normalized/SZ3_1e-8/fswabs_ai_1_384_320.dat.SZ3.out
  ✓ Compression successful (ratio: 1.00x)

[73/130] Processing: fswdn_1_384_320.dat
compression ratio = 1.26 
compression time = 0.026785
compressed data file = ../../../../CESM-ICE-MODELS/4/log_normalized/fswdn_1_384_320.dat.sz.tmp
compression ratio = 1.260204
decompression time = 0.005810 seconds.
decompressed file = ../../../../CESM-ICE-MODELS/4/log_normalized/SZ3_1e-8/fswdn_1_384_320.dat.SZ3.out
  ✓ Compression successful (ratio: 1.00x)

[74/130] Processing: fswfac_1_384_320.dat
compression ratio = 9.46 
compression time = 0.014832
compressed data file = ../../../../CESM-ICE-MODELS/4/log_normalized/fswfac_1_384_320.dat.sz.tmp
compression ratio = 9.464138
decompression time = 0.006240 seconds.
decompressed file = ../../../../CESM-ICE-MODELS/4/log_normalized/SZ3_1e-8/fswfac_1_384_320.dat.SZ3.out
  ✓ Compression successful (ratio: 1.00x)

[75/130] Processing: fswthru_1_384_320.dat
compression ratio = 9.85 
compression time = 0.013157
compressed data file = ../../../../CESM-ICE-MODELS/4/log_normalized/fswthru_1_384_320.dat.sz.tmp
compression ratio = 9.847929
decompression time = 0.006441 seconds.
decompressed file = ../../../../CESM-ICE-MODELS/4/log_normalized/SZ3_1e-8/fswthru_1_384_320.dat.SZ3.out
  ✓ Compression successful (ratio: 1.00x)

[76/130] Processing: fswthru_ai_1_384_320.dat
compression ratio = 6.84 
compression time = 0.009582
compressed data file = ../../../../CESM-ICE-MODELS/4/log_normalized/fswthru_ai_1_384_320.dat.sz.tmp
compression ratio = 6.836922
decompression time = 0.002683 seconds.
decompressed file = ../../../../CESM-ICE-MODELS/4/log_normalized/SZ3_1e-8/fswthru_ai_1_384_320.dat.SZ3.out
  ✓ Compression successful (ratio: 1.00x)

[77/130] Processing: fswup_1_384_320.dat
compression ratio = 1.26 
compression time = 0.029010
compressed data file = ../../../../CESM-ICE-MODELS/4/log_normalized/fswup_1_384_320.dat.sz.tmp
compression ratio = 1.259171
decompression time = 0.005651 seconds.
decompressed file = ../../../../CESM-ICE-MODELS/4/log_normalized/SZ3_1e-8/fswup_1_384_320.dat.SZ3.out
  ✓ Compression successful (ratio: 1.00x)

[78/130] Processing: FYarea_1_384_320.dat
compression ratio = 5.42 
compression time = 0.016404
compressed data file = ../../../../CESM-ICE-MODELS/4/log_normalized/FYarea_1_384_320.dat.sz.tmp
compression ratio = 5.418169
decompression time = 0.006856 seconds.
decompressed file = ../../../../CESM-ICE-MODELS/4/log_normalized/SZ3_1e-8/FYarea_1_384_320.dat.SZ3.out
  ✓ Compression successful (ratio: 1.00x)

[79/130] Processing: hi_1_384_320.dat
compression ratio = 4.59 
compression time = 0.016936
compressed data file = ../../../../CESM-ICE-MODELS/4/log_normalized/hi_1_384_320.dat.sz.tmp
compression ratio = 4.590770
decompression time = 0.007469 seconds.
decompressed file = ../../../../CESM-ICE-MODELS/4/log_normalized/SZ3_1e-8/hi_1_384_320.dat.SZ3.out
  ✓ Compression successful (ratio: 1.00x)

[80/130] Processing: hisnap_1_384_320.dat
compression ratio = 4.76 
compression time = 0.017146
compressed data file = ../../../../CESM-ICE-MODELS/4/log_normalized/hisnap_1_384_320.dat.sz.tmp
compression ratio = 4.757305
decompression time = 0.006969 seconds.
decompressed file = ../../../../CESM-ICE-MODELS/4/log_normalized/SZ3_1e-8/hisnap_1_384_320.dat.SZ3.out
  ✓ Compression successful (ratio: 1.00x)

[81/130] Processing: hs_1_384_320.dat
compression ratio = 4.16 
compression time = 0.018217
compressed data file = ../../../../CESM-ICE-MODELS/4/log_normalized/hs_1_384_320.dat.sz.tmp
compression ratio = 4.161192
decompression time = 0.007659 seconds.
decompressed file = ../../../../CESM-ICE-MODELS/4/log_normalized/SZ3_1e-8/hs_1_384_320.dat.SZ3.out
  ✓ Compression successful (ratio: 1.00x)

[82/130] Processing: HTE_384_320.dat
compression ratio = 4.53 
compression time = 0.012007
compressed data file = ../../../../CESM-ICE-MODELS/4/log_normalized/HTE_384_320.dat.sz.tmp
compression ratio = 4.529303
decompression time = 0.003007 seconds.
decompressed file = ../../../../CESM-ICE-MODELS/4/log_normalized/SZ3_1e-8/HTE_384_320.dat.SZ3.out
  ✓ Compression successful (ratio: 1.00x)

[83/130] Processing: HTN_384_320.dat
compression ratio = 3.51 
compression time = 0.015461
compressed data file = ../../../../CESM-ICE-MODELS/4/log_normalized/HTN_384_320.dat.sz.tmp
compression ratio = 3.505899
decompression time = 0.004036 seconds.
decompressed file = ../../../../CESM-ICE-MODELS/4/log_normalized/SZ3_1e-8/HTN_384_320.dat.SZ3.out
  ✓ Compression successful (ratio: 1.00x)

[84/130] Processing: iage_1_384_320.dat
compression ratio = 4.48 
compression time = 0.017348
compressed data file = ../../../../CESM-ICE-MODELS/4/log_normalized/iage_1_384_320.dat.sz.tmp
compression ratio = 4.482013
decompression time = 0.007307 seconds.
decompressed file = ../../../../CESM-ICE-MODELS/4/log_normalized/SZ3_1e-8/iage_1_384_320.dat.SZ3.out
  ✓ Compression successful (ratio: 1.00x)

[85/130] Processing: ice_present_1_384_320.dat
compression ratio = 14.47 
compression time = 0.008688
compressed data file = ../../../../CESM-ICE-MODELS/4/log_normalized/ice_present_1_384_320.dat.sz.tmp
compression ratio = 14.465831
decompression time = 0.002249 seconds.
decompressed file = ../../../../CESM-ICE-MODELS/4/log_normalized/SZ3_1e-8/ice_present_1_384_320.dat.SZ3.out
  ✓ Compression successful (ratio: 1.00x)

[86/130] Processing: meltb_1_384_320.dat
compression ratio = 5.39 
compression time = 0.011867
compressed data file = ../../../../CESM-ICE-MODELS/4/log_normalized/meltb_1_384_320.dat.sz.tmp
compression ratio = 5.388115
decompression time = 0.002906 seconds.
decompressed file = ../../../../CESM-ICE-MODELS/4/log_normalized/SZ3_1e-8/meltb_1_384_320.dat.SZ3.out
  ✓ Compression successful (ratio: 1.00x)

[87/130] Processing: meltl_1_384_320.dat
compression ratio = 5.65 
compression time = 0.015764
compressed data file = ../../../../CESM-ICE-MODELS/4/log_normalized/meltl_1_384_320.dat.sz.tmp
compression ratio = 5.645178
decompression time = 0.007487 seconds.
decompressed file = ../../../../CESM-ICE-MODELS/4/log_normalized/SZ3_1e-8/meltl_1_384_320.dat.SZ3.out
  ✓ Compression successful (ratio: 1.00x)

[88/130] Processing: melts_1_384_320.dat
compression ratio = 6.33 
compression time = 0.009576
compressed data file = ../../../../CESM-ICE-MODELS/4/log_normalized/melts_1_384_320.dat.sz.tmp
compression ratio = 6.334102
decompression time = 0.002714 seconds.
decompressed file = ../../../../CESM-ICE-MODELS/4/log_normalized/SZ3_1e-8/melts_1_384_320.dat.SZ3.out
  ✓ Compression successful (ratio: 1.00x)

[89/130] Processing: meltt_1_384_320.dat
compression ratio = 21.64 
compression time = 0.012269
compressed data file = ../../../../CESM-ICE-MODELS/4/log_normalized/meltt_1_384_320.dat.sz.tmp
compression ratio = 21.635707
decompression time = 0.006720 seconds.
decompressed file = ../../../../CESM-ICE-MODELS/4/log_normalized/SZ3_1e-8/meltt_1_384_320.dat.SZ3.out
  ✓ Compression successful (ratio: 1.00x)

[90/130] Processing: opening_1_384_320.dat
compression ratio = 6.54 
compression time = 0.015109
compressed data file = ../../../../CESM-ICE-MODELS/4/log_normalized/opening_1_384_320.dat.sz.tmp
compression ratio = 6.535388
decompression time = 0.006208 seconds.
decompressed file = ../../../../CESM-ICE-MODELS/4/log_normalized/SZ3_1e-8/opening_1_384_320.dat.SZ3.out
  ✓ Compression successful (ratio: 1.00x)

[91/130] Processing: qi_1_384_320.dat
compression ratio = 7.78 
compression time = 0.014095
compressed data file = ../../../../CESM-ICE-MODELS/4/log_normalized/qi_1_384_320.dat.sz.tmp
compression ratio = 7.784359
decompression time = 0.007655 seconds.
decompressed file = ../../../../CESM-ICE-MODELS/4/log_normalized/SZ3_1e-8/qi_1_384_320.dat.SZ3.out
  ✓ Compression successful (ratio: 1.00x)

[92/130] Processing: Qref_1_384_320.dat
compression ratio = 1.32 
compression time = 0.023022
compressed data file = ../../../../CESM-ICE-MODELS/4/log_normalized/Qref_1_384_320.dat.sz.tmp
compression ratio = 1.322065
decompression time = 0.005043 seconds.
decompressed file = ../../../../CESM-ICE-MODELS/4/log_normalized/SZ3_1e-8/Qref_1_384_320.dat.SZ3.out
  ✓ Compression successful (ratio: 1.00x)

[93/130] Processing: qs_1_384_320.dat
compression ratio = 7.61 
compression time = 0.009173
compressed data file = ../../../../CESM-ICE-MODELS/4/log_normalized/qs_1_384_320.dat.sz.tmp
compression ratio = 7.612204
decompression time = 0.002687 seconds.
decompressed file = ../../../../CESM-ICE-MODELS/4/log_normalized/SZ3_1e-8/qs_1_384_320.dat.SZ3.out
  ✓ Compression successful (ratio: 1.00x)

[94/130] Processing: rain_1_384_320.dat
compression ratio = 1.17 
compression time = 0.028780
compressed data file = ../../../../CESM-ICE-MODELS/4/log_normalized/rain_1_384_320.dat.sz.tmp
compression ratio = 1.170130
decompression time = 0.005587 seconds.
decompressed file = ../../../../CESM-ICE-MODELS/4/log_normalized/SZ3_1e-8/rain_1_384_320.dat.SZ3.out
  ✓ Compression successful (ratio: 1.00x)

[95/130] Processing: rain_ai_1_384_320.dat
compression ratio = 6.05 
compression time = 0.015302
compressed data file = ../../../../CESM-ICE-MODELS/4/log_normalized/rain_ai_1_384_320.dat.sz.tmp
compression ratio = 6.053798
decompression time = 0.007968 seconds.
decompressed file = ../../../../CESM-ICE-MODELS/4/log_normalized/SZ3_1e-8/rain_ai_1_384_320.dat.SZ3.out
  ✓ Compression successful (ratio: 1.00x)

[96/130] Processing: shear_1_384_320.dat
compression ratio = 6.92 
compression time = 0.014438
compressed data file = ../../../../CESM-ICE-MODELS/4/log_normalized/shear_1_384_320.dat.sz.tmp
compression ratio = 6.919211
decompression time = 0.007530 seconds.
decompressed file = ../../../../CESM-ICE-MODELS/4/log_normalized/SZ3_1e-8/shear_1_384_320.dat.SZ3.out
  ✓ Compression successful (ratio: 1.00x)

[97/130] Processing: sig1_1_384_320.dat
compression ratio = 7.64 
compression time = 0.007555
compressed data file = ../../../../CESM-ICE-MODELS/4/log_normalized/sig1_1_384_320.dat.sz.tmp
compression ratio = 7.638941
decompression time = 0.002467 seconds.
decompressed file = ../../../../CESM-ICE-MODELS/4/log_normalized/SZ3_1e-8/sig1_1_384_320.dat.SZ3.out
  ✓ Compression successful (ratio: 1.00x)

[98/130] Processing: sig2_1_384_320.dat
compression ratio = 7.74 
compression time = 0.007430
compressed data file = ../../../../CESM-ICE-MODELS/4/log_normalized/sig2_1_384_320.dat.sz.tmp
compression ratio = 7.737183
decompression time = 0.002602 seconds.
decompressed file = ../../../../CESM-ICE-MODELS/4/log_normalized/SZ3_1e-8/sig2_1_384_320.dat.SZ3.out
  ✓ Compression successful (ratio: 1.00x)

[99/130] Processing: snoice_1_384_320.dat
compression ratio = 5.60 
compression time = 0.016179
compressed data file = ../../../../CESM-ICE-MODELS/4/log_normalized/snoice_1_384_320.dat.sz.tmp
compression ratio = 5.598752
decompression time = 0.007180 seconds.
decompressed file = ../../../../CESM-ICE-MODELS/4/log_normalized/SZ3_1e-8/snoice_1_384_320.dat.SZ3.out
  ✓ Compression successful (ratio: 1.00x)

[100/130] Processing: snow_1_384_320.dat
compression ratio = 3.59 
compression time = 0.015135
compressed data file = ../../../../CESM-ICE-MODELS/4/log_normalized/snow_1_384_320.dat.sz.tmp
compression ratio = 3.589021
decompression time = 0.003484 seconds.
decompressed file = ../../../../CESM-ICE-MODELS/4/log_normalized/SZ3_1e-8/snow_1_384_320.dat.SZ3.out
  ✓ Compression successful (ratio: 1.00x)

[101/130] Processing: snow_ai_1_384_320.dat
compression ratio = 4.86 
compression time = 0.016136
compressed data file = ../../../../CESM-ICE-MODELS/4/log_normalized/snow_ai_1_384_320.dat.sz.tmp
compression ratio = 4.857013
decompression time = 0.007250 seconds.
decompressed file = ../../../../CESM-ICE-MODELS/4/log_normalized/SZ3_1e-8/snow_ai_1_384_320.dat.SZ3.out
  ✓ Compression successful (ratio: 1.00x)

[102/130] Processing: strairx_1_384_320.dat
compression ratio = 5.97 
compression time = 0.009594
compressed data file = ../../../../CESM-ICE-MODELS/4/log_normalized/strairx_1_384_320.dat.sz.tmp
compression ratio = 5.972006
decompression time = 0.003042 seconds.
decompressed file = ../../../../CESM-ICE-MODELS/4/log_normalized/SZ3_1e-8/strairx_1_384_320.dat.SZ3.out
  ✓ Compression successful (ratio: 1.00x)

[103/130] Processing: strairy_1_384_320.dat
compression ratio = 6.23 
compression time = 0.008814
compressed data file = ../../../../CESM-ICE-MODELS/4/log_normalized/strairy_1_384_320.dat.sz.tmp
compression ratio = 6.225870
decompression time = 0.003102 seconds.
decompressed file = ../../../../CESM-ICE-MODELS/4/log_normalized/SZ3_1e-8/strairy_1_384_320.dat.SZ3.out
  ✓ Compression successful (ratio: 1.00x)

[104/130] Processing: strcorx_1_384_320.dat
compression ratio = 8.07 
compression time = 0.009394
compressed data file = ../../../../CESM-ICE-MODELS/4/log_normalized/strcorx_1_384_320.dat.sz.tmp
compression ratio = 8.066433
decompression time = 0.003288 seconds.
decompressed file = ../../../../CESM-ICE-MODELS/4/log_normalized/SZ3_1e-8/strcorx_1_384_320.dat.SZ3.out
  ✓ Compression successful (ratio: 1.00x)

[105/130] Processing: strcory_1_384_320.dat
compression ratio = 7.63 
compression time = 0.009052
compressed data file = ../../../../CESM-ICE-MODELS/4/log_normalized/strcory_1_384_320.dat.sz.tmp
compression ratio = 7.626614
decompression time = 0.002427 seconds.
decompressed file = ../../../../CESM-ICE-MODELS/4/log_normalized/SZ3_1e-8/strcory_1_384_320.dat.SZ3.out
  ✓ Compression successful (ratio: 1.00x)

[106/130] Processing: strength_1_384_320.dat
compression ratio = 7.03 
compression time = 0.013675
compressed data file = ../../../../CESM-ICE-MODELS/4/log_normalized/strength_1_384_320.dat.sz.tmp
compression ratio = 7.028844
decompression time = 0.006312 seconds.
decompressed file = ../../../../CESM-ICE-MODELS/4/log_normalized/SZ3_1e-8/strength_1_384_320.dat.SZ3.out
  ✓ Compression successful (ratio: 1.00x)

[107/130] Processing: strintx_1_384_320.dat
compression ratio = 7.41 
compression time = 0.013847
compressed data file = ../../../../CESM-ICE-MODELS/4/log_normalized/strintx_1_384_320.dat.sz.tmp
compression ratio = 7.409216
decompression time = 0.006468 seconds.
decompressed file = ../../../../CESM-ICE-MODELS/4/log_normalized/SZ3_1e-8/strintx_1_384_320.dat.SZ3.out
  ✓ Compression successful (ratio: 1.00x)

[108/130] Processing: strinty_1_384_320.dat
compression ratio = 7.80 
compression time = 0.007862
compressed data file = ../../../../CESM-ICE-MODELS/4/log_normalized/strinty_1_384_320.dat.sz.tmp
compression ratio = 7.804258
decompression time = 0.002766 seconds.
decompressed file = ../../../../CESM-ICE-MODELS/4/log_normalized/SZ3_1e-8/strinty_1_384_320.dat.SZ3.out
  ✓ Compression successful (ratio: 1.00x)

[109/130] Processing: strocnx_1_384_320.dat
compression ratio = 6.11 
compression time = 0.009718
compressed data file = ../../../../CESM-ICE-MODELS/4/log_normalized/strocnx_1_384_320.dat.sz.tmp
compression ratio = 6.112368
decompression time = 0.002697 seconds.
decompressed file = ../../../../CESM-ICE-MODELS/4/log_normalized/SZ3_1e-8/strocnx_1_384_320.dat.SZ3.out
  ✓ Compression successful (ratio: 1.00x)

[110/130] Processing: strocny_1_384_320.dat
compression ratio = 6.28 
compression time = 0.009108
compressed data file = ../../../../CESM-ICE-MODELS/4/log_normalized/strocny_1_384_320.dat.sz.tmp
compression ratio = 6.284056
decompression time = 0.003506 seconds.
decompressed file = ../../../../CESM-ICE-MODELS/4/log_normalized/SZ3_1e-8/strocny_1_384_320.dat.SZ3.out
  ✓ Compression successful (ratio: 1.00x)

[111/130] Processing: Tair_1_384_320.dat
compression ratio = 1.61 
compression time = 0.025454
compressed data file = ../../../../CESM-ICE-MODELS/4/log_normalized/Tair_1_384_320.dat.sz.tmp
compression ratio = 1.611277
decompression time = 0.005728 seconds.
decompressed file = ../../../../CESM-ICE-MODELS/4/log_normalized/SZ3_1e-8/Tair_1_384_320.dat.SZ3.out
  ✓ Compression successful (ratio: 1.00x)

[112/130] Processing: tarea_384_320.dat
compression ratio = 3.28 
compression time = 0.014869
compressed data file = ../../../../CESM-ICE-MODELS/4/log_normalized/tarea_384_320.dat.sz.tmp
compression ratio = 3.276232
decompression time = 0.003790 seconds.
decompressed file = ../../../../CESM-ICE-MODELS/4/log_normalized/SZ3_1e-8/tarea_384_320.dat.SZ3.out
  ✓ Compression successful (ratio: 1.00x)

[113/130] Processing: TLAT_384_320.dat
compression ratio = 3.20 
compression time = 0.014917
compressed data file = ../../../../CESM-ICE-MODELS/4/log_normalized/TLAT_384_320.dat.sz.tmp
compression ratio = 3.204820
decompression time = 0.003861 seconds.
decompressed file = ../../../../CESM-ICE-MODELS/4/log_normalized/SZ3_1e-8/TLAT_384_320.dat.SZ3.out
  ✓ Compression successful (ratio: 1.00x)

[114/130] Processing: TLON_384_320.dat
compression ratio = 4.00 
compression time = 0.011513
compressed data file = ../../../../CESM-ICE-MODELS/4/log_normalized/TLON_384_320.dat.sz.tmp
compression ratio = 3.997267
decompression time = 0.003021 seconds.
decompressed file = ../../../../CESM-ICE-MODELS/4/log_normalized/SZ3_1e-8/TLON_384_320.dat.SZ3.out
  ✓ Compression successful (ratio: 1.00x)

[115/130] Processing: tmask_384_320.dat
compression ratio = 59.77 
compression time = 0.011959
compressed data file = ../../../../CESM-ICE-MODELS/4/log_normalized/tmask_384_320.dat.sz.tmp
compression ratio = 59.773805
decompression time = 0.006255 seconds.
decompressed file = ../../../../CESM-ICE-MODELS/4/log_normalized/SZ3_1e-8/tmask_384_320.dat.SZ3.out
  ✓ Compression successful (ratio: 1.00x)

[116/130] Processing: transix_1_384_320.dat
compression ratio = 5.16 
compression time = 0.016565
compressed data file = ../../../../CESM-ICE-MODELS/4/log_normalized/transix_1_384_320.dat.sz.tmp
compression ratio = 5.164653
decompression time = 0.006329 seconds.
decompressed file = ../../../../CESM-ICE-MODELS/4/log_normalized/SZ3_1e-8/transix_1_384_320.dat.SZ3.out
  ✓ Compression successful (ratio: 1.00x)

[117/130] Processing: transiy_1_384_320.dat
compression ratio = 5.50 
compression time = 0.015594
compressed data file = ../../../../CESM-ICE-MODELS/4/log_normalized/transiy_1_384_320.dat.sz.tmp
compression ratio = 5.503589
decompression time = 0.006651 seconds.
decompressed file = ../../../../CESM-ICE-MODELS/4/log_normalized/SZ3_1e-8/transiy_1_384_320.dat.SZ3.out
  ✓ Compression successful (ratio: 1.00x)

[118/130] Processing: Tref_1_384_320.dat
compression ratio = 1.54 
compression time = 0.023801
compressed data file = ../../../../CESM-ICE-MODELS/4/log_normalized/Tref_1_384_320.dat.sz.tmp
compression ratio = 1.538081
decompression time = 0.005852 seconds.
decompressed file = ../../../../CESM-ICE-MODELS/4/log_normalized/SZ3_1e-8/Tref_1_384_320.dat.SZ3.out
  ✓ Compression successful (ratio: 1.00x)

[119/130] Processing: trsig_1_384_320.dat
compression ratio = 7.32 
compression time = 0.014535
compressed data file = ../../../../CESM-ICE-MODELS/4/log_normalized/trsig_1_384_320.dat.sz.tmp
compression ratio = 7.319950
decompression time = 0.006282 seconds.
decompressed file = ../../../../CESM-ICE-MODELS/4/log_normalized/SZ3_1e-8/trsig_1_384_320.dat.SZ3.out
  ✓ Compression successful (ratio: 1.00x)

[120/130] Processing: Tsfc_1_384_320.dat
compression ratio = 4.73 
compression time = 0.011990
compressed data file = ../../../../CESM-ICE-MODELS/4/log_normalized/Tsfc_1_384_320.dat.sz.tmp
compression ratio = 4.727336
decompression time = 0.002833 seconds.
decompressed file = ../../../../CESM-ICE-MODELS/4/log_normalized/SZ3_1e-8/Tsfc_1_384_320.dat.SZ3.out
  ✓ Compression successful (ratio: 1.00x)

[121/130] Processing: uarea_384_320.dat
compression ratio = 3.38 
compression time = 0.013692
compressed data file = ../../../../CESM-ICE-MODELS/4/log_normalized/uarea_384_320.dat.sz.tmp
compression ratio = 3.380444
decompression time = 0.003692 seconds.
decompressed file = ../../../../CESM-ICE-MODELS/4/log_normalized/SZ3_1e-8/uarea_384_320.dat.SZ3.out
  ✓ Compression successful (ratio: 1.00x)

[122/130] Processing: ULAT_384_320.dat
compression ratio = 3.27 
compression time = 0.016147
compressed data file = ../../../../CESM-ICE-MODELS/4/log_normalized/ULAT_384_320.dat.sz.tmp
compression ratio = 3.267368
decompression time = 0.003865 seconds.
decompressed file = ../../../../CESM-ICE-MODELS/4/log_normalized/SZ3_1e-8/ULAT_384_320.dat.SZ3.out
  ✓ Compression successful (ratio: 1.00x)

[123/130] Processing: ULON_384_320.dat
compression ratio = 3.95 
compression time = 0.011408
compressed data file = ../../../../CESM-ICE-MODELS/4/log_normalized/ULON_384_320.dat.sz.tmp
compression ratio = 3.949030
decompression time = 0.002982 seconds.
decompressed file = ../../../../CESM-ICE-MODELS/4/log_normalized/SZ3_1e-8/ULON_384_320.dat.SZ3.out
  ✓ Compression successful (ratio: 1.00x)

[124/130] Processing: uvel_1_384_320.dat
compression ratio = 5.49 
compression time = 0.010836
compressed data file = ../../../../CESM-ICE-MODELS/4/log_normalized/uvel_1_384_320.dat.sz.tmp
compression ratio = 5.487674
decompression time = 0.002955 seconds.
decompressed file = ../../../../CESM-ICE-MODELS/4/log_normalized/SZ3_1e-8/uvel_1_384_320.dat.SZ3.out
  ✓ Compression successful (ratio: 1.00x)

[125/130] Processing: vicen001_1_384_320.dat
compression ratio = 4.66 
compression time = 0.016245
compressed data file = ../../../../CESM-ICE-MODELS/4/log_normalized/vicen001_1_384_320.dat.sz.tmp
compression ratio = 4.662581
decompression time = 0.007084 seconds.
decompressed file = ../../../../CESM-ICE-MODELS/4/log_normalized/SZ3_1e-8/vicen001_1_384_320.dat.SZ3.out
  ✓ Compression successful (ratio: 1.00x)

[126/130] Processing: vicen002_1_384_320.dat
compression ratio = 4.15 
compression time = 0.017181
compressed data file = ../../../../CESM-ICE-MODELS/4/log_normalized/vicen002_1_384_320.dat.sz.tmp
compression ratio = 4.149739
decompression time = 0.007642 seconds.
decompressed file = ../../../../CESM-ICE-MODELS/4/log_normalized/SZ3_1e-8/vicen002_1_384_320.dat.SZ3.out
  ✓ Compression successful (ratio: 1.00x)

[127/130] Processing: vicen003_1_384_320.dat
compression ratio = 4.45 
compression time = 0.016178
compressed data file = ../../../../CESM-ICE-MODELS/4/log_normalized/vicen003_1_384_320.dat.sz.tmp
compression ratio = 4.454555
decompression time = 0.008059 seconds.
decompressed file = ../../../../CESM-ICE-MODELS/4/log_normalized/SZ3_1e-8/vicen003_1_384_320.dat.SZ3.out
  ✓ Compression successful (ratio: 1.00x)

[128/130] Processing: vicen004_1_384_320.dat
compression ratio = 4.34 
compression time = 0.018920
compressed data file = ../../../../CESM-ICE-MODELS/4/log_normalized/vicen004_1_384_320.dat.sz.tmp
compression ratio = 4.344621
decompression time = 0.007881 seconds.
decompressed file = ../../../../CESM-ICE-MODELS/4/log_normalized/SZ3_1e-8/vicen004_1_384_320.dat.SZ3.out
  ✓ Compression successful (ratio: 1.00x)

[129/130] Processing: vicen005_1_384_320.dat
compression ratio = 4.23 
compression time = 0.018396
compressed data file = ../../../../CESM-ICE-MODELS/4/log_normalized/vicen005_1_384_320.dat.sz.tmp
compression ratio = 4.234467
decompression time = 0.007805 seconds.
decompressed file = ../../../../CESM-ICE-MODELS/4/log_normalized/SZ3_1e-8/vicen005_1_384_320.dat.SZ3.out
  ✓ Compression successful (ratio: 1.00x)

[130/130] Processing: vvel_1_384_320.dat
compression ratio = 4.92 
compression time = 0.019403
compressed data file = ../../../../CESM-ICE-MODELS/4/log_normalized/vvel_1_384_320.dat.sz.tmp
compression ratio = 4.923126
decompression time = 0.007415 seconds.
decompressed file = ../../../../CESM-ICE-MODELS/4/log_normalized/SZ3_1e-8/vvel_1_384_320.dat.SZ3.out
  ✓ Compression successful (ratio: 1.00x)

=== Summary ===
Total files processed: 130
Total files skipped: 0
Total files failed: 0

