Input directory: ../../CESM-CLIMATE-65G/4/log_normalized/
Output directory: ../../CESM-CLIMATE-65G/4/log_normalized/topoSZp_8_thread/
Dimensions: 768x1152 (884736 elements)
Error bound: 1E-3
Block size: 16

Found 90 .dat file(s) to process

[1/90] Processing: AEROD_v_1_768_1152.dat

compression time=0.009200, total fastmode1 topology
compression size = 947940, CR = 3.733299
done
decompression time=0.037141
done
Min=0, Max=1, range=1
Max absolute error = 0.0019684210
Max relative error = 0.001968
Max pw relative error = 0.001968
PSNR = 64.760975, NRMSE= 0.00057803115761185153067
acEff=0.999995
compressionRatio = 3.733300
  ✓ Compression and decompression successful (ratio: 3.73x)

[2/90] Processing: cb_ozone_c_1_768_1152.dat

compression time=0.003921, total fastmode1 topology
compression size = 737982, CR = 4.795434
done
decompression time=0.022719
done
Min=0, Max=1, range=1
Max absolute error = 0.0016687810
Max relative error = 0.001669
Max pw relative error = 0.001669
PSNR = 64.775020, NRMSE= 0.00057709724597670259642
acEff=0.999999
compressionRatio = 4.795434
  ✓ Compression and decompression successful (ratio: 4.79x)

[3/90] Processing: cb_sulf_c_1_768_1152.dat

compression time=0.004200, total fastmode1 topology
compression size = 778251, CR = 4.547304
done
decompression time=0.018570
done
Min=0, Max=1, range=1
Max absolute error = 0.0009999275
Max relative error = 0.001000
Max pw relative error = 0.001000
PSNR = 65.147445, NRMSE= 0.0005528760023092901257
acEff=0.999998
compressionRatio = 4.547304
  ✓ Compression and decompression successful (ratio: 4.54x)

[4/90] Processing: CLDHGH_1_768_1152.dat

compression time=0.012484, total fastmode1 topology
compression size = 1388186, CR = 2.549330
done
decompression time=0.043138
done
Min=0, Max=1, range=1
Max absolute error = 0.0019908100
Max relative error = 0.001991
Max pw relative error = 0.001991
PSNR = 64.757705, NRMSE= 0.00057824879063285308887
acEff=0.999998
compressionRatio = 2.549330
  ✓ Compression and decompression successful (ratio: 2.54x)

[5/90] Processing: CLDLOW_1_768_1152.dat

compression time=0.009591, total fastmode1 topology
compression size = 1277784, CR = 2.769595
done
decompression time=0.038299
done
Min=0, Max=1, range=1
Max absolute error = 0.0019956827
Max relative error = 0.001996
Max pw relative error = 0.001996
PSNR = 64.994928, NRMSE= 0.00056266978804316112456
acEff=0.999999
compressionRatio = 2.769595
  ✓ Compression and decompression successful (ratio: 2.76x)

[6/90] Processing: CLDMED_1_768_1152.dat

compression time=0.010123, total fastmode1 topology
compression size = 1239603, CR = 2.854901
done
decompression time=0.039525
done
Min=0, Max=1, range=1
Max absolute error = 0.0019536614
Max relative error = 0.001954
Max pw relative error = 0.001954
PSNR = 64.892064, NRMSE= 0.00056937289376327178923
acEff=0.999998
compressionRatio = 2.854901
  ✓ Compression and decompression successful (ratio: 2.85x)

[7/90] Processing: CLDTOT_1_768_1152.dat

compression time=0.012161, total fastmode1 topology
compression size = 1372485, CR = 2.578494
done
decompression time=0.042078
done
Min=0, Max=1, range=1
Max absolute error = 0.0019716620
Max relative error = 0.001972
Max pw relative error = 0.001972
PSNR = 64.760721, NRMSE= 0.00057804807153896480779
acEff=0.999998
compressionRatio = 2.578494
  ✓ Compression and decompression successful (ratio: 2.57x)

[8/90] Processing: FLDS_1_768_1152.dat

compression time=0.010297, total fastmode1 topology
compression size = 911274, CR = 3.883512
done
decompression time=0.038332
done
Min=0, Max=1, range=1
Max absolute error = 0.0018861890
Max relative error = 0.001886
Max pw relative error = 0.001886
PSNR = 64.785506, NRMSE= 0.00057640094526127986455
acEff=0.999996
compressionRatio = 3.883513
  ✓ Compression and decompression successful (ratio: 3.88x)

[9/90] Processing: FLDSC_1_768_1152.dat

compression time=0.005834, total fastmode1 topology
compression size = 786799, CR = 4.497901
done
decompression time=0.027051
done
Min=0, Max=1, range=1
Max absolute error = 0.0018874407
Max relative error = 0.001887
Max pw relative error = 0.001887
PSNR = 64.771020, NRMSE= 0.00057736305175857562371
acEff=0.999997
compressionRatio = 4.497901
  ✓ Compression and decompression successful (ratio: 4.49x)

[10/90] Processing: FLNS_1_768_1152.dat

compression time=0.011345, total fastmode1 topology
compression size = 1142224, CR = 3.098292
done
decompression time=0.042170
done
Min=0, Max=1, range=1
Max absolute error = 0.0019701123
Max relative error = 0.001970
Max pw relative error = 0.001970
PSNR = 64.742862, NRMSE= 0.00057923782827305324988
acEff=0.999994
compressionRatio = 3.098292
  ✓ Compression and decompression successful (ratio: 3.09x)

[11/90] Processing: FLNSC_1_768_1152.dat

compression time=0.009912, total fastmode1 topology
compression size = 1039371, CR = 3.404890
done
decompression time=0.039495
done
Min=0, Max=1, range=1
Max absolute error = 0.0019949675
Max relative error = 0.001995
Max pw relative error = 0.001995
PSNR = 64.714704, NRMSE= 0.00058111863498401191992
acEff=0.999996
compressionRatio = 3.404890
  ✓ Compression and decompression successful (ratio: 3.40x)

[12/90] Processing: FLNT_1_768_1152.dat

compression time=0.009962, total fastmode1 topology
compression size = 972017, CR = 3.640825
done
decompression time=0.040037
done
Min=0, Max=1, range=1
Max absolute error = 0.0019338727
Max relative error = 0.001934
Max pw relative error = 0.001934
PSNR = 64.778942, NRMSE= 0.00057683670977161155199
acEff=0.999996
compressionRatio = 3.640825
  ✓ Compression and decompression successful (ratio: 3.64x)

[13/90] Processing: FLNTC_1_768_1152.dat

compression time=0.006819, total fastmode1 topology
compression size = 789248, CR = 4.483944
done
decompression time=0.029692
done
Min=0, Max=1, range=1
Max absolute error = 0.0019633770
Max relative error = 0.001963
Max pw relative error = 0.001963
PSNR = 64.776291, NRMSE= 0.00057701279113203597822
acEff=0.999996
compressionRatio = 4.483944
  ✓ Compression and decompression successful (ratio: 4.48x)

[14/90] Processing: FLUT_1_768_1152.dat

compression time=0.010484, total fastmode1 topology
compression size = 971431, CR = 3.643022
done
decompression time=0.039067
done
Min=0, Max=1, range=1
Max absolute error = 0.0019639134
Max relative error = 0.001964
Max pw relative error = 0.001964
PSNR = 64.781174, NRMSE= 0.00057668850439161246663
acEff=0.999996
compressionRatio = 3.643021
  ✓ Compression and decompression successful (ratio: 3.64x)

[15/90] Processing: FLUTC_1_768_1152.dat

compression time=0.006818, total fastmode1 topology
compression size = 788950, CR = 4.485638
done
decompression time=0.029698
done
Min=0, Max=1, range=1
Max absolute error = 0.0019873381
Max relative error = 0.001987
Max pw relative error = 0.001987
PSNR = 64.779360, NRMSE= 0.00057680899436733060626
acEff=0.999996
compressionRatio = 4.485638
  ✓ Compression and decompression successful (ratio: 4.48x)

[16/90] Processing: FREQSH_1_768_1152.dat

compression time=0.010684, total fastmode1 topology
compression size = 1267283, CR = 2.792544
done
decompression time=0.038869
done
Min=0, Max=1, range=1
Max absolute error = 0.0017428398
Max relative error = 0.001743
Max pw relative error = 0.001743
PSNR = 64.731752, NRMSE= 0.00057997918760771018098
acEff=0.999999
compressionRatio = 2.792544
  ✓ Compression and decompression successful (ratio: 2.79x)

[17/90] Processing: FREQZM_1_768_1152.dat

compression time=0.009513, total fastmode1 topology
compression size = 1025857, CR = 3.449744
done
decompression time=0.031472
done
Min=0, Max=1, range=1
Max absolute error = 0.0016619563
Max relative error = 0.001662
Max pw relative error = 0.001662
PSNR = 66.347826, NRMSE= 0.00048151374120271957149
acEff=0.999999
compressionRatio = 3.449744
  ✓ Compression and decompression successful (ratio: 3.44x)

[18/90] Processing: FSDS_1_768_1152.dat

compression time=0.009345, total fastmode1 topology
compression size = 1026206, CR = 3.448571
done
decompression time=0.039422
done
Min=0, Max=1, range=1
Max absolute error = 0.0019516349
Max relative error = 0.001952
Max pw relative error = 0.001952
PSNR = 64.766015, NRMSE= 0.00057769586823269226169
acEff=0.999998
compressionRatio = 3.448571
  ✓ Compression and decompression successful (ratio: 3.44x)

[19/90] Processing: FSDSC_1_768_1152.dat

compression time=0.004561, total fastmode1 topology
compression size = 679731, CR = 5.206389
done
decompression time=0.023337
done
Min=0, Max=1, range=1
Max absolute error = 0.0016098022
Max relative error = 0.001610
Max pw relative error = 0.001610
PSNR = 64.768217, NRMSE= 0.00057754942265857308042
acEff=0.999998
compressionRatio = 5.206389
  ✓ Compression and decompression successful (ratio: 5.20x)

[20/90] Processing: FSDTOA_1_768_1152.dat

compression time=0.002400, total fastmode1 topology
compression size = 559089, CR = 6.329840
done
decompression time=0.018944
done
Min=0, Max=1, range=1
Max absolute error = 0.0009999871
Max relative error = 0.001000
Max pw relative error = 0.001000
PSNR = 64.711047, NRMSE= 0.00058136337171228638209
acEff=0.999998
compressionRatio = 6.329840
  ✓ Compression and decompression successful (ratio: 6.32x)

[21/90] Processing: FSNS_1_768_1152.dat

compression time=0.010971, total fastmode1 topology
compression size = 1087880, CR = 3.253065
done
decompression time=0.040052
done
Min=0, Max=1, range=1
Max absolute error = 0.0019788146
Max relative error = 0.001979
Max pw relative error = 0.001979
PSNR = 64.757676, NRMSE= 0.00057825072231858655036
acEff=0.999999
compressionRatio = 3.253065
  ✓ Compression and decompression successful (ratio: 3.25x)

[22/90] Processing: FSNSC_1_768_1152.dat

compression time=0.006109, total fastmode1 topology
compression size = 839280, CR = 4.216643
done
decompression time=0.028748
done
Min=0, Max=1, range=1
Max absolute error = 0.0019823015
Max relative error = 0.001982
Max pw relative error = 0.001982
PSNR = 64.753812, NRMSE= 0.00057850806521107052318
acEff=0.999999
compressionRatio = 4.216643
  ✓ Compression and decompression successful (ratio: 4.21x)

[23/90] Processing: FSNT_1_768_1152.dat

compression time=0.010331, total fastmode1 topology
compression size = 990775, CR = 3.571895
done
decompression time=0.038432
done
Min=0, Max=1, range=1
Max absolute error = 0.0019847155
Max relative error = 0.001985
Max pw relative error = 0.001985
PSNR = 64.770520, NRMSE= 0.00057739632726844117381
acEff=0.999999
compressionRatio = 3.571895
  ✓ Compression and decompression successful (ratio: 3.57x)

[24/90] Processing: FSNTC_1_768_1152.dat

compression time=0.005733, total fastmode1 topology
compression size = 761429, CR = 4.647766
done
decompression time=0.026873
done
Min=0, Max=1, range=1
Max absolute error = 0.0019792914
Max relative error = 0.001979
Max pw relative error = 0.001979
PSNR = 64.740901, NRMSE= 0.00057936856936947444662
acEff=0.999999
compressionRatio = 4.647766
  ✓ Compression and decompression successful (ratio: 4.64x)

[25/90] Processing: FSNTOA_1_768_1152.dat

compression time=0.010630, total fastmode1 topology
compression size = 987676, CR = 3.583102
done
decompression time=0.038575
done
Min=0, Max=1, range=1
Max absolute error = 0.0019481778
Max relative error = 0.001948
Max pw relative error = 0.001948
PSNR = 64.774934, NRMSE= 0.00057710298084403708566
acEff=0.999999
compressionRatio = 3.583102
  ✓ Compression and decompression successful (ratio: 3.58x)

[26/90] Processing: FSNTOAC_1_768_1152.dat

compression time=0.005862, total fastmode1 topology
compression size = 760188, CR = 4.655354
done
decompression time=0.026763
done
Min=0, Max=1, range=1
Max absolute error = 0.0019685626
Max relative error = 0.001969
Max pw relative error = 0.001969
PSNR = 64.799590, NRMSE= 0.00057546706815139194412
acEff=0.999999
compressionRatio = 4.655354
  ✓ Compression and decompression successful (ratio: 4.65x)

[27/90] Processing: FSUTOA_1_768_1152.dat

compression time=0.011199, total fastmode1 topology
compression size = 1109969, CR = 3.188327
done
decompression time=0.037625
done
Min=0, Max=1, range=1
Max absolute error = 0.0019937754
Max relative error = 0.001994
Max pw relative error = 0.001994
PSNR = 64.751496, NRMSE= 0.00057866233113798375663
acEff=0.999997
compressionRatio = 3.188327
  ✓ Compression and decompression successful (ratio: 3.18x)

[28/90] Processing: ICEFRAC_1_768_1152.dat

compression time=0.009045, total fastmode1 topology
compression size = 573913, CR = 6.166342
done
decompression time=0.019410
done
Min=0, Max=1, range=1
Max absolute error = 0.0017518648
Max relative error = 0.001752
Max pw relative error = 0.001752
PSNR = 73.181727, NRMSE= 0.00021923689154895663572
acEff=1.000000
compressionRatio = 6.166342
  ✓ Compression and decompression successful (ratio: 6.16x)

[29/90] Processing: LANDFRAC_1_768_1152.dat

compression time=0.002172, total fastmode1 topology
compression size = 622403, CR = 5.685936
done
decompression time=0.018704
done
Min=0, Max=1, range=1
Max absolute error = 0.0015032887
Max relative error = 0.001503
Max pw relative error = 0.001503
PSNR = 64.678811, NRMSE= 0.00058352496321280018874
acEff=1.000000
compressionRatio = 5.685937
  ✓ Compression and decompression successful (ratio: 5.68x)

[30/90] Processing: LHFLX_1_768_1152.dat

compression time=0.007329, total fastmode1 topology
compression size = 1074329, CR = 3.294097
done
decompression time=0.029611
done
Min=0, Max=1, range=1
Max absolute error = 0.0019676685
Max relative error = 0.001968
Max pw relative error = 0.001968
PSNR = 64.753730, NRMSE= 0.00057851350060145753998
acEff=0.999999
compressionRatio = 3.294097
  ✓ Compression and decompression successful (ratio: 3.29x)

[31/90] Processing: LWCF_1_768_1152.dat

compression time=0.010567, total fastmode1 topology
compression size = 1182750, CR = 2.992132
done
decompression time=0.038987
done
Min=0, Max=1, range=1
Max absolute error = 0.0019686520
Max relative error = 0.001969
Max pw relative error = 0.001969
PSNR = 64.743270, NRMSE= 0.00057921058886542824053
acEff=0.999997
compressionRatio = 2.992132
  ✓ Compression and decompression successful (ratio: 2.99x)

[32/90] Processing: MSKtem_1_768_1152.dat

compression time=0.004323, total fastmode1 topology
compression size = 794446, CR = 4.454606
done
decompression time=0.023054
done
Min=0, Max=1, range=1
Max absolute error = 0.0019696951
Max relative error = 0.001970
Max pw relative error = 0.001970
PSNR = 62.435525, NRMSE= 0.00075548132360024904033
acEff=0.999998
compressionRatio = 4.454606
  ✓ Compression and decompression successful (ratio: 4.45x)

[33/90] Processing: OCNFRAC_1_768_1152.dat

compression time=0.003429, total fastmode1 topology
compression size = 687100, CR = 5.150552
done
decompression time=0.019896
done
Min=0, Max=1, range=1
Max absolute error = 0.0015106313
Max relative error = 0.001511
Max pw relative error = 0.001511
PSNR = 62.495284, NRMSE= 0.00075030151607432052363
acEff=1.000000
compressionRatio = 5.150552
  ✓ Compression and decompression successful (ratio: 5.15x)

[34/90] Processing: ODV_bcar1_1_768_1152.dat

compression time=0.004021, total fastmode1 topology
compression size = 645074, CR = 5.486105
done
decompression time=0.022063
done
Min=0, Max=1, range=1
Max absolute error = 0.0019117966
Max relative error = 0.001912
Max pw relative error = 0.001912
PSNR = 65.987806, NRMSE= 0.00050189135778759184046
acEff=0.999971
compressionRatio = 5.486105
  ✓ Compression and decompression successful (ratio: 5.48x)

[35/90] Processing: ODV_bcar2_1_768_1152.dat

compression time=0.003987, total fastmode1 topology
compression size = 695444, CR = 5.088755
done
decompression time=0.022697
done
Min=0, Max=1, range=1
Max absolute error = 0.0019707084
Max relative error = 0.001971
Max pw relative error = 0.001971
PSNR = 65.062027, NRMSE= 0.00055833987791708834629
acEff=0.999993
compressionRatio = 5.088755
  ✓ Compression and decompression successful (ratio: 5.08x)

[36/90] Processing: ODV_dust1_1_768_1152.dat

compression time=0.003841, total fastmode1 topology
compression size = 618664, CR = 5.720301
done
decompression time=0.021017
done
Min=0, Max=1, range=1
Max absolute error = 0.0016282797
Max relative error = 0.001628
Max pw relative error = 0.001628
PSNR = 65.535018, NRMSE= 0.00052874843983048290703
acEff=0.999990
compressionRatio = 5.720301
  ✓ Compression and decompression successful (ratio: 5.72x)

[37/90] Processing: ODV_dust2_1_768_1152.dat

compression time=0.003730, total fastmode1 topology
compression size = 617223, CR = 5.733655
done
decompression time=0.021062
done
Min=0, Max=1, range=1
Max absolute error = 0.0016783569
Max relative error = 0.001678
Max pw relative error = 0.001678
PSNR = 65.526207, NRMSE= 0.00052928507249682006913
acEff=0.999989
compressionRatio = 5.733655
  ✓ Compression and decompression successful (ratio: 5.73x)

[38/90] Processing: ODV_dust3_1_768_1152.dat
  ✗ Compression failed (exit code: 1)

[39/90] Processing: ODV_dust4_1_768_1152.dat

compression time=0.003678, total fastmode1 topology
compression size = 583570, CR = 6.064301
done
decompression time=0.020685
done
Min=0, Max=1, range=1
Max absolute error = 0.0019228607
Max relative error = 0.001923
Max pw relative error = 0.001923
PSNR = 66.128264, NRMSE= 0.00049384063661346404035
acEff=0.999980
compressionRatio = 6.064301
  ✓ Compression and decompression successful (ratio: 6.06x)

[40/90] Processing: ODV_ocar1_1_768_1152.dat

compression time=0.003939, total fastmode1 topology
compression size = 597726, CR = 5.920680
done
decompression time=0.021291
done
Min=0, Max=1, range=1
Max absolute error = 0.0018184409
Max relative error = 0.001818
Max pw relative error = 0.001818
PSNR = 66.909620, NRMSE= 0.00045135576199283001728
acEff=0.999924
compressionRatio = 5.920679
  ✓ Compression and decompression successful (ratio: 5.92x)

[41/90] Processing: ODV_ocar2_1_768_1152.dat

compression time=0.012473, total fastmode1 topology
compression size = 765872, CR = 4.620803
done
decompression time=0.032186
done
Min=0, Max=1, range=1
Max absolute error = 0.0016147494
Max relative error = 0.001615
Max pw relative error = 0.001615
PSNR = 65.184669, NRMSE= 0.00055051171761679579524
acEff=0.999980
compressionRatio = 4.620803
  ✓ Compression and decompression successful (ratio: 4.62x)

[42/90] Processing: ODV_SSLTA_1_768_1152.dat

compression time=0.006996, total fastmode1 topology
compression size = 1025444, CR = 3.451133
done
decompression time=0.035721
done
Min=0, Max=1, range=1
Max absolute error = 0.0019803345
Max relative error = 0.001980
Max pw relative error = 0.001980
PSNR = 64.772038, NRMSE= 0.00057729540883231773938
acEff=0.999999
compressionRatio = 3.451133
  ✓ Compression and decompression successful (ratio: 3.45x)

[43/90] Processing: ODV_SSLTC_1_768_1152.dat

compression time=0.008201, total fastmode1 topology
compression size = 1035257, CR = 3.418421
done
decompression time=0.034781
done
Min=0, Max=1, range=1
Max absolute error = 0.0019809827
Max relative error = 0.001981
Max pw relative error = 0.001981
PSNR = 64.754235, NRMSE= 0.0005784798504638991902
acEff=0.999999
compressionRatio = 3.418421
  ✓ Compression and decompression successful (ratio: 3.41x)

[44/90] Processing: ODV_sulf_1_768_1152.dat

compression time=0.009101, total fastmode1 topology
compression size = 954982, CR = 3.705770
done
decompression time=0.037398
done
Min=0, Max=1, range=1
Max absolute error = 0.0019306242
Max relative error = 0.001931
Max pw relative error = 0.001931
PSNR = 64.793693, NRMSE= 0.00057585792671174210623
acEff=0.999996
compressionRatio = 3.705770
  ✓ Compression and decompression successful (ratio: 3.70x)

[45/90] Processing: ODV_VOLC_MMR_1_768_1152.dat

compression time=0.006124, total fastmode1 topology
compression size = 620169, CR = 5.706419
done
decompression time=0.023564
done
Min=0, Max=1, range=1
Max absolute error = 0.0017669797
Max relative error = 0.001767
Max pw relative error = 0.001767
PSNR = 67.444267, NRMSE= 0.00042441101741562474144
acEff=1.000000
compressionRatio = 5.706419
  ✓ Compression and decompression successful (ratio: 5.70x)

[46/90] Processing: PBLH_1_768_1152.dat

compression time=0.009209, total fastmode1 topology
compression size = 1057978, CR = 3.345007
done
decompression time=0.036875
done
Min=0, Max=1, range=1
Max absolute error = 0.0019939542
Max relative error = 0.001994
Max pw relative error = 0.001994
PSNR = 64.750932, NRMSE= 0.00057869987759379484544
acEff=0.999997
compressionRatio = 3.345007
  ✓ Compression and decompression successful (ratio: 3.34x)

[47/90] Processing: PCONVB_1_768_1152.dat

compression time=0.010678, total fastmode1 topology
compression size = 720565, CR = 4.911346
done
decompression time=0.027788
done
Min=0, Max=1, range=1
Max absolute error = 0.0017439723
Max relative error = 0.001744
Max pw relative error = 0.001744
PSNR = 64.816169, NRMSE= 0.00057436973418626790892
acEff=0.999959
compressionRatio = 4.911346
  ✓ Compression and decompression successful (ratio: 4.91x)

[48/90] Processing: PCONVT_1_768_1152.dat

compression time=0.009310, total fastmode1 topology
compression size = 848207, CR = 4.172265
done
decompression time=0.032470
done
Min=0, Max=1, range=1
Max absolute error = 0.0019115210
Max relative error = 0.001912
Max pw relative error = 0.001912
PSNR = 64.772011, NRMSE= 0.00057729719473875262901
acEff=0.999941
compressionRatio = 4.172265
  ✓ Compression and decompression successful (ratio: 4.17x)

[49/90] Processing: PHIS_1_768_1152.dat

compression time=0.004144, total fastmode1 topology
compression size = 750716, CR = 4.714092
done
decompression time=0.022863
done
Min=0, Max=1, range=1
Max absolute error = 0.0019480586
Max relative error = 0.001948
Max pw relative error = 0.001948
PSNR = 63.227928, NRMSE= 0.00068961011587991222563
acEff=0.999999
compressionRatio = 4.714092
  ✓ Compression and decompression successful (ratio: 4.71x)

[50/90] Processing: PRECC_1_768_1152.dat

compression time=0.002510, total fastmode1 topology
compression size = 542135, CR = 6.527791
done
decompression time=0.015968
done
Min=0, Max=1, range=1
Max absolute error = 0.0009999275
Max relative error = 0.001000
Max pw relative error = 0.001000
PSNR = 105.666640, NRMSE= 5.207964587050809608E-06
acEff=1.000000
compressionRatio = 6.527791
  ✓ Compression and decompression successful (ratio: 6.52x)

[51/90] Processing: PRECCDZM_1_768_1152.dat

compression time=0.002453, total fastmode1 topology
compression size = 537536, CR = 6.583641
done
decompression time=0.015731
done
Min=0, Max=1, range=1
Max absolute error = 0.0009999275
Max relative error = 0.001000
Max pw relative error = 0.001000
PSNR = 77.154071, NRMSE= 0.00013877028083112067486
acEff=1.000000
compressionRatio = 6.583641
  ✓ Compression and decompression successful (ratio: 6.58x)

[52/90] Processing: PRECL_1_768_1152.dat

compression time=0.002656, total fastmode1 topology
compression size = 586516, CR = 6.033841
done
decompression time=0.016395
done
Min=0, Max=1, range=1
Max absolute error = 0.0009999275
Max relative error = 0.001000
Max pw relative error = 0.001000
PSNR = 75.495956, NRMSE= 0.00016795858014167998253
acEff=0.999999
compressionRatio = 6.033841
  ✓ Compression and decompression successful (ratio: 6.03x)

[53/90] Processing: PRECSC_1_768_1152.dat
Error: No critical points found!
  ✗ Compression failed

[54/90] Processing: PRECSH_1_768_1152.dat
Error: No critical points found!
  ✗ Compression failed

[55/90] Processing: PRECSL_1_768_1152.dat

compression time=0.002240, total fastmode1 topology
compression size = 500225, CR = 7.074704
done
decompression time=0.015984
done
Min=0, Max=1, range=1
Max absolute error = 0.0009999275
Max relative error = 0.001000
Max pw relative error = 0.001000
PSNR = 107.164277, NRMSE= 4.3831481323318371388E-06
acEff=1.000000
compressionRatio = 7.074704
  ✓ Compression and decompression successful (ratio: 7.07x)

[56/90] Processing: PRECT_1_768_1152.dat

compression time=0.002876, total fastmode1 topology
compression size = 623101, CR = 5.679567
done
decompression time=0.016390
done
Min=0, Max=1, range=1
Max absolute error = 0.0009999275
Max relative error = 0.001000
Max pw relative error = 0.001000
PSNR = 87.916470, NRMSE= 4.0195415460304346903E-05
acEff=1.000000
compressionRatio = 5.679567
  ✓ Compression and decompression successful (ratio: 5.67x)

[57/90] Processing: PS_1_768_1152.dat

compression time=0.004902, total fastmode1 topology
compression size = 657774, CR = 5.380182
done
decompression time=0.023504
done
Min=0, Max=1, range=1
Max absolute error = 0.0017410517
Max relative error = 0.001741
Max pw relative error = 0.001741
PSNR = 64.856243, NRMSE= 0.00057172584679560187887
acEff=0.999957
compressionRatio = 5.380182
  ✓ Compression and decompression successful (ratio: 5.38x)

[58/90] Processing: PSL_1_768_1152.dat

compression time=0.005669, total fastmode1 topology
compression size = 729287, CR = 4.852608
done
decompression time=0.025184
done
Min=0, Max=1, range=1
Max absolute error = 0.0018942356
Max relative error = 0.001894
Max pw relative error = 0.001894
PSNR = 64.776365, NRMSE= 0.00057700788094275975298
acEff=0.999988
compressionRatio = 4.852608
  ✓ Compression and decompression successful (ratio: 4.85x)

[59/90] Processing: QFLX_1_768_1152.dat

compression time=0.006026, total fastmode1 topology
compression size = 992452, CR = 3.565859
done
decompression time=0.026506
done
Min=0, Max=1, range=1
Max absolute error = 0.0013076365
Max relative error = 0.001308
Max pw relative error = 0.001308
PSNR = 64.999467, NRMSE= 0.00056237585352916807414
acEff=0.999997
compressionRatio = 3.565859
  ✓ Compression and decompression successful (ratio: 3.56x)

[60/90] Processing: QREFHT_1_768_1152.dat

compression time=0.005321, total fastmode1 topology
compression size = 907777, CR = 3.898473
done
decompression time=0.026754
done
Min=0, Max=1, range=1
Max absolute error = 0.0019856095
Max relative error = 0.001986
Max pw relative error = 0.001986
PSNR = 64.760629, NRMSE= 0.00057805417407920714999
acEff=0.999999
compressionRatio = 3.898473
  ✓ Compression and decompression successful (ratio: 3.89x)

[61/90] Processing: RHREFHT_1_768_1152.dat

compression time=0.010348, total fastmode1 topology
compression size = 934673, CR = 3.786291
done
decompression time=0.037040
done
Min=0, Max=1, range=1
Max absolute error = 0.0019306540
Max relative error = 0.001931
Max pw relative error = 0.001931
PSNR = 64.773521, NRMSE= 0.00057719681792974995242
acEff=0.999987
compressionRatio = 3.786291
  ✓ Compression and decompression successful (ratio: 3.78x)

[62/90] Processing: SFCLDICE_1_768_1152.dat
Error: No critical points found!
  ✗ Compression failed

[63/90] Processing: SFCLDLIQ_1_768_1152.dat
Error: No critical points found!
  ✗ Compression failed

[64/90] Processing: SHFLX_1_768_1152.dat

compression time=0.007037, total fastmode1 topology
compression size = 943617, CR = 3.750403
done
decompression time=0.031413
done
Min=0, Max=1, range=1
Max absolute error = 0.0019595623
Max relative error = 0.001960
Max pw relative error = 0.001960
PSNR = 64.765906, NRMSE= 0.00057770313212048040371
acEff=0.999979
compressionRatio = 3.750403
  ✓ Compression and decompression successful (ratio: 3.75x)

[65/90] Processing: SNOWHICE_1_768_1152.dat

compression time=0.003208, total fastmode1 topology
compression size = 558162, CR = 6.340353
done
decompression time=0.019308
done
Min=0, Max=1, range=1
Max absolute error = 0.0017438978
Max relative error = 0.001744
Max pw relative error = 0.001744
PSNR = 74.278347, NRMSE= 0.00019323360151978307797
acEff=1.000000
compressionRatio = 6.340353
  ✓ Compression and decompression successful (ratio: 6.34x)

[66/90] Processing: SNOWHLND_1_768_1152.dat

compression time=0.013899, total fastmode1 topology
compression size = 579301, CR = 6.108990
done
decompression time=0.022998
done
Min=0, Max=1, range=1
Max absolute error = 0.0018136241
Max relative error = 0.001814
Max pw relative error = 0.001814
PSNR = 74.705594, NRMSE= 0.00018395869370719356603
acEff=1.000000
compressionRatio = 6.108990
  ✓ Compression and decompression successful (ratio: 6.10x)

[67/90] Processing: SOLIN_1_768_1152.dat

compression time=0.002339, total fastmode1 topology
compression size = 559089, CR = 6.329840
done
decompression time=0.019217
done
Min=0, Max=1, range=1
Max absolute error = 0.0009999871
Max relative error = 0.001000
Max pw relative error = 0.001000
PSNR = 64.711047, NRMSE= 0.00058136337171228638209
acEff=0.999998
compressionRatio = 6.329840
  ✓ Compression and decompression successful (ratio: 6.32x)

[68/90] Processing: SRFRAD_1_768_1152.dat

compression time=0.010656, total fastmode1 topology
compression size = 929620, CR = 3.806872
done
decompression time=0.039771
done
Min=0, Max=1, range=1
Max absolute error = 0.0019572973
Max relative error = 0.001957
Max pw relative error = 0.001957
PSNR = 64.785339, NRMSE= 0.00057641207078611709017
acEff=0.999997
compressionRatio = 3.806872
  ✓ Compression and decompression successful (ratio: 3.80x)

[69/90] Processing: SWCF_1_768_1152.dat

compression time=0.012788, total fastmode1 topology
compression size = 1012891, CR = 3.493904
done
decompression time=0.042242
done
Min=0, Max=1, range=1
Max absolute error = 0.0019481778
Max relative error = 0.001948
Max pw relative error = 0.001948
PSNR = 64.631843, NRMSE= 0.00058668884731665003462
acEff=0.999959
compressionRatio = 3.493904
  ✓ Compression and decompression successful (ratio: 3.49x)

[70/90] Processing: TAUX_1_768_1152.dat

compression time=0.005902, total fastmode1 topology
compression size = 819137, CR = 4.320332
done
decompression time=0.026948
done
Min=0, Max=1, range=1
Max absolute error = 0.0019357204
Max relative error = 0.001936
Max pw relative error = 0.001936
PSNR = 64.775112, NRMSE= 0.00057709110304317301487
acEff=0.999930
compressionRatio = 4.320332
  ✓ Compression and decompression successful (ratio: 4.32x)

[71/90] Processing: TAUY_1_768_1152.dat

compression time=0.006086, total fastmode1 topology
compression size = 868556, CR = 4.074514
done
decompression time=0.027166
done
Min=0, Max=1, range=1
Max absolute error = 0.0019591451
Max relative error = 0.001959
Max pw relative error = 0.001959
PSNR = 64.759994, NRMSE= 0.00057809647199564737595
acEff=0.999942
compressionRatio = 4.074514
  ✓ Compression and decompression successful (ratio: 4.07x)

[72/90] Processing: TGCLDIWP_1_768_1152.dat

compression time=0.008551, total fastmode1 topology
compression size = 1164394, CR = 3.039301
done
decompression time=0.034272
done
Min=0, Max=1, range=1
Max absolute error = 0.0019736290
Max relative error = 0.001974
Max pw relative error = 0.001974
PSNR = 64.743471, NRMSE= 0.00057919719072031274325
acEff=0.999999
compressionRatio = 3.039301
  ✓ Compression and decompression successful (ratio: 3.03x)

[73/90] Processing: TGCLDLWP_1_768_1152.dat

compression time=0.008766, total fastmode1 topology
compression size = 1138951, CR = 3.107196
done
decompression time=0.034881
done
Min=0, Max=1, range=1
Max absolute error = 0.0019998550
Max relative error = 0.002000
Max pw relative error = 0.002000
PSNR = 64.759233, NRMSE= 0.00057814707373268639859
acEff=0.999998
compressionRatio = 3.107196
  ✓ Compression and decompression successful (ratio: 3.10x)

[74/90] Processing: TH2d_1_768_1152.dat

compression time=0.002147, total fastmode1 topology
compression size = 516212, CR = 6.855602
done
decompression time=0.018643
done
Min=0, Max=1, range=1
Max absolute error = 0.0019333959
Max relative error = 0.001933
Max pw relative error = 0.001933
PSNR = 80.600460, NRMSE= 9.3320482885694545873E-05
acEff=0.999996
compressionRatio = 6.855602
  ✓ Compression and decompression successful (ratio: 6.85x)

[75/90] Processing: TMQ_1_768_1152.dat

compression time=0.004741, total fastmode1 topology
compression size = 850730, CR = 4.159891
done
decompression time=0.026018
done
Min=0, Max=1, range=1
Max absolute error = 0.0019780993
Max relative error = 0.001978
Max pw relative error = 0.001978
PSNR = 64.760615, NRMSE= 0.00057805514676953235337
acEff=0.999999
compressionRatio = 4.159891
  ✓ Compression and decompression successful (ratio: 4.15x)

[76/90] Processing: TREFHT_1_768_1152.dat

compression time=0.005987, total fastmode1 topology
compression size = 761481, CR = 4.647449
done
decompression time=0.026183
done
Min=0, Max=1, range=1
Max absolute error = 0.0019390583
Max relative error = 0.001939
Max pw relative error = 0.001939
PSNR = 64.784747, NRMSE= 0.00057645136056931915378
acEff=0.999996
compressionRatio = 4.647449
  ✓ Compression and decompression successful (ratio: 4.64x)

[77/90] Processing: TREFMNAV_1_768_1152.dat

compression time=0.007225, total fastmode1 topology
compression size = 805934, CR = 4.391109
done
decompression time=0.029785
done
Min=0, Max=1, range=1
Max absolute error = 0.0019720793
Max relative error = 0.001972
Max pw relative error = 0.001972
PSNR = 64.774774, NRMSE= 0.00057711355737290399078
acEff=0.999996
compressionRatio = 4.391109
  ✓ Compression and decompression successful (ratio: 4.39x)

[78/90] Processing: TREFMXAV_1_768_1152.dat

compression time=0.007155, total fastmode1 topology
compression size = 788965, CR = 4.485553
done
decompression time=0.029142
done
Min=0, Max=1, range=1
Max absolute error = 0.0019683838
Max relative error = 0.001968
Max pw relative error = 0.001968
PSNR = 64.772654, NRMSE= 0.00057725446914652092049
acEff=0.999996
compressionRatio = 4.485553
  ✓ Compression and decompression successful (ratio: 4.48x)

[79/90] Processing: TROP_P_1_768_1152.dat

compression time=0.005803, total fastmode1 topology
compression size = 774359, CR = 4.570159
done
decompression time=0.027723
done
Min=0, Max=1, range=1
Max absolute error = 0.0016848445
Max relative error = 0.001685
Max pw relative error = 0.001685
PSNR = 64.792587, NRMSE= 0.0005759312567712958613
acEff=0.999998
compressionRatio = 4.570159
  ✓ Compression and decompression successful (ratio: 4.57x)

[80/90] Processing: TROP_T_1_768_1152.dat

compression time=0.004512, total fastmode1 topology
compression size = 789851, CR = 4.480521
done
decompression time=0.025104
done
Min=0, Max=1, range=1
Max absolute error = 0.0019723922
Max relative error = 0.001972
Max pw relative error = 0.001972
PSNR = 64.759120, NRMSE= 0.000578154603608394815
acEff=0.999999
compressionRatio = 4.480521
  ✓ Compression and decompression successful (ratio: 4.48x)

[81/90] Processing: TROP_Z_1_768_1152.dat

compression time=0.005771, total fastmode1 topology
compression size = 742167, CR = 4.768393
done
decompression time=0.025972
done
Min=0, Max=1, range=1
Max absolute error = 0.0017414689
Max relative error = 0.001741
Max pw relative error = 0.001741
PSNR = 64.744674, NRMSE= 0.00057911698668180371444
acEff=0.999990
compressionRatio = 4.768393
  ✓ Compression and decompression successful (ratio: 4.76x)

[82/90] Processing: TS_1_768_1152.dat

compression time=0.005990, total fastmode1 topology
compression size = 780912, CR = 4.531809
done
decompression time=0.027362
done
Min=0, Max=1, range=1
Max absolute error = 0.0019676089
Max relative error = 0.001968
Max pw relative error = 0.001968
PSNR = 64.780562, NRMSE= 0.00057672916445820410821
acEff=0.999996
compressionRatio = 4.531809
  ✓ Compression and decompression successful (ratio: 4.53x)

[83/90] Processing: TSMN_1_768_1152.dat

compression time=0.007210, total fastmode1 topology
compression size = 860743, CR = 4.111499
done
decompression time=0.029747
done
Min=0, Max=1, range=1
Max absolute error = 0.0019685626
Max relative error = 0.001969
Max pw relative error = 0.001969
PSNR = 64.737993, NRMSE= 0.00057956259397141571786
acEff=0.999997
compressionRatio = 4.111499
  ✓ Compression and decompression successful (ratio: 4.11x)

[84/90] Processing: TSMX_1_768_1152.dat

compression time=0.007543, total fastmode1 topology
compression size = 846589, CR = 4.180239
done
decompression time=0.028950
done
Min=0, Max=1, range=1
Max absolute error = 0.0019732714
Max relative error = 0.001973
Max pw relative error = 0.001973
PSNR = 64.796304, NRMSE= 0.00057568481714503016121
acEff=0.999995
compressionRatio = 4.180239
  ✓ Compression and decompression successful (ratio: 4.18x)

[85/90] Processing: U2d_1_768_1152.dat

compression time=0.002369, total fastmode1 topology
compression size = 510918, CR = 6.926638
done
decompression time=0.018630
done
Min=0, Max=1, range=1
Max absolute error = 0.0019333959
Max relative error = 0.001933
Max pw relative error = 0.001933
PSNR = 61.005529, NRMSE= 0.00089068377097724121989
acEff=0.999996
compressionRatio = 6.926638
  ✓ Compression and decompression successful (ratio: 6.92x)

[86/90] Processing: UV2d_1_768_1152.dat

compression time=0.002524, total fastmode1 topology
compression size = 508537, CR = 6.959069
done
decompression time=0.018984
done
Min=0, Max=1, range=1
Max absolute error = 0.0019333959
Max relative error = 0.001933
Max pw relative error = 0.001933
PSNR = 66.657422, NRMSE= 0.0004646531755724052316
acEff=0.999999
compressionRatio = 6.959069
  ✓ Compression and decompression successful (ratio: 6.95x)

[87/90] Processing: UW2d_1_768_1152.dat

compression time=0.002984, total fastmode1 topology
compression size = 507025, CR = 6.979822
done
decompression time=0.019221
done
Min=0, Max=1, range=1
Max absolute error = 0.0019333959
Max relative error = 0.001933
Max pw relative error = 0.001933
PSNR = 67.708846, NRMSE= 0.00041167803121719821714
acEff=0.999999
compressionRatio = 6.979822
  ✓ Compression and decompression successful (ratio: 6.97x)

[88/90] Processing: V2d_1_768_1152.dat

compression time=0.002579, total fastmode1 topology
compression size = 511295, CR = 6.921531
done
decompression time=0.019063
done
Min=0, Max=1, range=1
Max absolute error = 0.0019333959
Max relative error = 0.001933
Max pw relative error = 0.001933
PSNR = 68.176502, NRMSE= 0.00039009903731874410321
acEff=0.999999
compressionRatio = 6.921531
  ✓ Compression and decompression successful (ratio: 6.92x)

[89/90] Processing: VTH2d_1_768_1152.dat

compression time=0.002672, total fastmode1 topology
compression size = 507575, CR = 6.972258
done
decompression time=0.018910
done
Min=0, Max=1, range=1
Max absolute error = 0.0019333959
Max relative error = 0.001933
Max pw relative error = 0.001933
PSNR = 76.360871, NRMSE= 0.0001520395024881911921
acEff=0.999998
compressionRatio = 6.972258
  ✓ Compression and decompression successful (ratio: 6.97x)

[90/90] Processing: W2d_1_768_1152.dat

compression time=0.002966, total fastmode1 topology
compression size = 505930, CR = 6.994928
done
decompression time=0.019403
done
Min=0, Max=1, range=1
Max absolute error = 0.0019333959
Max relative error = 0.001933
Max pw relative error = 0.001933
PSNR = 73.196859, NRMSE= 0.00021885529067015879095
acEff=1.000000
compressionRatio = 6.994928
  ✓ Compression and decompression successful (ratio: 6.99x)

=== Summary ===
Total files processed: 85
Total files skipped: 0
Total files failed: 5

