Input directory: ../../CESM-OCEAN-MODELS/4/log_normalized
Output directory: ../../CESM-OCEAN-MODELS/4/log_normalized/sz_1E-8
Dimensions: 384x320
Error bound: 1E-8
SZ config: sz.config

Found 54 .dat file(s) to process

[1/54] Processing: ADVS_1_384_320.dat
compression time = 0.014932
compressed data file: ../../CESM-OCEAN-MODELS/4/log_normalized/ADVS_1_384_320.dat.sz
Min=0, Max=1, range=1
Max absolute error = 0.0000000100
Max relative error = 0.000000
Max pw relative error = 0.058533
PSNR = 166.965110, NRMSE= 4.4848144967586627142E-09
normError = 0.000002, normErr_norm = 0.000000
acEff=1.000000
compressionRatio=16.547266
decompression time = 0.007063 seconds.
decompressed data file: ../../CESM-OCEAN-MODELS/4/log_normalized/sz_1E-8/ADVS_1_384_320.dat.sz.out
  ✓ Compression and decompression successful (ratio: 16.54x)

[2/54] Processing: ADVS_ISOP_1_384_320.dat
compression time = 0.013234
compressed data file: ../../CESM-OCEAN-MODELS/4/log_normalized/ADVS_ISOP_1_384_320.dat.sz
Min=0, Max=1, range=1
Max absolute error = 0.0000000100
Max relative error = 0.000000
Max pw relative error = 0.204035
PSNR = 167.453942, NRMSE= 4.2393855044632899731E-09
normError = 0.000001, normErr_norm = 0.000000
acEff=1.000000
compressionRatio=16.617195
decompression time = 0.008752 seconds.
decompressed data file: ../../CESM-OCEAN-MODELS/4/log_normalized/sz_1E-8/ADVS_ISOP_1_384_320.dat.sz.out
  ✓ Compression and decompression successful (ratio: 16.61x)

[3/54] Processing: ADVS_SUBM_1_384_320.dat
compression time = 0.013149
compressed data file: ../../CESM-OCEAN-MODELS/4/log_normalized/ADVS_SUBM_1_384_320.dat.sz
Min=0, Max=1, range=1
Max absolute error = 0.0000000100
Max relative error = 0.000000
Max pw relative error = 0.157448
PSNR = 167.736188, NRMSE= 4.1038415259903141086E-09
normError = 0.000001, normErr_norm = 0.000000
acEff=1.000000
compressionRatio=32.548838
decompression time = 0.006606 seconds.
decompressed data file: ../../CESM-OCEAN-MODELS/4/log_normalized/sz_1E-8/ADVS_SUBM_1_384_320.dat.sz.out
  ✓ Compression and decompression successful (ratio: 32.54x)

[4/54] Processing: ADVT_1_384_320.dat
compression time = 0.021990
compressed data file: ../../CESM-OCEAN-MODELS/4/log_normalized/ADVT_1_384_320.dat.sz
Min=0, Max=1, range=1
Max absolute error = 0.0000000099
Max relative error = 0.000000
Max pw relative error = 0.000010
PSNR = 166.697901, NRMSE= 4.6249275211042437126E-09
normError = 0.000002, normErr_norm = 0.000000
acEff=1.000000
compressionRatio=1.702688
decompression time = 0.016269 seconds.
decompressed data file: ../../CESM-OCEAN-MODELS/4/log_normalized/sz_1E-8/ADVT_1_384_320.dat.sz.out
  ✓ Compression and decompression successful (ratio: 1.70x)

[5/54] Processing: ADVT_ISOP_1_384_320.dat
compression time = 0.019918
compressed data file: ../../CESM-OCEAN-MODELS/4/log_normalized/ADVT_ISOP_1_384_320.dat.sz
Min=0, Max=1, range=1
Max absolute error = 0.0000000100
Max relative error = 0.000000
Max pw relative error = 0.000018
PSNR = 166.701703, NRMSE= 4.6229036823251654988E-09
normError = 0.000002, normErr_norm = 0.000000
acEff=1.000000
compressionRatio=1.975031
decompression time = 0.012894 seconds.
decompressed data file: ../../CESM-OCEAN-MODELS/4/log_normalized/sz_1E-8/ADVT_ISOP_1_384_320.dat.sz.out
  ✓ Compression and decompression successful (ratio: 1.97x)

[6/54] Processing: ADVT_SUBM_1_384_320.dat
compression time = 0.016412
compressed data file: ../../CESM-OCEAN-MODELS/4/log_normalized/ADVT_SUBM_1_384_320.dat.sz
Min=0, Max=1, range=1
Max absolute error = 0.0000000100
Max relative error = 0.000000
Max pw relative error = 0.000037
PSNR = 166.595518, NRMSE= 4.6797654630978889E-09
normError = 0.000002, normErr_norm = 0.000000
acEff=1.000000
compressionRatio=4.255842
decompression time = 0.009453 seconds.
decompressed data file: ../../CESM-OCEAN-MODELS/4/log_normalized/sz_1E-8/ADVT_SUBM_1_384_320.dat.sz.out
  ✓ Compression and decompression successful (ratio: 4.25x)

[7/54] Processing: BSF_1_384_320.dat
compression time = 0.030229
compressed data file: ../../CESM-OCEAN-MODELS/4/log_normalized/BSF_1_384_320.dat.sz
Min=0, Max=1, range=1
Max absolute error = 0.0000000000
Max relative error = 0.000000
Max pw relative error = 0.000000
PSNR = inf, NRMSE= 0
normError = 0.000000, normErr_norm = 0.000000
acEff=1.000000
compressionRatio=1.764738
decompression time = 0.001769 seconds.
decompressed data file: ../../CESM-OCEAN-MODELS/4/log_normalized/sz_1E-8/BSF_1_384_320.dat.sz.out
  ✓ Compression and decompression successful (ratio: 1.76x)

[8/54] Processing: DIA_DEPTH_1_384_320.dat
compression time = 0.030873
compressed data file: ../../CESM-OCEAN-MODELS/4/log_normalized/DIA_DEPTH_1_384_320.dat.sz
Min=0, Max=1, range=1
Max absolute error = 0.0000000000
Max relative error = 0.000000
Max pw relative error = 0.000000
PSNR = inf, NRMSE= 0
normError = 0.000000, normErr_norm = 0.000000
acEff=1.000000
compressionRatio=1.687738
decompression time = 0.001976 seconds.
decompressed data file: ../../CESM-OCEAN-MODELS/4/log_normalized/sz_1E-8/DIA_DEPTH_1_384_320.dat.sz.out
  ✓ Compression and decompression successful (ratio: 1.68x)

[9/54] Processing: dTEMP_NEG_2D_1_384_320.dat
compression time = 0.027988
compressed data file: ../../CESM-OCEAN-MODELS/4/log_normalized/dTEMP_NEG_2D_1_384_320.dat.sz
Min=0, Max=1, range=1
Max absolute error = 0.0000000000
Max relative error = 0.000000
Max pw relative error = 0.000000
PSNR = inf, NRMSE= 0
normError = 0.000000, normErr_norm = 0.000000
acEff=1.000000
compressionRatio=1.827062
decompression time = 0.001988 seconds.
decompressed data file: ../../CESM-OCEAN-MODELS/4/log_normalized/sz_1E-8/dTEMP_NEG_2D_1_384_320.dat.sz.out
  ✓ Compression and decompression successful (ratio: 1.82x)

[10/54] Processing: dTEMP_POS_2D_1_384_320.dat
compression time = 0.028889
compressed data file: ../../CESM-OCEAN-MODELS/4/log_normalized/dTEMP_POS_2D_1_384_320.dat.sz
Min=0, Max=1, range=1
Max absolute error = 0.0000000000
Max relative error = 0.000000
Max pw relative error = 0.000000
PSNR = inf, NRMSE= 0
normError = 0.000000, normErr_norm = 0.000000
acEff=1.000000
compressionRatio=1.571933
decompression time = 0.002032 seconds.
decompressed data file: ../../CESM-OCEAN-MODELS/4/log_normalized/sz_1E-8/dTEMP_POS_2D_1_384_320.dat.sz.out
  ✓ Compression and decompression successful (ratio: 1.57x)

[11/54] Processing: EVAP_F_1_384_320.dat
compression time = 0.015297
compressed data file: ../../CESM-OCEAN-MODELS/4/log_normalized/EVAP_F_1_384_320.dat.sz
Min=0, Max=1, range=1
Max absolute error = 0.0000000100
Max relative error = 0.000000
Max pw relative error = 0.307417
PSNR = 166.619649, NRMSE= 4.6667822922337300592E-09
normError = 0.000002, normErr_norm = 0.000000
acEff=1.000000
compressionRatio=8.056648
decompression time = 0.008772 seconds.
decompressed data file: ../../CESM-OCEAN-MODELS/4/log_normalized/sz_1E-8/EVAP_F_1_384_320.dat.sz.out
  ✓ Compression and decompression successful (ratio: 8.05x)

[12/54] Processing: FW_1_384_320.dat
compression time = 0.013310
compressed data file: ../../CESM-OCEAN-MODELS/4/log_normalized/FW_1_384_320.dat.sz
Min=0, Max=1, range=1
Max absolute error = 0.0000000091
Max relative error = 0.000000
Max pw relative error = 0.000000
PSNR = 189.366261, NRMSE= 3.4016290401418941822E-10
normError = 0.000000, normErr_norm = 0.000000
acEff=1.000000
compressionRatio=55.146415
decompression time = 0.005955 seconds.
decompressed data file: ../../CESM-OCEAN-MODELS/4/log_normalized/sz_1E-8/FW_1_384_320.dat.sz.out
  ✓ Compression and decompression successful (ratio: 55.14x)

[13/54] Processing: HBLT_1_384_320.dat
compression time = 0.031048
compressed data file: ../../CESM-OCEAN-MODELS/4/log_normalized/HBLT_1_384_320.dat.sz
Min=0, Max=1, range=1
Max absolute error = 0.0000000000
Max relative error = 0.000000
Max pw relative error = 0.000000
PSNR = inf, NRMSE= 0
normError = 0.000000, normErr_norm = 0.000000
acEff=1.000000
compressionRatio=1.686817
decompression time = 0.001866 seconds.
decompressed data file: ../../CESM-OCEAN-MODELS/4/log_normalized/sz_1E-8/HBLT_1_384_320.dat.sz.out
  ✓ Compression and decompression successful (ratio: 1.68x)

[14/54] Processing: HDIFS_1_384_320.dat
compression time = 0.012424
compressed data file: ../../CESM-OCEAN-MODELS/4/log_normalized/HDIFS_1_384_320.dat.sz
Min=0, Max=1, range=1
Max absolute error = 0.0000000100
Max relative error = 0.000000
Max pw relative error = 0.104036
PSNR = 168.428591, NRMSE= 3.7894001577713711716E-09
normError = 0.000001, normErr_norm = 0.000000
acEff=1.000000
compressionRatio=17.700313
decompression time = 0.007217 seconds.
decompressed data file: ../../CESM-OCEAN-MODELS/4/log_normalized/sz_1E-8/HDIFS_1_384_320.dat.sz.out
  ✓ Compression and decompression successful (ratio: 17.70x)

[15/54] Processing: HDIFT_1_384_320.dat
compression time = 0.020209
compressed data file: ../../CESM-OCEAN-MODELS/4/log_normalized/HDIFT_1_384_320.dat.sz
Min=0, Max=1, range=1
Max absolute error = 0.0000000099
Max relative error = 0.000000
Max pw relative error = 0.000011
PSNR = 166.718142, NRMSE= 4.6141627406960045765E-09
normError = 0.000002, normErr_norm = 0.000000
acEff=1.000000
compressionRatio=1.885241
decompression time = 0.012725 seconds.
decompressed data file: ../../CESM-OCEAN-MODELS/4/log_normalized/sz_1E-8/HDIFT_1_384_320.dat.sz.out
  ✓ Compression and decompression successful (ratio: 1.88x)

[16/54] Processing: HLS_SUBM_1_384_320.dat
compression time = 0.020081
compressed data file: ../../CESM-OCEAN-MODELS/4/log_normalized/HLS_SUBM_1_384_320.dat.sz
Min=0, Max=1, range=1
Max absolute error = 0.0000000100
Max relative error = 0.000000
Max pw relative error = 0.000000
PSNR = 184.950170, NRMSE= 5.6557670246181089969E-10
normError = 0.000000, normErr_norm = 0.000000
acEff=1.000000
compressionRatio=2.633957
decompression time = 0.007893 seconds.
decompressed data file: ../../CESM-OCEAN-MODELS/4/log_normalized/sz_1E-8/HLS_SUBM_1_384_320.dat.sz.out
  ✓ Compression and decompression successful (ratio: 2.63x)

[17/54] Processing: HMXL_1_384_320.dat
compression time = 0.030617
compressed data file: ../../CESM-OCEAN-MODELS/4/log_normalized/HMXL_1_384_320.dat.sz
Min=0, Max=1, range=1
Max absolute error = 0.0000000000
Max relative error = 0.000000
Max pw relative error = 0.000000
PSNR = inf, NRMSE= 0
normError = 0.000000, normErr_norm = 0.000000
acEff=1.000000
compressionRatio=1.687402
decompression time = 0.002619 seconds.
decompressed data file: ../../CESM-OCEAN-MODELS/4/log_normalized/sz_1E-8/HMXL_1_384_320.dat.sz.out
  ✓ Compression and decompression successful (ratio: 1.68x)

[18/54] Processing: IFRAC_1_384_320.dat
compression time = 0.017905
compressed data file: ../../CESM-OCEAN-MODELS/4/log_normalized/IFRAC_1_384_320.dat.sz
Min=0, Max=1, range=1
Max absolute error = 0.0000000100
Max relative error = 0.000000
Max pw relative error = 7.137596
PSNR = 172.192448, NRMSE= 2.456844222341623149E-09
normError = 0.000001, normErr_norm = 0.000000
acEff=1.000000
compressionRatio=4.017721
decompression time = 0.008241 seconds.
decompressed data file: ../../CESM-OCEAN-MODELS/4/log_normalized/sz_1E-8/IFRAC_1_384_320.dat.sz.out
  ✓ Compression and decompression successful (ratio: 4.01x)

[19/54] Processing: INT_DEPTH_1_384_320.dat
compression time = 0.031042
compressed data file: ../../CESM-OCEAN-MODELS/4/log_normalized/INT_DEPTH_1_384_320.dat.sz
Min=0, Max=1, range=1
Max absolute error = 0.0000000000
Max relative error = 0.000000
Max pw relative error = 0.000000
PSNR = inf, NRMSE= 0
normError = 0.000000, normErr_norm = 0.000000
acEff=1.000000
compressionRatio=1.740997
decompression time = 0.002036 seconds.
decompressed data file: ../../CESM-OCEAN-MODELS/4/log_normalized/sz_1E-8/INT_DEPTH_1_384_320.dat.sz.out
  ✓ Compression and decompression successful (ratio: 1.74x)

[20/54] Processing: IOFF_F_1_384_320.dat
compression time = 0.013221
compressed data file: ../../CESM-OCEAN-MODELS/4/log_normalized/IOFF_F_1_384_320.dat.sz
Min=0, Max=1, range=1
Max absolute error = 0.0000000100
Max relative error = 0.000000
Max pw relative error = 6.124949
PSNR = 176.256161, NRMSE= 1.5388345729335371457E-09
normError = 0.000001, normErr_norm = 0.000000
acEff=1.000000
compressionRatio=37.652827
decompression time = 0.006821 seconds.
decompressed data file: ../../CESM-OCEAN-MODELS/4/log_normalized/sz_1E-8/IOFF_F_1_384_320.dat.sz.out
  ✓ Compression and decompression successful (ratio: 37.65x)

[21/54] Processing: LWDN_F_1_384_320.dat
compression time = 0.024407
compressed data file: ../../CESM-OCEAN-MODELS/4/log_normalized/LWDN_F_1_384_320.dat.sz
Min=0, Max=1, range=1
Max absolute error = 0.0000000000
Max relative error = 0.000000
Max pw relative error = 0.000000
PSNR = inf, NRMSE= 0
normError = 0.000000, normErr_norm = 0.000000
acEff=1.000000
compressionRatio=2.018496
decompression time = 0.001817 seconds.
decompressed data file: ../../CESM-OCEAN-MODELS/4/log_normalized/sz_1E-8/LWDN_F_1_384_320.dat.sz.out
  ✓ Compression and decompression successful (ratio: 2.01x)

[22/54] Processing: LWUP_F_1_384_320.dat
compression time = 0.033713
compressed data file: ../../CESM-OCEAN-MODELS/4/log_normalized/LWUP_F_1_384_320.dat.sz
Min=0, Max=1, range=1
Max absolute error = 0.0000000000
Max relative error = 0.000000
Max pw relative error = 0.000000
PSNR = inf, NRMSE= 0
normError = 0.000000, normErr_norm = 0.000000
acEff=1.000000
compressionRatio=1.652757
decompression time = 0.001877 seconds.
decompressed data file: ../../CESM-OCEAN-MODELS/4/log_normalized/sz_1E-8/LWUP_F_1_384_320.dat.sz.out
  ✓ Compression and decompression successful (ratio: 1.65x)

[23/54] Processing: MELT_F_1_384_320.dat
compression time = 0.016343
compressed data file: ../../CESM-OCEAN-MODELS/4/log_normalized/MELT_F_1_384_320.dat.sz
Min=0, Max=1, range=1
Max absolute error = 0.0000000100
Max relative error = 0.000000
Max pw relative error = 0.729263
PSNR = 172.428304, NRMSE= 2.3910288419289272506E-09
normError = 0.000001, normErr_norm = 0.000000
acEff=1.000000
compressionRatio=16.899433
decompression time = 0.006920 seconds.
decompressed data file: ../../CESM-OCEAN-MODELS/4/log_normalized/sz_1E-8/MELT_F_1_384_320.dat.sz.out
  ✓ Compression and decompression successful (ratio: 16.89x)

[24/54] Processing: MELTH_F_1_384_320.dat
compression time = 0.018051
compressed data file: ../../CESM-OCEAN-MODELS/4/log_normalized/MELTH_F_1_384_320.dat.sz
Min=0, Max=1, range=1
Max absolute error = 0.0000000075
Max relative error = 0.000000
Max pw relative error = 0.000000
PSNR = 168.906830, NRMSE= 3.5863981615152133316E-09
normError = 0.000001, normErr_norm = 0.000000
acEff=1.000000
compressionRatio=3.939819
decompression time = 0.008311 seconds.
decompressed data file: ../../CESM-OCEAN-MODELS/4/log_normalized/sz_1E-8/MELTH_F_1_384_320.dat.sz.out
  ✓ Compression and decompression successful (ratio: 3.93x)

[25/54] Processing: PREC_F_1_384_320.dat
compression time = 0.015230
compressed data file: ../../CESM-OCEAN-MODELS/4/log_normalized/PREC_F_1_384_320.dat.sz
Min=0, Max=1, range=1
Max absolute error = 0.0000000100
Max relative error = 0.000000
Max pw relative error = 7.127502
PSNR = 166.667421, NRMSE= 4.6411859630969563252E-09
normError = 0.000002, normErr_norm = 0.000000
acEff=1.000000
compressionRatio=6.542434
decompression time = 0.008062 seconds.
decompressed data file: ../../CESM-OCEAN-MODELS/4/log_normalized/sz_1E-8/PREC_F_1_384_320.dat.sz.out
  ✓ Compression and decompression successful (ratio: 6.54x)

[26/54] Processing: QFLUX_1_384_320.dat
compression time = 0.014383
compressed data file: ../../CESM-OCEAN-MODELS/4/log_normalized/QFLUX_1_384_320.dat.sz
Min=0, Max=1, range=1
Max absolute error = 0.0000000100
Max relative error = 0.000000
Max pw relative error = 0.106688
PSNR = 182.335856, NRMSE= 7.642003160007588443E-10
normError = 0.000000, normErr_norm = 0.000000
acEff=1.000000
compressionRatio=9.481664
decompression time = 0.006777 seconds.
decompressed data file: ../../CESM-OCEAN-MODELS/4/log_normalized/sz_1E-8/QFLUX_1_384_320.dat.sz.out
  ✓ Compression and decompression successful (ratio: 9.48x)

[27/54] Processing: QSW_HBL_1_384_320.dat
compression time = 0.030476
compressed data file: ../../CESM-OCEAN-MODELS/4/log_normalized/QSW_HBL_1_384_320.dat.sz
Min=0, Max=1, range=1
Max absolute error = 0.0000000000
Max relative error = 0.000000
Max pw relative error = 0.000000
PSNR = inf, NRMSE= 0
normError = 0.000000, normErr_norm = 0.000000
acEff=1.000000
compressionRatio=1.829865
decompression time = 0.001973 seconds.
decompressed data file: ../../CESM-OCEAN-MODELS/4/log_normalized/sz_1E-8/QSW_HBL_1_384_320.dat.sz.out
  ✓ Compression and decompression successful (ratio: 1.82x)

[28/54] Processing: QSW_HTP_1_384_320.dat
compression time = 0.029488
compressed data file: ../../CESM-OCEAN-MODELS/4/log_normalized/QSW_HTP_1_384_320.dat.sz
Min=0, Max=1, range=1
Max absolute error = 0.0000000000
Max relative error = 0.000000
Max pw relative error = 0.000000
PSNR = inf, NRMSE= 0
normError = 0.000000, normErr_norm = 0.000000
acEff=1.000000
compressionRatio=1.822571
decompression time = 0.001708 seconds.
decompressed data file: ../../CESM-OCEAN-MODELS/4/log_normalized/sz_1E-8/QSW_HTP_1_384_320.dat.sz.out
  ✓ Compression and decompression successful (ratio: 1.82x)

[29/54] Processing: RESID_S_1_384_320.dat
compression time = 0.013648
compressed data file: ../../CESM-OCEAN-MODELS/4/log_normalized/RESID_S_1_384_320.dat.sz
Min=0, Max=1, range=1
Max absolute error = 0.0000000091
Max relative error = 0.000000
Max pw relative error = 0.000000
PSNR = 189.366261, NRMSE= 3.4016290401418941822E-10
normError = 0.000000, normErr_norm = 0.000000
acEff=1.000000
compressionRatio=55.146415
decompression time = 0.006345 seconds.
decompressed data file: ../../CESM-OCEAN-MODELS/4/log_normalized/sz_1E-8/RESID_S_1_384_320.dat.sz.out
  ✓ Compression and decompression successful (ratio: 55.14x)

[30/54] Processing: RESID_T_1_384_320.dat
compression time = 0.012138
compressed data file: ../../CESM-OCEAN-MODELS/4/log_normalized/RESID_T_1_384_320.dat.sz
Min=0, Max=1, range=1
Max absolute error = 0.0000000091
Max relative error = 0.000000
Max pw relative error = 0.000000
PSNR = 189.366261, NRMSE= 3.4016290401418941822E-10
normError = 0.000000, normErr_norm = 0.000000
acEff=1.000000
compressionRatio=55.146415
decompression time = 0.006986 seconds.
decompressed data file: ../../CESM-OCEAN-MODELS/4/log_normalized/sz_1E-8/RESID_T_1_384_320.dat.sz.out
  ✓ Compression and decompression successful (ratio: 55.14x)

[31/54] Processing: RHO_VINT_1_384_320.dat
compression time = 0.022266
compressed data file: ../../CESM-OCEAN-MODELS/4/log_normalized/RHO_VINT_1_384_320.dat.sz
Min=0, Max=1, range=1
Max absolute error = 0.0000000000
Max relative error = 0.000000
Max pw relative error = 0.000000
PSNR = inf, NRMSE= 0
normError = 0.000000, normErr_norm = 0.000000
acEff=1.000000
compressionRatio=2.115120
decompression time = 0.001944 seconds.
decompressed data file: ../../CESM-OCEAN-MODELS/4/log_normalized/sz_1E-8/RHO_VINT_1_384_320.dat.sz.out
  ✓ Compression and decompression successful (ratio: 2.11x)

[32/54] Processing: ROFF_F_1_384_320.dat
compression time = 0.013574
compressed data file: ../../CESM-OCEAN-MODELS/4/log_normalized/ROFF_F_1_384_320.dat.sz
Min=0, Max=1, range=1
Max absolute error = 0.0000000100
Max relative error = 0.000000
Max pw relative error = 5.421998
PSNR = 167.924138, NRMSE= 4.0159942911988173388E-09
normError = 0.000001, normErr_norm = 0.000000
acEff=1.000000
compressionRatio=11.657338
decompression time = 0.007333 seconds.
decompressed data file: ../../CESM-OCEAN-MODELS/4/log_normalized/sz_1E-8/ROFF_F_1_384_320.dat.sz.out
  ✓ Compression and decompression successful (ratio: 11.65x)

[33/54] Processing: SALT_F_1_384_320.dat
compression time = 0.011162
compressed data file: ../../CESM-OCEAN-MODELS/4/log_normalized/SALT_F_1_384_320.dat.sz
Min=0, Max=1, range=1
Max absolute error = 0.0000000100
Max relative error = 0.000000
Max pw relative error = 4.999997
PSNR = 164.726833, NRMSE= 5.8030772123448125664E-09
normError = 0.000002, normErr_norm = 0.000000
acEff=1.000000
compressionRatio=41.314617
decompression time = 0.005886 seconds.
decompressed data file: ../../CESM-OCEAN-MODELS/4/log_normalized/sz_1E-8/SALT_F_1_384_320.dat.sz.out
  ✓ Compression and decompression successful (ratio: 41.31x)

[34/54] Processing: SENH_F_1_384_320.dat
compression time = 0.024664
compressed data file: ../../CESM-OCEAN-MODELS/4/log_normalized/SENH_F_1_384_320.dat.sz
Min=0, Max=1, range=1
Max absolute error = 0.0000000000
Max relative error = 0.000000
Max pw relative error = 0.000000
PSNR = inf, NRMSE= 0
normError = 0.000000, normErr_norm = 0.000000
acEff=1.000000
compressionRatio=1.949896
decompression time = 0.002243 seconds.
decompressed data file: ../../CESM-OCEAN-MODELS/4/log_normalized/sz_1E-8/SENH_F_1_384_320.dat.sz.out
  ✓ Compression and decompression successful (ratio: 1.94x)

[35/54] Processing: SFWF_1_384_320.dat
compression time = 0.012889
compressed data file: ../../CESM-OCEAN-MODELS/4/log_normalized/SFWF_1_384_320.dat.sz
Min=0, Max=1, range=1
Max absolute error = 0.0000000100
Max relative error = 0.000000
Max pw relative error = 0.016561
PSNR = 166.651364, NRMSE= 4.6497735567050971523E-09
normError = 0.000002, normErr_norm = 0.000000
acEff=1.000000
compressionRatio=5.533889
decompression time = 0.007339 seconds.
decompressed data file: ../../CESM-OCEAN-MODELS/4/log_normalized/sz_1E-8/SFWF_1_384_320.dat.sz.out
  ✓ Compression and decompression successful (ratio: 5.53x)

[36/54] Processing: SFWF_WRST_1_384_320.dat
compression time = 0.009758
compressed data file: ../../CESM-OCEAN-MODELS/4/log_normalized/SFWF_WRST_1_384_320.dat.sz
Min=0, Max=1, range=1
Max absolute error = 0.0000000091
Max relative error = 0.000000
Max pw relative error = 0.000000
PSNR = 189.366261, NRMSE= 3.4016290401418941822E-10
normError = 0.000000, normErr_norm = 0.000000
acEff=1.000000
compressionRatio=55.146415
decompression time = 0.009261 seconds.
decompressed data file: ../../CESM-OCEAN-MODELS/4/log_normalized/sz_1E-8/SFWF_WRST_1_384_320.dat.sz.out
  ✓ Compression and decompression successful (ratio: 55.14x)

[37/54] Processing: SHF_1_384_320.dat
compression time = 0.032645
compressed data file: ../../CESM-OCEAN-MODELS/4/log_normalized/SHF_1_384_320.dat.sz
Min=0, Max=1, range=1
Max absolute error = 0.0000000000
Max relative error = 0.000000
Max pw relative error = 0.000000
PSNR = inf, NRMSE= 0
normError = 0.000000, normErr_norm = 0.000000
acEff=1.000000
compressionRatio=1.840037
decompression time = 0.001825 seconds.
decompressed data file: ../../CESM-OCEAN-MODELS/4/log_normalized/sz_1E-8/SHF_1_384_320.dat.sz.out
  ✓ Compression and decompression successful (ratio: 1.84x)

[38/54] Processing: SHF_QSW_1_384_320.dat
compression time = 0.030598
compressed data file: ../../CESM-OCEAN-MODELS/4/log_normalized/SHF_QSW_1_384_320.dat.sz
Min=0, Max=1, range=1
Max absolute error = 0.0000000000
Max relative error = 0.000000
Max pw relative error = 0.000000
PSNR = inf, NRMSE= 0
normError = 0.000000, normErr_norm = 0.000000
acEff=1.000000
compressionRatio=1.839576
decompression time = 0.001711 seconds.
decompressed data file: ../../CESM-OCEAN-MODELS/4/log_normalized/sz_1E-8/SHF_QSW_1_384_320.dat.sz.out
  ✓ Compression and decompression successful (ratio: 1.83x)

[39/54] Processing: SNOW_F_1_384_320.dat
compression time = 0.012617
compressed data file: ../../CESM-OCEAN-MODELS/4/log_normalized/SNOW_F_1_384_320.dat.sz
Min=0, Max=1, range=1
Max absolute error = 0.0000000100
Max relative error = 0.000000
Max pw relative error = 7.113078
PSNR = 172.303941, NRMSE= 2.4255093165568153115E-09
normError = 0.000001, normErr_norm = 0.000000
acEff=1.000000
compressionRatio=26.010478
decompression time = 0.005894 seconds.
decompressed data file: ../../CESM-OCEAN-MODELS/4/log_normalized/sz_1E-8/SNOW_F_1_384_320.dat.sz.out
  ✓ Compression and decompression successful (ratio: 26.01x)

[40/54] Processing: SSH_1_384_320.dat
compression time = 0.029228
compressed data file: ../../CESM-OCEAN-MODELS/4/log_normalized/SSH_1_384_320.dat.sz
Min=0, Max=1, range=1
Max absolute error = 0.0000000000
Max relative error = 0.000000
Max pw relative error = 0.000000
PSNR = inf, NRMSE= 0
normError = 0.000000, normErr_norm = 0.000000
acEff=1.000000
compressionRatio=1.733029
decompression time = 0.001805 seconds.
decompressed data file: ../../CESM-OCEAN-MODELS/4/log_normalized/sz_1E-8/SSH_1_384_320.dat.sz.out
  ✓ Compression and decompression successful (ratio: 1.73x)

[41/54] Processing: SSH2_1_384_320.dat
compression time = 0.026238
compressed data file: ../../CESM-OCEAN-MODELS/4/log_normalized/SSH2_1_384_320.dat.sz
Min=0, Max=1, range=1
Max absolute error = 0.0000000000
Max relative error = 0.000000
Max pw relative error = 0.000000
PSNR = inf, NRMSE= 0
normError = 0.000000, normErr_norm = 0.000000
acEff=1.000000
compressionRatio=1.633147
decompression time = 0.001721 seconds.
decompressed data file: ../../CESM-OCEAN-MODELS/4/log_normalized/sz_1E-8/SSH2_1_384_320.dat.sz.out
  ✓ Compression and decompression successful (ratio: 1.63x)

[42/54] Processing: SU_1_384_320.dat
compression time = 0.028434
compressed data file: ../../CESM-OCEAN-MODELS/4/log_normalized/SU_1_384_320.dat.sz
Min=0, Max=1, range=1
Max absolute error = 0.0000000000
Max relative error = 0.000000
Max pw relative error = 0.000000
PSNR = inf, NRMSE= 0
normError = 0.000000, normErr_norm = 0.000000
acEff=1.000000
compressionRatio=1.945905
decompression time = 0.001851 seconds.
decompressed data file: ../../CESM-OCEAN-MODELS/4/log_normalized/sz_1E-8/SU_1_384_320.dat.sz.out
  ✓ Compression and decompression successful (ratio: 1.94x)

[43/54] Processing: SV_1_384_320.dat
compression time = 0.029393
compressed data file: ../../CESM-OCEAN-MODELS/4/log_normalized/SV_1_384_320.dat.sz
Min=0, Max=1, range=1
Max absolute error = 0.0000000000
Max relative error = 0.000000
Max pw relative error = 0.000000
PSNR = inf, NRMSE= 0
normError = 0.000000, normErr_norm = 0.000000
acEff=1.000000
compressionRatio=2.171946
decompression time = 0.001917 seconds.
decompressed data file: ../../CESM-OCEAN-MODELS/4/log_normalized/sz_1E-8/SV_1_384_320.dat.sz.out
  ✓ Compression and decompression successful (ratio: 2.17x)

[44/54] Processing: TAUX_1_384_320.dat
compression time = 0.026191
compressed data file: ../../CESM-OCEAN-MODELS/4/log_normalized/TAUX_1_384_320.dat.sz
Min=0, Max=1, range=1
Max absolute error = 0.0000000000
Max relative error = 0.000000
Max pw relative error = 0.000000
PSNR = inf, NRMSE= 0
normError = 0.000000, normErr_norm = 0.000000
acEff=1.000000
compressionRatio=1.659727
decompression time = 0.001836 seconds.
decompressed data file: ../../CESM-OCEAN-MODELS/4/log_normalized/sz_1E-8/TAUX_1_384_320.dat.sz.out
  ✓ Compression and decompression successful (ratio: 1.65x)

[45/54] Processing: TAUX2_1_384_320.dat
compression time = 0.030210
compressed data file: ../../CESM-OCEAN-MODELS/4/log_normalized/TAUX2_1_384_320.dat.sz
Min=0, Max=1, range=1
Max absolute error = 0.0000000000
Max relative error = 0.000000
Max pw relative error = 0.000000
PSNR = inf, NRMSE= 0
normError = 0.000000, normErr_norm = 0.000000
acEff=1.000000
compressionRatio=1.499474
decompression time = 0.002022 seconds.
decompressed data file: ../../CESM-OCEAN-MODELS/4/log_normalized/sz_1E-8/TAUX2_1_384_320.dat.sz.out
  ✓ Compression and decompression successful (ratio: 1.49x)

[46/54] Processing: TAUY_1_384_320.dat
compression time = 0.027405
compressed data file: ../../CESM-OCEAN-MODELS/4/log_normalized/TAUY_1_384_320.dat.sz
Min=0, Max=1, range=1
Max absolute error = 0.0000000000
Max relative error = 0.000000
Max pw relative error = 0.000000
PSNR = inf, NRMSE= 0
normError = 0.000000, normErr_norm = 0.000000
acEff=1.000000
compressionRatio=1.677829
decompression time = 0.001786 seconds.
decompressed data file: ../../CESM-OCEAN-MODELS/4/log_normalized/sz_1E-8/TAUY_1_384_320.dat.sz.out
  ✓ Compression and decompression successful (ratio: 1.67x)

[47/54] Processing: TAUY2_1_384_320.dat
compression time = 0.031025
compressed data file: ../../CESM-OCEAN-MODELS/4/log_normalized/TAUY2_1_384_320.dat.sz
Min=0, Max=1, range=1
Max absolute error = 0.0000000000
Max relative error = 0.000000
Max pw relative error = 0.000000
PSNR = inf, NRMSE= 0
normError = 0.000000, normErr_norm = 0.000000
acEff=1.000000
compressionRatio=1.494236
decompression time = 0.001981 seconds.
decompressed data file: ../../CESM-OCEAN-MODELS/4/log_normalized/sz_1E-8/TAUY2_1_384_320.dat.sz.out
  ✓ Compression and decompression successful (ratio: 1.49x)

[48/54] Processing: TBLT_1_384_320.dat
compression time = 0.021523
compressed data file: ../../CESM-OCEAN-MODELS/4/log_normalized/TBLT_1_384_320.dat.sz
Min=0, Max=1, range=1
Max absolute error = 0.0000000000
Max relative error = 0.000000
Max pw relative error = 0.000000
PSNR = inf, NRMSE= 0
normError = 0.000000, normErr_norm = 0.000000
acEff=1.000000
compressionRatio=1.662816
decompression time = 0.001793 seconds.
decompressed data file: ../../CESM-OCEAN-MODELS/4/log_normalized/sz_1E-8/TBLT_1_384_320.dat.sz.out
  ✓ Compression and decompression successful (ratio: 1.66x)

[49/54] Processing: TFW_S_1_384_320.dat
compression time = 0.012990
compressed data file: ../../CESM-OCEAN-MODELS/4/log_normalized/TFW_S_1_384_320.dat.sz
Min=0, Max=1, range=1
Max absolute error = 0.0000000091
Max relative error = 0.000000
Max pw relative error = 0.000000
PSNR = 189.366261, NRMSE= 3.4016290401418941822E-10
normError = 0.000000, normErr_norm = 0.000000
acEff=1.000000
compressionRatio=55.146415
decompression time = 0.006288 seconds.
decompressed data file: ../../CESM-OCEAN-MODELS/4/log_normalized/sz_1E-8/TFW_S_1_384_320.dat.sz.out
  ✓ Compression and decompression successful (ratio: 55.14x)

[50/54] Processing: TFW_T_1_384_320.dat
compression time = 0.013307
compressed data file: ../../CESM-OCEAN-MODELS/4/log_normalized/TFW_T_1_384_320.dat.sz
Min=0, Max=1, range=1
Max absolute error = 0.0000000091
Max relative error = 0.000000
Max pw relative error = 0.000000
PSNR = 189.366261, NRMSE= 3.4016290401418941822E-10
normError = 0.000000, normErr_norm = 0.000000
acEff=1.000000
compressionRatio=55.146415
decompression time = 0.006377 seconds.
decompressed data file: ../../CESM-OCEAN-MODELS/4/log_normalized/sz_1E-8/TFW_T_1_384_320.dat.sz.out
  ✓ Compression and decompression successful (ratio: 55.14x)

[51/54] Processing: TLT_1_384_320.dat
compression time = 0.023622
compressed data file: ../../CESM-OCEAN-MODELS/4/log_normalized/TLT_1_384_320.dat.sz
Min=0, Max=1, range=1
Max absolute error = 0.0000000000
Max relative error = 0.000000
Max pw relative error = 0.000000
PSNR = inf, NRMSE= 0
normError = 0.000000, normErr_norm = 0.000000
acEff=1.000000
compressionRatio=1.695820
decompression time = 0.001928 seconds.
decompressed data file: ../../CESM-OCEAN-MODELS/4/log_normalized/sz_1E-8/TLT_1_384_320.dat.sz.out
  ✓ Compression and decompression successful (ratio: 1.69x)

[52/54] Processing: TMXL_1_384_320.dat
compression time = 0.027072
compressed data file: ../../CESM-OCEAN-MODELS/4/log_normalized/TMXL_1_384_320.dat.sz
Min=0, Max=1, range=1
Max absolute error = 0.0000000000
Max relative error = 0.000000
Max pw relative error = 0.000000
PSNR = inf, NRMSE= 0
normError = 0.000000, normErr_norm = 0.000000
acEff=1.000000
compressionRatio=1.828646
decompression time = 0.001744 seconds.
decompressed data file: ../../CESM-OCEAN-MODELS/4/log_normalized/sz_1E-8/TMXL_1_384_320.dat.sz.out
  ✓ Compression and decompression successful (ratio: 1.82x)

[53/54] Processing: XBLT_1_384_320.dat
compression time = 0.030315
compressed data file: ../../CESM-OCEAN-MODELS/4/log_normalized/XBLT_1_384_320.dat.sz
Min=0, Max=1, range=1
Max absolute error = 0.0000000000
Max relative error = 0.000000
Max pw relative error = 0.000000
PSNR = inf, NRMSE= 0
normError = 0.000000, normErr_norm = 0.000000
acEff=1.000000
compressionRatio=1.728854
decompression time = 0.001889 seconds.
decompressed data file: ../../CESM-OCEAN-MODELS/4/log_normalized/sz_1E-8/XBLT_1_384_320.dat.sz.out
  ✓ Compression and decompression successful (ratio: 1.72x)

[54/54] Processing: XMXL_1_384_320.dat
compression time = 0.029418
compressed data file: ../../CESM-OCEAN-MODELS/4/log_normalized/XMXL_1_384_320.dat.sz
Min=0, Max=1, range=1
Max absolute error = 0.0000000000
Max relative error = 0.000000
Max pw relative error = 0.000000
PSNR = inf, NRMSE= 0
normError = 0.000000, normErr_norm = 0.000000
acEff=1.000000
compressionRatio=1.717100
decompression time = 0.001874 seconds.
decompressed data file: ../../CESM-OCEAN-MODELS/4/log_normalized/sz_1E-8/XMXL_1_384_320.dat.sz.out
  ✓ Compression and decompression successful (ratio: 1.71x)

=== Summary ===
Total files processed: 54
Total files skipped: 0
Total files failed: 0

